GPU 0: NVIDIA GB10
 SMs: 48, SharedMem: 100 KB, Blocks/SM: 24, Threads/SM: 1536, L2 size: 24 MB, Bus: 256-bit
Adding bootstrap precomputation to GPU for 32768 slots.
Plaintexts loaded: 248 ~ 6262MB
Rotation keys loaded: 85 ~ 15300MB
setup_seconds=26.6576
planned_logical_refreshes=21
node=1/406 op=public seconds=0.20369 eta_seconds=82.4946 bootstraps=0
node=11/406 op=sum seconds=0.72807 eta_seconds=26.1443 bootstraps=0
node=21/406 op=gather seconds=2.96041 eta_seconds=54.2741 bootstraps=0
node=31/406 op=mulp seconds=3.10527 eta_seconds=37.5637 bootstraps=0
node=41/406 op=mul seconds=5.01491 eta_seconds=44.6449 bootstraps=0
node=51/406 op=cheb_batch seconds=7.18569 eta_seconds=50.018 bootstraps=2
node=61/406 op=repeat seconds=7.57461 eta_seconds=42.84 bootstraps=2
node=71/406 op=repeat seconds=7.99574 eta_seconds=37.7264 bootstraps=2
node=81/406 op=mulp seconds=8.1339 eta_seconds=32.636 bootstraps=2
node=91/406 op=repeat seconds=9.30932 eta_seconds=32.2246 bootstraps=2
node=101/406 op=add seconds=9.71346 eta_seconds=29.3327 bootstraps=2
node=111/406 op=mul seconds=10.4683 eta_seconds=27.8212 bootstraps=2
node=121/406 op=gather seconds=12.3262 eta_seconds=29.0328 bootstraps=4
node=131/406 op=mul seconds=12.7917 eta_seconds=26.8528 bootstraps=4
node=141/406 op=scatter seconds=15.0734 eta_seconds=28.3294 bootstraps=6
node=151/406 op=addp seconds=15.1925 eta_seconds=25.6563 bootstraps=6
node=161/406 op=add seconds=17.143 eta_seconds=26.0872 bootstraps=8
node=171/406 op=cheb seconds=18.8143 eta_seconds=25.856 bootstraps=8
node=181/406 op=repeat seconds=19.0179 eta_seconds=23.641 bootstraps=8
node=191/406 op=gather seconds=19.4983 eta_seconds=21.9484 bootstraps=8
node=201/406 op=scatter seconds=19.7771 eta_seconds=20.1707 bootstraps=8
node=211/406 op=add seconds=21.7594 eta_seconds=20.1094 bootstraps=10
node=221/406 op=gather seconds=24.1454 eta_seconds=20.2122 bootstraps=12
node=231/406 op=mulp seconds=25.1211 eta_seconds=19.0312 bootstraps=12
node=241/406 op=scatter seconds=27.7244 eta_seconds=18.9814 bootstraps=14
node=251/406 op=sum seconds=28.2513 eta_seconds=17.446 bootstraps=14
node=261/406 op=mul seconds=29.8985 eta_seconds=16.6103 bootstraps=16
client_token=6864 logit_margin=5.73051
node=271/406 op=mul seconds=30.5954 eta_seconds=15.2413 bootstraps=16
node=281/406 op=gather seconds=32.1494 eta_seconds=14.3013 bootstraps=16
node=291/406 op=mulp seconds=33.952 eta_seconds=13.4175 bootstraps=16
node=301/406 op=cheb_batch seconds=35.144 eta_seconds=12.2595 bootstraps=16
node=311/406 op=cheb seconds=35.6287 eta_seconds=10.8834 bootstraps=16
node=321/406 op=mul seconds=36.0687 eta_seconds=9.55089 bootstraps=16
node=331/406 op=gather seconds=38.0038 eta_seconds=8.61113 bootstraps=18
node=341/406 op=mul seconds=38.5761 eta_seconds=7.35321 bootstraps=18
node=351/406 op=mulp seconds=39.0803 eta_seconds=6.1237 bootstraps=18
node=361/406 op=sum seconds=39.2277 eta_seconds=4.88988 bootstraps=18
node=371/406 op=add seconds=41.0504 eta_seconds=3.87268 bootstraps=20
node=381/406 op=add seconds=41.7278 eta_seconds=2.73805 bootstraps=20
node=391/406 op=linear_ref seconds=45.1469 eta_seconds=1.73198 bootstraps=24
node=401/406 op=mulp seconds=45.7389 eta_seconds=0.570311 bootstraps=24
node=406/406 op=mulp seconds=47.2211 eta_seconds=0 bootstraps=26
client_token=6864 logit_margin=5.21146
passed=1 polynomial_error=4.13979e-05 exact_error=4.21286e-05 eval_seconds=47.2234
