GPU 0: NVIDIA GB10
 SMs: 48, SharedMem: 100 KB, Blocks/SM: 24, Threads/SM: 1536, L2 size: 24 MB, Bus: 256-bit
Adding bootstrap precomputation to GPU for 32768 slots.
Plaintexts loaded: 248 ~ 4960MB
Rotation keys loaded: 85 ~ 15300MB
setup_seconds=31.7917
planned_logical_refreshes=1212
node=10/7814 op=public seconds=0.626125 eta_seconds=488.628 bootstraps=0
node=20/7814 op=repeat seconds=1.10146 eta_seconds=429.239 bootstraps=0
node=30/7814 op=gather seconds=1.84285 eta_seconds=478.158 bootstraps=0
node=40/7814 op=cheb seconds=2.26675 eta_seconds=440.543 bootstraps=0
node=50/7814 op=mul seconds=2.44038 eta_seconds=378.943 bootstraps=0
node=60/7814 op=repeat seconds=2.58863 eta_seconds=334.538 bootstraps=0
node=70/7814 op=add seconds=2.70322 eta_seconds=299.053 bootstraps=0
node=80/7814 op=mulp seconds=2.95752 eta_seconds=285.919 bootstraps=0
node=90/7814 op=mul seconds=3.10432 eta_seconds=266.42 bootstraps=0
node=100/7814 op=repeat seconds=3.44739 eta_seconds=265.932 bootstraps=0
node=110/7814 op=gather seconds=4.18513 eta_seconds=293.111 bootstraps=0
node=120/7814 op=repeat seconds=5.03452 eta_seconds=322.796 bootstraps=0
node=130/7814 op=cheb seconds=5.24753 eta_seconds=310.169 bootstraps=0
node=140/7814 op=mul seconds=5.38855 eta_seconds=295.37 bootstraps=0
node=150/7814 op=mulp seconds=5.52467 eta_seconds=282.274 bootstraps=0
node=160/7814 op=gather seconds=5.72475 eta_seconds=273.858 bootstraps=0
node=170/7814 op=scatter seconds=5.84592 eta_seconds=262.86 bootstraps=0
node=180/7814 op=add seconds=5.93643 eta_seconds=251.771 bootstraps=0
node=190/7814 op=repeat seconds=7.1693 eta_seconds=287.678 bootstraps=2
node=200/7814 op=mul seconds=7.28407 eta_seconds=277.305 bootstraps=2
node=210/7814 op=mul seconds=7.39211 eta_seconds=267.665 bootstraps=2
node=220/7814 op=mul seconds=8.74789 eta_seconds=301.961 bootstraps=4
node=230/7814 op=mulp seconds=9.51895 eta_seconds=313.877 bootstraps=4
node=240/7814 op=mul seconds=10.8276 eta_seconds=341.701 bootstraps=6
node=250/7814 op=linear_ref seconds=11.5687 eta_seconds=350.024 bootstraps=6
node=260/7814 op=mulp seconds=12.5085 eta_seconds=363.419 bootstraps=8
node=270/7814 op=mul seconds=12.8849 eta_seconds=360.013 bootstraps=8
node=280/7814 op=repeat seconds=13.0073 eta_seconds=349.99 bootstraps=8
node=290/7814 op=gather seconds=13.3844 eta_seconds=347.255 bootstraps=8
node=300/7814 op=addp seconds=13.4085 eta_seconds=335.839 bootstraps=8
node=310/7814 op=cheb seconds=14.7898 eta_seconds=358.01 bootstraps=10
node=320/7814 op=repeat seconds=14.9732 eta_seconds=350.654 bootstraps=10
node=330/7814 op=mul seconds=15.0861 eta_seconds=342.136 bootstraps=10
node=340/7814 op=add seconds=15.2618 eta_seconds=335.491 bootstraps=10
node=350/7814 op=mulp seconds=15.6582 eta_seconds=333.923 bootstraps=10
node=360/7814 op=add seconds=16.9326 eta_seconds=350.598 bootstraps=12
node=370/7814 op=linear seconds=17.3752 eta_seconds=349.571 bootstraps=12
node=380/7814 op=cheb seconds=17.4957 eta_seconds=342.272 bootstraps=12
node=390/7814 op=mul seconds=17.7111 eta_seconds=337.146 bootstraps=12
node=400/7814 op=gather seconds=17.8523 eta_seconds=330.892 bootstraps=12
node=410/7814 op=scatter seconds=17.973 eta_seconds=324.566 bootstraps=12
node=420/7814 op=gather seconds=18.1196 eta_seconds=318.991 bootstraps=12
node=430/7814 op=gather seconds=19.6565 eta_seconds=337.543 bootstraps=14
node=440/7814 op=add seconds=19.9231 eta_seconds=333.893 bootstraps=14
node=450/7814 op=mul seconds=20.0644 eta_seconds=328.343 bootstraps=14
node=460/7814 op=scatter seconds=20.4445 eta_seconds=326.845 bootstraps=14
node=470/7814 op=addp seconds=21.7366 eta_seconds=339.646 bootstraps=16
node=480/7814 op=cheb seconds=23.1355 eta_seconds=353.491 bootstraps=18
node=490/7814 op=gather seconds=23.5915 eta_seconds=352.621 bootstraps=18
node=500/7814 op=mulp seconds=23.6371 eta_seconds=345.763 bootstraps=18
node=510/7814 op=mulp seconds=24.0607 eta_seconds=344.588 bootstraps=18
node=520/7814 op=cheb seconds=25.3646 eta_seconds=355.788 bootstraps=20
node=530/7814 op=addp seconds=25.5068 eta_seconds=350.549 bootstraps=20
node=540/7814 op=mul seconds=25.6239 eta_seconds=345.164 bootstraps=20
node=550/7814 op=mul seconds=25.8031 eta_seconds=340.788 bootstraps=20
node=560/7814 op=mulp seconds=26.0125 eta_seconds=336.955 bootstraps=20
node=570/7814 op=addp seconds=26.4622 eta_seconds=336.302 bootstraps=20
node=580/7814 op=mulp seconds=26.5035 eta_seconds=330.562 bootstraps=20
node=590/7814 op=add seconds=27.8157 eta_seconds=340.578 bootstraps=22
node=600/7814 op=mul seconds=28.2267 eta_seconds=339.379 bootstraps=22
node=610/7814 op=repeat seconds=28.828 eta_seconds=340.454 bootstraps=22
node=620/7814 op=cheb seconds=28.9955 eta_seconds=336.441 bootstraps=22
node=630/7814 op=mul seconds=29.1364 eta_seconds=332.247 bootstraps=22
node=640/7814 op=gather seconds=29.3189 eta_seconds=328.646 bootstraps=22
node=650/7814 op=mulp seconds=29.3991 eta_seconds=324.023 bootstraps=22
node=660/7814 op=gather seconds=30.965 eta_seconds=335.642 bootstraps=24
node=670/7814 op=add seconds=31.2397 eta_seconds=333.099 bootstraps=24
node=680/7814 op=mul seconds=31.4091 eta_seconds=329.519 bootstraps=24
node=690/7814 op=add seconds=31.7919 eta_seconds=328.24 bootstraps=24
node=700/7814 op=sum seconds=33.0648 eta_seconds=336.032 bootstraps=26
node=710/7814 op=gather seconds=33.5491 eta_seconds=335.68 bootstraps=26
node=720/7814 op=gather seconds=34.8358 eta_seconds=343.229 bootstraps=28
node=730/7814 op=sum seconds=34.8667 eta_seconds=338.351 bootstraps=28
node=740/7814 op=sum seconds=35.272 eta_seconds=337.182 bootstraps=28
node=750/7814 op=add seconds=36.5173 eta_seconds=343.944 bootstraps=30
node=760/7814 op=mulp seconds=36.6747 eta_seconds=340.4 bootstraps=30
node=770/7814 op=add seconds=36.8041 eta_seconds=336.686 bootstraps=30
node=780/7814 op=mulp seconds=36.99 eta_seconds=333.574 bootstraps=30
node=790/7814 op=repeat seconds=37.1999 eta_seconds=330.75 bootstraps=30
node=800/7814 op=gather seconds=37.5743 eta_seconds=329.433 bootstraps=30
node=810/7814 op=addp seconds=37.5993 eta_seconds=325.118 bootstraps=30
node=820/7814 op=scatter seconds=38.9482 eta_seconds=332.199 bootstraps=32
node=830/7814 op=cheb seconds=39.3053 eta_seconds=330.733 bootstraps=32
node=840/7814 op=cheb seconds=39.5366 eta_seconds=328.248 bootstraps=32
node=850/7814 op=repeat seconds=39.6761 eta_seconds=325.064 bootstraps=32
node=860/7814 op=mul seconds=39.7959 eta_seconds=321.791 bootstraps=32
node=870/7814 op=add seconds=39.9808 eta_seconds=319.111 bootstraps=32
node=880/7814 op=mul seconds=40.0701 eta_seconds=315.735 bootstraps=32
node=890/7814 op=addp seconds=41.4718 eta_seconds=322.641 bootstraps=34
node=900/7814 op=add seconds=41.7379 eta_seconds=320.64 bootstraps=34
node=910/7814 op=repeat seconds=41.9194 eta_seconds=318.034 bootstraps=34
node=920/7814 op=gather seconds=43.1866 eta_seconds=323.618 bootstraps=36
node=930/7814 op=linear seconds=44.8605 eta_seconds=332.064 bootstraps=38
node=940/7814 op=mulp seconds=44.956 eta_seconds=328.753 bootstraps=38
node=950/7814 op=gather seconds=46.5865 eta_seconds=336.6 bootstraps=40
node=960/7814 op=addp seconds=46.6151 eta_seconds=332.813 bootstraps=40
node=970/7814 op=mul seconds=47.0116 eta_seconds=331.698 bootstraps=40
node=980/7814 op=mul seconds=48.3175 eta_seconds=336.941 bootstraps=42
node=990/7814 op=repeat seconds=48.5165 eta_seconds=334.421 bootstraps=42
node=1000/7814 op=mul seconds=48.6407 eta_seconds=331.438 bootstraps=42
node=1010/7814 op=cheb seconds=48.9447 eta_seconds=329.722 bootstraps=42
node=1020/7814 op=gather seconds=49.3879 eta_seconds=328.962 bootstraps=42
node=1030/7814 op=sum seconds=49.4191 eta_seconds=325.494 bootstraps=42
node=1040/7814 op=scatter seconds=50.5402 eta_seconds=329.192 bootstraps=44
node=1050/7814 op=scatter seconds=50.6691 eta_seconds=326.405 bootstraps=44
node=1060/7814 op=mul seconds=50.8355 eta_seconds=323.908 bootstraps=44
node=1070/7814 op=repeat seconds=52.2137 eta_seconds=329.093 bootstraps=46
node=1080/7814 op=cheb seconds=53.1667 eta_seconds=331.504 bootstraps=46
node=1090/7814 op=mul seconds=53.3776 eta_seconds=329.276 bootstraps=46
node=1100/7814 op=gather seconds=53.5198 eta_seconds=326.665 bootstraps=46
node=1110/7814 op=gather seconds=53.7837 eta_seconds=324.834 bootstraps=46
node=1120/7814 op=mul seconds=55.3106 eta_seconds=330.58 bootstraps=48
node=1130/7814 op=add seconds=55.3648 eta_seconds=327.486 bootstraps=48
node=1140/7814 op=add seconds=55.5182 eta_seconds=325.025 bootstraps=48
node=1150/7814 op=sum seconds=55.7007 eta_seconds=322.774 bootstraps=48
node=1160/7814 op=add seconds=55.8734 eta_seconds=320.501 bootstraps=48
node=1170/7814 op=linear seconds=57.4829 eta_seconds=326.424 bootstraps=50
node=1180/7814 op=mul seconds=57.5322 eta_seconds=323.448 bootstraps=50
node=1190/7814 op=mulp seconds=57.5768 eta_seconds=320.495 bootstraps=50
node=1200/7814 op=cheb seconds=59.1976 eta_seconds=326.277 bootstraps=52
node=1210/7814 op=mul seconds=59.4016 eta_seconds=324.205 bootstraps=52
node=1220/7814 op=gather seconds=59.5469 eta_seconds=321.846 bootstraps=52
node=1230/7814 op=scatter seconds=59.6751 eta_seconds=319.432 bootstraps=52
node=1240/7814 op=gather seconds=59.8231 eta_seconds=317.159 bootstraps=52
node=1250/7814 op=sum seconds=60.3338 eta_seconds=316.825 bootstraps=52
node=1260/7814 op=add seconds=61.4896 eta_seconds=319.843 bootstraps=54
node=1270/7814 op=linear seconds=61.9302 eta_seconds=319.111 bootstraps=54
node=1280/7814 op=mulp seconds=62.0228 eta_seconds=316.607 bootstraps=54
node=1290/7814 op=addp seconds=62.4688 eta_seconds=315.927 bootstraps=54
node=1300/7814 op=mulp seconds=62.5098 eta_seconds=313.222 bootstraps=54
node=1310/7814 op=cheb seconds=64.2523 eta_seconds=319.005 bootstraps=56
node=1320/7814 op=cheb seconds=64.5492 eta_seconds=317.563 bootstraps=56
node=1330/7814 op=repeat seconds=64.6497 eta_seconds=315.18 bootstraps=56
node=1340/7814 op=add seconds=64.7573 eta_seconds=312.865 bootstraps=56
node=1350/7814 op=mul seconds=64.9367 eta_seconds=310.926 bootstraps=56
node=1360/7814 op=add seconds=65.0228 eta_seconds=308.571 bootstraps=56
node=1370/7814 op=addp seconds=66.419 eta_seconds=312.412 bootstraps=58
node=1380/7814 op=add seconds=66.6887 eta_seconds=310.924 bootstraps=58
node=1390/7814 op=repeat seconds=66.9456 eta_seconds=309.395 bootstraps=58
node=1400/7814 op=addp seconds=67.236 eta_seconds=308.037 bootstraps=58
node=1410/7814 op=gather seconds=68.596 eta_seconds=311.552 bootstraps=60
node=1420/7814 op=sum seconds=68.6479 eta_seconds=309.109 bootstraps=60
node=1430/7814 op=gather seconds=69.1432 eta_seconds=308.678 bootstraps=60
node=1440/7814 op=cheb seconds=70.5278 eta_seconds=312.183 bootstraps=62
node=1450/7814 op=repeat seconds=70.6123 eta_seconds=309.915 bootstraps=62
node=1460/7814 op=mul seconds=70.9772 eta_seconds=308.897 bootstraps=62
node=1470/7814 op=addp seconds=71.4537 eta_seconds=308.369 bootstraps=62
node=1480/7814 op=add seconds=72.4945 eta_seconds=310.257 bootstraps=64
node=1490/7814 op=scatter seconds=72.5866 eta_seconds=308.079 bootstraps=64
node=1500/7814 op=add seconds=72.764 eta_seconds=306.288 bootstraps=64
node=1510/7814 op=gather seconds=73.265 eta_seconds=305.869 bootstraps=64
node=1520/7814 op=addp seconds=73.3185 eta_seconds=303.597 bootstraps=64
node=1530/7814 op=sum seconds=74.8026 eta_seconds=307.228 bootstraps=66
node=1540/7814 op=cheb seconds=75.4189 eta_seconds=307.259 bootstraps=66
node=1550/7814 op=cheb seconds=75.6931 eta_seconds=305.898 bootstraps=66
node=1560/7814 op=repeat seconds=75.8329 eta_seconds=304.012 bootstraps=66
node=1570/7814 op=gather seconds=76.1742 eta_seconds=302.95 bootstraps=66
node=1580/7814 op=add seconds=77.659 eta_seconds=306.409 bootstraps=68
node=1590/7814 op=mul seconds=77.6817 eta_seconds=304.082 bootstraps=68
node=1600/7814 op=mulp seconds=77.8531 eta_seconds=302.362 bootstraps=68
node=1610/7814 op=mul seconds=77.9696 eta_seconds=300.449 bootstraps=68
node=1620/7814 op=sum seconds=78.1185 eta_seconds=298.683 bootstraps=68
node=1630/7814 op=linear seconds=79.4775 eta_seconds=301.527 bootstraps=70
node=1640/7814 op=cheb seconds=79.5567 eta_seconds=299.502 bootstraps=70
node=1650/7814 op=mulp seconds=79.6273 eta_seconds=297.468 bootstraps=70
node=1660/7814 op=repeat seconds=80.1524 eta_seconds=297.143 bootstraps=70
node=1670/7814 op=add seconds=81.5744 eta_seconds=300.116 bootstraps=72
node=1680/7814 op=mulp seconds=81.7355 eta_seconds=298.432 bootstraps=72
node=1690/7814 op=add seconds=81.8418 eta_seconds=296.567 bootstraps=72
node=1700/7814 op=mulp seconds=81.9947 eta_seconds=294.891 bootstraps=72
node=1710/7814 op=linear_ref seconds=82.4705 eta_seconds=294.386 bootstraps=72
node=1720/7814 op=scatter seconds=83.5565 eta_seconds=296.042 bootstraps=74
node=1730/7814 op=repeat seconds=83.8085 eta_seconds=294.735 bootstraps=74
node=1740/7814 op=addp seconds=84.0969 eta_seconds=293.566 bootstraps=74
node=1750/7814 op=gather seconds=84.6 eta_seconds=293.151 bootstraps=74
node=1760/7814 op=mulp seconds=84.7227 eta_seconds=291.427 bootstraps=74
node=1770/7814 op=cheb seconds=85.8522 eta_seconds=293.159 bootstraps=76
node=1780/7814 op=cheb seconds=86.8106 eta_seconds=294.278 bootstraps=76
node=1790/7814 op=mulp seconds=86.9181 eta_seconds=292.511 bootstraps=76
node=1800/7814 op=gather seconds=87.0883 eta_seconds=290.972 bootstraps=76
node=1810/7814 op=gather seconds=87.2007 eta_seconds=289.256 bootstraps=76
node=1820/7814 op=scatter seconds=87.3099 eta_seconds=287.547 bootstraps=76
node=1830/7814 op=mulp seconds=88.6519 eta_seconds=289.887 bootstraps=78
node=1840/7814 op=scatter seconds=88.9176 eta_seconds=288.692 bootstraps=78
node=1850/7814 op=add seconds=89.0623 eta_seconds=287.118 bootstraps=78
node=1860/7814 op=mul seconds=89.4411 eta_seconds=286.308 bootstraps=78
node=1870/7814 op=gather seconds=90.7984 eta_seconds=288.613 bootstraps=80
node=1880/7814 op=cheb seconds=90.9154 eta_seconds=286.964 bootstraps=80
node=1890/7814 op=mulp seconds=90.9487 eta_seconds=285.069 bootstraps=80
node=1900/7814 op=mulp seconds=92.4726 eta_seconds=287.833 bootstraps=82
node=1910/7814 op=mul seconds=92.6536 eta_seconds=286.402 bootstraps=82
node=1920/7814 op=mulp seconds=92.762 eta_seconds=284.76 bootstraps=82
node=1930/7814 op=mul seconds=92.9156 eta_seconds=283.272 bootstraps=82
node=1940/7814 op=cheb seconds=93.1466 eta_seconds=282.033 bootstraps=82
node=1950/7814 op=scatter seconds=94.4831 eta_seconds=284.128 bootstraps=84
node=1960/7814 op=sum seconds=94.7106 eta_seconds=282.875 bootstraps=84
node=1970/7814 op=sum seconds=95.0659 eta_seconds=282.013 bootstraps=84
node=1980/7814 op=gather seconds=95.563 eta_seconds=281.573 bootstraps=84
node=1990/7814 op=repeat seconds=95.6846 eta_seconds=280.034 bootstraps=84
node=2000/7814 op=addp seconds=95.7134 eta_seconds=278.239 bootstraps=84
node=2010/7814 op=mul seconds=97.5785 eta_seconds=281.764 bootstraps=86
node=2020/7814 op=mulp seconds=97.7972 eta_seconds=280.513 bootstraps=86
node=2030/7814 op=gather seconds=97.9488 eta_seconds=279.082 bootstraps=86
node=2040/7814 op=gather seconds=98.0621 eta_seconds=277.554 bootstraps=86
node=2050/7814 op=scatter seconds=98.1712 eta_seconds=276.029 bootstraps=86
node=2060/7814 op=sum seconds=99.5889 eta_seconds=278.172 bootstraps=88
node=2070/7814 op=scatter seconds=99.8646 eta_seconds=277.112 bootstraps=88
node=2080/7814 op=repeat seconds=100.036 eta_seconds=275.773 bootstraps=88
node=2090/7814 op=linear_ref seconds=100.415 eta_seconds=275.012 bootstraps=88
node=2100/7814 op=mulp seconds=101.365 eta_seconds=275.81 bootstraps=90
node=2110/7814 op=mul seconds=101.806 eta_seconds=275.214 bootstraps=90
node=2120/7814 op=repeat seconds=101.888 eta_seconds=273.656 bootstraps=90
node=2130/7814 op=repeat seconds=103.618 eta_seconds=276.51 bootstraps=92
node=2140/7814 op=cheb seconds=103.839 eta_seconds=275.32 bootstraps=92
node=2150/7814 op=gather seconds=104.014 eta_seconds=274.016 bootstraps=92
node=2160/7814 op=linear_ref seconds=104.663 eta_seconds=273.965 bootstraps=92
node=2170/7814 op=add seconds=105.632 eta_seconds=274.74 bootstraps=94
node=2180/7814 op=mul seconds=105.788 eta_seconds=273.4 bootstraps=94
node=2190/7814 op=add seconds=105.902 eta_seconds=271.961 bootstraps=94
node=2200/7814 op=mul seconds=106.312 eta_seconds=271.289 bootstraps=94
node=2210/7814 op=gather seconds=106.817 eta_seconds=270.86 bootstraps=94
node=2220/7814 op=sum seconds=106.86 eta_seconds=269.269 bootstraps=94
node=2230/7814 op=mul seconds=107.981 eta_seconds=270.388 bootstraps=96
node=2240/7814 op=repeat seconds=109.227 eta_seconds=271.8 bootstraps=96
node=2250/7814 op=mulp seconds=109.433 eta_seconds=270.617 bootstraps=96
node=2260/7814 op=gather seconds=109.648 eta_seconds=269.462 bootstraps=96
node=2270/7814 op=mul seconds=109.892 eta_seconds=268.388 bootstraps=96
node=2280/7814 op=addp seconds=111.408 eta_seconds=270.408 bootstraps=98
node=2290/7814 op=scatter seconds=111.56 eta_seconds=269.108 bootstraps=98
node=2300/7814 op=add seconds=111.609 eta_seconds=267.571 bootstraps=98
node=2310/7814 op=sum seconds=111.795 eta_seconds=266.372 bootstraps=98
node=2320/7814 op=add seconds=111.974 eta_seconds=265.167 bootstraps=98
node=2330/7814 op=mulp seconds=113.188 eta_seconds=266.405 bootstraps=100
node=2340/7814 op=cheb seconds=113.648 eta_seconds=265.858 bootstraps=100
node=2350/7814 op=mulp seconds=113.672 eta_seconds=264.3 bootstraps=100
node=2360/7814 op=cheb seconds=115.355 eta_seconds=266.587 bootstraps=102
node=2370/7814 op=mul seconds=115.556 eta_seconds=265.436 bootstraps=102
node=2380/7814 op=gather seconds=115.719 eta_seconds=264.208 bootstraps=102
node=2390/7814 op=cheb seconds=116.163 eta_seconds=263.626 bootstraps=102
node=2400/7814 op=mul seconds=117.432 eta_seconds=264.906 bootstraps=104
node=2410/7814 op=add seconds=117.586 eta_seconds=263.665 bootstraps=104
node=2420/7814 op=add seconds=117.676 eta_seconds=262.291 bootstraps=104
node=2430/7814 op=cheb seconds=117.865 eta_seconds=261.146 bootstraps=104
node=2440/7814 op=gather seconds=118.323 eta_seconds=260.602 bootstraps=104
node=2450/7814 op=sum seconds=118.375 eta_seconds=259.17 bootstraps=104
node=2460/7814 op=addp seconds=119.856 eta_seconds=260.856 bootstraps=106
node=2470/7814 op=cheb seconds=120.484 eta_seconds=260.674 bootstraps=106
node=2480/7814 op=cheb seconds=120.807 eta_seconds=259.832 bootstraps=106
node=2490/7814 op=repeat seconds=120.893 eta_seconds=258.487 bootstraps=106
node=2500/7814 op=mulp seconds=121.257 eta_seconds=257.744 bootstraps=106
node=2510/7814 op=scatter seconds=122.712 eta_seconds=259.309 bootstraps=108
node=2520/7814 op=add seconds=122.736 eta_seconds=257.842 bootstraps=108
node=2530/7814 op=mul seconds=122.89 eta_seconds=256.661 bootstraps=108
node=2540/7814 op=add seconds=123.004 eta_seconds=255.404 bootstraps=108
node=2550/7814 op=repeat seconds=123.187 eta_seconds=254.296 bootstraps=108
node=2560/7814 op=gather seconds=124.532 eta_seconds=255.582 bootstraps=110
node=2570/7814 op=mulp seconds=124.587 eta_seconds=254.215 bootstraps=110
node=2580/7814 op=scatter seconds=125.036 eta_seconds=253.659 bootstraps=110
node=2590/7814 op=gather seconds=125.452 eta_seconds=253.035 bootstraps=110
node=2600/7814 op=cheb seconds=126.805 eta_seconds=254.292 bootstraps=112
node=2610/7814 op=repeat seconds=126.889 eta_seconds=253.001 bootstraps=112
node=2620/7814 op=add seconds=126.998 eta_seconds=251.766 bootstraps=112
node=2630/7814 op=mul seconds=127.186 eta_seconds=250.697 bootstraps=112
node=2640/7814 op=mul seconds=127.734 eta_seconds=250.34 bootstraps=112
node=2650/7814 op=scatter seconds=128.848 eta_seconds=251.083 bootstraps=114
node=2660/7814 op=add seconds=129.027 eta_seconds=250.002 bootstraps=114
node=2670/7814 op=gather seconds=129.533 eta_seconds=249.556 bootstraps=114
node=2680/7814 op=addp seconds=129.587 eta_seconds=248.245 bootstraps=114
node=2690/7814 op=sum seconds=131.071 eta_seconds=249.669 bootstraps=116
node=2700/7814 op=cheb seconds=131.688 eta_seconds=249.428 bootstraps=116
node=2710/7814 op=cheb seconds=131.938 eta_seconds=248.492 bootstraps=116
node=2720/7814 op=repeat seconds=132.078 eta_seconds=247.356 bootstraps=116
node=2730/7814 op=mul seconds=132.198 eta_seconds=246.188 bootstraps=116
node=2740/7814 op=add seconds=132.383 eta_seconds=245.15 bootstraps=116
node=2750/7814 op=cheb seconds=132.522 eta_seconds=244.034 bootstraps=116
node=2760/7814 op=scatter seconds=133.978 eta_seconds=245.336 bootstraps=118
node=2770/7814 op=mul seconds=134.191 eta_seconds=244.354 bootstraps=118
node=2780/7814 op=sum seconds=134.341 eta_seconds=243.263 bootstraps=118
node=2790/7814 op=linear_ref seconds=135.731 eta_seconds=244.413 bootstraps=120
node=2800/7814 op=mulp seconds=135.817 eta_seconds=243.21 bootstraps=120
node=2810/7814 op=sum seconds=137.44 eta_seconds=244.751 bootstraps=122
client_token=315 logit_margin=1.89749
node=2820/7814 op=sum seconds=138.536 eta_seconds=245.336 bootstraps=124
node=2830/7814 op=gather seconds=139.404 eta_seconds=245.509 bootstraps=124
node=2840/7814 op=cheb seconds=140.002 eta_seconds=245.2 bootstraps=124
node=2850/7814 op=mul seconds=140.361 eta_seconds=244.474 bootstraps=124
node=2860/7814 op=mulp seconds=140.513 eta_seconds=243.393 bootstraps=124
node=2870/7814 op=gather seconds=140.702 eta_seconds=242.38 bootstraps=124
node=2880/7814 op=scatter seconds=140.822 eta_seconds=241.256 bootstraps=124
node=2890/7814 op=mul seconds=141.009 eta_seconds=240.252 bootstraps=124
node=2900/7814 op=mul seconds=141.161 eta_seconds=239.194 bootstraps=124
node=2910/7814 op=scatter seconds=142.179 eta_seconds=239.603 bootstraps=126
node=2920/7814 op=mul seconds=142.33 eta_seconds=238.549 bootstraps=126
node=2930/7814 op=mul seconds=142.437 eta_seconds=237.428 bootstraps=126
node=2940/7814 op=mul seconds=143.778 eta_seconds=238.359 bootstraps=128
node=2950/7814 op=scatter seconds=145.322 eta_seconds=239.609 bootstraps=130
node=2960/7814 op=gather seconds=146.615 eta_seconds=240.429 bootstraps=132
node=2970/7814 op=mulp seconds=146.646 eta_seconds=239.177 bootstraps=132
node=2980/7814 op=cheb seconds=147.945 eta_seconds=239.989 bootstraps=134
node=2990/7814 op=cheb seconds=148.259 eta_seconds=239.199 bootstraps=134
node=3000/7814 op=repeat seconds=148.359 eta_seconds=238.067 bootstraps=134
node=3010/7814 op=add seconds=148.461 eta_seconds=236.946 bootstraps=134
node=3020/7814 op=mul seconds=148.636 eta_seconds=235.948 bootstraps=134
node=3030/7814 op=scatter seconds=149.819 eta_seconds=236.545 bootstraps=136
node=3040/7814 op=mul seconds=149.977 eta_seconds=235.523 bootstraps=136
node=3050/7814 op=sum seconds=150.158 eta_seconds=234.542 bootstraps=136
node=3060/7814 op=add seconds=150.34 eta_seconds=233.568 bootstraps=136
node=3070/7814 op=repeat seconds=151.546 eta_seconds=234.181 bootstraps=138
node=3080/7814 op=mul seconds=153.145 eta_seconds=235.386 bootstraps=140
node=3090/7814 op=gather seconds=154.47 eta_seconds=236.154 bootstraps=142
node=3100/7814 op=mul seconds=154.523 eta_seconds=234.975 bootstraps=142
node=3110/7814 op=mul seconds=155.926 eta_seconds=235.845 bootstraps=144
node=3120/7814 op=cheb seconds=156.224 eta_seconds=235.037 bootstraps=144
node=3130/7814 op=repeat seconds=156.334 eta_seconds=233.951 bootstraps=144
node=3140/7814 op=add seconds=156.442 eta_seconds=232.869 bootstraps=144
node=3150/7814 op=mul seconds=156.623 eta_seconds=231.902 bootstraps=144
node=3160/7814 op=scatter seconds=157.783 eta_seconds=232.38 bootstraps=146
node=3170/7814 op=mul seconds=157.996 eta_seconds=231.462 bootstraps=146
node=3180/7814 op=mul seconds=158.128 eta_seconds=230.429 bootstraps=146
node=3190/7814 op=mul seconds=158.361 eta_seconds=229.549 bootstraps=146
node=3200/7814 op=cheb seconds=159.518 eta_seconds=230.005 bootstraps=148
node=3210/7814 op=add seconds=161.14 eta_seconds=231.118 bootstraps=150
node=3220/7814 op=linear_ref seconds=162.403 eta_seconds=231.701 bootstraps=152
node=3230/7814 op=mul seconds=162.43 eta_seconds=230.519 bootstraps=152
node=3240/7814 op=cheb seconds=163.719 eta_seconds=231.127 bootstraps=154
node=3250/7814 op=cheb seconds=163.948 eta_seconds=230.233 bootstraps=154
node=3260/7814 op=repeat seconds=164.089 eta_seconds=229.222 bootstraps=154
node=3270/7814 op=mul seconds=164.209 eta_seconds=228.185 bootstraps=154
node=3280/7814 op=add seconds=164.395 eta_seconds=227.246 bootstraps=154
node=3290/7814 op=mul seconds=164.485 eta_seconds=226.179 bootstraps=154
node=3300/7814 op=scatter seconds=165.639 eta_seconds=226.574 bootstraps=156
node=3310/7814 op=add seconds=165.819 eta_seconds=225.635 bootstraps=156
node=3320/7814 op=repeat seconds=165.966 eta_seconds=224.654 bootstraps=156
node=3330/7814 op=addp seconds=167.233 eta_seconds=225.187 bootstraps=158
node=3340/7814 op=linear_ref seconds=169.693 eta_seconds=227.307 bootstraps=162
node=3350/7814 op=mulp seconds=170.604 eta_seconds=227.337 bootstraps=164
node=3360/7814 op=addp seconds=170.982 eta_seconds=226.653 bootstraps=164
node=3370/7814 op=cheb seconds=172.085 eta_seconds=226.928 bootstraps=166
node=3380/7814 op=cheb seconds=172.719 eta_seconds=226.579 bootstraps=166
node=3390/7814 op=repeat seconds=172.904 eta_seconds=225.643 bootstraps=166
node=3400/7814 op=gather seconds=173.143 eta_seconds=224.78 bootstraps=166
node=3410/7814 op=cheb seconds=173.328 eta_seconds=223.852 bootstraps=166
node=3420/7814 op=scatter seconds=174.556 eta_seconds=224.269 bootstraps=168
node=3430/7814 op=scatter seconds=174.67 eta_seconds=223.252 bootstraps=168
node=3440/7814 op=mul seconds=174.797 eta_seconds=222.256 bootstraps=168
node=3450/7814 op=mul seconds=174.959 eta_seconds=221.31 bootstraps=168
node=3460/7814 op=mulp seconds=176.116 eta_seconds=221.621 bootstraps=170
node=3470/7814 op=mul seconds=177.459 eta_seconds=222.156 bootstraps=172
node=3480/7814 op=mul seconds=178.707 eta_seconds=222.562 bootstraps=174
node=3490/7814 op=gather seconds=179.154 eta_seconds=221.966 bootstraps=174
node=3500/7814 op=addp seconds=179.196 eta_seconds=220.871 bootstraps=174
node=3510/7814 op=mulp seconds=180.657 eta_seconds=221.524 bootstraps=176
node=3520/7814 op=mul seconds=180.834 eta_seconds=220.597 bootstraps=176
node=3530/7814 op=mulp seconds=180.964 eta_seconds=219.618 bootstraps=176
node=3540/7814 op=mul seconds=181.145 eta_seconds=218.705 bootstraps=176
node=3550/7814 op=mul seconds=181.228 eta_seconds=217.678 bootstraps=176
node=3560/7814 op=scatter seconds=182.358 eta_seconds=217.907 bootstraps=178
node=3570/7814 op=repeat seconds=182.611 eta_seconds=217.087 bootstraps=178
node=3580/7814 op=sum seconds=182.769 eta_seconds=216.158 bootstraps=178
node=3590/7814 op=sum seconds=183.118 eta_seconds=215.457 bootstraps=178
node=3600/7814 op=cheb seconds=185.354 eta_seconds=216.967 bootstraps=182
node=3610/7814 op=repeat seconds=186.599 eta_seconds=217.302 bootstraps=184
node=3620/7814 op=gather seconds=187.037 eta_seconds=216.694 bootstraps=184
node=3630/7814 op=mulp seconds=187.083 eta_seconds=215.636 bootstraps=184
node=3640/7814 op=mul seconds=188.57 eta_seconds=216.233 bootstraps=186
node=3650/7814 op=repeat seconds=188.725 eta_seconds=215.302 bootstraps=186
node=3660/7814 op=scatter seconds=188.932 eta_seconds=214.433 bootstraps=186
node=3670/7814 op=mul seconds=190.122 eta_seconds=214.677 bootstraps=188
node=3680/7814 op=scatter seconds=190.279 eta_seconds=213.753 bootstraps=188
node=3690/7814 op=scatter seconds=190.369 eta_seconds=212.76 bootstraps=188
node=3700/7814 op=mul seconds=190.465 eta_seconds=211.777 bootstraps=188
node=3710/7814 op=mul seconds=190.59 eta_seconds=210.83 bootstraps=188
node=3720/7814 op=scatter seconds=191.902 eta_seconds=211.196 bootstraps=190
node=3730/7814 op=gather seconds=192.354 eta_seconds=210.609 bootstraps=190
node=3740/7814 op=cheb seconds=194.473 eta_seconds=211.841 bootstraps=194
node=3750/7814 op=gather seconds=194.948 eta_seconds=211.271 bootstraps=194
node=3760/7814 op=addp seconds=195.066 eta_seconds=210.318 bootstraps=194
node=3770/7814 op=mul seconds=196.433 eta_seconds=210.709 bootstraps=196
node=3780/7814 op=repeat seconds=196.632 eta_seconds=209.845 bootstraps=196
node=3790/7814 op=addp seconds=196.717 eta_seconds=208.862 bootstraps=196
node=3800/7814 op=gather seconds=196.842 eta_seconds=207.928 bootstraps=196
node=3810/7814 op=add seconds=196.958 eta_seconds=206.987 bootstraps=196
node=3820/7814 op=scatter seconds=198.15 eta_seconds=207.176 bootstraps=198
node=3830/7814 op=sum seconds=198.302 eta_seconds=206.276 bootstraps=198
node=3840/7814 op=add seconds=198.472 eta_seconds=205.398 bootstraps=198
node=3850/7814 op=mul seconds=198.849 eta_seconds=204.737 bootstraps=198
node=3860/7814 op=gather seconds=200.171 eta_seconds=205.046 bootstraps=200
node=3870/7814 op=addp seconds=201.372 eta_seconds=205.223 bootstraps=202
node=3880/7814 op=gather seconds=202.702 eta_seconds=205.523 bootstraps=204
node=3890/7814 op=sum seconds=202.826 eta_seconds=204.599 bootstraps=204
node=3900/7814 op=cheb seconds=204.171 eta_seconds=204.904 bootstraps=206
node=3910/7814 op=mul seconds=204.39 eta_seconds=204.077 bootstraps=206
node=3920/7814 op=gather seconds=204.503 eta_seconds=203.146 bootstraps=206
node=3930/7814 op=scatter seconds=204.613 eta_seconds=202.218 bootstraps=206
node=3940/7814 op=gather seconds=204.738 eta_seconds=201.309 bootstraps=206
node=3950/7814 op=add seconds=205.979 eta_seconds=201.495 bootstraps=208
node=3960/7814 op=mul seconds=206.103 eta_seconds=200.586 bootstraps=208
node=3970/7814 op=mul seconds=206.358 eta_seconds=199.809 bootstraps=208
node=3980/7814 op=add seconds=206.734 eta_seconds=199.151 bootstraps=208
node=3990/7814 op=linear_ref seconds=208.062 eta_seconds=199.406 bootstraps=210
node=4000/7814 op=mulp seconds=209.259 eta_seconds=199.528 bootstraps=212
node=4010/7814 op=gather seconds=210.588 eta_seconds=199.769 bootstraps=214
node=4020/7814 op=mul seconds=210.625 eta_seconds=198.784 bootstraps=214
node=4030/7814 op=repeat seconds=212.501 eta_seconds=199.53 bootstraps=216
node=4040/7814 op=mulp seconds=212.706 eta_seconds=198.701 bootstraps=216
node=4050/7814 op=gather seconds=212.919 eta_seconds=197.883 bootstraps=216
node=4060/7814 op=mul seconds=213.163 eta_seconds=197.097 bootstraps=216
node=4070/7814 op=scatter seconds=214.313 eta_seconds=197.147 bootstraps=218
node=4080/7814 op=mul seconds=214.417 eta_seconds=196.234 bootstraps=218
node=4090/7814 op=add seconds=214.533 eta_seconds=195.336 bootstraps=218
node=4100/7814 op=repeat seconds=214.773 eta_seconds=194.552 bootstraps=218
node=4110/7814 op=linear_ref seconds=215.144 eta_seconds=193.891 bootstraps=218
node=4120/7814 op=mulp seconds=216.078 eta_seconds=193.736 bootstraps=220
node=4130/7814 op=sum seconds=217.702 eta_seconds=194.192 bootstraps=222
node=4140/7814 op=gather seconds=219.035 eta_seconds=194.38 bootstraps=224
node=4150/7814 op=mulp seconds=219.09 eta_seconds=193.433 bootstraps=224
node=4160/7814 op=cheb seconds=220.421 eta_seconds=193.611 bootstraps=226
node=4170/7814 op=repeat seconds=220.701 eta_seconds=192.862 bootstraps=226
node=4180/7814 op=addp seconds=220.779 eta_seconds=191.94 bootstraps=226
node=4190/7814 op=addp seconds=221.144 eta_seconds=191.271 bootstraps=226
node=4200/7814 op=add seconds=222.159 eta_seconds=191.163 bootstraps=228
node=4210/7814 op=mul seconds=222.316 eta_seconds=190.315 bootstraps=228
node=4220/7814 op=mul seconds=222.434 eta_seconds=189.438 bootstraps=228
node=4230/7814 op=mul seconds=222.585 eta_seconds=188.592 bootstraps=228
node=4240/7814 op=mul seconds=222.691 eta_seconds=187.712 bootstraps=228
node=4250/7814 op=mul seconds=224.012 eta_seconds=187.854 bootstraps=230
node=4260/7814 op=scatter seconds=225.591 eta_seconds=188.204 bootstraps=232
node=4270/7814 op=gather seconds=226.94 eta_seconds=188.355 bootstraps=234
node=4280/7814 op=sum seconds=226.998 eta_seconds=187.432 bootstraps=234
node=4290/7814 op=cheb seconds=228.274 eta_seconds=187.515 bootstraps=236
node=4300/7814 op=cheb seconds=228.574 eta_seconds=186.792 bootstraps=236
node=4310/7814 op=repeat seconds=228.658 eta_seconds=185.897 bootstraps=236
node=4320/7814 op=add seconds=228.767 eta_seconds=185.026 bootstraps=236
node=4330/7814 op=mul seconds=228.955 eta_seconds=184.221 bootstraps=236
node=4340/7814 op=scatter seconds=230.12 eta_seconds=184.202 bootstraps=238
node=4350/7814 op=mul seconds=230.279 eta_seconds=183.376 bootstraps=238
node=4360/7814 op=sum seconds=230.429 eta_seconds=182.546 bootstraps=238
node=4370/7814 op=add seconds=230.537 eta_seconds=181.686 bootstraps=238
node=4380/7814 op=repeat seconds=231.859 eta_seconds=181.782 bootstraps=240
node=4390/7814 op=mul seconds=233.488 eta_seconds=182.11 bootstraps=242
client_token=279 logit_margin=2.90222
node=4400/7814 op=mul seconds=234.555 eta_seconds=181.993 bootstraps=244
node=4410/7814 op=gather seconds=235.488 eta_seconds=181.769 bootstraps=244
node=4420/7814 op=cheb seconds=236.081 eta_seconds=181.28 bootstraps=244
node=4430/7814 op=cheb seconds=236.421 eta_seconds=180.598 bootstraps=244
node=4440/7814 op=mul seconds=236.59 eta_seconds=179.787 bootstraps=244
node=4450/7814 op=repeat seconds=236.741 eta_seconds=178.965 bootstraps=244
node=4460/7814 op=add seconds=236.855 eta_seconds=178.12 bootstraps=244
node=4470/7814 op=mulp seconds=237.106 eta_seconds=177.379 bootstraps=244
node=4480/7814 op=mulp seconds=237.254 eta_seconds=176.563 bootstraps=244
node=4490/7814 op=cheb seconds=237.333 eta_seconds=175.701 bootstraps=244
node=4500/7814 op=add seconds=238.399 eta_seconds=175.567 bootstraps=246
node=4510/7814 op=repeat seconds=238.545 eta_seconds=174.757 bootstraps=246
node=4520/7814 op=linear_ref seconds=239.859 eta_seconds=174.8 bootstraps=248
node=4530/7814 op=mulp seconds=239.964 eta_seconds=173.96 bootstraps=248
node=4540/7814 op=sum seconds=241.518 eta_seconds=174.169 bootstraps=250
node=4550/7814 op=gather seconds=242.807 eta_seconds=174.18 bootstraps=252
node=4560/7814 op=addp seconds=242.837 eta_seconds=173.288 bootstraps=252
node=4570/7814 op=cheb seconds=244.194 eta_seconds=173.341 bootstraps=254
node=4580/7814 op=repeat seconds=244.464 eta_seconds=172.619 bootstraps=254
node=4590/7814 op=addp seconds=244.559 eta_seconds=171.777 bootstraps=254
node=4600/7814 op=gather seconds=244.699 eta_seconds=170.97 bootstraps=254
node=4610/7814 op=add seconds=244.836 eta_seconds=170.163 bootstraps=254
node=4620/7814 op=add seconds=246.009 eta_seconds=170.077 bootstraps=256
node=4630/7814 op=mul seconds=246.171 eta_seconds=169.289 bootstraps=256
node=4640/7814 op=sum seconds=246.351 eta_seconds=168.517 bootstraps=256
node=4650/7814 op=add seconds=246.524 eta_seconds=167.742 bootstraps=256
node=4660/7814 op=mul seconds=247.719 eta_seconds=167.662 bootstraps=258
node=4670/7814 op=gather seconds=248.184 eta_seconds=167.086 bootstraps=258
node=4680/7814 op=addp seconds=249.438 eta_seconds=167.038 bootstraps=260
node=4690/7814 op=gather seconds=250.773 eta_seconds=167.04 bootstraps=262
node=4700/7814 op=mul seconds=250.824 eta_seconds=166.185 bootstraps=262
node=4710/7814 op=repeat seconds=252.415 eta_seconds=166.347 bootstraps=264
node=4720/7814 op=cheb seconds=252.582 eta_seconds=165.57 bootstraps=264
node=4730/7814 op=mul seconds=252.722 eta_seconds=164.777 bootstraps=264
node=4740/7814 op=gather seconds=252.903 eta_seconds=164.013 bootstraps=264
node=4750/7814 op=mulp seconds=252.985 eta_seconds=163.189 bootstraps=264
node=4760/7814 op=add seconds=254.17 eta_seconds=163.075 bootstraps=266
node=4770/7814 op=add seconds=254.293 eta_seconds=162.278 bootstraps=266
node=4780/7814 op=repeat seconds=254.523 eta_seconds=161.553 bootstraps=266
node=4790/7814 op=sum seconds=254.695 eta_seconds=160.793 bootstraps=266
node=4800/7814 op=sum seconds=255.858 eta_seconds=160.657 bootstraps=268
node=4810/7814 op=cheb seconds=257.177 eta_seconds=160.615 bootstraps=270
node=4820/7814 op=repeat seconds=258.425 eta_seconds=160.523 bootstraps=272
node=4830/7814 op=gather seconds=258.799 eta_seconds=159.888 bootstraps=272
node=4840/7814 op=addp seconds=258.826 eta_seconds=159.039 bootstraps=272
node=4850/7814 op=mul seconds=260.297 eta_seconds=159.076 bootstraps=274
node=4860/7814 op=repeat seconds=260.455 eta_seconds=158.309 bootstraps=274
node=4870/7814 op=mul seconds=260.587 eta_seconds=157.529 bootstraps=274
node=4880/7814 op=mul seconds=260.773 eta_seconds=156.785 bootstraps=274
node=4890/7814 op=addp seconds=260.859 eta_seconds=155.982 bootstraps=274
node=4900/7814 op=scatter seconds=261.954 eta_seconds=155.782 bootstraps=276
node=4910/7814 op=sum seconds=262.165 eta_seconds=155.057 bootstraps=276
node=4920/7814 op=add seconds=262.289 eta_seconds=154.281 bootstraps=276
node=4930/7814 op=repeat seconds=262.434 eta_seconds=153.521 bootstraps=276
node=4940/7814 op=addp seconds=263.694 eta_seconds=153.412 bootstraps=278
node=4950/7814 op=linear_ref seconds=266.172 eta_seconds=154.003 bootstraps=282
node=4960/7814 op=mulp seconds=267.084 eta_seconds=153.681 bootstraps=284
node=4970/7814 op=addp seconds=267.463 eta_seconds=153.051 bootstraps=284
node=4980/7814 op=cheb seconds=268.562 eta_seconds=152.832 bootstraps=286
node=4990/7814 op=cheb seconds=269.165 eta_seconds=152.329 bootstraps=286
node=5000/7814 op=repeat seconds=269.348 eta_seconds=151.589 bootstraps=286
node=5010/7814 op=gather seconds=269.584 eta_seconds=150.881 bootstraps=286
node=5020/7814 op=cheb seconds=269.769 eta_seconds=150.146 bootstraps=286
node=5030/7814 op=scatter seconds=270.994 eta_seconds=149.99 bootstraps=288
node=5040/7814 op=scatter seconds=271.109 eta_seconds=149.218 bootstraps=288
node=5050/7814 op=repeat seconds=271.25 eta_seconds=148.463 bootstraps=288
node=5060/7814 op=sum seconds=271.409 eta_seconds=147.72 bootstraps=288
node=5070/7814 op=add seconds=271.58 eta_seconds=146.985 bootstraps=288
node=5080/7814 op=repeat seconds=272.746 eta_seconds=146.789 bootstraps=290
node=5090/7814 op=mul seconds=274.357 eta_seconds=146.827 bootstraps=292
node=5100/7814 op=gather seconds=275.699 eta_seconds=146.715 bootstraps=294
node=5110/7814 op=mul seconds=275.752 eta_seconds=145.917 bootstraps=294
node=5120/7814 op=mul seconds=277.013 eta_seconds=145.756 bootstraps=296
node=5130/7814 op=cheb seconds=277.271 eta_seconds=145.067 bootstraps=296
node=5140/7814 op=addp seconds=277.415 eta_seconds=144.32 bootstraps=296
node=5150/7814 op=mul seconds=277.532 eta_seconds=143.562 bootstraps=296
node=5160/7814 op=mul seconds=277.712 eta_seconds=142.839 bootstraps=296
node=5170/7814 op=mul seconds=277.799 eta_seconds=142.07 bootstraps=296
node=5180/7814 op=scatter seconds=278.988 eta_seconds=141.864 bootstraps=298
node=5190/7814 op=add seconds=279.199 eta_seconds=141.16 bootstraps=298
node=5200/7814 op=repeat seconds=279.403 eta_seconds=140.454 bootstraps=298
node=5210/7814 op=linear_ref seconds=279.797 eta_seconds=139.845 bootstraps=298
node=5220/7814 op=mulp seconds=280.717 eta_seconds=139.498 bootstraps=300
node=5230/7814 op=sum seconds=282.391 eta_seconds=139.522 bootstraps=302
node=5240/7814 op=gather seconds=283.726 eta_seconds=139.372 bootstraps=304
node=5250/7814 op=mulp seconds=283.782 eta_seconds=138.594 bootstraps=304
node=5260/7814 op=cheb seconds=285.109 eta_seconds=138.435 bootstraps=306
node=5270/7814 op=repeat seconds=285.39 eta_seconds=137.767 bootstraps=306
node=5280/7814 op=addp seconds=285.502 eta_seconds=137.02 bootstraps=306
node=5290/7814 op=addp seconds=285.872 eta_seconds=136.397 bootstraps=306
node=5300/7814 op=add seconds=286.888 eta_seconds=136.083 bootstraps=308
node=5310/7814 op=mul seconds=287.043 eta_seconds=135.359 bootstraps=308
node=5320/7814 op=mul seconds=287.161 eta_seconds=134.62 bootstraps=308
node=5330/7814 op=sum seconds=287.312 eta_seconds=133.899 bootstraps=308
node=5340/7814 op=add seconds=287.419 eta_seconds=133.16 bootstraps=308
node=5350/7814 op=mul seconds=288.754 eta_seconds=132.989 bootstraps=310
node=5360/7814 op=gather seconds=289.17 eta_seconds=132.392 bootstraps=310
node=5370/7814 op=addp seconds=290.431 eta_seconds=132.181 bootstraps=312
node=5380/7814 op=gather seconds=291.758 eta_seconds=131.996 bootstraps=314
node=5390/7814 op=mulp seconds=291.881 eta_seconds=131.265 bootstraps=314
node=5400/7814 op=cheb seconds=293.247 eta_seconds=131.092 bootstraps=316
node=5410/7814 op=cheb seconds=293.436 eta_seconds=130.392 bootstraps=316
node=5420/7814 op=repeat seconds=293.53 eta_seconds=129.652 bootstraps=316
node=5430/7814 op=add seconds=293.622 eta_seconds=128.913 bootstraps=316
node=5440/7814 op=mul seconds=293.775 eta_seconds=128.202 bootstraps=316
node=5450/7814 op=add seconds=294.931 eta_seconds=127.93 bootstraps=318
node=5460/7814 op=add seconds=295.058 eta_seconds=127.21 bootstraps=318
node=5470/7814 op=repeat seconds=295.301 eta_seconds=126.542 bootstraps=318
node=5480/7814 op=sum seconds=295.458 eta_seconds=125.839 bootstraps=318
node=5490/7814 op=sum seconds=295.794 eta_seconds=125.214 bootstraps=318
node=5500/7814 op=cheb seconds=298.005 eta_seconds=125.379 bootstraps=322
node=5510/7814 op=repeat seconds=299.187 eta_seconds=125.105 bootstraps=324
node=5520/7814 op=gather seconds=299.639 eta_seconds=124.524 bootstraps=324
node=5530/7814 op=addp seconds=299.754 eta_seconds=123.804 bootstraps=324
node=5540/7814 op=repeat seconds=301.177 eta_seconds=123.624 bootstraps=326
node=5550/7814 op=cheb seconds=301.351 eta_seconds=122.93 bootstraps=326
node=5560/7814 op=mul seconds=301.469 eta_seconds=122.214 bootstraps=326
node=5570/7814 op=gather seconds=301.621 eta_seconds=121.515 bootstraps=326
node=5580/7814 op=mul seconds=301.692 eta_seconds=120.785 bootstraps=326
node=5590/7814 op=scatter seconds=302.985 eta_seconds=120.543 bootstraps=328
node=5600/7814 op=sum seconds=303.094 eta_seconds=119.831 bootstraps=328
node=5610/7814 op=add seconds=303.278 eta_seconds=119.149 bootstraps=328
node=5620/7814 op=repeat seconds=303.5 eta_seconds=118.484 bootstraps=328
node=5630/7814 op=addp seconds=304.61 eta_seconds=118.165 bootstraps=330
node=5640/7814 op=linear_ref seconds=306.325 eta_seconds=118.076 bootstraps=332
node=5650/7814 op=mulp seconds=307.245 eta_seconds=117.677 bootstraps=334
node=5660/7814 op=addp seconds=307.692 eta_seconds=117.097 bootstraps=334
node=5670/7814 op=cheb seconds=308.8 eta_seconds=116.767 bootstraps=336
node=5680/7814 op=cheb seconds=309.673 eta_seconds=116.345 bootstraps=336
node=5690/7814 op=repeat seconds=309.886 eta_seconds=115.676 bootstraps=336
node=5700/7814 op=gather seconds=310.204 eta_seconds=115.048 bootstraps=336
node=5710/7814 op=mulp seconds=311.337 eta_seconds=114.72 bootstraps=338
node=5720/7814 op=mul seconds=311.49 eta_seconds=114.032 bootstraps=338
node=5730/7814 op=scatter seconds=311.605 eta_seconds=113.331 bootstraps=338
node=5740/7814 op=repeat seconds=311.733 eta_seconds=112.636 bootstraps=338
node=5750/7814 op=sum seconds=311.892 eta_seconds=111.956 bootstraps=338
node=5760/7814 op=add seconds=312.071 eta_seconds=111.284 bootstraps=338
node=5770/7814 op=repeat seconds=313.244 eta_seconds=110.965 bootstraps=340
node=5780/7814 op=mul seconds=314.847 eta_seconds=110.796 bootstraps=342
node=5790/7814 op=gather seconds=316.178 eta_seconds=110.526 bootstraps=344
node=5800/7814 op=mul seconds=316.231 eta_seconds=109.809 bootstraps=344
node=5810/7814 op=mul seconds=317.501 eta_seconds=109.513 bootstraps=346
node=5820/7814 op=cheb seconds=317.789 eta_seconds=108.878 bootstraps=346
node=5830/7814 op=addp seconds=317.917 eta_seconds=108.19 bootstraps=346
node=5840/7814 op=scatter seconds=318.291 eta_seconds=107.587 bootstraps=346
node=5850/7814 op=mul seconds=319.307 eta_seconds=107.2 bootstraps=348
node=5860/7814 op=mulp seconds=319.462 eta_seconds=106.524 bootstraps=348
node=5870/7814 op=mul seconds=319.577 eta_seconds=105.836 bootstraps=348
node=5880/7814 op=add seconds=319.69 eta_seconds=105.15 bootstraps=348
node=5890/7814 op=repeat seconds=319.838 eta_seconds=104.477 bootstraps=348
node=5900/7814 op=linear_ref seconds=321.176 eta_seconds=104.192 bootstraps=350
node=5910/7814 op=mulp seconds=321.259 eta_seconds=103.499 bootstraps=350
node=5920/7814 op=sum seconds=322.842 eta_seconds=103.288 bootstraps=352
node=5930/7814 op=gather seconds=324.178 eta_seconds=102.994 bootstraps=354
node=5940/7814 op=mulp seconds=324.234 eta_seconds=102.292 bootstraps=354
node=5950/7814 op=cheb seconds=325.565 eta_seconds=101.992 bootstraps=356
node=5960/7814 op=repeat seconds=325.818 eta_seconds=101.353 bootstraps=356
node=5970/7814 op=addp seconds=325.897 eta_seconds=100.662 bootstraps=356
node=5980/7814 op=gather seconds=326.044 eta_seconds=99.9941 bootstraps=356
node=5990/7814 op=add seconds=326.188 eta_seconds=99.3267 bootstraps=356
node=6000/7814 op=add seconds=327.353 eta_seconds=98.9698 bootstraps=358
node=6010/7814 op=mul seconds=327.514 eta_seconds=98.3086 bootstraps=358
node=6020/7814 op=sum seconds=327.666 eta_seconds=97.6467 bootstraps=358
node=6030/7814 op=add seconds=327.773 eta_seconds=96.973 bootstraps=358
node=6040/7814 op=mul seconds=329.104 eta_seconds=96.6608 bootstraps=360
node=6050/7814 op=gather seconds=329.52 eta_seconds=96.0782 bootstraps=360
node=6060/7814 op=addp seconds=330.817 eta_seconds=95.7515 bootstraps=362
client_token=1614 logit_margin=0.201378
node=6070/7814 op=addp seconds=331.921 eta_seconds=95.3658 bootstraps=364
node=6080/7814 op=gather seconds=332.794 eta_seconds=94.9121 bootstraps=364
node=6090/7814 op=cheb seconds=333.594 eta_seconds=94.4361 bootstraps=364
node=6100/7814 op=mulp seconds=333.805 eta_seconds=93.7936 bootstraps=364
node=6110/7814 op=cheb seconds=334.025 eta_seconds=93.1554 bootstraps=364
node=6120/7814 op=mul seconds=334.174 eta_seconds=92.4985 bootstraps=364
node=6130/7814 op=gather seconds=334.286 eta_seconds=91.8333 bootstraps=364
node=6140/7814 op=add seconds=334.432 eta_seconds=91.1789 bootstraps=364
node=6150/7814 op=mul seconds=334.585 eta_seconds=90.5283 bootstraps=364
node=6160/7814 op=scatter seconds=335.636 eta_seconds=90.1204 bootstraps=366
node=6170/7814 op=mul seconds=335.786 eta_seconds=89.4703 bootstraps=366
node=6180/7814 op=mul seconds=335.893 eta_seconds=88.8107 bootstraps=366
node=6190/7814 op=mul seconds=336.037 eta_seconds=88.1623 bootstraps=366
node=6200/7814 op=cheb seconds=337.367 eta_seconds=87.8243 bootstraps=368
node=6210/7814 op=add seconds=338.933 eta_seconds=87.544 bootstraps=370
node=6220/7814 op=linear_ref seconds=340.224 eta_seconds=87.1893 bootstraps=372
node=6230/7814 op=mul seconds=340.251 eta_seconds=86.5101 bootstraps=372
node=6240/7814 op=cheb seconds=341.54 eta_seconds=86.1512 bootstraps=374
node=6250/7814 op=cheb seconds=341.774 eta_seconds=85.5255 bootstraps=374
node=6260/7814 op=repeat seconds=341.957 eta_seconds=84.8885 bootstraps=374
node=6270/7814 op=mul seconds=342.071 eta_seconds=84.2357 bootstraps=374
node=6280/7814 op=add seconds=342.246 eta_seconds=83.5997 bootstraps=374
node=6290/7814 op=cheb seconds=342.383 eta_seconds=82.9558 bootstraps=374
node=6300/7814 op=add seconds=343.58 eta_seconds=82.5682 bootstraps=376
node=6310/7814 op=repeat seconds=343.726 eta_seconds=81.9277 bootstraps=376
node=6320/7814 op=sum seconds=343.888 eta_seconds=81.2926 bootstraps=376
node=6330/7814 op=add seconds=344.06 eta_seconds=80.6611 bootstraps=376
node=6340/7814 op=mul seconds=345.24 eta_seconds=80.2655 bootstraps=378
node=6350/7814 op=gather seconds=345.703 eta_seconds=79.7022 bootstraps=378
node=6360/7814 op=addp seconds=346.959 eta_seconds=79.3206 bootstraps=380
node=6370/7814 op=gather seconds=348.293 eta_seconds=78.9537 bootstraps=382
node=6380/7814 op=mul seconds=348.344 eta_seconds=78.2956 bootstraps=382
node=6390/7814 op=repeat seconds=349.941 eta_seconds=77.9838 bootstraps=384
node=6400/7814 op=cheb seconds=350.108 eta_seconds=77.352 bootstraps=384
node=6410/7814 op=mul seconds=350.25 eta_seconds=76.7162 bootstraps=384
node=6420/7814 op=gather seconds=350.43 eta_seconds=76.0902 bootstraps=384
node=6430/7814 op=mulp seconds=350.512 eta_seconds=75.4446 bootstraps=384
node=6440/7814 op=add seconds=351.697 eta_seconds=75.0359 bootstraps=386
node=6450/7814 op=mul seconds=351.82 eta_seconds=74.4004 bootstraps=386
node=6460/7814 op=mul seconds=352.015 eta_seconds=73.7814 bootstraps=386
node=6470/7814 op=mul seconds=352.177 eta_seconds=73.157 bootstraps=386
node=6480/7814 op=mul seconds=352.412 eta_seconds=72.5489 bootstraps=386
node=6490/7814 op=cheb seconds=353.544 eta_seconds=72.1251 bootstraps=388
node=6500/7814 op=add seconds=355.144 eta_seconds=71.7937 bootstraps=390
node=6510/7814 op=linear_ref seconds=356.406 eta_seconds=71.3906 bootstraps=392
node=6520/7814 op=mul seconds=356.432 eta_seconds=70.7397 bootstraps=392
node=6530/7814 op=cheb seconds=357.724 eta_seconds=70.3396 bootstraps=394
node=6540/7814 op=cheb seconds=357.953 eta_seconds=69.7298 bootstraps=394
node=6550/7814 op=repeat seconds=358.094 eta_seconds=69.104 bootstraps=394
node=6560/7814 op=mul seconds=358.214 eta_seconds=68.4757 bootstraps=394
node=6570/7814 op=add seconds=358.399 eta_seconds=67.8612 bootstraps=394
node=6580/7814 op=mul seconds=358.487 eta_seconds=67.2299 bootstraps=394
node=6590/7814 op=scatter seconds=359.633 eta_seconds=66.7967 bootstraps=396
node=6600/7814 op=repeat seconds=359.851 eta_seconds=66.1909 bootstraps=396
node=6610/7814 op=sum seconds=359.969 eta_seconds=65.5677 bootstraps=396
node=6620/7814 op=add seconds=360.076 eta_seconds=64.9441 bootstraps=396
node=6630/7814 op=mul seconds=361.39 eta_seconds=64.5379 bootstraps=398
node=6640/7814 op=gather seconds=362.655 eta_seconds=64.1201 bootstraps=400
node=6650/7814 op=addp seconds=363.896 eta_seconds=63.6955 bootstraps=402
node=6660/7814 op=gather seconds=365.153 eta_seconds=63.2712 bootstraps=404
node=6670/7814 op=sum seconds=365.184 eta_seconds=62.6343 bootstraps=404
node=6680/7814 op=repeat seconds=366.837 eta_seconds=62.2744 bootstraps=406
node=6690/7814 op=cheb seconds=367.026 eta_seconds=61.6647 bootstraps=406
node=6700/7814 op=mul seconds=367.16 eta_seconds=61.0472 bootstraps=406
node=6710/7814 op=mulp seconds=367.411 eta_seconds=60.4504 bootstraps=406
node=6720/7814 op=add seconds=368.551 eta_seconds=59.9993 bootstraps=408
node=6730/7814 op=add seconds=368.704 eta_seconds=59.3871 bootstraps=408
node=6740/7814 op=mul seconds=368.822 eta_seconds=58.7707 bootstraps=408
node=6750/7814 op=mul seconds=369.009 eta_seconds=58.1667 bootstraps=408
node=6760/7814 op=mul seconds=369.158 eta_seconds=57.5581 bootstraps=408
node=6770/7814 op=mul seconds=369.38 eta_seconds=56.962 bootstraps=408
node=6780/7814 op=cheb seconds=370.511 eta_seconds=56.5057 bootstraps=410
node=6790/7814 op=add seconds=372.137 eta_seconds=56.122 bootstraps=412
node=6800/7814 op=linear_ref seconds=373.473 eta_seconds=55.6914 bootstraps=414
node=6810/7814 op=cheb seconds=373.526 eta_seconds=55.069 bootstraps=414
node=6820/7814 op=cheb seconds=374.786 eta_seconds=54.6242 bootstraps=416
node=6830/7814 op=cheb seconds=375.029 eta_seconds=54.0305 bootstraps=416
node=6840/7814 op=repeat seconds=375.188 eta_seconds=53.4259 bootstraps=416
node=6850/7814 op=mul seconds=375.307 eta_seconds=52.817 bootstraps=416
node=6860/7814 op=add seconds=375.487 eta_seconds=52.2179 bootstraps=416
node=6870/7814 op=mul seconds=375.574 eta_seconds=51.6073 bootstraps=416
node=6880/7814 op=scatter seconds=376.732 eta_seconds=51.1436 bootstraps=418
node=6890/7814 op=repeat seconds=376.983 eta_seconds=50.5563 bootstraps=418
node=6900/7814 op=sum seconds=377.142 eta_seconds=49.9577 bootstraps=418
node=6910/7814 op=add seconds=377.292 eta_seconds=49.3592 bootstraps=418
node=6920/7814 op=mul seconds=377.684 eta_seconds=48.7933 bootstraps=418
node=6930/7814 op=gather seconds=379.009 eta_seconds=48.3468 bootstraps=420
node=6940/7814 op=addp seconds=380.26 eta_seconds=47.8887 bootstraps=422
node=6950/7814 op=gather seconds=381.591 eta_seconds=47.438 bootstraps=424
node=6960/7814 op=mul seconds=381.642 eta_seconds=46.8279 bootstraps=424
node=6970/7814 op=repeat seconds=383.059 eta_seconds=46.3848 bootstraps=426
node=6980/7814 op=mulp seconds=383.251 eta_seconds=45.7925 bootstraps=426
node=6990/7814 op=gather seconds=383.428 eta_seconds=45.1995 bootstraps=426
node=7000/7814 op=mul seconds=383.694 eta_seconds=44.6182 bootstraps=426
node=7010/7814 op=scatter seconds=384.819 eta_seconds=44.1362 bootstraps=428
node=7020/7814 op=add seconds=384.868 eta_seconds=43.5307 bootstraps=428
node=7030/7814 op=mul seconds=384.988 eta_seconds=42.9346 bootstraps=428
node=7040/7814 op=mul seconds=385.139 eta_seconds=42.3434 bootstraps=428
node=7050/7814 op=mul seconds=385.247 eta_seconds=41.7488 bootstraps=428
node=7060/7814 op=mul seconds=385.392 eta_seconds=41.1594 bootstraps=428
node=7070/7814 op=cheb seconds=386.682 eta_seconds=40.6918 bootstraps=430
node=7080/7814 op=add seconds=388.292 eta_seconds=40.2552 bootstraps=432
node=7090/7814 op=linear_ref seconds=389.618 eta_seconds=39.786 bootstraps=434
node=7100/7814 op=cheb seconds=389.675 eta_seconds=39.187 bootstraps=434
node=7110/7814 op=addp seconds=389.773 eta_seconds=38.5936 bootstraps=434
node=7120/7814 op=mul seconds=391.223 eta_seconds=38.1332 bootstraps=436
node=7130/7814 op=repeat seconds=391.381 eta_seconds=37.5462 bootstraps=436
node=7140/7814 op=mul seconds=391.489 eta_seconds=36.9557 bootstraps=436
node=7150/7814 op=mul seconds=391.643 eta_seconds=36.3707 bootstraps=436
node=7160/7814 op=mul seconds=391.716 eta_seconds=35.7796 bootstraps=436
node=7170/7814 op=add seconds=392.909 eta_seconds=35.2906 bootstraps=438
node=7180/7814 op=repeat seconds=393.058 eta_seconds=34.7073 bootstraps=438
node=7190/7814 op=sum seconds=393.216 eta_seconds=34.1261 bootstraps=438
node=7200/7814 op=add seconds=393.366 eta_seconds=33.5454 bootstraps=438
node=7210/7814 op=mul seconds=393.741 eta_seconds=32.9847 bootstraps=438
node=7220/7814 op=gather seconds=395.064 eta_seconds=32.5025 bootstraps=440
node=7230/7814 op=addp seconds=396.261 eta_seconds=32.0078 bootstraps=442
node=7240/7814 op=gather seconds=397.592 eta_seconds=31.5218 bootstraps=444
node=7250/7814 op=sum seconds=397.716 eta_seconds=30.9396 bootstraps=444
node=7260/7814 op=cheb seconds=399.06 eta_seconds=30.4517 bootstraps=446
node=7270/7814 op=mul seconds=399.279 eta_seconds=29.8773 bootstraps=446
node=7280/7814 op=gather seconds=399.393 eta_seconds=29.2961 bootstraps=446
node=7290/7814 op=scatter seconds=399.503 eta_seconds=28.716 bootstraps=446
node=7300/7814 op=gather seconds=399.627 eta_seconds=28.1381 bootstraps=446
node=7310/7814 op=add seconds=400.863 eta_seconds=27.6381 bootstraps=448
node=7320/7814 op=mul seconds=400.988 eta_seconds=27.0612 bootstraps=448
node=7330/7814 op=mul seconds=401.17 eta_seconds=26.4893 bootstraps=448
node=7340/7814 op=mul seconds=401.352 eta_seconds=25.9183 bootstraps=448
node=7350/7814 op=mul seconds=401.575 eta_seconds=25.3511 bootstraps=448
node=7360/7814 op=cheb seconds=402.718 eta_seconds=24.8416 bootstraps=450
node=7370/7814 op=add seconds=404.393 eta_seconds=24.3624 bootstraps=452
node=7380/7814 op=linear_ref seconds=405.722 eta_seconds=23.8595 bootstraps=454
node=7390/7814 op=mul seconds=405.758 eta_seconds=23.2803 bootstraps=454
node=7400/7814 op=cheb seconds=407.49 eta_seconds=22.7974 bootstraps=456
node=7410/7814 op=cheb seconds=407.742 eta_seconds=22.2305 bootstraps=456
node=7420/7814 op=addp seconds=407.942 eta_seconds=21.6616 bootstraps=456
node=7430/7814 op=scatter seconds=408.287 eta_seconds=21.1013 bootstraps=456
node=7440/7814 op=add seconds=409.383 eta_seconds=20.5792 bootstraps=458
node=7450/7814 op=mul seconds=409.542 eta_seconds=20.0098 bootstraps=458
node=7460/7814 op=add seconds=409.656 eta_seconds=19.4394 bootstraps=458
node=7470/7814 op=repeat seconds=409.797 eta_seconds=18.8715 bootstraps=458
node=7480/7814 op=sum seconds=409.954 eta_seconds=18.3054 bootstraps=458
node=7490/7814 op=add seconds=410.124 eta_seconds=17.741 bootstraps=458
node=7500/7814 op=mul seconds=411.302 eta_seconds=17.2198 bootstraps=460
node=7510/7814 op=gather seconds=411.751 eta_seconds=16.6674 bootstraps=460
node=7520/7814 op=addp seconds=413.009 eta_seconds=16.1469 bootstraps=462
node=7530/7814 op=gather seconds=414.336 eta_seconds=15.627 bootstraps=464
node=7540/7814 op=mul seconds=414.388 eta_seconds=15.0587 bootstraps=464
node=7550/7814 op=repeat seconds=415.801 eta_seconds=14.5393 bootstraps=466
node=7560/7814 op=mulp seconds=415.993 eta_seconds=13.9765 bootstraps=466
node=7570/7814 op=gather seconds=416.168 eta_seconds=13.4141 bootstraps=466
node=7580/7814 op=mul seconds=416.435 eta_seconds=12.8556 bootstraps=466
node=7590/7814 op=scatter seconds=417.555 eta_seconds=12.3231 bootstraps=468
node=7600/7814 op=add seconds=417.605 eta_seconds=11.7589 bootstraps=468
node=7610/7814 op=mul seconds=417.728 eta_seconds=11.198 bootstraps=468
node=7620/7814 op=mul seconds=417.88 eta_seconds=10.639 bootstraps=468
node=7630/7814 op=mul seconds=417.989 eta_seconds=10.0799 bootstraps=468
node=7640/7814 op=mul seconds=418.135 eta_seconds=9.52297 bootstraps=468
node=7650/7814 op=cheb seconds=419.438 eta_seconds=8.99187 bootstraps=470
node=7660/7814 op=add seconds=421.041 eta_seconds=8.46479 bootstraps=472
node=7670/7814 op=linear_ref seconds=422.376 eta_seconds=7.92987 bootstraps=474
node=7680/7814 op=cheb seconds=422.432 eta_seconds=7.37056 bootstraps=474
node=7690/7814 op=cheb seconds=423.701 eta_seconds=6.83211 bootstraps=476
node=7700/7814 op=cheb seconds=423.949 eta_seconds=6.27665 bootstraps=476
node=7710/7814 op=repeat seconds=424.09 eta_seconds=5.72053 bootstraps=476
node=7720/7814 op=mul seconds=424.21 eta_seconds=5.16525 bootstraps=476
node=7730/7814 op=add seconds=424.396 eta_seconds=4.61181 bootstraps=476
node=7740/7814 op=cheb seconds=424.539 eta_seconds=4.0589 bootstraps=476
node=7750/7814 op=add seconds=425.719 eta_seconds=3.51562 bootstraps=478
node=7760/7814 op=repeat seconds=425.835 eta_seconds=2.96328 bootstraps=478
node=7770/7814 op=sum seconds=425.952 eta_seconds=2.41208 bootstraps=478
node=7780/7814 op=add seconds=426.058 eta_seconds=1.86195 bootstraps=478
node=7790/7814 op=mul seconds=427.375 eta_seconds=1.31669 bootstraps=480
node=7800/7814 op=gather seconds=427.788 eta_seconds=0.767824 bootstraps=480
node=7810/7814 op=addp seconds=429.079 eta_seconds=0.219759 bootstraps=482
node=7814/7814 op=mulp seconds=429.989 eta_seconds=0 bootstraps=484
client_token=315 logit_margin=0.674904
passed=1 polynomial_error=4.06186e-07 exact_error=4.66604e-05 eval_seconds=430.068
