GPU 0: NVIDIA GB10
 SMs: 48, SharedMem: 100 KB, Blocks/SM: 24, Threads/SM: 1536, L2 size: 24 MB, Bus: 256-bit
Adding bootstrap precomputation to GPU for 32768 slots.
Plaintexts loaded: 248 ~ 6262MB
Rotation keys loaded: 85 ~ 15300MB
setup_seconds=26.4844
planned_logical_refreshes=4
node=1/127 op=public seconds=0.198598 eta_seconds=25.0233 bootstraps=0
node=11/127 op=mulp seconds=0.934335 eta_seconds=9.85299 bootstraps=0
node=21/127 op=addp seconds=3.06769 eta_seconds=15.4845 bootstraps=0
node=31/127 op=mulp seconds=4.14675 eta_seconds=12.8415 bootstraps=0
node=41/127 op=mul seconds=4.74219 eta_seconds=9.94703 bootstraps=0
node=51/127 op=repeat seconds=5.30487 eta_seconds=7.90529 bootstraps=0
node=61/127 op=mul seconds=5.88858 eta_seconds=6.37125 bootstraps=0
node=71/127 op=gather seconds=6.9455 eta_seconds=5.47814 bootstraps=0
node=81/127 op=scatter seconds=7.50917 eta_seconds=4.26447 bootstraps=0
node=91/127 op=mul seconds=7.96927 eta_seconds=3.15268 bootstraps=0
node=101/127 op=linear seconds=10.6829 eta_seconds=2.75005 bootstraps=2
node=111/127 op=mulp seconds=12.1581 eta_seconds=1.75252 bootstraps=4
node=121/127 op=sum seconds=14.7939 eta_seconds=0.733581 bootstraps=6
node=127/127 op=mulp seconds=16.3374 eta_seconds=0 bootstraps=8
passed=1 polynomial_error=1.21913e-05 exact_error=1.16027e-05 eval_seconds=16.3379
