GPU 0: NVIDIA GB10
 SMs: 48, SharedMem: 100 KB, Blocks/SM: 24, Threads/SM: 1536, L2 size: 24 MB, Bus: 256-bit
Adding bootstrap precomputation to GPU for 32768 slots.
Plaintexts loaded: 248 ~ 6262MB
Rotation keys loaded: 85 ~ 15300MB
setup_seconds=26.8676
planned_logical_refreshes=899
node=10/7910 op=public seconds=1.42248 eta_seconds=1123.76 bootstraps=0
node=20/7910 op=repeat seconds=2.35762 eta_seconds=930.079 bootstraps=0
node=30/7910 op=gather seconds=4.01042 eta_seconds=1053.4 bootstraps=0
node=40/7910 op=cheb seconds=5.09288 eta_seconds=1002.03 bootstraps=0
node=50/7910 op=mul seconds=5.61274 eta_seconds=882.323 bootstraps=0
node=60/7910 op=repeat seconds=5.97554 eta_seconds=781.799 bootstraps=0
node=70/7910 op=add seconds=6.39554 eta_seconds=716.301 bootstraps=0
node=80/7910 op=mul seconds=7.27723 eta_seconds=712.259 bootstraps=0
node=90/7910 op=gather seconds=7.6321 eta_seconds=663.145 bootstraps=0
node=100/7910 op=input seconds=8.21672 eta_seconds=641.725 bootstraps=0
node=110/7910 op=linear_ref seconds=10.1927 eta_seconds=722.754 bootstraps=0
node=120/7910 op=cheb seconds=10.5279 eta_seconds=683.434 bootstraps=0
node=130/7910 op=add seconds=12.4698 eta_seconds=746.27 bootstraps=0
node=140/7910 op=mulp seconds=13.0682 eta_seconds=725.287 bootstraps=0
node=150/7910 op=addp seconds=13.4101 eta_seconds=693.748 bootstraps=0
node=160/7910 op=mul seconds=13.8191 eta_seconds=669.361 bootstraps=0
node=170/7910 op=gather seconds=14.7014 eta_seconds=669.348 bootstraps=0
node=180/7910 op=add seconds=14.897 eta_seconds=639.744 bootstraps=0
node=190/7910 op=mul seconds=15.2609 eta_seconds=620.075 bootstraps=0
node=200/7910 op=repeat seconds=17.3426 eta_seconds=668.559 bootstraps=2
node=210/7910 op=addp seconds=18.0239 eta_seconds=660.877 bootstraps=2
node=220/7910 op=mul seconds=18.3915 eta_seconds=642.868 bootstraps=2
node=230/7910 op=mul seconds=19.1476 eta_seconds=639.362 bootstraps=2
node=240/7910 op=scatter seconds=21.9219 eta_seconds=700.588 bootstraps=4
node=250/7910 op=linear_ref seconds=23.3495 eta_seconds=715.429 bootstraps=4
node=260/7910 op=mulp seconds=25.0019 eta_seconds=735.633 bootstraps=6
node=270/7910 op=mul seconds=25.5966 eta_seconds=724.288 bootstraps=6
node=280/7910 op=repeat seconds=25.8202 eta_seconds=703.602 bootstraps=6
node=290/7910 op=gather seconds=26.4052 eta_seconds=693.82 bootstraps=6
node=300/7910 op=addp seconds=26.4463 eta_seconds=670.855 bootstraps=6
node=310/7910 op=cheb seconds=29.1042 eta_seconds=713.521 bootstraps=8
node=320/7910 op=repeat seconds=29.4722 eta_seconds=699.044 bootstraps=8
node=330/7910 op=mul seconds=29.7357 eta_seconds=683.019 bootstraps=8
node=340/7910 op=add seconds=30.1749 eta_seconds=671.835 bootstraps=8
node=350/7910 op=mulp seconds=30.9931 eta_seconds=669.451 bootstraps=8
node=360/7910 op=add seconds=33.4132 eta_seconds=700.749 bootstraps=10
node=370/7910 op=linear seconds=34.156 eta_seconds=696.044 bootstraps=10
node=380/7910 op=cheb seconds=34.3852 eta_seconds=681.369 bootstraps=10
node=390/7910 op=mul seconds=34.8595 eta_seconds=672.163 bootstraps=10
node=400/7910 op=gather seconds=35.1541 eta_seconds=660.019 bootstraps=10
node=410/7910 op=scatter seconds=35.4549 eta_seconds=648.565 bootstraps=10
node=420/7910 op=gather seconds=35.8289 eta_seconds=638.95 bootstraps=10
node=430/7910 op=gather seconds=38.3769 eta_seconds=667.58 bootstraps=12
node=440/7910 op=add seconds=39.0457 eta_seconds=662.889 bootstraps=12
node=450/7910 op=mul seconds=39.3816 eta_seconds=652.86 bootstraps=12
node=460/7910 op=scatter seconds=39.9528 eta_seconds=647.062 bootstraps=12
node=470/7910 op=addp seconds=41.9954 eta_seconds=664.778 bootstraps=14
node=480/7910 op=cheb seconds=44.2525 eta_seconds=684.992 bootstraps=16
node=490/7910 op=gather seconds=44.9183 eta_seconds=680.191 bootstraps=16
node=500/7910 op=mulp seconds=44.9926 eta_seconds=666.791 bootstraps=16
node=510/7910 op=mulp seconds=45.5943 eta_seconds=661.565 bootstraps=16
node=520/7910 op=cheb seconds=48.067 eta_seconds=683.105 bootstraps=18
node=530/7910 op=addp seconds=48.3472 eta_seconds=673.212 bootstraps=18
node=540/7910 op=mul seconds=48.6258 eta_seconds=663.653 bootstraps=18
node=550/7910 op=mul seconds=49.079 eta_seconds=656.766 bootstraps=18
node=560/7910 op=mulp seconds=49.5405 eta_seconds=650.219 bootstraps=18
node=570/7910 op=addp seconds=50.179 eta_seconds=646.164 bootstraps=18
node=580/7910 op=mulp seconds=50.2495 eta_seconds=635.049 bootstraps=18
node=590/7910 op=add seconds=52.9097 eta_seconds=656.438 bootstraps=20
node=600/7910 op=mul seconds=53.5954 eta_seconds=652.97 bootstraps=20
node=610/7910 op=repeat seconds=54.7472 eta_seconds=655.171 bootstraps=20
node=620/7910 op=cheb seconds=55.0856 eta_seconds=647.7 bootstraps=20
node=630/7910 op=mul seconds=55.4011 eta_seconds=640.19 bootstraps=20
node=640/7910 op=gather seconds=55.8524 eta_seconds=634.448 bootstraps=20
node=650/7910 op=mulp seconds=56.0562 eta_seconds=626.104 bootstraps=20
node=660/7910 op=gather seconds=58.6788 eta_seconds=644.578 bootstraps=22
node=670/7910 op=add seconds=59.3595 eta_seconds=641.437 bootstraps=22
node=680/7910 op=mul seconds=59.7504 eta_seconds=635.287 bootstraps=22
node=690/7910 op=add seconds=60.3235 eta_seconds=631.211 bootstraps=22
node=700/7910 op=sum seconds=62.3441 eta_seconds=642.144 bootstraps=24
node=710/7910 op=gather seconds=63.0506 eta_seconds=639.386 bootstraps=24
node=720/7910 op=gather seconds=65.0966 eta_seconds=650.061 bootstraps=26
node=730/7910 op=sum seconds=65.149 eta_seconds=640.781 bootstraps=26
node=740/7910 op=sum seconds=65.7143 eta_seconds=636.718 bootstraps=26
node=750/7910 op=add seconds=68.0266 eta_seconds=649.427 bootstraps=28
node=760/7910 op=mulp seconds=68.3838 eta_seconds=643.348 bootstraps=28
node=770/7910 op=add seconds=68.6762 eta_seconds=636.816 bootstraps=28
node=780/7910 op=mulp seconds=69.1483 eta_seconds=632.086 bootstraps=28
node=790/7910 op=repeat seconds=69.6198 eta_seconds=627.46 bootstraps=28
node=800/7910 op=gather seconds=70.1431 eta_seconds=623.397 bootstraps=28
node=810/7910 op=addp seconds=70.1852 eta_seconds=615.204 bootstraps=28
node=820/7910 op=scatter seconds=72.8476 eta_seconds=629.865 bootstraps=30
node=830/7910 op=cheb seconds=73.5713 eta_seconds=627.572 bootstraps=30
node=840/7910 op=cheb seconds=74.0613 eta_seconds=623.349 bootstraps=30
node=850/7910 op=repeat seconds=74.3483 eta_seconds=617.528 bootstraps=30
node=860/7910 op=mul seconds=74.6285 eta_seconds=611.78 bootstraps=30
node=870/7910 op=add seconds=75.0957 eta_seconds=607.671 bootstraps=30
node=880/7910 op=mul seconds=75.3198 eta_seconds=601.703 bootstraps=30
node=890/7910 op=addp seconds=77.6852 eta_seconds=612.753 bootstraps=32
node=900/7910 op=add seconds=78.3486 eta_seconds=610.249 bootstraps=32
node=910/7910 op=repeat seconds=78.7006 eta_seconds=605.389 bootstraps=32
node=920/7910 op=gather seconds=80.6967 eta_seconds=613.12 bootstraps=34
node=930/7910 op=linear seconds=83.3751 eta_seconds=625.761 bootstraps=36
node=940/7910 op=mulp seconds=83.5458 eta_seconds=619.483 bootstraps=36
node=950/7910 op=gather seconds=86.0672 eta_seconds=630.556 bootstraps=38
node=960/7910 op=addp seconds=86.1179 eta_seconds=623.458 bootstraps=38
node=970/7910 op=mul seconds=86.6759 eta_seconds=620.135 bootstraps=38
node=980/7910 op=mul seconds=89.072 eta_seconds=629.866 bootstraps=40
node=990/7910 op=repeat seconds=89.4653 eta_seconds=625.354 bootstraps=40
node=1000/7910 op=mul seconds=89.7479 eta_seconds=620.158 bootstraps=40
node=1010/7910 op=cheb seconds=90.4955 eta_seconds=618.237 bootstraps=40
node=1020/7910 op=gather seconds=91.1547 eta_seconds=615.741 bootstraps=40
node=1030/7910 op=sum seconds=91.2076 eta_seconds=609.231 bootstraps=40
node=1040/7910 op=scatter seconds=93.3917 eta_seconds=616.924 bootstraps=42
node=1050/7910 op=scatter seconds=93.6709 eta_seconds=611.983 bootstraps=42
node=1060/7910 op=mul seconds=94.0371 eta_seconds=607.693 bootstraps=42
node=1070/7910 op=cheb seconds=96.9502 eta_seconds=619.757 bootstraps=44
node=1080/7910 op=cheb seconds=97.8507 eta_seconds=618.815 bootstraps=44
node=1090/7910 op=repeat seconds=98.3979 eta_seconds=615.664 bootstraps=44
node=1100/7910 op=addp seconds=98.5693 eta_seconds=610.234 bootstraps=44
node=1110/7910 op=mul seconds=99.2495 eta_seconds=608.015 bootstraps=44
node=1120/7910 op=cheb seconds=101.411 eta_seconds=614.807 bootstraps=46
node=1130/7910 op=mulp seconds=101.865 eta_seconds=611.192 bootstraps=46
node=1140/7910 op=mulp seconds=102.301 eta_seconds=607.525 bootstraps=46
node=1150/7910 op=sum seconds=102.705 eta_seconds=603.728 bootstraps=46
node=1160/7910 op=add seconds=103.074 eta_seconds=599.786 bootstraps=46
node=1170/7910 op=mulp seconds=105.005 eta_seconds=604.901 bootstraps=48
node=1180/7910 op=cheb seconds=105.659 eta_seconds=602.615 bootstraps=48
node=1190/7910 op=mulp seconds=105.707 eta_seconds=596.934 bootstraps=48
node=1200/7910 op=cheb seconds=108.509 eta_seconds=606.744 bootstraps=50
node=1210/7910 op=mul seconds=108.996 eta_seconds=603.53 bootstraps=50
node=1220/7910 op=gather seconds=109.301 eta_seconds=599.365 bootstraps=50
node=1230/7910 op=scatter seconds=109.624 eta_seconds=595.355 bootstraps=50
node=1240/7910 op=gather seconds=110.001 eta_seconds=591.7 bootstraps=50
node=1250/7910 op=sum seconds=110.79 eta_seconds=590.289 bootstraps=50
node=1260/7910 op=add seconds=112.969 eta_seconds=596.227 bootstraps=52
node=1270/7910 op=linear seconds=113.709 eta_seconds=594.51 bootstraps=52
node=1280/7910 op=mulp seconds=113.887 eta_seconds=589.899 bootstraps=52
node=1290/7910 op=addp seconds=114.524 eta_seconds=587.714 bootstraps=52
node=1300/7910 op=mulp seconds=114.596 eta_seconds=582.674 bootstraps=52
node=1310/7910 op=cheb seconds=117.595 eta_seconds=592.461 bootstraps=54
node=1320/7910 op=cheb seconds=118.27 eta_seconds=590.452 bootstraps=54
node=1330/7910 op=repeat seconds=118.459 eta_seconds=586.058 bootstraps=54
node=1340/7910 op=add seconds=118.722 eta_seconds=582.093 bootstraps=54
node=1350/7910 op=mul seconds=119.178 eta_seconds=579.115 bootstraps=54
node=1360/7910 op=add seconds=119.389 eta_seconds=575.001 bootstraps=54
node=1370/7910 op=addp seconds=121.68 eta_seconds=580.867 bootstraps=56
node=1380/7910 op=add seconds=122.353 eta_seconds=578.962 bootstraps=56
node=1390/7910 op=repeat seconds=122.941 eta_seconds=576.675 bootstraps=56
node=1400/7910 op=addp seconds=123.314 eta_seconds=573.411 bootstraps=56
node=1410/7910 op=gather seconds=125.512 eta_seconds=578.603 bootstraps=58
node=1420/7910 op=sum seconds=125.597 eta_seconds=574.031 bootstraps=58
node=1430/7910 op=gather seconds=126.343 eta_seconds=572.521 bootstraps=58
node=1440/7910 op=cheb seconds=128.962 eta_seconds=579.432 bootstraps=60
node=1450/7910 op=repeat seconds=129.115 eta_seconds=575.228 bootstraps=60
node=1460/7910 op=mul seconds=130.049 eta_seconds=574.532 bootstraps=60
node=1470/7910 op=addp seconds=130.765 eta_seconds=572.876 bootstraps=60
node=1480/7910 op=add seconds=132.688 eta_seconds=576.474 bootstraps=62
node=1490/7910 op=scatter seconds=132.897 eta_seconds=572.618 bootstraps=62
node=1500/7910 op=add seconds=133.269 eta_seconds=569.504 bootstraps=62
node=1510/7910 op=gather seconds=134.025 eta_seconds=568.052 bootstraps=62
node=1520/7910 op=addp seconds=134.111 eta_seconds=563.794 bootstraps=62
node=1530/7910 op=sum seconds=136.711 eta_seconds=570.074 bootstraps=64
node=1540/7910 op=cheb seconds=137.66 eta_seconds=569.414 bootstraps=64
node=1550/7910 op=cheb seconds=138.259 eta_seconds=567.306 bootstraps=64
node=1560/7910 op=repeat seconds=138.542 eta_seconds=563.936 bootstraps=64
node=1570/7910 op=gather seconds=139.408 eta_seconds=562.959 bootstraps=64
node=1580/7910 op=add seconds=141.906 eta_seconds=568.524 bootstraps=66
node=1590/7910 op=mul seconds=141.948 eta_seconds=564.221 bootstraps=66
node=1600/7910 op=mulp seconds=142.393 eta_seconds=561.563 bootstraps=66
node=1610/7910 op=mul seconds=142.613 eta_seconds=558.05 bootstraps=66
node=1620/7910 op=sum seconds=142.919 eta_seconds=554.916 bootstraps=66
node=1630/7910 op=linear seconds=145.111 eta_seconds=559.079 bootstraps=68
node=1640/7910 op=cheb seconds=145.238 eta_seconds=555.27 bootstraps=68
node=1650/7910 op=mulp seconds=145.368 eta_seconds=551.519 bootstraps=68
node=1660/7910 op=repeat seconds=146.25 eta_seconds=550.64 bootstraps=68
node=1670/7910 op=add seconds=148.623 eta_seconds=555.335 bootstraps=70
node=1680/7910 op=mulp seconds=148.945 eta_seconds=552.339 bootstraps=70
node=1690/7910 op=add seconds=149.184 eta_seconds=549.067 bootstraps=70
node=1700/7910 op=mulp seconds=149.559 eta_seconds=546.329 bootstraps=70
node=1710/7910 op=linear_ref seconds=150.31 eta_seconds=544.985 bootstraps=70
node=1720/7910 op=scatter seconds=152.34 eta_seconds=548.246 bootstraps=72
node=1730/7910 op=repeat seconds=152.901 eta_seconds=546.202 bootstraps=72
node=1740/7910 op=addp seconds=153.275 eta_seconds=543.509 bootstraps=72
node=1750/7910 op=gather seconds=154.042 eta_seconds=542.228 bootstraps=72
node=1760/7910 op=mulp seconds=154.255 eta_seconds=539.017 bootstraps=72
node=1770/7910 op=cheb seconds=156.269 eta_seconds=542.086 bootstraps=74
node=1780/7910 op=cheb seconds=157.826 eta_seconds=543.525 bootstraps=74
node=1790/7910 op=mulp seconds=158.037 eta_seconds=540.327 bootstraps=74
node=1800/7910 op=gather seconds=158.402 eta_seconds=537.688 bootstraps=74
node=1810/7910 op=gather seconds=158.681 eta_seconds=534.781 bootstraps=74
node=1820/7910 op=scatter seconds=158.946 eta_seconds=531.857 bootstraps=74
node=1830/7910 op=mulp seconds=161.133 eta_seconds=535.35 bootstraps=76
node=1840/7910 op=scatter seconds=161.803 eta_seconds=533.774 bootstraps=76
node=1850/7910 op=add seconds=162.156 eta_seconds=531.171 bootstraps=76
node=1860/7910 op=mul seconds=162.675 eta_seconds=529.131 bootstraps=76
node=1870/7910 op=gather seconds=164.871 eta_seconds=532.525 bootstraps=78
node=1880/7910 op=cheb seconds=165.052 eta_seconds=529.395 bootstraps=78
node=1890/7910 op=mulp seconds=165.104 eta_seconds=525.885 bootstraps=78
node=1900/7910 op=mulp seconds=167.747 eta_seconds=530.61 bootstraps=80
node=1910/7910 op=mul seconds=168.132 eta_seconds=528.164 bootstraps=80
node=1920/7910 op=mulp seconds=168.375 eta_seconds=525.294 bootstraps=80
node=1930/7910 op=mul seconds=168.75 eta_seconds=522.862 bootstraps=80
node=1940/7910 op=cheb seconds=169.241 eta_seconds=520.808 bootstraps=80
node=1950/7910 op=scatter seconds=171.519 eta_seconds=524.233 bootstraps=82
node=1960/7910 op=sum seconds=172.083 eta_seconds=522.393 bootstraps=82
node=1970/7910 op=sum seconds=172.602 eta_seconds=520.434 bootstraps=82
node=1980/7910 op=gather seconds=173.364 eta_seconds=519.217 bootstraps=82
node=1990/7910 op=repeat seconds=173.551 eta_seconds=516.293 bootstraps=82
node=2000/7910 op=addp seconds=173.594 eta_seconds=512.969 bootstraps=82
node=2010/7910 op=mul seconds=176.811 eta_seconds=518.997 bootstraps=84
node=2020/7910 op=mulp seconds=177.353 eta_seconds=517.134 bootstraps=84
node=2030/7910 op=gather seconds=177.686 eta_seconds=514.677 bootstraps=84
node=2040/7910 op=gather seconds=177.964 eta_seconds=512.081 bootstraps=84
node=2050/7910 op=scatter seconds=178.23 eta_seconds=509.477 bootstraps=84
node=2060/7910 op=sum seconds=180.587 eta_seconds=512.832 bootstraps=86
node=2070/7910 op=scatter seconds=181.27 eta_seconds=511.41 bootstraps=86
node=2080/7910 op=repeat seconds=181.674 eta_seconds=509.211 bootstraps=86
node=2090/7910 op=linear_ref seconds=182.194 eta_seconds=507.352 bootstraps=86
node=2100/7910 op=mulp seconds=183.806 eta_seconds=508.53 bootstraps=88
node=2110/7910 op=mul seconds=184.433 eta_seconds=506.972 bootstraps=88
node=2120/7910 op=repeat seconds=184.588 eta_seconds=504.135 bootstraps=88
node=2130/7910 op=repeat seconds=187.605 eta_seconds=509.088 bootstraps=90
node=2140/7910 op=cheb seconds=188.042 eta_seconds=507.01 bootstraps=90
node=2150/7910 op=gather seconds=188.444 eta_seconds=504.855 bootstraps=90
node=2160/7910 op=linear_ref seconds=189.636 eta_seconds=504.819 bootstraps=90
node=2170/7910 op=add seconds=191.311 eta_seconds=506.049 bootstraps=92
node=2180/7910 op=mul seconds=191.755 eta_seconds=504.016 bootstraps=92
node=2190/7910 op=add seconds=191.974 eta_seconds=501.413 bootstraps=92
node=2200/7910 op=mul seconds=192.645 eta_seconds=500.002 bootstraps=92
node=2210/7910 op=gather seconds=193.408 eta_seconds=498.835 bootstraps=92
node=2220/7910 op=sum seconds=193.475 eta_seconds=495.89 bootstraps=92
node=2230/7910 op=mul seconds=195.494 eta_seconds=497.94 bootstraps=94
node=2240/7910 op=repeat seconds=197.655 eta_seconds=500.313 bootstraps=94
node=2250/7910 op=mulp seconds=198.084 eta_seconds=498.29 bootstraps=94
node=2260/7910 op=gather seconds=198.534 eta_seconds=496.334 bootstraps=94
node=2270/7910 op=mul seconds=199.149 eta_seconds=494.801 bootstraps=94
node=2280/7910 op=addp seconds=201.688 eta_seconds=498.028 bootstraps=96
node=2290/7910 op=scatter seconds=202.092 eta_seconds=495.963 bootstraps=96
node=2300/7910 op=add seconds=202.223 eta_seconds=493.248 bootstraps=96
node=2310/7910 op=sum seconds=202.608 eta_seconds=491.172 bootstraps=96
node=2320/7910 op=add seconds=202.974 eta_seconds=489.063 bootstraps=96
node=2330/7910 op=mulp seconds=204.905 eta_seconds=490.718 bootstraps=98
node=2340/7910 op=cheb seconds=205.565 eta_seconds=489.316 bootstraps=98
node=2350/7910 op=mulp seconds=205.613 eta_seconds=486.47 bootstraps=98
node=2360/7910 op=cheb seconds=208.474 eta_seconds=490.266 bootstraps=100
node=2370/7910 op=mul seconds=208.949 eta_seconds=488.429 bootstraps=100
node=2380/7910 op=gather seconds=209.219 eta_seconds=486.127 bootstraps=100
node=2390/7910 op=cheb seconds=210.279 eta_seconds=485.665 bootstraps=100
node=2400/7910 op=mul seconds=212.323 eta_seconds=487.457 bootstraps=102
node=2410/7910 op=add seconds=212.759 eta_seconds=485.549 bootstraps=102
node=2420/7910 op=add seconds=212.931 eta_seconds=483.053 bootstraps=102
node=2430/7910 op=cheb seconds=213.335 eta_seconds=481.101 bootstraps=102
node=2440/7910 op=gather seconds=214.002 eta_seconds=479.751 bootstraps=102
node=2450/7910 op=sum seconds=214.087 eta_seconds=477.108 bootstraps=102
node=2460/7910 op=addp seconds=216.691 eta_seconds=480.067 bootstraps=104
node=2470/7910 op=cheb seconds=217.655 eta_seconds=479.369 bootstraps=104
node=2480/7910 op=cheb seconds=218.371 eta_seconds=478.127 bootstraps=104
node=2490/7910 op=repeat seconds=218.527 eta_seconds=475.67 bootstraps=104
node=2500/7910 op=mulp seconds=219.457 eta_seconds=474.905 bootstraps=104
node=2510/7910 op=scatter seconds=221.868 eta_seconds=477.326 bootstraps=106
node=2520/7910 op=add seconds=221.913 eta_seconds=474.646 bootstraps=106
node=2530/7910 op=mul seconds=222.387 eta_seconds=472.902 bootstraps=106
node=2540/7910 op=add seconds=222.608 eta_seconds=470.632 bootstraps=106
node=2550/7910 op=repeat seconds=222.962 eta_seconds=468.657 bootstraps=106
node=2560/7910 op=gather seconds=225.1 eta_seconds=470.424 bootstraps=108
node=2570/7910 op=mulp seconds=225.186 eta_seconds=467.897 bootstraps=108
node=2580/7910 op=scatter seconds=225.923 eta_seconds=466.732 bootstraps=108
node=2590/7910 op=gather seconds=226.493 eta_seconds=465.23 bootstraps=108
node=2600/7910 op=cheb seconds=229.07 eta_seconds=467.832 bootstraps=110
node=2610/7910 op=repeat seconds=229.226 eta_seconds=465.479 bootstraps=110
node=2620/7910 op=add seconds=229.49 eta_seconds=463.36 bootstraps=110
node=2630/7910 op=mul seconds=229.963 eta_seconds=461.675 bootstraps=110
node=2640/7910 op=mul seconds=230.867 eta_seconds=460.86 bootstraps=110
node=2650/7910 op=scatter seconds=232.948 eta_seconds=462.379 bootstraps=112
node=2660/7910 op=add seconds=233.331 eta_seconds=460.521 bootstraps=112
node=2670/7910 op=gather seconds=234.082 eta_seconds=459.397 bootstraps=112
node=2680/7910 op=addp seconds=234.168 eta_seconds=456.978 bootstraps=112
node=2690/7910 op=sum seconds=236.773 eta_seconds=459.462 bootstraps=114
node=2700/7910 op=cheb seconds=237.709 eta_seconds=458.69 bootstraps=114
node=2710/7910 op=cheb seconds=238.263 eta_seconds=457.184 bootstraps=114
node=2720/7910 op=repeat seconds=238.553 eta_seconds=455.181 bootstraps=114
node=2730/7910 op=mul seconds=238.836 eta_seconds=453.175 bootstraps=114
node=2740/7910 op=add seconds=239.306 eta_seconds=451.537 bootstraps=114
node=2750/7910 op=cheb seconds=239.636 eta_seconds=449.645 bootstraps=114
node=2760/7910 op=scatter seconds=242.089 eta_seconds=451.723 bootstraps=116
node=2770/7910 op=mul seconds=242.596 eta_seconds=450.16 bootstraps=116
node=2780/7910 op=sum seconds=242.905 eta_seconds=448.239 bootstraps=116
node=2790/7910 op=linear_ref seconds=245.223 eta_seconds=450.015 bootstraps=118
node=2800/7910 op=mulp seconds=245.377 eta_seconds=447.812 bootstraps=118
node=2810/7910 op=sum seconds=247.834 eta_seconds=449.806 bootstraps=120
client_token=315 logit_margin=1.89742
node=2820/7910 op=sum seconds=249.681 eta_seconds=450.666 bootstraps=122
node=2830/7910 op=gather seconds=251.605 eta_seconds=451.644 bootstraps=122
node=2840/7910 op=cheb seconds=253.081 eta_seconds=451.804 bootstraps=122
node=2850/7910 op=mul seconds=254.127 eta_seconds=451.186 bootstraps=122
node=2860/7910 op=mulp seconds=254.503 eta_seconds=449.384 bootstraps=122
node=2870/7910 op=gather seconds=255.013 eta_seconds=447.828 bootstraps=122
node=2880/7910 op=scatter seconds=255.377 eta_seconds=446.023 bootstraps=122
node=2890/7910 op=mulp seconds=256.092 eta_seconds=444.839 bootstraps=122
node=2900/7910 op=scatter seconds=256.623 eta_seconds=443.339 bootstraps=122
node=2910/7910 op=mulp seconds=256.659 eta_seconds=440.995 bootstraps=122
node=2920/7910 op=cheb seconds=257.015 eta_seconds=439.214 bootstraps=122
node=2930/7910 op=mul seconds=259.018 eta_seconds=440.242 bootstraps=124
node=2940/7910 op=mul seconds=259.789 eta_seconds=439.168 bootstraps=124
node=2950/7910 op=scatter seconds=262.534 eta_seconds=441.413 bootstraps=126
node=2960/7910 op=gather seconds=264.672 eta_seconds=442.611 bootstraps=128
node=2970/7910 op=mulp seconds=264.733 eta_seconds=440.33 bootstraps=128
node=2980/7910 op=cheb seconds=267.089 eta_seconds=441.862 bootstraps=130
node=2990/7910 op=cheb seconds=267.759 eta_seconds=440.594 bootstraps=130
node=3000/7910 op=repeat seconds=267.94 eta_seconds=438.528 bootstraps=130
node=3010/7910 op=add seconds=268.191 eta_seconds=436.591 bootstraps=130
node=3020/7910 op=mul seconds=268.636 eta_seconds=434.977 bootstraps=130
node=3030/7910 op=scatter seconds=270.868 eta_seconds=436.25 bootstraps=132
node=3040/7910 op=mul seconds=271.215 eta_seconds=434.48 bootstraps=132
node=3050/7910 op=sum seconds=271.634 eta_seconds=432.834 bootstraps=132
node=3060/7910 op=add seconds=272.015 eta_seconds=431.135 bootstraps=132
node=3070/7910 op=repeat seconds=273.907 eta_seconds=431.827 bootstraps=134
node=3080/7910 op=mul seconds=276.348 eta_seconds=433.363 bootstraps=136
node=3090/7910 op=gather seconds=278.475 eta_seconds=434.386 bootstraps=138
node=3100/7910 op=mul seconds=278.555 eta_seconds=432.209 bootstraps=138
node=3110/7910 op=mul seconds=281.076 eta_seconds=433.816 bootstraps=140
node=3120/7910 op=cheb seconds=281.756 eta_seconds=432.568 bootstraps=140
node=3130/7910 op=repeat seconds=281.946 eta_seconds=430.576 bootstraps=140
node=3140/7910 op=add seconds=282.211 eta_seconds=428.709 bootstraps=140
node=3150/7910 op=mul seconds=282.669 eta_seconds=427.144 bootstraps=140
node=3160/7910 op=scatter seconds=284.81 eta_seconds=428.117 bootstraps=142
node=3170/7910 op=mul seconds=285.317 eta_seconds=426.625 bootstraps=142
node=3180/7910 op=mul seconds=285.644 eta_seconds=424.873 bootstraps=142
node=3190/7910 op=mul seconds=286.117 eta_seconds=423.345 bootstraps=142
node=3200/7910 op=cheb seconds=287.927 eta_seconds=423.793 bootstraps=144
node=3210/7910 op=add seconds=290.403 eta_seconds=425.201 bootstraps=146
node=3220/7910 op=linear_ref seconds=292.385 eta_seconds=425.865 bootstraps=148
node=3230/7910 op=mul seconds=292.432 eta_seconds=423.71 bootstraps=148
node=3240/7910 op=cheb seconds=294.758 eta_seconds=424.852 bootstraps=150
node=3250/7910 op=cheb seconds=295.247 eta_seconds=423.338 bootstraps=150
node=3260/7910 op=repeat seconds=295.533 eta_seconds=421.542 bootstraps=150
node=3270/7910 op=mul seconds=295.815 eta_seconds=419.75 bootstraps=150
node=3280/7910 op=add seconds=296.291 eta_seconds=418.239 bootstraps=150
node=3290/7910 op=mul seconds=296.515 eta_seconds=416.383 bootstraps=150
node=3300/7910 op=scatter seconds=298.695 eta_seconds=417.269 bootstraps=152
node=3310/7910 op=add seconds=299.081 eta_seconds=415.641 bootstraps=152
node=3320/7910 op=repeat seconds=299.304 eta_seconds=413.797 bootstraps=152
node=3330/7910 op=addp seconds=301.358 eta_seconds=414.48 bootstraps=154
node=3340/7910 op=linear_ref seconds=305.24 eta_seconds=417.649 bootstraps=158
node=3350/7910 op=mulp seconds=306.734 eta_seconds=417.524 bootstraps=160
node=3360/7910 op=addp seconds=307.265 eta_seconds=416.088 bootstraps=160
node=3370/7910 op=cheb seconds=309.22 eta_seconds=416.576 bootstraps=162
node=3380/7910 op=cheb seconds=310.41 eta_seconds=416.022 bootstraps=162
node=3390/7910 op=repeat seconds=310.778 eta_seconds=414.37 bootstraps=162
node=3400/7910 op=gather seconds=311.358 eta_seconds=413.007 bootstraps=162
node=3410/7910 op=cheb seconds=311.795 eta_seconds=411.459 bootstraps=162
node=3420/7910 op=scatter seconds=314.137 eta_seconds=412.42 bootstraps=164
node=3430/7910 op=scatter seconds=314.358 eta_seconds=410.59 bootstraps=164
node=3440/7910 op=mul seconds=314.696 eta_seconds=408.921 bootstraps=164
node=3450/7910 op=mul seconds=314.996 eta_seconds=407.213 bootstraps=164
node=3460/7910 op=mulp seconds=316.846 eta_seconds=407.504 bootstraps=166
node=3470/7910 op=mul seconds=319.034 eta_seconds=408.216 bootstraps=168
node=3480/7910 op=mul seconds=320.987 eta_seconds=408.613 bootstraps=170
node=3490/7910 op=gather seconds=321.62 eta_seconds=407.323 bootstraps=170
node=3500/7910 op=addp seconds=321.687 eta_seconds=405.325 bootstraps=170
node=3510/7910 op=mulp seconds=324.424 eta_seconds=406.686 bootstraps=172
node=3520/7910 op=mul seconds=324.788 eta_seconds=405.062 bootstraps=172
node=3530/7910 op=mulp seconds=325.085 eta_seconds=403.363 bootstraps=172
node=3540/7910 op=mul seconds=325.542 eta_seconds=401.87 bootstraps=172
node=3550/7910 op=mul seconds=325.75 eta_seconds=400.077 bootstraps=172
node=3560/7910 op=scatter seconds=327.887 eta_seconds=400.648 bootstraps=174
node=3570/7910 op=repeat seconds=328.446 eta_seconds=399.287 bootstraps=174
node=3580/7910 op=sum seconds=328.715 eta_seconds=397.58 bootstraps=174
node=3590/7910 op=sum seconds=329.228 eta_seconds=396.174 bootstraps=174
node=3600/7910 op=cheb seconds=332.872 eta_seconds=398.522 bootstraps=178
node=3610/7910 op=repeat seconds=334.828 eta_seconds=398.825 bootstraps=180
node=3620/7910 op=gather seconds=335.456 eta_seconds=397.543 bootstraps=180
node=3630/7910 op=mulp seconds=335.53 eta_seconds=395.611 bootstraps=180
node=3640/7910 op=mul seconds=338.33 eta_seconds=396.887 bootstraps=182
node=3650/7910 op=repeat seconds=338.64 eta_seconds=395.234 bootstraps=182
node=3660/7910 op=scatter seconds=339.143 eta_seconds=393.813 bootstraps=182
node=3670/7910 op=mul seconds=341.385 eta_seconds=394.406 bootstraps=184
node=3680/7910 op=scatter seconds=341.83 eta_seconds=392.918 bootstraps=184
node=3690/7910 op=scatter seconds=342.004 eta_seconds=391.126 bootstraps=184
node=3700/7910 op=mul seconds=342.199 eta_seconds=389.367 bootstraps=184
node=3710/7910 op=mul seconds=342.427 eta_seconds=387.653 bootstraps=184
node=3720/7910 op=scatter seconds=344.563 eta_seconds=388.097 bootstraps=186
node=3730/7910 op=gather seconds=345.146 eta_seconds=386.786 bootstraps=186
node=3740/7910 op=cheb seconds=348.551 eta_seconds=388.625 bootstraps=190
node=3750/7910 op=gather seconds=349.258 eta_seconds=387.443 bootstraps=190
node=3760/7910 op=addp seconds=349.467 eta_seconds=385.715 bootstraps=190
node=3770/7910 op=mul seconds=351.928 eta_seconds=386.468 bootstraps=192
node=3780/7910 op=repeat seconds=352.313 eta_seconds=384.935 bootstraps=192
node=3790/7910 op=addp seconds=352.479 eta_seconds=383.17 bootstraps=192
node=3800/7910 op=gather seconds=352.79 eta_seconds=381.57 bootstraps=192
node=3810/7910 op=add seconds=353.066 eta_seconds=379.94 bootstraps=192
node=3820/7910 op=scatter seconds=355.35 eta_seconds=380.467 bootstraps=194
node=3830/7910 op=sum seconds=355.695 eta_seconds=378.912 bootstraps=194
node=3840/7910 op=add seconds=356.014 eta_seconds=377.338 bootstraps=194
node=3850/7910 op=mul seconds=356.529 eta_seconds=375.977 bootstraps=194
node=3860/7910 op=gather seconds=358.648 eta_seconds=376.301 bootstraps=196
node=3870/7910 op=addp seconds=360.528 eta_seconds=376.365 bootstraps=198
node=3880/7910 op=gather seconds=362.655 eta_seconds=376.675 bootstraps=200
node=3890/7910 op=sum seconds=362.846 eta_seconds=374.972 bootstraps=200
node=3900/7910 op=cheb seconds=365.224 eta_seconds=375.525 bootstraps=202
node=3910/7910 op=mul seconds=365.764 eta_seconds=374.183 bootstraps=202
node=3920/7910 op=gather seconds=366.002 eta_seconds=372.538 bootstraps=202
node=3930/7910 op=scatter seconds=366.269 eta_seconds=370.929 bootstraps=202
node=3940/7910 op=gather seconds=366.58 eta_seconds=369.371 bootstraps=202
node=3950/7910 op=add seconds=368.921 eta_seconds=369.855 bootstraps=204
node=3960/7910 op=mul seconds=369.157 eta_seconds=368.225 bootstraps=204
node=3970/7910 op=mul seconds=369.737 eta_seconds=366.943 bootstraps=204
node=3980/7910 op=add seconds=370.255 eta_seconds=365.604 bootstraps=204
node=3990/7910 op=linear_ref seconds=372.373 eta_seconds=365.84 bootstraps=206
node=4000/7910 op=mulp seconds=374.254 eta_seconds=365.833 bootstraps=208
node=4010/7910 op=gather seconds=376.378 eta_seconds=366.053 bootstraps=210
node=4020/7910 op=mul seconds=376.441 eta_seconds=364.267 bootstraps=210
node=4030/7910 op=repeat seconds=379.877 eta_seconds=365.737 bootstraps=212
node=4040/7910 op=mulp seconds=380.311 eta_seconds=364.308 bootstraps=212
node=4050/7910 op=gather seconds=380.764 eta_seconds=362.901 bootstraps=212
node=4060/7910 op=mul seconds=381.381 eta_seconds=361.655 bootstraps=212
node=4070/7910 op=scatter seconds=383.47 eta_seconds=361.799 bootstraps=214
node=4080/7910 op=mul seconds=383.764 eta_seconds=360.249 bootstraps=214
node=4090/7910 op=add seconds=383.981 eta_seconds=358.633 bootstraps=214
node=4100/7910 op=repeat seconds=384.5 eta_seconds=357.303 bootstraps=214
node=4110/7910 op=linear_ref seconds=385.033 eta_seconds=355.992 bootstraps=214
node=4120/7910 op=mulp seconds=386.576 eta_seconds=355.612 bootstraps=216
node=4130/7910 op=sum seconds=389.065 eta_seconds=356.093 bootstraps=218
node=4140/7910 op=gather seconds=391.181 eta_seconds=356.22 bootstraps=220
node=4150/7910 op=mulp seconds=391.265 eta_seconds=354.496 bootstraps=220
node=4160/7910 op=cheb seconds=393.663 eta_seconds=354.865 bootstraps=222
node=4170/7910 op=repeat seconds=394.286 eta_seconds=353.628 bootstraps=222
node=4180/7910 op=addp seconds=394.428 eta_seconds=351.966 bootstraps=222
node=4190/7910 op=addp seconds=395.362 eta_seconds=351.013 bootstraps=222
node=4200/7910 op=add seconds=397.13 eta_seconds=350.798 bootstraps=224
node=4210/7910 op=mul seconds=397.573 eta_seconds=349.411 bootstraps=224
node=4220/7910 op=mul seconds=397.794 eta_seconds=347.834 bootstraps=224
node=4230/7910 op=mul seconds=398.1 eta_seconds=346.337 bootstraps=224
node=4240/7910 op=mul seconds=398.263 eta_seconds=344.723 bootstraps=224
node=4250/7910 op=mul seconds=400.435 eta_seconds=344.845 bootstraps=226
node=4260/7910 op=scatter seconds=402.819 eta_seconds=345.138 bootstraps=228
node=4270/7910 op=gather seconds=404.949 eta_seconds=345.202 bootstraps=230
node=4280/7910 op=sum seconds=405.038 eta_seconds=343.525 bootstraps=230
node=4290/7910 op=cheb seconds=407.327 eta_seconds=343.712 bootstraps=232
node=4300/7910 op=cheb seconds=408.005 eta_seconds=342.534 bootstraps=232
node=4310/7910 op=repeat seconds=408.162 eta_seconds=340.924 bootstraps=232
node=4320/7910 op=add seconds=408.426 eta_seconds=339.41 bootstraps=232
node=4330/7910 op=mul seconds=408.897 eta_seconds=338.072 bootstraps=232
node=4340/7910 op=scatter seconds=411.096 eta_seconds=338.16 bootstraps=234
node=4350/7910 op=mul seconds=411.44 eta_seconds=336.719 bootstraps=234
node=4360/7910 op=sum seconds=411.745 eta_seconds=335.251 bootstraps=234
node=4370/7910 op=add seconds=411.907 eta_seconds=333.673 bootstraps=234
node=4380/7910 op=repeat seconds=414.085 eta_seconds=333.726 bootstraps=236
node=4390/7910 op=mul seconds=416.528 eta_seconds=333.981 bootstraps=238
client_token=279 logit_margin=2.90219
node=4400/7910 op=mul seconds=418.296 eta_seconds=333.687 bootstraps=240
node=4410/7910 op=gather seconds=420.273 eta_seconds=333.55 bootstraps=240
node=4420/7910 op=cheb seconds=421.719 eta_seconds=332.986 bootstraps=240
node=4430/7910 op=cheb seconds=422.686 eta_seconds=332.042 bootstraps=240
node=4440/7910 op=mul seconds=423.163 eta_seconds=330.715 bootstraps=240
node=4450/7910 op=repeat seconds=423.527 eta_seconds=329.304 bootstraps=240
node=4460/7910 op=add seconds=423.898 eta_seconds=327.903 bootstraps=240
node=4470/7910 op=mul seconds=424.801 eta_seconds=326.917 bootstraps=240
node=4480/7910 op=gather seconds=425.157 eta_seconds=325.511 bootstraps=240
node=4490/7910 op=mul seconds=425.36 eta_seconds=323.993 bootstraps=240
node=4500/7910 op=mul seconds=425.523 eta_seconds=322.452 bootstraps=240
node=4510/7910 op=repeat seconds=427.685 eta_seconds=322.423 bootstraps=242
node=4520/7910 op=linear_ref seconds=428.573 eta_seconds=321.43 bootstraps=242
node=4530/7910 op=mulp seconds=430.042 eta_seconds=320.87 bootstraps=244
node=4540/7910 op=sum seconds=431.466 eta_seconds=320.274 bootstraps=244
node=4550/7910 op=gather seconds=433.592 eta_seconds=320.191 bootstraps=246
node=4560/7910 op=addp seconds=433.648 eta_seconds=318.579 bootstraps=246
node=4570/7910 op=cheb seconds=436.108 eta_seconds=318.731 bootstraps=248
node=4580/7910 op=repeat seconds=436.683 eta_seconds=317.501 bootstraps=248
node=4590/7910 op=addp seconds=436.855 eta_seconds=315.982 bootstraps=248
node=4600/7910 op=gather seconds=437.212 eta_seconds=314.602 bootstraps=248
node=4610/7910 op=add seconds=437.548 eta_seconds=313.213 bootstraps=248
node=4620/7910 op=add seconds=439.784 eta_seconds=313.18 bootstraps=250
node=4630/7910 op=mul seconds=440.147 eta_seconds=311.81 bootstraps=250
node=4640/7910 op=sum seconds=440.559 eta_seconds=310.48 bootstraps=250
node=4650/7910 op=add seconds=440.922 eta_seconds=309.119 bootstraps=250
node=4660/7910 op=mul seconds=442.819 eta_seconds=308.833 bootstraps=252
node=4670/7910 op=gather seconds=443.482 eta_seconds=307.684 bootstraps=252
node=4680/7910 op=addp seconds=445.468 eta_seconds=307.449 bootstraps=254
node=4690/7910 op=gather seconds=447.587 eta_seconds=307.298 bootstraps=256
node=4700/7910 op=mul seconds=447.664 eta_seconds=305.745 bootstraps=256
node=4710/7910 op=repeat seconds=450.689 eta_seconds=306.201 bootstraps=258
node=4720/7910 op=cheb seconds=451.036 eta_seconds=304.832 bootstraps=258
node=4730/7910 op=mul seconds=451.352 eta_seconds=303.446 bootstraps=258
node=4740/7910 op=gather seconds=451.807 eta_seconds=302.158 bootstraps=258
node=4750/7910 op=mulp seconds=452.01 eta_seconds=300.706 bootstraps=258
node=4760/7910 op=add seconds=454.241 eta_seconds=300.601 bootstraps=260
node=4770/7910 op=add seconds=454.474 eta_seconds=299.171 bootstraps=260
node=4780/7910 op=repeat seconds=455.006 eta_seconds=297.943 bootstraps=260
node=4790/7910 op=sum seconds=455.339 eta_seconds=296.588 bootstraps=260
node=4800/7910 op=sum seconds=457.177 eta_seconds=296.213 bootstraps=262
node=4810/7910 op=cheb seconds=459.267 eta_seconds=295.993 bootstraps=264
node=4820/7910 op=repeat seconds=461.211 eta_seconds=295.673 bootstraps=266
node=4830/7910 op=gather seconds=461.73 eta_seconds=294.437 bootstraps=266
node=4840/7910 op=addp seconds=461.772 eta_seconds=292.901 bootstraps=266
node=4850/7910 op=mul seconds=464.497 eta_seconds=293.064 bootstraps=268
node=4860/7910 op=repeat seconds=464.82 eta_seconds=291.708 bootstraps=268
node=4870/7910 op=mul seconds=465.128 eta_seconds=290.347 bootstraps=268
node=4880/7910 op=mul seconds=465.604 eta_seconds=289.094 bootstraps=268
node=4890/7910 op=addp seconds=465.824 eta_seconds=287.687 bootstraps=268
node=4900/7910 op=scatter seconds=467.853 eta_seconds=287.396 bootstraps=270
node=4910/7910 op=sum seconds=468.34 eta_seconds=286.155 bootstraps=270
node=4920/7910 op=add seconds=468.569 eta_seconds=284.761 bootstraps=270
node=4930/7910 op=repeat seconds=468.788 eta_seconds=283.365 bootstraps=270
node=4940/7910 op=addp seconds=470.852 eta_seconds=283.083 bootstraps=272
node=4950/7910 op=linear_ref seconds=474.741 eta_seconds=283.885 bootstraps=276
node=4960/7910 op=mulp seconds=476.235 eta_seconds=283.245 bootstraps=278
node=4970/7910 op=addp seconds=476.766 eta_seconds=282.031 bootstraps=278
node=4980/7910 op=cheb seconds=478.723 eta_seconds=281.659 bootstraps=280
node=4990/7910 op=cheb seconds=479.879 eta_seconds=280.811 bootstraps=280
node=5000/7910 op=repeat seconds=480.245 eta_seconds=279.503 bootstraps=280
node=5010/7910 op=gather seconds=480.827 eta_seconds=278.323 bootstraps=280
node=5020/7910 op=cheb seconds=481.262 eta_seconds=277.061 bootstraps=280
node=5030/7910 op=scatter seconds=483.647 eta_seconds=276.919 bootstraps=282
node=5040/7910 op=scatter seconds=483.869 eta_seconds=275.537 bootstraps=282
node=5050/7910 op=repeat seconds=484.193 eta_seconds=274.216 bootstraps=282
node=5060/7910 op=sum seconds=484.498 eta_seconds=272.889 bootstraps=282
node=5070/7910 op=add seconds=484.848 eta_seconds=271.591 bootstraps=282
node=5080/7910 op=repeat seconds=486.668 eta_seconds=271.117 bootstraps=284
node=5090/7910 op=mul seconds=489.115 eta_seconds=270.983 bootstraps=286
node=5100/7910 op=gather seconds=491.243 eta_seconds=270.665 bootstraps=288
node=5110/7910 op=mul seconds=491.324 eta_seconds=269.218 bootstraps=288
node=5120/7910 op=mul seconds=493.601 eta_seconds=268.974 bootstraps=290
node=5130/7910 op=cheb seconds=494.21 eta_seconds=267.818 bootstraps=290
node=5140/7910 op=addp seconds=494.497 eta_seconds=266.49 bootstraps=290
node=5150/7910 op=mul seconds=494.774 eta_seconds=265.16 bootstraps=290
node=5160/7910 op=mul seconds=495.23 eta_seconds=263.931 bootstraps=290
node=5170/7910 op=mul seconds=495.445 eta_seconds=262.576 bootstraps=290
node=5180/7910 op=scatter seconds=497.697 eta_seconds=262.3 bootstraps=292
node=5190/7910 op=add seconds=498.183 eta_seconds=261.09 bootstraps=292
node=5200/7910 op=repeat seconds=498.516 eta_seconds=259.804 bootstraps=292
node=5210/7910 op=linear_ref seconds=499.119 eta_seconds=258.66 bootstraps=292
node=5220/7910 op=mulp seconds=500.663 eta_seconds=258.004 bootstraps=294
node=5230/7910 op=sum seconds=503.224 eta_seconds=257.866 bootstraps=296
node=5240/7910 op=gather seconds=505.343 eta_seconds=257.494 bootstraps=298
node=5250/7910 op=mulp seconds=505.429 eta_seconds=256.084 bootstraps=298
node=5260/7910 op=cheb seconds=507.835 eta_seconds=255.848 bootstraps=300
node=5270/7910 op=repeat seconds=508.485 eta_seconds=254.725 bootstraps=300
node=5280/7910 op=addp seconds=508.63 eta_seconds=253.352 bootstraps=300
node=5290/7910 op=addp seconds=509.564 eta_seconds=252.374 bootstraps=300
node=5300/7910 op=add seconds=511.337 eta_seconds=251.809 bootstraps=302
node=5310/7910 op=mul seconds=511.778 eta_seconds=250.588 bootstraps=302
node=5320/7910 op=mul seconds=512 eta_seconds=249.263 bootstraps=302
node=5330/7910 op=sum seconds=512.312 eta_seconds=247.986 bootstraps=302
node=5340/7910 op=add seconds=512.475 eta_seconds=246.641 bootstraps=302
node=5350/7910 op=mul seconds=514.665 eta_seconds=246.27 bootstraps=304
node=5360/7910 op=gather seconds=515.246 eta_seconds=245.126 bootstraps=304
node=5370/7910 op=addp seconds=517.229 eta_seconds=244.648 bootstraps=306
node=5380/7910 op=gather seconds=519.361 eta_seconds=244.235 bootstraps=308
node=5390/7910 op=mulp seconds=519.572 eta_seconds=242.917 bootstraps=308
node=5400/7910 op=cheb seconds=522.003 eta_seconds=242.635 bootstraps=310
node=5410/7910 op=cheb seconds=522.371 eta_seconds=241.391 bootstraps=310
node=5420/7910 op=repeat seconds=522.55 eta_seconds=240.064 bootstraps=310
node=5430/7910 op=add seconds=522.766 eta_seconds=238.759 bootstraps=310
node=5440/7910 op=mul seconds=523.139 eta_seconds=237.528 bootstraps=310
node=5450/7910 op=add seconds=525.365 eta_seconds=237.137 bootstraps=312
node=5460/7910 op=add seconds=525.604 eta_seconds=235.848 bootstraps=312
node=5470/7910 op=repeat seconds=526.114 eta_seconds=234.684 bootstraps=312
node=5480/7910 op=sum seconds=526.377 eta_seconds=233.412 bootstraps=312
node=5490/7910 op=sum seconds=526.811 eta_seconds=232.219 bootstraps=312
node=5500/7910 op=cheb seconds=530.408 eta_seconds=232.415 bootstraps=316
node=5510/7910 op=repeat seconds=532.286 eta_seconds=231.849 bootstraps=318
node=5520/7910 op=gather seconds=532.954 eta_seconds=230.754 bootstraps=318
node=5530/7910 op=addp seconds=533.134 eta_seconds=229.45 bootstraps=318
node=5540/7910 op=repeat seconds=535.797 eta_seconds=229.213 bootstraps=320
node=5550/7910 op=cheb seconds=536.177 eta_seconds=227.996 bootstraps=320
node=5560/7910 op=mul seconds=536.444 eta_seconds=226.734 bootstraps=320
node=5570/7910 op=gather seconds=536.823 eta_seconds=225.524 bootstraps=320
node=5580/7910 op=mul seconds=536.997 eta_seconds=224.23 bootstraps=320
node=5590/7910 op=scatter seconds=539.452 eta_seconds=223.887 bootstraps=322
node=5600/7910 op=sum seconds=539.712 eta_seconds=222.631 bootstraps=322
node=5610/7910 op=add seconds=540.095 eta_seconds=221.429 bootstraps=322
node=5620/7910 op=repeat seconds=540.509 eta_seconds=220.243 bootstraps=322
node=5630/7910 op=addp seconds=542.229 eta_seconds=219.588 bootstraps=324
node=5640/7910 op=linear_ref seconds=544.892 eta_seconds=219.309 bootstraps=326
node=5650/7910 op=mulp seconds=546.432 eta_seconds=218.573 bootstraps=328
node=5660/7910 op=addp seconds=547.068 eta_seconds=217.474 bootstraps=328
node=5670/7910 op=cheb seconds=549.049 eta_seconds=216.908 bootstraps=330
node=5680/7910 op=cheb seconds=550.692 eta_seconds=216.205 bootstraps=330
node=5690/7910 op=repeat seconds=551.11 eta_seconds=215.02 bootstraps=330
node=5700/7910 op=gather seconds=551.9 eta_seconds=213.982 bootstraps=330
node=5710/7910 op=mulp seconds=553.91 eta_seconds=213.415 bootstraps=332
node=5720/7910 op=mul seconds=554.365 eta_seconds=212.248 bootstraps=332
node=5730/7910 op=scatter seconds=554.588 eta_seconds=210.995 bootstraps=332
node=5740/7910 op=repeat seconds=554.888 eta_seconds=209.775 bootstraps=332
node=5750/7910 op=sum seconds=555.193 eta_seconds=208.56 bootstraps=332
node=5760/7910 op=add seconds=555.561 eta_seconds=207.371 bootstraps=332
node=5770/7910 op=repeat seconds=557.384 eta_seconds=206.725 bootstraps=334
node=5780/7910 op=mul seconds=559.833 eta_seconds=206.305 bootstraps=336
node=5790/7910 op=gather seconds=561.962 eta_seconds=205.762 bootstraps=338
node=5800/7910 op=mul seconds=562.042 eta_seconds=204.467 bootstraps=338
node=5810/7910 op=mul seconds=564.325 eta_seconds=203.973 bootstraps=340
node=5820/7910 op=cheb seconds=564.98 eta_seconds=202.888 bootstraps=340
node=5830/7910 op=addp seconds=565.235 eta_seconds=201.662 bootstraps=340
node=5840/7910 op=scatter seconds=566.183 eta_seconds=200.685 bootstraps=340
node=5850/7910 op=mul seconds=567.96 eta_seconds=200 bootstraps=342
node=5860/7910 op=mulp seconds=568.437 eta_seconds=198.856 bootstraps=342
node=5870/7910 op=mul seconds=568.659 eta_seconds=197.626 bootstraps=342
node=5880/7910 op=add seconds=568.917 eta_seconds=196.412 bootstraps=342
node=5890/7910 op=repeat seconds=569.138 eta_seconds=195.188 bootstraps=342
node=5900/7910 op=linear_ref seconds=571.332 eta_seconds=194.64 bootstraps=344
node=5910/7910 op=mulp seconds=571.485 eta_seconds=193.396 bootstraps=344
node=5920/7910 op=sum seconds=573.871 eta_seconds=192.906 bootstraps=346
node=5930/7910 op=gather seconds=575.987 eta_seconds=192.319 bootstraps=348
node=5940/7910 op=mulp seconds=576.073 eta_seconds=191.055 bootstraps=348
node=5950/7910 op=cheb seconds=578.476 eta_seconds=190.557 bootstraps=350
node=5960/7910 op=repeat seconds=579.089 eta_seconds=189.467 bootstraps=350
node=5970/7910 op=addp seconds=579.232 eta_seconds=188.226 bootstraps=350
node=5980/7910 op=gather seconds=579.611 eta_seconds=187.065 bootstraps=350
node=5990/7910 op=add seconds=579.965 eta_seconds=185.899 bootstraps=350
node=6000/7910 op=add seconds=582.181 eta_seconds=185.328 bootstraps=352
node=6010/7910 op=mul seconds=582.541 eta_seconds=184.164 bootstraps=352
node=6020/7910 op=sum seconds=582.848 eta_seconds=182.987 bootstraps=352
node=6030/7910 op=add seconds=583.012 eta_seconds=181.768 bootstraps=352
node=6040/7910 op=mul seconds=585.211 eta_seconds=181.183 bootstraps=354
node=6050/7910 op=gather seconds=585.783 eta_seconds=180.092 bootstraps=354
node=6060/7910 op=addp seconds=587.828 eta_seconds=179.453 bootstraps=356
client_token=1614 logit_margin=0.2014
node=6070/7910 op=addp seconds=589.716 eta_seconds=178.761 bootstraps=358
node=6080/7910 op=gather seconds=591.658 eta_seconds=178.081 bootstraps=358
node=6090/7910 op=cheb seconds=593.508 eta_seconds=177.37 bootstraps=358
node=6100/7910 op=mulp seconds=594.19 eta_seconds=176.309 bootstraps=358
node=6110/7910 op=cheb seconds=594.735 eta_seconds=175.208 bootstraps=358
node=6120/7910 op=mul seconds=595.187 eta_seconds=174.082 bootstraps=358
node=6130/7910 op=gather seconds=595.561 eta_seconds=172.936 bootstraps=358
node=6140/7910 op=mul seconds=596.105 eta_seconds=171.841 bootstraps=358
node=6150/7910 op=mulp seconds=596.635 eta_seconds=170.744 bootstraps=358
node=6160/7910 op=mulp seconds=596.675 eta_seconds=169.51 bootstraps=358
node=6170/7910 op=mul seconds=596.874 eta_seconds=168.324 bootstraps=358
node=6180/7910 op=repeat seconds=598.949 eta_seconds=167.667 bootstraps=360
node=6190/7910 op=mul seconds=599.336 eta_seconds=166.536 bootstraps=360
node=6200/7910 op=cheb seconds=600.09 eta_seconds=165.509 bootstraps=360
node=6210/7910 op=add seconds=602.85 eta_seconds=165.031 bootstraps=362
node=6220/7910 op=linear_ref seconds=604.975 eta_seconds=164.374 bootstraps=364
node=6230/7910 op=mul seconds=605.029 eta_seconds=163.154 bootstraps=364
node=6240/7910 op=cheb seconds=607.362 eta_seconds=162.547 bootstraps=366
node=6250/7910 op=cheb seconds=607.853 eta_seconds=161.446 bootstraps=366
node=6260/7910 op=repeat seconds=608.221 eta_seconds=160.314 bootstraps=366
node=6270/7910 op=mul seconds=608.484 eta_seconds=159.157 bootstraps=366
node=6280/7910 op=add seconds=608.928 eta_seconds=158.05 bootstraps=366
node=6290/7910 op=cheb seconds=609.245 eta_seconds=156.912 bootstraps=366
node=6300/7910 op=add seconds=611.504 eta_seconds=156.273 bootstraps=368
node=6310/7910 op=repeat seconds=611.862 eta_seconds=155.147 bootstraps=368
node=6320/7910 op=sum seconds=612.18 eta_seconds=154.014 bootstraps=368
node=6330/7910 op=add seconds=612.552 eta_seconds=152.896 bootstraps=368
node=6340/7910 op=mul seconds=614.399 eta_seconds=152.146 bootstraps=370
node=6350/7910 op=gather seconds=615.067 eta_seconds=151.103 bootstraps=370
node=6360/7910 op=addp seconds=617.045 eta_seconds=150.38 bootstraps=372
node=6370/7910 op=gather seconds=619.167 eta_seconds=149.689 bootstraps=374
node=6380/7910 op=mul seconds=619.244 eta_seconds=148.502 bootstraps=374
node=6390/7910 op=repeat seconds=622.225 eta_seconds=148.01 bootstraps=376
node=6400/7910 op=cheb seconds=622.567 eta_seconds=146.887 bootstraps=376
node=6410/7910 op=mul seconds=622.883 eta_seconds=145.76 bootstraps=376
node=6420/7910 op=gather seconds=623.338 eta_seconds=144.669 bootstraps=376
node=6430/7910 op=mulp seconds=623.544 eta_seconds=143.522 bootstraps=376
node=6440/7910 op=add seconds=625.771 eta_seconds=142.839 bootstraps=378
node=6450/7910 op=mul seconds=626.006 eta_seconds=141.701 bootstraps=378
node=6460/7910 op=mul seconds=626.448 eta_seconds=140.611 bootstraps=378
node=6470/7910 op=mul seconds=626.8 eta_seconds=139.504 bootstraps=378
node=6480/7910 op=mul seconds=627.274 eta_seconds=138.426 bootstraps=378
node=6490/7910 op=cheb seconds=629.017 eta_seconds=137.628 bootstraps=380
node=6500/7910 op=add seconds=631.457 eta_seconds=136.978 bootstraps=382
node=6510/7910 op=linear_ref seconds=633.444 eta_seconds=136.224 bootstraps=384
node=6520/7910 op=mul seconds=633.488 eta_seconds=135.053 bootstraps=384
node=6530/7910 op=cheb seconds=635.806 eta_seconds=134.366 bootstraps=386
node=6540/7910 op=cheb seconds=636.297 eta_seconds=133.292 bootstraps=386
node=6550/7910 op=repeat seconds=636.587 eta_seconds=132.177 bootstraps=386
node=6560/7910 op=mul seconds=636.868 eta_seconds=131.063 bootstraps=386
node=6570/7910 op=add seconds=637.34 eta_seconds=129.99 bootstraps=386
node=6580/7910 op=mul seconds=637.564 eta_seconds=128.869 bootstraps=386
node=6590/7910 op=scatter seconds=639.748 eta_seconds=128.144 bootstraps=388
node=6600/7910 op=repeat seconds=640.207 eta_seconds=127.071 bootstraps=388
node=6610/7910 op=sum seconds=640.384 eta_seconds=125.945 bootstraps=388
node=6620/7910 op=add seconds=640.545 eta_seconds=124.819 bootstraps=388
node=6630/7910 op=mul seconds=642.684 eta_seconds=124.078 bootstraps=390
node=6640/7910 op=gather seconds=644.671 eta_seconds=123.303 bootstraps=392
node=6650/7910 op=addp seconds=646.608 eta_seconds=122.515 bootstraps=394
node=6660/7910 op=gather seconds=648.582 eta_seconds=121.731 bootstraps=396
node=6670/7910 op=sum seconds=648.634 eta_seconds=120.586 bootstraps=396
node=6680/7910 op=repeat seconds=651.666 eta_seconds=119.992 bootstraps=398
node=6690/7910 op=cheb seconds=652.042 eta_seconds=118.907 bootstraps=398
node=6700/7910 op=mul seconds=652.34 eta_seconds=117.811 bootstraps=398
node=6710/7910 op=mulp seconds=652.983 eta_seconds=116.778 bootstraps=398
node=6720/7910 op=add seconds=655 eta_seconds=115.99 bootstraps=400
node=6730/7910 op=add seconds=655.438 eta_seconds=114.921 bootstraps=400
node=6740/7910 op=mul seconds=655.661 eta_seconds=113.817 bootstraps=400
node=6750/7910 op=mul seconds=656.054 eta_seconds=112.744 bootstraps=400
node=6760/7910 op=mul seconds=656.405 eta_seconds=111.667 bootstraps=400
node=6770/7910 op=mul seconds=656.838 eta_seconds=110.605 bootstraps=400
node=6780/7910 op=cheb seconds=658.583 eta_seconds=109.764 bootstraps=402
node=6790/7910 op=add seconds=661.049 eta_seconds=109.039 bootstraps=404
node=6800/7910 op=linear_ref seconds=663.183 eta_seconds=108.255 bootstraps=406
node=6810/7910 op=cheb seconds=663.265 eta_seconds=107.135 bootstraps=406
node=6820/7910 op=cheb seconds=665.535 eta_seconds=106.368 bootstraps=408
node=6830/7910 op=cheb seconds=666.082 eta_seconds=105.325 bootstraps=408
node=6840/7910 op=repeat seconds=666.405 eta_seconds=104.248 bootstraps=408
node=6850/7910 op=mul seconds=666.685 eta_seconds=103.166 bootstraps=408
node=6860/7910 op=add seconds=667.141 eta_seconds=102.113 bootstraps=408
node=6870/7910 op=mul seconds=667.354 eta_seconds=101.026 bootstraps=408
node=6880/7910 op=scatter seconds=669.563 eta_seconds=100.24 bootstraps=410
node=6890/7910 op=repeat seconds=670.126 eta_seconds=99.2059 bootstraps=410
node=6900/7910 op=sum seconds=670.397 eta_seconds=98.1306 bootstraps=410
node=6910/7910 op=add seconds=670.633 eta_seconds=97.0526 bootstraps=410
node=6920/7910 op=mul seconds=671.226 eta_seconds=96.028 bootstraps=410
node=6930/7910 op=gather seconds=673.342 eta_seconds=95.2201 bootstraps=412
node=6940/7910 op=addp seconds=675.323 eta_seconds=94.3895 bootstraps=414
node=6950/7910 op=gather seconds=677.445 eta_seconds=93.5752 bootstraps=416
node=6960/7910 op=mul seconds=677.524 eta_seconds=92.4781 bootstraps=416
node=6970/7910 op=repeat seconds=680.095 eta_seconds=91.7202 bootstraps=418
node=6980/7910 op=mulp seconds=680.559 eta_seconds=90.6762 bootstraps=418
node=6990/7910 op=gather seconds=680.948 eta_seconds=89.6241 bootstraps=418
node=7000/7910 op=mul seconds=681.636 eta_seconds=88.6126 bootstraps=418
node=7010/7910 op=scatter seconds=683.719 eta_seconds=87.7813 bootstraps=420
node=7020/7910 op=add seconds=683.851 eta_seconds=86.699 bootstraps=420
node=7030/7910 op=mul seconds=684.075 eta_seconds=85.631 bootstraps=420
node=7040/7910 op=mul seconds=684.38 eta_seconds=84.5754 bootstraps=420
node=7050/7910 op=mul seconds=684.544 eta_seconds=83.5046 bootstraps=420
node=7060/7910 op=mul seconds=684.76 eta_seconds=82.4428 bootstraps=420
node=7070/7910 op=cheb seconds=686.896 eta_seconds=81.6113 bootstraps=422
node=7080/7910 op=add seconds=689.329 eta_seconds=80.8112 bootstraps=424
node=7090/7910 op=linear_ref seconds=691.455 eta_seconds=79.9708 bootstraps=426
node=7100/7910 op=cheb seconds=691.546 eta_seconds=78.8947 bootstraps=426
node=7110/7910 op=addp seconds=691.719 eta_seconds=77.8305 bootstraps=426
node=7120/7910 op=mul seconds=694.311 eta_seconds=77.0373 bootstraps=428
node=7130/7910 op=repeat seconds=694.627 eta_seconds=75.99 bootstraps=428
node=7140/7910 op=mul seconds=694.872 eta_seconds=74.9371 bootstraps=428
node=7150/7910 op=mul seconds=695.245 eta_seconds=73.9002 bootstraps=428
node=7160/7910 op=mul seconds=695.421 eta_seconds=72.8444 bootstraps=428
node=7170/7910 op=add seconds=697.679 eta_seconds=72.0059 bootstraps=430
node=7180/7910 op=repeat seconds=698.04 eta_seconds=70.9707 bootstraps=430
node=7190/7910 op=sum seconds=698.308 eta_seconds=69.9279 bootstraps=430
node=7200/7910 op=add seconds=698.544 eta_seconds=68.8842 bootstraps=430
node=7210/7910 op=mul seconds=699.059 eta_seconds=67.8698 bootstraps=430
node=7220/7910 op=gather seconds=701.186 eta_seconds=67.0109 bootstraps=432
node=7230/7910 op=addp seconds=703.064 eta_seconds=66.125 bootstraps=434
node=7240/7910 op=gather seconds=705.184 eta_seconds=65.2587 bootstraps=436
node=7250/7910 op=sum seconds=705.373 eta_seconds=64.2133 bootstraps=436
node=7260/7910 op=cheb seconds=707.752 eta_seconds=63.3662 bootstraps=438
node=7270/7910 op=mul seconds=708.296 eta_seconds=62.3534 bootstraps=438
node=7280/7910 op=gather seconds=708.534 eta_seconds=61.3154 bootstraps=438
node=7290/7910 op=scatter seconds=708.8 eta_seconds=60.2821 bootstraps=438
node=7300/7910 op=gather seconds=709.111 eta_seconds=59.2545 bootstraps=438
node=7310/7910 op=add seconds=711.452 eta_seconds=58.3955 bootstraps=440
node=7320/7910 op=mul seconds=711.689 eta_seconds=57.3629 bootstraps=440
node=7330/7910 op=mul seconds=712.105 eta_seconds=56.3467 bootstraps=440
node=7340/7910 op=mul seconds=712.485 eta_seconds=55.3292 bootstraps=440
node=7350/7910 op=mul seconds=712.9 eta_seconds=54.3162 bootstraps=440
node=7360/7910 op=cheb seconds=714.688 eta_seconds=53.4074 bootstraps=442
node=7370/7910 op=add seconds=717.224 eta_seconds=52.551 bootstraps=444
node=7380/7910 op=linear_ref seconds=719.352 eta_seconds=51.6608 bootstraps=446
node=7390/7910 op=mul seconds=719.408 eta_seconds=50.6214 bootstraps=446
node=7400/7910 op=cheb seconds=722.522 eta_seconds=49.7954 bootstraps=448
node=7410/7910 op=cheb seconds=723.057 eta_seconds=48.7893 bootstraps=448
node=7420/7910 op=addp seconds=723.436 eta_seconds=47.7741 bootstraps=448
node=7430/7910 op=scatter seconds=724.299 eta_seconds=46.7918 bootstraps=448
node=7440/7910 op=add seconds=726.236 eta_seconds=45.8778 bootstraps=450
node=7450/7910 op=mul seconds=726.682 eta_seconds=44.869 bootstraps=450
node=7460/7910 op=add seconds=726.905 eta_seconds=43.8481 bootstraps=450
node=7470/7910 op=repeat seconds=727.233 eta_seconds=42.8357 bootstraps=450
node=7480/7910 op=sum seconds=727.529 eta_seconds=41.8232 bootstraps=450
node=7490/7910 op=add seconds=727.88 eta_seconds=40.8157 bootstraps=450
node=7500/7910 op=mul seconds=729.713 eta_seconds=39.891 bootstraps=452
node=7510/7910 op=gather seconds=730.372 eta_seconds=38.9013 bootstraps=452
node=7520/7910 op=addp seconds=732.347 eta_seconds=37.9808 bootstraps=454
node=7530/7910 op=gather seconds=734.467 eta_seconds=37.0647 bootstraps=456
node=7540/7910 op=mul seconds=734.545 eta_seconds=36.0453 bootstraps=456
node=7550/7910 op=repeat seconds=737.12 eta_seconds=35.1475 bootstraps=458
node=7560/7910 op=mulp seconds=737.583 eta_seconds=34.1474 bootstraps=458
node=7570/7910 op=gather seconds=737.97 eta_seconds=33.1453 bootstraps=458
node=7580/7910 op=mul seconds=738.653 eta_seconds=32.1577 bootstraps=458
node=7590/7910 op=scatter seconds=740.724 eta_seconds=31.2295 bootstraps=460
node=7600/7910 op=add seconds=740.855 eta_seconds=30.2191 bootstraps=460
node=7610/7910 op=mul seconds=741.081 eta_seconds=29.2147 bootstraps=460
node=7620/7910 op=mul seconds=741.385 eta_seconds=28.2154 bootstraps=460
node=7630/7910 op=mul seconds=741.547 eta_seconds=27.2127 bootstraps=460
node=7640/7910 op=mul seconds=741.763 eta_seconds=26.2141 bootstraps=460
node=7650/7910 op=cheb seconds=743.923 eta_seconds=25.2836 bootstraps=462
node=7660/7910 op=add seconds=746.318 eta_seconds=24.3576 bootstraps=464
node=7670/7910 op=linear_ref seconds=748.445 eta_seconds=23.4194 bootstraps=466
node=7680/7910 op=cheb seconds=748.529 eta_seconds=22.4169 bootstraps=466
node=7690/7910 op=cheb seconds=750.812 eta_seconds=21.4797 bootstraps=468
node=7700/7910 op=cheb seconds=751.369 eta_seconds=20.4919 bootstraps=468
node=7710/7910 op=repeat seconds=751.692 eta_seconds=19.4991 bootstraps=468
node=7720/7910 op=mul seconds=751.975 eta_seconds=18.5072 bootstraps=468
node=7730/7910 op=add seconds=752.451 eta_seconds=17.5215 bootstraps=468
node=7740/7910 op=cheb seconds=752.78 eta_seconds=16.5339 bootstraps=468
node=7750/7910 op=add seconds=754.998 eta_seconds=15.5871 bootstraps=470
node=7760/7910 op=repeat seconds=755.256 eta_seconds=14.599 bootstraps=470
node=7770/7910 op=sum seconds=755.431 eta_seconds=13.6114 bootstraps=470
node=7780/7910 op=add seconds=755.593 eta_seconds=12.6256 bootstraps=470
node=7790/7910 op=mul seconds=757.735 eta_seconds=11.6724 bootstraps=472
node=7800/7910 op=gather seconds=758.305 eta_seconds=10.694 bootstraps=472
node=7810/7910 op=addp seconds=760.337 eta_seconds=9.73542 bootstraps=474
node=7814/7910 op=mulp seconds=761.849 eta_seconds=9.35981 bootstraps=476
client_token=315 logit_margin=0.674924
passed=1 polynomial_error=0.00011073 exact_error=0.000117124 eval_seconds=761.93
