GPU 0: NVIDIA GB10
 SMs: 48, SharedMem: 100 KB, Blocks/SM: 24, Threads/SM: 1536, L2 size: 24 MB, Bus: 256-bit
Adding bootstrap precomputation to GPU for 32768 slots.
Plaintexts loaded: 248 ~ 6262MB
Rotation keys loaded: 85 ~ 15300MB
setup_seconds=26.5665
planned_logical_refreshes=4
node=1/127 op=public seconds=0.185226 eta_seconds=23.3385 bootstraps=0
node=11/127 op=mulp seconds=0.905006 eta_seconds=9.5437 bootstraps=0
node=21/127 op=addp seconds=2.6361 eta_seconds=13.306 bootstraps=0
node=31/127 op=mulp seconds=3.61258 eta_seconds=11.1873 bootstraps=0
node=41/127 op=mul seconds=4.19142 eta_seconds=8.79175 bootstraps=0
node=51/127 op=repeat seconds=4.73272 eta_seconds=7.05267 bootstraps=0
node=61/127 op=mul seconds=5.24738 eta_seconds=5.67749 bootstraps=0
node=71/127 op=gather seconds=6.16521 eta_seconds=4.8627 bootstraps=0
node=81/127 op=scatter seconds=6.65415 eta_seconds=3.7789 bootstraps=0
node=91/127 op=mul seconds=7.05357 eta_seconds=2.79042 bootstraps=0
node=101/127 op=linear seconds=9.49427 eta_seconds=2.44407 bootstraps=2
node=111/127 op=mulp seconds=10.9593 eta_seconds=1.57971 bootstraps=4
node=121/127 op=sum seconds=13.3884 eta_seconds=0.66389 bootstraps=6
node=127/127 op=mulp seconds=14.9123 eta_seconds=0 bootstraps=8
passed=1 polynomial_error=1.15121e-05 exact_error=1.15032e-05 eval_seconds=14.9127
