GPU 0: NVIDIA GB10
 SMs: 48, SharedMem: 100 KB, Blocks/SM: 24, Threads/SM: 1536, L2 size: 24 MB, Bus: 256-bit
Adding bootstrap precomputation to GPU for 32768 slots.
Plaintexts loaded: 248 ~ 6262MB
Rotation keys loaded: 85 ~ 15300MB
setup_seconds=26.6007
planned_logical_refreshes=623
node=1/7910 op=public seconds=0.184208 eta_seconds=1456.9 bootstraps=0
node=11/7910 op=public seconds=1.53225 eta_seconds=1100.29 bootstraps=0
node=21/7910 op=mul seconds=2.36127 eta_seconds=887.051 bootstraps=0
node=31/7910 op=gather seconds=4.00254 eta_seconds=1017.29 bootstraps=0
node=41/7910 op=mul seconds=4.94319 eta_seconds=948.731 bootstraps=0
node=51/7910 op=repeat seconds=5.62188 eta_seconds=866.32 bootstraps=0
node=61/7910 op=mulp seconds=5.95873 eta_seconds=766.722 bootstraps=0
node=71/7910 op=add seconds=6.42314 eta_seconds=709.169 bootstraps=0
node=81/7910 op=add seconds=6.95814 eta_seconds=672.534 bootstraps=0
node=91/7910 op=scatter seconds=7.41935 eta_seconds=637.494 bootstraps=0
node=111/7910 op=mul seconds=9.7927 eta_seconds=688.048 bootstraps=2
node=121/7910 op=mul seconds=10.5725 eta_seconds=680.571 bootstraps=2
node=131/7910 op=scatter seconds=13.3139 eta_seconds=790.604 bootstraps=4
node=141/7910 op=gather seconds=16.7911 eta_seconds=925.179 bootstraps=8
node=161/7910 op=cheb seconds=18.8854 eta_seconds=908.963 bootstraps=10
node=171/7910 op=sum seconds=19.0957 eta_seconds=864.222 bootstraps=10
node=181/7910 op=addp seconds=19.2252 eta_seconds=820.949 bootstraps=10
node=191/7910 op=scatter seconds=21.1388 eta_seconds=854.293 bootstraps=12
node=201/7910 op=mul seconds=22.0828 eta_seconds=846.947 bootstraps=12
node=211/7910 op=scatter seconds=22.5542 eta_seconds=822.96 bootstraps=12
node=221/7910 op=sum seconds=22.8079 eta_seconds=793.529 bootstraps=12
node=231/7910 op=scatter seconds=24.8029 eta_seconds=824.51 bootstraps=14
node=241/7910 op=gather seconds=26.9661 eta_seconds=858.103 bootstraps=16
node=251/7910 op=cheb seconds=30.4196 eta_seconds=928.223 bootstraps=20
node=271/7910 op=repeat seconds=32.976 eta_seconds=929.534 bootstraps=22
node=281/7910 op=addp seconds=33.3686 eta_seconds=905.939 bootstraps=22
node=291/7910 op=repeat seconds=33.6118 eta_seconds=880.027 bootstraps=22
node=301/7910 op=mul seconds=33.8565 eta_seconds=855.86 bootstraps=22
node=311/7910 op=scatter seconds=36.0303 eta_seconds=880.368 bootstraps=24
node=321/7910 op=mul seconds=36.6219 eta_seconds=865.804 bootstraps=24
node=341/7910 op=add seconds=37.5302 eta_seconds=833.039 bootstraps=24
node=351/7910 op=cheb seconds=39.7983 eta_seconds=857.08 bootstraps=26
node=361/7910 op=add seconds=42.1681 eta_seconds=881.792 bootstraps=28
node=371/7910 op=linear seconds=44.1556 eta_seconds=897.274 bootstraps=30
node=381/7910 op=cheb seconds=45.872 eta_seconds=906.484 bootstraps=32
node=391/7910 op=add seconds=46.2965 eta_seconds=890.291 bootstraps=32
node=401/7910 op=mulp seconds=46.5506 eta_seconds=871.693 bootstraps=32
node=411/7910 op=addp seconds=46.6818 eta_seconds=851.744 bootstraps=32
node=421/7910 op=mul seconds=46.9098 eta_seconds=834.46 bootstraps=32
node=431/7910 op=gather seconds=50.9541 eta_seconds=884.19 bootstraps=36
node=441/7910 op=add seconds=51.2172 eta_seconds=867.441 bootstraps=36
node=451/7910 op=mulp seconds=51.6409 eta_seconds=854.078 bootstraps=36
node=461/7910 op=add seconds=54.0401 eta_seconds=873.199 bootstraps=38
node=471/7910 op=linear seconds=56.0244 eta_seconds=884.852 bootstraps=40
node=481/7910 op=mulp seconds=57.9782 eta_seconds=895.467 bootstraps=42
node=491/7910 op=gather seconds=59.9627 eta_seconds=906.035 bootstraps=44
node=501/7910 op=cheb seconds=61.8781 eta_seconds=915.08 bootstraps=46
node=511/7910 op=sum seconds=62.2975 eta_seconds=902.033 bootstraps=46
node=521/7910 op=addp seconds=62.4942 eta_seconds=886.313 bootstraps=46
node=531/7910 op=gather seconds=62.8211 eta_seconds=872.988 bootstraps=46
node=541/7910 op=add seconds=64.6567 eta_seconds=880.693 bootstraps=48
node=551/7910 op=add seconds=65.5435 eta_seconds=875.38 bootstraps=48
node=561/7910 op=add seconds=66.2121 eta_seconds=867.367 bootstraps=48
node=571/7910 op=repeat seconds=66.4592 eta_seconds=854.193 bootstraps=48
node=581/7910 op=mulp seconds=68.6412 eta_seconds=865.871 bootstraps=50
node=591/7910 op=mul seconds=72.1458 eta_seconds=893.46 bootstraps=54
node=601/7910 op=mul seconds=74.1157 eta_seconds=901.35 bootstraps=56
node=611/7910 op=gather seconds=74.743 eta_seconds=892.879 bootstraps=56
node=621/7910 op=mul seconds=76.8757 eta_seconds=902.331 bootstraps=58
node=631/7910 op=repeat seconds=77.1288 eta_seconds=889.732 bootstraps=58
node=641/7910 op=mulp seconds=77.2797 eta_seconds=876.359 bootstraps=58
node=651/7910 op=add seconds=77.519 eta_seconds=864.379 bootstraps=58
node=661/7910 op=add seconds=81.1595 eta_seconds=890.053 bootstraps=62
node=671/7910 op=scatter seconds=81.7351 eta_seconds=881.789 bootstraps=62
node=691/7910 op=mul seconds=82.6334 eta_seconds=863.286 bootstraps=62
node=701/7910 op=mul seconds=84.8355 eta_seconds=872.438 bootstraps=64
node=711/7910 op=scatter seconds=87.2283 eta_seconds=883.202 bootstraps=66
node=721/7910 op=gather seconds=89.3767 eta_seconds=891.164 bootstraps=68
node=741/7910 op=cheb seconds=91.686 eta_seconds=887.04 bootstraps=70
node=751/7910 op=sum seconds=91.8711 eta_seconds=875.773 bootstraps=70
node=761/7910 op=addp seconds=91.9867 eta_seconds=864.143 bootstraps=70
node=771/7910 op=scatter seconds=93.8586 eta_seconds=869.075 bootstraps=72
node=781/7910 op=mul seconds=94.8993 eta_seconds=866.244 bootstraps=72
node=791/7910 op=scatter seconds=95.4292 eta_seconds=858.863 bootstraps=72
node=801/7910 op=sum seconds=95.7072 eta_seconds=849.416 bootstraps=72
node=811/7910 op=scatter seconds=97.9696 eta_seconds=857.566 bootstraps=74
node=821/7910 op=gather seconds=98.554 eta_seconds=850.974 bootstraps=74
node=831/7910 op=cheb seconds=101.977 eta_seconds=868.71 bootstraps=78
node=851/7910 op=repeat seconds=104.35 eta_seconds=865.579 bootstraps=80
node=861/7910 op=addp seconds=104.68 eta_seconds=857.012 bootstraps=80
node=871/7910 op=repeat seconds=107.73 eta_seconds=870.622 bootstraps=84
node=881/7910 op=mul seconds=108.228 eta_seconds=863.487 bootstraps=84
node=891/7910 op=scatter seconds=108.76 eta_seconds=856.774 bootstraps=84
node=901/7910 op=mul seconds=109.115 eta_seconds=848.821 bootstraps=84
node=921/7910 op=add seconds=111.552 eta_seconds=846.512 bootstraps=86
node=931/7910 op=cheb seconds=113.75 eta_seconds=852.698 bootstraps=88
node=941/7910 op=add seconds=116.167 eta_seconds=860.327 bootstraps=90
node=951/7910 op=linear seconds=118.303 eta_seconds=865.69 bootstraps=92
node=961/7910 op=cheb seconds=118.402 eta_seconds=856.167 bootstraps=92
node=971/7910 op=add seconds=120.22 eta_seconds=859.124 bootstraps=94
node=981/7910 op=mulp seconds=121.913 eta_seconds=861.095 bootstraps=96
node=991/7910 op=addp seconds=123.424 eta_seconds=861.729 bootstraps=98
node=1001/7910 op=mul seconds=123.888 eta_seconds=855.084 bootstraps=98
node=1011/7910 op=gather seconds=124.644 eta_seconds=850.561 bootstraps=98
node=1021/7910 op=add seconds=126.423 eta_seconds=853.013 bootstraps=100
node=1031/7910 op=mulp seconds=126.882 eta_seconds=846.575 bootstraps=100
node=1041/7910 op=add seconds=127.74 eta_seconds=842.885 bootstraps=100
node=1051/7910 op=linear seconds=129.881 eta_seconds=847.627 bootstraps=102
node=1061/7910 op=mulp seconds=131.778 eta_seconds=850.656 bootstraps=104
node=1071/7910 op=gather seconds=133.898 eta_seconds=855.023 bootstraps=106
node=1081/7910 op=cheb seconds=135.776 eta_seconds=857.738 bootstraps=108
node=1091/7910 op=sum seconds=136.248 eta_seconds=851.581 bootstraps=108
node=1101/7910 op=addp seconds=136.447 eta_seconds=843.838 bootstraps=108
node=1111/7910 op=gather seconds=136.815 eta_seconds=837.27 bootstraps=108
node=1121/7910 op=add seconds=138.647 eta_seconds=839.671 bootstraps=110
node=1131/7910 op=add seconds=139.534 eta_seconds=836.341 bootstraps=110
node=1141/7910 op=add seconds=140.204 eta_seconds=831.761 bootstraps=110
node=1151/7910 op=repeat seconds=140.452 eta_seconds=824.776 bootstraps=110
node=1161/7910 op=mulp seconds=142.71 eta_seconds=829.586 bootstraps=112
node=1171/7910 op=mul seconds=144.782 eta_seconds=833.208 bootstraps=114
node=1181/7910 op=mul seconds=146.764 eta_seconds=836.218 bootstraps=116
node=1191/7910 op=gather seconds=147.398 eta_seconds=831.544 bootstraps=116
node=1201/7910 op=mul seconds=149.58 eta_seconds=835.58 bootstraps=118
node=1211/7910 op=repeat seconds=149.824 eta_seconds=828.793 bootstraps=118
node=1221/7910 op=mulp seconds=149.946 eta_seconds=821.451 bootstraps=118
node=1231/7910 op=add seconds=151.695 eta_seconds=823.049 bootstraps=120
node=1241/7910 op=add seconds=152.498 eta_seconds=819.506 bootstraps=120
node=1251/7910 op=scatter seconds=153.076 eta_seconds=814.813 bootstraps=120
node=1271/7910 op=mul seconds=153.979 eta_seconds=804.299 bootstraps=120
node=1281/7910 op=mul seconds=156.17 eta_seconds=808.158 bootstraps=122
node=1291/7910 op=scatter seconds=158.556 eta_seconds=812.924 bootstraps=124
node=1301/7910 op=gather seconds=160.698 eta_seconds=816.337 bootstraps=126
node=1321/7910 op=cheb seconds=162.98 eta_seconds=812.927 bootstraps=128
node=1331/7910 op=sum seconds=163.165 eta_seconds=806.506 bootstraps=128
node=1341/7910 op=addp seconds=163.28 eta_seconds=799.84 bootstraps=128
node=1351/7910 op=scatter seconds=165.158 eta_seconds=801.831 bootstraps=130
node=1361/7910 op=mul seconds=166.217 eta_seconds=799.82 bootstraps=130
node=1371/7910 op=scatter seconds=166.748 eta_seconds=795.308 bootstraps=130
node=1381/7910 op=sum seconds=167.024 eta_seconds=789.647 bootstraps=130
node=1391/7910 op=scatter seconds=170.621 eta_seconds=799.624 bootstraps=134
node=1401/7910 op=gather seconds=171.289 eta_seconds=795.802 bootstraps=134
node=1411/7910 op=cheb seconds=174.813 eta_seconds=805.182 bootstraps=138
node=1421/7910 op=cheb seconds=175.367 eta_seconds=800.816 bootstraps=138
node=1431/7910 op=gather seconds=177.108 eta_seconds=801.875 bootstraps=138
node=1441/7910 op=repeat seconds=180.361 eta_seconds=809.682 bootstraps=140
node=1451/7910 op=addp seconds=181.015 eta_seconds=805.773 bootstraps=140
node=1461/7910 op=repeat seconds=181.59 eta_seconds=801.557 bootstraps=140
node=1471/7910 op=mul seconds=182.018 eta_seconds=796.745 bootstraps=140
node=1481/7910 op=scatter seconds=182.462 eta_seconds=792.063 bootstraps=140
node=1491/7910 op=mul seconds=182.954 eta_seconds=787.645 bootstraps=140
node=1501/7910 op=addp seconds=183.489 eta_seconds=783.467 bootstraps=140
node=1511/7910 op=repeat seconds=185.275 eta_seconds=784.627 bootstraps=142
node=1521/7910 op=mul seconds=185.924 eta_seconds=780.977 bootstraps=142
node=1531/7910 op=mul seconds=187.998 eta_seconds=783.304 bootstraps=144
node=1541/7910 op=scatter seconds=190.405 eta_seconds=786.95 bootstraps=146
node=1551/7910 op=gather seconds=193.802 eta_seconds=794.576 bootstraps=150
node=1561/7910 op=mul seconds=194.354 eta_seconds=790.489 bootstraps=150
node=1571/7910 op=cheb seconds=197.686 eta_seconds=797.665 bootstraps=154
node=1581/7910 op=sum seconds=197.898 eta_seconds=792.216 bootstraps=154
node=1591/7910 op=addp seconds=198.029 eta_seconds=786.514 bootstraps=154
node=1601/7910 op=scatter seconds=199.952 eta_seconds=787.943 bootstraps=156
node=1611/7910 op=mul seconds=200.904 eta_seconds=785.534 bootstraps=156
node=1621/7910 op=scatter seconds=201.373 eta_seconds=781.266 bootstraps=156
node=1631/7910 op=mulp seconds=201.533 eta_seconds=775.859 bootstraps=156
node=1641/7910 op=repeat seconds=203.514 eta_seconds=777.47 bootstraps=158
node=1651/7910 op=mulp seconds=205.343 eta_seconds=778.464 bootstraps=160
node=1661/7910 op=mul seconds=207.602 eta_seconds=781.04 bootstraps=162
node=1671/7910 op=mul seconds=209.581 eta_seconds=782.51 bootstraps=164
node=1681/7910 op=gather seconds=210.223 eta_seconds=778.988 bootstraps=164
node=1691/7910 op=mul seconds=214.535 eta_seconds=788.996 bootstraps=168
node=1701/7910 op=repeat seconds=214.79 eta_seconds=784.026 bootstraps=168
node=1711/7910 op=mulp seconds=214.94 eta_seconds=778.735 bootstraps=168
node=1721/7910 op=add seconds=215.181 eta_seconds=773.827 bootstraps=168
node=1731/7910 op=add seconds=217.475 eta_seconds=776.301 bootstraps=170
node=1741/7910 op=scatter seconds=218.05 eta_seconds=772.629 bootstraps=170
node=1751/7910 op=mul seconds=218.601 eta_seconds=768.91 bootstraps=170
node=1761/7910 op=add seconds=218.86 eta_seconds=764.207 bootstraps=170
node=1771/7910 op=add seconds=221.118 eta_seconds=766.484 bootstraps=172
node=1781/7910 op=linear_ref seconds=221.698 eta_seconds=762.934 bootstraps=172
node=1791/7910 op=mulp seconds=223.658 eta_seconds=764.133 bootstraps=174
node=1801/7910 op=gather seconds=225.64 eta_seconds=765.371 bootstraps=176
node=1811/7910 op=cheb seconds=227.957 eta_seconds=767.702 bootstraps=178
node=1821/7910 op=sum seconds=228.41 eta_seconds=763.751 bootstraps=178
node=1831/7910 op=addp seconds=228.567 eta_seconds=758.851 bootstraps=178
node=1841/7910 op=gather seconds=228.887 eta_seconds=754.544 bootstraps=178
node=1851/7910 op=add seconds=230.815 eta_seconds=755.542 bootstraps=180
node=1861/7910 op=add seconds=231.721 eta_seconds=753.188 bootstraps=180
node=1871/7910 op=add seconds=232.389 eta_seconds=750.078 bootstraps=180
node=1881/7910 op=sum seconds=232.542 eta_seconds=745.345 bootstraps=180
node=1891/7910 op=add seconds=232.769 eta_seconds=740.899 bootstraps=180
node=1901/7910 op=cheb seconds=236.379 eta_seconds=747.188 bootstraps=184
node=1911/7910 op=add seconds=238.854 eta_seconds=749.81 bootstraps=186
node=1921/7910 op=linear_ref seconds=240.853 eta_seconds=750.893 bootstraps=188
node=1931/7910 op=cheb seconds=242.675 eta_seconds=751.401 bootstraps=190
node=1941/7910 op=add seconds=245.215 eta_seconds=754.091 bootstraps=192
node=1951/7910 op=mulp seconds=245.502 eta_seconds=749.844 bootstraps=192
node=1961/7910 op=addp seconds=245.659 eta_seconds=745.246 bootstraps=192
node=1971/7910 op=mul seconds=247.386 eta_seconds=745.422 bootstraps=194
node=1981/7910 op=gather seconds=248.62 eta_seconds=744.102 bootstraps=194
node=1991/7910 op=add seconds=248.883 eta_seconds=739.898 bootstraps=194
node=2001/7910 op=mul seconds=249.314 eta_seconds=736.229 bootstraps=194
node=2011/7910 op=sum seconds=249.624 eta_seconds=732.239 bootstraps=194
node=2021/7910 op=scatter seconds=251.836 eta_seconds=733.826 bootstraps=196
node=2031/7910 op=gather seconds=253.839 eta_seconds=734.771 bootstraps=198
node=2041/7910 op=cheb seconds=257.314 eta_seconds=739.919 bootstraps=202
node=2051/7910 op=gather seconds=257.983 eta_seconds=736.969 bootstraps=202
node=2061/7910 op=repeat seconds=260.387 eta_seconds=738.963 bootstraps=204
node=2071/7910 op=addp seconds=260.778 eta_seconds=735.239 bootstraps=204
node=2081/7910 op=repeat seconds=261.023 eta_seconds=731.139 bootstraps=204
node=2091/7910 op=mul seconds=261.271 eta_seconds=727.084 bootstraps=204
node=2101/7910 op=scatter seconds=263.523 eta_seconds=728.609 bootstraps=206
node=2111/7910 op=mul seconds=264.118 eta_seconds=725.543 bootstraps=206
node=2121/7910 op=addp seconds=264.784 eta_seconds=722.693 bootstraps=206
node=2131/7910 op=repeat seconds=265.042 eta_seconds=718.76 bootstraps=206
node=2141/7910 op=mul seconds=265.27 eta_seconds=714.78 bootstraps=206
node=2151/7910 op=mul seconds=267.454 eta_seconds=716.071 bootstraps=208
node=2161/7910 op=scatter seconds=269.847 eta_seconds=717.886 bootstraps=210
node=2171/7910 op=gather seconds=271.99 eta_seconds=719.001 bootstraps=212
node=2181/7910 op=mul seconds=274.154 eta_seconds=720.141 bootstraps=214
node=2191/7910 op=cheb seconds=274.81 eta_seconds=717.316 bootstraps=214
node=2201/7910 op=sum seconds=274.996 eta_seconds=713.291 bootstraps=214
node=2211/7910 op=addp seconds=275.112 eta_seconds=709.121 bootstraps=214
node=2221/7910 op=scatter seconds=277.093 eta_seconds=709.763 bootstraps=216
node=2231/7910 op=mul seconds=278.144 eta_seconds=708.014 bootstraps=216
node=2241/7910 op=scatter seconds=278.676 eta_seconds=704.96 bootstraps=216
node=2251/7910 op=mulp seconds=278.839 eta_seconds=701 bootstraps=216
node=2261/7910 op=repeat seconds=279.192 eta_seconds=697.547 bootstraps=216
node=2271/7910 op=mulp seconds=281.392 eta_seconds=698.711 bootstraps=218
node=2281/7910 op=mul seconds=283.478 eta_seconds=699.56 bootstraps=220
node=2291/7910 op=mul seconds=285.409 eta_seconds=700.005 bootstraps=222
node=2301/7910 op=gather seconds=286.08 eta_seconds=697.359 bootstraps=222
node=2311/7910 op=mul seconds=288.679 eta_seconds=699.4 bootstraps=224
node=2321/7910 op=repeat seconds=290.382 eta_seconds=699.245 bootstraps=226
node=2331/7910 op=mulp seconds=291.903 eta_seconds=698.638 bootstraps=228
node=2341/7910 op=add seconds=292.398 eta_seconds=695.585 bootstraps=228
node=2351/7910 op=add seconds=293.068 eta_seconds=692.966 bootstraps=228
node=2361/7910 op=scatter seconds=294.853 eta_seconds=692.986 bootstraps=230
node=2371/7910 op=mul seconds=295.524 eta_seconds=690.388 bootstraps=230
node=2381/7910 op=add seconds=295.784 eta_seconds=686.849 bootstraps=230
node=2391/7910 op=add seconds=298.006 eta_seconds=687.869 bootstraps=232
node=2401/7910 op=linear_ref seconds=298.55 eta_seconds=685.012 bootstraps=232
node=2411/7910 op=mulp seconds=300.549 eta_seconds=685.491 bootstraps=234
node=2421/7910 op=gather seconds=302.685 eta_seconds=686.261 bootstraps=236
node=2431/7910 op=cheb seconds=306.321 eta_seconds=690.387 bootstraps=240
node=2441/7910 op=sum seconds=308.193 eta_seconds=690.498 bootstraps=242
node=2451/7910 op=addp seconds=309.677 eta_seconds=689.729 bootstraps=244
node=2461/7910 op=gather seconds=311.623 eta_seconds=689.977 bootstraps=246
node=2471/7910 op=add seconds=311.8 eta_seconds=686.314 bootstraps=246
node=2481/7910 op=add seconds=312.404 eta_seconds=683.611 bootstraps=246
node=2491/7910 op=add seconds=314.65 eta_seconds=684.5 bootstraps=248
node=2501/7910 op=sum seconds=314.871 eta_seconds=680.982 bootstraps=248
node=2511/7910 op=add seconds=315.193 eta_seconds=677.709 bootstraps=248
node=2521/7910 op=cheb seconds=317.176 eta_seconds=678.01 bootstraps=250
node=2531/7910 op=add seconds=319.72 eta_seconds=679.485 bootstraps=252
node=2541/7910 op=linear_ref seconds=321.854 eta_seconds=680.061 bootstraps=254
node=2551/7910 op=cheb seconds=323.692 eta_seconds=679.994 bootstraps=256
node=2561/7910 op=add seconds=326.717 eta_seconds=682.393 bootstraps=258
node=2571/7910 op=mulp seconds=327.003 eta_seconds=679.063 bootstraps=258
node=2581/7910 op=addp seconds=327.201 eta_seconds=675.573 bootstraps=258
node=2591/7910 op=mul seconds=328.936 eta_seconds=675.265 bootstraps=260
node=2601/7910 op=gather seconds=330.142 eta_seconds=673.866 bootstraps=260
node=2611/7910 op=add seconds=330.408 eta_seconds=670.559 bootstraps=260
node=2621/7910 op=mul seconds=330.84 eta_seconds=667.613 bootstraps=260
node=2631/7910 op=sum seconds=331.154 eta_seconds=664.448 bootstraps=260
node=2641/7910 op=scatter seconds=333.419 eta_seconds=665.198 bootstraps=262
node=2651/7910 op=gather seconds=333.996 eta_seconds=662.574 bootstraps=262
node=2661/7910 op=cheb seconds=337.454 eta_seconds=665.65 bootstraps=266
node=2671/7910 op=gather seconds=338.124 eta_seconds=663.21 bootstraps=266
node=2681/7910 op=repeat seconds=340.587 eta_seconds=664.277 bootstraps=268
node=2691/7910 op=addp seconds=340.97 eta_seconds=661.288 bootstraps=268
node=2701/7910 op=repeat seconds=341.189 eta_seconds=657.999 bootstraps=268
node=2711/7910 op=mul seconds=343.037 eta_seconds=657.856 bootstraps=270
node=2721/7910 op=scatter seconds=343.703 eta_seconds=655.449 bootstraps=270
node=2731/7910 op=mul seconds=344.296 eta_seconds=652.915 bootstraps=270
node=2741/7910 op=addp seconds=344.965 eta_seconds=650.538 bootstraps=270
node=2751/7910 op=repeat seconds=345.223 eta_seconds=647.404 bootstraps=270
node=2761/7910 op=mul seconds=345.45 eta_seconds=644.231 bootstraps=270
node=2771/7910 op=mul seconds=347.637 eta_seconds=644.716 bootstraps=272
node=2781/7910 op=scatter seconds=350.029 eta_seconds=645.558 bootstraps=274
node=2791/7910 op=gather seconds=352.168 eta_seconds=645.915 bootstraps=276
node=2801/7910 op=mul seconds=354.329 eta_seconds=646.294 bootstraps=278
node=2811/7910 op=cheb seconds=354.943 eta_seconds=643.848 bootstraps=278
node=2821/7910 op=sum seconds=355.13 eta_seconds=640.644 bootstraps=278
node=2831/7910 op=addp seconds=355.246 eta_seconds=637.334 bootstraps=278
node=2841/7910 op=scatter seconds=357.219 eta_seconds=637.362 bootstraps=280
node=2851/7910 op=mul seconds=358.282 eta_seconds=635.759 bootstraps=280
node=2861/7910 op=scatter seconds=358.811 eta_seconds=633.218 bootstraps=280
node=2871/7910 op=mulp seconds=358.974 eta_seconds=630.049 bootstraps=280
node=2881/7910 op=repeat seconds=359.332 eta_seconds=627.241 bootstraps=280
node=2891/7910 op=mulp seconds=362.866 eta_seconds=629.963 bootstraps=284
node=2901/7910 op=mul seconds=365.121 eta_seconds=630.435 bootstraps=286
node=2911/7910 op=mul seconds=367.062 eta_seconds=630.348 bootstraps=288
client_token=315 logit_margin=1.89752
node=2921/7910 op=mul seconds=367.777 eta_seconds=628.154 bootstraps=288
node=2931/7910 op=gather seconds=369.462 eta_seconds=627.62 bootstraps=288
node=2941/7910 op=mul seconds=372.944 eta_seconds=630.112 bootstraps=290
node=2951/7910 op=repeat seconds=373.581 eta_seconds=627.784 bootstraps=290
node=2961/7910 op=mulp seconds=373.916 eta_seconds=624.961 bootstraps=290
node=2971/7910 op=add seconds=374.339 eta_seconds=622.303 bootstraps=290
node=2981/7910 op=add seconds=374.887 eta_seconds=619.866 bootstraps=290
node=2991/7910 op=scatter seconds=375.351 eta_seconds=617.303 bootstraps=290
node=3001/7910 op=mul seconds=375.807 eta_seconds=614.74 bootstraps=290
node=3011/7910 op=mul seconds=377.605 eta_seconds=614.376 bootstraps=292
node=3021/7910 op=mul seconds=378.224 eta_seconds=612.094 bootstraps=292
node=3031/7910 op=sum seconds=379.068 eta_seconds=610.185 bootstraps=292
node=3041/7910 op=cheb seconds=382.643 eta_seconds=612.656 bootstraps=296
node=3051/7910 op=repeat seconds=384.639 eta_seconds=612.574 bootstraps=298
node=3061/7910 op=gather seconds=385.162 eta_seconds=610.144 bootstraps=298
node=3071/7910 op=repeat seconds=387.774 eta_seconds=611.019 bootstraps=300
node=3081/7910 op=cheb seconds=388.063 eta_seconds=608.23 bootstraps=300
node=3091/7910 op=mul seconds=388.222 eta_seconds=605.254 bootstraps=300
node=3101/7910 op=mulp seconds=390.061 eta_seconds=604.902 bootstraps=302
node=3111/7910 op=scatter seconds=390.849 eta_seconds=602.92 bootstraps=302
node=3121/7910 op=add seconds=391.303 eta_seconds=600.433 bootstraps=302
node=3131/7910 op=mul seconds=391.974 eta_seconds=598.289 bootstraps=302
node=3141/7910 op=repeat seconds=392.232 eta_seconds=595.529 bootstraps=302
node=3151/7910 op=sum seconds=392.407 eta_seconds=592.657 bootstraps=302
node=3161/7910 op=scatter seconds=394.658 eta_seconds=592.923 bootstraps=304
node=3171/7910 op=gather seconds=396.699 eta_seconds=592.859 bootstraps=306
node=3181/7910 op=cheb seconds=400.184 eta_seconds=594.929 bootstraps=310
node=3191/7910 op=gather seconds=400.849 eta_seconds=592.795 bootstraps=310
node=3201/7910 op=repeat seconds=404.893 eta_seconds=595.639 bootstraps=314
node=3211/7910 op=addp seconds=405.299 eta_seconds=593.117 bootstraps=314
node=3221/7910 op=repeat seconds=405.547 eta_seconds=590.379 bootstraps=314
node=3231/7910 op=mul seconds=405.795 eta_seconds=587.656 bootstraps=314
node=3241/7910 op=scatter seconds=407.97 eta_seconds=587.723 bootstraps=316
node=3251/7910 op=mul seconds=408.573 eta_seconds=585.525 bootstraps=316
node=3261/7910 op=addp seconds=409.24 eta_seconds=583.428 bootstraps=316
node=3271/7910 op=mul seconds=409.393 eta_seconds=580.609 bootstraps=316
node=3281/7910 op=mul seconds=409.62 eta_seconds=577.913 bootstraps=316
node=3291/7910 op=mul seconds=411.879 eta_seconds=578.083 bootstraps=318
node=3301/7910 op=gather seconds=412.457 eta_seconds=575.891 bootstraps=318
node=3311/7910 op=addp seconds=414.416 eta_seconds=575.626 bootstraps=320
node=3321/7910 op=gather seconds=416.404 eta_seconds=575.392 bootstraps=322
node=3331/7910 op=cheb seconds=418.82 eta_seconds=575.736 bootstraps=324
node=3341/7910 op=mulp seconds=419.168 eta_seconds=573.236 bootstraps=324
node=3351/7910 op=cheb seconds=419.38 eta_seconds=570.562 bootstraps=324
node=3361/7910 op=mul seconds=421.384 eta_seconds=570.33 bootstraps=326
node=3371/7910 op=gather seconds=421.839 eta_seconds=568 bootstraps=326
node=3381/7910 op=mul seconds=422.509 eta_seconds=565.97 bootstraps=326
node=3391/7910 op=mulp seconds=423.182 eta_seconds=563.952 bootstraps=326
node=3401/7910 op=sum seconds=423.338 eta_seconds=561.255 bootstraps=326
node=3411/7910 op=add seconds=423.563 eta_seconds=558.666 bootstraps=326
node=3421/7910 op=add seconds=425.839 eta_seconds=558.782 bootstraps=328
node=3431/7910 op=linear_ref seconds=427.833 eta_seconds=558.514 bootstraps=330
node=3441/7910 op=mulp seconds=429.787 eta_seconds=558.187 bootstraps=332
node=3451/7910 op=gather seconds=431.771 eta_seconds=557.887 bootstraps=334
node=3461/7910 op=cheb seconds=435.814 eta_seconds=560.224 bootstraps=338
node=3471/7910 op=sum seconds=436.235 eta_seconds=557.893 bootstraps=338
node=3481/7910 op=addp seconds=436.432 eta_seconds=555.288 bootstraps=338
node=3491/7910 op=gather seconds=436.762 eta_seconds=552.865 bootstraps=338
node=3501/7910 op=add seconds=438.64 eta_seconds=552.403 bootstraps=340
node=3511/7910 op=add seconds=439.54 eta_seconds=550.708 bootstraps=340
node=3521/7910 op=add seconds=440.214 eta_seconds=548.737 bootstraps=340
node=3531/7910 op=mul seconds=440.242 eta_seconds=545.97 bootstraps=340
node=3541/7910 op=mul seconds=440.6 eta_seconds=543.626 bootstraps=340
node=3551/7910 op=linear_ref seconds=442.906 eta_seconds=543.685 bootstraps=342
node=3561/7910 op=mulp seconds=444.42 eta_seconds=542.763 bootstraps=344
node=3571/7910 op=sum seconds=446.892 eta_seconds=543.003 bootstraps=346
node=3581/7910 op=gather seconds=449.026 eta_seconds=542.819 bootstraps=348
node=3591/7910 op=cheb seconds=451.211 eta_seconds=542.685 bootstraps=350
node=3601/7910 op=mul seconds=451.802 eta_seconds=540.632 bootstraps=350
node=3611/7910 op=mulp seconds=451.987 eta_seconds=538.104 bootstraps=350
node=3621/7910 op=gather seconds=452.24 eta_seconds=535.669 bootstraps=350
node=3631/7910 op=scatter seconds=454.279 eta_seconds=535.351 bootstraps=352
node=3641/7910 op=mulp seconds=455.202 eta_seconds=533.716 bootstraps=352
node=3651/7910 op=scatter seconds=455.882 eta_seconds=531.8 bootstraps=352
node=3661/7910 op=mulp seconds=455.91 eta_seconds=529.135 bootstraps=352
node=3671/7910 op=repeat seconds=456.27 eta_seconds=526.868 bootstraps=352
node=3681/7910 op=mul seconds=456.497 eta_seconds=524.457 bootstraps=352
node=3691/7910 op=mul seconds=458.699 eta_seconds=524.317 bootstraps=354
node=3701/7910 op=scatter seconds=461.101 eta_seconds=524.392 bootstraps=356
node=3711/7910 op=gather seconds=463.246 eta_seconds=524.163 bootstraps=358
node=3721/7910 op=mul seconds=465.407 eta_seconds=523.943 bootstraps=360
node=3731/7910 op=cheb seconds=466.076 eta_seconds=522.04 bootstraps=360
node=3741/7910 op=sum seconds=466.263 eta_seconds=519.607 bootstraps=360
node=3751/7910 op=addp seconds=467.888 eta_seconds=518.781 bootstraps=362
node=3761/7910 op=scatter seconds=468.468 eta_seconds=516.797 bootstraps=362
node=3771/7910 op=mul seconds=469.469 eta_seconds=515.283 bootstraps=362
node=3781/7910 op=scatter seconds=470.003 eta_seconds=513.262 bootstraps=362
node=3791/7910 op=add seconds=470.165 eta_seconds=510.844 bootstraps=362
node=3801/7910 op=mul seconds=470.482 eta_seconds=508.605 bootstraps=362
node=3811/7910 op=cheb seconds=470.756 eta_seconds=506.332 bootstraps=362
node=3821/7910 op=repeat seconds=474.266 eta_seconds=507.531 bootstraps=366
node=3831/7910 op=mul seconds=476.759 eta_seconds=507.622 bootstraps=368
node=3841/7910 op=gather seconds=478.895 eta_seconds=507.322 bootstraps=370
node=3851/7910 op=cheb seconds=481.071 eta_seconds=507.054 bootstraps=372
node=3861/7910 op=cheb seconds=481.635 eta_seconds=505.087 bootstraps=372
node=3871/7910 op=mul seconds=483.319 eta_seconds=504.295 bootstraps=374
node=3881/7910 op=repeat seconds=484.886 eta_seconds=503.377 bootstraps=376
node=3891/7910 op=add seconds=485.355 eta_seconds=501.321 bootstraps=376
node=3901/7910 op=mul seconds=486.233 eta_seconds=499.695 bootstraps=376
node=3911/7910 op=gather seconds=488.191 eta_seconds=499.176 bootstraps=378
node=3921/7910 op=mul seconds=488.48 eta_seconds=496.951 bootstraps=378
node=3931/7910 op=sum seconds=488.791 eta_seconds=494.759 bootstraps=378
node=3941/7910 op=add seconds=488.953 eta_seconds=492.427 bootstraps=378
node=3951/7910 op=cheb seconds=491.163 eta_seconds=492.158 bootstraps=380
node=3961/7910 op=add seconds=493.584 eta_seconds=492.088 bootstraps=382
node=3971/7910 op=linear_ref seconds=495.725 eta_seconds=491.73 bootstraps=384
node=3981/7910 op=cheb seconds=495.831 eta_seconds=489.354 bootstraps=384
node=3991/7910 op=add seconds=501.063 eta_seconds=492.023 bootstraps=390
node=4001/7910 op=mulp seconds=502.724 eta_seconds=491.164 bootstraps=392
node=4011/7910 op=addp seconds=504.243 eta_seconds=490.163 bootstraps=394
node=4021/7910 op=mul seconds=504.713 eta_seconds=488.144 bootstraps=394
node=4031/7910 op=gather seconds=505.482 eta_seconds=486.421 bootstraps=394
node=4041/7910 op=add seconds=507.264 eta_seconds=485.673 bootstraps=396
node=4051/7910 op=mul seconds=507.757 eta_seconds=483.691 bootstraps=396
node=4061/7910 op=mul seconds=508.108 eta_seconds=481.583 bootstraps=396
node=4071/7910 op=mul seconds=508.523 eta_seconds=479.544 bootstraps=396
node=4081/7910 op=addp seconds=509.06 eta_seconds=477.626 bootstraps=396
node=4091/7910 op=linear_ref seconds=513.058 eta_seconds=478.946 bootstraps=400
node=4101/7910 op=mulp seconds=514.614 eta_seconds=477.972 bootstraps=402
node=4111/7910 op=addp seconds=515.251 eta_seconds=476.147 bootstraps=402
node=4121/7910 op=mulp seconds=520.073 eta_seconds=478.175 bootstraps=406
node=4131/7910 op=mul seconds=520.359 eta_seconds=476.019 bootstraps=406
node=4141/7910 op=repeat seconds=520.558 eta_seconds=473.795 bootstraps=406
node=4151/7910 op=mul seconds=522.284 eta_seconds=472.962 bootstraps=408
node=4161/7910 op=gather seconds=523.32 eta_seconds=471.504 bootstraps=408
node=4171/7910 op=scatter seconds=523.789 eta_seconds=469.539 bootstraps=408
node=4181/7910 op=mul seconds=524.22 eta_seconds=467.548 bootstraps=408
node=4191/7910 op=add seconds=524.481 eta_seconds=465.413 bootstraps=408
node=4201/7910 op=repeat seconds=524.703 eta_seconds=463.252 bootstraps=408
node=4211/7910 op=mulp seconds=526.959 eta_seconds=462.888 bootstraps=410
node=4221/7910 op=mul seconds=529.034 eta_seconds=462.357 bootstraps=412
node=4231/7910 op=mul seconds=531.007 eta_seconds=461.729 bootstraps=414
node=4241/7910 op=gather seconds=531.642 eta_seconds=459.938 bootstraps=414
node=4251/7910 op=mul seconds=534.332 eta_seconds=459.92 bootstraps=416
node=4261/7910 op=repeat seconds=534.584 eta_seconds=457.803 bootstraps=416
node=4271/7910 op=mulp seconds=534.707 eta_seconds=455.584 bootstraps=416
node=4281/7910 op=add seconds=536.553 eta_seconds=454.835 bootstraps=418
node=4291/7910 op=add seconds=537.333 eta_seconds=453.183 bootstraps=418
node=4301/7910 op=scatter seconds=537.909 eta_seconds=451.364 bootstraps=418
node=4311/7910 op=mul seconds=538.459 eta_seconds=449.528 bootstraps=418
node=4321/7910 op=mul seconds=538.722 eta_seconds=447.46 bootstraps=418
node=4331/7910 op=mul seconds=538.896 eta_seconds=445.326 bootstraps=418
node=4341/7910 op=sum seconds=541.15 eta_seconds=444.912 bootstraps=420
node=4351/7910 op=cheb seconds=543.224 eta_seconds=444.343 bootstraps=422
node=4361/7910 op=repeat seconds=545.191 eta_seconds=443.679 bootstraps=424
node=4371/7910 op=gather seconds=545.819 eta_seconds=441.925 bootstraps=424
node=4381/7910 op=repeat seconds=548.465 eta_seconds=441.802 bootstraps=426
node=4391/7910 op=cheb seconds=548.715 eta_seconds=439.747 bootstraps=426
node=4401/7910 op=mul seconds=548.847 eta_seconds=437.606 bootstraps=426
node=4411/7910 op=mulp seconds=549.092 eta_seconds=435.564 bootstraps=426
node=4421/7910 op=scatter seconds=551.488 eta_seconds=435.228 bootstraps=428
node=4431/7910 op=add seconds=551.953 eta_seconds=433.366 bootstraps=428
node=4441/7910 op=mul seconds=552.624 eta_seconds=431.672 bootstraps=428
node=4451/7910 op=repeat seconds=552.883 eta_seconds=429.662 bootstraps=428
node=4461/7910 op=sum seconds=553.059 eta_seconds=427.595 bootstraps=428
node=4471/7910 op=scatter seconds=556.595 eta_seconds=428.121 bootstraps=432
node=4481/7910 op=gather seconds=557.266 eta_seconds=426.437 bootstraps=432
node=4491/7910 op=cheb seconds=560.815 eta_seconds=426.948 bootstraps=436
client_token=279 logit_margin=2.90219
node=4501/7910 op=cheb seconds=561.464 eta_seconds=425.245 bootstraps=436
node=4511/7910 op=gather seconds=563.214 eta_seconds=424.377 bootstraps=436
node=4521/7910 op=repeat seconds=566.466 eta_seconds=424.631 bootstraps=438
node=4531/7910 op=addp seconds=567.125 eta_seconds=422.935 bootstraps=438
node=4541/7910 op=repeat seconds=567.7 eta_seconds=421.181 bootstraps=438
node=4551/7910 op=mul seconds=568.129 eta_seconds=419.324 bootstraps=438
node=4561/7910 op=scatter seconds=568.555 eta_seconds=417.472 bootstraps=438
node=4571/7910 op=mul seconds=569.051 eta_seconds=415.678 bootstraps=438
node=4581/7910 op=addp seconds=569.589 eta_seconds=413.918 bootstraps=438
node=4591/7910 op=sum seconds=569.727 eta_seconds=411.876 bootstraps=438
node=4601/7910 op=add seconds=571.887 eta_seconds=411.296 bootstraps=440
node=4611/7910 op=repeat seconds=572.37 eta_seconds=409.509 bootstraps=440
node=4621/7910 op=mulp seconds=573.112 eta_seconds=407.913 bootstraps=440
node=4631/7910 op=mul seconds=576.688 eta_seconds=408.326 bootstraps=444
node=4641/7910 op=mul seconds=578.687 eta_seconds=407.612 bootstraps=446
node=4651/7910 op=gather seconds=579.221 eta_seconds=405.866 bootstraps=446
node=4661/7910 op=mul seconds=581.845 eta_seconds=405.581 bootstraps=448
node=4671/7910 op=repeat seconds=582.141 eta_seconds=403.672 bootstraps=448
node=4681/7910 op=mulp seconds=582.292 eta_seconds=401.671 bootstraps=448
node=4691/7910 op=add seconds=584.141 eta_seconds=400.842 bootstraps=450
node=4701/7910 op=add seconds=584.943 eta_seconds=399.294 bootstraps=450
node=4711/7910 op=scatter seconds=585.52 eta_seconds=397.597 bootstraps=450
node=4721/7910 op=mul seconds=586.075 eta_seconds=395.889 bootstraps=450
node=4731/7910 op=repeat seconds=586.336 eta_seconds=393.989 bootstraps=450
node=4741/7910 op=sum seconds=586.515 eta_seconds=392.041 bootstraps=450
node=4751/7910 op=add seconds=586.675 eta_seconds=390.087 bootstraps=450
node=4761/7910 op=cheb seconds=590.392 eta_seconds=390.495 bootstraps=454
node=4771/7910 op=add seconds=592.881 eta_seconds=390.076 bootstraps=456
node=4781/7910 op=linear_ref seconds=595.033 eta_seconds=389.429 bootstraps=458
node=4791/7910 op=cheb seconds=595.119 eta_seconds=387.43 bootstraps=458
node=4801/7910 op=add seconds=599.383 eta_seconds=388.145 bootstraps=462
node=4811/7910 op=mulp seconds=599.645 eta_seconds=386.261 bootstraps=462
node=4821/7910 op=addp seconds=599.806 eta_seconds=384.319 bootstraps=462
node=4831/7910 op=mul seconds=600.034 eta_seconds=382.427 bootstraps=462
node=4841/7910 op=gather seconds=602.84 eta_seconds=382.176 bootstraps=464
node=4851/7910 op=add seconds=603.106 eta_seconds=380.314 bootstraps=464
node=4861/7910 op=mul seconds=603.54 eta_seconds=378.563 bootstraps=464
node=4871/7910 op=add seconds=603.793 eta_seconds=376.704 bootstraps=464
node=4881/7910 op=repeat seconds=604.015 eta_seconds=374.833 bootstraps=464
node=4891/7910 op=mul seconds=604.239 eta_seconds=372.97 bootstraps=464
node=4901/7910 op=mul seconds=606.476 eta_seconds=372.35 bootstraps=466
node=4911/7910 op=scatter seconds=608.836 eta_seconds=371.798 bootstraps=468
node=4921/7910 op=gather seconds=610.851 eta_seconds=371.029 bootstraps=470
node=4931/7910 op=mul seconds=613.054 eta_seconds=370.368 bootstraps=472
node=4941/7910 op=cheb seconds=613.604 eta_seconds=368.709 bootstraps=472
node=4951/7910 op=sum seconds=613.791 eta_seconds=366.836 bootstraps=472
node=4961/7910 op=addp seconds=613.906 eta_seconds=364.928 bootstraps=472
node=4971/7910 op=scatter seconds=615.884 eta_seconds=364.129 bootstraps=474
node=4981/7910 op=mul seconds=616.992 eta_seconds=362.813 bootstraps=474
node=4991/7910 op=scatter seconds=617.525 eta_seconds=361.161 bootstraps=474
node=5001/7910 op=mul seconds=617.686 eta_seconds=359.298 bootstraps=474
node=5011/7910 op=sum seconds=618.002 eta_seconds=357.531 bootstraps=474
node=5021/7910 op=add seconds=618.164 eta_seconds=355.681 bootstraps=474
node=5031/7910 op=add seconds=620.474 eta_seconds=355.068 bootstraps=476
node=5041/7910 op=linear_ref seconds=622.468 eta_seconds=354.267 bootstraps=478
node=5051/7910 op=mulp seconds=624.427 eta_seconds=353.442 bootstraps=480
node=5061/7910 op=gather seconds=626.414 eta_seconds=352.628 bootstraps=482
node=5071/7910 op=cheb seconds=630.466 eta_seconds=352.966 bootstraps=486
node=5081/7910 op=sum seconds=630.886 eta_seconds=351.265 bootstraps=486
node=5091/7910 op=addp seconds=631.085 eta_seconds=349.446 bootstraps=486
node=5101/7910 op=gather seconds=631.414 eta_seconds=347.705 bootstraps=486
node=5111/7910 op=add seconds=633.259 eta_seconds=346.8 bootstraps=488
node=5121/7910 op=add seconds=634.172 eta_seconds=345.383 bootstraps=488
node=5131/7910 op=add seconds=634.843 eta_seconds=343.837 bootstraps=488
node=5141/7910 op=mulp seconds=634.872 eta_seconds=341.949 bootstraps=488
node=5151/7910 op=repeat seconds=635.229 eta_seconds=340.244 bootstraps=488
node=5161/7910 op=sum seconds=635.4 eta_seconds=338.445 bootstraps=488
node=5171/7910 op=scatter seconds=637.655 eta_seconds=337.756 bootstraps=490
node=5181/7910 op=gather seconds=639.651 eta_seconds=336.925 bootstraps=492
node=5191/7910 op=cheb seconds=643.127 eta_seconds=336.864 bootstraps=496
node=5201/7910 op=gather seconds=643.799 eta_seconds=335.33 bootstraps=496
node=5211/7910 op=repeat seconds=646.208 eta_seconds=334.699 bootstraps=498
node=5221/7910 op=addp seconds=646.621 eta_seconds=333.033 bootstraps=498
node=5231/7910 op=repeat seconds=646.867 eta_seconds=331.286 bootstraps=498
node=5241/7910 op=mul seconds=647.115 eta_seconds=329.546 bootstraps=498
node=5251/7910 op=scatter seconds=649.405 eta_seconds=328.845 bootstraps=500
node=5261/7910 op=mul seconds=650.009 eta_seconds=327.29 bootstraps=500
node=5271/7910 op=addp seconds=650.676 eta_seconds=325.77 bootstraps=500
node=5281/7910 op=sum seconds=650.829 eta_seconds=323.997 bootstraps=500
node=5291/7910 op=add seconds=651.062 eta_seconds=322.27 bootstraps=500
node=5301/7910 op=repeat seconds=651.282 eta_seconds=320.543 bootstraps=500
node=5311/7910 op=mulp seconds=653.533 eta_seconds=319.814 bootstraps=502
node=5321/7910 op=mul seconds=655.609 eta_seconds=318.995 bootstraps=504
node=5331/7910 op=mul seconds=657.582 eta_seconds=318.121 bootstraps=506
node=5341/7910 op=gather seconds=658.219 eta_seconds=316.601 bootstraps=506
node=5351/7910 op=mul seconds=660.92 eta_seconds=316.071 bootstraps=508
node=5361/7910 op=repeat seconds=661.174 eta_seconds=314.369 bootstraps=508
node=5371/7910 op=mulp seconds=661.296 eta_seconds=312.611 bootstraps=508
node=5381/7910 op=add seconds=663.146 eta_seconds=311.67 bootstraps=510
node=5391/7910 op=add seconds=663.981 eta_seconds=310.252 bootstraps=510
node=5401/7910 op=scatter seconds=664.559 eta_seconds=308.717 bootstraps=510
node=5411/7910 op=mul seconds=665.109 eta_seconds=307.172 bootstraps=510
node=5421/7910 op=repeat seconds=665.378 eta_seconds=305.502 bootstraps=510
node=5431/7910 op=sum seconds=665.554 eta_seconds=303.794 bootstraps=510
node=5441/7910 op=add seconds=665.719 eta_seconds=302.088 bootstraps=510
node=5451/7910 op=cheb seconds=668.025 eta_seconds=301.353 bootstraps=512
node=5461/7910 op=add seconds=670.484 eta_seconds=300.68 bootstraps=514
node=5471/7910 op=linear_ref seconds=672.63 eta_seconds=299.862 bootstraps=516
node=5481/7910 op=cheb seconds=672.722 eta_seconds=298.128 bootstraps=516
node=5491/7910 op=add seconds=675.318 eta_seconds=297.504 bootstraps=518
node=5501/7910 op=mulp seconds=677.03 eta_seconds=296.485 bootstraps=520
node=5511/7910 op=addp seconds=678.584 eta_seconds=295.395 bootstraps=522
node=5521/7910 op=mul seconds=679.066 eta_seconds=293.84 bootstraps=522
node=5531/7910 op=gather seconds=679.952 eta_seconds=292.462 bootstraps=522
node=5541/7910 op=add seconds=681.709 eta_seconds=291.458 bootstraps=524
node=5551/7910 op=mul seconds=682.224 eta_seconds=289.924 bootstraps=524
node=5561/7910 op=add seconds=682.492 eta_seconds=288.289 bootstraps=524
node=5571/7910 op=repeat seconds=682.714 eta_seconds=286.639 bootstraps=524
node=5581/7910 op=mul seconds=684.253 eta_seconds=285.545 bootstraps=526
node=5591/7910 op=mul seconds=685.062 eta_seconds=284.146 bootstraps=526
node=5601/7910 op=scatter seconds=687.452 eta_seconds=283.401 bootstraps=528
node=5611/7910 op=gather seconds=689.597 eta_seconds=282.549 bootstraps=530
node=5621/7910 op=mul seconds=691.798 eta_seconds=281.716 bootstraps=532
node=5631/7910 op=cheb seconds=695.112 eta_seconds=281.328 bootstraps=536
node=5641/7910 op=sum seconds=696.614 eta_seconds=280.202 bootstraps=538
node=5651/7910 op=addp seconds=698.138 eta_seconds=279.082 bootstraps=540
node=5661/7910 op=scatter seconds=698.714 eta_seconds=277.585 bootstraps=540
node=5671/7910 op=mul seconds=699.409 eta_seconds=276.138 bootstraps=540
node=5681/7910 op=scatter seconds=701.529 eta_seconds=275.252 bootstraps=542
node=5691/7910 op=mul seconds=701.697 eta_seconds=273.602 bootstraps=542
node=5701/7910 op=sum seconds=702.139 eta_seconds=272.062 bootstraps=542
node=5711/7910 op=add seconds=702.538 eta_seconds=270.51 bootstraps=542
node=5721/7910 op=add seconds=703.206 eta_seconds=269.065 bootstraps=542
node=5731/7910 op=linear_ref seconds=705.305 eta_seconds=268.166 bootstraps=544
node=5741/7910 op=mulp seconds=707.305 eta_seconds=267.226 bootstraps=546
node=5751/7910 op=gather seconds=709.443 eta_seconds=266.334 bootstraps=548
node=5761/7910 op=cheb seconds=713.952 eta_seconds=266.322 bootstraps=552
node=5771/7910 op=sum seconds=714.43 eta_seconds=264.801 bootstraps=552
node=5781/7910 op=addp seconds=714.63 eta_seconds=263.181 bootstraps=552
node=5791/7910 op=gather seconds=715 eta_seconds=261.628 bootstraps=552
node=5801/7910 op=add seconds=716.836 eta_seconds=260.611 bootstraps=554
node=5811/7910 op=add seconds=717.746 eta_seconds=259.258 bootstraps=554
node=5821/7910 op=add seconds=718.418 eta_seconds=257.821 bootstraps=554
node=5831/7910 op=mulp seconds=718.445 eta_seconds=256.156 bootstraps=554
node=5841/7910 op=repeat seconds=718.807 eta_seconds=254.616 bootstraps=554
node=5851/7910 op=sum seconds=718.978 eta_seconds=253.012 bootstraps=554
node=5861/7910 op=scatter seconds=721.289 eta_seconds=252.162 bootstraps=556
node=5871/7910 op=gather seconds=721.866 eta_seconds=250.704 bootstraps=556
node=5881/7910 op=cheb seconds=725.331 eta_seconds=250.246 bootstraps=560
node=5891/7910 op=gather seconds=725.997 eta_seconds=248.818 bootstraps=560
node=5901/7910 op=repeat seconds=728.46 eta_seconds=248.005 bootstraps=562
node=5911/7910 op=addp seconds=728.87 eta_seconds=246.491 bootstraps=562
node=5921/7910 op=repeat seconds=729.088 eta_seconds=244.918 bootstraps=562
node=5931/7910 op=mul seconds=730.944 eta_seconds=243.895 bootstraps=564
node=5941/7910 op=scatter seconds=731.602 eta_seconds=242.472 bootstraps=564
node=5951/7910 op=mul seconds=732.196 eta_seconds=241.03 bootstraps=564
node=5961/7910 op=addp seconds=732.864 eta_seconds=239.616 bootstraps=564
node=5971/7910 op=sum seconds=733.018 eta_seconds=238.038 bootstraps=564
node=5981/7910 op=add seconds=733.255 eta_seconds=236.49 bootstraps=564
node=5991/7910 op=repeat seconds=733.477 eta_seconds=234.943 bootstraps=564
node=6001/7910 op=mulp seconds=735.73 eta_seconds=234.046 bootstraps=566
node=6011/7910 op=mul seconds=737.809 eta_seconds=233.089 bootstraps=568
node=6021/7910 op=mul seconds=739.778 eta_seconds=232.095 bootstraps=570
node=6031/7910 op=gather seconds=740.416 eta_seconds=230.682 bootstraps=570
node=6041/7910 op=mul seconds=743.073 eta_seconds=229.896 bootstraps=572
node=6051/7910 op=repeat seconds=743.331 eta_seconds=228.368 bootstraps=572
node=6061/7910 op=mulp seconds=743.455 eta_seconds=226.802 bootstraps=572
node=6071/7910 op=add seconds=743.697 eta_seconds=225.277 bootstraps=572
node=6081/7910 op=add seconds=746.159 eta_seconds=224.424 bootstraps=574
node=6091/7910 op=scatter seconds=746.749 eta_seconds=223.007 bootstraps=574
node=6101/7910 op=mul seconds=747.302 eta_seconds=221.582 bootstraps=574
node=6111/7910 op=repeat seconds=747.565 eta_seconds=220.074 bootstraps=574
node=6121/7910 op=sum seconds=747.742 eta_seconds=218.545 bootstraps=574
node=6131/7910 op=add seconds=747.906 eta_seconds=217.016 bootstraps=574
node=6141/7910 op=cheb seconds=751.593 eta_seconds=216.507 bootstraps=578
node=6151/7910 op=add seconds=754.148 eta_seconds=215.664 bootstraps=580
client_token=1614 logit_margin=0.201319
node=6161/7910 op=feedback seconds=755.945 eta_seconds=214.6 bootstraps=582
node=6171/7910 op=linear_ref seconds=757.95 eta_seconds=213.592 bootstraps=582
node=6181/7910 op=cheb seconds=758.299 eta_seconds=212.118 bootstraps=582
node=6191/7910 op=add seconds=760.272 eta_seconds=211.098 bootstraps=582
node=6201/7910 op=mulp seconds=760.905 eta_seconds=209.706 bootstraps=582
node=6211/7910 op=addp seconds=761.256 eta_seconds=208.239 bootstraps=582
node=6221/7910 op=mul seconds=761.651 eta_seconds=206.788 bootstraps=582
node=6231/7910 op=gather seconds=762.561 eta_seconds=205.479 bootstraps=582
node=6241/7910 op=add seconds=762.759 eta_seconds=203.981 bootstraps=582
node=6251/7910 op=mul seconds=763.124 eta_seconds=202.531 bootstraps=582
node=6261/7910 op=mul seconds=764.911 eta_seconds=201.46 bootstraps=584
node=6271/7910 op=mul seconds=765.428 eta_seconds=200.054 bootstraps=584
node=6281/7910 op=mul seconds=765.675 eta_seconds=198.58 bootstraps=584
node=6291/7910 op=mul seconds=766.487 eta_seconds=197.257 bootstraps=584
node=6301/7910 op=gather seconds=768.567 eta_seconds=196.258 bootstraps=586
node=6311/7910 op=addp seconds=770.532 eta_seconds=195.228 bootstraps=588
node=6321/7910 op=gather seconds=772.562 eta_seconds=194.21 bootstraps=590
node=6331/7910 op=cheb seconds=774.996 eta_seconds=193.29 bootstraps=592
node=6341/7910 op=mulp seconds=775.343 eta_seconds=191.849 bootstraps=592
node=6351/7910 op=cheb seconds=775.624 eta_seconds=190.395 bootstraps=592
node=6361/7910 op=mul seconds=777.48 eta_seconds=189.328 bootstraps=594
node=6371/7910 op=gather seconds=778.02 eta_seconds=187.941 bootstraps=594
node=6381/7910 op=mul seconds=778.723 eta_seconds=186.596 bootstraps=594
node=6391/7910 op=mulp seconds=779.39 eta_seconds=185.244 bootstraps=594
node=6401/7910 op=mulp seconds=779.425 eta_seconds=183.745 bootstraps=594
node=6411/7910 op=repeat seconds=779.778 eta_seconds=182.325 bootstraps=594
node=6421/7910 op=sum seconds=779.95 eta_seconds=180.867 bootstraps=594
node=6431/7910 op=add seconds=780.11 eta_seconds=179.409 bootstraps=594
node=6441/7910 op=cheb seconds=783.772 eta_seconds=178.755 bootstraps=598
node=6451/7910 op=add seconds=786.25 eta_seconds=177.823 bootstraps=600
node=6461/7910 op=linear_ref seconds=788.381 eta_seconds=176.809 bootstraps=602
node=6471/7910 op=cheb seconds=788.464 eta_seconds=175.336 bootstraps=602
node=6481/7910 op=add seconds=792.693 eta_seconds=174.781 bootstraps=606
node=6491/7910 op=mulp seconds=792.954 eta_seconds=173.348 bootstraps=606
node=6501/7910 op=addp seconds=793.113 eta_seconds=171.896 bootstraps=606
node=6511/7910 op=mul seconds=793.341 eta_seconds=170.463 bootstraps=606
node=6521/7910 op=gather seconds=796.092 eta_seconds=169.571 bootstraps=608
node=6531/7910 op=add seconds=796.358 eta_seconds=168.149 bootstraps=608
node=6541/7910 op=mul seconds=796.798 eta_seconds=166.766 bootstraps=608
node=6551/7910 op=mul seconds=797.057 eta_seconds=165.349 bootstraps=608
node=6561/7910 op=mul seconds=797.232 eta_seconds=163.918 bootstraps=608
node=6571/7910 op=mul seconds=797.397 eta_seconds=162.489 bootstraps=608
node=6581/7910 op=mul seconds=799.668 eta_seconds=161.489 bootstraps=610
node=6591/7910 op=gather seconds=800.243 eta_seconds=160.146 bootstraps=610
node=6601/7910 op=addp seconds=802.2 eta_seconds=159.079 bootstraps=612
node=6611/7910 op=gather seconds=804.201 eta_seconds=158.018 bootstraps=614
node=6621/7910 op=cheb seconds=806.632 eta_seconds=157.038 bootstraps=616
node=6631/7910 op=mulp seconds=806.983 eta_seconds=155.652 bootstraps=616
node=6641/7910 op=cheb seconds=807.194 eta_seconds=154.243 bootstraps=616
node=6651/7910 op=mul seconds=807.46 eta_seconds=152.848 bootstraps=616
node=6661/7910 op=gather seconds=809.589 eta_seconds=151.806 bootstraps=618
node=6671/7910 op=mul seconds=810.296 eta_seconds=150.496 bootstraps=618
node=6681/7910 op=mulp seconds=810.967 eta_seconds=149.181 bootstraps=618
node=6691/7910 op=mulp seconds=811 eta_seconds=147.752 bootstraps=618
node=6701/7910 op=repeat seconds=811.354 eta_seconds=146.385 bootstraps=618
node=6711/7910 op=sum seconds=811.524 eta_seconds=144.988 bootstraps=618
node=6721/7910 op=add seconds=811.684 eta_seconds=143.594 bootstraps=618
node=6731/7910 op=cheb seconds=815.294 eta_seconds=142.807 bootstraps=622
node=6741/7910 op=add seconds=817.762 eta_seconds=141.813 bootstraps=624
node=6751/7910 op=linear_ref seconds=819.765 eta_seconds=140.736 bootstraps=626
node=6761/7910 op=cheb seconds=821.584 eta_seconds=139.624 bootstraps=628
node=6771/7910 op=add seconds=824.12 eta_seconds=138.631 bootstraps=630
node=6781/7910 op=mulp seconds=824.407 eta_seconds=137.259 bootstraps=630
node=6791/7910 op=addp seconds=824.566 eta_seconds=135.869 bootstraps=630
node=6801/7910 op=mul seconds=826.303 eta_seconds=134.74 bootstraps=632
node=6811/7910 op=gather seconds=827.504 eta_seconds=133.523 bootstraps=632
node=6821/7910 op=add seconds=827.767 eta_seconds=132.156 bootstraps=632
node=6831/7910 op=mul seconds=828.2 eta_seconds=130.819 bootstraps=632
node=6841/7910 op=mul seconds=828.457 eta_seconds=129.458 bootstraps=632
node=6851/7910 op=mul seconds=828.629 eta_seconds=128.086 bootstraps=632
node=6861/7910 op=mul seconds=828.791 eta_seconds=126.716 bootstraps=632
node=6871/7910 op=mul seconds=831.053 eta_seconds=125.668 bootstraps=634
node=6881/7910 op=gather seconds=833.042 eta_seconds=124.575 bootstraps=636
node=6891/7910 op=addp seconds=835.037 eta_seconds=123.48 bootstraps=638
node=6901/7910 op=gather seconds=837.169 eta_seconds=122.403 bootstraps=640
node=6911/7910 op=cheb seconds=839.553 eta_seconds=121.359 bootstraps=642
node=6921/7910 op=mulp seconds=839.963 eta_seconds=120.029 bootstraps=642
node=6931/7910 op=cheb seconds=840.202 eta_seconds=118.678 bootstraps=642
node=6941/7910 op=mul seconds=840.46 eta_seconds=117.333 bootstraps=642
node=6951/7910 op=gather seconds=842.584 eta_seconds=116.248 bootstraps=644
node=6961/7910 op=mul seconds=843.294 eta_seconds=114.967 bootstraps=644
node=6971/7910 op=mulp seconds=843.964 eta_seconds=113.683 bootstraps=644
node=6981/7910 op=mulp seconds=843.998 eta_seconds=112.315 bootstraps=644
node=6991/7910 op=repeat seconds=844.355 eta_seconds=110.994 bootstraps=644
node=7001/7910 op=sum seconds=844.528 eta_seconds=109.652 bootstraps=644
node=7011/7910 op=add seconds=844.688 eta_seconds=108.312 bootstraps=644
node=7021/7910 op=cheb seconds=846.977 eta_seconds=107.244 bootstraps=646
node=7031/7910 op=add seconds=849.398 eta_seconds=106.19 bootstraps=648
node=7041/7910 op=linear_ref seconds=851.54 eta_seconds=105.097 bootstraps=650
node=7051/7910 op=cheb seconds=851.625 eta_seconds=103.751 bootstraps=650
node=7061/7910 op=add seconds=854.284 eta_seconds=102.717 bootstraps=652
node=7071/7910 op=mulp seconds=854.53 eta_seconds=101.393 bootstraps=652
node=7081/7910 op=addp seconds=854.663 eta_seconds=100.059 bootstraps=652
node=7091/7910 op=mul seconds=856.501 eta_seconds=98.9246 bootstraps=654
node=7101/7910 op=gather seconds=857.71 eta_seconds=97.7169 bootstraps=654
node=7111/7910 op=add seconds=857.978 eta_seconds=96.4034 bootstraps=654
node=7121/7910 op=mul seconds=858.419 eta_seconds=95.112 bootstraps=654
node=7131/7910 op=mul seconds=858.679 eta_seconds=93.8033 bootstraps=654
node=7141/7910 op=mul seconds=858.853 eta_seconds=92.4882 bootstraps=654
node=7151/7910 op=mul seconds=859.016 eta_seconds=91.1751 bootstraps=654
node=7161/7910 op=mul seconds=861.288 eta_seconds=90.0859 bootstraps=656
node=7171/7910 op=gather seconds=861.874 eta_seconds=88.8196 bootstraps=656
node=7181/7910 op=addp seconds=863.862 eta_seconds=87.6975 bootstraps=658
node=7191/7910 op=gather seconds=866.019 eta_seconds=86.5898 bootstraps=660
node=7201/7910 op=cheb seconds=868.414 eta_seconds=85.5028 bootstraps=662
node=7211/7910 op=mulp seconds=868.757 eta_seconds=84.2132 bootstraps=662
node=7221/7910 op=cheb seconds=871.872 eta_seconds=83.1907 bootstraps=666
node=7231/7910 op=mul seconds=872.39 eta_seconds=81.9185 bootstraps=666
node=7241/7910 op=gather seconds=872.844 eta_seconds=80.6426 bootstraps=666
node=7251/7910 op=mul seconds=873.282 eta_seconds=79.3674 bootstraps=666
node=7261/7910 op=mulp seconds=875.468 eta_seconds=78.2507 bootstraps=668
node=7271/7910 op=mulp seconds=875.512 eta_seconds=76.9429 bootstraps=668
node=7281/7910 op=repeat seconds=875.866 eta_seconds=75.6654 bootstraps=668
node=7291/7910 op=sum seconds=876.039 eta_seconds=74.375 bootstraps=668
node=7301/7910 op=add seconds=876.199 eta_seconds=73.0866 bootstraps=668
node=7311/7910 op=cheb seconds=878.401 eta_seconds=71.9686 bootstraps=670
node=7321/7910 op=add seconds=880.818 eta_seconds=70.8649 bootstraps=672
node=7331/7910 op=linear_ref seconds=882.955 eta_seconds=69.7355 bootstraps=674
node=7341/7910 op=cheb seconds=883.061 eta_seconds=68.4459 bootstraps=674
node=7351/7910 op=add seconds=888.291 eta_seconds=67.5493 bootstraps=680
node=7361/7910 op=mulp seconds=889.965 eta_seconds=66.3756 bootstraps=682
node=7371/7910 op=addp seconds=891.478 eta_seconds=65.1888 bootstraps=684
node=7381/7910 op=mul seconds=891.94 eta_seconds=63.9258 bootstraps=684
node=7391/7910 op=gather seconds=892.697 eta_seconds=62.6856 bootstraps=684
node=7401/7910 op=add seconds=894.477 eta_seconds=61.5172 bootstraps=686
node=7411/7910 op=mul seconds=894.952 eta_seconds=60.2592 bootstraps=686
node=7421/7910 op=mul seconds=895.284 eta_seconds=58.9939 bootstraps=686
node=7431/7910 op=mul seconds=895.619 eta_seconds=57.7313 bootstraps=686
node=7441/7910 op=mul seconds=896.016 eta_seconds=56.4752 bootstraps=686
node=7451/7910 op=mul seconds=896.655 eta_seconds=55.2362 bootstraps=686
node=7461/7910 op=gather seconds=898.738 eta_seconds=54.0857 bootstraps=688
node=7471/7910 op=addp seconds=900.732 eta_seconds=52.9275 bootstraps=690
node=7481/7910 op=gather seconds=902.875 eta_seconds=51.7756 bootstraps=692
node=7491/7910 op=cheb seconds=907.542 eta_seconds=50.7623 bootstraps=696
node=7501/7910 op=mulp seconds=907.855 eta_seconds=49.5018 bootstraps=696
node=7511/7910 op=cheb seconds=908.178 eta_seconds=48.2443 bootstraps=696
node=7521/7910 op=mul seconds=909.929 eta_seconds=47.0632 bootstraps=698
node=7531/7910 op=gather seconds=910.454 eta_seconds=45.8189 bootstraps=698
node=7541/7910 op=mul seconds=911.156 eta_seconds=44.5851 bootstraps=698
node=7551/7910 op=mulp seconds=911.823 eta_seconds=43.3512 bootstraps=698
node=7561/7910 op=mulp seconds=911.854 eta_seconds=42.0893 bootstraps=698
node=7571/7910 op=repeat seconds=912.204 eta_seconds=40.845 bootstraps=698
node=7581/7910 op=sum seconds=912.377 eta_seconds=39.5953 bootstraps=698
node=7591/7910 op=add seconds=912.537 eta_seconds=38.3479 bootstraps=698
node=7601/7910 op=cheb seconds=914.873 eta_seconds=37.1919 bootstraps=700
node=7611/7910 op=add seconds=917.287 eta_seconds=36.0358 bootstraps=702
node=7621/7910 op=linear_ref seconds=919.433 eta_seconds=34.8663 bootstraps=704
node=7631/7910 op=cheb seconds=919.517 eta_seconds=33.6188 bootstraps=704
node=7641/7910 op=add seconds=922.165 eta_seconds=32.4646 bootstraps=706
node=7651/7910 op=mulp seconds=922.412 eta_seconds=31.2253 bootstraps=706
node=7661/7910 op=addp seconds=922.545 eta_seconds=29.9848 bootstraps=706
node=7671/7910 op=mul seconds=924.376 eta_seconds=28.8001 bootstraps=708
node=7681/7910 op=gather seconds=925.584 eta_seconds=27.5952 bootstraps=708
node=7691/7910 op=add seconds=925.852 eta_seconds=26.3635 bootstraps=708
node=7701/7910 op=mul seconds=926.291 eta_seconds=25.1389 bootstraps=708
node=7711/7910 op=mul seconds=926.551 eta_seconds=23.9118 bootstraps=708
node=7721/7910 op=mul seconds=926.726 eta_seconds=22.685 bootstraps=708
node=7731/7910 op=mul seconds=926.888 eta_seconds=21.4607 bootstraps=708
node=7741/7910 op=mul seconds=929.165 eta_seconds=20.2854 bootstraps=710
node=7751/7910 op=gather seconds=929.74 eta_seconds=19.0722 bootstraps=710
node=7761/7910 op=addp seconds=931.73 eta_seconds=17.8879 bootstraps=712
node=7771/7910 op=gather seconds=933.876 eta_seconds=16.7042 bootstraps=714
node=7781/7910 op=cheb seconds=936.288 eta_seconds=15.5226 bootstraps=716
node=7791/7910 op=mulp seconds=936.698 eta_seconds=14.3072 bootstraps=716
node=7801/7910 op=cheb seconds=936.913 eta_seconds=13.0911 bootstraps=716
node=7811/7910 op=mul seconds=937.175 eta_seconds=11.8782 bootstraps=716
node=7821/7910 op=gather seconds=939.346 eta_seconds=10.6894 bootstraps=718
node=7831/7910 op=mul seconds=940.052 eta_seconds=9.48335 bootstraps=718
node=7841/7910 op=mulp seconds=940.72 eta_seconds=8.27824 bootstraps=718
node=7851/7910 op=mulp seconds=940.754 eta_seconds=7.06974 bootstraps=718
node=7861/7910 op=repeat seconds=941.108 eta_seconds=5.86621 bootstraps=718
node=7871/7910 op=sum seconds=941.282 eta_seconds=4.66395 bootstraps=718
node=7881/7910 op=add seconds=941.442 eta_seconds=3.46426 bootstraps=718
node=7891/7910 op=cheb seconds=945.066 eta_seconds=2.27554 bootstraps=722
node=7901/7910 op=add seconds=947.629 eta_seconds=1.07944 bootstraps=724
node=7910/7910 op=mulp seconds=949.186 eta_seconds=0 bootstraps=726
client_token=315 logit_margin=0.674931
passed=1 polynomial_error=0.000125192 exact_error=0.000139599 eval_seconds=949.258
