GPU 0: NVIDIA GB10
 SMs: 48, SharedMem: 100 KB, Blocks/SM: 24, Threads/SM: 1536, L2 size: 24 MB, Bus: 256-bit
Adding bootstrap precomputation to GPU for 32768 slots.
Plaintexts loaded: 248 ~ 6262MB
Rotation keys loaded: 85 ~ 15300MB
setup_seconds=26.5512
planned_logical_refreshes=4
node=1/127 op=public seconds=0.172344 eta_seconds=21.7153 bootstraps=0
node=11/127 op=mulp seconds=0.900964 eta_seconds=9.50107 bootstraps=0
node=21/127 op=addp seconds=2.71722 eta_seconds=13.7155 bootstraps=0
node=31/127 op=mulp seconds=3.71235 eta_seconds=11.4963 bootstraps=0
node=41/127 op=mul seconds=4.29856 eta_seconds=9.01649 bootstraps=0
node=51/127 op=repeat seconds=4.8537 eta_seconds=7.23296 bootstraps=0
node=61/127 op=mul seconds=5.30263 eta_seconds=5.73727 bootstraps=0
node=71/127 op=gather seconds=6.18081 eta_seconds=4.875 bootstraps=0
node=81/127 op=scatter seconds=6.61229 eta_seconds=3.75512 bootstraps=0
node=91/127 op=mul seconds=7.03487 eta_seconds=2.78302 bootstraps=0
node=101/127 op=linear seconds=9.52419 eta_seconds=2.45177 bootstraps=2
node=111/127 op=mulp seconds=11.0019 eta_seconds=1.58586 bootstraps=4
node=121/127 op=sum seconds=13.4804 eta_seconds=0.668452 bootstraps=6
node=127/127 op=mulp seconds=15.0173 eta_seconds=0 bootstraps=8
passed=1 polynomial_error=1.17938e-05 exact_error=1.20144e-05 eval_seconds=15.0177
