GPU 0: NVIDIA GB10
 SMs: 48, SharedMem: 100 KB, Blocks/SM: 24, Threads/SM: 1536, L2 size: 24 MB, Bus: 256-bit
Adding bootstrap precomputation to GPU for 32768 slots.
Plaintexts loaded: 248 ~ 6262MB
Rotation keys loaded: 85 ~ 15300MB
setup_seconds=27.3618
planned_logical_refreshes=4
node=1/127 op=public seconds=0.181244 eta_seconds=22.8368 bootstraps=0
node=11/127 op=mulp seconds=1.07343 eta_seconds=11.3198 bootstraps=0
node=21/127 op=addp seconds=4.53611 eta_seconds=22.8966 bootstraps=0
node=31/127 op=mulp seconds=5.97429 eta_seconds=18.501 bootstraps=0
node=41/127 op=mul seconds=6.73394 eta_seconds=14.1249 bootstraps=0
node=51/127 op=repeat seconds=7.4024 eta_seconds=11.031 bootstraps=0
node=61/127 op=mul seconds=8.37906 eta_seconds=9.06586 bootstraps=0
node=71/127 op=gather seconds=10.2438 eta_seconds=8.07959 bootstraps=0
node=81/127 op=scatter seconds=11.201 eta_seconds=6.36103 bootstraps=0
node=91/127 op=mul seconds=12.0306 eta_seconds=4.75935 bootstraps=0
node=101/127 op=linear seconds=15.596 eta_seconds=4.01481 bootstraps=2
node=111/127 op=mulp seconds=17.1225 eta_seconds=2.46811 bootstraps=4
node=121/127 op=sum seconds=20.7496 eta_seconds=1.0289 bootstraps=6
node=127/127 op=mulp seconds=22.3781 eta_seconds=0 bootstraps=8
passed=1 polynomial_error=1.56708e-05 exact_error=1.6751e-05 eval_seconds=22.3786
