GPU 0: NVIDIA GB10
 SMs: 48, SharedMem: 100 KB, Blocks/SM: 24, Threads/SM: 1536, L2 size: 24 MB, Bus: 256-bit
Adding bootstrap precomputation to GPU for 32768 slots.
Plaintexts loaded: 248 ~ 6262MB
Rotation keys loaded: 85 ~ 15300MB
setup_seconds=26.6021
planned_logical_refreshes=4
node=1/127 op=public seconds=0.18925 eta_seconds=23.8455 bootstraps=0
node=11/127 op=mulp seconds=0.892959 eta_seconds=9.41665 bootstraps=0
node=21/127 op=addp seconds=2.52457 eta_seconds=12.7431 bootstraps=0
node=31/127 op=mulp seconds=3.46102 eta_seconds=10.718 bootstraps=0
node=41/127 op=mul seconds=3.99279 eta_seconds=8.37512 bootstraps=0
node=51/127 op=repeat seconds=4.47619 eta_seconds=6.67041 bootstraps=0
node=61/127 op=mul seconds=4.91462 eta_seconds=5.31746 bootstraps=0
node=71/127 op=gather seconds=5.62267 eta_seconds=4.43478 bootstraps=0
node=81/127 op=scatter seconds=5.96457 eta_seconds=3.38729 bootstraps=0
node=91/127 op=mul seconds=6.2921 eta_seconds=2.48918 bootstraps=0
node=101/127 op=linear seconds=8.66372 eta_seconds=2.23026 bootstraps=2
node=111/127 op=mulp seconds=10.1253 eta_seconds=1.45951 bootstraps=4
node=121/127 op=sum seconds=12.5097 eta_seconds=0.620316 bootstraps=6
node=127/127 op=mulp seconds=14.0311 eta_seconds=0 bootstraps=8
passed=1 polynomial_error=2.17653e-05 exact_error=2.09443e-05 eval_seconds=14.0315
