GPU 0: NVIDIA GB10
 SMs: 48, SharedMem: 100 KB, Blocks/SM: 24, Threads/SM: 1536, L2 size: 24 MB, Bus: 256-bit
Adding bootstrap precomputation to GPU for 32768 slots.
Plaintexts loaded: 248 ~ 6262MB
Rotation keys loaded: 85 ~ 15300MB
setup_seconds=26.8116
planned_logical_refreshes=623
node=1/7910 op=public seconds=0.195303 eta_seconds=1544.65 bootstraps=0
node=11/7910 op=public seconds=1.54711 eta_seconds=1110.97 bootstraps=0
node=21/7910 op=mul seconds=2.39106 eta_seconds=898.242 bootstraps=0
node=31/7910 op=gather seconds=4.10506 eta_seconds=1043.35 bootstraps=0
node=41/7910 op=mul seconds=5.11212 eta_seconds=981.152 bootstraps=0
node=51/7910 op=repeat seconds=5.84718 eta_seconds=901.04 bootstraps=0
node=61/7910 op=mulp seconds=6.21051 eta_seconds=799.12 bootstraps=0
node=71/7910 op=add seconds=6.6993 eta_seconds=739.659 bootstraps=0
node=81/7910 op=add seconds=7.25774 eta_seconds=701.492 bootstraps=0
node=91/7910 op=scatter seconds=7.7379 eta_seconds=664.864 bootstraps=0
node=111/7910 op=mul seconds=10.1551 eta_seconds=713.507 bootstraps=2
node=121/7910 op=mul seconds=10.9682 eta_seconds=706.041 bootstraps=2
node=131/7910 op=scatter seconds=13.7773 eta_seconds=818.121 bootstraps=4
node=141/7910 op=gather seconds=17.2953 eta_seconds=952.958 bootstraps=8
node=161/7910 op=cheb seconds=19.4458 eta_seconds=935.933 bootstraps=10
node=171/7910 op=sum seconds=19.6702 eta_seconds=890.221 bootstraps=10
node=181/7910 op=addp seconds=19.8089 eta_seconds=845.871 bootstraps=10
node=191/7910 op=scatter seconds=21.7509 eta_seconds=879.032 bootstraps=12
node=201/7910 op=mul seconds=22.7437 eta_seconds=872.294 bootstraps=12
node=211/7910 op=scatter seconds=23.2339 eta_seconds=847.761 bootstraps=12
node=221/7910 op=sum seconds=23.4981 eta_seconds=817.543 bootstraps=12
node=231/7910 op=scatter seconds=25.5162 eta_seconds=848.22 bootstraps=14
node=241/7910 op=gather seconds=27.7098 eta_seconds=881.771 bootstraps=16
node=251/7910 op=cheb seconds=31.1978 eta_seconds=951.968 bootstraps=20
node=271/7910 op=repeat seconds=33.806 eta_seconds=952.931 bootstraps=22
node=281/7910 op=addp seconds=34.2205 eta_seconds=929.069 bootstraps=22
node=291/7910 op=repeat seconds=34.4813 eta_seconds=902.793 bootstraps=22
node=301/7910 op=mul seconds=34.7338 eta_seconds=878.038 bootstraps=22
node=311/7910 op=scatter seconds=36.9497 eta_seconds=902.831 bootstraps=24
node=321/7910 op=mul seconds=37.572 eta_seconds=888.267 bootstraps=24
node=341/7910 op=add seconds=38.5285 eta_seconds=855.197 bootstraps=24
node=351/7910 op=cheb seconds=40.8516 eta_seconds=879.765 bootstraps=26
node=361/7910 op=add seconds=43.2714 eta_seconds=904.863 bootstraps=28
node=371/7910 op=linear seconds=45.2933 eta_seconds=920.394 bootstraps=30
node=381/7910 op=cheb seconds=47.0205 eta_seconds=929.178 bootstraps=32
node=391/7910 op=add seconds=47.4733 eta_seconds=912.92 bootstraps=32
node=401/7910 op=mulp seconds=47.7463 eta_seconds=894.082 bootstraps=32
node=411/7910 op=addp seconds=47.8807 eta_seconds=873.619 bootstraps=32
node=421/7910 op=mul seconds=48.1149 eta_seconds=855.896 bootstraps=32
node=431/7910 op=gather seconds=52.2125 eta_seconds=906.027 bootstraps=36
node=441/7910 op=add seconds=52.4886 eta_seconds=888.974 bootstraps=36
node=451/7910 op=mulp seconds=52.9401 eta_seconds=875.566 bootstraps=36
node=461/7910 op=add seconds=55.3771 eta_seconds=894.803 bootstraps=38
node=471/7910 op=linear seconds=57.3991 eta_seconds=906.565 bootstraps=40
node=481/7910 op=mulp seconds=59.3814 eta_seconds=917.14 bootstraps=42
node=491/7910 op=gather seconds=61.3929 eta_seconds=927.645 bootstraps=44
node=501/7910 op=cheb seconds=63.3318 eta_seconds=936.578 bootstraps=46
node=511/7910 op=sum seconds=63.7779 eta_seconds=923.468 bootstraps=46
node=521/7910 op=addp seconds=63.99 eta_seconds=907.528 bootstraps=46
node=531/7910 op=gather seconds=64.3332 eta_seconds=894.002 bootstraps=46
node=541/7910 op=add seconds=66.1816 eta_seconds=901.464 bootstraps=48
node=551/7910 op=add seconds=67.1186 eta_seconds=896.417 bootstraps=48
node=561/7910 op=add seconds=67.8275 eta_seconds=888.528 bootstraps=48
node=571/7910 op=repeat seconds=68.0831 eta_seconds=875.065 bootstraps=48
node=581/7910 op=mulp seconds=70.2942 eta_seconds=886.724 bootstraps=50
node=591/7910 op=mul seconds=73.8529 eta_seconds=914.602 bootstraps=54
node=601/7910 op=mul seconds=75.8508 eta_seconds=922.452 bootstraps=56
node=611/7910 op=gather seconds=76.5126 eta_seconds=914.019 bootstraps=56
node=621/7910 op=mul seconds=78.6761 eta_seconds=923.462 bootstraps=58
node=631/7910 op=repeat seconds=78.9458 eta_seconds=910.691 bootstraps=58
node=641/7910 op=mulp seconds=79.1045 eta_seconds=897.052 bootstraps=58
node=651/7910 op=add seconds=79.352 eta_seconds=884.817 bootstraps=58
node=661/7910 op=add seconds=83.044 eta_seconds=910.72 bootstraps=62
node=671/7910 op=scatter seconds=83.6477 eta_seconds=902.423 bootstraps=62
node=691/7910 op=mul seconds=84.6006 eta_seconds=883.838 bootstraps=62
node=701/7910 op=mul seconds=86.8367 eta_seconds=893.018 bootstraps=64
node=711/7910 op=scatter seconds=89.2807 eta_seconds=903.983 bootstraps=66
node=721/7910 op=gather seconds=91.4597 eta_seconds=911.933 bootstraps=68
node=741/7910 op=cheb seconds=93.8284 eta_seconds=907.768 bootstraps=70
node=751/7910 op=sum seconds=94.0222 eta_seconds=896.278 bootstraps=70
node=761/7910 op=addp seconds=94.1409 eta_seconds=884.38 bootstraps=70
node=771/7910 op=scatter seconds=96.0353 eta_seconds=889.23 bootstraps=72
node=781/7910 op=mul seconds=97.1378 eta_seconds=886.678 bootstraps=72
node=791/7910 op=scatter seconds=97.6988 eta_seconds=879.289 bootstraps=72
node=801/7910 op=sum seconds=97.989 eta_seconds=869.668 bootstraps=72
node=811/7910 op=scatter seconds=100.301 eta_seconds=877.978 bootstraps=74
node=821/7910 op=gather seconds=100.908 eta_seconds=871.3 bootstraps=74
node=831/7910 op=cheb seconds=104.373 eta_seconds=889.118 bootstraps=78
node=851/7910 op=repeat seconds=106.801 eta_seconds=885.91 bootstraps=80
node=861/7910 op=addp seconds=107.146 eta_seconds=877.201 bootstraps=80
node=871/7910 op=repeat seconds=110.215 eta_seconds=890.701 bootstraps=84
node=881/7910 op=mul seconds=110.737 eta_seconds=883.506 bootstraps=84
node=891/7910 op=scatter seconds=111.299 eta_seconds=876.78 bootstraps=84
node=901/7910 op=mul seconds=111.67 eta_seconds=868.699 bootstraps=84
node=921/7910 op=add seconds=114.155 eta_seconds=866.267 bootstraps=86
node=931/7910 op=cheb seconds=116.398 eta_seconds=872.546 bootstraps=88
node=941/7910 op=add seconds=118.872 eta_seconds=880.364 bootstraps=90
node=951/7910 op=linear seconds=121.046 eta_seconds=885.762 bootstraps=92
node=961/7910 op=cheb seconds=121.148 eta_seconds=876.022 bootstraps=92
node=971/7910 op=add seconds=122.97 eta_seconds=878.776 bootstraps=94
node=981/7910 op=mulp seconds=124.678 eta_seconds=880.628 bootstraps=96
node=991/7910 op=addp seconds=126.197 eta_seconds=881.086 bootstraps=98
node=1001/7910 op=mul seconds=126.68 eta_seconds=874.355 bootstraps=98
node=1011/7910 op=gather seconds=127.474 eta_seconds=869.874 bootstraps=98
node=1021/7910 op=add seconds=129.268 eta_seconds=872.21 bootstraps=100
node=1031/7910 op=mulp seconds=129.755 eta_seconds=865.743 bootstraps=100
node=1041/7910 op=add seconds=130.66 eta_seconds=862.156 bootstraps=100
node=1051/7910 op=linear seconds=132.83 eta_seconds=866.871 bootstraps=102
node=1061/7910 op=mulp seconds=134.764 eta_seconds=869.932 bootstraps=104
node=1071/7910 op=gather seconds=136.924 eta_seconds=874.345 bootstraps=106
node=1081/7910 op=cheb seconds=138.816 eta_seconds=876.942 bootstraps=108
node=1091/7910 op=sum seconds=139.325 eta_seconds=870.812 bootstraps=108
node=1101/7910 op=addp seconds=139.538 eta_seconds=862.955 bootstraps=108
node=1111/7910 op=gather seconds=139.928 eta_seconds=856.32 bootstraps=108
node=1121/7910 op=add seconds=141.788 eta_seconds=858.694 bootstraps=110
node=1131/7910 op=add seconds=142.727 eta_seconds=855.481 bootstraps=110
node=1141/7910 op=add seconds=143.438 eta_seconds=850.951 bootstraps=110
node=1151/7910 op=repeat seconds=143.694 eta_seconds=843.812 bootstraps=110
node=1161/7910 op=mulp seconds=146.005 eta_seconds=848.742 bootstraps=112
node=1171/7910 op=mul seconds=148.117 eta_seconds=852.398 bootstraps=114
node=1181/7910 op=mul seconds=150.12 eta_seconds=855.343 bootstraps=116
node=1191/7910 op=gather seconds=150.781 eta_seconds=850.625 bootstraps=116
node=1201/7910 op=mul seconds=153.005 eta_seconds=854.715 bootstraps=118
node=1211/7910 op=repeat seconds=153.265 eta_seconds=847.831 bootstraps=118
node=1221/7910 op=mulp seconds=153.391 eta_seconds=840.323 bootstraps=118
node=1231/7910 op=add seconds=155.141 eta_seconds=841.744 bootstraps=120
node=1241/7910 op=add seconds=155.988 eta_seconds=838.263 bootstraps=120
node=1251/7910 op=scatter seconds=156.59 eta_seconds=833.52 bootstraps=120
node=1271/7910 op=mul seconds=157.546 eta_seconds=822.933 bootstraps=120
node=1281/7910 op=mul seconds=159.77 eta_seconds=826.786 bootstraps=122
node=1291/7910 op=scatter seconds=162.215 eta_seconds=831.68 bootstraps=124
node=1301/7910 op=gather seconds=164.404 eta_seconds=835.164 bootstraps=126
node=1321/7910 op=cheb seconds=166.72 eta_seconds=831.582 bootstraps=128
node=1331/7910 op=sum seconds=166.913 eta_seconds=825.033 bootstraps=128
node=1341/7910 op=addp seconds=167.033 eta_seconds=818.226 bootstraps=128
node=1351/7910 op=scatter seconds=168.935 eta_seconds=820.165 bootstraps=130
node=1361/7910 op=mul seconds=170.049 eta_seconds=818.259 bootstraps=130
node=1371/7910 op=scatter seconds=170.61 eta_seconds=813.728 bootstraps=130
node=1381/7910 op=sum seconds=170.903 eta_seconds=807.984 bootstraps=130
node=1391/7910 op=scatter seconds=174.537 eta_seconds=817.976 bootstraps=134
node=1401/7910 op=gather seconds=175.227 eta_seconds=814.098 bootstraps=134
node=1411/7910 op=cheb seconds=178.828 eta_seconds=823.672 bootstraps=138
node=1421/7910 op=cheb seconds=179.404 eta_seconds=819.247 bootstraps=138
node=1431/7910 op=gather seconds=181.211 eta_seconds=820.452 bootstraps=138
node=1441/7910 op=repeat seconds=184.748 eta_seconds=829.377 bootstraps=140
node=1451/7910 op=addp seconds=185.444 eta_seconds=825.489 bootstraps=140
node=1461/7910 op=repeat seconds=186.075 eta_seconds=821.352 bootstraps=140
node=1471/7910 op=mul seconds=186.52 eta_seconds=816.453 bootstraps=140
node=1481/7910 op=scatter seconds=186.961 eta_seconds=811.594 bootstraps=140
node=1491/7910 op=mul seconds=187.476 eta_seconds=807.116 bootstraps=140
node=1501/7910 op=addp seconds=188.04 eta_seconds=802.896 bootstraps=140
node=1511/7910 op=repeat seconds=189.836 eta_seconds=803.947 bootstraps=142
node=1521/7910 op=mul seconds=190.523 eta_seconds=800.298 bootstraps=142
node=1531/7910 op=mul seconds=192.635 eta_seconds=802.626 bootstraps=144
node=1541/7910 op=scatter seconds=195.078 eta_seconds=806.264 bootstraps=146
node=1551/7910 op=gather seconds=198.495 eta_seconds=813.816 bootstraps=150
node=1561/7910 op=mul seconds=199.124 eta_seconds=809.891 bootstraps=150
node=1571/7910 op=cheb seconds=202.499 eta_seconds=817.087 bootstraps=154
node=1581/7910 op=sum seconds=202.725 eta_seconds=811.542 bootstraps=154
node=1591/7910 op=addp seconds=202.865 eta_seconds=805.721 bootstraps=154
node=1601/7910 op=scatter seconds=204.806 eta_seconds=807.071 bootstraps=156
node=1611/7910 op=mul seconds=205.809 eta_seconds=804.713 bootstraps=156
node=1621/7910 op=scatter seconds=206.301 eta_seconds=800.388 bootstraps=156
node=1631/7910 op=mulp seconds=206.472 eta_seconds=794.872 bootstraps=156
node=1641/7910 op=repeat seconds=208.463 eta_seconds=796.377 bootstraps=158
node=1651/7910 op=mulp seconds=210.312 eta_seconds=797.301 bootstraps=160
node=1661/7910 op=mul seconds=212.633 eta_seconds=799.967 bootstraps=162
node=1671/7910 op=mul seconds=214.635 eta_seconds=801.38 bootstraps=164
node=1681/7910 op=gather seconds=215.302 eta_seconds=797.808 bootstraps=164
node=1691/7910 op=mul seconds=219.794 eta_seconds=808.336 bootstraps=168
node=1701/7910 op=repeat seconds=220.065 eta_seconds=803.283 bootstraps=168
node=1711/7910 op=mulp seconds=220.226 eta_seconds=797.886 bootstraps=168
node=1721/7910 op=add seconds=220.474 eta_seconds=792.862 bootstraps=168
node=1731/7910 op=add seconds=222.806 eta_seconds=795.331 bootstraps=170
node=1741/7910 op=scatter seconds=223.408 eta_seconds=791.618 bootstraps=170
node=1751/7910 op=mul seconds=223.99 eta_seconds=787.867 bootstraps=170
node=1761/7910 op=add seconds=224.251 eta_seconds=783.032 bootstraps=170
node=1771/7910 op=add seconds=226.563 eta_seconds=785.359 bootstraps=172
node=1781/7910 op=linear_ref seconds=227.162 eta_seconds=781.738 bootstraps=172
node=1791/7910 op=mulp seconds=229.146 eta_seconds=782.884 bootstraps=174
node=1801/7910 op=gather seconds=231.166 eta_seconds=784.115 bootstraps=176
node=1811/7910 op=cheb seconds=233.573 eta_seconds=786.616 bootstraps=178
node=1821/7910 op=sum seconds=234.051 eta_seconds=782.613 bootstraps=178
node=1831/7910 op=addp seconds=234.215 eta_seconds=777.605 bootstraps=178
node=1841/7910 op=gather seconds=234.55 eta_seconds=773.212 bootstraps=178
node=1851/7910 op=add seconds=236.498 eta_seconds=774.145 bootstraps=180
node=1861/7910 op=add seconds=237.469 eta_seconds=771.871 bootstraps=180
node=1871/7910 op=add seconds=238.18 eta_seconds=768.77 bootstraps=180
node=1881/7910 op=sum seconds=238.338 eta_seconds=763.925 bootstraps=180
node=1891/7910 op=add seconds=238.577 eta_seconds=759.385 bootstraps=180
node=1901/7910 op=cheb seconds=242.233 eta_seconds=765.692 bootstraps=184
node=1911/7910 op=add seconds=244.757 eta_seconds=768.341 bootstraps=186
node=1921/7910 op=linear_ref seconds=246.777 eta_seconds=769.363 bootstraps=188
node=1931/7910 op=cheb seconds=248.607 eta_seconds=769.768 bootstraps=190
node=1941/7910 op=add seconds=251.332 eta_seconds=772.902 bootstraps=192
node=1951/7910 op=mulp seconds=251.64 eta_seconds=768.591 bootstraps=192
node=1961/7910 op=addp seconds=251.807 eta_seconds=763.896 bootstraps=192
node=1971/7910 op=mul seconds=253.55 eta_seconds=763.995 bootstraps=194
node=1981/7910 op=gather seconds=254.845 eta_seconds=762.733 bootstraps=194
node=1991/7910 op=add seconds=255.121 eta_seconds=758.445 bootstraps=194
node=2001/7910 op=mul seconds=255.578 eta_seconds=754.727 bootstraps=194
node=2011/7910 op=sum seconds=255.899 eta_seconds=750.645 bootstraps=194
node=2021/7910 op=scatter seconds=258.146 eta_seconds=752.214 bootstraps=196
node=2031/7910 op=gather seconds=260.173 eta_seconds=753.106 bootstraps=198
node=2041/7910 op=cheb seconds=263.685 eta_seconds=758.239 bootstraps=202
node=2051/7910 op=gather seconds=264.385 eta_seconds=755.256 bootstraps=202
node=2061/7910 op=repeat seconds=266.884 eta_seconds=757.401 bootstraps=204
node=2071/7910 op=addp seconds=267.295 eta_seconds=753.616 bootstraps=204
node=2081/7910 op=repeat seconds=267.558 eta_seconds=749.446 bootstraps=204
node=2091/7910 op=mul seconds=267.811 eta_seconds=745.286 bootstraps=204
node=2101/7910 op=scatter seconds=270.093 eta_seconds=746.772 bootstraps=206
node=2111/7910 op=mul seconds=270.714 eta_seconds=743.661 bootstraps=206
node=2121/7910 op=addp seconds=271.419 eta_seconds=740.805 bootstraps=206
node=2131/7910 op=repeat seconds=271.69 eta_seconds=736.788 bootstraps=206
node=2141/7910 op=mul seconds=271.936 eta_seconds=732.741 bootstraps=206
node=2151/7910 op=mul seconds=274.165 eta_seconds=734.038 bootstraps=208
node=2161/7910 op=scatter seconds=276.604 eta_seconds=735.861 bootstraps=210
node=2171/7910 op=gather seconds=278.786 eta_seconds=736.965 bootstraps=212
node=2181/7910 op=mul seconds=281.036 eta_seconds=738.22 bootstraps=214
node=2191/7910 op=cheb seconds=281.739 eta_seconds=735.402 bootstraps=214
node=2201/7910 op=sum seconds=281.933 eta_seconds=731.283 bootstraps=214
node=2211/7910 op=addp seconds=282.053 eta_seconds=727.009 bootstraps=214
node=2221/7910 op=scatter seconds=284.043 eta_seconds=727.563 bootstraps=216
node=2231/7910 op=mul seconds=285.151 eta_seconds=725.85 bootstraps=216
node=2241/7910 op=scatter seconds=285.709 eta_seconds=722.752 bootstraps=216
node=2251/7910 op=mulp seconds=285.883 eta_seconds=718.707 bootstraps=216
node=2261/7910 op=repeat seconds=286.25 eta_seconds=715.182 bootstraps=216
node=2271/7910 op=mulp seconds=288.491 eta_seconds=716.337 bootstraps=218
node=2281/7910 op=mul seconds=290.617 eta_seconds=717.178 bootstraps=220
node=2291/7910 op=mul seconds=292.574 eta_seconds=717.579 bootstraps=222
node=2301/7910 op=gather seconds=293.28 eta_seconds=714.91 bootstraps=222
node=2311/7910 op=mul seconds=296.081 eta_seconds=717.335 bootstraps=224
node=2321/7910 op=repeat seconds=297.805 eta_seconds=717.118 bootstraps=226
node=2331/7910 op=mulp seconds=299.369 eta_seconds=716.508 bootstraps=228
node=2341/7910 op=add seconds=299.884 eta_seconds=713.394 bootstraps=228
node=2351/7910 op=add seconds=300.59 eta_seconds=710.754 bootstraps=228
node=2361/7910 op=scatter seconds=302.39 eta_seconds=710.701 bootstraps=230
node=2371/7910 op=mul seconds=303.07 eta_seconds=708.016 bootstraps=230
node=2381/7910 op=add seconds=303.339 eta_seconds=704.393 bootstraps=230
node=2391/7910 op=add seconds=305.605 eta_seconds=705.411 bootstraps=232
node=2401/7910 op=linear_ref seconds=306.167 eta_seconds=702.488 bootstraps=232
node=2411/7910 op=mulp seconds=308.197 eta_seconds=702.934 bootstraps=234
node=2421/7910 op=gather seconds=310.369 eta_seconds=703.682 bootstraps=236
node=2431/7910 op=cheb seconds=314.176 eta_seconds=708.091 bootstraps=240
node=2441/7910 op=sum seconds=316.065 eta_seconds=708.135 bootstraps=242
node=2451/7910 op=addp seconds=317.556 eta_seconds=707.279 bootstraps=244
node=2461/7910 op=gather seconds=319.532 eta_seconds=707.489 bootstraps=246
node=2471/7910 op=add seconds=319.715 eta_seconds=703.734 bootstraps=246
node=2481/7910 op=add seconds=320.342 eta_seconds=700.982 bootstraps=246
node=2491/7910 op=add seconds=322.617 eta_seconds=701.831 bootstraps=248
node=2501/7910 op=sum seconds=322.843 eta_seconds=698.224 bootstraps=248
node=2511/7910 op=add seconds=323.191 eta_seconds=694.906 bootstraps=248
node=2521/7910 op=cheb seconds=325.205 eta_seconds=695.172 bootstraps=250
node=2531/7910 op=add seconds=327.831 eta_seconds=696.721 bootstraps=252
node=2541/7910 op=linear_ref seconds=330.011 eta_seconds=697.297 bootstraps=254
node=2551/7910 op=cheb seconds=331.864 eta_seconds=697.163 bootstraps=256
node=2561/7910 op=add seconds=335.252 eta_seconds=700.22 bootstraps=258
node=2571/7910 op=mulp seconds=335.56 eta_seconds=696.831 bootstraps=258
node=2581/7910 op=addp seconds=335.775 eta_seconds=693.276 bootstraps=258
node=2591/7910 op=mul seconds=337.511 eta_seconds=692.868 bootstraps=260
node=2601/7910 op=gather seconds=338.808 eta_seconds=691.553 bootstraps=260
node=2611/7910 op=add seconds=339.085 eta_seconds=688.17 bootstraps=260
node=2621/7910 op=mul seconds=339.542 eta_seconds=685.172 bootstraps=260
node=2631/7910 op=sum seconds=339.864 eta_seconds=681.924 bootstraps=260
node=2641/7910 op=scatter seconds=342.174 eta_seconds=682.663 bootstraps=262
node=2651/7910 op=gather seconds=342.776 eta_seconds=679.992 bootstraps=262
node=2661/7910 op=cheb seconds=346.293 eta_seconds=683.087 bootstraps=266
node=2671/7910 op=gather seconds=346.993 eta_seconds=680.604 bootstraps=266
node=2681/7910 op=repeat seconds=349.562 eta_seconds=681.784 bootstraps=268
node=2691/7910 op=addp seconds=349.963 eta_seconds=678.727 bootstraps=268
node=2701/7910 op=repeat seconds=350.19 eta_seconds=675.356 bootstraps=268
node=2711/7910 op=mul seconds=352.045 eta_seconds=675.131 bootstraps=270
node=2721/7910 op=scatter seconds=352.709 eta_seconds=672.623 bootstraps=270
node=2731/7910 op=mul seconds=353.332 eta_seconds=670.05 bootstraps=270
node=2741/7910 op=addp seconds=354.037 eta_seconds=667.645 bootstraps=270
node=2751/7910 op=repeat seconds=354.302 eta_seconds=664.43 bootstraps=270
node=2761/7910 op=mul seconds=354.547 eta_seconds=661.195 bootstraps=270
node=2771/7910 op=mul seconds=356.776 eta_seconds=661.665 bootstraps=272
node=2781/7910 op=scatter seconds=359.218 eta_seconds=662.506 bootstraps=274
node=2791/7910 op=gather seconds=361.4 eta_seconds=662.847 bootstraps=276
node=2801/7910 op=mul seconds=363.641 eta_seconds=663.279 bootstraps=278
node=2811/7910 op=cheb seconds=364.292 eta_seconds=660.806 bootstraps=278
node=2821/7910 op=sum seconds=364.487 eta_seconds=657.524 bootstraps=278
node=2831/7910 op=addp seconds=364.608 eta_seconds=654.131 bootstraps=278
node=2841/7910 op=scatter seconds=366.603 eta_seconds=654.105 bootstraps=280
node=2851/7910 op=mul seconds=367.722 eta_seconds=652.511 bootstraps=280
node=2861/7910 op=scatter seconds=368.281 eta_seconds=649.931 bootstraps=280
node=2871/7910 op=mulp seconds=368.456 eta_seconds=646.691 bootstraps=280
node=2881/7910 op=repeat seconds=368.828 eta_seconds=643.817 bootstraps=280
node=2891/7910 op=mulp seconds=372.398 eta_seconds=646.511 bootstraps=284
node=2901/7910 op=mul seconds=374.727 eta_seconds=647.021 bootstraps=286
node=2911/7910 op=mul seconds=376.687 eta_seconds=646.877 bootstraps=288
client_token=315 logit_margin=1.89752
node=2921/7910 op=mul seconds=377.423 eta_seconds=644.629 bootstraps=288
node=2931/7910 op=gather seconds=379.169 eta_seconds=644.109 bootstraps=288
node=2941/7910 op=mul seconds=382.964 eta_seconds=647.041 bootstraps=290
node=2951/7910 op=repeat seconds=383.654 eta_seconds=644.711 bootstraps=290
node=2961/7910 op=mulp seconds=384.014 eta_seconds=641.839 bootstraps=290
node=2971/7910 op=add seconds=384.452 eta_seconds=639.114 bootstraps=290
node=2981/7910 op=add seconds=385.033 eta_seconds=636.641 bootstraps=290
node=2991/7910 op=scatter seconds=385.513 eta_seconds=634.015 bootstraps=290
node=3001/7910 op=mul seconds=385.989 eta_seconds=631.396 bootstraps=290
node=3011/7910 op=mul seconds=387.79 eta_seconds=630.947 bootstraps=292
node=3021/7910 op=mul seconds=388.431 eta_seconds=628.613 bootstraps=292
node=3031/7910 op=sum seconds=389.33 eta_seconds=626.704 bootstraps=292
node=3041/7910 op=cheb seconds=392.954 eta_seconds=629.166 bootstraps=296
node=3051/7910 op=repeat seconds=395 eta_seconds=629.074 bootstraps=298
node=3061/7910 op=gather seconds=395.547 eta_seconds=626.595 bootstraps=298
node=3071/7910 op=repeat seconds=398.272 eta_seconds=627.56 bootstraps=300
node=3081/7910 op=cheb seconds=398.586 eta_seconds=624.722 bootstraps=300
node=3091/7910 op=mul seconds=398.752 eta_seconds=621.671 bootstraps=300
node=3101/7910 op=mulp seconds=400.593 eta_seconds=621.235 bootstraps=302
node=3111/7910 op=scatter seconds=401.426 eta_seconds=619.235 bootstraps=302
node=3121/7910 op=add seconds=401.899 eta_seconds=616.691 bootstraps=302
node=3131/7910 op=mul seconds=402.603 eta_seconds=614.514 bootstraps=302
node=3141/7910 op=repeat seconds=402.869 eta_seconds=611.679 bootstraps=302
node=3151/7910 op=sum seconds=403.055 eta_seconds=608.74 bootstraps=302
node=3161/7910 op=scatter seconds=405.346 eta_seconds=608.981 bootstraps=304
node=3171/7910 op=gather seconds=407.423 eta_seconds=608.886 bootstraps=306
node=3181/7910 op=cheb seconds=410.951 eta_seconds=610.936 bootstraps=310
node=3191/7910 op=gather seconds=411.645 eta_seconds=608.76 bootstraps=310
node=3201/7910 op=repeat seconds=415.861 eta_seconds=611.774 bootstraps=314
node=3211/7910 op=addp seconds=416.285 eta_seconds=609.194 bootstraps=314
node=3221/7910 op=repeat seconds=416.546 eta_seconds=606.391 bootstraps=314
node=3231/7910 op=mul seconds=416.801 eta_seconds=603.594 bootstraps=314
node=3241/7910 op=scatter seconds=419.015 eta_seconds=603.635 bootstraps=316
node=3251/7910 op=mul seconds=419.644 eta_seconds=601.391 bootstraps=316
node=3261/7910 op=addp seconds=420.347 eta_seconds=599.262 bootstraps=316
node=3271/7910 op=mul seconds=420.503 eta_seconds=596.366 bootstraps=316
node=3281/7910 op=mul seconds=420.74 eta_seconds=593.602 bootstraps=316
node=3291/7910 op=mul seconds=423.046 eta_seconds=593.755 bootstraps=318
node=3301/7910 op=gather seconds=423.639 eta_seconds=591.503 bootstraps=318
node=3311/7910 op=addp seconds=425.636 eta_seconds=591.211 bootstraps=320
node=3321/7910 op=gather seconds=427.662 eta_seconds=590.949 bootstraps=322
node=3331/7910 op=cheb seconds=430.198 eta_seconds=591.377 bootstraps=324
node=3341/7910 op=mulp seconds=430.564 eta_seconds=588.82 bootstraps=324
node=3351/7910 op=cheb seconds=430.786 eta_seconds=586.08 bootstraps=324
node=3361/7910 op=mul seconds=432.821 eta_seconds=585.808 bootstraps=326
node=3371/7910 op=gather seconds=433.301 eta_seconds=583.433 bootstraps=326
node=3381/7910 op=mul seconds=434.019 eta_seconds=581.388 bootstraps=326
node=3391/7910 op=mulp seconds=434.725 eta_seconds=579.335 bootstraps=326
node=3401/7910 op=sum seconds=434.886 eta_seconds=576.567 bootstraps=326
node=3411/7910 op=add seconds=435.129 eta_seconds=573.921 bootstraps=326
node=3421/7910 op=add seconds=437.44 eta_seconds=574.005 bootstraps=328
node=3431/7910 op=linear_ref seconds=439.464 eta_seconds=573.699 bootstraps=330
node=3441/7910 op=mulp seconds=441.45 eta_seconds=573.334 bootstraps=332
node=3451/7910 op=gather seconds=443.482 eta_seconds=573.018 bootstraps=334
node=3461/7910 op=cheb seconds=447.716 eta_seconds=575.523 bootstraps=338
node=3471/7910 op=sum seconds=448.198 eta_seconds=573.192 bootstraps=338
node=3481/7910 op=addp seconds=448.414 eta_seconds=570.533 bootstraps=338
node=3491/7910 op=gather seconds=448.759 eta_seconds=568.051 bootstraps=338
node=3501/7910 op=add seconds=450.61 eta_seconds=567.478 bootstraps=340
node=3511/7910 op=add seconds=451.561 eta_seconds=565.769 bootstraps=340
node=3521/7910 op=add seconds=452.269 eta_seconds=563.763 bootstraps=340
node=3531/7910 op=mul seconds=452.297 eta_seconds=560.92 bootstraps=340
node=3541/7910 op=mul seconds=452.671 eta_seconds=558.52 bootstraps=340
node=3551/7910 op=linear_ref seconds=455.027 eta_seconds=558.565 bootstraps=342
node=3561/7910 op=mulp seconds=456.543 eta_seconds=557.57 bootstraps=344
node=3571/7910 op=sum seconds=459.07 eta_seconds=557.801 bootstraps=346
node=3581/7910 op=gather seconds=461.238 eta_seconds=557.582 bootstraps=348
node=3591/7910 op=cheb seconds=463.503 eta_seconds=557.468 bootstraps=350
node=3601/7910 op=mul seconds=464.133 eta_seconds=555.387 bootstraps=350
node=3611/7910 op=mulp seconds=464.322 eta_seconds=552.789 bootstraps=350
node=3621/7910 op=gather seconds=464.587 eta_seconds=550.294 bootstraps=350
node=3631/7910 op=scatter seconds=466.642 eta_seconds=549.921 bootstraps=352
node=3641/7910 op=mulp seconds=467.624 eta_seconds=548.28 bootstraps=352
node=3651/7910 op=scatter seconds=468.331 eta_seconds=546.322 bootstraps=352
node=3661/7910 op=mulp seconds=468.36 eta_seconds=543.584 bootstraps=352
node=3671/7910 op=repeat seconds=468.729 eta_seconds=541.254 bootstraps=352
node=3681/7910 op=mul seconds=468.974 eta_seconds=538.792 bootstraps=352
node=3691/7910 op=mul seconds=471.199 eta_seconds=538.605 bootstraps=354
node=3701/7910 op=scatter seconds=473.644 eta_seconds=538.656 bootstraps=356
node=3711/7910 op=gather seconds=475.831 eta_seconds=538.403 bootstraps=358
node=3721/7910 op=mul seconds=478.085 eta_seconds=538.215 bootstraps=360
node=3731/7910 op=cheb seconds=478.801 eta_seconds=536.293 bootstraps=360
node=3741/7910 op=sum seconds=478.996 eta_seconds=533.797 bootstraps=360
node=3751/7910 op=addp seconds=480.625 eta_seconds=532.903 bootstraps=362
node=3761/7910 op=scatter seconds=481.233 eta_seconds=530.879 bootstraps=362
node=3771/7910 op=mul seconds=482.285 eta_seconds=529.349 bootstraps=362
node=3781/7910 op=scatter seconds=482.847 eta_seconds=527.288 bootstraps=362
node=3791/7910 op=add seconds=483.016 eta_seconds=524.806 bootstraps=362
node=3801/7910 op=mul seconds=483.347 eta_seconds=522.513 bootstraps=362
node=3811/7910 op=cheb seconds=483.639 eta_seconds=520.188 bootstraps=362
node=3821/7910 op=repeat seconds=487.177 eta_seconds=521.347 bootstraps=366
node=3831/7910 op=mul seconds=489.729 eta_seconds=521.432 bootstraps=368
node=3841/7910 op=gather seconds=491.905 eta_seconds=521.104 bootstraps=370
node=3851/7910 op=cheb seconds=494.231 eta_seconds=520.925 bootstraps=372
node=3861/7910 op=cheb seconds=494.83 eta_seconds=518.924 bootstraps=372
node=3871/7910 op=mul seconds=496.526 eta_seconds=518.075 bootstraps=374
node=3881/7910 op=repeat seconds=498.102 eta_seconds=517.097 bootstraps=376
node=3891/7910 op=add seconds=498.59 eta_seconds=514.992 bootstraps=376
node=3901/7910 op=mul seconds=499.511 eta_seconds=513.34 bootstraps=376
node=3911/7910 op=gather seconds=501.488 eta_seconds=512.772 bootstraps=378
node=3921/7910 op=mul seconds=501.793 eta_seconds=510.495 bootstraps=378
node=3931/7910 op=sum seconds=502.118 eta_seconds=508.249 bootstraps=378
node=3941/7910 op=add seconds=502.292 eta_seconds=505.861 bootstraps=378
node=3951/7910 op=cheb seconds=504.527 eta_seconds=505.549 bootstraps=380
node=3961/7910 op=add seconds=506.996 eta_seconds=505.46 bootstraps=382
node=3971/7910 op=linear_ref seconds=509.171 eta_seconds=505.068 bootstraps=384
node=3981/7910 op=cheb seconds=509.278 eta_seconds=502.626 bootstraps=384
node=3991/7910 op=add seconds=514.688 eta_seconds=505.403 bootstraps=390
node=4001/7910 op=mulp seconds=516.375 eta_seconds=504.502 bootstraps=392
node=4011/7910 op=addp seconds=517.897 eta_seconds=503.436 bootstraps=394
node=4021/7910 op=mul seconds=518.387 eta_seconds=501.37 bootstraps=394
node=4031/7910 op=gather seconds=519.188 eta_seconds=499.61 bootstraps=394
node=4041/7910 op=add seconds=520.979 eta_seconds=498.805 bootstraps=396
node=4051/7910 op=mul seconds=521.501 eta_seconds=496.784 bootstraps=396
node=4061/7910 op=mul seconds=521.869 eta_seconds=494.625 bootstraps=396
node=4071/7910 op=mul seconds=522.311 eta_seconds=492.545 bootstraps=396
node=4081/7910 op=addp seconds=522.881 eta_seconds=490.593 bootstraps=396
node=4091/7910 op=linear_ref seconds=526.934 eta_seconds=491.899 bootstraps=400
node=4101/7910 op=mulp seconds=528.5 eta_seconds=490.87 bootstraps=402
node=4111/7910 op=addp seconds=529.165 eta_seconds=489.004 bootstraps=402
node=4121/7910 op=mulp seconds=534.344 eta_seconds=491.296 bootstraps=406
node=4131/7910 op=mul seconds=534.651 eta_seconds=489.094 bootstraps=406
node=4141/7910 op=repeat seconds=534.865 eta_seconds=486.816 bootstraps=406
node=4151/7910 op=mul seconds=536.593 eta_seconds=485.92 bootstraps=408
node=4161/7910 op=gather seconds=537.69 eta_seconds=484.451 bootstraps=408
node=4171/7910 op=scatter seconds=538.182 eta_seconds=482.441 bootstraps=408
node=4181/7910 op=mul seconds=538.636 eta_seconds=480.405 bootstraps=408
node=4191/7910 op=add seconds=538.896 eta_seconds=478.205 bootstraps=408
node=4201/7910 op=repeat seconds=539.131 eta_seconds=475.99 bootstraps=408
node=4211/7910 op=mulp seconds=541.443 eta_seconds=475.611 bootstraps=410
node=4221/7910 op=mul seconds=543.564 eta_seconds=475.055 bootstraps=412
node=4231/7910 op=mul seconds=545.569 eta_seconds=474.391 bootstraps=414
node=4241/7910 op=gather seconds=546.231 eta_seconds=472.559 bootstraps=414
node=4251/7910 op=mul seconds=549.055 eta_seconds=472.593 bootstraps=416
node=4261/7910 op=repeat seconds=549.325 eta_seconds=470.426 bootstraps=416
node=4271/7910 op=mulp seconds=549.451 eta_seconds=468.147 bootstraps=416
node=4281/7910 op=add seconds=551.308 eta_seconds=467.344 bootstraps=418
node=4291/7910 op=add seconds=552.14 eta_seconds=465.671 bootstraps=418
node=4301/7910 op=scatter seconds=552.746 eta_seconds=463.813 bootstraps=418
node=4311/7910 op=mul seconds=553.326 eta_seconds=461.939 bootstraps=418
node=4321/7910 op=mul seconds=553.592 eta_seconds=459.81 bootstraps=418
node=4331/7910 op=mul seconds=553.777 eta_seconds=457.624 bootstraps=418
node=4341/7910 op=sum seconds=556.065 eta_seconds=457.175 bootstraps=420
node=4351/7910 op=cheb seconds=558.179 eta_seconds=456.575 bootstraps=422
node=4361/7910 op=repeat seconds=560.174 eta_seconds=455.872 bootstraps=424
node=4371/7910 op=gather seconds=560.832 eta_seconds=454.08 bootstraps=424
node=4381/7910 op=repeat seconds=563.604 eta_seconds=453.996 bootstraps=426
node=4391/7910 op=cheb seconds=563.869 eta_seconds=451.891 bootstraps=426
node=4401/7910 op=mul seconds=564.005 eta_seconds=449.692 bootstraps=426
node=4411/7910 op=mulp seconds=564.257 eta_seconds=447.593 bootstraps=426
node=4421/7910 op=scatter seconds=566.716 eta_seconds=447.245 bootstraps=428
node=4431/7910 op=add seconds=567.19 eta_seconds=445.329 bootstraps=428
node=4441/7910 op=mul seconds=567.903 eta_seconds=443.606 bootstraps=428
node=4451/7910 op=repeat seconds=568.17 eta_seconds=441.541 bootstraps=428
node=4461/7910 op=sum seconds=568.356 eta_seconds=439.422 bootstraps=428
node=4471/7910 op=scatter seconds=571.938 eta_seconds=439.923 bootstraps=432
node=4481/7910 op=gather seconds=572.64 eta_seconds=438.202 bootstraps=432
node=4491/7910 op=cheb seconds=576.236 eta_seconds=438.689 bootstraps=436
client_token=279 logit_margin=2.90218
node=4501/7910 op=cheb seconds=576.898 eta_seconds=436.935 bootstraps=436
node=4511/7910 op=gather seconds=578.709 eta_seconds=436.052 bootstraps=436
node=4521/7910 op=repeat seconds=582.256 eta_seconds=436.466 bootstraps=438
node=4531/7910 op=addp seconds=582.979 eta_seconds=434.758 bootstraps=438
node=4541/7910 op=repeat seconds=583.606 eta_seconds=432.981 bootstraps=438
node=4551/7910 op=mul seconds=584.052 eta_seconds=431.077 bootstraps=438
node=4561/7910 op=scatter seconds=584.496 eta_seconds=429.177 bootstraps=438
node=4571/7910 op=mul seconds=585.01 eta_seconds=427.335 bootstraps=438
node=4581/7910 op=addp seconds=585.573 eta_seconds=425.534 bootstraps=438
node=4591/7910 op=sum seconds=585.714 eta_seconds=423.434 bootstraps=438
node=4601/7910 op=add seconds=587.893 eta_seconds=422.808 bootstraps=440
node=4611/7910 op=repeat seconds=588.409 eta_seconds=420.985 bootstraps=440
node=4621/7910 op=mulp seconds=589.189 eta_seconds=419.356 bootstraps=440
node=4631/7910 op=mul seconds=592.815 eta_seconds=419.745 bootstraps=444
node=4641/7910 op=mul seconds=594.851 eta_seconds=418.997 bootstraps=446
node=4651/7910 op=gather seconds=595.402 eta_seconds=417.204 bootstraps=446
node=4661/7910 op=mul seconds=598.116 eta_seconds=416.923 bootstraps=448
node=4671/7910 op=repeat seconds=598.435 eta_seconds=414.971 bootstraps=448
node=4681/7910 op=mulp seconds=598.593 eta_seconds=412.916 bootstraps=448
node=4691/7910 op=add seconds=600.441 eta_seconds=412.027 bootstraps=450
node=4701/7910 op=add seconds=601.291 eta_seconds=410.454 bootstraps=450
node=4711/7910 op=scatter seconds=601.895 eta_seconds=408.716 bootstraps=450
node=4721/7910 op=mul seconds=602.476 eta_seconds=406.968 bootstraps=450
node=4731/7910 op=repeat seconds=602.75 eta_seconds=405.019 bootstraps=450
node=4741/7910 op=sum seconds=602.937 eta_seconds=403.018 bootstraps=450
node=4751/7910 op=add seconds=603.113 eta_seconds=401.017 bootstraps=450
node=4761/7910 op=cheb seconds=606.879 eta_seconds=401.4 bootstraps=454
node=4771/7910 op=add seconds=609.423 eta_seconds=400.96 bootstraps=456
node=4781/7910 op=linear_ref seconds=611.594 eta_seconds=400.267 bootstraps=458
node=4791/7910 op=cheb seconds=611.68 eta_seconds=398.211 bootstraps=458
node=4801/7910 op=add seconds=616.132 eta_seconds=398.991 bootstraps=462
node=4811/7910 op=mulp seconds=616.407 eta_seconds=397.058 bootstraps=462
node=4821/7910 op=addp seconds=616.576 eta_seconds=395.064 bootstraps=462
node=4831/7910 op=mul seconds=616.814 eta_seconds=393.122 bootstraps=462
node=4841/7910 op=gather seconds=619.684 eta_seconds=392.855 bootstraps=464
node=4851/7910 op=add seconds=619.962 eta_seconds=390.943 bootstraps=464
node=4861/7910 op=mul seconds=620.42 eta_seconds=389.151 bootstraps=464
node=4871/7910 op=add seconds=620.694 eta_seconds=387.249 bootstraps=464
node=4881/7910 op=repeat seconds=620.933 eta_seconds=385.332 bootstraps=464
node=4891/7910 op=mul seconds=621.176 eta_seconds=383.425 bootstraps=464
node=4901/7910 op=mul seconds=623.455 eta_seconds=382.774 bootstraps=466
node=4911/7910 op=scatter seconds=625.864 eta_seconds=382.196 bootstraps=468
node=4921/7910 op=gather seconds=627.896 eta_seconds=381.382 bootstraps=470
node=4931/7910 op=mul seconds=630.175 eta_seconds=380.712 bootstraps=472
node=4941/7910 op=cheb seconds=630.757 eta_seconds=379.016 bootstraps=472
node=4951/7910 op=sum seconds=630.951 eta_seconds=377.093 bootstraps=472
node=4961/7910 op=addp seconds=631.071 eta_seconds=375.132 bootstraps=472
node=4971/7910 op=scatter seconds=633.071 eta_seconds=374.29 bootstraps=474
node=4981/7910 op=mul seconds=634.227 eta_seconds=372.947 bootstraps=474
node=4991/7910 op=scatter seconds=634.791 eta_seconds=371.26 bootstraps=474
node=5001/7910 op=mul seconds=634.964 eta_seconds=369.348 bootstraps=474
node=5011/7910 op=sum seconds=635.293 eta_seconds=367.534 bootstraps=474
node=5021/7910 op=add seconds=635.468 eta_seconds=365.638 bootstraps=474
node=5031/7910 op=add seconds=637.826 eta_seconds=364.997 bootstraps=476
node=5041/7910 op=linear_ref seconds=639.849 eta_seconds=364.159 bootstraps=478
node=5051/7910 op=mulp seconds=641.838 eta_seconds=363.297 bootstraps=480
node=5061/7910 op=gather seconds=643.854 eta_seconds=362.446 bootstraps=482
node=5071/7910 op=cheb seconds=648.093 eta_seconds=362.835 bootstraps=486
node=5081/7910 op=sum seconds=648.534 eta_seconds=361.091 bootstraps=486
node=5091/7910 op=addp seconds=648.747 eta_seconds=359.226 bootstraps=486
node=5101/7910 op=gather seconds=649.09 eta_seconds=357.439 bootstraps=486
node=5111/7910 op=add seconds=650.943 eta_seconds=356.484 bootstraps=488
node=5121/7910 op=add seconds=651.904 eta_seconds=355.04 bootstraps=488
node=5131/7910 op=add seconds=652.613 eta_seconds=353.461 bootstraps=488
node=5141/7910 op=mulp seconds=652.645 eta_seconds=351.522 bootstraps=488
node=5151/7910 op=repeat seconds=653.025 eta_seconds=349.776 bootstraps=488
node=5161/7910 op=sum seconds=653.208 eta_seconds=347.931 bootstraps=488
node=5171/7910 op=scatter seconds=655.498 eta_seconds=347.207 bootstraps=490
node=5181/7910 op=gather seconds=657.529 eta_seconds=346.342 bootstraps=492
node=5191/7910 op=cheb seconds=661.045 eta_seconds=346.25 bootstraps=496
node=5201/7910 op=gather seconds=661.743 eta_seconds=344.676 bootstraps=496
node=5211/7910 op=repeat seconds=664.24 eta_seconds=344.038 bootstraps=498
node=5221/7910 op=addp seconds=664.671 eta_seconds=342.329 bootstraps=498
node=5231/7910 op=repeat seconds=664.933 eta_seconds=340.538 bootstraps=498
node=5241/7910 op=mul seconds=665.187 eta_seconds=338.749 bootstraps=498
node=5251/7910 op=scatter seconds=667.544 eta_seconds=338.031 bootstraps=500
node=5261/7910 op=mul seconds=668.176 eta_seconds=336.438 bootstraps=500
node=5271/7910 op=addp seconds=668.881 eta_seconds=334.885 bootstraps=500
node=5281/7910 op=sum seconds=669.039 eta_seconds=333.063 bootstraps=500
node=5291/7910 op=add seconds=669.285 eta_seconds=331.291 bootstraps=500
node=5301/7910 op=repeat seconds=669.519 eta_seconds=329.518 bootstraps=500
node=5311/7910 op=mulp seconds=671.809 eta_seconds=328.758 bootstraps=502
node=5321/7910 op=mul seconds=673.921 eta_seconds=327.905 bootstraps=504
node=5331/7910 op=mul seconds=675.923 eta_seconds=326.994 bootstraps=506
node=5341/7910 op=gather seconds=676.59 eta_seconds=325.437 bootstraps=506
node=5351/7910 op=mul seconds=679.4 eta_seconds=324.909 bootstraps=508
node=5361/7910 op=repeat seconds=679.669 eta_seconds=323.163 bootstraps=508
node=5371/7910 op=mulp seconds=679.796 eta_seconds=321.356 bootstraps=508
node=5381/7910 op=add seconds=681.65 eta_seconds=320.367 bootstraps=510
node=5391/7910 op=add seconds=682.493 eta_seconds=318.902 bootstraps=510
node=5401/7910 op=scatter seconds=683.098 eta_seconds=317.329 bootstraps=510
node=5411/7910 op=mul seconds=683.682 eta_seconds=315.75 bootstraps=510
node=5421/7910 op=repeat seconds=683.954 eta_seconds=314.031 bootstraps=510
node=5431/7910 op=sum seconds=684.141 eta_seconds=312.279 bootstraps=510
node=5441/7910 op=add seconds=684.313 eta_seconds=310.526 bootstraps=510
node=5451/7910 op=cheb seconds=686.659 eta_seconds=309.759 bootstraps=512
node=5461/7910 op=add seconds=689.165 eta_seconds=309.058 bootstraps=514
node=5471/7910 op=linear_ref seconds=691.336 eta_seconds=308.201 bootstraps=516
node=5481/7910 op=cheb seconds=691.432 eta_seconds=306.42 bootstraps=516
node=5491/7910 op=add seconds=694.212 eta_seconds=305.828 bootstraps=518
node=5501/7910 op=mulp seconds=695.935 eta_seconds=304.764 bootstraps=520
node=5511/7910 op=addp seconds=697.502 eta_seconds=303.63 bootstraps=522
node=5521/7910 op=mul seconds=698.002 eta_seconds=302.033 bootstraps=522
node=5531/7910 op=gather seconds=698.921 eta_seconds=300.621 bootstraps=522
node=5541/7910 op=add seconds=700.683 eta_seconds=299.57 bootstraps=524
node=5551/7910 op=mul seconds=701.213 eta_seconds=297.994 bootstraps=524
node=5561/7910 op=add seconds=701.486 eta_seconds=296.312 bootstraps=524
node=5571/7910 op=repeat seconds=701.72 eta_seconds=294.619 bootstraps=524
node=5581/7910 op=mul seconds=703.27 eta_seconds=293.481 bootstraps=526
node=5591/7910 op=mul seconds=704.111 eta_seconds=292.047 bootstraps=526
node=5601/7910 op=scatter seconds=706.548 eta_seconds=291.273 bootstraps=528
node=5611/7910 op=gather seconds=708.732 eta_seconds=290.389 bootstraps=530
node=5621/7910 op=mul seconds=711.085 eta_seconds=289.57 bootstraps=532
node=5631/7910 op=cheb seconds=714.459 eta_seconds=289.159 bootstraps=536
node=5641/7910 op=sum seconds=715.961 eta_seconds=287.984 bootstraps=538
node=5651/7910 op=addp seconds=717.489 eta_seconds=286.818 bootstraps=540
node=5661/7910 op=scatter seconds=718.048 eta_seconds=285.266 bootstraps=540
node=5671/7910 op=mul seconds=718.776 eta_seconds=283.784 bootstraps=540
node=5681/7910 op=scatter seconds=720.936 eta_seconds=282.867 bootstraps=542
node=5691/7910 op=mul seconds=721.114 eta_seconds=281.172 bootstraps=542
node=5701/7910 op=sum seconds=721.574 eta_seconds=279.592 bootstraps=542
node=5711/7910 op=add seconds=721.99 eta_seconds=278 bootstraps=542
node=5721/7910 op=add seconds=722.698 eta_seconds=276.523 bootstraps=542
node=5731/7910 op=linear_ref seconds=724.823 eta_seconds=275.587 bootstraps=544
node=5741/7910 op=mulp seconds=726.865 eta_seconds=274.616 bootstraps=546
node=5751/7910 op=gather seconds=729.041 eta_seconds=273.692 bootstraps=548
node=5761/7910 op=cheb seconds=733.901 eta_seconds=273.764 bootstraps=552
node=5771/7910 op=sum seconds=734.408 eta_seconds=272.206 bootstraps=552
node=5781/7910 op=addp seconds=734.622 eta_seconds=270.543 bootstraps=552
node=5791/7910 op=gather seconds=735.015 eta_seconds=268.951 bootstraps=552
node=5801/7910 op=add seconds=736.87 eta_seconds=267.895 bootstraps=554
node=5811/7910 op=add seconds=737.84 eta_seconds=266.516 bootstraps=554
node=5821/7910 op=add seconds=738.549 eta_seconds=265.045 bootstraps=554
node=5831/7910 op=mulp seconds=738.576 eta_seconds=263.334 bootstraps=554
node=5841/7910 op=repeat seconds=738.952 eta_seconds=261.752 bootstraps=554
node=5851/7910 op=sum seconds=739.136 eta_seconds=260.106 bootstraps=554
node=5861/7910 op=scatter seconds=741.488 eta_seconds=259.224 bootstraps=556
node=5871/7910 op=gather seconds=742.088 eta_seconds=257.727 bootstraps=556
node=5881/7910 op=cheb seconds=745.59 eta_seconds=257.236 bootstraps=560
node=5891/7910 op=gather seconds=746.286 eta_seconds=255.772 bootstraps=560
node=5901/7910 op=repeat seconds=748.872 eta_seconds=254.954 bootstraps=562
node=5911/7910 op=addp seconds=749.298 eta_seconds=253.4 bootstraps=562
node=5921/7910 op=repeat seconds=749.527 eta_seconds=251.783 bootstraps=562
node=5931/7910 op=mul seconds=751.385 eta_seconds=250.715 bootstraps=564
node=5941/7910 op=scatter seconds=752.084 eta_seconds=249.26 bootstraps=564
node=5951/7910 op=mul seconds=752.707 eta_seconds=247.782 bootstraps=564
node=5961/7910 op=addp seconds=753.407 eta_seconds=246.333 bootstraps=564
node=5971/7910 op=sum seconds=753.566 eta_seconds=244.71 bootstraps=564
node=5981/7910 op=add seconds=753.811 eta_seconds=243.12 bootstraps=564
node=5991/7910 op=repeat seconds=754.047 eta_seconds=241.532 bootstraps=564
node=6001/7910 op=mulp seconds=756.339 eta_seconds=240.602 bootstraps=566
node=6011/7910 op=mul seconds=758.455 eta_seconds=239.612 bootstraps=568
node=6021/7910 op=mul seconds=760.457 eta_seconds=238.582 bootstraps=570
node=6031/7910 op=gather seconds=761.128 eta_seconds=237.135 bootstraps=570
node=6041/7910 op=mul seconds=763.89 eta_seconds=236.337 bootstraps=572
node=6051/7910 op=repeat seconds=764.167 eta_seconds=234.769 bootstraps=572
node=6061/7910 op=mulp seconds=764.293 eta_seconds=233.159 bootstraps=572
node=6071/7910 op=add seconds=764.542 eta_seconds=231.592 bootstraps=572
node=6081/7910 op=add seconds=767.011 eta_seconds=230.696 bootstraps=574
node=6091/7910 op=scatter seconds=767.626 eta_seconds=229.242 bootstraps=574
node=6101/7910 op=mul seconds=768.208 eta_seconds=227.781 bootstraps=574
node=6111/7910 op=repeat seconds=768.474 eta_seconds=226.229 bootstraps=574
node=6121/7910 op=sum seconds=768.661 eta_seconds=224.658 bootstraps=574
node=6131/7910 op=add seconds=768.836 eta_seconds=223.089 bootstraps=574
node=6141/7910 op=cheb seconds=772.547 eta_seconds=222.543 bootstraps=578
node=6151/7910 op=add seconds=775.181 eta_seconds=221.678 bootstraps=580
client_token=1614 logit_margin=0.201333
node=6161/7910 op=feedback seconds=776.968 eta_seconds=220.568 bootstraps=582
node=6171/7910 op=linear_ref seconds=779.054 eta_seconds=219.539 bootstraps=582
node=6181/7910 op=cheb seconds=779.412 eta_seconds=218.024 bootstraps=582
node=6191/7910 op=add seconds=781.703 eta_seconds=217.049 bootstraps=582
node=6201/7910 op=mulp seconds=782.389 eta_seconds=215.627 bootstraps=582
node=6211/7910 op=addp seconds=782.766 eta_seconds=214.123 bootstraps=582
node=6221/7910 op=mul seconds=783.179 eta_seconds=212.633 bootstraps=582
node=6231/7910 op=gather seconds=784.131 eta_seconds=211.291 bootstraps=582
node=6241/7910 op=add seconds=784.338 eta_seconds=209.752 bootstraps=582
node=6251/7910 op=mul seconds=784.722 eta_seconds=208.263 bootstraps=582
node=6261/7910 op=mul seconds=786.517 eta_seconds=207.15 bootstraps=584
node=6271/7910 op=mul seconds=787.055 eta_seconds=205.706 bootstraps=584
node=6281/7910 op=mul seconds=787.32 eta_seconds=204.194 bootstraps=584
node=6291/7910 op=mul seconds=788.18 eta_seconds=202.84 bootstraps=584
node=6301/7910 op=gather seconds=790.299 eta_seconds=201.808 bootstraps=586
node=6311/7910 op=addp seconds=792.295 eta_seconds=200.742 bootstraps=588
node=6321/7910 op=gather seconds=794.374 eta_seconds=199.693 bootstraps=590
node=6331/7910 op=cheb seconds=796.909 eta_seconds=198.755 bootstraps=592
node=6341/7910 op=mulp seconds=797.273 eta_seconds=197.275 bootstraps=592
node=6351/7910 op=cheb seconds=797.578 eta_seconds=195.784 bootstraps=592
node=6361/7910 op=mul seconds=799.436 eta_seconds=194.675 bootstraps=594
node=6371/7910 op=gather seconds=800.009 eta_seconds=193.253 bootstraps=594
node=6381/7910 op=mul seconds=800.747 eta_seconds=191.873 bootstraps=594
node=6391/7910 op=mulp seconds=801.452 eta_seconds=190.488 bootstraps=594
node=6401/7910 op=mulp seconds=801.488 eta_seconds=188.946 bootstraps=594
node=6411/7910 op=repeat seconds=801.869 eta_seconds=187.49 bootstraps=594
node=6421/7910 op=sum seconds=802.052 eta_seconds=185.992 bootstraps=594
node=6431/7910 op=add seconds=802.225 eta_seconds=184.495 bootstraps=594
node=6441/7910 op=cheb seconds=805.954 eta_seconds=183.814 bootstraps=598
node=6451/7910 op=add seconds=808.494 eta_seconds=182.854 bootstraps=600
node=6461/7910 op=linear_ref seconds=810.673 eta_seconds=181.809 bootstraps=602
node=6471/7910 op=cheb seconds=810.759 eta_seconds=180.294 bootstraps=602
node=6481/7910 op=add seconds=815.197 eta_seconds=179.743 bootstraps=606
node=6491/7910 op=mulp seconds=815.474 eta_seconds=178.271 bootstraps=606
node=6501/7910 op=addp seconds=815.642 eta_seconds=176.779 bootstraps=606
node=6511/7910 op=mul seconds=815.879 eta_seconds=175.306 bootstraps=606
node=6521/7910 op=gather seconds=818.681 eta_seconds=174.382 bootstraps=608
node=6531/7910 op=add seconds=818.957 eta_seconds=172.92 bootstraps=608
node=6541/7910 op=mul seconds=819.417 eta_seconds=171.5 bootstraps=608
node=6551/7910 op=mul seconds=819.68 eta_seconds=170.042 bootstraps=608
node=6561/7910 op=mul seconds=819.867 eta_seconds=168.572 bootstraps=608
node=6571/7910 op=mul seconds=820.04 eta_seconds=167.103 bootstraps=608
node=6581/7910 op=mul seconds=822.348 eta_seconds=166.069 bootstraps=610
node=6591/7910 op=gather seconds=822.944 eta_seconds=164.689 bootstraps=610
node=6601/7910 op=addp seconds=824.926 eta_seconds=163.585 bootstraps=612
node=6611/7910 op=gather seconds=826.942 eta_seconds=162.486 bootstraps=614
node=6621/7910 op=cheb seconds=829.473 eta_seconds=161.485 bootstraps=616
node=6631/7910 op=mulp seconds=829.834 eta_seconds=160.06 bootstraps=616
node=6641/7910 op=cheb seconds=830.055 eta_seconds=158.612 bootstraps=616
node=6651/7910 op=mul seconds=830.321 eta_seconds=157.176 bootstraps=616
node=6661/7910 op=gather seconds=832.477 eta_seconds=156.097 bootstraps=618
node=6671/7910 op=mul seconds=833.222 eta_seconds=154.754 bootstraps=618
node=6681/7910 op=mulp seconds=833.928 eta_seconds=153.405 bootstraps=618
node=6691/7910 op=mulp seconds=833.962 eta_seconds=151.935 bootstraps=618
node=6701/7910 op=repeat seconds=834.33 eta_seconds=150.531 bootstraps=618
node=6711/7910 op=sum seconds=834.513 eta_seconds=149.096 bootstraps=618
node=6721/7910 op=add seconds=834.687 eta_seconds=147.663 bootstraps=618
node=6731/7910 op=cheb seconds=838.352 eta_seconds=146.845 bootstraps=622
node=6741/7910 op=add seconds=840.875 eta_seconds=145.821 bootstraps=624
node=6751/7910 op=linear_ref seconds=842.894 eta_seconds=144.707 bootstraps=626
node=6761/7910 op=cheb seconds=844.722 eta_seconds=143.557 bootstraps=628
node=6771/7910 op=add seconds=847.463 eta_seconds=142.558 bootstraps=630
node=6781/7910 op=mulp seconds=847.771 eta_seconds=141.149 bootstraps=630
node=6791/7910 op=addp seconds=847.938 eta_seconds=139.721 bootstraps=630
node=6801/7910 op=mul seconds=849.682 eta_seconds=138.553 bootstraps=632
node=6811/7910 op=gather seconds=850.943 eta_seconds=137.305 bootstraps=632
node=6821/7910 op=add seconds=851.222 eta_seconds=135.901 bootstraps=632
node=6831/7910 op=mul seconds=851.683 eta_seconds=134.529 bootstraps=632
node=6841/7910 op=mul seconds=851.949 eta_seconds=133.129 bootstraps=632
node=6851/7910 op=mul seconds=852.135 eta_seconds=131.72 bootstraps=632
node=6861/7910 op=mul seconds=852.309 eta_seconds=130.312 bootstraps=632
node=6871/7910 op=mul seconds=854.618 eta_seconds=129.231 bootstraps=634
node=6881/7910 op=gather seconds=856.651 eta_seconds=128.105 bootstraps=636
node=6891/7910 op=addp seconds=858.679 eta_seconds=126.976 bootstraps=638
node=6901/7910 op=gather seconds=860.856 eta_seconds=125.866 bootstraps=640
node=6911/7910 op=cheb seconds=863.349 eta_seconds=124.799 bootstraps=642
node=6921/7910 op=mulp seconds=863.772 eta_seconds=123.432 bootstraps=642
node=6931/7910 op=cheb seconds=864.026 eta_seconds=122.043 bootstraps=642
node=6941/7910 op=mul seconds=864.291 eta_seconds=120.66 bootstraps=642
node=6951/7910 op=gather seconds=866.439 eta_seconds=119.539 bootstraps=644
node=6961/7910 op=mul seconds=867.184 eta_seconds=118.224 bootstraps=644
node=6971/7910 op=mulp seconds=867.887 eta_seconds=116.905 bootstraps=644
node=6981/7910 op=mulp seconds=867.922 eta_seconds=115.499 bootstraps=644
node=6991/7910 op=repeat seconds=868.293 eta_seconds=114.141 bootstraps=644
node=7001/7910 op=sum seconds=868.476 eta_seconds=112.762 bootstraps=644
node=7011/7910 op=add seconds=868.648 eta_seconds=111.384 bootstraps=644
node=7021/7910 op=cheb seconds=870.97 eta_seconds=110.282 bootstraps=646
node=7031/7910 op=add seconds=873.436 eta_seconds=109.195 bootstraps=648
node=7041/7910 op=linear_ref seconds=875.61 eta_seconds=108.068 bootstraps=650
node=7051/7910 op=cheb seconds=875.696 eta_seconds=106.683 bootstraps=650
node=7061/7910 op=add seconds=878.474 eta_seconds=105.626 bootstraps=652
node=7071/7910 op=mulp seconds=878.735 eta_seconds=104.265 bootstraps=652
node=7081/7910 op=addp seconds=878.871 eta_seconds=102.893 bootstraps=652
node=7091/7910 op=mul seconds=880.715 eta_seconds=101.721 bootstraps=654
node=7101/7910 op=gather seconds=881.971 eta_seconds=100.481 bootstraps=654
node=7111/7910 op=add seconds=882.252 eta_seconds=99.1308 bootstraps=654
node=7121/7910 op=mul seconds=882.713 eta_seconds=97.8038 bootstraps=654
node=7131/7910 op=mul seconds=882.978 eta_seconds=96.4577 bootstraps=654
node=7141/7910 op=mul seconds=883.163 eta_seconds=95.106 bootstraps=654
node=7151/7910 op=mul seconds=883.335 eta_seconds=93.7563 bootstraps=654
node=7161/7910 op=mul seconds=885.636 eta_seconds=92.6325 bootstraps=656
node=7171/7910 op=gather seconds=886.243 eta_seconds=91.3308 bootstraps=656
node=7181/7910 op=addp seconds=888.269 eta_seconds=90.1752 bootstraps=658
node=7191/7910 op=gather seconds=890.442 eta_seconds=89.0318 bootstraps=660
node=7201/7910 op=cheb seconds=893.006 eta_seconds=87.9241 bootstraps=662
node=7211/7910 op=mulp seconds=893.36 eta_seconds=86.598 bootstraps=662
node=7221/7910 op=cheb seconds=896.485 eta_seconds=85.5391 bootstraps=666
node=7231/7910 op=mul seconds=897.021 eta_seconds=84.2314 bootstraps=666
node=7241/7910 op=gather seconds=897.501 eta_seconds=82.9206 bootstraps=666
node=7251/7910 op=mul seconds=897.959 eta_seconds=81.6101 bootstraps=666
node=7261/7910 op=mulp seconds=900.189 eta_seconds=80.4604 bootstraps=668
node=7271/7910 op=mulp seconds=900.233 eta_seconds=79.1155 bootstraps=668
node=7281/7910 op=repeat seconds=900.601 eta_seconds=77.8022 bootstraps=668
node=7291/7910 op=sum seconds=900.783 eta_seconds=76.4757 bootstraps=668
node=7301/7910 op=add seconds=900.954 eta_seconds=75.1515 bootstraps=668
node=7311/7910 op=cheb seconds=903.196 eta_seconds=74 bootstraps=670
node=7321/7910 op=add seconds=905.665 eta_seconds=72.8639 bootstraps=672
node=7331/7910 op=linear_ref seconds=907.838 eta_seconds=71.7007 bootstraps=674
node=7341/7910 op=cheb seconds=907.945 eta_seconds=70.3747 bootstraps=674
node=7351/7910 op=add seconds=913.341 eta_seconds=69.4542 bootstraps=680
node=7361/7910 op=mulp seconds=915.028 eta_seconds=68.2448 bootstraps=682
node=7371/7910 op=addp seconds=916.543 eta_seconds=67.0217 bootstraps=684
node=7381/7910 op=mul seconds=917.028 eta_seconds=65.7239 bootstraps=684
node=7391/7910 op=gather seconds=917.825 eta_seconds=64.4502 bootstraps=684
node=7401/7910 op=add seconds=919.614 eta_seconds=63.246 bootstraps=686
node=7411/7910 op=mul seconds=920.152 eta_seconds=61.956 bootstraps=686
node=7421/7910 op=mul seconds=920.495 eta_seconds=60.6552 bootstraps=686
node=7431/7910 op=mul seconds=920.85 eta_seconds=59.3577 bootstraps=686
node=7441/7910 op=mul seconds=921.267 eta_seconds=58.0667 bootstraps=686
node=7451/7910 op=mul seconds=921.947 eta_seconds=56.7942 bootstraps=686
node=7461/7910 op=gather seconds=924.058 eta_seconds=55.6094 bootstraps=688
node=7471/7910 op=addp seconds=926.09 eta_seconds=54.4176 bootstraps=690
node=7481/7910 op=gather seconds=928.262 eta_seconds=53.2315 bootstraps=692
node=7491/7910 op=cheb seconds=933.298 eta_seconds=52.2029 bootstraps=696
node=7501/7910 op=mulp seconds=933.625 eta_seconds=50.9069 bootstraps=696
node=7511/7910 op=cheb seconds=933.978 eta_seconds=49.6149 bootstraps=696
node=7521/7910 op=mul seconds=935.729 eta_seconds=48.3977 bootstraps=698
node=7531/7910 op=gather seconds=936.279 eta_seconds=47.1185 bootstraps=698
node=7541/7910 op=mul seconds=937.016 eta_seconds=45.8506 bootstraps=698
node=7551/7910 op=mulp seconds=937.724 eta_seconds=44.5825 bootstraps=698
node=7561/7910 op=mulp seconds=937.755 eta_seconds=43.2848 bootstraps=698
node=7571/7910 op=repeat seconds=938.149 eta_seconds=42.0067 bootstraps=698
node=7581/7910 op=sum seconds=938.332 eta_seconds=40.7217 bootstraps=698
node=7591/7910 op=add seconds=938.506 eta_seconds=39.4393 bootstraps=698
node=7601/7910 op=cheb seconds=940.894 eta_seconds=38.2497 bootstraps=700
node=7611/7910 op=add seconds=943.356 eta_seconds=37.06 bootstraps=702
node=7621/7910 op=linear_ref seconds=945.535 eta_seconds=35.8561 bootstraps=704
node=7631/7910 op=cheb seconds=945.621 eta_seconds=34.5732 bootstraps=704
node=7641/7910 op=add seconds=948.387 eta_seconds=33.3878 bootstraps=706
node=7651/7910 op=mulp seconds=948.65 eta_seconds=32.1135 bootstraps=706
node=7661/7910 op=addp seconds=948.785 eta_seconds=30.8377 bootstraps=706
node=7671/7910 op=mul seconds=950.624 eta_seconds=29.6179 bootstraps=708
node=7681/7910 op=gather seconds=951.882 eta_seconds=28.3792 bootstraps=708
node=7691/7910 op=add seconds=952.159 eta_seconds=27.1126 bootstraps=708
node=7701/7910 op=mul seconds=952.62 eta_seconds=25.8535 bootstraps=708
node=7711/7910 op=mul seconds=952.886 eta_seconds=24.5914 bootstraps=708
node=7721/7910 op=mul seconds=953.073 eta_seconds=23.33 bootstraps=708
node=7731/7910 op=mul seconds=953.25 eta_seconds=22.0711 bootstraps=708
node=7741/7910 op=mul seconds=955.557 eta_seconds=20.8615 bootstraps=710
node=7751/7910 op=gather seconds=956.155 eta_seconds=19.6141 bootstraps=710
node=7761/7910 op=addp seconds=958.214 eta_seconds=18.3963 bootstraps=712
node=7771/7910 op=gather seconds=960.39 eta_seconds=17.1785 bootstraps=714
node=7781/7910 op=cheb seconds=962.891 eta_seconds=15.9636 bootstraps=716
node=7791/7910 op=mulp seconds=963.315 eta_seconds=14.7137 bootstraps=716
node=7801/7910 op=cheb seconds=963.538 eta_seconds=13.4631 bootstraps=716
node=7811/7910 op=mul seconds=963.804 eta_seconds=12.2157 bootstraps=716
node=7821/7910 op=gather seconds=965.952 eta_seconds=10.9922 bootstraps=718
node=7831/7910 op=mul seconds=966.695 eta_seconds=9.75212 bootstraps=718
node=7841/7910 op=mulp seconds=967.402 eta_seconds=8.51304 bootstraps=718
node=7851/7910 op=mulp seconds=967.436 eta_seconds=7.27025 bootstraps=718
node=7861/7910 op=repeat seconds=967.807 eta_seconds=6.03264 bootstraps=718
node=7871/7910 op=sum seconds=967.993 eta_seconds=4.7963 bootstraps=718
node=7881/7910 op=add seconds=968.164 eta_seconds=3.56259 bootstraps=718
node=7891/7910 op=cheb seconds=971.828 eta_seconds=2.33997 bootstraps=722
node=7901/7910 op=add seconds=974.469 eta_seconds=1.11001 bootstraps=724
node=7910/7910 op=mulp seconds=976.033 eta_seconds=0 bootstraps=726
client_token=315 logit_margin=0.674909
passed=1 polynomial_error=0.000156555 exact_error=0.000166615 eval_seconds=976.107
