GPU 0: NVIDIA GB10
 SMs: 48, SharedMem: 100 KB, Blocks/SM: 24, Threads/SM: 1536, L2 size: 24 MB, Bus: 256-bit
Adding bootstrap precomputation to GPU for 32768 slots.
Plaintexts loaded: 248 ~ 6262MB
Rotation keys loaded: 85 ~ 15300MB
setup_seconds=27.2607
planned_logical_refreshes=623
node=1/7910 op=public seconds=0.15999 eta_seconds=1265.36 bootstraps=0
node=11/7910 op=public seconds=1.55342 eta_seconds=1115.5 bootstraps=0
node=21/7910 op=mul seconds=2.54182 eta_seconds=954.877 bootstraps=0
node=31/7910 op=gather seconds=5.61699 eta_seconds=1427.62 bootstraps=0
node=41/7910 op=mul seconds=7.01459 eta_seconds=1346.29 bootstraps=0
node=51/7910 op=repeat seconds=7.87953 eta_seconds=1214.22 bootstraps=0
node=61/7910 op=mulp seconds=8.36211 eta_seconds=1075.97 bootstraps=0
node=71/7910 op=add seconds=9.25175 eta_seconds=1021.47 bootstraps=0
node=81/7910 op=add seconds=10.5303 eta_seconds=1017.8 bootstraps=0
node=91/7910 op=scatter seconds=11.5888 eta_seconds=995.744 bootstraps=0
node=111/7910 op=mul seconds=15.0231 eta_seconds=1055.54 bootstraps=2
node=121/7910 op=mul seconds=16.4128 eta_seconds=1056.52 bootstraps=2
node=131/7910 op=scatter seconds=20.4669 eta_seconds=1215.36 bootstraps=4
node=141/7910 op=gather seconds=24.5578 eta_seconds=1353.12 bootstraps=8
node=161/7910 op=cheb seconds=27.113 eta_seconds=1304.96 bootstraps=10
node=171/7910 op=sum seconds=27.4127 eta_seconds=1240.63 bootstraps=10
node=181/7910 op=addp seconds=27.627 eta_seconds=1179.72 bootstraps=10
node=191/7910 op=scatter seconds=30.2648 eta_seconds=1223.11 bootstraps=12
node=201/7910 op=mul seconds=32.4243 eta_seconds=1243.58 bootstraps=12
node=211/7910 op=scatter seconds=33.5104 eta_seconds=1222.73 bootstraps=12
node=221/7910 op=sum seconds=34.0949 eta_seconds=1186.22 bootstraps=12
node=231/7910 op=scatter seconds=36.6542 eta_seconds=1218.47 bootstraps=14
node=241/7910 op=gather seconds=39.4143 eta_seconds=1254.22 bootstraps=16
node=251/7910 op=cheb seconds=43.4647 eta_seconds=1326.28 bootstraps=20
node=271/7910 op=repeat seconds=46.945 eta_seconds=1323.29 bootstraps=22
node=281/7910 op=addp seconds=47.6553 eta_seconds=1293.82 bootstraps=22
node=291/7910 op=repeat seconds=48.0204 eta_seconds=1257.28 bootstraps=22
node=301/7910 op=mul seconds=48.5376 eta_seconds=1226.99 bootstraps=22
node=311/7910 op=scatter seconds=51.6591 eta_seconds=1262.24 bootstraps=24
node=321/7910 op=mul seconds=53.0151 eta_seconds=1253.37 bootstraps=24
node=341/7910 op=add seconds=55.1368 eta_seconds=1223.84 bootstraps=24
node=351/7910 op=cheb seconds=58.1225 eta_seconds=1251.7 bootstraps=26
node=361/7910 op=add seconds=61.3616 eta_seconds=1283.15 bootstraps=28
node=371/7910 op=linear seconds=63.8865 eta_seconds=1298.22 bootstraps=30
node=381/7910 op=cheb seconds=65.8081 eta_seconds=1300.44 bootstraps=32
node=391/7910 op=add seconds=66.5028 eta_seconds=1278.86 bootstraps=32
node=401/7910 op=mulp seconds=66.8889 eta_seconds=1252.54 bootstraps=32
node=411/7910 op=addp seconds=67.1079 eta_seconds=1224.43 bootstraps=32
node=421/7910 op=mul seconds=67.6391 eta_seconds=1203.2 bootstraps=32
node=431/7910 op=gather seconds=73.4039 eta_seconds=1273.75 bootstraps=36
node=441/7910 op=add seconds=74.0654 eta_seconds=1254.41 bootstraps=36
node=451/7910 op=mulp seconds=75.0486 eta_seconds=1241.21 bootstraps=36
node=461/7910 op=add seconds=78.3745 eta_seconds=1266.4 bootstraps=38
node=471/7910 op=linear seconds=80.9067 eta_seconds=1277.84 bootstraps=40
node=481/7910 op=mulp seconds=83.3773 eta_seconds=1287.75 bootstraps=42
node=491/7910 op=gather seconds=85.9171 eta_seconds=1298.21 bootstraps=44
node=501/7910 op=cheb seconds=88.0771 eta_seconds=1302.52 bootstraps=46
node=511/7910 op=sum seconds=88.7754 eta_seconds=1285.42 bootstraps=46
node=521/7910 op=addp seconds=89.0839 eta_seconds=1263.42 bootstraps=46
node=531/7910 op=gather seconds=89.7129 eta_seconds=1246.69 bootstraps=46
node=541/7910 op=add seconds=92.142 eta_seconds=1255.07 bootstraps=48
node=551/7910 op=add seconds=94.1664 eta_seconds=1257.66 bootstraps=48
node=561/7910 op=add seconds=95.7778 eta_seconds=1254.67 bootstraps=48
node=571/7910 op=repeat seconds=96.3002 eta_seconds=1237.74 bootstraps=48
node=581/7910 op=mulp seconds=99.1523 eta_seconds=1250.75 bootstraps=50
node=591/7910 op=mul seconds=103.296 eta_seconds=1279.23 bootstraps=54
node=601/7910 op=mul seconds=105.777 eta_seconds=1286.39 bootstraps=56
node=611/7910 op=gather seconds=107.054 eta_seconds=1278.86 bootstraps=56
node=621/7910 op=mul seconds=109.663 eta_seconds=1287.17 bootstraps=58
node=631/7910 op=repeat seconds=110.081 eta_seconds=1269.85 bootstraps=58
node=641/7910 op=mulp seconds=110.342 eta_seconds=1251.28 bootstraps=58
node=651/7910 op=add seconds=110.918 eta_seconds=1236.8 bootstraps=58
node=661/7910 op=add seconds=116.08 eta_seconds=1273.01 bootstraps=62
node=671/7910 op=scatter seconds=117.575 eta_seconds=1268.44 bootstraps=62
node=691/7910 op=mul seconds=119.817 eta_seconds=1251.75 bootstraps=62
node=701/7910 op=mul seconds=122.906 eta_seconds=1263.95 bootstraps=64
node=711/7910 op=scatter seconds=126.42 eta_seconds=1280.02 bootstraps=66
node=721/7910 op=gather seconds=129.471 eta_seconds=1290.93 bootstraps=68
node=741/7910 op=cheb seconds=132.529 eta_seconds=1282.19 bootstraps=70
node=751/7910 op=sum seconds=132.824 eta_seconds=1266.16 bootstraps=70
node=761/7910 op=addp seconds=133.045 eta_seconds=1249.85 bootstraps=70
node=771/7910 op=scatter seconds=135.694 eta_seconds=1256.44 bootstraps=72
node=781/7910 op=mul seconds=138.481 eta_seconds=1264.06 bootstraps=72
node=791/7910 op=scatter seconds=139.921 eta_seconds=1259.29 bootstraps=72
node=801/7910 op=sum seconds=140.668 eta_seconds=1248.45 bootstraps=72
node=811/7910 op=scatter seconds=144.004 eta_seconds=1260.53 bootstraps=74
node=821/7910 op=gather seconds=145.276 eta_seconds=1254.4 bootstraps=74
node=831/7910 op=cheb seconds=149.47 eta_seconds=1273.28 bootstraps=78
node=851/7910 op=repeat seconds=152.975 eta_seconds=1268.92 bootstraps=80
node=861/7910 op=addp seconds=153.713 eta_seconds=1258.45 bootstraps=80
node=871/7910 op=repeat seconds=157.033 eta_seconds=1269.06 bootstraps=84
node=881/7910 op=mul seconds=158.268 eta_seconds=1262.73 bootstraps=84
node=891/7910 op=scatter seconds=159.75 eta_seconds=1258.46 bootstraps=84
node=901/7910 op=mul seconds=160.727 eta_seconds=1250.31 bootstraps=84
node=921/7910 op=add seconds=165.008 eta_seconds=1252.16 bootstraps=86
node=931/7910 op=cheb seconds=168.184 eta_seconds=1260.75 bootstraps=88
node=941/7910 op=add seconds=171.79 eta_seconds=1272.27 bootstraps=90
node=951/7910 op=linear seconds=174.89 eta_seconds=1279.77 bootstraps=92
node=961/7910 op=cheb seconds=175.087 eta_seconds=1266.05 bootstraps=92
node=971/7910 op=add seconds=177.359 eta_seconds=1267.45 bootstraps=94
node=981/7910 op=mulp seconds=179.248 eta_seconds=1266.07 bootstraps=96
node=991/7910 op=addp seconds=180.913 eta_seconds=1263.11 bootstraps=98
node=1001/7910 op=mul seconds=182.092 eta_seconds=1256.82 bootstraps=98
node=1011/7910 op=gather seconds=184.18 eta_seconds=1256.83 bootstraps=98
node=1021/7910 op=add seconds=186.726 eta_seconds=1259.9 bootstraps=100
node=1031/7910 op=mulp seconds=187.977 eta_seconds=1254.21 bootstraps=100
node=1041/7910 op=add seconds=189.838 eta_seconds=1252.64 bootstraps=100
node=1051/7910 op=linear seconds=192.925 eta_seconds=1259.06 bootstraps=102
node=1061/7910 op=mulp seconds=195.392 eta_seconds=1261.3 bootstraps=104
node=1071/7910 op=gather seconds=198.451 eta_seconds=1267.23 bootstraps=106
node=1081/7910 op=cheb seconds=200.661 eta_seconds=1267.64 bootstraps=108
node=1091/7910 op=sum seconds=201.511 eta_seconds=1259.49 bootstraps=108
node=1101/7910 op=addp seconds=201.855 eta_seconds=1248.35 bootstraps=108
node=1111/7910 op=gather seconds=202.615 eta_seconds=1239.94 bootstraps=108
node=1121/7910 op=add seconds=205.229 eta_seconds=1242.91 bootstraps=110
node=1131/7910 op=add seconds=207.578 eta_seconds=1244.18 bootstraps=110
node=1141/7910 op=add seconds=209.444 eta_seconds=1242.53 bootstraps=110
node=1151/7910 op=repeat seconds=210.026 eta_seconds=1233.33 bootstraps=110
node=1161/7910 op=mulp seconds=213.194 eta_seconds=1239.31 bootstraps=112
node=1171/7910 op=mul seconds=215.898 eta_seconds=1242.47 bootstraps=114
node=1181/7910 op=mul seconds=218.552 eta_seconds=1245.24 bootstraps=116
node=1191/7910 op=gather seconds=220.039 eta_seconds=1241.35 bootstraps=116
node=1201/7910 op=mul seconds=222.857 eta_seconds=1244.92 bootstraps=118
node=1211/7910 op=repeat seconds=223.27 eta_seconds=1235.09 bootstraps=118
node=1221/7910 op=mulp seconds=223.5 eta_seconds=1224.4 bootstraps=118
node=1231/7910 op=add seconds=225.75 eta_seconds=1224.85 bootstraps=120
node=1241/7910 op=add seconds=227.891 eta_seconds=1224.66 bootstraps=120
node=1251/7910 op=scatter seconds=229.385 eta_seconds=1221 bootstraps=120
node=1271/7910 op=mul seconds=231.612 eta_seconds=1209.81 bootstraps=120
node=1281/7910 op=mul seconds=234.701 eta_seconds=1214.54 bootstraps=122
node=1291/7910 op=scatter seconds=238.213 eta_seconds=1221.33 bootstraps=124
node=1301/7910 op=gather seconds=241.287 eta_seconds=1225.72 bootstraps=126
node=1321/7910 op=cheb seconds=244.31 eta_seconds=1218.59 bootstraps=128
node=1331/7910 op=sum seconds=244.606 eta_seconds=1209.06 bootstraps=128
node=1341/7910 op=addp seconds=244.829 eta_seconds=1199.31 bootstraps=128
node=1351/7910 op=scatter seconds=247.421 eta_seconds=1201.21 bootstraps=130
node=1361/7910 op=mul seconds=250.122 eta_seconds=1203.56 bootstraps=130
node=1371/7910 op=scatter seconds=251.505 eta_seconds=1199.55 bootstraps=130
node=1381/7910 op=sum seconds=252.197 eta_seconds=1192.32 bootstraps=130
node=1391/7910 op=scatter seconds=256.744 eta_seconds=1203.24 bootstraps=134
node=1401/7910 op=gather seconds=258.089 eta_seconds=1199.07 bootstraps=134
node=1411/7910 op=cheb seconds=262.284 eta_seconds=1208.07 bootstraps=138
node=1421/7910 op=cheb seconds=263.034 eta_seconds=1201.15 bootstraps=138
node=1431/7910 op=gather seconds=266.484 eta_seconds=1206.53 bootstraps=138
node=1441/7910 op=repeat seconds=270.527 eta_seconds=1214.46 bootstraps=140
node=1451/7910 op=addp seconds=271.65 eta_seconds=1209.22 bootstraps=140
node=1461/7910 op=repeat seconds=272.482 eta_seconds=1202.76 bootstraps=140
node=1471/7910 op=mul seconds=273.517 eta_seconds=1197.26 bootstraps=140
node=1481/7910 op=scatter seconds=274.656 eta_seconds=1192.28 bootstraps=140
node=1491/7910 op=mul seconds=275.937 eta_seconds=1187.96 bootstraps=140
node=1501/7910 op=addp seconds=277.453 eta_seconds=1184.67 bootstraps=140
node=1511/7910 op=repeat seconds=279.747 eta_seconds=1184.71 bootstraps=142
node=1521/7910 op=mul seconds=281.09 eta_seconds=1180.73 bootstraps=142
node=1531/7910 op=mul seconds=283.854 eta_seconds=1182.69 bootstraps=144
node=1541/7910 op=scatter seconds=287.553 eta_seconds=1188.47 bootstraps=146
node=1551/7910 op=gather seconds=291.649 eta_seconds=1195.74 bootstraps=150
node=1561/7910 op=mul seconds=292.491 eta_seconds=1189.64 bootstraps=150
node=1571/7910 op=cheb seconds=296.295 eta_seconds=1195.55 bootstraps=154
node=1581/7910 op=sum seconds=296.623 eta_seconds=1187.43 bootstraps=154
node=1591/7910 op=addp seconds=296.862 eta_seconds=1179.05 bootstraps=154
node=1601/7910 op=scatter seconds=299.682 eta_seconds=1180.95 bootstraps=156
node=1611/7910 op=mul seconds=302.175 eta_seconds=1181.5 bootstraps=156
node=1621/7910 op=scatter seconds=303.425 eta_seconds=1177.2 bootstraps=156
node=1631/7910 op=mulp seconds=303.904 eta_seconds=1169.97 bootstraps=156
node=1641/7910 op=repeat seconds=306.69 eta_seconds=1171.63 bootstraps=158
node=1651/7910 op=mulp seconds=309.056 eta_seconds=1171.64 bootstraps=160
node=1661/7910 op=mul seconds=312.164 eta_seconds=1174.42 bootstraps=162
node=1671/7910 op=mul seconds=314.812 eta_seconds=1175.41 bootstraps=164
node=1681/7910 op=gather seconds=316.311 eta_seconds=1172.1 bootstraps=164
node=1691/7910 op=mul seconds=321.576 eta_seconds=1182.66 bootstraps=168
node=1701/7910 op=repeat seconds=321.998 eta_seconds=1175.36 bootstraps=168
node=1711/7910 op=mulp seconds=322.259 eta_seconds=1167.55 bootstraps=168
node=1721/7910 op=add seconds=322.831 eta_seconds=1160.96 bootstraps=168
node=1731/7910 op=add seconds=326.651 eta_seconds=1166.02 bootstraps=170
node=1741/7910 op=scatter seconds=328.139 eta_seconds=1162.72 bootstraps=170
node=1751/7910 op=mul seconds=329.661 eta_seconds=1159.55 bootstraps=170
node=1761/7910 op=add seconds=330.26 eta_seconds=1153.19 bootstraps=170
node=1771/7910 op=add seconds=333.835 eta_seconds=1157.21 bootstraps=172
node=1781/7910 op=linear_ref seconds=335.01 eta_seconds=1152.88 bootstraps=172
node=1791/7910 op=mulp seconds=337.673 eta_seconds=1153.67 bootstraps=174
node=1801/7910 op=gather seconds=340.419 eta_seconds=1154.7 bootstraps=176
node=1811/7910 op=cheb seconds=343.268 eta_seconds=1156.04 bootstraps=178
node=1821/7910 op=sum seconds=344.1 eta_seconds=1150.59 bootstraps=178
node=1831/7910 op=addp seconds=344.392 eta_seconds=1143.4 bootstraps=178
node=1841/7910 op=gather seconds=345.123 eta_seconds=1137.73 bootstraps=178
node=1851/7910 op=add seconds=347.873 eta_seconds=1138.72 bootstraps=180
node=1861/7910 op=add seconds=350.247 eta_seconds=1138.44 bootstraps=180
node=1871/7910 op=add seconds=352.142 eta_seconds=1136.6 bootstraps=180
node=1881/7910 op=sum seconds=352.503 eta_seconds=1129.85 bootstraps=180
node=1891/7910 op=add seconds=353.333 eta_seconds=1124.65 bootstraps=180
node=1901/7910 op=cheb seconds=357.923 eta_seconds=1131.38 bootstraps=184
node=1911/7910 op=add seconds=361.753 eta_seconds=1135.61 bootstraps=186
node=1921/7910 op=linear_ref seconds=364.485 eta_seconds=1136.34 bootstraps=188
node=1931/7910 op=cheb seconds=366.615 eta_seconds=1135.16 bootstraps=190
node=1941/7910 op=add seconds=369.817 eta_seconds=1137.27 bootstraps=192
node=1951/7910 op=mulp seconds=370.279 eta_seconds=1130.95 bootstraps=192
node=1961/7910 op=addp seconds=370.555 eta_seconds=1124.14 bootstraps=192
node=1971/7910 op=mul seconds=372.773 eta_seconds=1123.24 bootstraps=194
node=1981/7910 op=gather seconds=376.059 eta_seconds=1125.52 bootstraps=194
node=1991/7910 op=add seconds=376.825 eta_seconds=1120.26 bootstraps=194
node=2001/7910 op=mul seconds=377.995 eta_seconds=1116.23 bootstraps=194
node=2011/7910 op=sum seconds=378.893 eta_seconds=1111.43 bootstraps=194
node=2021/7910 op=scatter seconds=382.224 eta_seconds=1113.76 bootstraps=196
node=2031/7910 op=gather seconds=384.976 eta_seconds=1114.36 bootstraps=198
node=2041/7910 op=cheb seconds=389.223 eta_seconds=1119.23 bootstraps=202
node=2051/7910 op=gather seconds=390.725 eta_seconds=1116.17 bootstraps=202
node=2061/7910 op=repeat seconds=393.718 eta_seconds=1117.35 bootstraps=204
node=2071/7910 op=addp seconds=394.545 eta_seconds=1112.38 bootstraps=204
node=2081/7910 op=repeat seconds=394.952 eta_seconds=1106.28 bootstraps=204
node=2091/7910 op=mul seconds=395.561 eta_seconds=1100.8 bootstraps=204
node=2101/7910 op=scatter seconds=399.125 eta_seconds=1103.53 bootstraps=206
node=2111/7910 op=mul seconds=400.697 eta_seconds=1100.73 bootstraps=206
node=2121/7910 op=addp seconds=402.603 eta_seconds=1098.85 bootstraps=206
node=2131/7910 op=repeat seconds=403.201 eta_seconds=1093.43 bootstraps=206
node=2141/7910 op=mul seconds=403.94 eta_seconds=1088.43 bootstraps=206
node=2151/7910 op=mul seconds=407.036 eta_seconds=1089.78 bootstraps=208
node=2161/7910 op=scatter seconds=410.543 eta_seconds=1092.18 bootstraps=210
node=2171/7910 op=gather seconds=413.599 eta_seconds=1093.34 bootstraps=212
node=2181/7910 op=mul seconds=416.205 eta_seconds=1093.28 bootstraps=214
node=2191/7910 op=cheb seconds=417.39 eta_seconds=1089.48 bootstraps=214
node=2201/7910 op=sum seconds=417.683 eta_seconds=1083.39 bootstraps=214
node=2211/7910 op=addp seconds=417.9 eta_seconds=1077.17 bootstraps=214
node=2221/7910 op=scatter seconds=420.668 eta_seconds=1077.52 bootstraps=216
node=2231/7910 op=mul seconds=423.452 eta_seconds=1077.9 bootstraps=216
node=2241/7910 op=scatter seconds=424.9 eta_seconds=1074.86 bootstraps=216
node=2251/7910 op=mulp seconds=425.371 eta_seconds=1069.38 bootstraps=216
node=2261/7910 op=repeat seconds=426.494 eta_seconds=1065.58 bootstraps=216
node=2271/7910 op=mulp seconds=429.595 eta_seconds=1066.71 bootstraps=218
node=2281/7910 op=mul seconds=432.448 eta_seconds=1067.18 bootstraps=220
node=2291/7910 op=mul seconds=435.036 eta_seconds=1066.99 bootstraps=222
node=2301/7910 op=gather seconds=436.582 eta_seconds=1064.23 bootstraps=222
node=2311/7910 op=mul seconds=440.006 eta_seconds=1066.03 bootstraps=224
node=2321/7910 op=repeat seconds=441.996 eta_seconds=1064.33 bootstraps=226
node=2331/7910 op=mulp seconds=443.652 eta_seconds=1061.83 bootstraps=228
node=2341/7910 op=add seconds=444.862 eta_seconds=1058.28 bootstraps=228
node=2351/7910 op=add seconds=446.731 eta_seconds=1056.31 bootstraps=228
node=2361/7910 op=scatter seconds=449.238 eta_seconds=1055.83 bootstraps=230
node=2371/7910 op=mul seconds=450.981 eta_seconds=1053.56 bootstraps=230
node=2381/7910 op=add seconds=451.566 eta_seconds=1048.6 bootstraps=230
node=2391/7910 op=add seconds=455.132 eta_seconds=1050.55 bootstraps=232
node=2401/7910 op=linear_ref seconds=456.221 eta_seconds=1046.78 bootstraps=232
node=2411/7910 op=mulp seconds=458.894 eta_seconds=1046.64 bootstraps=234
node=2421/7910 op=gather seconds=461.971 eta_seconds=1047.4 bootstraps=236
node=2431/7910 op=cheb seconds=466.084 eta_seconds=1050.46 bootstraps=240
node=2441/7910 op=sum seconds=468.426 eta_seconds=1049.5 bootstraps=242
node=2451/7910 op=addp seconds=470.005 eta_seconds=1046.82 bootstraps=244
node=2461/7910 op=gather seconds=472.762 eta_seconds=1046.76 bootstraps=246
node=2471/7910 op=add seconds=473.257 eta_seconds=1041.7 bootstraps=246
node=2481/7910 op=add seconds=474.8 eta_seconds=1038.97 bootstraps=246
node=2491/7910 op=add seconds=478.558 eta_seconds=1041.07 bootstraps=248
node=2501/7910 op=sum seconds=479.06 eta_seconds=1036.08 bootstraps=248
node=2511/7910 op=add seconds=480.218 eta_seconds=1032.54 bootstraps=248
node=2521/7910 op=cheb seconds=482.851 eta_seconds=1032.16 bootstraps=250
node=2531/7910 op=add seconds=486.779 eta_seconds=1034.52 bootstraps=252
node=2541/7910 op=linear_ref seconds=489.857 eta_seconds=1035.04 bootstraps=254
node=2551/7910 op=cheb seconds=492.028 eta_seconds=1033.63 bootstraps=256
node=2561/7910 op=add seconds=495.972 eta_seconds=1035.91 bootstraps=258
node=2571/7910 op=mulp seconds=496.447 eta_seconds=1030.93 bootstraps=258
node=2581/7910 op=addp seconds=496.783 eta_seconds=1025.71 bootstraps=258
node=2591/7910 op=mul seconds=499.008 eta_seconds=1024.4 bootstraps=260
node=2601/7910 op=gather seconds=502.309 eta_seconds=1025.28 bootstraps=260
node=2611/7910 op=add seconds=503.066 eta_seconds=1020.97 bootstraps=260
node=2621/7910 op=mul seconds=504.253 eta_seconds=1017.55 bootstraps=260
node=2631/7910 op=sum seconds=505.152 eta_seconds=1013.57 bootstraps=260
node=2641/7910 op=scatter seconds=508.547 eta_seconds=1014.59 bootstraps=262
node=2651/7910 op=gather seconds=509.726 eta_seconds=1011.18 bootstraps=262
node=2661/7910 op=cheb seconds=513.984 eta_seconds=1013.87 bootstraps=266
node=2671/7910 op=gather seconds=515.509 eta_seconds=1011.14 bootstraps=266
node=2681/7910 op=repeat seconds=518.574 eta_seconds=1011.42 bootstraps=268
node=2691/7910 op=addp seconds=519.383 eta_seconds=1007.31 bootstraps=268
node=2701/7910 op=repeat seconds=519.761 eta_seconds=1002.38 bootstraps=268
node=2711/7910 op=mul seconds=522.16 eta_seconds=1001.37 bootstraps=270
node=2721/7910 op=scatter seconds=523.917 eta_seconds=999.119 bootstraps=270
node=2731/7910 op=mul seconds=525.51 eta_seconds=996.564 bootstraps=270
node=2741/7910 op=addp seconds=527.431 eta_seconds=994.635 bootstraps=270
node=2751/7910 op=repeat seconds=528.037 eta_seconds=990.236 bootstraps=270
node=2761/7910 op=mul seconds=528.802 eta_seconds=986.166 bootstraps=270
node=2771/7910 op=mul seconds=531.928 eta_seconds=986.495 bootstraps=272
node=2781/7910 op=scatter seconds=535.514 eta_seconds=987.648 bootstraps=274
node=2791/7910 op=gather seconds=538.563 eta_seconds=987.784 bootstraps=276
node=2801/7910 op=mul seconds=541.195 eta_seconds=987.135 bootstraps=278
node=2811/7910 op=cheb seconds=542.362 eta_seconds=983.814 bootstraps=278
node=2821/7910 op=sum seconds=542.662 eta_seconds=978.946 bootstraps=278
node=2831/7910 op=addp seconds=542.888 eta_seconds=973.977 bootstraps=278
node=2841/7910 op=scatter seconds=545.68 eta_seconds=973.62 bootstraps=280
node=2851/7910 op=mul seconds=548.548 eta_seconds=973.379 bootstraps=280
node=2861/7910 op=scatter seconds=550.034 eta_seconds=970.682 bootstraps=280
node=2871/7910 op=mulp seconds=550.517 eta_seconds=966.233 bootstraps=280
node=2881/7910 op=repeat seconds=551.668 eta_seconds=962.977 bootstraps=280
node=2891/7910 op=mulp seconds=556.133 eta_seconds=965.49 bootstraps=284
node=2901/7910 op=mul seconds=559.288 eta_seconds=965.692 bootstraps=286
node=2911/7910 op=mul seconds=561.84 eta_seconds=964.836 bootstraps=288
client_token=315 logit_margin=1.89746
node=2921/7910 op=mul seconds=562.789 eta_seconds=961.23 bootstraps=288
node=2931/7910 op=gather seconds=566.427 eta_seconds=962.21 bootstraps=288
node=2941/7910 op=mul seconds=570.97 eta_seconds=964.688 bootstraps=290
node=2951/7910 op=repeat seconds=571.897 eta_seconds=961.043 bootstraps=290
node=2961/7910 op=mulp seconds=572.409 eta_seconds=956.722 bootstraps=290
node=2971/7910 op=add seconds=573.451 eta_seconds=953.306 bootstraps=290
node=2981/7910 op=add seconds=574.982 eta_seconds=950.717 bootstraps=290
node=2991/7910 op=scatter seconds=576.217 eta_seconds=947.647 bootstraps=290
node=3001/7910 op=mul seconds=577.495 eta_seconds=944.66 bootstraps=290
node=3011/7910 op=mul seconds=579.819 eta_seconds=943.385 bootstraps=292
node=3021/7910 op=mul seconds=581.501 eta_seconds=941.065 bootstraps=292
node=3031/7910 op=sum seconds=583.453 eta_seconds=939.184 bootstraps=292
node=3041/7910 op=cheb seconds=587.925 eta_seconds=941.337 bootstraps=296
node=3051/7910 op=repeat seconds=590.586 eta_seconds=940.562 bootstraps=298
node=3061/7910 op=gather seconds=591.817 eta_seconds=937.51 bootstraps=298
node=3071/7910 op=repeat seconds=595.244 eta_seconds=937.931 bootstraps=300
node=3081/7910 op=cheb seconds=595.723 eta_seconds=933.706 bootstraps=300
node=3091/7910 op=mul seconds=595.991 eta_seconds=929.176 bootstraps=300
node=3101/7910 op=mulp seconds=598.336 eta_seconds=927.894 bootstraps=302
node=3111/7910 op=scatter seconds=600.507 eta_seconds=926.337 bootstraps=302
node=3121/7910 op=add seconds=601.659 eta_seconds=923.213 bootstraps=302
node=3131/7910 op=mul seconds=603.572 eta_seconds=921.261 bootstraps=302
node=3141/7910 op=repeat seconds=604.181 eta_seconds=917.331 bootstraps=302
node=3151/7910 op=sum seconds=605.074 eta_seconds=913.852 bootstraps=302
node=3161/7910 op=scatter seconds=608.516 eta_seconds=914.217 bootstraps=304
node=3171/7910 op=gather seconds=611.322 eta_seconds=913.61 bootstraps=306
node=3181/7910 op=cheb seconds=615.575 eta_seconds=915.138 bootstraps=310
node=3191/7910 op=gather seconds=617.102 eta_seconds=912.599 bootstraps=310
node=3201/7910 op=repeat seconds=621.873 eta_seconds=914.839 bootstraps=314
node=3211/7910 op=addp seconds=622.698 eta_seconds=911.26 bootstraps=314
node=3221/7910 op=repeat seconds=623.106 eta_seconds=907.093 bootstraps=314
node=3231/7910 op=mul seconds=623.721 eta_seconds=903.246 bootstraps=314
node=3241/7910 op=scatter seconds=627.161 eta_seconds=903.491 bootstraps=316
node=3251/7910 op=mul seconds=628.742 eta_seconds=901.049 bootstraps=316
node=3261/7910 op=addp seconds=630.657 eta_seconds=899.087 bootstraps=316
node=3271/7910 op=mul seconds=631.004 eta_seconds=894.903 bootstraps=316
node=3281/7910 op=mul seconds=631.867 eta_seconds=891.469 bootstraps=316
node=3291/7910 op=mul seconds=635.529 eta_seconds=891.981 bootstraps=318
node=3301/7910 op=gather seconds=636.689 eta_seconds=888.972 bootstraps=318
node=3311/7910 op=addp seconds=639.361 eta_seconds=888.077 bootstraps=320
node=3321/7910 op=gather seconds=642.091 eta_seconds=887.25 bootstraps=322
node=3331/7910 op=cheb seconds=645.116 eta_seconds=886.817 bootstraps=324
node=3341/7910 op=mulp seconds=645.786 eta_seconds=883.148 bootstraps=324
node=3351/7910 op=cheb seconds=646.173 eta_seconds=879.111 bootstraps=324
node=3361/7910 op=mul seconds=649.036 eta_seconds=878.448 bootstraps=326
node=3371/7910 op=gather seconds=650.244 eta_seconds=875.543 bootstraps=326
node=3381/7910 op=mul seconds=652.094 eta_seconds=873.509 bootstraps=326
node=3391/7910 op=mulp seconds=653.998 eta_seconds=871.547 bootstraps=326
node=3401/7910 op=sum seconds=654.36 eta_seconds=867.541 bootstraps=326
node=3411/7910 op=add seconds=655.217 eta_seconds=864.21 bootstraps=326
node=3421/7910 op=add seconds=658.864 eta_seconds=864.555 bootstraps=328
node=3431/7910 op=linear_ref seconds=661.604 eta_seconds=863.692 bootstraps=330
node=3441/7910 op=mulp seconds=664.277 eta_seconds=862.73 bootstraps=332
node=3451/7910 op=gather seconds=667.009 eta_seconds=861.835 bootstraps=334
node=3461/7910 op=cheb seconds=671.803 eta_seconds=863.581 bootstraps=338
node=3471/7910 op=sum seconds=672.578 eta_seconds=860.148 bootstraps=338
node=3481/7910 op=addp seconds=672.927 eta_seconds=856.188 bootstraps=338
node=3491/7910 op=gather seconds=673.662 eta_seconds=852.74 bootstraps=338
node=3501/7910 op=add seconds=676.276 eta_seconds=851.671 bootstraps=340
node=3511/7910 op=add seconds=678.651 eta_seconds=850.295 bootstraps=340
node=3521/7910 op=add seconds=680.555 eta_seconds=848.326 bootstraps=340
node=3531/7910 op=mul seconds=680.61 eta_seconds=844.064 bootstraps=340
node=3541/7910 op=mul seconds=681.767 eta_seconds=841.186 bootstraps=340
node=3551/7910 op=linear_ref seconds=685.531 eta_seconds=841.518 bootstraps=342
node=3561/7910 op=mulp seconds=687.136 eta_seconds=839.189 bootstraps=344
node=3571/7910 op=sum seconds=690.937 eta_seconds=839.534 bootstraps=346
node=3581/7910 op=gather seconds=694.02 eta_seconds=838.987 bootstraps=348
node=3591/7910 op=cheb seconds=696.683 eta_seconds=837.921 bootstraps=350
node=3601/7910 op=mul seconds=697.797 eta_seconds=834.992 bootstraps=350
node=3611/7910 op=mulp seconds=698.106 eta_seconds=831.116 bootstraps=350
node=3621/7910 op=gather seconds=698.62 eta_seconds=827.501 bootstraps=350
node=3631/7910 op=scatter seconds=701.663 eta_seconds=826.884 bootstraps=352
node=3641/7910 op=mulp seconds=704.035 eta_seconds=825.467 bootstraps=352
node=3651/7910 op=scatter seconds=705.949 eta_seconds=823.51 bootstraps=352
node=3661/7910 op=mulp seconds=706.005 eta_seconds=819.397 bootstraps=352
node=3671/7910 op=repeat seconds=707.158 eta_seconds=816.574 bootstraps=352
node=3681/7910 op=mul seconds=707.918 eta_seconds=813.308 bootstraps=352
node=3691/7910 op=mul seconds=711.049 eta_seconds=812.765 bootstraps=354
node=3701/7910 op=scatter seconds=714.618 eta_seconds=812.706 bootstraps=356
node=3711/7910 op=gather seconds=717.709 eta_seconds=812.088 bootstraps=358
node=3721/7910 op=mul seconds=720.325 eta_seconds=810.923 bootstraps=360
node=3731/7910 op=cheb seconds=721.521 eta_seconds=808.158 bootstraps=360
node=3741/7910 op=sum seconds=721.825 eta_seconds=804.408 bootstraps=360
node=3751/7910 op=addp seconds=723.689 eta_seconds=802.406 bootstraps=362
node=3761/7910 op=scatter seconds=725.225 eta_seconds=800.042 bootstraps=362
node=3771/7910 op=mul seconds=727.889 eta_seconds=798.921 bootstraps=362
node=3781/7910 op=scatter seconds=729.368 eta_seconds=796.498 bootstraps=362
node=3791/7910 op=add seconds=729.842 eta_seconds=792.989 bootstraps=362
node=3801/7910 op=mul seconds=730.755 eta_seconds=789.97 bootstraps=362
node=3811/7910 op=cheb seconds=731.784 eta_seconds=787.086 bootstraps=362
node=3821/7910 op=repeat seconds=736.238 eta_seconds=787.876 bootstraps=366
node=3831/7910 op=mul seconds=740.108 eta_seconds=788.018 bootstraps=368
node=3841/7910 op=gather seconds=743.194 eta_seconds=787.31 bootstraps=370
node=3851/7910 op=cheb seconds=745.843 eta_seconds=786.127 bootstraps=372
node=3861/7910 op=cheb seconds=746.856 eta_seconds=783.222 bootstraps=372
node=3871/7910 op=mul seconds=748.774 eta_seconds=781.27 bootstraps=374
node=3881/7910 op=repeat seconds=750.493 eta_seconds=779.112 bootstraps=376
node=3891/7910 op=add seconds=751.664 eta_seconds=776.391 bootstraps=376
node=3901/7910 op=mul seconds=754.114 eta_seconds=774.991 bootstraps=376
node=3911/7910 op=gather seconds=757.036 eta_seconds=774.069 bootstraps=378
node=3921/7910 op=mul seconds=757.891 eta_seconds=771.034 bootstraps=378
node=3931/7910 op=sum seconds=758.783 eta_seconds=768.048 bootstraps=378
node=3941/7910 op=add seconds=759.644 eta_seconds=765.041 bootstraps=378
node=3951/7910 op=cheb seconds=762.846 eta_seconds=764.391 bootstraps=380
node=3961/7910 op=add seconds=766.424 eta_seconds=764.102 bootstraps=382
node=3971/7910 op=linear_ref seconds=769.507 eta_seconds=763.306 bootstraps=384
node=3981/7910 op=cheb seconds=769.725 eta_seconds=759.671 bootstraps=384
node=3991/7910 op=add seconds=775.742 eta_seconds=761.747 bootstraps=390
node=4001/7910 op=mulp seconds=777.583 eta_seconds=759.704 bootstraps=392
node=4011/7910 op=addp seconds=779.247 eta_seconds=757.488 bootstraps=394
node=4021/7910 op=mul seconds=780.414 eta_seconds=754.795 bootstraps=394
node=4031/7910 op=gather seconds=782.485 eta_seconds=752.98 bootstraps=394
node=4041/7910 op=add seconds=785.024 eta_seconds=751.61 bootstraps=396
node=4051/7910 op=mul seconds=786.306 eta_seconds=749.038 bootstraps=396
node=4061/7910 op=mul seconds=787.118 eta_seconds=746.027 bootstraps=396
node=4071/7910 op=mul seconds=788.711 eta_seconds=743.764 bootstraps=396
node=4081/7910 op=addp seconds=789.801 eta_seconds=741.032 bootstraps=396
node=4091/7910 op=linear_ref seconds=795.275 eta_seconds=742.399 bootstraps=400
node=4101/7910 op=mulp seconds=796.953 eta_seconds=740.208 bootstraps=402
node=4111/7910 op=addp seconds=798.46 eta_seconds=737.862 bootstraps=402
node=4121/7910 op=mulp seconds=804.475 eta_seconds=739.664 bootstraps=406
node=4131/7910 op=mul seconds=804.934 eta_seconds=736.346 bootstraps=406
node=4141/7910 op=repeat seconds=805.256 eta_seconds=732.918 bootstraps=406
node=4151/7910 op=mul seconds=807.46 eta_seconds=731.207 bootstraps=408
node=4161/7910 op=gather seconds=810.189 eta_seconds=729.968 bootstraps=408
node=4171/7910 op=scatter seconds=811.513 eta_seconds=727.462 bootstraps=408
node=4181/7910 op=mul seconds=812.7 eta_seconds=724.84 bootstraps=408
node=4191/7910 op=add seconds=813.31 eta_seconds=721.713 bootstraps=408
node=4201/7910 op=repeat seconds=814.468 eta_seconds=719.082 bootstraps=408
node=4211/7910 op=mulp seconds=817.674 eta_seconds=718.256 bootstraps=410
node=4221/7910 op=mul seconds=820.414 eta_seconds=717.012 bootstraps=412
node=4231/7910 op=mul seconds=823.052 eta_seconds=715.672 bootstraps=414
node=4241/7910 op=gather seconds=824.532 eta_seconds=713.324 bootstraps=414
node=4251/7910 op=mul seconds=828.075 eta_seconds=712.756 bootstraps=416
node=4261/7910 op=repeat seconds=828.478 eta_seconds=709.485 bootstraps=416
node=4271/7910 op=mulp seconds=828.704 eta_seconds=706.077 bootstraps=416
node=4281/7910 op=add seconds=831.046 eta_seconds=704.477 bootstraps=418
node=4291/7910 op=add seconds=833.186 eta_seconds=702.703 bootstraps=418
node=4301/7910 op=scatter seconds=834.684 eta_seconds=700.39 bootstraps=418
node=4311/7910 op=mul seconds=836.207 eta_seconds=698.1 bootstraps=418
node=4321/7910 op=mul seconds=836.799 eta_seconds=695.041 bootstraps=418
node=4331/7910 op=mul seconds=837.671 eta_seconds=692.224 bootstraps=418
node=4341/7910 op=sum seconds=841.014 eta_seconds=691.449 bootstraps=420
node=4351/7910 op=cheb seconds=843.745 eta_seconds=690.161 bootstraps=422
node=4361/7910 op=repeat seconds=846.377 eta_seconds=688.785 bootstraps=424
node=4371/7910 op=gather seconds=847.852 eta_seconds=686.467 bootstraps=424
node=4381/7910 op=repeat seconds=851.357 eta_seconds=685.788 bootstraps=426
node=4391/7910 op=cheb seconds=851.777 eta_seconds=682.624 bootstraps=426
node=4401/7910 op=mul seconds=852.01 eta_seconds=679.323 bootstraps=426
node=4411/7910 op=mulp seconds=852.617 eta_seconds=676.334 bootstraps=426
node=4421/7910 op=scatter seconds=856.598 eta_seconds=676.017 bootstraps=428
node=4431/7910 op=add seconds=857.755 eta_seconds=673.467 bootstraps=428
node=4441/7910 op=mul seconds=859.66 eta_seconds=671.507 bootstraps=428
node=4451/7910 op=repeat seconds=860.262 eta_seconds=668.535 bootstraps=428
node=4461/7910 op=sum seconds=861.149 eta_seconds=665.793 bootstraps=428
node=4471/7910 op=scatter seconds=865.831 eta_seconds=665.979 bootstraps=432
node=4481/7910 op=gather seconds=867.277 eta_seconds=663.667 bootstraps=432
node=4491/7910 op=cheb seconds=871.583 eta_seconds=663.537 bootstraps=436
client_token=279 logit_margin=2.90219
node=4501/7910 op=cheb seconds=872.468 eta_seconds=660.796 bootstraps=436
node=4511/7910 op=gather seconds=876.204 eta_seconds=660.212 bootstraps=436
node=4521/7910 op=repeat seconds=880.291 eta_seconds=659.877 bootstraps=438
node=4531/7910 op=addp seconds=881.455 eta_seconds=657.346 bootstraps=438
node=4541/7910 op=repeat seconds=882.308 eta_seconds=654.59 bootstraps=438
node=4551/7910 op=mul seconds=883.384 eta_seconds=652.007 bootstraps=438
node=4561/7910 op=scatter seconds=884.586 eta_seconds=649.524 bootstraps=438
node=4571/7910 op=mul seconds=885.916 eta_seconds=647.139 bootstraps=438
node=4581/7910 op=addp seconds=887.503 eta_seconds=644.946 bootstraps=438
node=4591/7910 op=sum seconds=887.794 eta_seconds=641.818 bootstraps=438
node=4601/7910 op=add seconds=890.959 eta_seconds=640.77 bootstraps=440
node=4611/7910 op=repeat seconds=893.162 eta_seconds=639.025 bootstraps=440
node=4621/7910 op=mulp seconds=894.649 eta_seconds=636.767 bootstraps=440
node=4631/7910 op=mul seconds=899.151 eta_seconds=636.648 bootstraps=444
node=4641/7910 op=mul seconds=901.867 eta_seconds=635.252 bootstraps=446
node=4651/7910 op=gather seconds=903.143 eta_seconds=632.841 bootstraps=446
node=4661/7910 op=mul seconds=906.56 eta_seconds=631.928 bootstraps=448
node=4671/7910 op=repeat seconds=907.051 eta_seconds=628.974 bootstraps=448
node=4681/7910 op=mulp seconds=907.317 eta_seconds=625.876 bootstraps=448
node=4691/7910 op=add seconds=909.67 eta_seconds=624.222 bootstraps=450
node=4701/7910 op=add seconds=911.889 eta_seconds=622.474 bootstraps=450
node=4711/7910 op=scatter seconds=913.449 eta_seconds=620.276 bootstraps=450
node=4721/7910 op=mul seconds=915.035 eta_seconds=618.099 bootstraps=450
node=4731/7910 op=repeat seconds=915.665 eta_seconds=615.282 bootstraps=450
node=4741/7910 op=sum seconds=916.584 eta_seconds=612.667 bootstraps=450
node=4751/7910 op=add seconds=917.461 eta_seconds=610.032 bootstraps=450
node=4761/7910 op=cheb seconds=922.274 eta_seconds=610.007 bootstraps=454
node=4771/7910 op=add seconds=926.177 eta_seconds=609.362 bootstraps=456
node=4781/7910 op=linear_ref seconds=929.302 eta_seconds=608.196 bootstraps=458
node=4791/7910 op=cheb seconds=929.489 eta_seconds=605.109 bootstraps=458
node=4801/7910 op=add seconds=934.732 eta_seconds=605.308 bootstraps=462
node=4811/7910 op=mulp seconds=935.173 eta_seconds=602.391 bootstraps=462
node=4821/7910 op=addp seconds=935.458 eta_seconds=599.384 bootstraps=462
node=4831/7910 op=mul seconds=936.049 eta_seconds=596.584 bootstraps=462
node=4841/7910 op=gather seconds=941.125 eta_seconds=596.635 bootstraps=464
node=4851/7910 op=add seconds=941.911 eta_seconds=593.961 bootstraps=464
node=4861/7910 op=mul seconds=943.123 eta_seconds=591.562 bootstraps=464
node=4871/7910 op=add seconds=943.74 eta_seconds=588.796 bootstraps=464
node=4881/7910 op=repeat seconds=944.933 eta_seconds=586.397 bootstraps=464
node=4891/7910 op=mul seconds=945.71 eta_seconds=583.746 bootstraps=464
node=4901/7910 op=mul seconds=948.98 eta_seconds=582.632 bootstraps=466
node=4911/7910 op=scatter seconds=952.595 eta_seconds=581.721 bootstraps=468
node=4921/7910 op=gather seconds=955.38 eta_seconds=580.295 bootstraps=470
node=4931/7910 op=mul seconds=958.047 eta_seconds=578.792 bootstraps=472
node=4941/7910 op=cheb seconds=959.069 eta_seconds=576.296 bootstraps=472
node=4951/7910 op=sum seconds=959.368 eta_seconds=573.373 bootstraps=472
node=4961/7910 op=addp seconds=959.602 eta_seconds=570.423 bootstraps=472
node=4971/7910 op=scatter seconds=962.458 eta_seconds=569.033 bootstraps=474
node=4981/7910 op=mul seconds=965.378 eta_seconds=567.676 bootstraps=474
node=4991/7910 op=scatter seconds=966.857 eta_seconds=565.469 bootstraps=474
node=5001/7910 op=mul seconds=967.337 eta_seconds=562.684 bootstraps=474
node=5011/7910 op=sum seconds=968.274 eta_seconds=560.173 bootstraps=474
node=5021/7910 op=add seconds=969.138 eta_seconds=557.626 bootstraps=474
node=5031/7910 op=add seconds=972.935 eta_seconds=556.764 bootstraps=476
node=5041/7910 op=linear_ref seconds=975.715 eta_seconds=555.312 bootstraps=478
node=5051/7910 op=mulp seconds=978.422 eta_seconds=553.813 bootstraps=480
node=5061/7910 op=gather seconds=981.199 eta_seconds=552.348 bootstraps=482
node=5071/7910 op=cheb seconds=985.962 eta_seconds=551.991 bootstraps=486
node=5081/7910 op=sum seconds=986.756 eta_seconds=549.406 bootstraps=486
node=5091/7910 op=addp seconds=987.107 eta_seconds=546.583 bootstraps=486
node=5101/7910 op=gather seconds=987.831 eta_seconds=543.975 bootstraps=486
node=5111/7910 op=add seconds=990.459 eta_seconds=542.417 bootstraps=488
node=5121/7910 op=add seconds=992.874 eta_seconds=540.739 bootstraps=488
node=5131/7910 op=add seconds=994.828 eta_seconds=538.809 bootstraps=488
node=5141/7910 op=mulp seconds=994.885 eta_seconds=535.856 bootstraps=488
node=5151/7910 op=repeat seconds=996.077 eta_seconds=533.523 bootstraps=488
node=5161/7910 op=sum seconds=996.992 eta_seconds=531.046 bootstraps=488
node=5171/7910 op=scatter seconds=1000.47 eta_seconds=529.934 bootstraps=490
node=5181/7910 op=gather seconds=1003.25 eta_seconds=528.444 bootstraps=492
node=5191/7910 op=cheb seconds=1007.56 eta_seconds=527.749 bootstraps=496
node=5201/7910 op=gather seconds=1009.13 eta_seconds=525.618 bootstraps=496
node=5211/7910 op=repeat seconds=1012.15 eta_seconds=524.235 bootstraps=498
node=5221/7910 op=addp seconds=1012.98 eta_seconds=521.722 bootstraps=498
node=5231/7910 op=repeat seconds=1013.39 eta_seconds=518.997 bootstraps=498
node=5241/7910 op=mul seconds=1014.01 eta_seconds=516.388 bootstraps=498
node=5251/7910 op=scatter seconds=1017.62 eta_seconds=515.301 bootstraps=500
node=5261/7910 op=mul seconds=1019.18 eta_seconds=513.173 bootstraps=500
node=5271/7910 op=addp seconds=1021.08 eta_seconds=511.218 bootstraps=500
node=5281/7910 op=sum seconds=1021.43 eta_seconds=508.493 bootstraps=500
node=5291/7910 op=add seconds=1022.25 eta_seconds=506.005 bootstraps=500
node=5301/7910 op=repeat seconds=1023.38 eta_seconds=503.676 bootstraps=500
node=5311/7910 op=mulp seconds=1026.63 eta_seconds=502.391 bootstraps=502
node=5321/7910 op=mul seconds=1029.39 eta_seconds=500.864 bootstraps=504
node=5331/7910 op=mul seconds=1032.11 eta_seconds=499.309 bootstraps=506
node=5341/7910 op=gather seconds=1033.66 eta_seconds=497.188 bootstraps=506
node=5351/7910 op=mul seconds=1037.26 eta_seconds=496.048 bootstraps=508
node=5361/7910 op=repeat seconds=1037.68 eta_seconds=493.389 bootstraps=508
node=5371/7910 op=mulp seconds=1037.92 eta_seconds=490.649 bootstraps=508
node=5381/7910 op=add seconds=1040.37 eta_seconds=488.958 bootstraps=510
node=5391/7910 op=add seconds=1042.59 eta_seconds=487.159 bootstraps=510
node=5401/7910 op=scatter seconds=1044.15 eta_seconds=485.052 bootstraps=510
node=5411/7910 op=mul seconds=1045.74 eta_seconds=482.964 bootstraps=510
node=5421/7910 op=repeat seconds=1046.37 eta_seconds=480.431 bootstraps=510
node=5431/7910 op=sum seconds=1047.29 eta_seconds=478.04 bootstraps=510
node=5441/7910 op=add seconds=1048.15 eta_seconds=475.625 bootstraps=510
node=5451/7910 op=cheb seconds=1051.53 eta_seconds=474.357 bootstraps=512
node=5461/7910 op=add seconds=1055.38 eta_seconds=473.286 bootstraps=514
node=5471/7910 op=linear_ref seconds=1058.55 eta_seconds=471.907 bootstraps=516
node=5481/7910 op=cheb seconds=1058.76 eta_seconds=469.207 bootstraps=516
node=5491/7910 op=add seconds=1062.16 eta_seconds=467.922 bootstraps=518
node=5501/7910 op=mulp seconds=1064.16 eta_seconds=466.016 bootstraps=520
node=5511/7910 op=addp seconds=1065.88 eta_seconds=463.988 bootstraps=522
node=5521/7910 op=mul seconds=1067.09 eta_seconds=461.743 bootstraps=522
node=5531/7910 op=gather seconds=1069.62 eta_seconds=460.065 bootstraps=522
node=5541/7910 op=add seconds=1072.09 eta_seconds=458.362 bootstraps=524
node=5551/7910 op=mul seconds=1073.32 eta_seconds=456.128 bootstraps=524
node=5561/7910 op=add seconds=1073.89 eta_seconds=453.617 bootstraps=524
node=5571/7910 op=repeat seconds=1074.98 eta_seconds=451.334 bootstraps=524
node=5581/7910 op=mul seconds=1077.02 eta_seconds=449.449 bootstraps=526
node=5591/7910 op=mul seconds=1078.68 eta_seconds=447.409 bootstraps=526
node=5601/7910 op=scatter seconds=1082.15 eta_seconds=446.112 bootstraps=528
node=5611/7910 op=gather seconds=1085.18 eta_seconds=444.633 bootstraps=530
node=5621/7910 op=mul seconds=1087.8 eta_seconds=442.978 bootstraps=532
node=5631/7910 op=cheb seconds=1091.66 eta_seconds=441.821 bootstraps=536
node=5641/7910 op=sum seconds=1093.24 eta_seconds=439.74 bootstraps=538
node=5651/7910 op=addp seconds=1094.9 eta_seconds=437.689 bootstraps=540
node=5661/7910 op=scatter seconds=1096.24 eta_seconds=435.515 bootstraps=540
node=5671/7910 op=mul seconds=1097.99 eta_seconds=433.502 bootstraps=540
node=5681/7910 op=scatter seconds=1101.25 eta_seconds=432.088 bootstraps=542
node=5691/7910 op=mul seconds=1101.72 eta_seconds=429.574 bootstraps=542
node=5701/7910 op=sum seconds=1102.87 eta_seconds=427.335 bootstraps=542
node=5711/7910 op=add seconds=1103.97 eta_seconds=425.079 bootstraps=542
node=5721/7910 op=add seconds=1105.7 eta_seconds=423.068 bootstraps=542
node=5731/7910 op=linear_ref seconds=1108.65 eta_seconds=421.524 bootstraps=544
node=5741/7910 op=mulp seconds=1111.3 eta_seconds=419.859 bootstraps=546
node=5751/7910 op=gather seconds=1114.31 eta_seconds=418.327 bootstraps=548
node=5761/7910 op=cheb seconds=1119.68 eta_seconds=417.67 bootstraps=552
node=5771/7910 op=sum seconds=1120.5 eta_seconds=415.31 bootstraps=552
node=5781/7910 op=addp seconds=1120.84 eta_seconds=412.776 bootstraps=552
node=5791/7910 op=gather seconds=1121.57 eta_seconds=410.397 bootstraps=552
node=5801/7910 op=add seconds=1124.13 eta_seconds=408.685 bootstraps=554
node=5811/7910 op=add seconds=1126.4 eta_seconds=406.868 bootstraps=554
node=5821/7910 op=add seconds=1128.22 eta_seconds=404.888 bootstraps=554
node=5831/7910 op=mulp seconds=1128.27 eta_seconds=402.278 bootstraps=554
node=5841/7910 op=repeat seconds=1129.36 eta_seconds=400.043 bootstraps=554
node=5851/7910 op=sum seconds=1130.2 eta_seconds=397.724 bootstraps=554
node=5861/7910 op=scatter seconds=1133.62 eta_seconds=396.314 bootstraps=556
node=5871/7910 op=gather seconds=1134.72 eta_seconds=394.09 bootstraps=556
node=5881/7910 op=cheb seconds=1138.92 eta_seconds=392.939 bootstraps=560
node=5891/7910 op=gather seconds=1140.38 eta_seconds=390.837 bootstraps=560
node=5901/7910 op=repeat seconds=1143.4 eta_seconds=389.271 bootstraps=562
node=5911/7910 op=addp seconds=1144.17 eta_seconds=386.938 bootstraps=562
node=5921/7910 op=repeat seconds=1144.53 eta_seconds=384.473 bootstraps=562
node=5931/7910 op=mul seconds=1146.87 eta_seconds=382.678 bootstraps=564
node=5941/7910 op=scatter seconds=1148.55 eta_seconds=380.659 bootstraps=564
node=5951/7910 op=mul seconds=1150.07 eta_seconds=378.588 bootstraps=564
node=5961/7910 op=addp seconds=1151.89 eta_seconds=376.62 bootstraps=564
node=5971/7910 op=sum seconds=1152.22 eta_seconds=374.167 bootstraps=564
node=5981/7910 op=add seconds=1153.02 eta_seconds=371.872 bootstraps=564
node=5991/7910 op=repeat seconds=1154.1 eta_seconds=369.674 bootstraps=564
node=6001/7910 op=mulp seconds=1157.25 eta_seconds=368.136 bootstraps=566
node=6011/7910 op=mul seconds=1159.92 eta_seconds=366.444 bootstraps=568
node=6021/7910 op=mul seconds=1162.52 eta_seconds=364.724 bootstraps=570
node=6031/7910 op=gather seconds=1164.08 eta_seconds=362.676 bootstraps=570
node=6041/7910 op=mul seconds=1167.61 eta_seconds=361.243 bootstraps=572
node=6051/7910 op=repeat seconds=1168.04 eta_seconds=358.847 bootstraps=572
node=6061/7910 op=mulp seconds=1168.27 eta_seconds=356.399 bootstraps=572
node=6071/7910 op=add seconds=1168.91 eta_seconds=354.081 bootstraps=572
node=6081/7910 op=add seconds=1173.01 eta_seconds=352.808 bootstraps=574
node=6091/7910 op=scatter seconds=1174.56 eta_seconds=350.767 bootstraps=574
node=6101/7910 op=mul seconds=1176.14 eta_seconds=348.736 bootstraps=574
node=6111/7910 op=repeat seconds=1176.76 eta_seconds=346.422 bootstraps=574
node=6121/7910 op=sum seconds=1177.66 eta_seconds=344.199 bootstraps=574
node=6131/7910 op=add seconds=1178.54 eta_seconds=341.972 bootstraps=574
node=6141/7910 op=cheb seconds=1183.29 eta_seconds=340.863 bootstraps=578
node=6151/7910 op=add seconds=1187.19 eta_seconds=339.5 bootstraps=580
client_token=1614 logit_margin=0.201386
node=6161/7910 op=feedback seconds=1189.13 eta_seconds=337.574 bootstraps=582
node=6171/7910 op=linear_ref seconds=1193.21 eta_seconds=336.248 bootstraps=582
node=6181/7910 op=cheb seconds=1193.81 eta_seconds=333.941 bootstraps=582
node=6191/7910 op=add seconds=1196.74 eta_seconds=332.288 bootstraps=582
node=6201/7910 op=mulp seconds=1197.68 eta_seconds=330.082 bootstraps=582
node=6211/7910 op=addp seconds=1198.22 eta_seconds=327.77 bootstraps=582
node=6221/7910 op=mul seconds=1199.24 eta_seconds=325.594 bootstraps=582
node=6231/7910 op=gather seconds=1201.76 eta_seconds=323.826 bootstraps=582
node=6241/7910 op=add seconds=1202.38 eta_seconds=321.546 bootstraps=582
node=6251/7910 op=mul seconds=1203.41 eta_seconds=319.381 bootstraps=582
node=6261/7910 op=mul seconds=1205.75 eta_seconds=317.566 bootstraps=584
node=6271/7910 op=mul seconds=1207.23 eta_seconds=315.524 bootstraps=584
node=6281/7910 op=mul seconds=1208.43 eta_seconds=313.412 bootstraps=584
node=6291/7910 op=mul seconds=1210.45 eta_seconds=311.51 bootstraps=584
node=6301/7910 op=gather seconds=1213.37 eta_seconds=309.842 bootstraps=586
node=6311/7910 op=addp seconds=1216.08 eta_seconds=308.115 bootstraps=588
node=6321/7910 op=gather seconds=1218.92 eta_seconds=306.417 bootstraps=590
node=6331/7910 op=cheb seconds=1221.96 eta_seconds=304.766 bootstraps=592
node=6341/7910 op=mulp seconds=1222.64 eta_seconds=302.528 bootstraps=592
node=6351/7910 op=cheb seconds=1223.12 eta_seconds=300.244 bootstraps=592
node=6361/7910 op=mul seconds=1225.5 eta_seconds=298.427 bootstraps=594
node=6371/7910 op=gather seconds=1226.93 eta_seconds=296.382 bootstraps=594
node=6381/7910 op=mul seconds=1228.92 eta_seconds=294.47 bootstraps=594
node=6391/7910 op=mulp seconds=1230.87 eta_seconds=292.552 bootstraps=594
node=6401/7910 op=mulp seconds=1230.94 eta_seconds=290.187 bootstraps=594
node=6411/7910 op=repeat seconds=1232.14 eta_seconds=288.095 bootstraps=594
node=6421/7910 op=sum seconds=1233.05 eta_seconds=285.939 bootstraps=594
node=6431/7910 op=add seconds=1233.93 eta_seconds=283.78 bootstraps=594
node=6441/7910 op=cheb seconds=1238.66 eta_seconds=282.502 bootstraps=598
node=6451/7910 op=add seconds=1242.57 eta_seconds=281.029 bootstraps=600
node=6461/7910 op=linear_ref seconds=1245.72 eta_seconds=279.375 bootstraps=602
node=6471/7910 op=cheb seconds=1245.91 eta_seconds=277.061 bootstraps=602
node=6481/7910 op=add seconds=1251.13 eta_seconds=275.862 bootstraps=606
node=6491/7910 op=mulp seconds=1251.56 eta_seconds=273.605 bootstraps=606
node=6501/7910 op=addp seconds=1251.85 eta_seconds=271.32 bootstraps=606
node=6511/7910 op=mul seconds=1252.44 eta_seconds=269.109 bootstraps=606
node=6521/7910 op=gather seconds=1257.54 eta_seconds=267.862 bootstraps=608
node=6531/7910 op=add seconds=1258.32 eta_seconds=265.69 bootstraps=608
node=6541/7910 op=mul seconds=1259.54 eta_seconds=263.615 bootstraps=608
node=6551/7910 op=mul seconds=1260.16 eta_seconds=261.42 bootstraps=608
node=6561/7910 op=mul seconds=1261.08 eta_seconds=259.289 bootstraps=608
node=6571/7910 op=mul seconds=1261.96 eta_seconds=257.155 bootstraps=608
node=6581/7910 op=mul seconds=1265.66 eta_seconds=255.594 bootstraps=610
node=6591/7910 op=gather seconds=1266.87 eta_seconds=253.527 bootstraps=610
node=6601/7910 op=addp seconds=1269.49 eta_seconds=251.744 bootstraps=612
node=6611/7910 op=gather seconds=1272.16 eta_seconds=249.968 bootstraps=614
node=6621/7910 op=cheb seconds=1275.18 eta_seconds=248.257 bootstraps=616
node=6631/7910 op=mulp seconds=1275.86 eta_seconds=246.09 bootstraps=616
node=6641/7910 op=cheb seconds=1276.23 eta_seconds=243.87 bootstraps=616
node=6651/7910 op=mul seconds=1276.84 eta_seconds=241.699 bootstraps=616
node=6661/7910 op=gather seconds=1280.03 eta_seconds=240.018 bootstraps=618
node=6671/7910 op=mul seconds=1281.93 eta_seconds=238.092 bootstraps=618
node=6681/7910 op=mulp seconds=1283.78 eta_seconds=236.158 bootstraps=618
node=6691/7910 op=mulp seconds=1283.84 eta_seconds=233.897 bootstraps=618
node=6701/7910 op=repeat seconds=1284.98 eta_seconds=231.838 bootstraps=618
node=6711/7910 op=sum seconds=1285.87 eta_seconds=229.737 bootstraps=618
node=6721/7910 op=add seconds=1286.7 eta_seconds=227.628 bootstraps=618
node=6731/7910 op=cheb seconds=1291.23 eta_seconds=226.171 bootstraps=622
node=6741/7910 op=add seconds=1294.89 eta_seconds=224.554 bootstraps=624
node=6751/7910 op=linear_ref seconds=1297.5 eta_seconds=222.753 bootstraps=626
node=6761/7910 op=cheb seconds=1299.63 eta_seconds=220.866 bootstraps=628
node=6771/7910 op=add seconds=1302.85 eta_seconds=219.161 bootstraps=630
node=6781/7910 op=mulp seconds=1303.3 eta_seconds=216.993 bootstraps=630
node=6791/7910 op=addp seconds=1303.58 eta_seconds=214.8 bootstraps=630
node=6801/7910 op=mul seconds=1305.75 eta_seconds=212.922 bootstraps=632
node=6811/7910 op=gather seconds=1309.01 eta_seconds=211.217 bootstraps=632
node=6821/7910 op=add seconds=1309.78 eta_seconds=209.111 bootstraps=632
node=6831/7910 op=mul seconds=1310.91 eta_seconds=207.067 bootstraps=632
node=6841/7910 op=mul seconds=1311.52 eta_seconds=204.942 bootstraps=632
node=6851/7910 op=mul seconds=1312.4 eta_seconds=202.866 bootstraps=632
node=6861/7910 op=mul seconds=1313.22 eta_seconds=200.783 bootstraps=632
node=6871/7910 op=mul seconds=1316.79 eta_seconds=199.118 bootstraps=634
node=6881/7910 op=gather seconds=1319.41 eta_seconds=197.308 bootstraps=636
node=6891/7910 op=addp seconds=1322.05 eta_seconds=195.497 bootstraps=638
node=6901/7910 op=gather seconds=1325.06 eta_seconds=193.738 bootstraps=640
node=6911/7910 op=cheb seconds=1328.04 eta_seconds=191.97 bootstraps=642
node=6921/7910 op=mulp seconds=1328.82 eta_seconds=189.887 bootstraps=642
node=6931/7910 op=cheb seconds=1329.24 eta_seconds=187.755 bootstraps=642
node=6941/7910 op=mul seconds=1329.84 eta_seconds=185.652 bootstraps=642
node=6951/7910 op=gather seconds=1332.99 eta_seconds=183.907 bootstraps=644
node=6961/7910 op=mul seconds=1334.64 eta_seconds=181.952 bootstraps=644
node=6971/7910 op=mulp seconds=1336.23 eta_seconds=179.992 bootstraps=644
node=6981/7910 op=mulp seconds=1336.29 eta_seconds=177.827 bootstraps=644
node=6991/7910 op=repeat seconds=1337.28 eta_seconds=175.791 bootstraps=644
node=7001/7910 op=sum seconds=1338.05 eta_seconds=173.73 bootstraps=644
node=7011/7910 op=add seconds=1338.76 eta_seconds=171.666 bootstraps=644
node=7021/7910 op=cheb seconds=1341.77 eta_seconds=169.895 bootstraps=646
node=7031/7910 op=add seconds=1345.02 eta_seconds=168.152 bootstraps=648
node=7041/7910 op=linear_ref seconds=1347.8 eta_seconds=166.345 bootstraps=650
node=7051/7910 op=cheb seconds=1347.96 eta_seconds=164.217 bootstraps=650
node=7061/7910 op=add seconds=1351.29 eta_seconds=162.476 bootstraps=652
node=7071/7910 op=mulp seconds=1351.66 eta_seconds=160.379 bootstraps=652
node=7081/7910 op=addp seconds=1351.87 eta_seconds=158.269 bootstraps=652
node=7091/7910 op=mul seconds=1354.1 eta_seconds=156.396 bootstraps=654
node=7101/7910 op=gather seconds=1356.9 eta_seconds=154.588 bootstraps=654
node=7111/7910 op=add seconds=1357.56 eta_seconds=152.538 bootstraps=654
node=7121/7910 op=mul seconds=1358.54 eta_seconds=150.524 bootstraps=654
node=7131/7910 op=mul seconds=1359.05 eta_seconds=148.465 bootstraps=654
node=7141/7910 op=mul seconds=1359.82 eta_seconds=146.436 bootstraps=654
node=7151/7910 op=mul seconds=1360.54 eta_seconds=144.407 bootstraps=654
node=7161/7910 op=mul seconds=1363.86 eta_seconds=142.652 bootstraps=656
node=7171/7910 op=gather seconds=1364.92 eta_seconds=140.66 bootstraps=656
node=7181/7910 op=addp seconds=1367.38 eta_seconds=138.813 bootstraps=658
node=7191/7910 op=gather seconds=1370.25 eta_seconds=137.006 bootstraps=660
node=7201/7910 op=cheb seconds=1373.11 eta_seconds=135.194 bootstraps=662
node=7211/7910 op=mulp seconds=1373.75 eta_seconds=133.165 bootstraps=662
node=7221/7910 op=cheb seconds=1377.09 eta_seconds=131.396 bootstraps=666
node=7231/7910 op=mul seconds=1378.16 eta_seconds=129.411 bootstraps=666
node=7241/7910 op=gather seconds=1379.19 eta_seconds=127.424 bootstraps=666
node=7251/7910 op=mul seconds=1380.23 eta_seconds=125.441 bootstraps=666
node=7261/7910 op=mulp seconds=1383.56 eta_seconds=123.665 bootstraps=668
node=7271/7910 op=mulp seconds=1383.63 eta_seconds=121.598 bootstraps=668
node=7281/7910 op=repeat seconds=1384.62 eta_seconds=119.616 bootstraps=668
node=7291/7910 op=sum seconds=1385.4 eta_seconds=117.619 bootstraps=668
node=7301/7910 op=add seconds=1386.12 eta_seconds=115.621 bootstraps=668
node=7311/7910 op=cheb seconds=1389.01 eta_seconds=113.804 bootstraps=670
node=7321/7910 op=add seconds=1392.26 eta_seconds=112.012 bootstraps=672
node=7331/7910 op=linear_ref seconds=1395.38 eta_seconds=110.206 bootstraps=674
node=7341/7910 op=cheb seconds=1395.59 eta_seconds=108.172 bootstraps=674
node=7351/7910 op=add seconds=1401.62 eta_seconds=106.585 bootstraps=680
node=7361/7910 op=mulp seconds=1403.46 eta_seconds=104.673 bootstraps=682
node=7371/7910 op=addp seconds=1405.13 eta_seconds=102.749 bootstraps=684
node=7381/7910 op=mul seconds=1406.32 eta_seconds=100.791 bootstraps=684
node=7391/7910 op=gather seconds=1408.41 eta_seconds=98.899 bootstraps=684
node=7401/7910 op=add seconds=1410.95 eta_seconds=97.0377 bootstraps=686
node=7411/7910 op=mul seconds=1412.03 eta_seconds=95.0754 bootstraps=686
node=7421/7910 op=mul seconds=1412.71 eta_seconds=93.0892 bootstraps=686
node=7431/7910 op=mul seconds=1413.77 eta_seconds=91.1313 bootstraps=686
node=7441/7910 op=mul seconds=1414.77 eta_seconds=89.172 bootstraps=686
node=7451/7910 op=mul seconds=1416.27 eta_seconds=87.246 bootstraps=686
node=7461/7910 op=gather seconds=1418.95 eta_seconds=85.392 bootstraps=688
node=7471/7910 op=addp seconds=1421.44 eta_seconds=83.5247 bootstraps=690
node=7481/7910 op=gather seconds=1424.23 eta_seconds=81.673 bootstraps=692
node=7491/7910 op=cheb seconds=1429.73 eta_seconds=79.9703 bootstraps=696
node=7501/7910 op=mulp seconds=1430.27 eta_seconds=77.9868 bootstraps=696
node=7511/7910 op=cheb seconds=1430.74 eta_seconds=76.0038 bootstraps=696
node=7521/7910 op=mul seconds=1432.8 eta_seconds=74.1073 bootstraps=698
node=7531/7910 op=gather seconds=1433.99 eta_seconds=72.1659 bootstraps=698
node=7541/7910 op=mul seconds=1435.61 eta_seconds=70.248 bootstraps=698
node=7551/7910 op=mulp seconds=1437.2 eta_seconds=68.3296 bootstraps=698
node=7561/7910 op=mulp seconds=1437.26 eta_seconds=66.3408 bootstraps=698
node=7571/7910 op=repeat seconds=1438.24 eta_seconds=64.3986 bootstraps=698
node=7581/7910 op=sum seconds=1438.99 eta_seconds=62.4492 bootstraps=698
node=7591/7910 op=add seconds=1439.71 eta_seconds=60.5017 bootstraps=698
node=7601/7910 op=cheb seconds=1442.78 eta_seconds=58.6527 bootstraps=700
node=7611/7910 op=add seconds=1446.07 eta_seconds=56.8093 bootstraps=702
node=7621/7910 op=linear_ref seconds=1448.97 eta_seconds=54.947 bootstraps=704
node=7631/7910 op=cheb seconds=1449.14 eta_seconds=52.9825 bootstraps=704
node=7641/7910 op=add seconds=1452.61 eta_seconds=51.1389 bootstraps=706
node=7651/7910 op=mulp seconds=1453.01 eta_seconds=49.1871 bootstraps=706
node=7661/7910 op=addp seconds=1453.25 eta_seconds=47.234 bootstraps=706
node=7671/7910 op=mul seconds=1455.54 eta_seconds=45.3493 bootstraps=708
node=7681/7910 op=gather seconds=1458.68 eta_seconds=43.4887 bootstraps=708
node=7691/7910 op=add seconds=1459.41 eta_seconds=41.5565 bootstraps=708
node=7701/7910 op=mul seconds=1460.51 eta_seconds=39.6373 bootstraps=708
node=7711/7910 op=mul seconds=1461.06 eta_seconds=37.7061 bootstraps=708
node=7721/7910 op=mul seconds=1461.9 eta_seconds=35.7853 bootstraps=708
node=7731/7910 op=mul seconds=1462.66 eta_seconds=33.8658 bootstraps=708
node=7741/7910 op=mul seconds=1466.21 eta_seconds=32.0101 bootstraps=710
node=7751/7910 op=gather seconds=1467.31 eta_seconds=30.0997 bootstraps=710
node=7761/7910 op=addp seconds=1469.87 eta_seconds=28.2194 bootstraps=712
node=7771/7910 op=gather seconds=1472.77 eta_seconds=26.3435 bootstraps=714
node=7781/7910 op=cheb seconds=1475.71 eta_seconds=24.4656 bootstraps=716
node=7791/7910 op=mulp seconds=1476.51 eta_seconds=22.5522 bootstraps=716
node=7801/7910 op=cheb seconds=1476.88 eta_seconds=20.6357 bootstraps=716
node=7811/7910 op=mul seconds=1477.45 eta_seconds=18.7258 bootstraps=716
node=7821/7910 op=gather seconds=1480.58 eta_seconds=16.8484 bootstraps=718
node=7831/7910 op=mul seconds=1482.42 eta_seconds=14.9548 bootstraps=718
node=7841/7910 op=mulp seconds=1484.2 eta_seconds=13.0608 bootstraps=718
node=7851/7910 op=mulp seconds=1484.26 eta_seconds=11.1542 bootstraps=718
node=7861/7910 op=repeat seconds=1485.32 eta_seconds=9.25843 bootstraps=718
node=7871/7910 op=sum seconds=1486.15 eta_seconds=7.36371 bootstraps=718
node=7881/7910 op=add seconds=1486.91 eta_seconds=5.47144 bootstraps=718
node=7891/7910 op=cheb seconds=1491.47 eta_seconds=3.59118 bootstraps=722
node=7901/7910 op=add seconds=1495.21 eta_seconds=1.70319 bootstraps=724
node=7910/7910 op=mulp seconds=1496.88 eta_seconds=0 bootstraps=726
client_token=315 logit_margin=0.674884
passed=1 polynomial_error=0.000133383 exact_error=0.000155461 eval_seconds=1496.95
