GPU 0: NVIDIA GB10
 SMs: 48, SharedMem: 100 KB, Blocks/SM: 24, Threads/SM: 1536, L2 size: 24 MB, Bus: 256-bit
Adding bootstrap precomputation to GPU for 32768 slots.
Plaintexts loaded: 248 ~ 6262MB
Rotation keys loaded: 85 ~ 15300MB
setup_seconds=26.5634
planned_logical_refreshes=4
node=1/127 op=public seconds=0.195558 eta_seconds=24.6404 bootstraps=0
node=11/127 op=mulp seconds=0.919076 eta_seconds=9.69207 bootstraps=0
node=21/127 op=addp seconds=2.65004 eta_seconds=13.3764 bootstraps=0
node=31/127 op=mulp seconds=3.63012 eta_seconds=11.2417 bootstraps=0
node=41/127 op=mul seconds=4.20823 eta_seconds=8.82702 bootstraps=0
node=51/127 op=repeat seconds=4.76103 eta_seconds=7.09487 bootstraps=0
node=61/127 op=mul seconds=5.18963 eta_seconds=5.61501 bootstraps=0
node=71/127 op=gather seconds=6.0288 eta_seconds=4.75511 bootstraps=0
node=81/127 op=scatter seconds=6.44361 eta_seconds=3.65933 bootstraps=0
node=91/127 op=mul seconds=6.84468 eta_seconds=2.70779 bootstraps=0
node=101/127 op=linear seconds=9.28781 eta_seconds=2.39092 bootstraps=2
node=111/127 op=mulp seconds=10.7596 eta_seconds=1.55094 bootstraps=4
node=121/127 op=sum seconds=13.1997 eta_seconds=0.65453 bootstraps=6
node=127/127 op=mulp seconds=14.7291 eta_seconds=0 bootstraps=8
passed=1 polynomial_error=1.20113e-05 exact_error=1.22561e-05 eval_seconds=14.7296
