GPU 0: NVIDIA GB10
 SMs: 48, SharedMem: 100 KB, Blocks/SM: 24, Threads/SM: 1536, L2 size: 24 MB, Bus: 256-bit
Adding bootstrap precomputation to GPU for 32768 slots.
Plaintexts loaded: 248 ~ 4960MB
Rotation keys loaded: 85 ~ 15300MB
setup_seconds=26.6001
planned_logical_refreshes=1212
node=10/7814 op=public seconds=1.41188 eta_seconds=1101.83 bootstraps=0
node=20/7814 op=repeat seconds=2.33062 eta_seconds=908.242 bootstraps=0
node=30/7814 op=gather seconds=3.37017 eta_seconds=874.447 bootstraps=0
node=40/7814 op=cheb seconds=4.30566 eta_seconds=836.805 bootstraps=0
node=50/7814 op=mul seconds=4.7917 eta_seconds=744.055 bootstraps=0
node=60/7814 op=repeat seconds=5.14328 eta_seconds=664.683 bootstraps=0
node=70/7814 op=add seconds=5.37953 eta_seconds=595.129 bootstraps=0
node=80/7814 op=mulp seconds=5.90059 eta_seconds=570.439 bootstraps=0
node=90/7814 op=mul seconds=6.2057 eta_seconds=532.587 bootstraps=0
node=100/7814 op=repeat seconds=6.94266 eta_seconds=535.557 bootstraps=0
node=110/7814 op=gather seconds=7.98859 eta_seconds=559.491 bootstraps=0
node=120/7814 op=repeat seconds=10.0156 eta_seconds=642.169 bootstraps=0
node=130/7814 op=cheb seconds=10.6095 eta_seconds=627.104 bootstraps=0
node=140/7814 op=mul seconds=10.9437 eta_seconds=599.872 bootstraps=0
node=150/7814 op=mulp seconds=11.2288 eta_seconds=573.717 bootstraps=0
node=160/7814 op=gather seconds=11.6446 eta_seconds=557.048 bootstraps=0
node=170/7814 op=scatter seconds=11.8869 eta_seconds=534.489 bootstraps=0
node=180/7814 op=add seconds=12.079 eta_seconds=512.284 bootstraps=0
node=190/7814 op=repeat seconds=13.5667 eta_seconds=544.382 bootstraps=2
node=200/7814 op=mul seconds=13.8296 eta_seconds=526.492 bootstraps=2
node=210/7814 op=mul seconds=14.0465 eta_seconds=508.616 bootstraps=2
node=220/7814 op=mul seconds=15.6162 eta_seconds=539.042 bootstraps=4
node=230/7814 op=mulp seconds=16.4999 eta_seconds=544.065 bootstraps=4
node=240/7814 op=mul seconds=18.0442 eta_seconds=569.446 bootstraps=6
node=250/7814 op=linear_ref seconds=18.9542 eta_seconds=573.48 bootstraps=6
node=260/7814 op=mulp seconds=20.063 eta_seconds=582.907 bootstraps=8
node=270/7814 op=mul seconds=20.4897 eta_seconds=572.498 bootstraps=8
node=280/7814 op=repeat seconds=20.7714 eta_seconds=558.898 bootstraps=8
node=290/7814 op=gather seconds=21.1933 eta_seconds=549.857 bootstraps=8
node=300/7814 op=addp seconds=21.2399 eta_seconds=531.989 bootstraps=8
node=310/7814 op=cheb seconds=23.3336 eta_seconds=564.823 bootstraps=10
node=320/7814 op=repeat seconds=23.7956 eta_seconds=557.263 bootstraps=10
node=330/7814 op=mul seconds=24.0238 eta_seconds=544.831 bootstraps=10
node=340/7814 op=add seconds=24.3874 eta_seconds=536.092 bootstraps=10
node=350/7814 op=mulp seconds=25.3306 eta_seconds=540.193 bootstraps=10
node=360/7814 op=add seconds=27.1207 eta_seconds=561.549 bootstraps=12
node=370/7814 op=linear seconds=27.7637 eta_seconds=558.576 bootstraps=12
node=380/7814 op=cheb seconds=28.0397 eta_seconds=548.546 bootstraps=12
node=390/7814 op=mul seconds=28.5617 eta_seconds=543.697 bootstraps=12
node=400/7814 op=gather seconds=28.8712 eta_seconds=535.128 bootstraps=12
node=410/7814 op=scatter seconds=29.1231 eta_seconds=525.921 bootstraps=12
node=420/7814 op=gather seconds=29.4262 eta_seconds=518.042 bootstraps=12
node=430/7814 op=gather seconds=31.4091 eta_seconds=539.36 bootstraps=14
node=440/7814 op=add seconds=32.0039 eta_seconds=536.356 bootstraps=14
node=450/7814 op=mul seconds=32.311 eta_seconds=528.751 bootstraps=14
node=460/7814 op=scatter seconds=32.8339 eta_seconds=524.915 bootstraps=14
node=470/7814 op=addp seconds=34.331 eta_seconds=536.441 bootstraps=16
node=480/7814 op=cheb seconds=36.0312 eta_seconds=550.526 bootstraps=18
node=490/7814 op=gather seconds=36.6216 eta_seconds=547.381 bootstraps=18
node=500/7814 op=mulp seconds=36.719 eta_seconds=537.126 bootstraps=18
node=510/7814 op=mulp seconds=37.2996 eta_seconds=534.189 bootstraps=18
node=520/7814 op=cheb seconds=39.2216 eta_seconds=550.159 bootstraps=20
node=530/7814 op=addp seconds=39.5585 eta_seconds=543.668 bootstraps=20
node=540/7814 op=mul seconds=39.7974 eta_seconds=536.086 bootstraps=20
node=550/7814 op=mul seconds=40.169 eta_seconds=530.522 bootstraps=20
node=560/7814 op=mulp seconds=40.6487 eta_seconds=526.546 bootstraps=20
node=570/7814 op=addp seconds=41.2103 eta_seconds=523.732 bootstraps=20
node=580/7814 op=mulp seconds=41.2962 eta_seconds=515.064 bootstraps=20
node=590/7814 op=add seconds=43.304 eta_seconds=530.217 bootstraps=22
node=600/7814 op=mul seconds=43.8784 eta_seconds=527.564 bootstraps=22
node=610/7814 op=repeat seconds=45.2248 eta_seconds=534.098 bootstraps=22
node=620/7814 op=cheb seconds=45.6506 eta_seconds=529.694 bootstraps=22
node=630/7814 op=mul seconds=45.9392 eta_seconds=523.852 bootstraps=22
node=640/7814 op=gather seconds=46.3115 eta_seconds=519.124 bootstraps=22
node=650/7814 op=mulp seconds=46.4841 eta_seconds=512.326 bootstraps=22
node=660/7814 op=gather seconds=48.5342 eta_seconds=526.081 bootstraps=24
node=670/7814 op=add seconds=49.1723 eta_seconds=524.308 bootstraps=24
node=680/7814 op=mul seconds=49.5335 eta_seconds=519.664 bootstraps=24
node=690/7814 op=add seconds=50.0566 eta_seconds=516.816 bootstraps=24
node=700/7814 op=sum seconds=51.5045 eta_seconds=523.433 bootstraps=26
node=710/7814 op=gather seconds=52.1686 eta_seconds=521.98 bootstraps=26
node=720/7814 op=gather seconds=53.6212 eta_seconds=528.318 bootstraps=28
node=730/7814 op=sum seconds=53.6815 eta_seconds=520.931 bootstraps=28
node=740/7814 op=sum seconds=54.2158 eta_seconds=518.274 bootstraps=28
node=750/7814 op=add seconds=55.9818 eta_seconds=527.274 bootstraps=30
node=760/7814 op=mulp seconds=56.3788 eta_seconds=523.284 bootstraps=30
node=770/7814 op=add seconds=56.6422 eta_seconds=518.166 bootstraps=30
node=780/7814 op=mulp seconds=57.0318 eta_seconds=514.31 bootstraps=30
node=790/7814 op=repeat seconds=57.5143 eta_seconds=511.368 bootstraps=30
node=800/7814 op=gather seconds=57.9391 eta_seconds=507.981 bootstraps=30
node=810/7814 op=addp seconds=57.9895 eta_seconds=501.43 bootstraps=30
node=820/7814 op=scatter seconds=60.0073 eta_seconds=511.818 bootstraps=32
node=830/7814 op=cheb seconds=60.8283 eta_seconds=511.837 bootstraps=32
node=840/7814 op=cheb seconds=61.3487 eta_seconds=509.34 bootstraps=32
node=850/7814 op=repeat seconds=61.7033 eta_seconds=505.531 bootstraps=32
node=860/7814 op=mul seconds=61.9477 eta_seconds=500.912 bootstraps=32
node=870/7814 op=add seconds=62.3397 eta_seconds=497.571 bootstraps=32
node=880/7814 op=mul seconds=62.5323 eta_seconds=492.726 bootstraps=32
node=890/7814 op=addp seconds=64.1662 eta_seconds=499.199 bootstraps=34
node=900/7814 op=add seconds=64.768 eta_seconds=497.562 bootstraps=34
node=910/7814 op=repeat seconds=65.1373 eta_seconds=494.184 bootstraps=34
node=920/7814 op=gather seconds=66.5433 eta_seconds=498.641 bootstraps=36
node=930/7814 op=linear seconds=68.4441 eta_seconds=506.633 bootstraps=38
node=940/7814 op=mulp seconds=68.6633 eta_seconds=502.119 bootstraps=38
node=950/7814 op=gather seconds=70.4934 eta_seconds=509.333 bootstraps=40
node=960/7814 op=addp seconds=70.5497 eta_seconds=503.696 bootstraps=40
node=970/7814 op=mul seconds=71.0728 eta_seconds=501.466 bootstraps=40
node=980/7814 op=mul seconds=72.9705 eta_seconds=508.858 bootstraps=42
node=990/7814 op=repeat seconds=73.4629 eta_seconds=506.374 bootstraps=42
node=1000/7814 op=mul seconds=73.7153 eta_seconds=502.296 bootstraps=42
node=1010/7814 op=cheb seconds=74.3636 eta_seconds=500.96 bootstraps=42
node=1020/7814 op=gather seconds=74.9565 eta_seconds=499.269 bootstraps=42
node=1030/7814 op=sum seconds=75.0182 eta_seconds=494.1 bootstraps=42
node=1040/7814 op=scatter seconds=76.5494 eta_seconds=498.601 bootstraps=44
node=1050/7814 op=scatter seconds=76.8373 eta_seconds=494.979 bootstraps=44
node=1060/7814 op=mul seconds=77.1862 eta_seconds=491.807 bootstraps=44
node=1070/7814 op=cheb seconds=79.7369 eta_seconds=502.566 bootstraps=46
node=1080/7814 op=cheb seconds=80.645 eta_seconds=502.837 bootstraps=46
node=1090/7814 op=repeat seconds=81.2742 eta_seconds=501.365 bootstraps=46
node=1100/7814 op=addp seconds=81.4879 eta_seconds=497.372 bootstraps=46
node=1110/7814 op=mul seconds=82.0424 eta_seconds=495.507 bootstraps=46
node=1120/7814 op=cheb seconds=83.6462 eta_seconds=499.935 bootstraps=48
node=1130/7814 op=mulp seconds=84.0436 eta_seconds=497.122 bootstraps=48
node=1140/7814 op=mulp seconds=84.3821 eta_seconds=494.006 bootstraps=48
node=1150/7814 op=sum seconds=84.7844 eta_seconds=491.307 bootstraps=48
node=1160/7814 op=add seconds=85.1662 eta_seconds=488.531 bootstraps=48
node=1170/7814 op=mulp seconds=86.5334 eta_seconds=491.391 bootstraps=50
node=1180/7814 op=cheb seconds=87.124 eta_seconds=489.814 bootstraps=50
node=1190/7814 op=mulp seconds=87.1744 eta_seconds=485.246 bootstraps=50
node=1200/7814 op=cheb seconds=89.4212 eta_seconds=492.86 bootstraps=52
node=1210/7814 op=mul seconds=89.9119 eta_seconds=490.726 bootstraps=52
node=1220/7814 op=gather seconds=90.2275 eta_seconds=487.672 bootstraps=52
node=1230/7814 op=scatter seconds=90.4977 eta_seconds=484.42 bootstraps=52
node=1240/7814 op=gather seconds=90.7996 eta_seconds=481.384 bootstraps=52
node=1250/7814 op=sum seconds=91.5803 eta_seconds=480.907 bootstraps=52
node=1260/7814 op=add seconds=93.1308 eta_seconds=484.428 bootstraps=54
node=1270/7814 op=linear seconds=93.7727 eta_seconds=483.188 bootstraps=54
node=1280/7814 op=mulp seconds=93.9857 eta_seconds=479.768 bootstraps=54
node=1290/7814 op=addp seconds=94.5464 eta_seconds=478.155 bootstraps=54
node=1300/7814 op=mulp seconds=94.6323 eta_seconds=474.18 bootstraps=54
node=1310/7814 op=cheb seconds=97.1118 eta_seconds=482.149 bootstraps=56
node=1320/7814 op=cheb seconds=97.828 eta_seconds=481.284 bootstraps=56
node=1330/7814 op=repeat seconds=98.0582 eta_seconds=478.052 bootstraps=56
node=1340/7814 op=add seconds=98.2774 eta_seconds=474.812 bootstraps=56
node=1350/7814 op=mul seconds=98.6515 eta_seconds=472.358 bootstraps=56
node=1360/7814 op=add seconds=98.8337 eta_seconds=469.024 bootstraps=56
node=1370/7814 op=addp seconds=100.572 eta_seconds=473.054 bootstraps=58
node=1380/7814 op=add seconds=101.169 eta_seconds=471.684 bootstraps=58
node=1390/7814 op=repeat seconds=101.721 eta_seconds=470.11 bootstraps=58
node=1400/7814 op=addp seconds=102.032 eta_seconds=467.451 bootstraps=58
node=1410/7814 op=gather seconds=103.635 eta_seconds=470.692 bootstraps=60
node=1420/7814 op=sum seconds=103.744 eta_seconds=467.14 bootstraps=60
node=1430/7814 op=gather seconds=104.431 eta_seconds=466.214 bootstraps=60
node=1440/7814 op=cheb seconds=106.538 eta_seconds=471.578 bootstraps=62
node=1450/7814 op=repeat seconds=106.73 eta_seconds=468.433 bootstraps=62
node=1460/7814 op=mul seconds=107.494 eta_seconds=467.821 bootstraps=62
node=1470/7814 op=addp seconds=108.205 eta_seconds=466.974 bootstraps=62
node=1480/7814 op=add seconds=109.496 eta_seconds=468.614 bootstraps=64
node=1490/7814 op=scatter seconds=109.7 eta_seconds=465.598 bootstraps=64
node=1500/7814 op=add seconds=110.073 eta_seconds=463.335 bootstraps=64
node=1510/7814 op=gather seconds=110.771 eta_seconds=462.451 bootstraps=64
node=1520/7814 op=addp seconds=110.884 eta_seconds=459.149 bootstraps=64
node=1530/7814 op=sum seconds=112.71 eta_seconds=462.921 bootstraps=66
node=1540/7814 op=cheb seconds=113.722 eta_seconds=463.308 bootstraps=66
node=1550/7814 op=cheb seconds=114.354 eta_seconds=462.139 bootstraps=66
node=1560/7814 op=repeat seconds=114.7 eta_seconds=459.831 bootstraps=66
node=1570/7814 op=gather seconds=115.41 eta_seconds=458.995 bootstraps=66
node=1580/7814 op=add seconds=117.357 eta_seconds=463.041 bootstraps=68
node=1590/7814 op=mul seconds=117.405 eta_seconds=459.577 bootstraps=68
node=1600/7814 op=mulp seconds=117.749 eta_seconds=457.307 bootstraps=68
node=1610/7814 op=mul seconds=118.013 eta_seconds=454.752 bootstraps=68
node=1620/7814 op=sum seconds=118.324 eta_seconds=452.407 bootstraps=68
node=1630/7814 op=linear seconds=119.913 eta_seconds=454.935 bootstraps=70
node=1640/7814 op=cheb seconds=120.079 eta_seconds=452.054 bootstraps=70
node=1650/7814 op=mulp seconds=120.22 eta_seconds=449.114 bootstraps=70
node=1660/7814 op=repeat seconds=120.932 eta_seconds=448.324 bootstraps=70
node=1670/7814 op=add seconds=122.7 eta_seconds=451.419 bootstraps=72
node=1680/7814 op=mulp seconds=123.091 eta_seconds=449.428 bootstraps=72
node=1690/7814 op=add seconds=123.299 eta_seconds=446.796 bootstraps=72
node=1700/7814 op=mulp seconds=123.603 eta_seconds=444.533 bootstraps=72
node=1710/7814 op=linear_ref seconds=124.298 eta_seconds=443.693 bootstraps=72
node=1720/7814 op=scatter seconds=125.688 eta_seconds=445.315 bootstraps=74
node=1730/7814 op=repeat seconds=126.246 eta_seconds=443.979 bootstraps=74
node=1740/7814 op=addp seconds=126.558 eta_seconds=441.789 bootstraps=74
node=1750/7814 op=gather seconds=127.244 eta_seconds=440.918 bootstraps=74
node=1760/7814 op=mulp seconds=127.496 eta_seconds=438.558 bootstraps=74
node=1770/7814 op=cheb seconds=128.988 eta_seconds=440.455 bootstraps=76
node=1780/7814 op=cheb seconds=130.711 eta_seconds=443.095 bootstraps=76
node=1790/7814 op=mulp seconds=130.976 eta_seconds=440.782 bootstraps=76
node=1800/7814 op=gather seconds=131.337 eta_seconds=438.811 bootstraps=76
node=1810/7814 op=gather seconds=131.562 eta_seconds=436.407 bootstraps=76
node=1820/7814 op=scatter seconds=131.782 eta_seconds=434.011 bootstraps=76
node=1830/7814 op=mulp seconds=133.417 eta_seconds=436.265 bootstraps=78
node=1840/7814 op=scatter seconds=134.059 eta_seconds=435.253 bootstraps=78
node=1850/7814 op=add seconds=134.368 eta_seconds=433.175 bootstraps=78
node=1860/7814 op=mul seconds=134.878 eta_seconds=431.756 bootstraps=78
node=1870/7814 op=gather seconds=136.453 eta_seconds=433.731 bootstraps=80
node=1880/7814 op=cheb seconds=136.696 eta_seconds=431.465 bootstraps=80
node=1890/7814 op=mulp seconds=136.767 eta_seconds=428.682 bootstraps=80
node=1900/7814 op=mulp seconds=138.709 eta_seconds=431.751 bootstraps=82
node=1910/7814 op=mul seconds=139.188 eta_seconds=430.244 bootstraps=82
node=1920/7814 op=mulp seconds=139.402 eta_seconds=427.934 bootstraps=82
node=1930/7814 op=mul seconds=139.708 eta_seconds=425.928 bootstraps=82
node=1940/7814 op=cheb seconds=140.239 eta_seconds=424.621 bootstraps=82
node=1950/7814 op=scatter seconds=141.834 eta_seconds=426.519 bootstraps=84
node=1960/7814 op=sum seconds=142.343 eta_seconds=425.142 bootstraps=84
node=1970/7814 op=sum seconds=142.787 eta_seconds=423.578 bootstraps=84
node=1980/7814 op=gather seconds=143.459 eta_seconds=422.698 bootstraps=84
node=1990/7814 op=repeat seconds=143.715 eta_seconds=420.6 bootstraps=84
node=2000/7814 op=addp seconds=143.774 eta_seconds=417.952 bootstraps=84
node=2010/7814 op=mul seconds=146.551 eta_seconds=423.174 bootstraps=86
node=2020/7814 op=mulp seconds=147.106 eta_seconds=421.948 bootstraps=86
node=2030/7814 op=gather seconds=147.425 eta_seconds=420.052 bootstraps=86
node=2040/7814 op=gather seconds=147.651 eta_seconds=417.91 bootstraps=86
node=2050/7814 op=scatter seconds=147.869 eta_seconds=415.766 bootstraps=86
node=2060/7814 op=sum seconds=149.7 eta_seconds=418.144 bootstraps=88
node=2070/7814 op=scatter seconds=150.321 eta_seconds=417.123 bootstraps=88
node=2080/7814 op=repeat seconds=150.692 eta_seconds=415.418 bootstraps=88
node=2090/7814 op=linear_ref seconds=151.205 eta_seconds=414.113 bootstraps=88
node=2100/7814 op=mulp seconds=152.313 eta_seconds=414.437 bootstraps=90
node=2110/7814 op=mul seconds=152.866 eta_seconds=413.244 bootstraps=90
node=2120/7814 op=repeat seconds=153.045 eta_seconds=411.054 bootstraps=90
node=2130/7814 op=repeat seconds=155.467 eta_seconds=414.872 bootstraps=92
node=2140/7814 op=cheb seconds=156.011 eta_seconds=413.648 bootstraps=92
node=2150/7814 op=gather seconds=156.367 eta_seconds=411.935 bootstraps=92
node=2160/7814 op=linear_ref seconds=157.471 eta_seconds=412.195 bootstraps=92
node=2170/7814 op=add seconds=158.59 eta_seconds=412.479 bootstraps=94
node=2180/7814 op=mul seconds=158.935 eta_seconds=410.753 bootstraps=94
node=2190/7814 op=add seconds=159.201 eta_seconds=408.833 bootstraps=94
node=2200/7814 op=mul seconds=159.767 eta_seconds=407.697 bootstraps=94
node=2210/7814 op=gather seconds=160.468 eta_seconds=406.905 bootstraps=94
node=2220/7814 op=sum seconds=160.555 eta_seconds=404.569 bootstraps=94
node=2230/7814 op=mul seconds=162.012 eta_seconds=405.683 bootstraps=96
node=2240/7814 op=repeat seconds=164.542 eta_seconds=409.445 bootstraps=96
node=2250/7814 op=mulp seconds=165.032 eta_seconds=408.105 bootstraps=96
node=2260/7814 op=gather seconds=165.498 eta_seconds=406.716 bootstraps=96
node=2270/7814 op=mul seconds=166.002 eta_seconds=405.424 bootstraps=96
node=2280/7814 op=addp seconds=168.003 eta_seconds=407.775 bootstraps=98
node=2290/7814 op=scatter seconds=168.345 eta_seconds=406.086 bootstraps=98
node=2300/7814 op=add seconds=168.458 eta_seconds=403.859 bootstraps=98
node=2310/7814 op=sum seconds=168.863 eta_seconds=402.348 bootstraps=98
node=2320/7814 op=add seconds=169.247 eta_seconds=400.795 bootstraps=98
node=2330/7814 op=mulp seconds=170.625 eta_seconds=401.592 bootstraps=100
node=2340/7814 op=cheb seconds=171.213 eta_seconds=400.52 bootstraps=100
node=2350/7814 op=mulp seconds=171.263 eta_seconds=398.204 bootstraps=100
node=2360/7814 op=cheb seconds=173.583 eta_seconds=401.152 bootstraps=102
node=2370/7814 op=mul seconds=174.065 eta_seconds=399.835 bootstraps=102
node=2380/7814 op=gather seconds=174.341 eta_seconds=398.054 bootstraps=102
node=2390/7814 op=cheb seconds=175.313 eta_seconds=397.865 bootstraps=102
node=2400/7814 op=mul seconds=176.745 eta_seconds=398.708 bootstraps=104
node=2410/7814 op=add seconds=177.085 eta_seconds=397.083 bootstraps=104
node=2420/7814 op=add seconds=177.292 eta_seconds=395.171 bootstraps=104
node=2430/7814 op=cheb seconds=177.705 eta_seconds=393.729 bootstraps=104
node=2440/7814 op=gather seconds=178.294 eta_seconds=392.685 bootstraps=104
node=2450/7814 op=sum seconds=178.401 eta_seconds=390.59 bootstraps=104
node=2460/7814 op=addp seconds=180.205 eta_seconds=392.203 bootstraps=106
node=2470/7814 op=cheb seconds=181.258 eta_seconds=392.162 bootstraps=106
node=2480/7814 op=cheb seconds=182.04 eta_seconds=391.532 bootstraps=106
node=2490/7814 op=repeat seconds=182.233 eta_seconds=389.643 bootstraps=106
node=2500/7814 op=mulp seconds=182.995 eta_seconds=388.973 bootstraps=106
node=2510/7814 op=scatter seconds=184.863 eta_seconds=390.642 bootstraps=108
node=2520/7814 op=add seconds=184.915 eta_seconds=388.467 bootstraps=108
node=2530/7814 op=mul seconds=185.292 eta_seconds=386.99 bootstraps=108
node=2540/7814 op=add seconds=185.561 eta_seconds=385.294 bootstraps=108
node=2550/7814 op=repeat seconds=185.931 eta_seconds=383.819 bootstraps=108
node=2560/7814 op=gather seconds=187.486 eta_seconds=384.786 bootstraps=110
node=2570/7814 op=mulp seconds=187.598 eta_seconds=382.787 bootstraps=110
node=2580/7814 op=scatter seconds=188.122 eta_seconds=381.64 bootstraps=110
node=2590/7814 op=gather seconds=188.668 eta_seconds=380.54 bootstraps=110
node=2600/7814 op=cheb seconds=190.715 eta_seconds=382.458 bootstraps=112
node=2610/7814 op=repeat seconds=190.908 eta_seconds=380.646 bootstraps=112
node=2620/7814 op=add seconds=191.128 eta_seconds=378.901 bootstraps=112
node=2630/7814 op=mul seconds=191.518 eta_seconds=377.501 bootstraps=112
node=2640/7814 op=mul seconds=192.381 eta_seconds=377.038 bootstraps=112
node=2650/7814 op=scatter seconds=193.829 eta_seconds=377.711 bootstraps=114
node=2660/7814 op=add seconds=194.214 eta_seconds=376.307 bootstraps=114
node=2670/7814 op=gather seconds=194.91 eta_seconds=375.513 bootstraps=114
node=2680/7814 op=addp seconds=195.024 eta_seconds=373.602 bootstraps=114
node=2690/7814 op=sum seconds=196.845 eta_seconds=374.958 bootstraps=116
node=2700/7814 op=cheb seconds=197.861 eta_seconds=374.763 bootstraps=116
node=2710/7814 op=cheb seconds=198.429 eta_seconds=373.719 bootstraps=116
node=2720/7814 op=repeat seconds=198.78 eta_seconds=372.275 bootstraps=116
node=2730/7814 op=mul seconds=199.025 eta_seconds=370.639 bootstraps=116
node=2740/7814 op=add seconds=199.414 eta_seconds=369.279 bootstraps=116
node=2750/7814 op=cheb seconds=199.73 eta_seconds=367.794 bootstraps=116
node=2760/7814 op=scatter seconds=201.62 eta_seconds=369.199 bootstraps=118
node=2770/7814 op=mul seconds=202.105 eta_seconds=368.021 bootstraps=118
node=2780/7814 op=sum seconds=202.411 eta_seconds=366.525 bootstraps=118
node=2790/7814 op=linear_ref seconds=204.026 eta_seconds=367.394 bootstraps=120
node=2800/7814 op=mulp seconds=204.214 eta_seconds=365.689 bootstraps=120
node=2810/7814 op=sum seconds=206.093 eta_seconds=367.007 bootstraps=122
client_token=315 logit_margin=1.89749
node=2820/7814 op=sum seconds=207.444 eta_seconds=367.367 bootstraps=124
node=2830/7814 op=gather seconds=208.748 eta_seconds=367.633 bootstraps=124
node=2840/7814 op=cheb seconds=210.199 eta_seconds=368.143 bootstraps=124
node=2850/7814 op=mul seconds=211.076 eta_seconds=367.642 bootstraps=124
node=2860/7814 op=mulp seconds=211.429 eta_seconds=366.231 bootstraps=124
node=2870/7814 op=gather seconds=211.854 eta_seconds=364.95 bootstraps=124
node=2880/7814 op=scatter seconds=212.097 eta_seconds=363.363 bootstraps=124
node=2890/7814 op=mul seconds=212.491 eta_seconds=362.043 bootstraps=124
node=2900/7814 op=mul seconds=212.799 eta_seconds=360.585 bootstraps=124
node=2910/7814 op=scatter seconds=214.061 eta_seconds=360.741 bootstraps=126
node=2920/7814 op=mul seconds=214.368 eta_seconds=359.286 bootstraps=126
node=2930/7814 op=mul seconds=214.586 eta_seconds=357.693 bootstraps=126
node=2940/7814 op=mul seconds=216.115 eta_seconds=358.281 bootstraps=128
node=2950/7814 op=scatter seconds=217.802 eta_seconds=359.115 bootstraps=130
node=2960/7814 op=gather seconds=219.277 eta_seconds=359.585 bootstraps=132
node=2970/7814 op=mulp seconds=219.341 eta_seconds=357.739 bootstraps=132
node=2980/7814 op=cheb seconds=221.255 eta_seconds=358.908 bootstraps=134
node=2990/7814 op=cheb seconds=222.044 eta_seconds=358.24 bootstraps=134
node=3000/7814 op=repeat seconds=222.276 eta_seconds=356.679 bootstraps=134
node=3010/7814 op=add seconds=222.481 eta_seconds=355.083 bootstraps=134
node=3020/7814 op=mul seconds=222.847 eta_seconds=353.752 bootstraps=134
node=3030/7814 op=scatter seconds=224.436 eta_seconds=354.358 bootstraps=136
node=3040/7814 op=mul seconds=224.799 eta_seconds=353.024 bootstraps=136
node=3050/7814 op=sum seconds=225.19 eta_seconds=351.74 bootstraps=136
node=3060/7814 op=add seconds=225.577 eta_seconds=350.455 bootstraps=136
node=3070/7814 op=repeat seconds=226.954 eta_seconds=350.706 bootstraps=138
node=3080/7814 op=mul seconds=228.744 eta_seconds=351.582 bootstraps=140
node=3090/7814 op=gather seconds=230.285 eta_seconds=352.06 bootstraps=142
node=3100/7814 op=mul seconds=230.396 eta_seconds=350.351 bootstraps=142
node=3110/7814 op=mul seconds=232.569 eta_seconds=351.771 bootstraps=144
node=3120/7814 op=cheb seconds=233.28 eta_seconds=350.967 bootstraps=144
node=3130/7814 op=repeat seconds=233.516 eta_seconds=349.454 bootstraps=144
node=3140/7814 op=add seconds=233.735 eta_seconds=347.923 bootstraps=144
node=3150/7814 op=mul seconds=234.114 eta_seconds=346.637 bootstraps=144
node=3160/7814 op=scatter seconds=235.675 eta_seconds=347.098 bootstraps=146
node=3170/7814 op=mul seconds=236.153 eta_seconds=345.961 bootstraps=146
node=3180/7814 op=mul seconds=236.436 eta_seconds=344.542 bootstraps=146
node=3190/7814 op=mul seconds=236.938 eta_seconds=343.449 bootstraps=146
node=3200/7814 op=cheb seconds=238.206 eta_seconds=343.463 bootstraps=148
node=3210/7814 op=add seconds=240.024 eta_seconds=344.259 bootstraps=150
node=3220/7814 op=linear_ref seconds=241.426 eta_seconds=344.445 bootstraps=152
node=3230/7814 op=mul seconds=241.477 eta_seconds=342.703 bootstraps=152
node=3240/7814 op=cheb seconds=243.363 eta_seconds=343.563 bootstraps=154
node=3250/7814 op=cheb seconds=243.883 eta_seconds=342.487 bootstraps=154
node=3260/7814 op=repeat seconds=244.238 eta_seconds=341.185 bootstraps=154
node=3270/7814 op=mul seconds=244.483 eta_seconds=339.733 bootstraps=154
node=3280/7814 op=add seconds=244.871 eta_seconds=338.49 bootstraps=154
node=3290/7814 op=mul seconds=245.063 eta_seconds=336.98 bootstraps=154
node=3300/7814 op=scatter seconds=246.609 eta_seconds=337.331 bootstraps=156
node=3310/7814 op=add seconds=246.993 eta_seconds=336.09 bootstraps=156
node=3320/7814 op=repeat seconds=247.295 eta_seconds=334.741 bootstraps=156
node=3330/7814 op=addp seconds=248.632 eta_seconds=334.795 bootstraps=158
node=3340/7814 op=linear_ref seconds=251.357 eta_seconds=336.697 bootstraps=162
node=3350/7814 op=mulp seconds=252.387 eta_seconds=336.315 bootstraps=164
node=3360/7814 op=addp seconds=252.821 eta_seconds=335.138 bootstraps=164
node=3370/7814 op=cheb seconds=254.237 eta_seconds=335.26 bootstraps=166
node=3380/7814 op=cheb seconds=255.691 eta_seconds=335.425 bootstraps=166
node=3390/7814 op=repeat seconds=256.147 eta_seconds=334.276 bootstraps=166
node=3400/7814 op=gather seconds=256.629 eta_seconds=333.165 bootstraps=166
node=3410/7814 op=cheb seconds=257.033 eta_seconds=331.957 bootstraps=166
node=3420/7814 op=scatter seconds=258.721 eta_seconds=332.403 bootstraps=168
node=3430/7814 op=scatter seconds=258.985 eta_seconds=331.017 bootstraps=168
node=3440/7814 op=mul seconds=259.282 eta_seconds=329.68 bootstraps=168
node=3450/7814 op=mul seconds=259.629 eta_seconds=328.412 bootstraps=168
node=3460/7814 op=mulp seconds=260.897 eta_seconds=328.308 bootstraps=170
node=3470/7814 op=mul seconds=262.536 eta_seconds=328.662 bootstraps=172
node=3480/7814 op=mul seconds=263.929 eta_seconds=328.698 bootstraps=174
node=3490/7814 op=gather seconds=264.489 eta_seconds=327.693 bootstraps=174
node=3500/7814 op=addp seconds=264.576 eta_seconds=326.108 bootstraps=174
node=3510/7814 op=mulp seconds=266.847 eta_seconds=327.211 bootstraps=176
node=3520/7814 op=mul seconds=267.287 eta_seconds=326.059 bootstraps=176
node=3530/7814 op=mulp seconds=267.552 eta_seconds=324.7 bootstraps=176
node=3540/7814 op=mul seconds=267.925 eta_seconds=323.478 bootstraps=176
node=3550/7814 op=mul seconds=268.104 eta_seconds=322.027 bootstraps=176
node=3560/7814 op=scatter seconds=269.599 eta_seconds=322.156 bootstraps=178
node=3570/7814 op=repeat seconds=270.155 eta_seconds=321.159 bootstraps=178
node=3580/7814 op=sum seconds=270.507 eta_seconds=319.924 bootstraps=178
node=3590/7814 op=sum seconds=270.945 eta_seconds=318.794 bootstraps=178
node=3600/7814 op=cheb seconds=273.491 eta_seconds=320.137 bootstraps=182
node=3610/7814 op=repeat seconds=274.884 eta_seconds=320.114 bootstraps=184
node=3620/7814 op=gather seconds=275.434 eta_seconds=319.108 bootstraps=184
node=3630/7814 op=mulp seconds=275.53 eta_seconds=317.581 bootstraps=184
node=3640/7814 op=mul seconds=277.875 eta_seconds=318.64 bootstraps=186
node=3650/7814 op=repeat seconds=278.259 eta_seconds=317.444 bootstraps=186
node=3660/7814 op=scatter seconds=278.688 eta_seconds=316.303 bootstraps=186
node=3670/7814 op=mul seconds=280.315 eta_seconds=316.519 bootstraps=188
node=3680/7814 op=scatter seconds=280.694 eta_seconds=315.323 bootstraps=188
node=3690/7814 op=scatter seconds=280.902 eta_seconds=313.94 bootstraps=188
node=3700/7814 op=mul seconds=281.103 eta_seconds=312.556 bootstraps=188
node=3710/7814 op=mul seconds=281.358 eta_seconds=311.238 bootstraps=188
node=3720/7814 op=scatter seconds=282.806 eta_seconds=311.239 bootstraps=190
node=3730/7814 op=gather seconds=283.339 eta_seconds=310.23 bootstraps=190
node=3740/7814 op=cheb seconds=285.676 eta_seconds=311.188 bootstraps=194
node=3750/7814 op=gather seconds=286.29 eta_seconds=310.262 bootstraps=194
node=3760/7814 op=addp seconds=286.532 eta_seconds=308.936 bootstraps=194
node=3770/7814 op=mul seconds=288.629 eta_seconds=309.606 bootstraps=196
node=3780/7814 op=repeat seconds=289.108 eta_seconds=308.534 bootstraps=196
node=3790/7814 op=addp seconds=289.306 eta_seconds=307.168 bootstraps=196
node=3800/7814 op=gather seconds=289.555 eta_seconds=305.861 bootstraps=196
node=3810/7814 op=add seconds=289.792 eta_seconds=304.548 bootstraps=196
node=3820/7814 op=scatter seconds=291.426 eta_seconds=304.701 bootstraps=198
node=3830/7814 op=sum seconds=291.763 eta_seconds=303.495 bootstraps=198
node=3840/7814 op=add seconds=292.135 eta_seconds=302.329 bootstraps=198
node=3850/7814 op=mul seconds=292.644 eta_seconds=301.31 bootstraps=198
node=3860/7814 op=gather seconds=294.148 eta_seconds=301.312 bootstraps=200
node=3870/7814 op=addp seconds=295.49 eta_seconds=301.14 bootstraps=202
node=3880/7814 op=gather seconds=297 eta_seconds=301.133 bootstraps=204
node=3890/7814 op=sum seconds=297.262 eta_seconds=299.86 bootstraps=204
node=3900/7814 op=cheb seconds=299.3 eta_seconds=300.374 bootstraps=206
node=3910/7814 op=mul seconds=299.853 eta_seconds=299.393 bootstraps=206
node=3920/7814 op=gather seconds=300.092 eta_seconds=298.102 bootstraps=206
node=3930/7814 op=scatter seconds=300.315 eta_seconds=296.8 bootstraps=206
node=3940/7814 op=gather seconds=300.567 eta_seconds=295.533 bootstraps=206
node=3950/7814 op=add seconds=302.339 eta_seconds=295.756 bootstraps=208
node=3960/7814 op=mul seconds=302.621 eta_seconds=294.521 bootstraps=208
node=3970/7814 op=mul seconds=303.169 eta_seconds=293.547 bootstraps=208
node=3980/7814 op=add seconds=303.675 eta_seconds=292.535 bootstraps=208
node=3990/7814 op=linear_ref seconds=305.181 eta_seconds=292.485 bootstraps=210
node=4000/7814 op=mulp seconds=306.524 eta_seconds=292.271 bootstraps=212
node=4010/7814 op=gather seconds=308.06 eta_seconds=292.235 bootstraps=214
node=4020/7814 op=mul seconds=308.135 eta_seconds=290.812 bootstraps=214
node=4030/7814 op=repeat seconds=311.441 eta_seconds=292.43 bootstraps=216
node=4040/7814 op=mulp seconds=311.929 eta_seconds=291.391 bootstraps=216
node=4050/7814 op=gather seconds=312.398 eta_seconds=290.337 bootstraps=216
node=4060/7814 op=mul seconds=312.906 eta_seconds=289.322 bootstraps=216
node=4070/7814 op=scatter seconds=314.458 eta_seconds=289.27 bootstraps=218
node=4080/7814 op=mul seconds=314.688 eta_seconds=288.001 bootstraps=218
node=4090/7814 op=add seconds=314.953 eta_seconds=286.769 bootstraps=218
node=4100/7814 op=repeat seconds=315.459 eta_seconds=285.76 bootstraps=218
node=4110/7814 op=linear_ref seconds=315.972 eta_seconds=284.759 bootstraps=218
node=4120/7814 op=mulp seconds=317.038 eta_seconds=284.257 bootstraps=220
node=4130/7814 op=sum seconds=318.889 eta_seconds=284.452 bootstraps=222
node=4140/7814 op=gather seconds=320.418 eta_seconds=284.352 bootstraps=224
node=4150/7814 op=mulp seconds=320.532 eta_seconds=282.995 bootstraps=224
node=4160/7814 op=cheb seconds=322.515 eta_seconds=283.286 bootstraps=226
node=4170/7814 op=repeat seconds=323.183 eta_seconds=282.417 bootstraps=226
node=4180/7814 op=addp seconds=323.357 eta_seconds=281.119 bootstraps=226
node=4190/7814 op=addp seconds=324.115 eta_seconds=280.333 bootstraps=226
node=4200/7814 op=add seconds=325.365 eta_seconds=279.969 bootstraps=228
node=4210/7814 op=mul seconds=325.709 eta_seconds=278.826 bootstraps=228
node=4220/7814 op=mul seconds=325.977 eta_seconds=277.622 bootstraps=228
node=4230/7814 op=mul seconds=326.282 eta_seconds=276.453 bootstraps=228
node=4240/7814 op=mul seconds=326.5 eta_seconds=275.215 bootstraps=228
node=4250/7814 op=mul seconds=327.975 eta_seconds=275.036 bootstraps=230
node=4260/7814 op=scatter seconds=329.732 eta_seconds=275.086 bootstraps=232
node=4270/7814 op=gather seconds=331.272 eta_seconds=274.948 bootstraps=234
node=4280/7814 op=sum seconds=331.393 eta_seconds=273.631 bootstraps=234
node=4290/7814 op=cheb seconds=333.241 eta_seconds=273.739 bootstraps=236
node=4300/7814 op=cheb seconds=333.959 eta_seconds=272.914 bootstraps=236
node=4310/7814 op=repeat seconds=334.149 eta_seconds=271.661 bootstraps=236
node=4320/7814 op=add seconds=334.367 eta_seconds=270.435 bootstraps=236
node=4330/7814 op=mul seconds=334.756 eta_seconds=269.351 bootstraps=236
node=4340/7814 op=scatter seconds=336.328 eta_seconds=269.217 bootstraps=238
node=4350/7814 op=mul seconds=336.693 eta_seconds=268.116 bootstraps=238
node=4360/7814 op=sum seconds=336.998 eta_seconds=266.97 bootstraps=238
node=4370/7814 op=add seconds=337.213 eta_seconds=265.758 bootstraps=238
node=4380/7814 op=repeat seconds=338.689 eta_seconds=265.538 bootstraps=240
node=4390/7814 op=mul seconds=340.556 eta_seconds=265.618 bootstraps=242
client_token=279 logit_margin=2.90222
node=4400/7814 op=mul seconds=341.86 eta_seconds=265.252 bootstraps=244
node=4410/7814 op=gather seconds=343.227 eta_seconds=264.931 bootstraps=244
node=4420/7814 op=cheb seconds=344.645 eta_seconds=264.643 bootstraps=244
node=4430/7814 op=cheb seconds=345.465 eta_seconds=263.895 bootstraps=244
node=4440/7814 op=mul seconds=345.912 eta_seconds=262.862 bootstraps=244
node=4450/7814 op=repeat seconds=346.263 eta_seconds=261.76 bootstraps=244
node=4460/7814 op=add seconds=346.5 eta_seconds=260.574 bootstraps=244
node=4470/7814 op=mulp seconds=347.02 eta_seconds=259.605 bootstraps=244
node=4480/7814 op=mulp seconds=347.319 eta_seconds=258.473 bootstraps=244
node=4490/7814 op=cheb seconds=347.505 eta_seconds=257.262 bootstraps=244
node=4500/7814 op=add seconds=348.847 eta_seconds=256.907 bootstraps=246
node=4510/7814 op=repeat seconds=349.148 eta_seconds=255.784 bootstraps=246
node=4520/7814 op=linear_ref seconds=350.595 eta_seconds=255.5 bootstraps=248
node=4530/7814 op=mulp seconds=350.831 eta_seconds=254.333 bootstraps=248
node=4540/7814 op=sum seconds=352.542 eta_seconds=254.234 bootstraps=250
node=4550/7814 op=gather seconds=353.997 eta_seconds=253.944 bootstraps=252
node=4560/7814 op=addp seconds=354.056 eta_seconds=252.653 bootstraps=252
node=4570/7814 op=cheb seconds=356.09 eta_seconds=252.769 bootstraps=254
node=4580/7814 op=repeat seconds=356.741 eta_seconds=251.899 bootstraps=254
node=4590/7814 op=addp seconds=356.957 eta_seconds=250.725 bootstraps=254
node=4600/7814 op=gather seconds=357.242 eta_seconds=249.604 bootstraps=254
node=4610/7814 op=add seconds=357.519 eta_seconds=248.48 bootstraps=254
node=4620/7814 op=add seconds=359.113 eta_seconds=248.27 bootstraps=256
node=4630/7814 op=mul seconds=359.481 eta_seconds=247.211 bootstraps=256
node=4640/7814 op=sum seconds=359.863 eta_seconds=246.165 bootstraps=256
node=4650/7814 op=add seconds=360.228 eta_seconds=245.11 bootstraps=256
node=4660/7814 op=mul seconds=361.581 eta_seconds=244.727 bootstraps=258
node=4670/7814 op=gather seconds=362.222 eta_seconds=243.86 bootstraps=258
node=4680/7814 op=addp seconds=363.654 eta_seconds=243.524 bootstraps=260
node=4690/7814 op=gather seconds=365.192 eta_seconds=243.254 bootstraps=262
node=4700/7814 op=mul seconds=365.297 eta_seconds=242.029 bootstraps=262
node=4710/7814 op=repeat seconds=367.936 eta_seconds=242.479 bootstraps=264
node=4720/7814 op=cheb seconds=368.36 eta_seconds=241.463 bootstraps=264
node=4730/7814 op=mul seconds=368.652 eta_seconds=240.364 bootstraps=264
node=4740/7814 op=gather seconds=369.027 eta_seconds=239.322 bootstraps=264
node=4750/7814 op=mulp seconds=369.2 eta_seconds=238.154 bootstraps=264
node=4760/7814 op=add seconds=370.824 eta_seconds=237.919 bootstraps=266
node=4770/7814 op=add seconds=371.105 eta_seconds=236.822 bootstraps=266
node=4780/7814 op=repeat seconds=371.596 eta_seconds=235.862 bootstraps=266
node=4790/7814 op=sum seconds=371.969 eta_seconds=234.83 bootstraps=266
node=4800/7814 op=sum seconds=373.24 eta_seconds=234.364 bootstraps=268
node=4810/7814 op=cheb seconds=374.77 eta_seconds=234.056 bootstraps=270
node=4820/7814 op=repeat seconds=376.168 eta_seconds=233.661 bootstraps=272
node=4830/7814 op=gather seconds=376.596 eta_seconds=232.663 bootstraps=272
node=4840/7814 op=addp seconds=376.646 eta_seconds=231.435 bootstraps=272
node=4850/7814 op=mul seconds=378.947 eta_seconds=231.587 bootstraps=274
node=4860/7814 op=repeat seconds=379.344 eta_seconds=230.573 bootstraps=274
node=4870/7814 op=mul seconds=379.614 eta_seconds=229.483 bootstraps=274
node=4880/7814 op=mul seconds=380.001 eta_seconds=228.468 bootstraps=274
node=4890/7814 op=addp seconds=380.185 eta_seconds=227.333 bootstraps=274
node=4900/7814 op=scatter seconds=381.592 eta_seconds=226.93 bootstraps=276
node=4910/7814 op=sum seconds=382.063 eta_seconds=225.97 bootstraps=276
node=4920/7814 op=add seconds=382.315 eta_seconds=224.882 bootstraps=276
node=4930/7814 op=repeat seconds=382.614 eta_seconds=223.825 bootstraps=276
node=4940/7814 op=addp seconds=383.959 eta_seconds=223.38 bootstraps=278
node=4950/7814 op=linear_ref seconds=386.698 eta_seconds=223.738 bootstraps=282
node=4960/7814 op=mulp seconds=387.722 eta_seconds=223.096 bootstraps=284
node=4970/7814 op=addp seconds=388.155 eta_seconds=222.115 bootstraps=284
node=4980/7814 op=cheb seconds=389.579 eta_seconds=221.7 bootstraps=286
node=4990/7814 op=cheb seconds=390.995 eta_seconds=221.276 bootstraps=286
node=5000/7814 op=repeat seconds=391.45 eta_seconds=220.308 bootstraps=286
node=5010/7814 op=gather seconds=391.933 eta_seconds=219.357 bootstraps=286
node=5020/7814 op=cheb seconds=392.341 eta_seconds=218.366 bootstraps=286
node=5030/7814 op=scatter seconds=394.071 eta_seconds=218.11 bootstraps=288
node=5040/7814 op=scatter seconds=394.335 eta_seconds=217.041 bootstraps=288
node=5050/7814 op=repeat seconds=394.635 eta_seconds=215.994 bootstraps=288
node=5060/7814 op=sum seconds=394.972 eta_seconds=214.971 bootstraps=288
node=5070/7814 op=add seconds=395.332 eta_seconds=213.963 bootstraps=288
node=5080/7814 op=repeat seconds=396.633 eta_seconds=213.463 bootstraps=290
node=5090/7814 op=mul seconds=398.425 eta_seconds=213.224 bootstraps=292
node=5100/7814 op=gather seconds=399.96 eta_seconds=212.841 bootstraps=294
node=5110/7814 op=mul seconds=400.069 eta_seconds=211.7 bootstraps=294
node=5120/7814 op=mul seconds=401.9 eta_seconds=211.469 bootstraps=296
node=5130/7814 op=cheb seconds=402.518 eta_seconds=210.596 bootstraps=296
node=5140/7814 op=addp seconds=402.855 eta_seconds=209.579 bootstraps=296
node=5150/7814 op=mul seconds=403.094 eta_seconds=208.513 bootstraps=296
node=5160/7814 op=mul seconds=403.465 eta_seconds=207.519 bootstraps=296
node=5170/7814 op=mul seconds=403.649 eta_seconds=206.431 bootstraps=296
node=5180/7814 op=scatter seconds=405.274 eta_seconds=206.079 bootstraps=298
node=5190/7814 op=add seconds=405.74 eta_seconds=205.137 bootstraps=298
node=5200/7814 op=repeat seconds=406.191 eta_seconds=204.189 bootstraps=298
node=5210/7814 op=linear_ref seconds=406.732 eta_seconds=203.288 bootstraps=298
node=5220/7814 op=mulp seconds=407.77 eta_seconds=202.635 bootstraps=300
node=5230/7814 op=sum seconds=409.682 eta_seconds=202.413 bootstraps=302
node=5240/7814 op=gather seconds=411.21 eta_seconds=201.995 bootstraps=304
node=5250/7814 op=mulp seconds=411.326 eta_seconds=200.884 bootstraps=304
node=5260/7814 op=cheb seconds=413.314 eta_seconds=200.685 bootstraps=306
node=5270/7814 op=repeat seconds=413.985 eta_seconds=199.844 bootstraps=306
node=5280/7814 op=addp seconds=414.16 eta_seconds=198.765 bootstraps=306
node=5290/7814 op=addp seconds=414.917 eta_seconds=197.968 bootstraps=306
node=5300/7814 op=add seconds=416.166 eta_seconds=197.404 bootstraps=308
node=5310/7814 op=mul seconds=416.512 eta_seconds=196.412 bootstraps=308
node=5320/7814 op=mul seconds=416.784 eta_seconds=195.387 bootstraps=308
node=5330/7814 op=sum seconds=417.091 eta_seconds=194.382 bootstraps=308
node=5340/7814 op=add seconds=417.307 eta_seconds=193.337 bootstraps=308
node=5350/7814 op=mul seconds=418.797 eta_seconds=192.881 bootstraps=310
node=5360/7814 op=gather seconds=419.328 eta_seconds=191.983 bootstraps=310
node=5370/7814 op=addp seconds=420.763 eta_seconds=191.498 bootstraps=312
node=5380/7814 op=gather seconds=422.283 eta_seconds=191.048 bootstraps=314
node=5390/7814 op=mulp seconds=422.535 eta_seconds=190.023 bootstraps=314
node=5400/7814 op=cheb seconds=424.618 eta_seconds=189.82 bootstraps=316
node=5410/7814 op=cheb seconds=425.083 eta_seconds=188.891 bootstraps=316
node=5420/7814 op=repeat seconds=425.3 eta_seconds=187.854 bootstraps=316
node=5430/7814 op=add seconds=425.48 eta_seconds=186.804 bootstraps=316
node=5440/7814 op=mul seconds=425.783 eta_seconds=185.81 bootstraps=316
node=5450/7814 op=add seconds=427.343 eta_seconds=185.365 bootstraps=318
node=5460/7814 op=add seconds=427.63 eta_seconds=184.366 bootstraps=318
node=5470/7814 op=repeat seconds=428.157 eta_seconds=183.473 bootstraps=318
node=5480/7814 op=sum seconds=428.507 eta_seconds=182.506 bootstraps=318
node=5490/7814 op=sum seconds=428.918 eta_seconds=181.568 bootstraps=318
node=5500/7814 op=cheb seconds=431.426 eta_seconds=181.513 bootstraps=322
node=5510/7814 op=repeat seconds=432.735 eta_seconds=180.948 bootstraps=324
node=5520/7814 op=gather seconds=433.313 eta_seconds=180.076 bootstraps=324
node=5530/7814 op=addp seconds=433.557 eta_seconds=179.068 bootstraps=324
node=5540/7814 op=repeat seconds=435.778 eta_seconds=178.873 bootstraps=326
node=5550/7814 op=cheb seconds=436.237 eta_seconds=177.953 bootstraps=326
node=5560/7814 op=mul seconds=436.476 eta_seconds=176.945 bootstraps=326
node=5570/7814 op=gather seconds=436.778 eta_seconds=175.966 bootstraps=326
node=5580/7814 op=mul seconds=436.923 eta_seconds=174.926 bootstraps=326
node=5590/7814 op=scatter seconds=438.783 eta_seconds=174.571 bootstraps=328
node=5600/7814 op=sum seconds=439.026 eta_seconds=173.572 bootstraps=328
node=5610/7814 op=add seconds=439.413 eta_seconds=172.632 bootstraps=328
node=5620/7814 op=repeat seconds=439.898 eta_seconds=171.732 bootstraps=328
node=5630/7814 op=addp seconds=441.035 eta_seconds=171.087 bootstraps=330
node=5640/7814 op=linear_ref seconds=443.065 eta_seconds=170.784 bootstraps=332
node=5650/7814 op=mulp seconds=444.11 eta_seconds=170.098 bootstraps=334
node=5660/7814 op=addp seconds=444.667 eta_seconds=169.225 bootstraps=334
node=5670/7814 op=cheb seconds=446.107 eta_seconds=168.687 bootstraps=336
node=5680/7814 op=cheb seconds=448.189 eta_seconds=168.387 bootstraps=336
node=5690/7814 op=repeat seconds=448.719 eta_seconds=167.501 bootstraps=336
node=5700/7814 op=gather seconds=449.365 eta_seconds=166.659 bootstraps=336
node=5710/7814 op=mulp seconds=450.872 eta_seconds=166.136 bootstraps=338
node=5720/7814 op=mul seconds=451.213 eta_seconds=165.182 bootstraps=338
node=5730/7814 op=scatter seconds=451.485 eta_seconds=164.205 bootstraps=338
node=5740/7814 op=repeat seconds=451.752 eta_seconds=163.229 bootstraps=338
node=5750/7814 op=sum seconds=452.107 eta_seconds=162.287 bootstraps=338
node=5760/7814 op=add seconds=452.487 eta_seconds=161.356 bootstraps=338
node=5770/7814 op=repeat seconds=453.785 eta_seconds=160.751 bootstraps=340
node=5780/7814 op=mul seconds=455.577 eta_seconds=160.319 bootstraps=342
node=5790/7814 op=gather seconds=457.113 eta_seconds=159.792 bootstraps=344
node=5800/7814 op=mul seconds=457.224 eta_seconds=158.767 bootstraps=344
node=5810/7814 op=mul seconds=459.058 eta_seconds=158.34 bootstraps=346
node=5820/7814 op=cheb seconds=459.742 eta_seconds=157.513 bootstraps=346
node=5830/7814 op=addp seconds=460.071 eta_seconds=156.566 bootstraps=346
node=5840/7814 op=scatter seconds=460.86 eta_seconds=155.777 bootstraps=346
node=5850/7814 op=mul seconds=462.109 eta_seconds=155.142 bootstraps=348
node=5860/7814 op=mulp seconds=462.448 eta_seconds=154.202 bootstraps=348
node=5870/7814 op=mul seconds=462.715 eta_seconds=153.24 bootstraps=348
node=5880/7814 op=add seconds=462.946 eta_seconds=152.268 bootstraps=348
node=5890/7814 op=repeat seconds=463.242 eta_seconds=151.321 bootstraps=348
node=5900/7814 op=linear_ref seconds=464.727 eta_seconds=150.761 bootstraps=350
node=5910/7814 op=mulp seconds=464.915 eta_seconds=149.78 bootstraps=350
node=5920/7814 op=sum seconds=466.693 eta_seconds=149.31 bootstraps=352
node=5930/7814 op=gather seconds=468.224 eta_seconds=148.758 bootstraps=354
node=5940/7814 op=mulp seconds=468.341 eta_seconds=147.756 bootstraps=354
node=5950/7814 op=cheb seconds=470.324 eta_seconds=147.342 bootstraps=356
node=5960/7814 op=repeat seconds=470.937 eta_seconds=146.496 bootstraps=356
node=5970/7814 op=addp seconds=471.113 eta_seconds=145.516 bootstraps=356
node=5980/7814 op=gather seconds=471.415 eta_seconds=144.578 bootstraps=356
node=5990/7814 op=add seconds=471.712 eta_seconds=143.64 bootstraps=356
node=6000/7814 op=add seconds=473.278 eta_seconds=143.088 bootstraps=358
node=6010/7814 op=mul seconds=473.647 eta_seconds=142.173 bootstraps=358
node=6020/7814 op=sum seconds=473.954 eta_seconds=141.241 bootstraps=358
node=6030/7814 op=add seconds=474.175 eta_seconds=140.287 bootstraps=358
node=6040/7814 op=mul seconds=475.674 eta_seconds=139.71 bootstraps=360
node=6050/7814 op=gather seconds=476.213 eta_seconds=138.849 bootstraps=360
node=6060/7814 op=addp seconds=477.756 eta_seconds=138.281 bootstraps=362
client_token=1614 logit_margin=0.201375
node=6070/7814 op=addp seconds=479.164 eta_seconds=137.671 bootstraps=364
node=6080/7814 op=gather seconds=480.483 eta_seconds=137.033 bootstraps=364
node=6090/7814 op=cheb seconds=482.293 eta_seconds=136.531 bootstraps=364
node=6100/7814 op=mulp seconds=482.817 eta_seconds=135.664 bootstraps=364
node=6110/7814 op=cheb seconds=483.342 eta_seconds=134.798 bootstraps=364
node=6120/7814 op=mul seconds=483.652 eta_seconds=133.873 bootstraps=364
node=6130/7814 op=gather seconds=483.879 eta_seconds=132.928 bootstraps=364
node=6140/7814 op=add seconds=484.182 eta_seconds=132.007 bootstraps=364
node=6150/7814 op=mul seconds=484.498 eta_seconds=131.09 bootstraps=364
node=6160/7814 op=scatter seconds=485.826 eta_seconds=130.447 bootstraps=366
node=6170/7814 op=mul seconds=486.133 eta_seconds=129.53 bootstraps=366
node=6180/7814 op=mul seconds=486.351 eta_seconds=128.592 bootstraps=366
node=6190/7814 op=mul seconds=486.654 eta_seconds=127.678 bootstraps=366
node=6200/7814 op=cheb seconds=488.154 eta_seconds=127.077 bootstraps=368
node=6210/7814 op=add seconds=489.888 eta_seconds=126.535 bootstraps=370
node=6220/7814 op=linear_ref seconds=491.367 eta_seconds=125.923 bootstraps=372
node=6230/7814 op=mul seconds=491.419 eta_seconds=124.945 bootstraps=372
node=6240/7814 op=cheb seconds=493.308 eta_seconds=124.434 bootstraps=374
node=6250/7814 op=cheb seconds=493.846 eta_seconds=123.58 bootstraps=374
node=6260/7814 op=repeat seconds=494.312 eta_seconds=122.709 bootstraps=374
node=6270/7814 op=mul seconds=494.544 eta_seconds=121.782 bootstraps=374
node=6280/7814 op=add seconds=494.906 eta_seconds=120.89 bootstraps=374
node=6290/7814 op=cheb seconds=495.216 eta_seconds=119.986 bootstraps=374
node=6300/7814 op=add seconds=496.858 eta_seconds=119.404 bootstraps=376
node=6310/7814 op=repeat seconds=497.172 eta_seconds=118.502 bootstraps=376
node=6320/7814 op=sum seconds=497.521 eta_seconds=117.61 bootstraps=376
node=6330/7814 op=add seconds=497.885 eta_seconds=116.724 bootstraps=376
node=6340/7814 op=mul seconds=499.19 eta_seconds=116.058 bootstraps=378
node=6350/7814 op=gather seconds=499.826 eta_seconds=115.235 bootstraps=378
node=6360/7814 op=addp seconds=501.257 eta_seconds=114.595 bootstraps=380
node=6370/7814 op=gather seconds=502.794 eta_seconds=113.977 bootstraps=382
node=6380/7814 op=mul seconds=502.898 eta_seconds=113.034 bootstraps=382
node=6390/7814 op=repeat seconds=505.507 eta_seconds=112.651 bootstraps=384
node=6400/7814 op=cheb seconds=505.926 eta_seconds=111.778 bootstraps=384
node=6410/7814 op=mul seconds=506.214 eta_seconds=110.878 bootstraps=384
node=6420/7814 op=gather seconds=506.587 eta_seconds=109.997 bootstraps=384
node=6430/7814 op=mulp seconds=506.761 eta_seconds=109.076 bootstraps=384
node=6440/7814 op=add seconds=508.376 eta_seconds=108.464 bootstraps=386
node=6450/7814 op=mul seconds=508.66 eta_seconds=107.568 bootstraps=386
node=6460/7814 op=mul seconds=509.083 eta_seconds=106.703 bootstraps=386
node=6470/7814 op=mul seconds=509.425 eta_seconds=105.822 bootstraps=386
node=6480/7814 op=mul seconds=509.927 eta_seconds=104.976 bootstraps=386
node=6490/7814 op=cheb seconds=511.148 eta_seconds=104.277 bootstraps=388
node=6500/7814 op=add seconds=512.931 eta_seconds=103.691 bootstraps=390
node=6510/7814 op=linear_ref seconds=514.336 eta_seconds=103.025 bootstraps=392
node=6520/7814 op=mul seconds=514.386 eta_seconds=102.088 bootstraps=392
node=6530/7814 op=cheb seconds=516.285 eta_seconds=101.518 bootstraps=394
node=6540/7814 op=cheb seconds=516.81 eta_seconds=100.675 bootstraps=394
node=6550/7814 op=repeat seconds=517.164 eta_seconds=99.8008 bootstraps=394
node=6560/7814 op=mul seconds=517.41 eta_seconds=98.9074 bootstraps=394
node=6570/7814 op=add seconds=517.796 eta_seconds=98.0423 bootstraps=394
node=6580/7814 op=mul seconds=517.988 eta_seconds=97.1424 bootstraps=394
node=6590/7814 op=scatter seconds=519.523 eta_seconds=96.4941 bootstraps=396
node=6600/7814 op=repeat seconds=519.999 eta_seconds=95.6483 bootstraps=396
node=6610/7814 op=sum seconds=520.237 eta_seconds=94.7603 bootstraps=396
node=6620/7814 op=add seconds=520.454 eta_seconds=93.8705 bootstraps=396
node=6630/7814 op=mul seconds=521.903 eta_seconds=93.2025 bootstraps=398
node=6640/7814 op=gather seconds=523.318 eta_seconds=92.5264 bootstraps=400
node=6650/7814 op=addp seconds=524.697 eta_seconds=91.8417 bootstraps=402
node=6660/7814 op=gather seconds=526.087 eta_seconds=91.1568 bootstraps=404
node=6670/7814 op=sum seconds=526.148 eta_seconds=90.2419 bootstraps=404
node=6680/7814 op=repeat seconds=528.884 eta_seconds=89.7837 bootstraps=406
node=6690/7814 op=cheb seconds=529.356 eta_seconds=88.9382 bootstraps=406
node=6700/7814 op=mul seconds=529.632 eta_seconds=88.0612 bootstraps=406
node=6710/7814 op=mulp seconds=530.154 eta_seconds=87.2265 bootstraps=406
node=6720/7814 op=add seconds=531.669 eta_seconds=86.5545 bootstraps=408
node=6730/7814 op=add seconds=532.01 eta_seconds=85.6908 bootstraps=408
node=6740/7814 op=mul seconds=532.285 eta_seconds=84.8181 bootstraps=408
node=6750/7814 op=mul seconds=532.68 eta_seconds=83.9661 bootstraps=408
node=6760/7814 op=mul seconds=533.034 eta_seconds=83.1091 bootstraps=408
node=6770/7814 op=mul seconds=533.502 eta_seconds=82.2712 bootstraps=408
node=6780/7814 op=cheb seconds=534.714 eta_seconds=81.5478 bootstraps=410
node=6790/7814 op=add seconds=536.56 eta_seconds=80.9186 bootstraps=412
node=6800/7814 op=linear_ref seconds=538.096 eta_seconds=80.2396 bootstraps=414
node=6810/7814 op=cheb seconds=538.206 eta_seconds=79.3479 bootstraps=414
node=6820/7814 op=cheb seconds=540.035 eta_seconds=78.7088 bootstraps=416
node=6830/7814 op=cheb seconds=540.589 eta_seconds=77.8829 bootstraps=416
node=6840/7814 op=repeat seconds=540.989 eta_seconds=77.0356 bootstraps=416
node=6850/7814 op=mul seconds=541.233 eta_seconds=76.1677 bootstraps=416
node=6860/7814 op=add seconds=541.603 eta_seconds=75.3191 bootstraps=416
node=6870/7814 op=mul seconds=541.787 eta_seconds=74.4465 bootstraps=416
node=6880/7814 op=scatter seconds=543.344 eta_seconds=73.7621 bootstraps=418
node=6890/7814 op=repeat seconds=543.9 eta_seconds=72.941 bootstraps=418
node=6900/7814 op=sum seconds=544.252 eta_seconds=72.0937 bootstraps=418
node=6910/7814 op=add seconds=544.588 eta_seconds=71.2456 bootstraps=418
node=6920/7814 op=mul seconds=545.125 eta_seconds=70.4251 bootstraps=418
node=6930/7814 op=gather seconds=546.655 eta_seconds=69.7321 bootstraps=420
node=6940/7814 op=addp seconds=548.084 eta_seconds=69.0239 bootstraps=422
node=6950/7814 op=gather seconds=549.624 eta_seconds=68.3273 bootstraps=424
node=6960/7814 op=mul seconds=549.73 eta_seconds=67.4524 bootstraps=424
node=6970/7814 op=repeat seconds=551.922 eta_seconds=66.8325 bootstraps=426
node=6980/7814 op=mulp seconds=552.383 eta_seconds=66.0011 bootstraps=426
node=6990/7814 op=gather seconds=552.757 eta_seconds=65.1605 bootstraps=426
node=7000/7814 op=mul seconds=553.327 eta_seconds=64.344 bootstraps=426
node=7010/7814 op=scatter seconds=554.806 eta_seconds=63.6326 bootstraps=428
node=7020/7814 op=add seconds=554.918 eta_seconds=62.7643 bootstraps=428
node=7030/7814 op=mul seconds=555.191 eta_seconds=61.916 bootstraps=428
node=7040/7814 op=mul seconds=555.5 eta_seconds=61.0735 bootstraps=428
node=7050/7814 op=mul seconds=555.72 eta_seconds=60.2227 bootstraps=428
node=7060/7814 op=mul seconds=556.015 eta_seconds=59.3818 bootstraps=428
node=7070/7814 op=cheb seconds=557.428 eta_seconds=58.66 bootstraps=430
node=7080/7814 op=add seconds=559.241 eta_seconds=57.9778 bootstraps=432
node=7090/7814 op=linear_ref seconds=560.758 eta_seconds=57.2622 bootstraps=434
node=7100/7814 op=cheb seconds=560.875 eta_seconds=56.4035 bootstraps=434
node=7110/7814 op=addp seconds=561.073 eta_seconds=55.555 bootstraps=434
node=7120/7814 op=mul seconds=563.381 eta_seconds=54.9138 bootstraps=436
node=7130/7814 op=repeat seconds=563.767 eta_seconds=54.0837 bootstraps=436
node=7140/7814 op=mul seconds=563.983 eta_seconds=53.2387 bootstraps=436
node=7150/7814 op=mul seconds=564.285 eta_seconds=52.4035 bootstraps=436
node=7160/7814 op=mul seconds=564.43 eta_seconds=51.5555 bootstraps=436
node=7170/7814 op=add seconds=566.082 eta_seconds=50.8447 bootstraps=438
node=7180/7814 op=repeat seconds=566.401 eta_seconds=50.0136 bootstraps=438
node=7190/7814 op=sum seconds=566.751 eta_seconds=49.1868 bootstraps=438
node=7200/7814 op=add seconds=567.083 eta_seconds=48.3595 bootstraps=438
node=7210/7814 op=mul seconds=567.589 eta_seconds=47.5483 bootstraps=438
node=7220/7814 op=gather seconds=569.092 eta_seconds=46.82 bootstraps=440
node=7230/7814 op=addp seconds=570.429 eta_seconds=46.0762 bootstraps=442
node=7240/7814 op=gather seconds=571.947 eta_seconds=45.345 bootstraps=444
node=7250/7814 op=sum seconds=572.21 eta_seconds=44.514 bootstraps=444
node=7260/7814 op=cheb seconds=574.244 eta_seconds=43.8197 bootstraps=446
node=7270/7814 op=mul seconds=574.796 eta_seconds=43.0108 bootstraps=446
node=7280/7814 op=gather seconds=575.033 eta_seconds=42.1796 bootstraps=446
node=7290/7814 op=scatter seconds=575.253 eta_seconds=41.3488 bootstraps=446
node=7300/7814 op=gather seconds=575.502 eta_seconds=40.5216 bootstraps=446
node=7310/7814 op=add seconds=577.234 eta_seconds=39.7983 bootstraps=448
node=7320/7814 op=mul seconds=577.517 eta_seconds=38.9745 bootstraps=448
node=7330/7814 op=mul seconds=577.91 eta_seconds=38.1594 bootstraps=448
node=7340/7814 op=mul seconds=578.3 eta_seconds=37.3452 bootstraps=448
node=7350/7814 op=mul seconds=578.786 eta_seconds=36.5383 bootstraps=448
node=7360/7814 op=cheb seconds=580.02 eta_seconds=35.7784 bootstraps=450
node=7370/7814 op=add seconds=581.95 eta_seconds=35.0592 bootstraps=452
node=7380/7814 op=linear_ref seconds=583.48 eta_seconds=34.3131 bootstraps=454
node=7390/7814 op=mul seconds=583.554 eta_seconds=33.4813 bootstraps=454
node=7400/7814 op=cheb seconds=586.514 eta_seconds=32.8131 bootstraps=456
node=7410/7814 op=cheb seconds=587.125 eta_seconds=32.0106 bootstraps=456
node=7420/7814 op=addp seconds=587.598 eta_seconds=31.2013 bootstraps=456
node=7430/7814 op=scatter seconds=588.309 eta_seconds=30.4052 bootstraps=456
node=7440/7814 op=add seconds=589.744 eta_seconds=29.6457 bootstraps=458
node=7450/7814 op=mul seconds=590.092 eta_seconds=28.8313 bootstraps=458
node=7460/7814 op=add seconds=590.354 eta_seconds=28.0141 bootstraps=458
node=7470/7814 op=repeat seconds=590.655 eta_seconds=27.2002 bootstraps=458
node=7480/7814 op=sum seconds=590.991 eta_seconds=26.3892 bootstraps=458
node=7490/7814 op=add seconds=591.348 eta_seconds=25.5804 bootstraps=458
node=7500/7814 op=mul seconds=592.666 eta_seconds=24.813 bootstraps=460
node=7510/7814 op=gather seconds=593.266 eta_seconds=24.015 bootstraps=460
node=7520/7814 op=addp seconds=594.696 eta_seconds=23.2501 bootstraps=462
node=7530/7814 op=gather seconds=596.233 eta_seconds=22.4874 bootstraps=464
node=7540/7814 op=mul seconds=596.336 eta_seconds=21.6706 bootstraps=464
node=7550/7814 op=repeat seconds=598.529 eta_seconds=20.9287 bootstraps=466
node=7560/7814 op=mulp seconds=598.989 eta_seconds=20.1248 bootstraps=466
node=7570/7814 op=gather seconds=599.362 eta_seconds=19.3189 bootstraps=466
node=7580/7814 op=mul seconds=599.928 eta_seconds=18.5202 bootstraps=466
node=7590/7814 op=scatter seconds=601.408 eta_seconds=17.7491 bootstraps=468
node=7600/7814 op=add seconds=601.52 eta_seconds=16.9375 bootstraps=468
node=7610/7814 op=mul seconds=601.79 eta_seconds=16.1321 bootstraps=468
node=7620/7814 op=mul seconds=602.095 eta_seconds=15.3289 bootstraps=468
node=7630/7814 op=mul seconds=602.312 eta_seconds=14.5249 bootstraps=468
node=7640/7814 op=mul seconds=602.607 eta_seconds=13.7243 bootstraps=468
node=7650/7814 op=cheb seconds=604.053 eta_seconds=12.9496 bootstraps=470
node=7660/7814 op=add seconds=605.836 eta_seconds=12.18 bootstraps=472
node=7670/7814 op=linear_ref seconds=607.372 eta_seconds=11.4031 bootstraps=474
node=7680/7814 op=cheb seconds=607.482 eta_seconds=10.5993 bootstraps=474
node=7690/7814 op=cheb seconds=609.313 eta_seconds=9.82508 bootstraps=476
node=7700/7814 op=cheb seconds=609.887 eta_seconds=9.02949 bootstraps=476
node=7710/7814 op=repeat seconds=610.275 eta_seconds=8.23198 bootstraps=476
node=7720/7814 op=mul seconds=610.525 eta_seconds=7.43385 bootstraps=476
node=7730/7814 op=add seconds=610.914 eta_seconds=6.63865 bootstraps=476
node=7740/7814 op=cheb seconds=611.232 eta_seconds=5.84382 bootstraps=476
node=7750/7814 op=add seconds=612.851 eta_seconds=5.06097 bootstraps=478
node=7760/7814 op=repeat seconds=613.086 eta_seconds=4.26632 bootstraps=478
node=7770/7814 op=sum seconds=613.324 eta_seconds=3.47313 bootstraps=478
node=7780/7814 op=add seconds=613.54 eta_seconds=2.68128 bootstraps=478
node=7790/7814 op=mul seconds=614.986 eta_seconds=1.89469 bootstraps=480
node=7800/7814 op=gather seconds=615.522 eta_seconds=1.10478 bootstraps=480
node=7810/7814 op=addp seconds=617.05 eta_seconds=0.316031 bootstraps=482
node=7814/7814 op=mulp seconds=618.07 eta_seconds=0 bootstraps=484
client_token=315 logit_margin=0.674904
passed=1 polynomial_error=1.00672e-06 exact_error=4.73028e-05 eval_seconds=618.148
