GPU 0: NVIDIA GB10
 SMs: 48, SharedMem: 100 KB, Blocks/SM: 24, Threads/SM: 1536, L2 size: 24 MB, Bus: 256-bit
Adding bootstrap precomputation to GPU for 32768 slots.
Plaintexts loaded: 248 ~ 6262MB
Rotation keys loaded: 85 ~ 15300MB
setup_seconds=26.1755
planned_logical_refreshes=623
node=1/7910 op=public seconds=0.187108 eta_seconds=1479.84 bootstraps=0
node=11/7910 op=public seconds=1.53055 eta_seconds=1099.07 bootstraps=0
node=21/7910 op=mul seconds=2.38834 eta_seconds=897.218 bootstraps=0
node=31/7910 op=gather seconds=4.54509 eta_seconds=1155.18 bootstraps=0
node=41/7910 op=mul seconds=5.63937 eta_seconds=1082.35 bootstraps=0
node=51/7910 op=repeat seconds=6.34337 eta_seconds=977.501 bootstraps=0
node=61/7910 op=mulp seconds=6.72438 eta_seconds=865.24 bootstraps=0
node=71/7910 op=add seconds=7.34105 eta_seconds=810.514 bootstraps=0
node=81/7910 op=add seconds=8.1668 eta_seconds=789.357 bootstraps=0
node=91/7910 op=scatter seconds=8.8899 eta_seconds=763.847 bootstraps=0
node=111/7910 op=mul seconds=11.661 eta_seconds=819.32 bootstraps=2
node=121/7910 op=mul seconds=12.6231 eta_seconds=812.574 bootstraps=2
node=131/7910 op=scatter seconds=15.7668 eta_seconds=936.259 bootstraps=4
node=141/7910 op=gather seconds=19.4309 eta_seconds=1070.63 bootstraps=8
node=161/7910 op=cheb seconds=21.6757 eta_seconds=1043.26 bootstraps=10
node=171/7910 op=sum seconds=21.9152 eta_seconds=991.822 bootstraps=10
node=181/7910 op=addp seconds=22.0649 eta_seconds=942.209 bootstraps=10
node=191/7910 op=scatter seconds=24.2974 eta_seconds=981.947 bootstraps=12
node=201/7910 op=mul seconds=25.7323 eta_seconds=986.919 bootstraps=12
node=211/7910 op=scatter seconds=26.4368 eta_seconds=964.629 bootstraps=12
node=221/7910 op=sum seconds=26.8266 eta_seconds=933.348 bootstraps=12
node=231/7910 op=scatter seconds=28.976 eta_seconds=963.233 bootstraps=14
node=241/7910 op=gather seconds=31.3153 eta_seconds=996.501 bootstraps=16
node=251/7910 op=cheb seconds=34.9195 eta_seconds=1065.53 bootstraps=20
node=271/7910 op=repeat seconds=37.7365 eta_seconds=1063.72 bootstraps=22
node=281/7910 op=addp seconds=38.2459 eta_seconds=1038.36 bootstraps=22
node=291/7910 op=repeat seconds=38.528 eta_seconds=1008.74 bootstraps=22
node=301/7910 op=mul seconds=38.8749 eta_seconds=982.721 bootstraps=22
node=311/7910 op=scatter seconds=41.4157 eta_seconds=1011.95 bootstraps=24
node=321/7910 op=mul seconds=42.3383 eta_seconds=1000.95 bootstraps=24
node=341/7910 op=add seconds=43.7334 eta_seconds=970.728 bootstraps=24
node=351/7910 op=cheb seconds=46.2235 eta_seconds=995.451 bootstraps=26
node=361/7910 op=add seconds=48.8478 eta_seconds=1021.47 bootstraps=28
node=371/7910 op=linear seconds=50.9885 eta_seconds=1036.12 bootstraps=30
node=381/7910 op=cheb seconds=52.7571 eta_seconds=1042.54 bootstraps=32
node=391/7910 op=add seconds=53.2808 eta_seconds=1024.6 bootstraps=32
node=401/7910 op=mulp seconds=53.5691 eta_seconds=1003.12 bootstraps=32
node=411/7910 op=addp seconds=53.7218 eta_seconds=980.194 bootstraps=32
node=421/7910 op=mul seconds=54.0467 eta_seconds=961.415 bootstraps=32
node=431/7910 op=gather seconds=58.8377 eta_seconds=1020.99 bootstraps=36
node=441/7910 op=add seconds=59.291 eta_seconds=1004.18 bootstraps=36
node=451/7910 op=mulp seconds=59.9071 eta_seconds=990.791 bootstraps=36
node=461/7910 op=add seconds=62.6043 eta_seconds=1011.58 bootstraps=38
node=471/7910 op=linear seconds=64.7432 eta_seconds=1022.56 bootstraps=40
node=481/7910 op=mulp seconds=66.8326 eta_seconds=1032.22 bootstraps=42
node=491/7910 op=gather seconds=68.973 eta_seconds=1042.18 bootstraps=44
node=501/7910 op=cheb seconds=70.9416 eta_seconds=1049.11 bootstraps=46
node=511/7910 op=sum seconds=71.4543 eta_seconds=1034.62 bootstraps=46
node=521/7910 op=addp seconds=71.6866 eta_seconds=1016.68 bootstraps=46
node=531/7910 op=gather seconds=72.1172 eta_seconds=1002.17 bootstraps=46
node=541/7910 op=add seconds=74.2192 eta_seconds=1010.95 bootstraps=48
node=551/7910 op=add seconds=75.556 eta_seconds=1009.1 bootstraps=48
node=561/7910 op=add seconds=76.6025 eta_seconds=1003.48 bootstraps=48
node=571/7910 op=repeat seconds=76.9595 eta_seconds=989.152 bootstraps=48
node=581/7910 op=mulp seconds=79.3508 eta_seconds=1000.97 bootstraps=50
node=591/7910 op=mul seconds=83.0434 eta_seconds=1028.42 bootstraps=54
node=601/7910 op=mul seconds=85.1386 eta_seconds=1035.4 bootstraps=56
node=611/7910 op=gather seconds=85.9541 eta_seconds=1026.81 bootstraps=56
node=621/7910 op=mul seconds=88.2367 eta_seconds=1035.68 bootstraps=58
node=631/7910 op=repeat seconds=88.5215 eta_seconds=1021.15 bootstraps=58
node=641/7910 op=mulp seconds=88.6994 eta_seconds=1005.86 bootstraps=58
node=651/7910 op=add seconds=89.0377 eta_seconds=992.818 bootstraps=58
node=661/7910 op=add seconds=93.1778 eta_seconds=1021.85 bootstraps=62
node=671/7910 op=scatter seconds=94.094 eta_seconds=1015.12 bootstraps=62
node=691/7910 op=mul seconds=95.4019 eta_seconds=996.68 bootstraps=62
node=701/7910 op=mul seconds=97.7942 eta_seconds=1005.7 bootstraps=64
node=711/7910 op=scatter seconds=100.429 eta_seconds=1016.86 bootstraps=66
node=721/7910 op=gather seconds=102.763 eta_seconds=1024.63 bootstraps=68
node=741/7910 op=cheb seconds=105.261 eta_seconds=1018.38 bootstraps=70
node=751/7910 op=sum seconds=105.468 eta_seconds=1005.38 bootstraps=70
node=761/7910 op=addp seconds=105.601 eta_seconds=992.035 bootstraps=70
node=771/7910 op=scatter seconds=107.745 eta_seconds=997.657 bootstraps=72
node=781/7910 op=mul seconds=109.367 eta_seconds=998.302 bootstraps=72
node=791/7910 op=scatter seconds=110.188 eta_seconds=991.689 bootstraps=72
node=801/7910 op=sum seconds=110.618 eta_seconds=981.748 bootstraps=72
node=811/7910 op=scatter seconds=113.133 eta_seconds=990.296 bootstraps=74
node=821/7910 op=gather seconds=113.857 eta_seconds=983.112 bootstraps=74
node=831/7910 op=cheb seconds=117.428 eta_seconds=1000.33 bootstraps=78
node=851/7910 op=repeat seconds=120.043 eta_seconds=995.748 bootstraps=80
node=861/7910 op=addp seconds=120.48 eta_seconds=986.365 bootstraps=80
node=871/7910 op=repeat seconds=123.572 eta_seconds=998.65 bootstraps=84
node=881/7910 op=mul seconds=124.316 eta_seconds=991.844 bootstraps=84
node=891/7910 op=scatter seconds=125.136 eta_seconds=985.782 bootstraps=84
node=901/7910 op=mul seconds=125.678 eta_seconds=977.666 bootstraps=84
node=921/7910 op=add seconds=128.703 eta_seconds=976.66 bootstraps=86
node=931/7910 op=cheb seconds=131.107 eta_seconds=982.812 bootstraps=88
node=941/7910 op=add seconds=133.768 eta_seconds=990.676 bootstraps=90
node=951/7910 op=linear seconds=136.097 eta_seconds=995.897 bootstraps=92
node=961/7910 op=cheb seconds=136.216 eta_seconds=984.976 bootstraps=92
node=971/7910 op=add seconds=138.134 eta_seconds=987.136 bootstraps=94
node=981/7910 op=mulp seconds=139.868 eta_seconds=987.918 bootstraps=96
node=991/7910 op=addp seconds=141.402 eta_seconds=987.248 bootstraps=98
node=1001/7910 op=mul seconds=142.111 eta_seconds=980.861 bootstraps=98
node=1011/7910 op=gather seconds=143.25 eta_seconds=977.532 bootstraps=98
node=1021/7910 op=add seconds=145.325 eta_seconds=980.551 bootstraps=100
node=1031/7910 op=mulp seconds=145.994 eta_seconds=974.094 bootstraps=100
node=1041/7910 op=add seconds=147.131 eta_seconds=970.836 bootstraps=100
node=1051/7910 op=linear seconds=149.454 eta_seconds=975.362 bootstraps=102
node=1061/7910 op=mulp seconds=151.462 eta_seconds=977.72 bootstraps=104
node=1071/7910 op=gather seconds=153.792 eta_seconds=982.058 bootstraps=106
node=1081/7910 op=cheb seconds=155.713 eta_seconds=983.683 bootstraps=108
node=1091/7910 op=sum seconds=156.282 eta_seconds=976.799 bootstraps=108
node=1101/7910 op=addp seconds=156.514 eta_seconds=967.944 bootstraps=108
node=1111/7910 op=gather seconds=156.992 eta_seconds=960.748 bootstraps=108
node=1121/7910 op=add seconds=159.092 eta_seconds=963.493 bootstraps=110
node=1131/7910 op=add seconds=160.43 eta_seconds=961.587 bootstraps=110
node=1141/7910 op=add seconds=161.482 eta_seconds=957.993 bootstraps=110
node=1151/7910 op=repeat seconds=161.837 eta_seconds=950.351 bootstraps=110
node=1161/7910 op=mulp seconds=164.301 eta_seconds=955.098 bootstraps=112
node=1171/7910 op=mul seconds=166.524 eta_seconds=958.329 bootstraps=114
node=1181/7910 op=mul seconds=168.614 eta_seconds=960.717 bootstraps=116
node=1191/7910 op=gather seconds=169.425 eta_seconds=955.805 bootstraps=116
node=1201/7910 op=mul seconds=171.765 eta_seconds=959.507 bootstraps=118
node=1211/7910 op=repeat seconds=172.039 eta_seconds=951.686 bootstraps=118
node=1221/7910 op=mulp seconds=172.185 eta_seconds=943.28 bootstraps=118
node=1231/7910 op=add seconds=174.054 eta_seconds=944.357 bootstraps=120
node=1241/7910 op=add seconds=175.278 eta_seconds=941.926 bootstraps=120
node=1251/7910 op=scatter seconds=176.193 eta_seconds=937.865 bootstraps=120
node=1271/7910 op=mul seconds=177.503 eta_seconds=927.177 bootstraps=120
node=1281/7910 op=mul seconds=179.9 eta_seconds=930.956 bootstraps=122
node=1291/7910 op=scatter seconds=182.525 eta_seconds=935.81 bootstraps=124
node=1301/7910 op=gather seconds=184.852 eta_seconds=939.039 bootstraps=126
node=1321/7910 op=cheb seconds=187.303 eta_seconds=934.249 bootstraps=128
node=1331/7910 op=sum seconds=187.51 eta_seconds=926.844 bootstraps=128
node=1341/7910 op=addp seconds=187.643 eta_seconds=919.186 bootstraps=128
node=1351/7910 op=scatter seconds=189.794 eta_seconds=921.434 bootstraps=130
node=1361/7910 op=mul seconds=191.439 eta_seconds=921.188 bootstraps=130
node=1371/7910 op=scatter seconds=192.262 eta_seconds=916.998 bootstraps=130
node=1381/7910 op=sum seconds=192.691 eta_seconds=910.992 bootstraps=130
node=1391/7910 op=scatter seconds=196.535 eta_seconds=921.073 bootstraps=134
node=1401/7910 op=gather seconds=197.345 eta_seconds=916.858 bootstraps=134
node=1411/7910 op=cheb seconds=201.032 eta_seconds=925.945 bootstraps=138
node=1421/7910 op=cheb seconds=201.625 eta_seconds=920.72 bootstraps=138
node=1431/7910 op=gather seconds=203.882 eta_seconds=923.097 bootstraps=138
node=1441/7910 op=repeat seconds=207.459 eta_seconds=931.335 bootstraps=140
node=1451/7910 op=addp seconds=208.237 eta_seconds=926.948 bootstraps=140
node=1461/7910 op=repeat seconds=208.895 eta_seconds=922.083 bootstraps=140
node=1471/7910 op=mul seconds=209.52 eta_seconds=917.13 bootstraps=140
node=1481/7910 op=scatter seconds=210.157 eta_seconds=912.29 bootstraps=140
node=1491/7910 op=mul seconds=210.904 eta_seconds=907.977 bootstraps=140
node=1501/7910 op=addp seconds=211.732 eta_seconds=904.059 bootstraps=140
node=1511/7910 op=repeat seconds=213.693 eta_seconds=904.979 bootstraps=142
node=1521/7910 op=mul seconds=214.59 eta_seconds=901.389 bootstraps=142
node=1531/7910 op=mul seconds=216.836 eta_seconds=903.46 bootstraps=144
node=1541/7910 op=scatter seconds=219.488 eta_seconds=907.151 bootstraps=146
node=1551/7910 op=gather seconds=223.017 eta_seconds=914.356 bootstraps=150
node=1561/7910 op=mul seconds=223.674 eta_seconds=909.743 bootstraps=150
node=1571/7910 op=cheb seconds=227.113 eta_seconds=916.403 bootstraps=154
node=1581/7910 op=sum seconds=227.352 eta_seconds=910.125 bootstraps=154
node=1591/7910 op=addp seconds=227.5 eta_seconds=903.566 bootstraps=154
node=1601/7910 op=scatter seconds=229.749 eta_seconds=905.364 bootstraps=156
node=1611/7910 op=mul seconds=231.192 eta_seconds=903.96 bootstraps=156
node=1621/7910 op=scatter seconds=231.904 eta_seconds=899.718 bootstraps=156
node=1631/7910 op=mulp seconds=232.159 eta_seconds=893.761 bootstraps=156
node=1641/7910 op=repeat seconds=234.417 eta_seconds=895.529 bootstraps=158
node=1651/7910 op=mulp seconds=236.333 eta_seconds=895.947 bootstraps=160
node=1661/7910 op=mul seconds=238.787 eta_seconds=898.364 bootstraps=162
node=1671/7910 op=mul seconds=240.888 eta_seconds=899.402 bootstraps=164
node=1681/7910 op=gather seconds=241.713 eta_seconds=895.674 bootstraps=164
node=1691/7910 op=mul seconds=246.321 eta_seconds=905.896 bootstraps=168
node=1701/7910 op=repeat seconds=246.605 eta_seconds=900.158 bootstraps=168
node=1711/7910 op=mulp seconds=246.784 eta_seconds=894.105 bootstraps=168
node=1721/7910 op=add seconds=247.127 eta_seconds=888.711 bootstraps=168
node=1731/7910 op=add seconds=249.912 eta_seconds=892.089 bootstraps=170
node=1741/7910 op=scatter seconds=250.826 eta_seconds=888.769 bootstraps=170
node=1751/7910 op=mul seconds=251.662 eta_seconds=885.202 bootstraps=170
node=1761/7910 op=add seconds=252.026 eta_seconds=880.015 bootstraps=170
node=1771/7910 op=add seconds=254.725 eta_seconds=882.98 bootstraps=172
node=1781/7910 op=linear_ref seconds=255.426 eta_seconds=879.005 bootstraps=172
node=1791/7910 op=mulp seconds=257.523 eta_seconds=879.834 bootstraps=174
node=1801/7910 op=gather seconds=259.658 eta_seconds=880.76 bootstraps=176
node=1811/7910 op=cheb seconds=262.105 eta_seconds=882.704 bootstraps=178
node=1821/7910 op=sum seconds=262.661 eta_seconds=878.277 bootstraps=178
node=1831/7910 op=addp seconds=262.846 eta_seconds=872.659 bootstraps=178
node=1841/7910 op=gather seconds=263.272 eta_seconds=867.897 bootstraps=178
node=1851/7910 op=add seconds=265.494 eta_seconds=869.059 bootstraps=180
node=1861/7910 op=add seconds=266.851 eta_seconds=867.372 bootstraps=180
node=1871/7910 op=add seconds=267.901 eta_seconds=864.701 bootstraps=180
node=1881/7910 op=sum seconds=268.12 eta_seconds=859.382 bootstraps=180
node=1891/7910 op=add seconds=268.624 eta_seconds=855.023 bootstraps=180
node=1901/7910 op=cheb seconds=272.446 eta_seconds=861.193 bootstraps=184
node=1911/7910 op=add seconds=275.175 eta_seconds=863.828 bootstraps=186
node=1921/7910 op=linear_ref seconds=277.312 eta_seconds=864.56 bootstraps=188
node=1931/7910 op=cheb seconds=279.185 eta_seconds=864.447 bootstraps=190
node=1941/7910 op=add seconds=281.973 eta_seconds=867.129 bootstraps=192
node=1951/7910 op=mulp seconds=282.294 eta_seconds=862.218 bootstraps=192
node=1961/7910 op=addp seconds=282.479 eta_seconds=856.944 bootstraps=192
node=1971/7910 op=mul seconds=284.349 eta_seconds=856.799 bootstraps=194
node=1981/7910 op=gather seconds=286.253 eta_seconds=856.736 bootstraps=194
node=1991/7910 op=add seconds=286.705 eta_seconds=852.338 bootstraps=194
node=2001/7910 op=mul seconds=287.331 eta_seconds=848.494 bootstraps=194
node=2011/7910 op=sum seconds=287.874 eta_seconds=844.441 bootstraps=194
node=2021/7910 op=scatter seconds=290.397 eta_seconds=846.189 bootstraps=196
node=2031/7910 op=gather seconds=292.54 eta_seconds=846.797 bootstraps=198
node=2041/7910 op=cheb seconds=296.147 eta_seconds=851.585 bootstraps=202
node=2051/7910 op=gather seconds=296.995 eta_seconds=848.413 bootstraps=202
node=2061/7910 op=repeat seconds=299.538 eta_seconds=850.071 bootstraps=204
node=2071/7910 op=addp seconds=300.045 eta_seconds=845.95 bootstraps=204
node=2081/7910 op=repeat seconds=300.326 eta_seconds=841.231 bootstraps=204
node=2091/7910 op=mul seconds=300.67 eta_seconds=836.728 bootstraps=204
node=2101/7910 op=scatter seconds=303.319 eta_seconds=838.64 bootstraps=206
node=2111/7910 op=mul seconds=304.249 eta_seconds=835.783 bootstraps=206
node=2121/7910 op=addp seconds=305.293 eta_seconds=833.257 bootstraps=206
node=2131/7910 op=repeat seconds=305.66 eta_seconds=828.91 bootstraps=206
node=2141/7910 op=mul seconds=306.14 eta_seconds=824.904 bootstraps=206
node=2151/7910 op=mul seconds=308.537 eta_seconds=826.064 bootstraps=208
node=2161/7910 op=scatter seconds=311.169 eta_seconds=827.815 bootstraps=210
node=2171/7910 op=gather seconds=313.498 eta_seconds=828.725 bootstraps=212
node=2181/7910 op=mul seconds=315.785 eta_seconds=829.496 bootstraps=214
node=2191/7910 op=cheb seconds=316.588 eta_seconds=826.366 bootstraps=214
node=2201/7910 op=sum seconds=316.796 eta_seconds=821.713 bootstraps=214
node=2211/7910 op=addp seconds=316.936 eta_seconds=816.923 bootstraps=214
node=2221/7910 op=scatter seconds=319.168 eta_seconds=817.536 bootstraps=216
node=2231/7910 op=mul seconds=320.794 eta_seconds=816.579 bootstraps=216
node=2241/7910 op=scatter seconds=321.616 eta_seconds=813.583 bootstraps=216
node=2251/7910 op=mulp seconds=321.873 eta_seconds=809.187 bootstraps=216
node=2261/7910 op=repeat seconds=322.566 eta_seconds=805.916 bootstraps=216
node=2271/7910 op=mulp seconds=324.975 eta_seconds=806.929 bootstraps=218
node=2281/7910 op=mul seconds=327.21 eta_seconds=807.483 bootstraps=220
node=2291/7910 op=mul seconds=329.266 eta_seconds=807.571 bootstraps=222
node=2301/7910 op=gather seconds=330.142 eta_seconds=804.765 bootstraps=222
node=2311/7910 op=mul seconds=333.047 eta_seconds=806.894 bootstraps=224
node=2321/7910 op=repeat seconds=334.82 eta_seconds=806.251 bootstraps=226
node=2331/7910 op=mulp seconds=336.368 eta_seconds=805.061 bootstraps=228
node=2341/7910 op=add seconds=337.112 eta_seconds=801.954 bootstraps=228
node=2351/7910 op=add seconds=338.16 eta_seconds=799.588 bootstraps=228
node=2361/7910 op=scatter seconds=340.189 eta_seconds=799.539 bootstraps=230
node=2371/7910 op=mul seconds=341.167 eta_seconds=797.016 bootstraps=230
node=2381/7910 op=add seconds=341.535 eta_seconds=793.09 bootstraps=230
node=2391/7910 op=add seconds=344.192 eta_seconds=794.478 bootstraps=232
node=2401/7910 op=linear_ref seconds=344.858 eta_seconds=791.263 bootstraps=232
node=2411/7910 op=mulp seconds=346.978 eta_seconds=791.386 bootstraps=234
node=2421/7910 op=gather seconds=349.312 eta_seconds=791.975 bootstraps=236
node=2431/7910 op=cheb seconds=353.112 eta_seconds=795.845 bootstraps=240
node=2441/7910 op=sum seconds=355.104 eta_seconds=795.603 bootstraps=242
node=2451/7910 op=addp seconds=356.599 eta_seconds=794.237 bootstraps=244
node=2461/7910 op=gather seconds=358.807 eta_seconds=794.448 bootstraps=246
node=2471/7910 op=add seconds=359.102 eta_seconds=790.432 bootstraps=246
node=2481/7910 op=add seconds=359.964 eta_seconds=787.684 bootstraps=246
node=2491/7910 op=add seconds=362.697 eta_seconds=789.023 bootstraps=248
node=2501/7910 op=sum seconds=363.027 eta_seconds=785.131 bootstraps=248
node=2511/7910 op=add seconds=363.751 eta_seconds=782.115 bootstraps=248
node=2521/7910 op=cheb seconds=365.841 eta_seconds=782.038 bootstraps=250
node=2531/7910 op=add seconds=368.686 eta_seconds=783.548 bootstraps=252
node=2541/7910 op=linear_ref seconds=370.997 eta_seconds=783.896 bootstraps=254
node=2551/7910 op=cheb seconds=372.896 eta_seconds=783.36 bootstraps=256
node=2561/7910 op=add seconds=376.313 eta_seconds=785.982 bootstraps=258
node=2571/7910 op=mulp seconds=376.638 eta_seconds=782.135 bootstraps=258
node=2581/7910 op=addp seconds=376.872 eta_seconds=778.128 bootstraps=258
node=2591/7910 op=mul seconds=378.74 eta_seconds=777.505 bootstraps=260
node=2601/7910 op=gather seconds=380.641 eta_seconds=776.941 bootstraps=260
node=2611/7910 op=add seconds=381.094 eta_seconds=773.426 bootstraps=260
node=2621/7910 op=mul seconds=381.721 eta_seconds=770.287 bootstraps=260
node=2631/7910 op=sum seconds=382.272 eta_seconds=767.013 bootstraps=260
node=2641/7910 op=scatter seconds=384.857 eta_seconds=767.82 bootstraps=262
node=2651/7910 op=gather seconds=385.555 eta_seconds=764.857 bootstraps=262
node=2661/7910 op=cheb seconds=389.172 eta_seconds=767.667 bootstraps=266
node=2671/7910 op=gather seconds=390.019 eta_seconds=764.998 bootstraps=266
node=2681/7910 op=repeat seconds=392.635 eta_seconds=765.792 bootstraps=268
node=2691/7910 op=addp seconds=393.131 eta_seconds=762.45 bootstraps=268
node=2701/7910 op=repeat seconds=393.382 eta_seconds=758.654 bootstraps=268
node=2711/7910 op=mul seconds=395.361 eta_seconds=758.2 bootstraps=270
node=2721/7910 op=scatter seconds=396.37 eta_seconds=755.886 bootstraps=270
node=2731/7910 op=mul seconds=397.301 eta_seconds=753.433 bootstraps=270
node=2741/7910 op=addp seconds=398.345 eta_seconds=751.202 bootstraps=270
node=2751/7910 op=repeat seconds=398.717 eta_seconds=747.721 bootstraps=270
node=2761/7910 op=mul seconds=399.193 eta_seconds=744.456 bootstraps=270
node=2771/7910 op=mul seconds=401.589 eta_seconds=744.773 bootstraps=272
node=2781/7910 op=scatter seconds=404.218 eta_seconds=745.5 bootstraps=274
node=2791/7910 op=gather seconds=406.551 eta_seconds=745.66 bootstraps=276
node=2801/7910 op=mul seconds=408.84 eta_seconds=745.721 bootstraps=278
node=2811/7910 op=cheb seconds=409.599 eta_seconds=742.99 bootstraps=278
node=2821/7910 op=sum seconds=409.806 eta_seconds=739.277 bootstraps=278
node=2831/7910 op=addp seconds=409.938 eta_seconds=735.456 bootstraps=278
node=2841/7910 op=scatter seconds=412.171 eta_seconds=735.409 bootstraps=280
node=2851/7910 op=mul seconds=413.827 eta_seconds=734.322 bootstraps=280
node=2861/7910 op=scatter seconds=414.647 eta_seconds=731.756 bootstraps=280
node=2871/7910 op=mulp seconds=414.903 eta_seconds=728.211 bootstraps=280
node=2881/7910 op=repeat seconds=415.594 eta_seconds=725.451 bootstraps=280
node=2891/7910 op=mulp seconds=419.322 eta_seconds=727.975 bootstraps=284
node=2901/7910 op=mul seconds=421.771 eta_seconds=728.249 bootstraps=286
node=2911/7910 op=mul seconds=423.834 eta_seconds=727.841 bootstraps=288
client_token=315 logit_margin=1.89748
node=2921/7910 op=mul seconds=424.585 eta_seconds=725.181 bootstraps=288
node=2931/7910 op=gather seconds=426.793 eta_seconds=725.009 bootstraps=288
node=2941/7910 op=mul seconds=430.645 eta_seconds=727.602 bootstraps=290
node=2951/7910 op=repeat seconds=431.339 eta_seconds=724.843 bootstraps=290
node=2961/7910 op=mulp seconds=431.726 eta_seconds=721.585 bootstraps=290
node=2971/7910 op=add seconds=432.343 eta_seconds=718.729 bootstraps=290
node=2981/7910 op=add seconds=433.171 eta_seconds=716.235 bootstraps=290
node=2991/7910 op=scatter seconds=433.892 eta_seconds=713.58 bootstraps=290
node=3001/7910 op=mul seconds=434.566 eta_seconds=710.857 bootstraps=290
node=3011/7910 op=mul seconds=436.516 eta_seconds=710.226 bootstraps=292
node=3021/7910 op=mul seconds=437.592 eta_seconds=708.172 bootstraps=292
node=3031/7910 op=sum seconds=438.807 eta_seconds=706.347 bootstraps=292
node=3041/7910 op=cheb seconds=442.573 eta_seconds=708.612 bootstraps=296
node=3051/7910 op=repeat seconds=444.716 eta_seconds=708.251 bootstraps=298
node=3061/7910 op=gather seconds=445.39 eta_seconds=705.553 bootstraps=298
node=3071/7910 op=repeat seconds=448.224 eta_seconds=706.27 bootstraps=300
node=3081/7910 op=cheb seconds=448.551 eta_seconds=703.035 bootstraps=300
node=3091/7910 op=mul seconds=448.735 eta_seconds=699.598 bootstraps=300
node=3101/7910 op=mulp seconds=450.671 eta_seconds=698.896 bootstraps=302
node=3111/7910 op=scatter seconds=451.903 eta_seconds=697.102 bootstraps=302
node=3121/7910 op=add seconds=452.605 eta_seconds=694.497 bootstraps=302
node=3131/7910 op=mul seconds=453.652 eta_seconds=692.431 bootstraps=302
node=3141/7910 op=repeat seconds=454.016 eta_seconds=689.335 bootstraps=302
node=3151/7910 op=sum seconds=454.552 eta_seconds=686.516 bootstraps=302
node=3161/7910 op=scatter seconds=457.135 eta_seconds=686.787 bootstraps=304
node=3171/7910 op=gather seconds=459.333 eta_seconds=686.464 bootstraps=306
node=3181/7910 op=cheb seconds=462.937 eta_seconds=688.22 bootstraps=310
node=3191/7910 op=gather seconds=463.786 eta_seconds=685.868 bootstraps=310
node=3201/7910 op=repeat seconds=468.036 eta_seconds=688.529 bootstraps=314
node=3211/7910 op=addp seconds=468.544 eta_seconds=685.671 bootstraps=314
node=3221/7910 op=repeat seconds=468.826 eta_seconds=682.497 bootstraps=314
node=3231/7910 op=mul seconds=469.175 eta_seconds=679.439 bootstraps=314
node=3241/7910 op=scatter seconds=471.731 eta_seconds=679.578 bootstraps=316
node=3251/7910 op=mul seconds=472.661 eta_seconds=677.37 bootstraps=316
node=3261/7910 op=addp seconds=473.707 eta_seconds=675.333 bootstraps=316
node=3271/7910 op=mul seconds=473.922 eta_seconds=672.127 bootstraps=316
node=3281/7910 op=mul seconds=474.425 eta_seconds=669.342 bootstraps=316
node=3291/7910 op=mul seconds=477.123 eta_seconds=669.653 bootstraps=318
node=3301/7910 op=gather seconds=477.823 eta_seconds=667.157 bootstraps=318
node=3311/7910 op=addp seconds=479.926 eta_seconds=666.621 bootstraps=320
node=3321/7910 op=gather seconds=482.071 eta_seconds=666.132 bootstraps=322
node=3331/7910 op=cheb seconds=484.637 eta_seconds=666.212 bootstraps=324
node=3341/7910 op=mulp seconds=485.076 eta_seconds=663.368 bootstraps=324
node=3351/7910 op=cheb seconds=485.318 eta_seconds=660.27 bootstraps=324
node=3361/7910 op=mul seconds=487.584 eta_seconds=659.929 bootstraps=326
node=3371/7910 op=gather seconds=488.268 eta_seconds=657.446 bootstraps=326
node=3381/7910 op=mul seconds=489.335 eta_seconds=655.486 bootstraps=326
node=3391/7910 op=mulp seconds=490.379 eta_seconds=653.501 bootstraps=326
node=3401/7910 op=sum seconds=490.6 eta_seconds=650.43 bootstraps=326
node=3411/7910 op=add seconds=491.105 eta_seconds=647.751 bootstraps=326
node=3421/7910 op=add seconds=493.811 eta_seconds=647.973 bootstraps=328
node=3431/7910 op=linear_ref seconds=495.95 eta_seconds=647.438 bootstraps=330
node=3441/7910 op=mulp seconds=498.046 eta_seconds=646.838 bootstraps=332
node=3451/7910 op=gather seconds=500.187 eta_seconds=646.286 bootstraps=334
node=3461/7910 op=cheb seconds=504.492 eta_seconds=648.508 bootstraps=338
node=3471/7910 op=sum seconds=505.002 eta_seconds=645.838 bootstraps=338
node=3481/7910 op=addp seconds=505.234 eta_seconds=642.827 bootstraps=338
node=3491/7910 op=gather seconds=505.663 eta_seconds=640.082 bootstraps=338
node=3501/7910 op=add seconds=507.764 eta_seconds=639.455 bootstraps=340
node=3511/7910 op=add seconds=509.109 eta_seconds=637.872 bootstraps=340
node=3521/7910 op=add seconds=510.154 eta_seconds=635.918 bootstraps=340
node=3531/7910 op=mul seconds=510.185 eta_seconds=632.71 bootstraps=340
node=3541/7910 op=mul seconds=510.877 eta_seconds=630.337 bootstraps=340
node=3551/7910 op=linear_ref seconds=513.64 eta_seconds=630.515 bootstraps=342
node=3561/7910 op=mulp seconds=515.163 eta_seconds=629.161 bootstraps=344
node=3571/7910 op=sum seconds=517.895 eta_seconds=629.276 bootstraps=346
node=3581/7910 op=gather seconds=520.212 eta_seconds=628.874 bootstraps=348
node=3591/7910 op=cheb seconds=522.509 eta_seconds=628.437 bootstraps=350
node=3601/7910 op=mul seconds=523.234 eta_seconds=626.108 bootstraps=350
node=3611/7910 op=mulp seconds=523.442 eta_seconds=623.173 bootstraps=350
node=3621/7910 op=gather seconds=523.749 eta_seconds=620.37 bootstraps=350
node=3631/7910 op=scatter seconds=526.115 eta_seconds=620.007 bootstraps=352
node=3641/7910 op=mulp seconds=527.47 eta_seconds=618.448 bootstraps=352
node=3651/7910 op=scatter seconds=528.514 eta_seconds=616.528 bootstraps=352
node=3661/7910 op=mulp seconds=528.546 eta_seconds=613.437 bootstraps=352
node=3671/7910 op=repeat seconds=529.239 eta_seconds=611.126 bootstraps=352
node=3681/7910 op=mul seconds=529.716 eta_seconds=608.576 bootstraps=352
node=3691/7910 op=mul seconds=532.12 eta_seconds=608.24 bootstraps=354
node=3701/7910 op=scatter seconds=534.759 eta_seconds=608.16 bootstraps=356
node=3711/7910 op=gather seconds=537.09 eta_seconds=607.718 bootstraps=358
node=3721/7910 op=mul seconds=539.371 eta_seconds=607.209 bootstraps=360
node=3731/7910 op=cheb seconds=540.171 eta_seconds=605.032 bootstraps=360
node=3741/7910 op=sum seconds=540.377 eta_seconds=602.201 bootstraps=360
node=3751/7910 op=addp seconds=542.04 eta_seconds=600.998 bootstraps=362
node=3761/7910 op=scatter seconds=542.956 eta_seconds=598.97 bootstraps=362
node=3771/7910 op=mul seconds=544.472 eta_seconds=597.605 bootstraps=362
node=3781/7910 op=scatter seconds=545.293 eta_seconds=595.481 bootstraps=362
node=3791/7910 op=add seconds=545.545 eta_seconds=592.746 bootstraps=362
node=3801/7910 op=mul seconds=546.095 eta_seconds=590.345 bootstraps=362
node=3811/7910 op=cheb seconds=546.723 eta_seconds=588.04 bootstraps=362
node=3821/7910 op=repeat seconds=550.43 eta_seconds=589.036 bootstraps=366
node=3831/7910 op=mul seconds=553.204 eta_seconds=589.016 bootstraps=368
node=3841/7910 op=gather seconds=555.533 eta_seconds=588.509 bootstraps=370
node=3851/7910 op=cheb seconds=557.923 eta_seconds=588.057 bootstraps=372
node=3861/7910 op=cheb seconds=558.576 eta_seconds=585.774 bootstraps=372
node=3871/7910 op=mul seconds=560.324 eta_seconds=584.641 bootstraps=374
node=3881/7910 op=repeat seconds=561.902 eta_seconds=583.33 bootstraps=376
node=3891/7910 op=add seconds=562.609 eta_seconds=581.117 bootstraps=376
node=3901/7910 op=mul seconds=563.954 eta_seconds=579.567 bootstraps=376
node=3911/7910 op=gather seconds=566.213 eta_seconds=578.953 bootstraps=378
node=3921/7910 op=mul seconds=566.67 eta_seconds=576.497 bootstraps=378
node=3931/7910 op=sum seconds=567.209 eta_seconds=574.135 bootstraps=378
node=3941/7910 op=add seconds=567.714 eta_seconds=571.748 bootstraps=378
node=3951/7910 op=cheb seconds=570.122 eta_seconds=571.277 bootstraps=380
node=3961/7910 op=add seconds=572.784 eta_seconds=571.049 bootstraps=382
node=3971/7910 op=linear_ref seconds=575.127 eta_seconds=570.493 bootstraps=384
node=3981/7910 op=cheb seconds=575.256 eta_seconds=567.742 bootstraps=384
node=3991/7910 op=add seconds=580.731 eta_seconds=570.254 bootstraps=390
node=4001/7910 op=mulp seconds=582.421 eta_seconds=569.028 bootstraps=392
node=4011/7910 op=addp seconds=583.959 eta_seconds=567.653 bootstraps=394
node=4021/7910 op=mul seconds=584.667 eta_seconds=565.474 bootstraps=394
node=4031/7910 op=gather seconds=585.808 eta_seconds=563.718 bootstraps=394
node=4041/7910 op=add seconds=587.877 eta_seconds=562.854 bootstraps=396
node=4051/7910 op=mul seconds=588.565 eta_seconds=560.67 bootstraps=396
node=4061/7910 op=mul seconds=589.076 eta_seconds=558.324 bootstraps=396
node=4071/7910 op=mul seconds=590.096 eta_seconds=556.467 bootstraps=396
node=4081/7910 op=addp seconds=590.744 eta_seconds=554.266 bootstraps=396
node=4091/7910 op=linear_ref seconds=595.022 eta_seconds=555.461 bootstraps=400
node=4101/7910 op=mulp seconds=596.594 eta_seconds=554.115 bootstraps=402
node=4111/7910 op=addp seconds=597.422 eta_seconds=552.081 bootstraps=402
node=4121/7910 op=mulp seconds=602.709 eta_seconds=554.153 bootstraps=406
node=4131/7910 op=mul seconds=603.028 eta_seconds=551.644 bootstraps=406
node=4141/7910 op=repeat seconds=603.26 eta_seconds=549.067 bootstraps=406
node=4151/7910 op=mul seconds=605.09 eta_seconds=547.948 bootstraps=408
node=4161/7910 op=gather seconds=606.655 eta_seconds=546.587 bootstraps=408
node=4171/7910 op=scatter seconds=607.448 eta_seconds=544.533 bootstraps=408
node=4181/7910 op=mul seconds=608.069 eta_seconds=542.332 bootstraps=408
node=4191/7910 op=add seconds=608.436 eta_seconds=539.912 bootstraps=408
node=4201/7910 op=repeat seconds=609.13 eta_seconds=537.792 bootstraps=408
node=4211/7910 op=mulp seconds=611.602 eta_seconds=537.24 bootstraps=410
node=4221/7910 op=mul seconds=613.817 eta_seconds=536.454 bootstraps=412
node=4231/7910 op=mul seconds=615.919 eta_seconds=535.563 bootstraps=414
node=4241/7910 op=gather seconds=616.744 eta_seconds=533.561 bootstraps=414
node=4251/7910 op=mul seconds=619.674 eta_seconds=533.377 bootstraps=416
node=4261/7910 op=repeat seconds=619.947 eta_seconds=530.905 bootstraps=416
node=4271/7910 op=mulp seconds=620.092 eta_seconds=528.334 bootstraps=416
node=4281/7910 op=add seconds=622.063 eta_seconds=527.323 bootstraps=418
node=4291/7910 op=add seconds=623.296 eta_seconds=525.683 bootstraps=418
node=4301/7910 op=scatter seconds=624.213 eta_seconds=523.782 bootstraps=418
node=4311/7910 op=mul seconds=625.047 eta_seconds=521.815 bootstraps=418
node=4321/7910 op=mul seconds=625.413 eta_seconds=519.465 bootstraps=418
node=4331/7910 op=mul seconds=625.949 eta_seconds=517.264 bootstraps=418
node=4341/7910 op=sum seconds=628.502 eta_seconds=516.729 bootstraps=420
node=4351/7910 op=cheb seconds=630.72 eta_seconds=515.912 bootstraps=422
node=4361/7910 op=repeat seconds=632.817 eta_seconds=514.989 bootstraps=424
node=4371/7910 op=gather seconds=633.636 eta_seconds=513.027 bootstraps=424
node=4381/7910 op=repeat seconds=636.504 eta_seconds=512.719 bootstraps=426
node=4391/7910 op=cheb seconds=636.781 eta_seconds=510.324 bootstraps=426
node=4401/7910 op=mul seconds=636.934 eta_seconds=507.839 bootstraps=426
node=4411/7910 op=mulp seconds=637.276 eta_seconds=505.516 bootstraps=426
node=4421/7910 op=scatter seconds=640.152 eta_seconds=505.2 bootstraps=428
node=4431/7910 op=add seconds=640.857 eta_seconds=503.169 bootstraps=428
node=4441/7910 op=mul seconds=641.904 eta_seconds=501.41 bootstraps=428
node=4451/7910 op=repeat seconds=642.268 eta_seconds=499.125 bootstraps=428
node=4461/7910 op=sum seconds=642.807 eta_seconds=496.983 bootstraps=428
node=4471/7910 op=scatter seconds=646.641 eta_seconds=497.383 bootstraps=432
node=4481/7910 op=gather seconds=647.461 eta_seconds=495.457 bootstraps=432
node=4491/7910 op=cheb seconds=651.155 eta_seconds=495.725 bootstraps=436
client_token=279 logit_margin=2.90221
node=4501/7910 op=cheb seconds=651.838 eta_seconds=493.694 bootstraps=436
node=4511/7910 op=gather seconds=654.095 eta_seconds=492.855 bootstraps=436
node=4521/7910 op=repeat seconds=657.674 eta_seconds=493.001 bootstraps=438
node=4531/7910 op=addp seconds=658.453 eta_seconds=491.043 bootstraps=438
node=4541/7910 op=repeat seconds=659.106 eta_seconds=488.995 bootstraps=438
node=4551/7910 op=mul seconds=659.734 eta_seconds=486.937 bootstraps=438
node=4561/7910 op=scatter seconds=660.373 eta_seconds=484.892 bootstraps=438
node=4571/7910 op=mul seconds=661.123 eta_seconds=482.933 bootstraps=438
node=4581/7910 op=addp seconds=661.956 eta_seconds=481.041 bootstraps=438
node=4591/7910 op=sum seconds=662.141 eta_seconds=478.686 bootstraps=438
node=4601/7910 op=add seconds=664.615 eta_seconds=477.986 bootstraps=440
node=4611/7910 op=repeat seconds=666.001 eta_seconds=476.499 bootstraps=440
node=4621/7910 op=mulp seconds=666.917 eta_seconds=474.679 bootstraps=440
node=4631/7910 op=mul seconds=670.684 eta_seconds=474.881 bootstraps=444
node=4641/7910 op=mul seconds=672.818 eta_seconds=473.915 bootstraps=446
node=4651/7910 op=gather seconds=673.497 eta_seconds=471.926 bootstraps=446
node=4661/7910 op=mul seconds=676.319 eta_seconds=471.435 bootstraps=448
node=4671/7910 op=repeat seconds=676.654 eta_seconds=469.211 bootstraps=448
node=4681/7910 op=mulp seconds=676.83 eta_seconds=466.884 bootstraps=448
node=4691/7910 op=add seconds=678.764 eta_seconds=465.773 bootstraps=450
node=4701/7910 op=add seconds=679.99 eta_seconds=464.175 bootstraps=450
node=4711/7910 op=scatter seconds=680.906 eta_seconds=462.368 bootstraps=450
node=4721/7910 op=mul seconds=681.742 eta_seconds=460.512 bootstraps=450
node=4731/7910 op=repeat seconds=682.111 eta_seconds=458.345 bootstraps=450
node=4741/7910 op=sum seconds=682.662 eta_seconds=456.308 bootstraps=450
node=4751/7910 op=add seconds=683.168 eta_seconds=454.247 bootstraps=450
node=4761/7910 op=cheb seconds=687.117 eta_seconds=454.47 bootstraps=454
node=4771/7910 op=add seconds=689.881 eta_seconds=453.896 bootstraps=456
node=4781/7910 op=linear_ref seconds=692.208 eta_seconds=453.026 bootstraps=458
node=4791/7910 op=cheb seconds=692.315 eta_seconds=450.706 bootstraps=458
node=4801/7910 op=add seconds=696.891 eta_seconds=451.288 bootstraps=462
node=4811/7910 op=mulp seconds=697.181 eta_seconds=449.088 bootstraps=462
node=4821/7910 op=addp seconds=697.369 eta_seconds=446.831 bootstraps=462
node=4831/7910 op=mul seconds=697.698 eta_seconds=444.672 bootstraps=462
node=4841/7910 op=gather seconds=701.153 eta_seconds=444.503 bootstraps=464
node=4851/7910 op=add seconds=701.602 eta_seconds=442.424 bootstraps=464
node=4861/7910 op=mul seconds=702.227 eta_seconds=440.463 bootstraps=464
node=4871/7910 op=add seconds=702.59 eta_seconds=438.343 bootstraps=464
node=4881/7910 op=repeat seconds=703.281 eta_seconds=436.435 bootstraps=464
node=4891/7910 op=mul seconds=703.757 eta_seconds=434.398 bootstraps=464
node=4901/7910 op=mul seconds=706.21 eta_seconds=433.582 bootstraps=466
node=4911/7910 op=scatter seconds=708.808 eta_seconds=432.848 bootstraps=468
node=4921/7910 op=gather seconds=710.956 eta_seconds=431.832 bootstraps=470
node=4931/7910 op=mul seconds=713.271 eta_seconds=430.913 bootstraps=472
node=4941/7910 op=cheb seconds=713.935 eta_seconds=428.997 bootstraps=472
node=4951/7910 op=sum seconds=714.142 eta_seconds=426.812 bootstraps=472
node=4961/7910 op=addp seconds=714.274 eta_seconds=424.591 bootstraps=472
node=4971/7910 op=scatter seconds=716.501 eta_seconds=423.617 bootstraps=474
node=4981/7910 op=mul seconds=718.149 eta_seconds=422.297 bootstraps=474
node=4991/7910 op=scatter seconds=718.969 eta_seconds=420.491 bootstraps=474
node=5001/7910 op=mul seconds=719.224 eta_seconds=418.361 bootstraps=474
node=5011/7910 op=sum seconds=719.767 eta_seconds=416.405 bootstraps=474
node=5021/7910 op=add seconds=720.272 eta_seconds=414.433 bootstraps=474
node=5031/7910 op=add seconds=723.029 eta_seconds=413.755 bootstraps=476
node=5041/7910 op=linear_ref seconds=725.174 eta_seconds=412.72 bootstraps=478
node=5051/7910 op=mulp seconds=727.27 eta_seconds=411.654 bootstraps=480
node=5061/7910 op=gather seconds=729.397 eta_seconds=410.601 bootstraps=482
node=5071/7910 op=cheb seconds=733.667 eta_seconds=410.743 bootstraps=486
node=5081/7910 op=sum seconds=734.178 eta_seconds=408.776 bootstraps=486
node=5091/7910 op=addp seconds=734.41 eta_seconds=406.659 bootstraps=486
node=5101/7910 op=gather seconds=734.838 eta_seconds=404.658 bootstraps=486
node=5111/7910 op=add seconds=736.949 eta_seconds=403.584 bootstraps=488
node=5121/7910 op=add seconds=738.294 eta_seconds=402.09 bootstraps=488
node=5131/7910 op=add seconds=739.341 eta_seconds=400.435 bootstraps=488
node=5141/7910 op=mulp seconds=739.373 eta_seconds=398.235 bootstraps=488
node=5151/7910 op=repeat seconds=740.068 eta_seconds=396.398 bootstraps=488
node=5161/7910 op=sum seconds=740.606 eta_seconds=394.483 bootstraps=488
node=5171/7910 op=scatter seconds=743.178 eta_seconds=393.65 bootstraps=490
node=5181/7910 op=gather seconds=745.322 eta_seconds=392.585 bootstraps=492
node=5191/7910 op=cheb seconds=748.932 eta_seconds=392.284 bootstraps=496
node=5201/7910 op=gather seconds=749.782 eta_seconds=390.532 bootstraps=496
node=5211/7910 op=repeat seconds=752.323 eta_seconds=389.66 bootstraps=498
node=5221/7910 op=addp seconds=752.831 eta_seconds=387.735 bootstraps=498
node=5231/7910 op=repeat seconds=753.111 eta_seconds=385.698 bootstraps=498
node=5241/7910 op=mul seconds=753.455 eta_seconds=383.7 bootstraps=498
node=5251/7910 op=scatter seconds=756.141 eta_seconds=382.895 bootstraps=500
node=5261/7910 op=mul seconds=757.068 eta_seconds=381.196 bootstraps=500
node=5271/7910 op=addp seconds=758.122 eta_seconds=379.564 bootstraps=500
node=5281/7910 op=sum seconds=758.344 eta_seconds=377.521 bootstraps=500
node=5291/7910 op=add seconds=758.849 eta_seconds=375.624 bootstraps=500
node=5301/7910 op=repeat seconds=759.542 eta_seconds=373.825 bootstraps=500
node=5311/7910 op=mulp seconds=762.01 eta_seconds=372.899 bootstraps=502
node=5321/7910 op=mul seconds=764.226 eta_seconds=371.844 bootstraps=504
node=5331/7910 op=mul seconds=766.321 eta_seconds=370.726 bootstraps=506
node=5341/7910 op=gather seconds=767.147 eta_seconds=368.995 bootstraps=506
node=5351/7910 op=mul seconds=770.075 eta_seconds=368.272 bootstraps=508
node=5361/7910 op=repeat seconds=770.347 eta_seconds=366.278 bootstraps=508
node=5371/7910 op=mulp seconds=770.492 eta_seconds=364.23 bootstraps=508
node=5381/7910 op=add seconds=772.471 eta_seconds=363.051 bootstraps=510
node=5391/7910 op=add seconds=773.702 eta_seconds=361.52 bootstraps=510
node=5401/7910 op=scatter seconds=774.615 eta_seconds=359.843 bootstraps=510
node=5411/7910 op=mul seconds=775.451 eta_seconds=358.132 bootstraps=510
node=5421/7910 op=repeat seconds=775.819 eta_seconds=356.21 bootstraps=510
node=5431/7910 op=sum seconds=776.362 eta_seconds=354.374 bootstraps=510
node=5441/7910 op=add seconds=776.871 eta_seconds=352.526 bootstraps=510
node=5451/7910 op=cheb seconds=779.401 eta_seconds=351.596 bootstraps=512
node=5461/7910 op=add seconds=782.112 eta_seconds=350.74 bootstraps=514
node=5471/7910 op=linear_ref seconds=784.431 eta_seconds=349.703 bootstraps=516
node=5481/7910 op=cheb seconds=784.544 eta_seconds=347.684 bootstraps=516
node=5491/7910 op=add seconds=787.405 eta_seconds=346.883 bootstraps=518
node=5501/7910 op=mulp seconds=789.155 eta_seconds=345.587 bootstraps=520
node=5511/7910 op=addp seconds=790.73 eta_seconds=344.214 bootstraps=522
node=5521/7910 op=mul seconds=791.447 eta_seconds=342.468 bootstraps=522
node=5531/7910 op=gather seconds=792.786 eta_seconds=340.994 bootstraps=522
node=5541/7910 op=add seconds=794.813 eta_seconds=339.815 bootstraps=524
node=5551/7910 op=mul seconds=795.503 eta_seconds=338.064 bootstraps=524
node=5561/7910 op=add seconds=795.865 eta_seconds=336.178 bootstraps=524
node=5571/7910 op=repeat seconds=796.555 eta_seconds=334.436 bootstraps=524
node=5581/7910 op=mul seconds=798.333 eta_seconds=333.151 bootstraps=526
node=5591/7910 op=mul seconds=799.34 eta_seconds=331.545 bootstraps=526
node=5601/7910 op=scatter seconds=801.972 eta_seconds=330.611 bootstraps=528
node=5611/7910 op=gather seconds=804.31 eta_seconds=329.551 bootstraps=530
node=5621/7910 op=mul seconds=806.683 eta_seconds=328.5 bootstraps=532
node=5631/7910 op=cheb seconds=810.144 eta_seconds=327.885 bootstraps=536
node=5641/7910 op=sum seconds=811.654 eta_seconds=326.475 bootstraps=538
node=5651/7910 op=addp seconds=813.192 eta_seconds=325.076 bootstraps=540
node=5661/7910 op=scatter seconds=814.026 eta_seconds=323.396 bootstraps=540
node=5671/7910 op=mul seconds=815.027 eta_seconds=321.786 bootstraps=540
node=5681/7910 op=scatter seconds=817.534 eta_seconds=320.768 bootstraps=542
node=5691/7910 op=mul seconds=817.796 eta_seconds=318.87 bootstraps=542
node=5701/7910 op=sum seconds=818.587 eta_seconds=317.183 bootstraps=542
node=5711/7910 op=add seconds=819.304 eta_seconds=315.47 bootstraps=542
node=5721/7910 op=add seconds=820.412 eta_seconds=313.911 bootstraps=542
node=5731/7910 op=linear_ref seconds=822.695 eta_seconds=312.799 bootstraps=544
node=5741/7910 op=mulp seconds=824.837 eta_seconds=311.631 bootstraps=546
node=5751/7910 op=gather seconds=827.166 eta_seconds=310.529 bootstraps=548
node=5761/7910 op=cheb seconds=832.046 eta_seconds=310.374 bootstraps=552
node=5771/7910 op=sum seconds=832.616 eta_seconds=308.606 bootstraps=552
node=5781/7910 op=addp seconds=832.848 eta_seconds=306.717 bootstraps=552
node=5791/7910 op=gather seconds=833.325 eta_seconds=304.924 bootstraps=552
node=5801/7910 op=add seconds=835.429 eta_seconds=303.727 bootstraps=554
node=5811/7910 op=add seconds=836.774 eta_seconds=302.253 bootstraps=554
node=5821/7910 op=add seconds=837.822 eta_seconds=300.672 bootstraps=554
node=5831/7910 op=mulp seconds=837.854 eta_seconds=298.731 bootstraps=554
node=5841/7910 op=repeat seconds=838.549 eta_seconds=297.031 bootstraps=554
node=5851/7910 op=sum seconds=839.091 eta_seconds=295.281 bootstraps=554
node=5861/7910 op=scatter seconds=841.732 eta_seconds=294.269 bootstraps=556
node=5871/7910 op=gather seconds=842.437 eta_seconds=292.579 bootstraps=556
node=5881/7910 op=cheb seconds=846.052 eta_seconds=291.896 bootstraps=560
node=5891/7910 op=gather seconds=846.898 eta_seconds=290.254 bootstraps=560
node=5901/7910 op=repeat seconds=849.504 eta_seconds=289.214 bootstraps=562
node=5911/7910 op=addp seconds=849.999 eta_seconds=287.455 bootstraps=562
node=5921/7910 op=repeat seconds=850.247 eta_seconds=285.617 bootstraps=562
node=5931/7910 op=mul seconds=852.223 eta_seconds=284.362 bootstraps=564
node=5941/7910 op=scatter seconds=853.224 eta_seconds=282.78 bootstraps=564
node=5951/7910 op=mul seconds=854.156 eta_seconds=281.178 bootstraps=564
node=5961/7910 op=addp seconds=855.202 eta_seconds=279.616 bootstraps=564
node=5971/7910 op=sum seconds=855.42 eta_seconds=277.786 bootstraps=564
node=5981/7910 op=add seconds=855.925 eta_seconds=276.054 bootstraps=564
node=5991/7910 op=repeat seconds=856.618 eta_seconds=274.387 bootstraps=564
node=6001/7910 op=mulp seconds=859.084 eta_seconds=273.286 bootstraps=566
node=6011/7910 op=mul seconds=861.306 eta_seconds=272.104 bootstraps=568
node=6021/7910 op=mul seconds=863.4 eta_seconds=270.879 bootstraps=570
node=6031/7910 op=gather seconds=864.224 eta_seconds=269.255 bootstraps=570
node=6041/7910 op=mul seconds=867.093 eta_seconds=268.266 bootstraps=572
node=6051/7910 op=repeat seconds=867.377 eta_seconds=266.477 bootstraps=572
node=6061/7910 op=mulp seconds=867.523 eta_seconds=264.651 bootstraps=572
node=6071/7910 op=add seconds=867.862 eta_seconds=262.889 bootstraps=572
node=6081/7910 op=add seconds=870.743 eta_seconds=261.896 bootstraps=574
node=6091/7910 op=scatter seconds=871.659 eta_seconds=260.31 bootstraps=574
node=6101/7910 op=mul seconds=872.495 eta_seconds=258.702 bootstraps=574
node=6111/7910 op=repeat seconds=872.863 eta_seconds=256.96 bootstraps=574
node=6121/7910 op=sum seconds=873.405 eta_seconds=255.272 bootstraps=574
node=6131/7910 op=add seconds=873.915 eta_seconds=253.579 bootstraps=574
node=6141/7910 op=cheb seconds=877.811 eta_seconds=252.866 bootstraps=578
node=6151/7910 op=add seconds=880.654 eta_seconds=251.841 bootstraps=580
client_token=1614 logit_margin=0.201346
node=6161/7910 op=feedback seconds=882.455 eta_seconds=250.513 bootstraps=582
node=6171/7910 op=linear_ref seconds=885.005 eta_seconds=249.396 bootstraps=582
node=6181/7910 op=cheb seconds=885.409 eta_seconds=247.674 bootstraps=582
node=6191/7910 op=add seconds=887.743 eta_seconds=246.492 bootstraps=582
node=6201/7910 op=mulp seconds=888.443 eta_seconds=244.855 bootstraps=582
node=6211/7910 op=addp seconds=888.847 eta_seconds=243.141 bootstraps=582
node=6221/7910 op=mul seconds=889.436 eta_seconds=241.482 bootstraps=582
node=6231/7910 op=gather seconds=890.805 eta_seconds=240.035 bootstraps=582
node=6241/7910 op=add seconds=891.144 eta_seconds=238.314 bootstraps=582
node=6251/7910 op=mul seconds=891.665 eta_seconds=236.646 bootstraps=582
node=6261/7910 op=mul seconds=893.616 eta_seconds=235.357 bootstraps=584
node=6271/7910 op=mul seconds=894.552 eta_seconds=233.802 bootstraps=584
node=6281/7910 op=mul seconds=895.288 eta_seconds=232.196 bootstraps=584
node=6291/7910 op=mul seconds=896.538 eta_seconds=230.726 bootstraps=584
node=6301/7910 op=gather seconds=898.771 eta_seconds=229.507 bootstraps=586
node=6311/7910 op=addp seconds=900.869 eta_seconds=228.251 bootstraps=588
node=6321/7910 op=gather seconds=903.06 eta_seconds=227.015 bootstraps=590
node=6331/7910 op=cheb seconds=905.633 eta_seconds=225.872 bootstraps=592
node=6341/7910 op=mulp seconds=906.073 eta_seconds=224.196 bootstraps=592
node=6351/7910 op=cheb seconds=906.397 eta_seconds=222.496 bootstraps=592
node=6361/7910 op=mul seconds=908.342 eta_seconds=221.195 bootstraps=594
node=6371/7910 op=gather seconds=909.165 eta_seconds=219.621 bootstraps=594
node=6381/7910 op=mul seconds=910.277 eta_seconds=218.118 bootstraps=594
node=6391/7910 op=mulp seconds=911.325 eta_seconds=216.602 bootstraps=594
node=6401/7910 op=mulp seconds=911.366 eta_seconds=214.849 bootstraps=594
node=6411/7910 op=repeat seconds=912.068 eta_seconds=213.257 bootstraps=594
node=6421/7910 op=sum seconds=912.607 eta_seconds=211.629 bootstraps=594
node=6431/7910 op=add seconds=913.11 eta_seconds=209.997 bootstraps=594
node=6441/7910 op=cheb seconds=916.987 eta_seconds=209.137 bootstraps=598
node=6451/7910 op=add seconds=919.742 eta_seconds=208.015 bootstraps=600
node=6461/7910 op=linear_ref seconds=922.074 eta_seconds=206.792 bootstraps=602
node=6471/7910 op=cheb seconds=922.181 eta_seconds=205.072 bootstraps=602
node=6481/7910 op=add seconds=926.714 eta_seconds=204.332 bootstraps=606
node=6491/7910 op=mulp seconds=927.004 eta_seconds=202.653 bootstraps=606
node=6501/7910 op=addp seconds=927.19 eta_seconds=200.955 bootstraps=606
node=6511/7910 op=mul seconds=927.513 eta_seconds=199.292 bootstraps=606
node=6521/7910 op=gather seconds=930.975 eta_seconds=198.301 bootstraps=608
node=6531/7910 op=add seconds=931.427 eta_seconds=196.668 bootstraps=608
node=6541/7910 op=mul seconds=932.054 eta_seconds=195.074 bootstraps=608
node=6551/7910 op=mul seconds=932.419 eta_seconds=193.43 bootstraps=608
node=6561/7910 op=mul seconds=932.958 eta_seconds=191.824 bootstraps=608
node=6571/7910 op=mul seconds=933.461 eta_seconds=190.215 bootstraps=608
node=6581/7910 op=mul seconds=936.168 eta_seconds=189.054 bootstraps=610
node=6591/7910 op=gather seconds=936.861 eta_seconds=187.486 bootstraps=610
node=6601/7910 op=addp seconds=938.962 eta_seconds=186.199 bootstraps=612
node=6611/7910 op=gather seconds=941.107 eta_seconds=184.919 bootstraps=614
node=6621/7910 op=cheb seconds=943.676 eta_seconds=183.718 bootstraps=616
node=6631/7910 op=mulp seconds=944.113 eta_seconds=182.102 bootstraps=616
node=6641/7910 op=cheb seconds=944.356 eta_seconds=180.453 bootstraps=616
node=6651/7910 op=mul seconds=944.711 eta_seconds=178.829 bootstraps=616
node=6661/7910 op=gather seconds=947.173 eta_seconds=177.604 bootstraps=618
node=6671/7910 op=mul seconds=948.292 eta_seconds=176.126 bootstraps=618
node=6681/7910 op=mulp seconds=949.335 eta_seconds=174.634 bootstraps=618
node=6691/7910 op=mulp seconds=949.373 eta_seconds=172.962 bootstraps=618
node=6701/7910 op=repeat seconds=950.069 eta_seconds=171.412 bootstraps=618
node=6711/7910 op=sum seconds=950.608 eta_seconds=169.837 bootstraps=618
node=6721/7910 op=add seconds=951.112 eta_seconds=168.26 bootstraps=618
node=6731/7910 op=cheb seconds=954.943 eta_seconds=167.268 bootstraps=622
node=6741/7910 op=add seconds=957.679 eta_seconds=166.077 bootstraps=624
node=6751/7910 op=linear_ref seconds=959.818 eta_seconds=164.78 bootstraps=626
node=6761/7910 op=cheb seconds=961.688 eta_seconds=163.434 bootstraps=628
node=6771/7910 op=add seconds=964.482 eta_seconds=162.243 bootstraps=630
node=6781/7910 op=mulp seconds=964.805 eta_seconds=160.635 bootstraps=630
node=6791/7910 op=addp seconds=964.989 eta_seconds=159.008 bootstraps=630
node=6801/7910 op=mul seconds=966.826 eta_seconds=157.655 bootstraps=632
node=6811/7910 op=gather seconds=968.729 eta_seconds=156.311 bootstraps=632
node=6821/7910 op=add seconds=969.185 eta_seconds=154.734 bootstraps=632
node=6831/7910 op=mul seconds=969.809 eta_seconds=153.188 bootstraps=632
node=6841/7910 op=mul seconds=970.179 eta_seconds=151.604 bootstraps=632
node=6851/7910 op=mul seconds=970.723 eta_seconds=150.05 bootstraps=632
node=6861/7910 op=mul seconds=971.224 eta_seconds=148.494 bootstraps=632
node=6871/7910 op=mul seconds=973.932 eta_seconds=147.273 bootstraps=634
node=6881/7910 op=gather seconds=976.071 eta_seconds=145.964 bootstraps=636
node=6891/7910 op=addp seconds=978.2 eta_seconds=144.65 bootstraps=638
node=6901/7910 op=gather seconds=980.543 eta_seconds=143.366 bootstraps=640
node=6911/7910 op=cheb seconds=983.079 eta_seconds=142.106 bootstraps=642
node=6921/7910 op=mulp seconds=983.6 eta_seconds=140.555 bootstraps=642
node=6931/7910 op=cheb seconds=983.879 eta_seconds=138.972 bootstraps=642
node=6941/7910 op=mul seconds=984.236 eta_seconds=137.405 bootstraps=642
node=6951/7910 op=gather seconds=986.693 eta_seconds=136.13 bootstraps=644
node=6961/7910 op=mul seconds=987.812 eta_seconds=134.669 bootstraps=644
node=6971/7910 op=mulp seconds=988.858 eta_seconds=133.2 bootstraps=644
node=6981/7910 op=mulp seconds=988.896 eta_seconds=131.598 bootstraps=644
node=6991/7910 op=repeat seconds=989.586 eta_seconds=130.086 bootstraps=644
node=7001/7910 op=sum seconds=990.128 eta_seconds=128.557 bootstraps=644
node=7011/7910 op=add seconds=990.632 eta_seconds=127.026 bootstraps=644
node=7021/7910 op=cheb seconds=993.131 eta_seconds=125.75 bootstraps=646
node=7031/7910 op=add seconds=995.797 eta_seconds=124.492 bootstraps=648
node=7041/7910 op=linear_ref seconds=998.121 eta_seconds=123.188 bootstraps=650
node=7051/7910 op=cheb seconds=998.228 eta_seconds=121.611 bootstraps=650
node=7061/7910 op=add seconds=1001.13 eta_seconds=120.373 bootstraps=652
node=7071/7910 op=mulp seconds=1001.4 eta_seconds=118.82 bootstraps=652
node=7081/7910 op=addp seconds=1001.56 eta_seconds=117.256 bootstraps=652
node=7091/7910 op=mul seconds=1003.53 eta_seconds=115.906 bootstraps=654
node=7101/7910 op=gather seconds=1005.43 eta_seconds=114.546 bootstraps=654
node=7111/7910 op=add seconds=1005.88 eta_seconds=113.022 bootstraps=654
node=7121/7910 op=mul seconds=1006.52 eta_seconds=111.521 bootstraps=654
node=7131/7910 op=mul seconds=1006.88 eta_seconds=109.993 bootstraps=654
node=7141/7910 op=mul seconds=1007.42 eta_seconds=108.487 bootstraps=654
node=7151/7910 op=mul seconds=1007.92 eta_seconds=106.98 bootstraps=654
node=7161/7910 op=mul seconds=1010.63 eta_seconds=105.706 bootstraps=656
node=7171/7910 op=gather seconds=1011.35 eta_seconds=104.223 bootstraps=656
node=7181/7910 op=addp seconds=1013.48 eta_seconds=102.886 bootstraps=658
node=7191/7910 op=gather seconds=1015.82 eta_seconds=101.568 bootstraps=660
node=7201/7910 op=cheb seconds=1018.43 eta_seconds=100.273 bootstraps=662
node=7211/7910 op=mulp seconds=1018.88 eta_seconds=98.7654 bootstraps=662
node=7221/7910 op=cheb seconds=1022.05 eta_seconds=97.5201 bootstraps=666
node=7231/7910 op=mul seconds=1022.81 eta_seconds=96.0433 bootstraps=666
node=7241/7910 op=gather seconds=1023.5 eta_seconds=94.5618 bootstraps=666
node=7251/7910 op=mul seconds=1024.19 eta_seconds=93.0821 bootstraps=666
node=7261/7910 op=mulp seconds=1026.87 eta_seconds=91.7833 bootstraps=668
node=7271/7910 op=mulp seconds=1026.92 eta_seconds=90.249 bootstraps=668
node=7281/7910 op=repeat seconds=1027.61 eta_seconds=88.7748 bootstraps=668
node=7291/7910 op=sum seconds=1028.16 eta_seconds=87.2897 bootstraps=668
node=7301/7910 op=add seconds=1028.66 eta_seconds=85.8039 bootstraps=668
node=7311/7910 op=cheb seconds=1031.07 eta_seconds=84.477 bootstraps=670
node=7321/7910 op=add seconds=1033.73 eta_seconds=83.1672 bootstraps=672
node=7331/7910 op=linear_ref seconds=1036.06 eta_seconds=81.8279 bootstraps=674
node=7341/7910 op=cheb seconds=1036.19 eta_seconds=80.3153 bootstraps=674
node=7351/7910 op=add seconds=1041.68 eta_seconds=79.2139 bootstraps=680
node=7361/7910 op=mulp seconds=1043.38 eta_seconds=77.8175 bootstraps=682
node=7371/7910 op=addp seconds=1044.91 eta_seconds=76.4087 bootstraps=684
node=7381/7910 op=mul seconds=1045.62 eta_seconds=74.9401 bootstraps=684
node=7391/7910 op=gather seconds=1046.76 eta_seconds=73.5042 bootstraps=684
node=7401/7910 op=add seconds=1048.84 eta_seconds=72.1332 bootstraps=686
node=7411/7910 op=mul seconds=1049.53 eta_seconds=70.6671 bootstraps=686
node=7421/7910 op=mul seconds=1050.02 eta_seconds=69.1903 bootstraps=686
node=7431/7910 op=mul seconds=1050.81 eta_seconds=67.7348 bootstraps=686
node=7441/7910 op=mul seconds=1051.53 eta_seconds=66.2768 bootstraps=686
node=7451/7910 op=mul seconds=1052.6 eta_seconds=64.8426 bootstraps=686
node=7461/7910 op=gather seconds=1054.84 eta_seconds=63.4797 bootstraps=688
node=7471/7910 op=addp seconds=1056.97 eta_seconds=62.1081 bootstraps=690
node=7481/7910 op=gather seconds=1059.3 eta_seconds=60.7461 bootstraps=692
node=7491/7910 op=cheb seconds=1064.36 eta_seconds=59.534 bootstraps=696
node=7501/7910 op=mulp seconds=1064.75 eta_seconds=58.0567 bootstraps=696
node=7511/7910 op=cheb seconds=1065.12 eta_seconds=56.5816 bootstraps=696
node=7521/7910 op=mul seconds=1066.98 eta_seconds=55.186 bootstraps=698
node=7531/7910 op=gather seconds=1067.8 eta_seconds=53.7375 bootstraps=698
node=7541/7910 op=mul seconds=1068.91 eta_seconds=52.3045 bootstraps=698
node=7551/7910 op=mulp seconds=1069.96 eta_seconds=50.8694 bootstraps=698
node=7561/7910 op=mulp seconds=1069.99 eta_seconds=49.3886 bootstraps=698
node=7571/7910 op=repeat seconds=1070.68 eta_seconds=47.9411 bootstraps=698
node=7581/7910 op=sum seconds=1071.22 eta_seconds=46.4888 bootstraps=698
node=7591/7910 op=add seconds=1071.73 eta_seconds=45.0377 bootstraps=698
node=7601/7910 op=cheb seconds=1074.28 eta_seconds=43.6723 bootstraps=700
node=7611/7910 op=add seconds=1076.94 eta_seconds=42.3077 bootstraps=702
node=7621/7910 op=linear_ref seconds=1079.26 eta_seconds=40.9272 bootstraps=704
node=7631/7910 op=cheb seconds=1079.37 eta_seconds=39.4633 bootstraps=704
node=7641/7910 op=add seconds=1082.27 eta_seconds=38.1012 bootstraps=706
node=7651/7910 op=mulp seconds=1082.55 eta_seconds=36.6461 bootstraps=706
node=7661/7910 op=addp seconds=1082.7 eta_seconds=35.1902 bootstraps=706
node=7671/7910 op=mul seconds=1084.66 eta_seconds=33.7941 bootstraps=708
node=7681/7910 op=gather seconds=1086.57 eta_seconds=32.3947 bootstraps=708
node=7691/7910 op=add seconds=1087.03 eta_seconds=30.9529 bootstraps=708
node=7701/7910 op=mul seconds=1087.66 eta_seconds=29.5183 bootstraps=708
node=7711/7910 op=mul seconds=1088.02 eta_seconds=28.0788 bootstraps=708
node=7721/7910 op=mul seconds=1088.56 eta_seconds=26.6465 bootstraps=708
node=7731/7910 op=mul seconds=1089.06 eta_seconds=25.2156 bootstraps=708
node=7741/7910 op=mul seconds=1091.77 eta_seconds=23.8354 bootstraps=710
node=7751/7910 op=gather seconds=1092.47 eta_seconds=22.4104 bootstraps=710
node=7761/7910 op=addp seconds=1094.6 eta_seconds=21.0148 bootstraps=712
node=7771/7910 op=gather seconds=1096.94 eta_seconds=19.621 bootstraps=714
node=7781/7910 op=cheb seconds=1099.48 eta_seconds=18.2282 bootstraps=716
node=7791/7910 op=mulp seconds=1100.01 eta_seconds=16.8015 bootstraps=716
node=7801/7910 op=cheb seconds=1100.25 eta_seconds=15.3733 bootstraps=716
node=7811/7910 op=mul seconds=1100.61 eta_seconds=13.9496 bootstraps=716
node=7821/7910 op=gather seconds=1103.06 eta_seconds=12.5524 bootstraps=718
node=7831/7910 op=mul seconds=1104.18 eta_seconds=11.1391 bootstraps=718
node=7841/7910 op=mulp seconds=1105.23 eta_seconds=9.72595 bootstraps=718
node=7851/7910 op=mulp seconds=1105.27 eta_seconds=8.30609 bootstraps=718
node=7861/7910 op=repeat seconds=1105.97 eta_seconds=6.89384 bootstraps=718
node=7871/7910 op=sum seconds=1106.51 eta_seconds=5.48265 bootstraps=718
node=7881/7910 op=add seconds=1107.02 eta_seconds=4.07353 bootstraps=718
node=7891/7910 op=cheb seconds=1110.85 eta_seconds=2.6747 bootstraps=722
node=7901/7910 op=add seconds=1113.68 eta_seconds=1.26859 bootstraps=724
node=7910/7910 op=mulp seconds=1115.25 eta_seconds=0 bootstraps=726
client_token=315 logit_margin=0.674917
passed=1 polynomial_error=0.000123327 exact_error=9.196e-05 eval_seconds=1115.32
