GPU 0: NVIDIA GB10
 SMs: 48, SharedMem: 100 KB, Blocks/SM: 24, Threads/SM: 1536, L2 size: 24 MB, Bus: 256-bit
Adding bootstrap precomputation to GPU for 32768 slots.
Plaintexts loaded: 248 ~ 6262MB
Rotation keys loaded: 85 ~ 15300MB
setup_seconds=26.1858
planned_logical_refreshes=4
node=1/127 op=public seconds=0.195785 eta_seconds=24.6689 bootstraps=0
node=11/127 op=mulp seconds=0.938771 eta_seconds=9.89976 bootstraps=0
node=21/127 op=addp seconds=3.08807 eta_seconds=15.5874 bootstraps=0
node=31/127 op=mulp seconds=4.17572 eta_seconds=12.9313 bootstraps=0
node=41/127 op=mul seconds=4.7769 eta_seconds=10.0198 bootstraps=0
node=51/127 op=repeat seconds=5.34228 eta_seconds=7.96104 bootstraps=0
node=61/127 op=mul seconds=5.93363 eta_seconds=6.41999 bootstraps=0
node=71/127 op=gather seconds=7.00119 eta_seconds=5.52206 bootstraps=0
node=81/127 op=scatter seconds=7.57865 eta_seconds=4.30393 bootstraps=0
node=91/127 op=mul seconds=8.04488 eta_seconds=3.18259 bootstraps=0
node=101/127 op=linear seconds=10.7815 eta_seconds=2.77544 bootstraps=2
node=111/127 op=mulp seconds=12.2665 eta_seconds=1.76814 bootstraps=4
node=121/127 op=sum seconds=14.9303 eta_seconds=0.740345 bootstraps=6
node=127/127 op=mulp seconds=16.4728 eta_seconds=0 bootstraps=8
passed=1 polynomial_error=1.8461e-05 exact_error=1.91916e-05 eval_seconds=16.4732
