GPU 0: NVIDIA GB10
 SMs: 48, SharedMem: 100 KB, Blocks/SM: 24, Threads/SM: 1536, L2 size: 24 MB, Bus: 256-bit
Adding bootstrap precomputation to GPU for 32768 slots.
Plaintexts loaded: 248 ~ 6262MB
Rotation keys loaded: 85 ~ 15300MB
setup_seconds=26.6472
planned_logical_refreshes=15
node=1/402 op=public seconds=0.205315 eta_seconds=82.3314 bootstraps=0
node=11/402 op=mulp seconds=0.916459 eta_seconds=32.576 bootstraps=0
node=21/402 op=addp seconds=2.58417 eta_seconds=46.8842 bootstraps=0
node=31/402 op=mulp seconds=3.53093 eta_seconds=42.2573 bootstraps=0
node=41/402 op=mul seconds=4.06795 eta_seconds=35.8178 bootstraps=0
node=51/402 op=repeat seconds=4.55547 eta_seconds=31.3524 bootstraps=0
node=61/402 op=mul seconds=4.98728 eta_seconds=27.8797 bootstraps=0
node=71/402 op=gather seconds=5.69058 eta_seconds=26.5293 bootstraps=0
node=81/402 op=scatter seconds=6.03362 eta_seconds=23.911 bootstraps=0
node=91/402 op=mul seconds=6.35882 eta_seconds=21.7318 bootstraps=0
node=101/402 op=linear seconds=8.77292 eta_seconds=26.1451 bootstraps=2
node=111/402 op=mulp seconds=10.2423 eta_seconds=26.8514 bootstraps=4
node=121/402 op=sum seconds=12.6263 eta_seconds=29.3222 bootstraps=6
node=131/402 op=sum seconds=14.387 eta_seconds=29.7624 bootstraps=8
node=141/402 op=gather seconds=16.3148 eta_seconds=30.1997 bootstraps=8
node=151/402 op=cheb seconds=17.899 eta_seconds=29.7526 bootstraps=8
node=161/402 op=mul seconds=18.8242 eta_seconds=28.1778 bootstraps=8
node=171/402 op=mulp seconds=19.2014 eta_seconds=25.9388 bootstraps=8
node=181/402 op=gather seconds=21.176 eta_seconds=25.8558 bootstraps=10
node=191/402 op=scatter seconds=21.5402 eta_seconds=23.7958 bootstraps=10
node=201/402 op=mulp seconds=22.3203 eta_seconds=22.3203 bootstraps=10
node=211/402 op=scatter seconds=22.9062 eta_seconds=20.735 bootstraps=10
node=221/402 op=mul seconds=22.9425 eta_seconds=18.79 bootstraps=10
node=231/402 op=mul seconds=25.1599 eta_seconds=18.6248 bootstraps=12
node=241/402 op=addp seconds=25.8395 eta_seconds=17.2621 bootstraps=12
node=251/402 op=linear_ref seconds=29.8476 eta_seconds=17.9561 bootstraps=16
node=261/402 op=mulp seconds=31.3638 eta_seconds=16.9437 bootstraps=18
client_token=6864 logit_margin=5.73048
node=271/402 op=mulp seconds=32.1022 eta_seconds=15.518 bootstraps=18
node=281/402 op=addp seconds=33.7859 eta_seconds=14.5484 bootstraps=18
node=291/402 op=mulp seconds=35.9068 eta_seconds=13.6964 bootstraps=18
node=301/402 op=mul seconds=36.4488 eta_seconds=12.2303 bootstraps=18
node=311/402 op=repeat seconds=36.935 eta_seconds=10.8074 bootstraps=18
node=321/402 op=mul seconds=37.332 eta_seconds=9.42023 bootstraps=18
node=331/402 op=gather seconds=38.0427 eta_seconds=8.16022 bootstraps=18
node=341/402 op=scatter seconds=38.3858 eta_seconds=6.86667 bootstraps=18
node=351/402 op=mul seconds=38.7283 eta_seconds=5.62719 bootstraps=18
node=361/402 op=add seconds=40.53 eta_seconds=4.60313 bootstraps=20
node=371/402 op=repeat seconds=41.2355 eta_seconds=3.44555 bootstraps=20
node=381/402 op=mulp seconds=43.0653 eta_seconds=2.37368 bootstraps=22
node=391/402 op=mul seconds=45.2164 eta_seconds=1.27207 bootstraps=24
node=401/402 op=mul seconds=47.1644 eta_seconds=0.117617 bootstraps=26
node=402/402 op=mulp seconds=47.1681 eta_seconds=0 bootstraps=26
client_token=6864 logit_margin=5.21147
passed=1 polynomial_error=1.30699e-05 exact_error=1.90033e-05 eval_seconds=47.1692
