-- The CXX compiler identification is GNU 13.3.0
-- Detecting CXX compiler ABI info
-- Detecting CXX compiler ABI info - done
-- Check for working CXX compiler: /usr/bin/g++ - skipped
-- Detecting CXX compile features
-- Detecting CXX compile features - done
-- Using FIDESlib.
-- Found CUDAToolkit: /usr/local/cuda-13.0/targets/sbsa-linux/include (found version "13.0.88") 
-- Performing Test CMAKE_HAVE_LIBC_PTHREAD
-- Performing Test CMAKE_HAVE_LIBC_PTHREAD - Success
-- Found Threads: TRUE  
-- FOUND PACKAGE FIDESlib
-- FIDESlib Version: 1.0
-- FIDESlib header files location: /home/kataiwa/fhemamba/spark/install-2a70798e869944af/include/fideslib/fideslib
-- FIDESlib lib files location: /home/kataiwa/fhemamba/spark/install-2a70798e869944af/lib
-- FIDESlib C++ compiler: /usr/bin/g++
-- Configuring done (0.2s)
-- Generating done (0.0s)
-- Build files have been written to: /home/kataiwa/fhemamba/mamba2-plaintext-20260924/build
[  5%] Building CXX object CMakeFiles/stage1_mamba2_payload.dir/src/stage1_mamba2_payload.cpp.o
[ 11%] Building CXX object CMakeFiles/stage1_mamba2_process.dir/src/stage1_mamba2_process.cpp.o
[ 16%] Building CXX object CMakeFiles/fideslib_plaintext_encoder.dir/src/fideslib_plaintext_encoder.cpp.o
[ 22%] Building CXX object CMakeFiles/stage1_mamba2_config.dir/src/stage1_mamba2_config.cpp.o
[ 27%] Linking CXX static library libstage1_mamba2_process.a
[ 27%] Built target stage1_mamba2_process
[ 33%] Building CXX object CMakeFiles/fideslib_handoff.dir/src/fideslib_handoff.cpp.o
[ 38%] Linking CXX static library libstage1_mamba2_config.a
[ 38%] Built target stage1_mamba2_config
[ 44%] Building CXX object CMakeFiles/stage1_mamba2_artifact.dir/src/stage1_mamba2_artifact.cpp.o
[ 50%] Linking CXX static library libstage1_mamba2_artifact.a
[ 50%] Built target stage1_mamba2_artifact
[ 55%] Linking CXX static library libstage1_mamba2_payload.a
[ 55%] Built target stage1_mamba2_payload
[ 61%] Building CXX object CMakeFiles/stage1_mamba2_depth.dir/src/stage1_mamba2_depth.cpp.o
[ 66%] Building CXX object CMakeFiles/stage1_mamba2_plan.dir/src/stage1_mamba2_plan.cpp.o
[ 72%] Linking CXX static library libstage1_mamba2_depth.a
[ 72%] Built target stage1_mamba2_depth
[ 77%] Linking CXX static library libstage1_mamba2_plan.a
[ 77%] Built target stage1_mamba2_plan
[ 83%] Linking CXX static library libfideslib_plaintext_encoder.a
[ 83%] Built target fideslib_plaintext_encoder
[ 88%] Linking CXX static library libfideslib_handoff.a
[ 88%] Built target fideslib_handoff
[ 94%] Building CXX object CMakeFiles/stage1_mamba2_decode_fideslib.dir/src/stage1_mamba2_decode_fideslib.cpp.o
/home/kataiwa/fhemamba/mamba2-plaintext-20260924/source/native/fideslib_stage0/src/stage1_mamba2_decode_fideslib.cpp: In lambda function:
/home/kataiwa/fhemamba/mamba2-plaintext-20260924/source/native/fideslib_stage0/src/stage1_mamba2_decode_fideslib.cpp:2438:79: note: parameter passing for argument of type ‘std::pair<double, double>’ when C++17 is enabled changed to match C++14 in GCC 10.1
 2438 |       return std::pair<double, double>{2.0 / (hi - lo), -(lo + hi) / (hi - lo)};
      |                                                                               ^
[100%] Linking CXX executable stage1_mamba2_decode_fideslib
[100%] Built target stage1_mamba2_decode_fideslib
[ 25%] Built target fideslib_plaintext_encoder
[ 50%] Built target stage1_mamba2_payload
[ 75%] Built target stage1_mamba2_plan
[ 87%] Building CXX object CMakeFiles/packed_fideslib.dir/src/packed_fideslib.cpp.o
[100%] Linking CXX executable packed_fideslib
[100%] Built target packed_fideslib
[ 50%] Built target fideslib_plaintext_encoder
[ 75%] Building CXX object CMakeFiles/packed_plaintext_probe.dir/src/packed_plaintext_probe.cpp.o
[100%] Linking CXX executable packed_plaintext_probe
[100%] Built target packed_plaintext_probe
