[stage1_mamba2_decode_fideslib] bsgs layout mode=auto in_proj r=7 window=3840 diagonals=110 baby=10 out_proj r=20 window=1536 diagonals=77 baby=8 rss_gib=0.161617 peak_rss_gib=0.161617
[stage1_mamba2_decode_fideslib] rotation key plan mode=balanced required=101 keys=103 base=32 est_gib=18.105469 planned_composite_apps_per_token=0.000000 rss_gib=0.161617 peak_rss_gib=0.161617
[stage1_mamba2_decode_fideslib] no-bootstrap ledger per token output: 76 74; segment map: residual->18 proj->12 fifo->12 conv->7 dt->6 decay->3 state_pre->5 state_tail->4 y->18 newton->14 (max segment 18 + bootstrap output 18 vs depth 44) rss_gib=0.161678 peak_rss_gib=0.161678
[stage1_mamba2_decode_fideslib] payload loaded d_model=768 proj_dim=3352 groups=6 layers=1/24 rotation_keys=101 rss_gib=0.161678 peak_rss_gib=0.161678
[stage1_mamba2_decode_fideslib] context setup begin rss_gib=0.161678 peak_rss_gib=0.161678
[stage1_mamba2_decode_fideslib] context setup done rss_gib=0.718136 peak_rss_gib=0.718136
[stage1_mamba2_decode_fideslib] rotation keygen begin mode=balanced count=103 rss_gib=0.718136 peak_rss_gib=0.718136
[stage1_mamba2_decode_fideslib] rotation keygen done rss_gib=21.7912 peak_rss_gib=21.7912
[stage1_mamba2_decode_fideslib] bootstrap setup/keygen begin rss_gib=21.7912 peak_rss_gib=21.7912
[stage1_mamba2_decode_fideslib] bootstrap setup/keygen done rss_gib=29.6477 peak_rss_gib=31.8548
[stage1_mamba2_decode_fideslib] load context begin rss_gib=29.6477 peak_rss_gib=31.8548
GPU 0: NVIDIA GB10
 SMs: 48, SharedMem: 100 KB, Blocks/SM: 24, Threads/SM: 1536, L2 size: 24 MB, Bus: 256-bit
Adding bootstrap precomputation to GPU for 32768 slots.
Plaintexts loaded: 150 ~ 3900MB
Rotation keys loaded: 115 ~ 20700MB
[stage1_mamba2_decode_fideslib] load context done rss_gib=31.0183 peak_rss_gib=31.8548
[stage1_mamba2_decode_fideslib] encode self test passed threads=8 diagonals=32 rss_gib=29.3548 peak_rss_gib=31.8548
[stage1_mamba2_decode_fideslib] pt cache encode begin mode=full registered=217 registered_gib=3.898926 selected=217 selected_gib=3.898926 threads=8 rss_gib=29.0774 peak_rss_gib=31.8548
[stage1_mamba2_decode_fideslib] pt cache encode done cached=217/217 bytes_gib=3.898926 rss_gib=32.6411 peak_rss_gib=32.6411
[stage1_mamba2_decode_fideslib] pt reuse check passed (EvalMult left the shared plaintext intact) rss_gib=32.6413 peak_rss_gib=32.6413
[stage1_mamba2_decode_fideslib] token loop begin tokens=2 layers=1 rss_gib=32.6413 peak_rss_gib=32.6413
[stage1_mamba2_decode_fideslib] auto bootstrap t0.L00.conv_silu level_before=37 level_after=21 rss_gib=32.6414 peak_rss_gib=32.6414
[stage1_mamba2_decode_fideslib] auto bootstrap t0.L00.dt level_before=38 level_after=21 rss_gib=32.6414 peak_rss_gib=32.6414
[stage1_mamba2_decode_fideslib] auto bootstrap t0.L00.y_scaled level_before=37 level_after=21 rss_gib=32.6414 peak_rss_gib=32.6414
[stage1_mamba2_decode_fideslib] auto bootstrap t0.L00.gated.scheduled_norm.5 level_before=35 level_after=21 rss_gib=32.6414 peak_rss_gib=32.6414
[stage1_mamba2_decode_fideslib] auto bootstrap t0.L00.gated.scheduled_norm.11 level_before=36 level_after=21 rss_gib=32.6414 peak_rss_gib=32.6414
[stage1_mamba2_decode_fideslib] t0.L00 done output_level=29 bootstraps=5 rss_gib=32.6414 peak_rss_gib=32.6414
[stage1_mamba2_decode_fideslib] token 0 done output_level=29 bootstraps=5 rss_gib=32.6414 peak_rss_gib=32.6414
[stage1_mamba2_decode_fideslib] auto bootstrap t1.L00.conv_silu level_before=37 level_after=21 rss_gib=32.6516 peak_rss_gib=32.6953
[stage1_mamba2_decode_fideslib] auto bootstrap t1.L00.dt level_before=38 level_after=21 rss_gib=32.6516 peak_rss_gib=32.6953
[stage1_mamba2_decode_fideslib] auto bootstrap t1.L00.decay level_before=38 level_after=21 rss_gib=32.6516 peak_rss_gib=32.6953
[stage1_mamba2_decode_fideslib] auto bootstrap t1.L00.y_scaled level_before=37 level_after=21 rss_gib=32.6516 peak_rss_gib=32.6953
[stage1_mamba2_decode_fideslib] auto bootstrap t1.L00.gated.scheduled_norm.5 level_before=35 level_after=21 rss_gib=32.6516 peak_rss_gib=32.6953
[stage1_mamba2_decode_fideslib] auto bootstrap t1.L00.gated.scheduled_norm.11 level_before=36 level_after=21 rss_gib=32.6516 peak_rss_gib=32.6953
[stage1_mamba2_decode_fideslib] t1.L00 done output_level=29 bootstraps=6 rss_gib=32.6516 peak_rss_gib=32.6953
[stage1_mamba2_decode_fideslib] token 1 done output_level=29 bootstraps=6 rss_gib=32.6516 peak_rss_gib=32.6953
[stage1_mamba2_decode_fideslib] token loop done rotations=732 ct_pt=3324 ct_ct=466 bootstraps=22 rss_gib=32.6516 peak_rss_gib=32.6953
[stage1_mamba2_decode_fideslib] decrypt begin rss_gib=32.6516 peak_rss_gib=32.6953
[stage1_mamba2_decode_fideslib] token 0 max_abs_error=0.000111 max_abs_error_vs_exact=0.002269 non_finite_slots=0 slot0=0.087597 ref0=0.087611 rss_gib=32.6513 peak_rss_gib=32.6953
[stage1_mamba2_decode_fideslib] token 1 max_abs_error=0.000294 max_abs_error_vs_exact=0.009304 non_finite_slots=0 slot0=-0.432120 ref0=-0.432055 rss_gib=32.6513 peak_rss_gib=32.6953
[stage1_mamba2_decode_fideslib] decrypt done rss_gib=32.6513 peak_rss_gib=32.6953
