{
  "verified_samples": 45,
  "verified_archives": 6,
  "full_model": [
    {
      "name": "final-baseline-full",
      "passed": true,
      "wall_seconds": 983.6914657121524,
      "binary_sha256": "84d292e64290a64604e5152b9e5a697832bbfa88bbee2268331f819a2b5e7009",
      "source_manifest_sha256": "11a0ea2cb9393050d6a1f988894ff36edef7c4eb29b94f404c18058b921b194c",
      "eval_seconds": 941.951139744,
      "bootstraps": 726,
      "logical_refreshes": 1108,
      "ct_ct_mul": 12005,
      "ct_pt_mul": 107738,
      "rotations": 57932,
      "host_encoding_seconds": 169.152298856,
      "bootstrap_seconds": 511.552352943,
      "max_abs_error_vs_exact": 0.000128416797838,
      "max_abs_error_vs_polynomial": 0.000116065806984,
      "full_model": true,
      "reduction_vs_initial_baseline_percent": -0.02731108553974959
    },
    {
      "name": "final-candidate-full",
      "passed": true,
      "wall_seconds": 802.2963271737099,
      "binary_sha256": "82ff964d3af3f6a73498fec319e5ea643c7c8a5fee4dd4c1560194c6bb81eaff",
      "source_manifest_sha256": "228c6390b33d3e364e7f03175004adb491a81b5c842eeef830bf739c0c33c3e4",
      "eval_seconds": 761.001983786,
      "bootstraps": 476,
      "logical_refreshes": 1331,
      "ct_ct_mul": 12005,
      "ct_pt_mul": 106457,
      "rotations": 62990,
      "host_encoding_seconds": 151.814104462,
      "bootstrap_seconds": 363.586452278,
      "max_abs_error_vs_exact": 8.09575459648e-05,
      "max_abs_error_vs_polynomial": 6.07799113723e-05,
      "full_model": true,
      "reduction_vs_initial_baseline_percent": 19.1879716929235
    },
    {
      "name": "frontier-only-full",
      "passed": true,
      "wall_seconds": 803.181081565097,
      "binary_sha256": "ca2436e208ff66024602af00f36e82dc86641699ae29ba50d24f4ffdfa7ec7b6",
      "source_manifest_sha256": "41bd3967ab8421b06f289970b824546cb44304378bd2ce596973a8fe21b2913f",
      "eval_seconds": 761.929789019,
      "bootstraps": 476,
      "logical_refreshes": 1331,
      "ct_ct_mul": 12005,
      "ct_pt_mul": 106457,
      "rotations": 62990,
      "host_encoding_seconds": 152.913505259,
      "bootstrap_seconds": 363.586401147,
      "max_abs_error_vs_exact": 0.000117124384786,
      "max_abs_error_vs_polynomial": 0.000110730211174,
      "full_model": true,
      "reduction_vs_initial_baseline_percent": 19.089446558495283
    },
    {
      "name": "frontier-r1-full",
      "passed": true,
      "wall_seconds": 857.1479546837509,
      "binary_sha256": "ca2436e208ff66024602af00f36e82dc86641699ae29ba50d24f4ffdfa7ec7b6",
      "source_manifest_sha256": "41bd3967ab8421b06f289970b824546cb44304378bd2ce596973a8fe21b2913f",
      "eval_seconds": 816.409649212,
      "bootstraps": 586,
      "logical_refreshes": 1545,
      "ct_ct_mul": 7994,
      "ct_pt_mul": 97333,
      "rotations": 63534,
      "host_encoding_seconds": 167.566439379,
      "bootstrap_seconds": 442.223677314,
      "max_abs_error_vs_exact": 9.60712190023e-05,
      "max_abs_error_vs_polynomial": 9.43045533397e-05,
      "full_model": true,
      "reduction_vs_initial_baseline_percent": 13.304142317658595
    },
    {
      "name": "full-baseline",
      "passed": true,
      "wall_seconds": 982.3131728069857,
      "binary_sha256": "84d292e64290a64604e5152b9e5a697832bbfa88bbee2268331f819a2b5e7009",
      "source_manifest_sha256": "11a0ea2cb9393050d6a1f988894ff36edef7c4eb29b94f404c18058b921b194c",
      "eval_seconds": 941.693952903,
      "bootstraps": 726,
      "logical_refreshes": 1108,
      "ct_ct_mul": 12005,
      "ct_pt_mul": 107738,
      "rotations": 57932,
      "host_encoding_seconds": 168.676795444,
      "bootstrap_seconds": 512.406236898,
      "max_abs_error_vs_exact": 6.47002555571e-05,
      "max_abs_error_vs_polynomial": 6.10470052186e-05,
      "full_model": true,
      "reduction_vs_initial_baseline_percent": 0.0
    },
    {
      "name": "layout-r2-full",
      "passed": true,
      "wall_seconds": 832.9434893568978,
      "binary_sha256": "537bd3c668667a3f86fdc725d51b433955bc495a6cd18b945f73d41273d39ea3",
      "source_manifest_sha256": "ff513c574dc7d9eec28fa2ef45695acabafc24b6691232466ba0ca5b9158cb66",
      "eval_seconds": 792.399205348,
      "bootstraps": 586,
      "logical_refreshes": 1524,
      "ct_ct_mul": 7994,
      "ct_pt_mul": 95855,
      "rotations": 58974,
      "host_encoding_seconds": 164.067531318,
      "bootstrap_seconds": 400.499685812,
      "max_abs_error_vs_exact": 9.74257903366e-05,
      "max_abs_error_vs_polynomial": 9.91924559992e-05,
      "full_model": true,
      "reduction_vs_initial_baseline_percent": 15.853850085238697
    }
  ]
}
