GPU 0: NVIDIA GB10
 SMs: 48, SharedMem: 100 KB, Blocks/SM: 24, Threads/SM: 1536, L2 size: 24 MB, Bus: 256-bit
Adding bootstrap precomputation to GPU for 32768 slots.
Plaintexts loaded: 248 ~ 6262MB
Rotation keys loaded: 85 ~ 15300MB
setup_seconds=26.6165
planned_logical_refreshes=4
node=1/127 op=public seconds=0.183322 eta_seconds=23.0986 bootstraps=0
node=11/127 op=mulp seconds=0.922133 eta_seconds=9.72431 bootstraps=0
node=21/127 op=addp seconds=2.93392 eta_seconds=14.8093 bootstraps=0
node=31/127 op=mulp seconds=3.96734 eta_seconds=12.2859 bootstraps=0
node=41/127 op=mul seconds=4.56587 eta_seconds=9.5772 bootstraps=0
node=51/127 op=repeat seconds=5.13159 eta_seconds=7.64707 bootstraps=0
node=61/127 op=mul seconds=5.70766 eta_seconds=6.1755 bootstraps=0
node=71/127 op=gather seconds=6.7635 eta_seconds=5.33459 bootstraps=0
node=81/127 op=scatter seconds=7.31913 eta_seconds=4.15654 bootstraps=0
node=91/127 op=mul seconds=7.78624 eta_seconds=3.08027 bootstraps=0
node=101/127 op=linear seconds=10.3715 eta_seconds=2.66989 bootstraps=2
node=111/127 op=mulp seconds=11.851 eta_seconds=1.70825 bootstraps=4
node=121/127 op=sum seconds=14.452 eta_seconds=0.716626 bootstraps=6
node=127/127 op=mulp seconds=16.0024 eta_seconds=0 bootstraps=8
passed=1 polynomial_error=1.77733e-05 exact_error=1.69295e-05 eval_seconds=16.0028
