GPU 0: NVIDIA GB10
 SMs: 48, SharedMem: 100 KB, Blocks/SM: 24, Threads/SM: 1536, L2 size: 24 MB, Bus: 256-bit
Adding bootstrap precomputation to GPU for 32768 slots.
Plaintexts loaded: 248 ~ 6262MB
Rotation keys loaded: 85 ~ 15300MB
setup_seconds=26.4832
planned_logical_refreshes=94
node=1/1414 op=public seconds=0.155458 eta_seconds=219.662 bootstraps=0
node=11/1414 op=public seconds=1.6271 eta_seconds=207.53 bootstraps=0
node=21/1414 op=mul seconds=2.65318 eta_seconds=175.994 bootstraps=0
node=31/1414 op=gather seconds=5.73827 eta_seconds=256.001 bootstraps=0
node=41/1414 op=mul seconds=7.0839 eta_seconds=237.224 bootstraps=0
node=51/1414 op=repeat seconds=7.90602 eta_seconds=211.292 bootstraps=0
node=61/1414 op=mulp seconds=8.36215 eta_seconds=185.475 bootstraps=0
node=71/1414 op=add seconds=9.22085 eta_seconds=174.417 bootstraps=0
node=81/1414 op=add seconds=10.4252 eta_seconds=171.565 bootstraps=0
node=91/1414 op=scatter seconds=11.437 eta_seconds=166.277 bootstraps=0
node=111/1414 op=mul seconds=14.6681 eta_seconds=172.185 bootstraps=2
node=121/1414 op=mul seconds=15.9749 eta_seconds=170.707 bootstraps=2
node=131/1414 op=scatter seconds=19.862 eta_seconds=194.527 bootstraps=4
node=141/1414 op=gather seconds=23.9191 eta_seconds=215.951 bootstraps=8
node=161/1414 op=cheb seconds=26.3676 eta_seconds=205.208 bootstraps=10
node=171/1414 op=sum seconds=26.6621 eta_seconds=193.807 bootstraps=10
node=181/1414 op=addp seconds=26.8959 eta_seconds=183.219 bootstraps=10
node=191/1414 op=scatter seconds=29.7674 eta_seconds=190.605 bootstraps=12
node=201/1414 op=mul seconds=32.2788 eta_seconds=194.797 bootstraps=12
node=211/1414 op=scatter seconds=33.5738 eta_seconds=191.419 bootstraps=12
node=221/1414 op=sum seconds=34.2343 eta_seconds=184.803 bootstraps=12
node=231/1414 op=scatter seconds=36.8387 eta_seconds=188.659 bootstraps=14
node=241/1414 op=gather seconds=39.8178 eta_seconds=193.802 bootstraps=16
node=251/1414 op=cheb seconds=43.9901 eta_seconds=203.827 bootstraps=20
node=271/1414 op=repeat seconds=47.6541 eta_seconds=200.991 bootstraps=22
node=281/1414 op=addp seconds=48.456 eta_seconds=195.376 bootstraps=22
node=291/1414 op=repeat seconds=48.8466 eta_seconds=188.504 bootstraps=22
node=301/1414 op=mul seconds=49.453 eta_seconds=182.861 bootstraps=22
node=311/1414 op=scatter seconds=52.8816 eta_seconds=187.551 bootstraps=24
node=321/1414 op=mul seconds=54.4262 eta_seconds=185.321 bootstraps=24
node=341/1414 op=add seconds=56.8377 eta_seconds=178.847 bootstraps=24
node=351/1414 op=cheb seconds=60.0772 eta_seconds=181.943 bootstraps=26
node=361/1414 op=add seconds=63.6841 eta_seconds=185.76 bootstraps=28
node=371/1414 op=linear seconds=66.4164 eta_seconds=186.718 bootstraps=30
node=381/1414 op=cheb seconds=68.416 eta_seconds=185.495 bootstraps=32
node=391/1414 op=add seconds=69.1818 eta_seconds=181.005 bootstraps=32
node=401/1414 op=mulp seconds=69.6057 eta_seconds=175.837 bootstraps=32
node=411/1414 op=addp seconds=69.8468 eta_seconds=170.453 bootstraps=32
node=421/1414 op=mul seconds=70.4415 eta_seconds=166.148 bootstraps=32
node=431/1414 op=gather seconds=75.4778 eta_seconds=172.145 bootstraps=34
node=441/1414 op=add seconds=76.2577 eta_seconds=168.251 bootstraps=34
node=451/1414 op=mulp seconds=77.435 eta_seconds=165.343 bootstraps=34
node=461/1414 op=add seconds=81.0766 eta_seconds=167.605 bootstraps=36
node=471/1414 op=linear seconds=83.7971 eta_seconds=167.772 bootstraps=38
node=481/1414 op=mulp seconds=86.5112 eta_seconds=167.807 bootstraps=40
node=491/1414 op=gather seconds=89.2472 eta_seconds=167.77 bootstraps=42
node=501/1414 op=cheb seconds=91.4728 eta_seconds=166.696 bootstraps=44
node=511/1414 op=sum seconds=92.2395 eta_seconds=162.999 bootstraps=44
node=521/1414 op=addp seconds=92.5734 eta_seconds=158.672 bootstraps=44
node=531/1414 op=gather seconds=93.3125 eta_seconds=155.169 bootstraps=44
node=541/1414 op=add seconds=95.9349 eta_seconds=154.808 bootstraps=46
node=551/1414 op=add seconds=98.2958 eta_seconds=153.955 bootstraps=46
node=561/1414 op=add seconds=100.213 eta_seconds=152.374 bootstraps=46
node=571/1414 op=repeat seconds=100.81 eta_seconds=148.832 bootstraps=46
node=581/1414 op=mulp seconds=103.906 eta_seconds=148.973 bootstraps=48
node=591/1414 op=mul seconds=108.281 eta_seconds=150.787 bootstraps=52
node=601/1414 op=mul seconds=110.945 eta_seconds=150.08 bootstraps=54
node=611/1414 op=gather seconds=112.46 eta_seconds=147.8 bootstraps=54
node=621/1414 op=mul seconds=115.236 eta_seconds=147.154 bootstraps=56
node=631/1414 op=repeat seconds=115.65 eta_seconds=143.509 bootstraps=56
node=641/1414 op=mulp seconds=115.907 eta_seconds=139.775 bootstraps=56
node=651/1414 op=add seconds=116.517 eta_seconds=136.563 bootstraps=56
node=661/1414 op=add seconds=120.414 eta_seconds=137.173 bootstraps=58
node=671/1414 op=scatter seconds=121.953 eta_seconds=135.039 bootstraps=58
node=691/1414 op=mul seconds=124.256 eta_seconds=130.01 bootstraps=58
node=701/1414 op=mul seconds=127.386 eta_seconds=129.567 bootstraps=60
node=711/1414 op=scatter seconds=131.006 eta_seconds=129.532 bootstraps=62
node=721/1414 op=gather seconds=134.128 eta_seconds=128.919 bootstraps=64
node=741/1414 op=cheb seconds=137.207 eta_seconds=124.616 bootstraps=66
node=751/1414 op=sum seconds=137.5 eta_seconds=121.388 bootstraps=66
node=761/1414 op=addp seconds=137.728 eta_seconds=118.182 bootstraps=66
node=771/1414 op=scatter seconds=140.442 eta_seconds=117.126 bootstraps=68
node=781/1414 op=mul seconds=143.179 eta_seconds=116.046 bootstraps=68
node=791/1414 op=scatter seconds=144.576 eta_seconds=113.869 bootstraps=68
node=801/1414 op=sum seconds=145.283 eta_seconds=111.184 bootstraps=68
node=811/1414 op=scatter seconds=148.507 eta_seconds=110.419 bootstraps=70
node=821/1414 op=gather seconds=149.708 eta_seconds=108.132 bootstraps=70
node=831/1414 op=cheb seconds=153.829 eta_seconds=107.921 bootstraps=74
node=851/1414 op=repeat seconds=157.186 eta_seconds=103.99 bootstraps=76
node=861/1414 op=addp seconds=157.868 eta_seconds=101.395 bootstraps=76
node=871/1414 op=repeat seconds=161.149 eta_seconds=100.464 bootstraps=80
node=881/1414 op=mul seconds=162.399 eta_seconds=98.2503 bootstraps=80
node=891/1414 op=scatter seconds=163.89 eta_seconds=96.2005 bootstraps=80
node=901/1414 op=mul seconds=164.892 eta_seconds=93.884 bootstraps=80
node=921/1414 op=add seconds=169.232 eta_seconds=90.5877 bootstraps=82
node=931/1414 op=cheb seconds=172.443 eta_seconds=89.4629 bootstraps=84
node=941/1414 op=add seconds=176.075 eta_seconds=88.5055 bootstraps=86
node=951/1414 op=linear seconds=179.194 eta_seconds=87.2417 bootstraps=88
node=961/1414 op=cheb seconds=179.394 eta_seconds=84.5636 bootstraps=88
node=971/1414 op=add seconds=181.669 eta_seconds=82.8828 bootstraps=90
node=981/1414 op=mulp seconds=183.514 eta_seconds=81.0004 bootstraps=92
node=991/1414 op=addp seconds=185.191 eta_seconds=79.0471 bootstraps=94
node=1001/1414 op=mul seconds=186.372 eta_seconds=76.8948 bootstraps=94
node=1011/1414 op=gather seconds=188.506 eta_seconds=75.1415 bootstraps=94
node=1021/1414 op=add seconds=191.064 eta_seconds=73.5436 bootstraps=96
node=1031/1414 op=mulp seconds=192.323 eta_seconds=71.4449 bootstraps=96
node=1041/1414 op=add seconds=194.174 eta_seconds=69.5745 bootstraps=96
node=1051/1414 op=linear seconds=197.283 eta_seconds=68.1386 bootstraps=98
node=1061/1414 op=mulp seconds=199.75 eta_seconds=66.4578 bootstraps=100
node=1071/1414 op=gather seconds=202.852 eta_seconds=64.9656 bootstraps=102
node=1081/1414 op=cheb seconds=205.02 eta_seconds=63.1559 bootstraps=104
node=1091/1414 op=sum seconds=205.811 eta_seconds=60.932 bootstraps=104
node=1101/1414 op=addp seconds=206.133 eta_seconds=58.6009 bootstraps=104
node=1111/1414 op=gather seconds=206.837 eta_seconds=56.4102 bootstraps=104
node=1121/1414 op=add seconds=209.384 eta_seconds=54.7275 bootstraps=106
node=1131/1414 op=add seconds=211.623 eta_seconds=52.9525 bootstraps=106
node=1141/1414 op=add seconds=213.424 eta_seconds=51.0645 bootstraps=106
node=1151/1414 op=repeat seconds=213.98 eta_seconds=48.8938 bootstraps=106
node=1161/1414 op=mulp seconds=217.076 eta_seconds=47.3043 bootstraps=108
node=1171/1414 op=mul seconds=219.744 eta_seconds=45.6002 bootstraps=110
node=1181/1414 op=mul seconds=222.33 eta_seconds=43.8636 bootstraps=112
node=1191/1414 op=gather seconds=223.744 eta_seconds=41.8934 bootstraps=112
node=1201/1414 op=mul seconds=226.514 eta_seconds=40.1728 bootstraps=114
node=1211/1414 op=repeat seconds=226.905 eta_seconds=38.0361 bootstraps=114
node=1221/1414 op=mulp seconds=227.123 eta_seconds=35.9007 bootstraps=114
node=1231/1414 op=add seconds=229.325 eta_seconds=34.0914 bootstraps=116
node=1241/1414 op=add seconds=231.392 eta_seconds=32.2568 bootstraps=116
node=1251/1414 op=scatter seconds=232.847 eta_seconds=30.339 bootstraps=116
node=1271/1414 op=mul seconds=235.006 eta_seconds=26.4404 bootstraps=116
node=1281/1414 op=mul seconds=238.042 eta_seconds=24.7147 bootstraps=118
node=1291/1414 op=scatter seconds=241.479 eta_seconds=23.007 bootstraps=120
node=1301/1414 op=gather seconds=244.472 eta_seconds=21.234 bootstraps=122
node=1321/1414 op=cheb seconds=247.425 eta_seconds=17.419 bootstraps=124
node=1331/1414 op=sum seconds=247.705 eta_seconds=15.4467 bootstraps=124
node=1341/1414 op=addp seconds=247.919 eta_seconds=13.496 bootstraps=124
node=1351/1414 op=scatter seconds=250.532 eta_seconds=11.6828 bootstraps=126
node=1361/1414 op=mul seconds=253.266 eta_seconds=9.86267 bootstraps=126
node=1371/1414 op=scatter seconds=254.661 eta_seconds=7.98718 bootstraps=126
node=1381/1414 op=sum seconds=255.372 eta_seconds=6.10231 bootstraps=126
node=1391/1414 op=scatter seconds=259.925 eta_seconds=4.29783 bootstraps=130
node=1401/1414 op=gather seconds=261.25 eta_seconds=2.42416 bootstraps=130
node=1411/1414 op=cheb seconds=265.424 eta_seconds=0.564331 bootstraps=134
node=1414/1414 op=mulp seconds=265.479 eta_seconds=0 bootstraps=134
passed=1 polynomial_error=7.474e-05 exact_error=7.76988e-05 eval_seconds=265.484
