GPU 0: NVIDIA GB10
 SMs: 48, SharedMem: 100 KB, Blocks/SM: 24, Threads/SM: 1536, L2 size: 24 MB, Bus: 256-bit
Adding bootstrap precomputation to GPU for 32768 slots.
Plaintexts loaded: 248 ~ 6262MB
Rotation keys loaded: 85 ~ 15300MB
setup_seconds=26.7829
planned_logical_refreshes=4
node=1/127 op=public seconds=0.185727 eta_seconds=23.4016 bootstraps=0
node=11/127 op=mulp seconds=0.907677 eta_seconds=9.57186 bootstraps=0
node=21/127 op=addp seconds=2.71761 eta_seconds=13.7174 bootstraps=0
node=31/127 op=mulp seconds=3.70658 eta_seconds=11.4784 bootstraps=0
node=41/127 op=mul seconds=4.28743 eta_seconds=8.99314 bootstraps=0
node=51/127 op=repeat seconds=4.84683 eta_seconds=7.22273 bootstraps=0
node=61/127 op=mul seconds=5.37567 eta_seconds=5.8163 bootstraps=0
node=71/127 op=gather seconds=6.32767 eta_seconds=4.99084 bootstraps=0
node=81/127 op=scatter seconds=6.83485 eta_seconds=3.88152 bootstraps=0
node=91/127 op=mul seconds=7.25425 eta_seconds=2.86981 bootstraps=0
node=101/127 op=linear seconds=9.72261 eta_seconds=2.50285 bootstraps=2
node=111/127 op=mulp seconds=11.18 eta_seconds=1.61154 bootstraps=4
node=121/127 op=sum seconds=13.6459 eta_seconds=0.676654 bootstraps=6
node=127/127 op=mulp seconds=15.1715 eta_seconds=0 bootstraps=8
passed=1 polynomial_error=1.14044e-05 exact_error=1.03737e-05 eval_seconds=15.1719
