GPU 0: NVIDIA GB10
 SMs: 48, SharedMem: 100 KB, Blocks/SM: 24, Threads/SM: 1536, L2 size: 24 MB, Bus: 256-bit
Adding bootstrap precomputation to GPU for 32768 slots.
Plaintexts loaded: 248 ~ 6262MB
Rotation keys loaded: 85 ~ 15300MB
setup_seconds=26.7291
planned_logical_refreshes=15
node=1/402 op=public seconds=0.192385 eta_seconds=77.1463 bootstraps=0
node=11/402 op=mulp seconds=0.894511 eta_seconds=31.7958 bootstraps=0
node=21/402 op=addp seconds=3.01347 eta_seconds=54.673 bootstraps=0
node=31/402 op=mulp seconds=3.96316 eta_seconds=47.4301 bootstraps=0
node=41/402 op=mul seconds=4.49657 eta_seconds=39.5918 bootstraps=0
node=51/402 op=repeat seconds=4.98108 eta_seconds=34.2816 bootstraps=0
node=61/402 op=mul seconds=5.41101 eta_seconds=30.2484 bootstraps=0
node=71/402 op=gather seconds=6.10848 eta_seconds=28.4776 bootstraps=0
node=81/402 op=scatter seconds=6.44802 eta_seconds=25.5532 bootstraps=0
node=91/402 op=mul seconds=6.76989 eta_seconds=23.1367 bootstraps=0
node=101/402 op=linear seconds=9.3647 eta_seconds=27.9087 bootstraps=2
node=111/402 op=mulp seconds=10.8326 eta_seconds=28.3989 bootstraps=4
node=121/402 op=sum seconds=13.5582 eta_seconds=31.4863 bootstraps=6
node=131/402 op=sum seconds=15.3418 eta_seconds=31.7376 bootstraps=8
node=141/402 op=gather seconds=16.6576 eta_seconds=30.8343 bootstraps=8
node=151/402 op=cheb seconds=18.2495 eta_seconds=30.3353 bootstraps=8
node=161/402 op=mul seconds=19.1979 eta_seconds=28.7372 bootstraps=8
node=171/402 op=mulp seconds=19.5806 eta_seconds=26.451 bootstraps=8
node=181/402 op=gather seconds=21.5417 eta_seconds=26.3023 bootstraps=10
node=191/402 op=scatter seconds=21.9113 eta_seconds=24.2057 bootstraps=10
node=201/402 op=mulp seconds=22.6935 eta_seconds=22.6935 bootstraps=10
node=211/402 op=scatter seconds=23.2819 eta_seconds=21.0751 bootstraps=10
node=221/402 op=mul seconds=23.3172 eta_seconds=19.0969 bootstraps=10
node=231/402 op=mul seconds=25.5588 eta_seconds=18.9201 bootstraps=12
node=241/402 op=addp seconds=26.4193 eta_seconds=17.6494 bootstraps=12
node=251/402 op=linear_ref seconds=30.7863 eta_seconds=18.5209 bootstraps=16
node=261/402 op=mulp seconds=32.3016 eta_seconds=17.4503 bootstraps=18
client_token=6864 logit_margin=5.73048
node=271/402 op=mulp seconds=33.1767 eta_seconds=16.0374 bootstraps=18
node=281/402 op=addp seconds=34.25 eta_seconds=14.7482 bootstraps=18
node=291/402 op=mulp seconds=36.3818 eta_seconds=13.8776 bootstraps=18
node=301/402 op=mul seconds=36.9225 eta_seconds=12.3893 bootstraps=18
node=311/402 op=repeat seconds=37.4058 eta_seconds=10.9451 bootstraps=18
node=321/402 op=mul seconds=37.7991 eta_seconds=9.5381 bootstraps=18
node=331/402 op=gather seconds=38.5064 eta_seconds=8.25969 bootstraps=18
node=341/402 op=scatter seconds=38.844 eta_seconds=6.94863 bootstraps=18
node=351/402 op=mul seconds=39.1843 eta_seconds=5.69344 bootstraps=18
node=361/402 op=add seconds=40.9891 eta_seconds=4.65527 bootstraps=20
node=371/402 op=repeat seconds=41.6897 eta_seconds=3.48351 bootstraps=20
node=381/402 op=mulp seconds=43.6155 eta_seconds=2.404 bootstraps=22
node=391/402 op=mul seconds=45.9468 eta_seconds=1.29262 bootstraps=24
node=401/402 op=mul seconds=47.6869 eta_seconds=0.11892 bootstraps=26
node=402/402 op=mulp seconds=47.6906 eta_seconds=0 bootstraps=26
client_token=6864 logit_margin=5.21144
passed=1 polynomial_error=1.55859e-05 exact_error=1.89301e-05 eval_seconds=47.7262
