GPU 0: NVIDIA GB10
 SMs: 48, SharedMem: 100 KB, Blocks/SM: 24, Threads/SM: 1536, L2 size: 24 MB, Bus: 256-bit
Adding bootstrap precomputation to GPU for 32768 slots.
Plaintexts loaded: 248 ~ 6262MB
Rotation keys loaded: 85 ~ 15300MB
setup_seconds=26.5185
planned_logical_refreshes=15
node=1/402 op=public seconds=0.210511 eta_seconds=84.415 bootstraps=0
node=11/402 op=mulp seconds=0.90345 eta_seconds=32.1136 bootstraps=0
node=21/402 op=addp seconds=2.53596 eta_seconds=46.0096 bootstraps=0
node=31/402 op=mulp seconds=3.46282 eta_seconds=41.4421 bootstraps=0
node=41/402 op=mul seconds=3.98194 eta_seconds=35.0605 bootstraps=0
node=51/402 op=repeat seconds=4.45356 eta_seconds=30.6509 bootstraps=0
node=61/402 op=mul seconds=4.88642 eta_seconds=27.3159 bootstraps=0
node=71/402 op=gather seconds=5.59555 eta_seconds=26.0863 bootstraps=0
node=81/402 op=scatter seconds=5.93919 eta_seconds=23.5368 bootstraps=0
node=91/402 op=mul seconds=6.26586 eta_seconds=21.4141 bootstraps=0
node=101/402 op=linear seconds=8.67877 eta_seconds=25.8645 bootstraps=2
node=111/402 op=mulp seconds=10.1422 eta_seconds=26.589 bootstraps=4
node=121/402 op=sum seconds=12.5113 eta_seconds=29.0551 bootstraps=6
node=131/402 op=sum seconds=14.2655 eta_seconds=29.511 bootstraps=8
node=141/402 op=gather seconds=16.1965 eta_seconds=29.9808 bootstraps=8
node=151/402 op=cheb seconds=17.7519 eta_seconds=29.5081 bootstraps=8
node=161/402 op=mul seconds=18.659 eta_seconds=27.9306 bootstraps=8
node=171/402 op=mulp seconds=19.0284 eta_seconds=25.705 bootstraps=8
node=181/402 op=gather seconds=20.994 eta_seconds=25.6335 bootstraps=10
node=191/402 op=scatter seconds=21.3551 eta_seconds=23.5912 bootstraps=10
node=201/402 op=mulp seconds=22.1309 eta_seconds=22.1309 bootstraps=10
node=211/402 op=scatter seconds=22.7209 eta_seconds=20.5672 bootstraps=10
node=221/402 op=mul seconds=22.7563 eta_seconds=18.6375 bootstraps=10
node=231/402 op=mul seconds=24.9713 eta_seconds=18.4852 bootstraps=12
node=241/402 op=addp seconds=25.6464 eta_seconds=17.1331 bootstraps=12
node=251/402 op=linear_ref seconds=29.6488 eta_seconds=17.8365 bootstraps=16
node=261/402 op=mulp seconds=31.1561 eta_seconds=16.8315 bootstraps=18
client_token=6864 logit_margin=5.73048
node=271/402 op=mulp seconds=31.8818 eta_seconds=15.4115 bootstraps=18
node=281/402 op=addp seconds=33.5436 eta_seconds=14.4441 bootstraps=18
node=291/402 op=mulp seconds=35.6254 eta_seconds=13.5891 bootstraps=18
node=301/402 op=mul seconds=36.1498 eta_seconds=12.13 bootstraps=18
node=311/402 op=repeat seconds=36.6236 eta_seconds=10.7162 bootstraps=18
node=321/402 op=mul seconds=37.0198 eta_seconds=9.34144 bootstraps=18
node=331/402 op=gather seconds=37.7273 eta_seconds=8.09256 bootstraps=18
node=341/402 op=scatter seconds=38.0704 eta_seconds=6.81025 bootstraps=18
node=351/402 op=mul seconds=38.413 eta_seconds=5.58138 bootstraps=18
node=361/402 op=add seconds=40.2252 eta_seconds=4.56851 bootstraps=20
node=371/402 op=repeat seconds=40.9314 eta_seconds=3.42014 bootstraps=20
node=381/402 op=mulp seconds=42.7586 eta_seconds=2.35677 bootstraps=22
node=391/402 op=mul seconds=44.9 eta_seconds=1.26317 bootstraps=24
node=401/402 op=mul seconds=46.8595 eta_seconds=0.116857 bootstraps=26
node=402/402 op=mulp seconds=46.8633 eta_seconds=0 bootstraps=26
client_token=6864 logit_margin=5.21143
passed=1 polynomial_error=1.66053e-05 exact_error=2.03413e-05 eval_seconds=46.8644
