GPU 0: NVIDIA GB10
 SMs: 48, SharedMem: 100 KB, Blocks/SM: 24, Threads/SM: 1536, L2 size: 24 MB, Bus: 256-bit
Adding bootstrap precomputation to GPU for 32768 slots.
Plaintexts loaded: 248 ~ 6262MB
Rotation keys loaded: 85 ~ 15300MB
setup_seconds=26.7885
planned_logical_refreshes=4
node=1/127 op=public seconds=0.188598 eta_seconds=23.7634 bootstraps=0
node=11/127 op=mulp seconds=0.909766 eta_seconds=9.59389 bootstraps=0
node=21/127 op=addp seconds=2.64084 eta_seconds=13.33 bootstraps=0
node=31/127 op=mulp seconds=3.61322 eta_seconds=11.1893 bootstraps=0
node=41/127 op=mul seconds=4.19173 eta_seconds=8.79241 bootstraps=0
node=51/127 op=repeat seconds=4.74061 eta_seconds=7.06444 bootstraps=0
node=61/127 op=mul seconds=5.2506 eta_seconds=5.68097 bootstraps=0
node=71/127 op=gather seconds=6.16758 eta_seconds=4.86457 bootstraps=0
node=81/127 op=scatter seconds=6.65724 eta_seconds=3.78065 bootstraps=0
node=91/127 op=mul seconds=7.05616 eta_seconds=2.79145 bootstraps=0
node=101/127 op=linear seconds=9.50137 eta_seconds=2.4459 bootstraps=2
node=111/127 op=mulp seconds=10.9737 eta_seconds=1.5818 bootstraps=4
node=121/127 op=sum seconds=13.408 eta_seconds=0.664858 bootstraps=6
node=127/127 op=mulp seconds=14.9387 eta_seconds=0 bootstraps=8
passed=1 polynomial_error=1.7296e-05 exact_error=1.83762e-05 eval_seconds=14.9391
