GPU 0: NVIDIA GB10
 SMs: 48, SharedMem: 100 KB, Blocks/SM: 24, Threads/SM: 1536, L2 size: 24 MB, Bus: 256-bit
Adding bootstrap precomputation to GPU for 32768 slots.
Plaintexts loaded: 248 ~ 6262MB
Rotation keys loaded: 85 ~ 15300MB
setup_seconds=26.5818
planned_logical_refreshes=899
node=10/7814 op=public seconds=1.3936 eta_seconds=1087.57 bootstraps=0
node=20/7814 op=repeat seconds=2.32146 eta_seconds=904.675 bootstraps=0
node=30/7814 op=gather seconds=3.95639 eta_seconds=1026.55 bootstraps=0
node=40/7814 op=cheb seconds=5.03022 eta_seconds=977.623 bootstraps=0
node=50/7814 op=mul seconds=5.544 eta_seconds=860.872 bootstraps=0
node=60/7814 op=repeat seconds=5.90416 eta_seconds=763.014 bootstraps=0
node=70/7814 op=add seconds=6.33671 eta_seconds=701.021 bootstraps=0
node=80/7814 op=mul seconds=7.2117 eta_seconds=697.191 bootstraps=0
node=90/7814 op=gather seconds=7.56473 eta_seconds=649.222 bootstraps=0
node=100/7814 op=input seconds=8.14139 eta_seconds=628.027 bootstraps=0
node=110/7814 op=linear_ref seconds=10.0898 eta_seconds=706.652 bootstraps=0
node=120/7814 op=cheb seconds=10.422 eta_seconds=668.227 bootstraps=0
node=130/7814 op=add seconds=12.3579 eta_seconds=730.449 bootstraps=0
node=140/7814 op=mulp seconds=12.9566 eta_seconds=710.209 bootstraps=0
node=150/7814 op=addp seconds=13.2964 eta_seconds=679.356 bootstraps=0
node=160/7814 op=mul seconds=13.7026 eta_seconds=655.497 bootstraps=0
node=170/7814 op=gather seconds=14.5802 eta_seconds=655.596 bootstraps=0
node=180/7814 op=add seconds=14.7778 eta_seconds=626.745 bootstraps=0
node=190/7814 op=mul seconds=15.1429 eta_seconds=607.629 bootstraps=0
node=200/7814 op=repeat seconds=17.2302 eta_seconds=655.956 bootstraps=2
node=210/7814 op=addp seconds=17.9201 eta_seconds=648.878 bootstraps=2
node=220/7814 op=mul seconds=18.2867 eta_seconds=631.225 bootstraps=2
node=230/7814 op=mul seconds=19.0449 eta_seconds=627.984 bootstraps=2
node=240/7814 op=scatter seconds=21.809 eta_seconds=688.255 bootstraps=4
node=250/7814 op=linear_ref seconds=23.2252 eta_seconds=702.702 bootstraps=4
node=260/7814 op=mulp seconds=24.8589 eta_seconds=722.246 bootstraps=6
node=270/7814 op=mul seconds=25.4471 eta_seconds=711.01 bootstraps=6
node=280/7814 op=repeat seconds=25.6703 eta_seconds=690.714 bootstraps=6
node=290/7814 op=gather seconds=26.251 eta_seconds=681.077 bootstraps=6
node=300/7814 op=addp seconds=26.2916 eta_seconds=658.518 bootstraps=6
node=310/7814 op=cheb seconds=28.9425 eta_seconds=700.594 bootstraps=8
node=320/7814 op=repeat seconds=29.3122 eta_seconds=686.454 bootstraps=8
node=330/7814 op=mul seconds=29.5715 eta_seconds=670.646 bootstraps=8
node=340/7814 op=add seconds=30.0072 eta_seconds=659.628 bootstraps=8
node=350/7814 op=mulp seconds=30.8218 eta_seconds=657.298 bootstraps=8
node=360/7814 op=add seconds=33.2275 eta_seconds=687.994 bootstraps=10
node=370/7814 op=linear seconds=33.9627 eta_seconds=683.293 bootstraps=10
node=380/7814 op=cheb seconds=34.191 eta_seconds=668.883 bootstraps=10
node=390/7814 op=mul seconds=34.6593 eta_seconds=659.77 bootstraps=10
node=400/7814 op=gather seconds=34.9532 eta_seconds=647.858 bootstraps=10
node=410/7814 op=scatter seconds=35.2518 eta_seconds=636.596 bootstraps=10
node=420/7814 op=gather seconds=35.6245 eta_seconds=627.161 bootstraps=10
node=430/7814 op=gather seconds=38.1577 eta_seconds=655.247 bootstraps=12
node=440/7814 op=add seconds=38.8189 eta_seconds=650.569 bootstraps=12
node=450/7814 op=mul seconds=39.1533 eta_seconds=640.723 bootstraps=12
node=460/7814 op=scatter seconds=39.7201 eta_seconds=635.004 bootstraps=12
node=470/7814 op=addp seconds=41.7612 eta_seconds=652.541 bootstraps=14
node=480/7814 op=cheb seconds=44.0089 eta_seconds=672.42 bootstraps=16
node=490/7814 op=gather seconds=44.6719 eta_seconds=667.708 bootstraps=16
node=500/7814 op=mulp seconds=44.7459 eta_seconds=654.543 bootstraps=16
node=510/7814 op=mulp seconds=45.3435 eta_seconds=649.39 bootstraps=16
node=520/7814 op=cheb seconds=47.8114 eta_seconds=670.647 bootstraps=18
node=530/7814 op=addp seconds=48.0903 eta_seconds=660.924 bootstraps=18
node=540/7814 op=mul seconds=48.3631 eta_seconds=651.468 bootstraps=18
node=550/7814 op=mul seconds=48.8138 eta_seconds=644.698 bootstraps=18
node=560/7814 op=mulp seconds=49.2755 eta_seconds=638.293 bootstraps=18
node=570/7814 op=addp seconds=49.9045 eta_seconds=634.225 bootstraps=18
node=580/7814 op=mulp seconds=49.9737 eta_seconds=623.293 bootstraps=18
node=590/7814 op=add seconds=52.6387 eta_seconds=644.511 bootstraps=20
node=600/7814 op=mul seconds=53.327 eta_seconds=641.169 bootstraps=20
node=610/7814 op=repeat seconds=54.4861 eta_seconds=643.472 bootstraps=20
node=620/7814 op=cheb seconds=54.8288 eta_seconds=636.191 bootstraps=20
node=630/7814 op=mul seconds=55.1496 eta_seconds=628.88 bootstraps=20
node=640/7814 op=gather seconds=55.6081 eta_seconds=623.332 bootstraps=20
node=650/7814 op=mulp seconds=55.8102 eta_seconds=615.114 bootstraps=20
node=660/7814 op=gather seconds=58.4337 eta_seconds=633.385 bootstraps=22
node=670/7814 op=add seconds=59.1138 eta_seconds=630.311 bootstraps=22
node=680/7814 op=mul seconds=59.5023 eta_seconds=624.249 bootstraps=22
node=690/7814 op=add seconds=60.0709 eta_seconds=620.21 bootstraps=22
node=700/7814 op=sum seconds=62.0806 eta_seconds=630.916 bootstraps=24
node=710/7814 op=gather seconds=62.7823 eta_seconds=628.177 bootstraps=24
node=720/7814 op=gather seconds=64.8273 eta_seconds=638.729 bootstraps=26
node=730/7814 op=sum seconds=64.8797 eta_seconds=629.6 bootstraps=26
node=740/7814 op=sum seconds=65.4427 eta_seconds=625.597 bootstraps=26
node=750/7814 op=add seconds=67.7539 eta_seconds=638.151 bootstraps=28
node=760/7814 op=mulp seconds=68.0776 eta_seconds=631.868 bootstraps=28
node=770/7814 op=add seconds=68.3688 eta_seconds=625.441 bootstraps=28
node=780/7814 op=mulp seconds=68.8382 eta_seconds=620.779 bootstraps=28
node=790/7814 op=repeat seconds=69.3049 eta_seconds=616.2 bootstraps=28
node=800/7814 op=gather seconds=69.8237 eta_seconds=612.179 bootstraps=28
node=810/7814 op=addp seconds=69.8654 eta_seconds=604.12 bootstraps=28
node=820/7814 op=scatter seconds=72.5411 eta_seconds=618.723 bootstraps=30
node=830/7814 op=cheb seconds=73.2653 eta_seconds=616.488 bootstraps=30
node=840/7814 op=cheb seconds=73.7545 eta_seconds=612.338 bootstraps=30
node=850/7814 op=repeat seconds=74.0415 eta_seconds=606.618 bootstraps=30
node=860/7814 op=mul seconds=74.3193 eta_seconds=600.949 bootstraps=30
node=870/7814 op=add seconds=74.784 eta_seconds=596.897 bootstraps=30
node=880/7814 op=mul seconds=75.0059 eta_seconds=591.012 bootstraps=30
node=890/7814 op=addp seconds=77.3795 eta_seconds=601.995 bootstraps=32
node=900/7814 op=add seconds=78.0463 eta_seconds=599.569 bootstraps=32
node=910/7814 op=repeat seconds=78.3954 eta_seconds=594.771 bootstraps=32
node=920/7814 op=gather seconds=80.3918 eta_seconds=602.414 bootstraps=34
node=930/7814 op=linear seconds=83.0695 eta_seconds=614.893 bootstraps=36
node=940/7814 op=mulp seconds=83.2419 eta_seconds=608.729 bootstraps=36
node=950/7814 op=gather seconds=85.7487 eta_seconds=619.557 bootstraps=38
node=960/7814 op=addp seconds=85.7993 eta_seconds=612.571 bootstraps=38
node=970/7814 op=mul seconds=86.3576 eta_seconds=609.311 bootstraps=38
node=980/7814 op=mul seconds=88.7594 eta_seconds=618.961 bootstraps=40
node=990/7814 op=repeat seconds=89.1527 eta_seconds=614.523 bootstraps=40
node=1000/7814 op=mul seconds=89.4324 eta_seconds=609.392 bootstraps=40
node=1010/7814 op=cheb seconds=90.1734 eta_seconds=607.465 bootstraps=40
node=1020/7814 op=gather seconds=90.829 eta_seconds=604.993 bootstraps=40
node=1030/7814 op=sum seconds=90.8801 eta_seconds=598.573 bootstraps=40
node=1040/7814 op=scatter seconds=93.0706 eta_seconds=606.212 bootstraps=42
node=1050/7814 op=scatter seconds=93.348 eta_seconds=601.339 bootstraps=42
node=1060/7814 op=mul seconds=93.7116 eta_seconds=597.102 bootstraps=42
node=1070/7814 op=cheb seconds=96.622 eta_seconds=608.989 bootstraps=44
node=1080/7814 op=cheb seconds=97.5212 eta_seconds=608.063 bootstraps=44
node=1090/7814 op=repeat seconds=98.0693 eta_seconds=604.971 bootstraps=44
node=1100/7814 op=addp seconds=98.2424 eta_seconds=599.636 bootstraps=44
node=1110/7814 op=mul seconds=98.9176 eta_seconds=597.427 bootstraps=44
node=1120/7814 op=cheb seconds=101.075 eta_seconds=604.105 bootstraps=46
node=1130/7814 op=mulp seconds=101.525 eta_seconds=600.526 bootstraps=46
node=1140/7814 op=mulp seconds=101.981 eta_seconds=597.036 bootstraps=46
node=1150/7814 op=sum seconds=102.368 eta_seconds=593.198 bootstraps=46
node=1160/7814 op=add seconds=102.732 eta_seconds=589.29 bootstraps=46
node=1170/7814 op=mulp seconds=104.662 eta_seconds=594.338 bootstraps=48
node=1180/7814 op=cheb seconds=105.313 eta_seconds=592.072 bootstraps=48
node=1190/7814 op=mulp seconds=105.36 eta_seconds=586.475 bootstraps=48
node=1200/7814 op=cheb seconds=108.165 eta_seconds=596.171 bootstraps=50
node=1210/7814 op=mul seconds=108.65 eta_seconds=592.998 bootstraps=50
node=1220/7814 op=gather seconds=108.954 eta_seconds=588.888 bootstraps=50
node=1230/7814 op=scatter seconds=109.273 eta_seconds=584.923 bootstraps=50
node=1240/7814 op=gather seconds=109.648 eta_seconds=581.313 bootstraps=50
node=1250/7814 op=sum seconds=110.434 eta_seconds=579.909 bootstraps=50
node=1260/7814 op=add seconds=112.612 eta_seconds=585.761 bootstraps=52
node=1270/7814 op=linear seconds=113.36 eta_seconds=584.114 bootstraps=52
node=1280/7814 op=mulp seconds=113.54 eta_seconds=579.587 bootstraps=52
node=1290/7814 op=addp seconds=114.177 eta_seconds=577.435 bootstraps=52
node=1300/7814 op=mulp seconds=114.248 eta_seconds=572.471 bootstraps=52
node=1310/7814 op=cheb seconds=117.257 eta_seconds=582.169 bootstraps=54
node=1320/7814 op=cheb seconds=117.936 eta_seconds=580.209 bootstraps=54
node=1330/7814 op=repeat seconds=118.127 eta_seconds=575.89 bootstraps=54
node=1340/7814 op=add seconds=118.388 eta_seconds=571.973 bootstraps=54
node=1350/7814 op=mul seconds=118.839 eta_seconds=569.02 bootstraps=54
node=1360/7814 op=add seconds=119.049 eta_seconds=564.958 bootstraps=54
node=1370/7814 op=addp seconds=121.328 eta_seconds=570.686 bootstraps=56
node=1380/7814 op=add seconds=121.997 eta_seconds=568.788 bootstraps=56
node=1390/7814 op=repeat seconds=122.576 eta_seconds=566.495 bootstraps=56
node=1400/7814 op=addp seconds=122.95 eta_seconds=563.289 bootstraps=56
node=1410/7814 op=gather seconds=125.141 eta_seconds=568.373 bootstraps=58
node=1420/7814 op=sum seconds=125.225 eta_seconds=563.867 bootstraps=58
node=1430/7814 op=gather seconds=125.974 eta_seconds=562.39 bootstraps=58
node=1440/7814 op=cheb seconds=128.592 eta_seconds=569.198 bootstraps=60
node=1450/7814 op=repeat seconds=128.749 eta_seconds=565.073 bootstraps=60
node=1460/7814 op=mul seconds=129.675 eta_seconds=564.355 bootstraps=60
node=1470/7814 op=addp seconds=130.389 eta_seconds=562.711 bootstraps=60
node=1480/7814 op=add seconds=132.308 eta_seconds=566.244 bootstraps=62
node=1490/7814 op=scatter seconds=132.517 eta_seconds=562.443 bootstraps=62
node=1500/7814 op=add seconds=132.889 eta_seconds=559.373 bootstraps=62
node=1510/7814 op=gather seconds=133.64 eta_seconds=557.926 bootstraps=62
node=1520/7814 op=addp seconds=133.726 eta_seconds=553.733 bootstraps=62
node=1530/7814 op=sum seconds=136.323 eta_seconds=559.903 bootstraps=64
node=1540/7814 op=cheb seconds=137.268 eta_seconds=559.233 bootstraps=64
node=1550/7814 op=cheb seconds=137.87 eta_seconds=557.172 bootstraps=64
node=1560/7814 op=repeat seconds=138.152 eta_seconds=553.849 bootstraps=64
node=1570/7814 op=gather seconds=139.009 eta_seconds=552.85 bootstraps=64
node=1580/7814 op=add seconds=141.514 eta_seconds=558.353 bootstraps=66
node=1590/7814 op=mul seconds=141.555 eta_seconds=554.111 bootstraps=66
node=1600/7814 op=mulp seconds=141.994 eta_seconds=551.468 bootstraps=66
node=1610/7814 op=mul seconds=142.215 eta_seconds=548.014 bootstraps=66
node=1620/7814 op=sum seconds=142.522 eta_seconds=544.925 bootstraps=66
node=1630/7814 op=linear seconds=144.723 eta_seconds=549.059 bootstraps=68
node=1640/7814 op=cheb seconds=144.849 eta_seconds=545.305 bootstraps=68
node=1650/7814 op=mulp seconds=144.98 eta_seconds=541.61 bootstraps=68
node=1660/7814 op=repeat seconds=145.857 eta_seconds=540.726 bootstraps=68
node=1670/7814 op=add seconds=148.23 eta_seconds=545.343 bootstraps=70
node=1680/7814 op=mulp seconds=148.553 eta_seconds=542.394 bootstraps=70
node=1690/7814 op=add seconds=148.79 eta_seconds=539.167 bootstraps=70
node=1700/7814 op=mulp seconds=149.162 eta_seconds=536.457 bootstraps=70
node=1710/7814 op=linear_ref seconds=149.905 eta_seconds=535.1 bootstraps=70
node=1720/7814 op=scatter seconds=151.939 eta_seconds=538.322 bootstraps=72
node=1730/7814 op=repeat seconds=152.499 eta_seconds=536.304 bootstraps=72
node=1740/7814 op=addp seconds=152.871 eta_seconds=533.641 bootstraps=72
node=1750/7814 op=gather seconds=153.635 eta_seconds=532.368 bootstraps=72
node=1760/7814 op=mulp seconds=153.845 eta_seconds=529.193 bootstraps=72
node=1770/7814 op=cheb seconds=155.86 eta_seconds=532.214 bootstraps=74
node=1780/7814 op=cheb seconds=157.405 eta_seconds=533.586 bootstraps=74
node=1790/7814 op=mulp seconds=157.619 eta_seconds=530.445 bootstraps=74
node=1800/7814 op=gather seconds=157.985 eta_seconds=527.845 bootstraps=74
node=1810/7814 op=gather seconds=158.262 eta_seconds=524.977 bootstraps=74
node=1820/7814 op=scatter seconds=158.525 eta_seconds=522.086 bootstraps=74
node=1830/7814 op=mulp seconds=160.719 eta_seconds=525.543 bootstraps=76
node=1840/7814 op=scatter seconds=161.386 eta_seconds=523.98 bootstraps=76
node=1850/7814 op=add seconds=161.738 eta_seconds=521.41 bootstraps=76
node=1860/7814 op=mul seconds=162.255 eta_seconds=519.391 bootstraps=76
node=1870/7814 op=gather seconds=164.446 eta_seconds=522.71 bootstraps=78
node=1880/7814 op=cheb seconds=164.628 eta_seconds=519.629 bootstraps=78
node=1890/7814 op=mulp seconds=164.68 eta_seconds=516.173 bootstraps=78
node=1900/7814 op=mulp seconds=167.325 eta_seconds=520.822 bootstraps=80
node=1910/7814 op=mul seconds=167.713 eta_seconds=518.418 bootstraps=80
node=1920/7814 op=mulp seconds=167.955 eta_seconds=515.586 bootstraps=80
node=1930/7814 op=mul seconds=168.326 eta_seconds=513.176 bootstraps=80
node=1940/7814 op=cheb seconds=168.816 eta_seconds=511.148 bootstraps=80
node=1950/7814 op=scatter seconds=171.09 eta_seconds=514.499 bootstraps=82
node=1960/7814 op=sum seconds=171.654 eta_seconds=512.684 bootstraps=82
node=1970/7814 op=sum seconds=172.171 eta_seconds=510.745 bootstraps=82
node=1980/7814 op=gather seconds=172.925 eta_seconds=509.519 bootstraps=82
node=1990/7814 op=repeat seconds=173.114 eta_seconds=506.64 bootstraps=82
node=2000/7814 op=addp seconds=173.156 eta_seconds=503.365 bootstraps=82
node=2010/7814 op=mul seconds=176.38 eta_seconds=509.307 bootstraps=84
node=2020/7814 op=mulp seconds=176.923 eta_seconds=507.471 bootstraps=84
node=2030/7814 op=gather seconds=177.253 eta_seconds=505.041 bootstraps=84
node=2040/7814 op=gather seconds=177.53 eta_seconds=502.479 bootstraps=84
node=2050/7814 op=scatter seconds=177.796 eta_seconds=499.909 bootstraps=84
node=2060/7814 op=sum seconds=180.141 eta_seconds=503.171 bootstraps=86
node=2070/7814 op=scatter seconds=180.823 eta_seconds=501.761 bootstraps=86
node=2080/7814 op=repeat seconds=181.225 eta_seconds=499.588 bootstraps=86
node=2090/7814 op=linear_ref seconds=181.743 eta_seconds=497.75 bootstraps=86
node=2100/7814 op=mulp seconds=183.358 eta_seconds=498.909 bootstraps=88
node=2110/7814 op=mul seconds=183.982 eta_seconds=497.363 bootstraps=88
node=2120/7814 op=repeat seconds=184.138 eta_seconds=494.567 bootstraps=88
node=2130/7814 op=repeat seconds=187.156 eta_seconds=499.435 bootstraps=90
node=2140/7814 op=cheb seconds=187.591 eta_seconds=497.379 bootstraps=90
node=2150/7814 op=gather seconds=187.989 eta_seconds=495.241 bootstraps=90
node=2160/7814 op=linear_ref seconds=189.18 eta_seconds=495.196 bootstraps=90
node=2170/7814 op=add seconds=190.859 eta_seconds=496.409 bootstraps=92
node=2180/7814 op=mul seconds=191.302 eta_seconds=494.401 bootstraps=92
node=2190/7814 op=add seconds=191.522 eta_seconds=491.835 bootstraps=92
node=2200/7814 op=mul seconds=192.185 eta_seconds=490.42 bootstraps=92
node=2210/7814 op=gather seconds=192.942 eta_seconds=489.253 bootstraps=92
node=2220/7814 op=sum seconds=193.009 eta_seconds=486.347 bootstraps=92
node=2230/7814 op=mul seconds=195.022 eta_seconds=488.342 bootstraps=94
node=2240/7814 op=repeat seconds=197.181 eta_seconds=490.664 bootstraps=94
node=2250/7814 op=mulp seconds=197.609 eta_seconds=488.665 bootstraps=94
node=2260/7814 op=gather seconds=198.06 eta_seconds=486.736 bootstraps=94
node=2270/7814 op=mul seconds=198.672 eta_seconds=485.214 bootstraps=94
node=2280/7814 op=addp seconds=201.218 eta_seconds=488.395 bootstraps=96
node=2290/7814 op=scatter seconds=201.62 eta_seconds=486.353 bootstraps=96
node=2300/7814 op=add seconds=201.751 eta_seconds=483.676 bootstraps=96
node=2310/7814 op=sum seconds=202.134 eta_seconds=481.621 bootstraps=96
node=2320/7814 op=add seconds=202.501 eta_seconds=479.544 bootstraps=96
node=2330/7814 op=mulp seconds=204.435 eta_seconds=481.167 bootstraps=98
node=2340/7814 op=cheb seconds=205.102 eta_seconds=479.798 bootstraps=98
node=2350/7814 op=mulp seconds=205.149 eta_seconds=476.993 bootstraps=98
node=2360/7814 op=cheb seconds=208.022 eta_seconds=480.742 bootstraps=100
node=2370/7814 op=mul seconds=208.499 eta_seconds=478.931 bootstraps=100
node=2380/7814 op=gather seconds=208.773 eta_seconds=476.67 bootstraps=100
node=2390/7814 op=cheb seconds=209.832 eta_seconds=476.204 bootstraps=100
node=2400/7814 op=mul seconds=211.877 eta_seconds=477.96 bootstraps=102
node=2410/7814 op=add seconds=212.312 eta_seconds=476.072 bootstraps=102
node=2420/7814 op=add seconds=212.484 eta_seconds=473.612 bootstraps=102
node=2430/7814 op=cheb seconds=212.886 eta_seconds=471.678 bootstraps=102
node=2440/7814 op=gather seconds=213.546 eta_seconds=470.325 bootstraps=102
node=2450/7814 op=sum seconds=213.629 eta_seconds=467.716 bootstraps=102
node=2460/7814 op=addp seconds=216.224 eta_seconds=470.595 bootstraps=104
node=2470/7814 op=cheb seconds=217.18 eta_seconds=469.883 bootstraps=104
node=2480/7814 op=cheb seconds=217.893 eta_seconds=468.646 bootstraps=104
node=2490/7814 op=repeat seconds=218.048 eta_seconds=466.22 bootstraps=104
node=2500/7814 op=mulp seconds=218.971 eta_seconds=465.445 bootstraps=104
node=2510/7814 op=scatter seconds=221.387 eta_seconds=467.823 bootstraps=106
node=2520/7814 op=add seconds=221.432 eta_seconds=465.183 bootstraps=106
node=2530/7814 op=mul seconds=221.905 eta_seconds=463.458 bootstraps=106
node=2540/7814 op=add seconds=222.127 eta_seconds=461.219 bootstraps=106
node=2550/7814 op=repeat seconds=222.476 eta_seconds=459.261 bootstraps=106
node=2560/7814 op=gather seconds=224.618 eta_seconds=460.993 bootstraps=108
node=2570/7814 op=mulp seconds=224.705 eta_seconds=458.502 bootstraps=108
node=2580/7814 op=scatter seconds=225.439 eta_seconds=457.344 bootstraps=108
node=2590/7814 op=gather seconds=226.006 eta_seconds=455.852 bootstraps=108
node=2600/7814 op=cheb seconds=228.574 eta_seconds=458.38 bootstraps=110
node=2610/7814 op=repeat seconds=228.729 eta_seconds=456.055 bootstraps=110
node=2620/7814 op=add seconds=228.992 eta_seconds=453.963 bootstraps=110
node=2630/7814 op=mul seconds=229.46 eta_seconds=452.289 bootstraps=110
node=2640/7814 op=mul seconds=230.357 eta_seconds=451.464 bootstraps=110
node=2650/7814 op=scatter seconds=232.436 eta_seconds=452.943 bootstraps=112
node=2660/7814 op=add seconds=232.817 eta_seconds=451.104 bootstraps=112
node=2670/7814 op=gather seconds=233.568 eta_seconds=449.99 bootstraps=112
node=2680/7814 op=addp seconds=233.655 eta_seconds=447.606 bootstraps=112
node=2690/7814 op=sum seconds=236.27 eta_seconds=450.056 bootstraps=114
node=2700/7814 op=cheb seconds=237.218 eta_seconds=449.309 bootstraps=114
node=2710/7814 op=cheb seconds=237.781 eta_seconds=447.836 bootstraps=114
node=2720/7814 op=repeat seconds=238.072 eta_seconds=445.86 bootstraps=114
node=2730/7814 op=mul seconds=238.357 eta_seconds=443.885 bootstraps=114
node=2740/7814 op=add seconds=238.83 eta_seconds=442.271 bootstraps=114
node=2750/7814 op=cheb seconds=239.159 eta_seconds=440.401 bootstraps=114
node=2760/7814 op=scatter seconds=241.605 eta_seconds=442.418 bootstraps=116
node=2770/7814 op=mul seconds=242.111 eta_seconds=440.87 bootstraps=116
node=2780/7814 op=sum seconds=242.418 eta_seconds=438.969 bootstraps=116
node=2790/7814 op=linear_ref seconds=244.722 eta_seconds=440.674 bootstraps=118
node=2800/7814 op=mulp seconds=244.875 eta_seconds=438.501 bootstraps=118
node=2810/7814 op=sum seconds=247.319 eta_seconds=440.421 bootstraps=120
client_token=315 logit_margin=1.89748
node=2820/7814 op=sum seconds=249.161 eta_seconds=441.245 bootstraps=122
node=2830/7814 op=gather seconds=251.076 eta_seconds=442.178 bootstraps=122
node=2840/7814 op=cheb seconds=252.552 eta_seconds=442.321 bootstraps=122
node=2850/7814 op=mul seconds=253.604 eta_seconds=441.715 bootstraps=122
node=2860/7814 op=mulp seconds=253.978 eta_seconds=439.932 bootstraps=122
node=2870/7814 op=gather seconds=254.489 eta_seconds=438.395 bootstraps=122
node=2880/7814 op=scatter seconds=254.852 eta_seconds=436.611 bootstraps=122
node=2890/7814 op=mulp seconds=255.558 eta_seconds=435.421 bootstraps=122
node=2900/7814 op=scatter seconds=256.085 eta_seconds=433.932 bootstraps=122
node=2910/7814 op=mulp seconds=256.121 eta_seconds=431.62 bootstraps=122
node=2920/7814 op=cheb seconds=256.475 eta_seconds=429.859 bootstraps=122
node=2930/7814 op=mul seconds=258.482 eta_seconds=430.862 bootstraps=124
node=2940/7814 op=mul seconds=259.249 eta_seconds=429.79 bootstraps=124
node=2950/7814 op=scatter seconds=262.001 eta_seconds=431.991 bootstraps=126
node=2960/7814 op=gather seconds=264.148 eta_seconds=433.167 bootstraps=128
node=2970/7814 op=mulp seconds=264.208 eta_seconds=430.916 bootstraps=128
node=2980/7814 op=cheb seconds=266.572 eta_seconds=432.419 bootstraps=130
node=2990/7814 op=cheb seconds=267.245 eta_seconds=431.167 bootstraps=130
node=3000/7814 op=repeat seconds=267.429 eta_seconds=429.134 bootstraps=130
node=3010/7814 op=add seconds=267.679 eta_seconds=427.219 bootstraps=130
node=3020/7814 op=mul seconds=268.119 eta_seconds=425.617 bootstraps=130
node=3030/7814 op=scatter seconds=270.342 eta_seconds=426.836 bootstraps=132
node=3040/7814 op=mul seconds=270.69 eta_seconds=425.09 bootstraps=132
node=3050/7814 op=sum seconds=271.109 eta_seconds=423.464 bootstraps=132
node=3060/7814 op=add seconds=271.49 eta_seconds=421.785 bootstraps=132
node=3070/7814 op=repeat seconds=273.365 eta_seconds=422.424 bootstraps=134
node=3080/7814 op=mul seconds=275.806 eta_seconds=423.918 bootstraps=136
node=3090/7814 op=gather seconds=277.926 eta_seconds=424.894 bootstraps=138
node=3100/7814 op=mul seconds=278.007 eta_seconds=422.749 bootstraps=138
node=3110/7814 op=mul seconds=280.517 eta_seconds=424.293 bootstraps=140
node=3120/7814 op=cheb seconds=281.203 eta_seconds=423.066 bootstraps=140
node=3130/7814 op=repeat seconds=281.391 eta_seconds=421.098 bootstraps=140
node=3140/7814 op=add seconds=281.654 eta_seconds=419.252 bootstraps=140
node=3150/7814 op=mul seconds=282.107 eta_seconds=417.698 bootstraps=140
node=3160/7814 op=scatter seconds=284.241 eta_seconds=418.626 bootstraps=142
node=3170/7814 op=mul seconds=284.744 eta_seconds=417.146 bootstraps=142
node=3180/7814 op=mul seconds=285.069 eta_seconds=415.412 bootstraps=142
node=3190/7814 op=mul seconds=285.543 eta_seconds=413.904 bootstraps=142
node=3200/7814 op=cheb seconds=287.357 eta_seconds=414.332 bootstraps=144
node=3210/7814 op=add seconds=289.823 eta_seconds=415.684 bootstraps=146
node=3220/7814 op=linear_ref seconds=291.804 eta_seconds=416.32 bootstraps=148
node=3230/7814 op=mul seconds=291.852 eta_seconds=414.195 bootstraps=148
node=3240/7814 op=cheb seconds=294.177 eta_seconds=415.298 bootstraps=150
node=3250/7814 op=cheb seconds=294.674 eta_seconds=413.813 bootstraps=150
node=3260/7814 op=repeat seconds=294.965 eta_seconds=412.046 bootstraps=150
node=3270/7814 op=mul seconds=295.246 eta_seconds=410.274 bootstraps=150
node=3280/7814 op=add seconds=295.719 eta_seconds=408.778 bootstraps=150
node=3290/7814 op=mul seconds=295.946 eta_seconds=406.949 bootstraps=150
node=3300/7814 op=scatter seconds=298.135 eta_seconds=407.812 bootstraps=152
node=3310/7814 op=add seconds=298.521 eta_seconds=406.206 bootstraps=152
node=3320/7814 op=repeat seconds=298.745 eta_seconds=404.385 bootstraps=152
node=3330/7814 op=addp seconds=300.823 eta_seconds=405.072 bootstraps=154
node=3340/7814 op=linear_ref seconds=304.69 eta_seconds=408.139 bootstraps=158
node=3350/7814 op=mulp seconds=306.181 eta_seconds=407.997 bootstraps=160
node=3360/7814 op=addp seconds=306.706 eta_seconds=406.568 bootstraps=160
node=3370/7814 op=cheb seconds=308.663 eta_seconds=407.032 bootstraps=162
node=3380/7814 op=cheb seconds=309.852 eta_seconds=406.475 bootstraps=162
node=3390/7814 op=repeat seconds=310.217 eta_seconds=404.838 bootstraps=162
node=3400/7814 op=gather seconds=310.802 eta_seconds=403.494 bootstraps=162
node=3410/7814 op=cheb seconds=311.235 eta_seconds=401.959 bootstraps=162
node=3420/7814 op=scatter seconds=313.567 eta_seconds=402.87 bootstraps=164
node=3430/7814 op=scatter seconds=313.792 eta_seconds=401.068 bootstraps=164
node=3440/7814 op=mul seconds=314.114 eta_seconds=399.399 bootstraps=164
node=3450/7814 op=mul seconds=314.418 eta_seconds=397.716 bootstraps=164
node=3460/7814 op=mulp seconds=316.263 eta_seconds=397.98 bootstraps=166
node=3470/7814 op=mul seconds=318.438 eta_seconds=398.644 bootstraps=168
node=3480/7814 op=mul seconds=320.391 eta_seconds=399.016 bootstraps=170
node=3490/7814 op=gather seconds=321.02 eta_seconds=397.734 bootstraps=170
node=3500/7814 op=addp seconds=321.088 eta_seconds=395.764 bootstraps=170
node=3510/7814 op=mulp seconds=323.821 eta_seconds=397.073 bootstraps=172
node=3520/7814 op=mul seconds=324.186 eta_seconds=395.47 bootstraps=172
node=3530/7814 op=mulp seconds=324.481 eta_seconds=393.79 bootstraps=172
node=3540/7814 op=mul seconds=324.934 eta_seconds=392.307 bootstraps=172
node=3550/7814 op=mul seconds=325.142 eta_seconds=390.537 bootstraps=172
node=3560/7814 op=scatter seconds=327.28 eta_seconds=391.081 bootstraps=174
node=3570/7814 op=repeat seconds=327.84 eta_seconds=389.734 bootstraps=174
node=3580/7814 op=sum seconds=328.111 eta_seconds=388.051 bootstraps=174
node=3590/7814 op=sum seconds=328.618 eta_seconds=386.652 bootstraps=174
node=3600/7814 op=cheb seconds=332.253 eta_seconds=388.921 bootstraps=178
node=3610/7814 op=repeat seconds=334.211 eta_seconds=389.204 bootstraps=180
node=3620/7814 op=gather seconds=334.835 eta_seconds=387.928 bootstraps=180
node=3630/7814 op=mulp seconds=334.909 eta_seconds=386.022 bootstraps=180
node=3640/7814 op=mul seconds=337.698 eta_seconds=387.239 bootstraps=182
node=3650/7814 op=repeat seconds=338.012 eta_seconds=385.611 bootstraps=182
node=3660/7814 op=scatter seconds=338.504 eta_seconds=384.192 bootstraps=182
node=3670/7814 op=mul seconds=340.735 eta_seconds=384.743 bootstraps=184
node=3680/7814 op=scatter seconds=341.18 eta_seconds=383.271 bootstraps=184
node=3690/7814 op=scatter seconds=341.355 eta_seconds=381.504 bootstraps=184
node=3700/7814 op=mul seconds=341.549 eta_seconds=379.766 bootstraps=184
node=3710/7814 op=mul seconds=341.776 eta_seconds=378.072 bootstraps=184
node=3720/7814 op=scatter seconds=343.91 eta_seconds=378.486 bootstraps=186
node=3730/7814 op=gather seconds=344.491 eta_seconds=377.185 bootstraps=186
node=3740/7814 op=cheb seconds=347.894 eta_seconds=378.962 bootstraps=190
node=3750/7814 op=gather seconds=348.597 eta_seconds=377.786 bootstraps=190
node=3760/7814 op=addp seconds=348.803 eta_seconds=376.077 bootstraps=190
node=3770/7814 op=mul seconds=351.267 eta_seconds=376.797 bootstraps=192
node=3780/7814 op=repeat seconds=351.653 eta_seconds=375.283 bootstraps=192
node=3790/7814 op=addp seconds=351.818 eta_seconds=373.54 bootstraps=192
node=3800/7814 op=gather seconds=352.125 eta_seconds=371.956 bootstraps=192
node=3810/7814 op=add seconds=352.399 eta_seconds=370.343 bootstraps=192
node=3820/7814 op=scatter seconds=354.686 eta_seconds=370.841 bootstraps=194
node=3830/7814 op=sum seconds=355.03 eta_seconds=369.305 bootstraps=194
node=3840/7814 op=add seconds=355.35 eta_seconds=367.75 bootstraps=194
node=3850/7814 op=mul seconds=355.863 eta_seconds=366.4 bootstraps=194
node=3860/7814 op=gather seconds=357.992 eta_seconds=366.71 bootstraps=196
node=3870/7814 op=addp seconds=359.868 eta_seconds=366.749 bootstraps=198
node=3880/7814 op=gather seconds=361.982 eta_seconds=367.019 bootstraps=200
node=3890/7814 op=sum seconds=362.171 eta_seconds=365.336 bootstraps=200
node=3900/7814 op=cheb seconds=364.552 eta_seconds=365.861 bootstraps=202
node=3910/7814 op=mul seconds=365.091 eta_seconds=364.531 bootstraps=202
node=3920/7814 op=gather seconds=365.331 eta_seconds=362.908 bootstraps=202
node=3930/7814 op=scatter seconds=365.603 eta_seconds=361.324 bootstraps=202
node=3940/7814 op=gather seconds=365.911 eta_seconds=359.781 bootstraps=202
node=3950/7814 op=add seconds=368.261 eta_seconds=360.243 bootstraps=204
node=3960/7814 op=mul seconds=368.497 eta_seconds=358.634 bootstraps=204
node=3970/7814 op=mul seconds=369.075 eta_seconds=357.362 bootstraps=204
node=3980/7814 op=add seconds=369.593 eta_seconds=356.035 bootstraps=204
node=3990/7814 op=linear_ref seconds=371.707 eta_seconds=356.243 bootstraps=206
node=4000/7814 op=mulp seconds=373.582 eta_seconds=356.21 bootstraps=208
node=4010/7814 op=gather seconds=375.698 eta_seconds=356.397 bootstraps=210
node=4020/7814 op=mul seconds=375.759 eta_seconds=354.634 bootstraps=210
node=4030/7814 op=repeat seconds=379.211 eta_seconds=356.063 bootstraps=212
node=4040/7814 op=mulp seconds=379.646 eta_seconds=354.649 bootstraps=212
node=4050/7814 op=gather seconds=380.1 eta_seconds=353.258 bootstraps=212
node=4060/7814 op=mul seconds=380.721 eta_seconds=352.026 bootstraps=212
node=4070/7814 op=scatter seconds=382.818 eta_seconds=352.155 bootstraps=214
node=4080/7814 op=mul seconds=383.11 eta_seconds=350.621 bootstraps=214
node=4090/7814 op=add seconds=383.328 eta_seconds=349.025 bootstraps=214
node=4100/7814 op=repeat seconds=383.844 eta_seconds=347.706 bootstraps=214
node=4110/7814 op=linear_ref seconds=384.378 eta_seconds=346.408 bootstraps=214
node=4120/7814 op=mulp seconds=385.917 eta_seconds=346.014 bootstraps=216
node=4130/7814 op=sum seconds=388.417 eta_seconds=346.472 bootstraps=218
node=4140/7814 op=gather seconds=390.543 eta_seconds=346.584 bootstraps=220
node=4150/7814 op=mulp seconds=390.629 eta_seconds=344.883 bootstraps=220
node=4160/7814 op=cheb seconds=393.034 eta_seconds=345.228 bootstraps=222
node=4170/7814 op=repeat seconds=393.667 eta_seconds=344.011 bootstraps=222
node=4180/7814 op=addp seconds=393.811 eta_seconds=342.371 bootstraps=222
node=4190/7814 op=addp seconds=394.736 eta_seconds=341.414 bootstraps=222
node=4200/7814 op=add seconds=396.499 eta_seconds=341.178 bootstraps=224
node=4210/7814 op=mul seconds=396.937 eta_seconds=339.801 bootstraps=224
node=4220/7814 op=mul seconds=397.159 eta_seconds=338.244 bootstraps=224
node=4230/7814 op=mul seconds=397.461 eta_seconds=336.761 bootstraps=224
node=4240/7814 op=mul seconds=397.623 eta_seconds=335.166 bootstraps=224
node=4250/7814 op=mul seconds=399.795 eta_seconds=335.263 bootstraps=226
node=4260/7814 op=scatter seconds=402.168 eta_seconds=335.518 bootstraps=228
node=4270/7814 op=gather seconds=404.298 eta_seconds=335.558 bootstraps=230
node=4280/7814 op=sum seconds=404.386 eta_seconds=333.902 bootstraps=230
node=4290/7814 op=cheb seconds=406.677 eta_seconds=334.063 bootstraps=232
node=4300/7814 op=cheb seconds=407.363 eta_seconds=332.901 bootstraps=232
node=4310/7814 op=repeat seconds=407.521 eta_seconds=331.312 bootstraps=232
node=4320/7814 op=add seconds=407.784 eta_seconds=329.814 bootstraps=232
node=4330/7814 op=mul seconds=408.251 eta_seconds=328.486 bootstraps=232
node=4340/7814 op=scatter seconds=410.445 eta_seconds=328.545 bootstraps=234
node=4350/7814 op=mul seconds=410.789 eta_seconds=327.12 bootstraps=234
node=4360/7814 op=sum seconds=411.092 eta_seconds=325.668 bootstraps=234
node=4370/7814 op=add seconds=411.257 eta_seconds=324.112 bootstraps=234
node=4380/7814 op=repeat seconds=413.43 eta_seconds=324.136 bootstraps=236
node=4390/7814 op=mul seconds=415.868 eta_seconds=324.358 bootstraps=238
client_token=279 logit_margin=2.90228
node=4400/7814 op=mul seconds=417.64 eta_seconds=324.051 bootstraps=240
node=4410/7814 op=gather seconds=419.639 eta_seconds=323.912 bootstraps=240
node=4420/7814 op=cheb seconds=421.093 eta_seconds=323.346 bootstraps=240
node=4430/7814 op=cheb seconds=422.07 eta_seconds=322.412 bootstraps=240
node=4440/7814 op=mul seconds=422.55 eta_seconds=321.1 bootstraps=240
node=4450/7814 op=repeat seconds=422.909 eta_seconds=319.7 bootstraps=240
node=4460/7814 op=add seconds=423.279 eta_seconds=318.313 bootstraps=240
node=4470/7814 op=mul seconds=424.169 eta_seconds=317.32 bootstraps=240
node=4480/7814 op=gather seconds=424.522 eta_seconds=315.928 bootstraps=240
node=4490/7814 op=mul seconds=424.726 eta_seconds=314.43 bootstraps=240
node=4500/7814 op=mul seconds=424.888 eta_seconds=312.906 bootstraps=240
node=4510/7814 op=repeat seconds=427.057 eta_seconds=312.859 bootstraps=242
node=4520/7814 op=linear_ref seconds=427.942 eta_seconds=311.868 bootstraps=242
node=4530/7814 op=mulp seconds=429.415 eta_seconds=311.302 bootstraps=244
node=4540/7814 op=sum seconds=430.839 eta_seconds=310.697 bootstraps=244
node=4550/7814 op=gather seconds=432.955 eta_seconds=310.586 bootstraps=246
node=4560/7814 op=addp seconds=433.011 eta_seconds=308.995 bootstraps=246
node=4570/7814 op=cheb seconds=435.473 eta_seconds=309.119 bootstraps=248
node=4580/7814 op=repeat seconds=436.053 eta_seconds=307.903 bootstraps=248
node=4590/7814 op=addp seconds=436.226 eta_seconds=306.404 bootstraps=248
node=4600/7814 op=gather seconds=436.579 eta_seconds=305.036 bootstraps=248
node=4610/7814 op=add seconds=436.909 eta_seconds=303.657 bootstraps=248
node=4620/7814 op=add seconds=439.151 eta_seconds=303.604 bootstraps=250
node=4630/7814 op=mul seconds=439.514 eta_seconds=302.249 bootstraps=250
node=4640/7814 op=sum seconds=439.925 eta_seconds=300.931 bootstraps=250
node=4650/7814 op=add seconds=440.287 eta_seconds=299.584 bootstraps=250
node=4660/7814 op=mul seconds=442.182 eta_seconds=299.279 bootstraps=252
node=4670/7814 op=gather seconds=442.842 eta_seconds=298.136 bootstraps=252
node=4680/7814 op=addp seconds=444.831 eta_seconds=297.885 bootstraps=254
node=4690/7814 op=gather seconds=446.949 eta_seconds=297.712 bootstraps=256
node=4700/7814 op=mul seconds=447.027 eta_seconds=296.179 bootstraps=256
node=4710/7814 op=repeat seconds=450.072 eta_seconds=296.608 bootstraps=258
node=4720/7814 op=cheb seconds=450.421 eta_seconds=295.255 bootstraps=258
node=4730/7814 op=mul seconds=450.735 eta_seconds=293.883 bootstraps=258
node=4740/7814 op=gather seconds=451.186 eta_seconds=292.604 bootstraps=258
node=4750/7814 op=mulp seconds=451.387 eta_seconds=291.169 bootstraps=258
node=4760/7814 op=add seconds=453.613 eta_seconds=291.037 bootstraps=260
node=4770/7814 op=add seconds=453.845 eta_seconds=289.624 bootstraps=260
node=4780/7814 op=repeat seconds=454.377 eta_seconds=288.406 bootstraps=260
node=4790/7814 op=sum seconds=454.711 eta_seconds=287.066 bootstraps=260
node=4800/7814 op=sum seconds=456.539 eta_seconds=286.669 bootstraps=262
node=4810/7814 op=cheb seconds=458.622 eta_seconds=286.424 bootstraps=264
node=4820/7814 op=repeat seconds=460.561 eta_seconds=286.083 bootstraps=266
node=4830/7814 op=gather seconds=461.077 eta_seconds=284.856 bootstraps=266
node=4840/7814 op=addp seconds=461.119 eta_seconds=283.341 bootstraps=266
node=4850/7814 op=mul seconds=463.853 eta_seconds=283.476 bootstraps=268
node=4860/7814 op=repeat seconds=464.176 eta_seconds=282.135 bootstraps=268
node=4870/7814 op=mul seconds=464.482 eta_seconds=280.787 bootstraps=268
node=4880/7814 op=mul seconds=464.952 eta_seconds=279.543 bootstraps=268
node=4890/7814 op=addp seconds=465.17 eta_seconds=278.151 bootstraps=268
node=4900/7814 op=scatter seconds=467.205 eta_seconds=277.844 bootstraps=270
node=4910/7814 op=sum seconds=467.69 eta_seconds=276.614 bootstraps=270
node=4920/7814 op=add seconds=467.917 eta_seconds=275.234 bootstraps=270
node=4930/7814 op=repeat seconds=468.133 eta_seconds=273.853 bootstraps=270
node=4940/7814 op=addp seconds=470.188 eta_seconds=273.547 bootstraps=272
node=4950/7814 op=linear_ref seconds=474.049 eta_seconds=274.278 bootstraps=276
node=4960/7814 op=mulp seconds=475.543 eta_seconds=273.629 bootstraps=278
node=4970/7814 op=addp seconds=476.071 eta_seconds=272.424 bootstraps=278
node=4980/7814 op=cheb seconds=478.03 eta_seconds=272.036 bootstraps=280
node=4990/7814 op=cheb seconds=479.192 eta_seconds=271.19 bootstraps=280
node=5000/7814 op=repeat seconds=479.558 eta_seconds=269.895 bootstraps=280
node=5010/7814 op=gather seconds=480.134 eta_seconds=268.722 bootstraps=280
node=5020/7814 op=cheb seconds=480.568 eta_seconds=267.471 bootstraps=280
node=5030/7814 op=scatter seconds=482.957 eta_seconds=267.306 bootstraps=282
node=5040/7814 op=scatter seconds=483.179 eta_seconds=265.94 bootstraps=282
node=5050/7814 op=repeat seconds=483.5 eta_seconds=264.632 bootstraps=282
node=5060/7814 op=sum seconds=483.801 eta_seconds=263.318 bootstraps=282
node=5070/7814 op=add seconds=484.15 eta_seconds=262.033 bootstraps=282
node=5080/7814 op=repeat seconds=485.967 eta_seconds=261.542 bootstraps=284
node=5090/7814 op=mul seconds=488.408 eta_seconds=261.38 bootstraps=286
node=5100/7814 op=gather seconds=490.529 eta_seconds=261.039 bootstraps=288
node=5110/7814 op=mul seconds=490.611 eta_seconds=259.611 bootstraps=288
node=5120/7814 op=mul seconds=492.892 eta_seconds=259.346 bootstraps=290
node=5130/7814 op=cheb seconds=493.499 eta_seconds=258.197 bootstraps=290
node=5140/7814 op=addp seconds=493.788 eta_seconds=256.885 bootstraps=290
node=5150/7814 op=mul seconds=494.063 eta_seconds=255.57 bootstraps=290
node=5160/7814 op=mul seconds=494.515 eta_seconds=254.35 bootstraps=290
node=5170/7814 op=mul seconds=494.727 eta_seconds=253.009 bootstraps=290
node=5180/7814 op=scatter seconds=496.988 eta_seconds=252.716 bootstraps=292
node=5190/7814 op=add seconds=497.47 eta_seconds=251.515 bootstraps=292
node=5200/7814 op=repeat seconds=497.804 eta_seconds=250.242 bootstraps=292
node=5210/7814 op=linear_ref seconds=498.396 eta_seconds=249.102 bootstraps=292
node=5220/7814 op=mulp seconds=499.931 eta_seconds=248.433 bootstraps=294
node=5230/7814 op=sum seconds=502.485 eta_seconds=248.264 bootstraps=296
node=5240/7814 op=gather seconds=504.589 eta_seconds=247.865 bootstraps=298
node=5250/7814 op=mulp seconds=504.675 eta_seconds=246.474 bootstraps=298
node=5260/7814 op=cheb seconds=507.082 eta_seconds=246.214 bootstraps=300
node=5270/7814 op=repeat seconds=507.717 eta_seconds=245.091 bootstraps=300
node=5280/7814 op=addp seconds=507.862 eta_seconds=243.735 bootstraps=300
node=5290/7814 op=addp seconds=508.813 eta_seconds=242.768 bootstraps=300
node=5300/7814 op=add seconds=510.592 eta_seconds=242.194 bootstraps=302
node=5310/7814 op=mul seconds=511.059 eta_seconds=240.996 bootstraps=302
node=5320/7814 op=mul seconds=511.282 eta_seconds=239.687 bootstraps=302
node=5330/7814 op=sum seconds=511.587 eta_seconds=238.42 bootstraps=302
node=5340/7814 op=add seconds=511.748 eta_seconds=237.091 bootstraps=302
node=5350/7814 op=mul seconds=513.932 eta_seconds=236.697 bootstraps=304
node=5360/7814 op=gather seconds=514.508 eta_seconds=235.56 bootstraps=304
node=5370/7814 op=addp seconds=516.494 eta_seconds=235.067 bootstraps=306
node=5380/7814 op=gather seconds=518.627 eta_seconds=234.635 bootstraps=308
node=5390/7814 op=mulp seconds=518.839 eta_seconds=233.333 bootstraps=308
node=5400/7814 op=cheb seconds=521.272 eta_seconds=233.028 bootstraps=310
node=5410/7814 op=cheb seconds=521.642 eta_seconds=231.798 bootstraps=310
node=5420/7814 op=repeat seconds=521.822 eta_seconds=230.487 bootstraps=310
node=5430/7814 op=add seconds=522.035 eta_seconds=229.195 bootstraps=310
node=5440/7814 op=mul seconds=522.405 eta_seconds=227.976 bootstraps=310
node=5450/7814 op=add seconds=524.625 eta_seconds=227.562 bootstraps=312
node=5460/7814 op=add seconds=524.865 eta_seconds=226.288 bootstraps=312
node=5470/7814 op=repeat seconds=525.372 eta_seconds=225.132 bootstraps=312
node=5480/7814 op=sum seconds=525.637 eta_seconds=223.875 bootstraps=312
node=5490/7814 op=sum seconds=526.07 eta_seconds=222.693 bootstraps=312
node=5500/7814 op=cheb seconds=529.669 eta_seconds=222.846 bootstraps=316
node=5510/7814 op=repeat seconds=531.543 eta_seconds=222.264 bootstraps=318
node=5520/7814 op=gather seconds=532.207 eta_seconds=221.175 bootstraps=318
node=5530/7814 op=addp seconds=532.389 eta_seconds=219.887 bootstraps=318
node=5540/7814 op=repeat seconds=535.055 eta_seconds=219.624 bootstraps=320
node=5550/7814 op=cheb seconds=535.434 eta_seconds=218.418 bootstraps=320
node=5560/7814 op=mul seconds=535.698 eta_seconds=217.169 bootstraps=320
node=5570/7814 op=gather seconds=536.074 eta_seconds=215.97 bootstraps=320
node=5580/7814 op=mul seconds=536.246 eta_seconds=214.691 bootstraps=320
node=5590/7814 op=scatter seconds=538.698 eta_seconds=214.323 bootstraps=322
node=5600/7814 op=sum seconds=538.957 eta_seconds=213.081 bootstraps=322
node=5610/7814 op=add seconds=539.349 eta_seconds=211.894 bootstraps=322
node=5620/7814 op=repeat seconds=539.768 eta_seconds=210.721 bootstraps=322
node=5630/7814 op=addp seconds=541.49 eta_seconds=210.056 bootstraps=324
node=5640/7814 op=linear_ref seconds=544.152 eta_seconds=209.749 bootstraps=326
node=5650/7814 op=mulp seconds=545.694 eta_seconds=209.006 bootstraps=328
node=5660/7814 op=addp seconds=546.322 eta_seconds=207.911 bootstraps=328
node=5670/7814 op=cheb seconds=548.303 eta_seconds=207.33 bootstraps=330
node=5680/7814 op=cheb seconds=549.949 eta_seconds=206.618 bootstraps=330
node=5690/7814 op=repeat seconds=550.366 eta_seconds=205.444 bootstraps=330
node=5700/7814 op=gather seconds=551.16 eta_seconds=204.413 bootstraps=330
node=5710/7814 op=mulp seconds=553.17 eta_seconds=203.83 bootstraps=332
node=5720/7814 op=mul seconds=553.636 eta_seconds=202.677 bootstraps=332
node=5730/7814 op=scatter seconds=553.865 eta_seconds=201.441 bootstraps=332
node=5740/7814 op=repeat seconds=554.165 eta_seconds=200.233 bootstraps=332
node=5750/7814 op=sum seconds=554.476 eta_seconds=199.033 bootstraps=332
node=5760/7814 op=add seconds=554.841 eta_seconds=197.855 bootstraps=332
node=5770/7814 op=repeat seconds=556.656 eta_seconds=197.193 bootstraps=334
node=5780/7814 op=mul seconds=559.094 eta_seconds=196.747 bootstraps=336
node=5790/7814 op=gather seconds=561.214 eta_seconds=196.183 bootstraps=338
node=5800/7814 op=mul seconds=561.294 eta_seconds=194.905 bootstraps=338
node=5810/7814 op=mul seconds=563.581 eta_seconds=194.392 bootstraps=340
node=5820/7814 op=cheb seconds=564.24 eta_seconds=193.315 bootstraps=340
node=5830/7814 op=addp seconds=564.497 eta_seconds=192.103 bootstraps=340
node=5840/7814 op=scatter seconds=565.436 eta_seconds=191.125 bootstraps=340
node=5850/7814 op=mul seconds=567.223 eta_seconds=190.432 bootstraps=342
node=5860/7814 op=mulp seconds=567.7 eta_seconds=189.298 bootstraps=342
node=5870/7814 op=mul seconds=567.919 eta_seconds=188.081 bootstraps=342
node=5880/7814 op=add seconds=568.169 eta_seconds=186.877 bootstraps=342
node=5890/7814 op=repeat seconds=568.389 eta_seconds=185.667 bootstraps=342
node=5900/7814 op=linear_ref seconds=570.585 eta_seconds=185.102 bootstraps=344
node=5910/7814 op=mulp seconds=570.74 eta_seconds=183.873 bootstraps=344
node=5920/7814 op=sum seconds=573.125 eta_seconds=183.361 bootstraps=346
node=5930/7814 op=gather seconds=575.245 eta_seconds=182.759 bootstraps=348
node=5940/7814 op=mulp seconds=575.329 eta_seconds=181.51 bootstraps=348
node=5950/7814 op=cheb seconds=577.728 eta_seconds=180.989 bootstraps=350
node=5960/7814 op=repeat seconds=578.342 eta_seconds=179.907 bootstraps=350
node=5970/7814 op=addp seconds=578.486 eta_seconds=178.681 bootstraps=350
node=5980/7814 op=gather seconds=578.861 eta_seconds=177.53 bootstraps=350
node=5990/7814 op=add seconds=579.214 eta_seconds=176.375 bootstraps=350
node=6000/7814 op=add seconds=581.41 eta_seconds=175.78 bootstraps=352
node=6010/7814 op=mul seconds=581.757 eta_seconds=174.624 bootstraps=352
node=6020/7814 op=sum seconds=582.06 eta_seconds=173.458 bootstraps=352
node=6030/7814 op=add seconds=582.222 eta_seconds=172.253 bootstraps=352
node=6040/7814 op=mul seconds=584.407 eta_seconds=171.645 bootstraps=354
node=6050/7814 op=gather seconds=584.983 eta_seconds=170.564 bootstraps=354
node=6060/7814 op=addp seconds=587.025 eta_seconds=169.908 bootstraps=356
client_token=1614 logit_margin=0.201399
node=6070/7814 op=addp seconds=588.936 eta_seconds=169.21 bootstraps=358
node=6080/7814 op=gather seconds=590.874 eta_seconds=168.516 bootstraps=358
node=6090/7814 op=cheb seconds=592.723 eta_seconds=167.792 bootstraps=358
node=6100/7814 op=mulp seconds=593.407 eta_seconds=166.738 bootstraps=358
node=6110/7814 op=cheb seconds=593.952 eta_seconds=165.645 bootstraps=358
node=6120/7814 op=mul seconds=594.4 eta_seconds=164.528 bootstraps=358
node=6130/7814 op=gather seconds=594.777 eta_seconds=163.394 bootstraps=358
node=6140/7814 op=mul seconds=595.323 eta_seconds=162.308 bootstraps=358
node=6150/7814 op=mulp seconds=595.851 eta_seconds=161.219 bootstraps=358
node=6160/7814 op=mulp seconds=595.89 eta_seconds=160 bootstraps=358
node=6170/7814 op=mul seconds=596.086 eta_seconds=158.828 bootstraps=358
node=6180/7814 op=repeat seconds=598.156 eta_seconds=158.153 bootstraps=360
node=6190/7814 op=mul seconds=598.548 eta_seconds=157.034 bootstraps=360
node=6200/7814 op=cheb seconds=599.3 eta_seconds=156.011 bootstraps=360
node=6210/7814 op=add seconds=602.061 eta_seconds=155.508 bootstraps=362
node=6220/7814 op=linear_ref seconds=604.18 eta_seconds=154.833 bootstraps=364
node=6230/7814 op=mul seconds=604.234 eta_seconds=153.629 bootstraps=364
node=6240/7814 op=cheb seconds=606.578 eta_seconds=153.005 bootstraps=366
node=6250/7814 op=cheb seconds=607.069 eta_seconds=151.913 bootstraps=366
node=6260/7814 op=repeat seconds=607.439 eta_seconds=150.792 bootstraps=366
node=6270/7814 op=mul seconds=607.7 eta_seconds=149.647 bootstraps=366
node=6280/7814 op=add seconds=608.138 eta_seconds=148.548 bootstraps=366
node=6290/7814 op=cheb seconds=608.454 eta_seconds=147.422 bootstraps=366
node=6300/7814 op=add seconds=610.709 eta_seconds=146.764 bootstraps=368
node=6310/7814 op=repeat seconds=611.063 eta_seconds=145.648 bootstraps=368
node=6320/7814 op=sum seconds=611.383 eta_seconds=144.526 bootstraps=368
node=6330/7814 op=add seconds=611.745 eta_seconds=143.417 bootstraps=368
node=6340/7814 op=mul seconds=613.593 eta_seconds=142.655 bootstraps=370
node=6350/7814 op=gather seconds=614.256 eta_seconds=141.617 bootstraps=370
node=6360/7814 op=addp seconds=616.226 eta_seconds=140.879 bootstraps=372
node=6370/7814 op=gather seconds=618.34 eta_seconds=140.17 bootstraps=374
node=6380/7814 op=mul seconds=618.417 eta_seconds=138.998 bootstraps=374
node=6390/7814 op=repeat seconds=621.393 eta_seconds=138.476 bootstraps=376
node=6400/7814 op=cheb seconds=621.736 eta_seconds=137.365 bootstraps=376
node=6410/7814 op=mul seconds=622.05 eta_seconds=136.249 bootstraps=376
node=6420/7814 op=gather seconds=622.501 eta_seconds=135.166 bootstraps=376
node=6430/7814 op=mulp seconds=622.704 eta_seconds=134.031 bootstraps=376
node=6440/7814 op=add seconds=624.929 eta_seconds=133.331 bootstraps=378
node=6450/7814 op=mul seconds=625.165 eta_seconds=132.205 bootstraps=378
node=6460/7814 op=mul seconds=625.607 eta_seconds=131.126 bootstraps=378
node=6470/7814 op=mul seconds=625.958 eta_seconds=130.029 bootstraps=378
node=6480/7814 op=mul seconds=626.434 eta_seconds=128.96 bootstraps=378
node=6490/7814 op=cheb seconds=628.18 eta_seconds=128.153 bootstraps=380
node=6500/7814 op=add seconds=630.635 eta_seconds=127.485 bootstraps=382
node=6510/7814 op=linear_ref seconds=632.613 eta_seconds=126.717 bootstraps=384
node=6520/7814 op=mul seconds=632.658 eta_seconds=125.561 bootstraps=384
node=6530/7814 op=cheb seconds=634.978 eta_seconds=124.856 bootstraps=386
node=6540/7814 op=cheb seconds=635.471 eta_seconds=123.79 bootstraps=386
node=6550/7814 op=repeat seconds=635.761 eta_seconds=122.687 bootstraps=386
node=6560/7814 op=mul seconds=636.043 eta_seconds=121.585 bootstraps=386
node=6570/7814 op=add seconds=636.512 eta_seconds=120.521 bootstraps=386
node=6580/7814 op=mul seconds=636.737 eta_seconds=119.412 bootstraps=386
node=6590/7814 op=scatter seconds=638.916 eta_seconds=118.67 bootstraps=388
node=6600/7814 op=repeat seconds=639.374 eta_seconds=117.606 bootstraps=388
node=6610/7814 op=sum seconds=639.549 eta_seconds=116.493 bootstraps=388
node=6620/7814 op=add seconds=639.712 eta_seconds=115.38 bootstraps=388
node=6630/7814 op=mul seconds=641.853 eta_seconds=114.623 bootstraps=390
node=6640/7814 op=gather seconds=643.837 eta_seconds=113.835 bootstraps=392
node=6650/7814 op=addp seconds=645.785 eta_seconds=113.037 bootstraps=394
node=6660/7814 op=gather seconds=647.752 eta_seconds=112.238 bootstraps=396
node=6670/7814 op=sum seconds=647.804 eta_seconds=111.108 bootstraps=396
node=6680/7814 op=repeat seconds=650.839 eta_seconds=110.487 bootstraps=398
node=6690/7814 op=cheb seconds=651.216 eta_seconds=109.412 bootstraps=398
node=6700/7814 op=mul seconds=651.512 eta_seconds=108.326 bootstraps=398
node=6710/7814 op=mulp seconds=652.15 eta_seconds=107.299 bootstraps=398
node=6720/7814 op=add seconds=654.163 eta_seconds=106.496 bootstraps=400
node=6730/7814 op=add seconds=654.599 eta_seconds=105.436 bootstraps=400
node=6740/7814 op=mul seconds=654.822 eta_seconds=104.344 bootstraps=400
node=6750/7814 op=mul seconds=655.215 eta_seconds=103.281 bootstraps=400
node=6760/7814 op=mul seconds=655.565 eta_seconds=102.214 bootstraps=400
node=6770/7814 op=mul seconds=655.993 eta_seconds=101.161 bootstraps=400
node=6780/7814 op=cheb seconds=657.734 eta_seconds=100.309 bootstraps=402
node=6790/7814 op=add seconds=660.196 eta_seconds=99.5641 bootstraps=404
node=6800/7814 op=linear_ref seconds=662.333 eta_seconds=98.7655 bootstraps=406
node=6810/7814 op=cheb seconds=662.415 eta_seconds=97.66 bootstraps=406
node=6820/7814 op=cheb seconds=664.684 eta_seconds=96.8762 bootstraps=408
node=6830/7814 op=cheb seconds=665.233 eta_seconds=95.8403 bootstraps=408
node=6840/7814 op=repeat seconds=665.554 eta_seconds=94.7734 bootstraps=408
node=6850/7814 op=mul seconds=665.832 eta_seconds=93.7025 bootstraps=408
node=6860/7814 op=add seconds=666.284 eta_seconds=92.6582 bootstraps=408
node=6870/7814 op=mul seconds=666.496 eta_seconds=91.5826 bootstraps=408
node=6880/7814 op=scatter seconds=668.71 eta_seconds=90.7813 bootstraps=410
node=6890/7814 op=repeat seconds=669.267 eta_seconds=89.7537 bootstraps=410
node=6900/7814 op=sum seconds=669.537 eta_seconds=88.6894 bootstraps=410
node=6910/7814 op=add seconds=669.773 eta_seconds=87.623 bootstraps=410
node=6920/7814 op=mul seconds=670.361 eta_seconds=86.6045 bootstraps=410
node=6930/7814 op=gather seconds=672.474 eta_seconds=85.7816 bootstraps=412
node=6940/7814 op=addp seconds=674.452 eta_seconds=84.9382 bootstraps=414
node=6950/7814 op=gather seconds=676.576 eta_seconds=84.1096 bootstraps=416
node=6960/7814 op=mul seconds=676.655 eta_seconds=83.0264 bootstraps=416
node=6970/7814 op=repeat seconds=679.22 eta_seconds=82.247 bootstraps=418
node=6980/7814 op=mulp seconds=679.685 eta_seconds=81.2116 bootstraps=418
node=6990/7814 op=gather seconds=680.071 eta_seconds=80.1686 bootstraps=418
node=7000/7814 op=mul seconds=680.75 eta_seconds=79.1615 bootstraps=418
node=7010/7814 op=scatter seconds=682.823 eta_seconds=78.3152 bootstraps=420
node=7020/7814 op=add seconds=682.955 eta_seconds=77.2459 bootstraps=420
node=7030/7814 op=mul seconds=683.182 eta_seconds=76.1898 bootstraps=420
node=7040/7814 op=mul seconds=683.485 eta_seconds=75.1445 bootstraps=420
node=7050/7814 op=mul seconds=683.647 eta_seconds=74.086 bootstraps=420
node=7060/7814 op=mul seconds=683.864 eta_seconds=73.0359 bootstraps=420
node=7070/7814 op=cheb seconds=685.993 eta_seconds=72.1894 bootstraps=422
node=7080/7814 op=add seconds=688.432 eta_seconds=71.3714 bootstraps=424
node=7090/7814 op=linear_ref seconds=690.571 eta_seconds=70.5181 bootstraps=426
node=7100/7814 op=cheb seconds=690.659 eta_seconds=69.4551 bootstraps=426
node=7110/7814 op=addp seconds=690.829 eta_seconds=68.4028 bootstraps=426
node=7120/7814 op=mul seconds=693.437 eta_seconds=67.5906 bootstraps=428
node=7130/7814 op=repeat seconds=693.752 eta_seconds=66.5535 bootstraps=428
node=7140/7814 op=mul seconds=693.997 eta_seconds=65.5117 bootstraps=428
node=7150/7814 op=mul seconds=694.367 eta_seconds=64.4839 bootstraps=428
node=7160/7814 op=mul seconds=694.541 eta_seconds=63.4399 bootstraps=428
node=7170/7814 op=add seconds=696.789 eta_seconds=62.5847 bootstraps=430
node=7180/7814 op=repeat seconds=697.152 eta_seconds=61.5591 bootstraps=430
node=7190/7814 op=sum seconds=697.42 eta_seconds=60.5272 bootstraps=430
node=7200/7814 op=add seconds=697.656 eta_seconds=59.4945 bootstraps=430
node=7210/7814 op=mul seconds=698.168 eta_seconds=58.4873 bootstraps=430
node=7220/7814 op=gather seconds=700.283 eta_seconds=57.6133 bootstraps=432
node=7230/7814 op=addp seconds=702.158 eta_seconds=56.7165 bootstraps=434
node=7240/7814 op=gather seconds=704.273 eta_seconds=55.836 bootstraps=436
node=7250/7814 op=sum seconds=704.464 eta_seconds=54.8024 bootstraps=436
node=7260/7814 op=cheb seconds=706.86 eta_seconds=53.9395 bootstraps=438
node=7270/7814 op=mul seconds=707.402 eta_seconds=52.9335 bootstraps=438
node=7280/7814 op=gather seconds=707.639 eta_seconds=51.9065 bootstraps=438
node=7290/7814 op=scatter seconds=707.902 eta_seconds=50.8835 bootstraps=438
node=7300/7814 op=gather seconds=708.211 eta_seconds=49.8658 bootstraps=438
node=7310/7814 op=add seconds=710.549 eta_seconds=48.99 bootstraps=440
node=7320/7814 op=mul seconds=710.786 eta_seconds=47.9684 bootstraps=440
node=7330/7814 op=mul seconds=711.205 eta_seconds=46.9608 bootstraps=440
node=7340/7814 op=mul seconds=711.581 eta_seconds=45.9523 bootstraps=440
node=7350/7814 op=mul seconds=711.999 eta_seconds=44.9479 bootstraps=440
node=7360/7814 op=cheb seconds=713.779 eta_seconds=44.0293 bootstraps=442
node=7370/7814 op=add seconds=716.304 eta_seconds=43.1532 bootstraps=444
node=7380/7814 op=linear_ref seconds=718.419 eta_seconds=42.2485 bootstraps=446
node=7390/7814 op=mul seconds=718.474 eta_seconds=41.2223 bootstraps=446
node=7400/7814 op=cheb seconds=721.595 eta_seconds=40.3703 bootstraps=448
node=7410/7814 op=cheb seconds=722.133 eta_seconds=39.3713 bootstraps=448
node=7420/7814 op=addp seconds=722.51 eta_seconds=38.3651 bootstraps=448
node=7430/7814 op=scatter seconds=723.379 eta_seconds=37.386 bootstraps=448
node=7440/7814 op=add seconds=725.323 eta_seconds=36.4611 bootstraps=450
node=7450/7814 op=mul seconds=725.773 eta_seconds=35.4606 bootstraps=450
node=7460/7814 op=add seconds=725.993 eta_seconds=34.4506 bootstraps=450
node=7470/7814 op=repeat seconds=726.322 eta_seconds=33.4478 bootstraps=450
node=7480/7814 op=sum seconds=726.618 eta_seconds=32.4452 bootstraps=450
node=7490/7814 op=add seconds=726.968 eta_seconds=31.4469 bootstraps=450
node=7500/7814 op=mul seconds=728.799 eta_seconds=30.5124 bootstraps=452
node=7510/7814 op=gather seconds=729.451 eta_seconds=29.5277 bootstraps=452
node=7520/7814 op=addp seconds=731.423 eta_seconds=28.5955 bootstraps=454
node=7530/7814 op=gather seconds=733.547 eta_seconds=27.6663 bootstraps=456
node=7540/7814 op=mul seconds=733.623 eta_seconds=26.6595 bootstraps=456
node=7550/7814 op=repeat seconds=736.19 eta_seconds=25.7423 bootstraps=458
node=7560/7814 op=mulp seconds=736.65 eta_seconds=24.7499 bootstraps=458
node=7570/7814 op=gather seconds=737.034 eta_seconds=23.7564 bootstraps=458
node=7580/7814 op=mul seconds=737.715 eta_seconds=22.7738 bootstraps=458
node=7590/7814 op=scatter seconds=739.786 eta_seconds=21.8329 bootstraps=460
node=7600/7814 op=add seconds=739.918 eta_seconds=20.8345 bootstraps=460
node=7610/7814 op=mul seconds=740.141 eta_seconds=19.8408 bootstraps=460
node=7620/7814 op=mul seconds=740.446 eta_seconds=18.8512 bootstraps=460
node=7630/7814 op=mul seconds=740.608 eta_seconds=17.86 bootstraps=460
node=7640/7814 op=mul seconds=740.826 eta_seconds=16.8722 bootstraps=460
node=7650/7814 op=cheb seconds=742.974 eta_seconds=15.9278 bootstraps=462
node=7660/7814 op=add seconds=745.374 eta_seconds=14.9853 bootstraps=464
node=7670/7814 op=linear_ref seconds=747.507 eta_seconds=14.034 bootstraps=466
node=7680/7814 op=cheb seconds=747.591 eta_seconds=13.0439 bootstraps=466
node=7690/7814 op=cheb seconds=749.879 eta_seconds=12.0917 bootstraps=468
node=7700/7814 op=cheb seconds=750.439 eta_seconds=11.1104 bootstraps=468
node=7710/7814 op=repeat seconds=750.762 eta_seconds=10.127 bootstraps=468
node=7720/7814 op=mul seconds=751.042 eta_seconds=9.14481 bootstraps=468
node=7730/7814 op=add seconds=751.508 eta_seconds=8.16645 bootstraps=468
node=7740/7814 op=cheb seconds=751.837 eta_seconds=7.1881 bootstraps=468
node=7750/7814 op=add seconds=754.058 eta_seconds=6.22706 bootstraps=470
node=7760/7814 op=repeat seconds=754.315 eta_seconds=5.2491 bootstraps=470
node=7770/7814 op=sum seconds=754.49 eta_seconds=4.27253 bootstraps=470
node=7780/7814 op=add seconds=754.651 eta_seconds=3.29796 bootstraps=470
node=7790/7814 op=mul seconds=756.799 eta_seconds=2.3316 bootstraps=472
node=7800/7814 op=gather seconds=757.373 eta_seconds=1.35939 bootstraps=472
node=7810/7814 op=addp seconds=759.418 eta_seconds=0.388947 bootstraps=474
node=7814/7814 op=mulp seconds=760.927 eta_seconds=0 bootstraps=476
client_token=315 logit_margin=0.674894
passed=1 polynomial_error=6.07799e-05 exact_error=8.09575e-05 eval_seconds=761.002
