GPU 0: NVIDIA GB10
 SMs: 48, SharedMem: 100 KB, Blocks/SM: 24, Threads/SM: 1536, L2 size: 24 MB, Bus: 256-bit
Adding bootstrap precomputation to GPU for 32768 slots.
Plaintexts loaded: 248 ~ 6262MB
Rotation keys loaded: 85 ~ 15300MB
setup_seconds=26.8094
planned_logical_refreshes=623
node=1/7910 op=public seconds=0.192338 eta_seconds=1521.2 bootstraps=0
node=11/7910 op=public seconds=1.5449 eta_seconds=1109.38 bootstraps=0
node=21/7910 op=mul seconds=2.39097 eta_seconds=898.208 bootstraps=0
node=31/7910 op=gather seconds=4.12194 eta_seconds=1047.64 bootstraps=0
node=41/7910 op=mul seconds=5.10536 eta_seconds=979.857 bootstraps=0
node=51/7910 op=repeat seconds=5.78554 eta_seconds=891.54 bootstraps=0
node=61/7910 op=mulp seconds=6.15428 eta_seconds=791.884 bootstraps=0
node=71/7910 op=add seconds=6.60653 eta_seconds=729.417 bootstraps=0
node=81/7910 op=add seconds=7.26533 eta_seconds=702.226 bootstraps=0
node=91/7910 op=scatter seconds=7.77853 eta_seconds=668.355 bootstraps=0
node=111/7910 op=mul seconds=10.2698 eta_seconds=721.567 bootstraps=2
node=121/7910 op=mul seconds=11.0827 eta_seconds=713.417 bootstraps=2
node=131/7910 op=scatter seconds=13.8903 eta_seconds=824.829 bootstraps=4
node=141/7910 op=gather seconds=17.4134 eta_seconds=959.466 bootstraps=8
node=161/7910 op=cheb seconds=19.5876 eta_seconds=942.761 bootstraps=10
node=171/7910 op=sum seconds=19.8165 eta_seconds=896.839 bootstraps=10
node=181/7910 op=addp seconds=19.9581 eta_seconds=852.246 bootstraps=10
node=191/7910 op=scatter seconds=21.9265 eta_seconds=886.13 bootstraps=12
node=201/7910 op=mul seconds=23.0172 eta_seconds=882.785 bootstraps=12
node=211/7910 op=scatter seconds=23.5723 eta_seconds=860.11 bootstraps=12
node=221/7910 op=sum seconds=23.8798 eta_seconds=830.821 bootstraps=12
node=231/7910 op=scatter seconds=25.8967 eta_seconds=860.868 bootstraps=14
node=241/7910 op=gather seconds=28.0972 eta_seconds=894.098 bootstraps=16
node=251/7910 op=cheb seconds=31.5927 eta_seconds=964.019 bootstraps=20
node=271/7910 op=repeat seconds=34.2171 eta_seconds=964.519 bootstraps=22
node=281/7910 op=addp seconds=34.6288 eta_seconds=940.153 bootstraps=22
node=291/7910 op=repeat seconds=34.8981 eta_seconds=913.707 bootstraps=22
node=301/7910 op=mul seconds=35.1594 eta_seconds=888.798 bootstraps=22
node=311/7910 op=scatter seconds=37.4389 eta_seconds=914.785 bootstraps=24
node=321/7910 op=mul seconds=38.1204 eta_seconds=901.233 bootstraps=24
node=341/7910 op=add seconds=39.193 eta_seconds=869.946 bootstraps=24
node=351/7910 op=cheb seconds=41.5113 eta_seconds=893.971 bootstraps=26
node=361/7910 op=add seconds=43.9365 eta_seconds=918.771 bootstraps=28
node=371/7910 op=linear seconds=45.9561 eta_seconds=933.864 bootstraps=30
node=381/7910 op=cheb seconds=47.6855 eta_seconds=942.32 bootstraps=32
node=391/7910 op=add seconds=48.133 eta_seconds=925.607 bootstraps=32
node=401/7910 op=mulp seconds=48.4103 eta_seconds=906.516 bootstraps=32
node=411/7910 op=addp seconds=48.554 eta_seconds=885.904 bootstraps=32
node=421/7910 op=mul seconds=48.7978 eta_seconds=868.044 bootstraps=32
node=431/7910 op=gather seconds=53.0853 eta_seconds=921.172 bootstraps=36
node=441/7910 op=add seconds=53.4125 eta_seconds=904.622 bootstraps=36
node=451/7910 op=mulp seconds=53.9314 eta_seconds=891.96 bootstraps=36
node=461/7910 op=add seconds=56.3606 eta_seconds=910.694 bootstraps=38
node=471/7910 op=linear seconds=58.3786 eta_seconds=922.035 bootstraps=40
node=481/7910 op=mulp seconds=60.3757 eta_seconds=932.497 bootstraps=42
node=491/7910 op=gather seconds=62.396 eta_seconds=942.803 bootstraps=44
node=501/7910 op=cheb seconds=64.3344 eta_seconds=951.405 bootstraps=46
node=511/7910 op=sum seconds=64.7781 eta_seconds=937.951 bootstraps=46
node=521/7910 op=addp seconds=65.0002 eta_seconds=921.855 bootstraps=46
node=531/7910 op=gather seconds=65.3494 eta_seconds=908.123 bootstraps=46
node=541/7910 op=add seconds=67.2689 eta_seconds=916.275 bootstraps=48
node=551/7910 op=add seconds=68.2982 eta_seconds=912.172 bootstraps=48
node=561/7910 op=add seconds=69.1256 eta_seconds=905.533 bootstraps=48
node=571/7910 op=repeat seconds=69.3746 eta_seconds=891.663 bootstraps=48
node=581/7910 op=mulp seconds=71.5885 eta_seconds=903.05 bootstraps=50
node=591/7910 op=mul seconds=75.1497 eta_seconds=930.66 bootstraps=54
node=601/7910 op=mul seconds=77.1454 eta_seconds=938.196 bootstraps=56
node=611/7910 op=gather seconds=77.8146 eta_seconds=929.572 bootstraps=56
node=621/7910 op=mul seconds=79.9683 eta_seconds=938.63 bootstraps=58
node=631/7910 op=repeat seconds=80.2436 eta_seconds=925.662 bootstraps=58
node=641/7910 op=mulp seconds=80.413 eta_seconds=911.891 bootstraps=58
node=651/7910 op=add seconds=80.6667 eta_seconds=899.478 bootstraps=58
node=661/7910 op=add seconds=84.4617 eta_seconds=926.268 bootstraps=62
node=671/7910 op=scatter seconds=85.1061 eta_seconds=918.156 bootstraps=62
node=691/7910 op=mul seconds=86.1511 eta_seconds=900.036 bootstraps=62
node=701/7910 op=mul seconds=88.3732 eta_seconds=908.819 bootstraps=64
node=711/7910 op=scatter seconds=90.8139 eta_seconds=919.507 bootstraps=66
node=721/7910 op=gather seconds=92.998 eta_seconds=927.271 bootstraps=68
node=741/7910 op=cheb seconds=95.3598 eta_seconds=922.583 bootstraps=70
node=751/7910 op=sum seconds=95.5579 eta_seconds=910.917 bootstraps=70
node=761/7910 op=addp seconds=95.682 eta_seconds=898.857 bootstraps=70
node=771/7910 op=scatter seconds=97.643 eta_seconds=904.116 bootstraps=72
node=781/7910 op=mul seconds=98.8686 eta_seconds=902.477 bootstraps=72
node=791/7910 op=scatter seconds=99.507 eta_seconds=895.563 bootstraps=72
node=801/7910 op=sum seconds=99.8375 eta_seconds=886.074 bootstraps=72
node=811/7910 op=scatter seconds=102.137 eta_seconds=894.042 bootstraps=74
node=821/7910 op=gather seconds=102.745 eta_seconds=887.163 bootstraps=74
node=831/7910 op=cheb seconds=106.209 eta_seconds=904.759 bootstraps=78
node=851/7910 op=repeat seconds=108.637 eta_seconds=901.14 bootstraps=80
node=861/7910 op=addp seconds=108.982 eta_seconds=892.236 bootstraps=80
node=871/7910 op=repeat seconds=112.049 eta_seconds=905.529 bootstraps=84
node=881/7910 op=mul seconds=112.582 eta_seconds=898.228 bootstraps=84
node=891/7910 op=scatter seconds=113.221 eta_seconds=891.914 bootstraps=84
node=901/7910 op=mul seconds=113.644 eta_seconds=884.055 bootstraps=84
node=921/7910 op=add seconds=116.267 eta_seconds=882.295 bootstraps=86
node=931/7910 op=cheb seconds=118.51 eta_seconds=888.377 bootstraps=88
node=941/7910 op=add seconds=120.976 eta_seconds=895.942 bootstraps=90
node=951/7910 op=linear seconds=123.145 eta_seconds=901.124 bootstraps=92
node=961/7910 op=cheb seconds=123.257 eta_seconds=891.273 bootstraps=92
node=971/7910 op=add seconds=125.078 eta_seconds=893.835 bootstraps=94
node=981/7910 op=mulp seconds=126.769 eta_seconds=895.392 bootstraps=96
node=991/7910 op=addp seconds=128.293 eta_seconds=895.72 bootstraps=98
node=1001/7910 op=mul seconds=128.793 eta_seconds=888.941 bootstraps=98
node=1011/7910 op=gather seconds=129.69 eta_seconds=884.999 bootstraps=98
node=1021/7910 op=add seconds=131.541 eta_seconds=887.55 bootstraps=100
node=1031/7910 op=mulp seconds=132.105 eta_seconds=881.424 bootstraps=100
node=1041/7910 op=add seconds=133.001 eta_seconds=877.604 bootstraps=100
node=1051/7910 op=linear seconds=135.163 eta_seconds=882.094 bootstraps=102
node=1061/7910 op=mulp seconds=137.095 eta_seconds=884.983 bootstraps=104
node=1071/7910 op=gather seconds=139.268 eta_seconds=889.311 bootstraps=106
node=1081/7910 op=cheb seconds=141.158 eta_seconds=891.738 bootstraps=108
node=1091/7910 op=sum seconds=141.662 eta_seconds=885.417 bootstraps=108
node=1101/7910 op=addp seconds=141.883 eta_seconds=877.456 bootstraps=108
node=1111/7910 op=gather seconds=142.278 eta_seconds=870.7 bootstraps=108
node=1121/7910 op=add seconds=144.218 eta_seconds=873.416 bootstraps=110
node=1131/7910 op=add seconds=145.248 eta_seconds=870.591 bootstraps=110
node=1141/7910 op=add seconds=146.078 eta_seconds=866.609 bootstraps=110
node=1151/7910 op=repeat seconds=146.327 eta_seconds=859.275 bootstraps=110
node=1161/7910 op=mulp seconds=148.632 eta_seconds=864.013 bootstraps=112
node=1171/7910 op=mul seconds=150.74 eta_seconds=867.496 bootstraps=114
node=1181/7910 op=mul seconds=152.731 eta_seconds=870.219 bootstraps=116
node=1191/7910 op=gather seconds=153.401 eta_seconds=865.407 bootstraps=116
node=1201/7910 op=mul seconds=155.61 eta_seconds=869.267 bootstraps=118
node=1211/7910 op=repeat seconds=155.874 eta_seconds=862.261 bootstraps=118
node=1221/7910 op=mulp seconds=156.008 eta_seconds=854.658 bootstraps=118
node=1231/7910 op=add seconds=157.763 eta_seconds=855.97 bootstraps=120
node=1241/7910 op=add seconds=158.711 eta_seconds=852.896 bootstraps=120
node=1251/7910 op=scatter seconds=159.356 eta_seconds=848.241 bootstraps=120
node=1271/7910 op=mul seconds=160.399 eta_seconds=837.836 bootstraps=120
node=1281/7910 op=mul seconds=162.622 eta_seconds=841.545 bootstraps=122
node=1291/7910 op=scatter seconds=165.054 eta_seconds=846.239 bootstraps=124
node=1301/7910 op=gather seconds=167.23 eta_seconds=849.516 bootstraps=126
node=1321/7910 op=cheb seconds=169.549 eta_seconds=845.694 bootstraps=128
node=1331/7910 op=sum seconds=169.748 eta_seconds=839.05 bootstraps=128
node=1341/7910 op=addp seconds=169.873 eta_seconds=832.136 bootstraps=128
node=1351/7910 op=scatter seconds=171.832 eta_seconds=834.229 bootstraps=130
node=1361/7910 op=mul seconds=173.073 eta_seconds=832.812 bootstraps=130
node=1371/7910 op=scatter seconds=173.712 eta_seconds=828.523 bootstraps=130
node=1381/7910 op=sum seconds=174.043 eta_seconds=822.829 bootstraps=130
node=1391/7910 op=scatter seconds=177.673 eta_seconds=832.673 bootstraps=134
node=1401/7910 op=gather seconds=178.365 eta_seconds=828.677 bootstraps=134
node=1411/7910 op=cheb seconds=181.958 eta_seconds=838.089 bootstraps=138
node=1421/7910 op=cheb seconds=182.528 eta_seconds=833.516 bootstraps=138
node=1431/7910 op=gather seconds=184.361 eta_seconds=834.714 bootstraps=138
node=1441/7910 op=repeat seconds=187.923 eta_seconds=843.63 bootstraps=140
node=1451/7910 op=addp seconds=188.597 eta_seconds=839.525 bootstraps=140
node=1461/7910 op=repeat seconds=189.237 eta_seconds=835.311 bootstraps=140
node=1471/7910 op=mul seconds=189.695 eta_seconds=830.35 bootstraps=140
node=1481/7910 op=scatter seconds=190.193 eta_seconds=825.624 bootstraps=140
node=1491/7910 op=mul seconds=190.749 eta_seconds=821.204 bootstraps=140
node=1501/7910 op=addp seconds=191.41 eta_seconds=817.287 bootstraps=140
node=1511/7910 op=repeat seconds=193.2 eta_seconds=818.191 bootstraps=142
node=1521/7910 op=mul seconds=193.865 eta_seconds=814.333 bootstraps=142
node=1531/7910 op=mul seconds=195.98 eta_seconds=816.563 bootstraps=144
node=1541/7910 op=scatter seconds=198.416 eta_seconds=820.06 bootstraps=146
node=1551/7910 op=gather seconds=201.833 eta_seconds=827.501 bootstraps=150
node=1561/7910 op=mul seconds=202.473 eta_seconds=823.511 bootstraps=150
node=1571/7910 op=cheb seconds=205.844 eta_seconds=830.583 bootstraps=154
node=1581/7910 op=sum seconds=206.073 eta_seconds=824.942 bootstraps=154
node=1591/7910 op=addp seconds=206.215 eta_seconds=819.029 bootstraps=154
node=1601/7910 op=scatter seconds=208.187 eta_seconds=820.395 bootstraps=156
node=1611/7910 op=mul seconds=209.282 eta_seconds=818.29 bootstraps=156
node=1621/7910 op=scatter seconds=209.839 eta_seconds=814.112 bootstraps=156
node=1631/7910 op=mulp seconds=210.053 eta_seconds=808.657 bootstraps=156
node=1641/7910 op=repeat seconds=212.033 eta_seconds=810.013 bootstraps=158
node=1651/7910 op=mulp seconds=213.866 eta_seconds=810.775 bootstraps=160
node=1661/7910 op=mul seconds=216.19 eta_seconds=813.347 bootstraps=162
node=1671/7910 op=mul seconds=218.184 eta_seconds=814.631 bootstraps=164
node=1681/7910 op=gather seconds=218.86 eta_seconds=810.994 bootstraps=164
node=1691/7910 op=mul seconds=223.299 eta_seconds=821.228 bootstraps=168
node=1701/7910 op=repeat seconds=223.571 eta_seconds=816.081 bootstraps=168
node=1711/7910 op=mulp seconds=223.741 eta_seconds=810.62 bootstraps=168
node=1721/7910 op=add seconds=223.995 eta_seconds=805.524 bootstraps=168
node=1731/7910 op=add seconds=226.497 eta_seconds=808.507 bootstraps=170
node=1741/7910 op=scatter seconds=227.143 eta_seconds=804.85 bootstraps=170
node=1751/7910 op=mul seconds=227.821 eta_seconds=801.342 bootstraps=170
node=1761/7910 op=add seconds=228.077 eta_seconds=796.393 bootstraps=170
node=1771/7910 op=add seconds=230.506 eta_seconds=799.026 bootstraps=172
node=1781/7910 op=linear_ref seconds=231.1 eta_seconds=795.29 bootstraps=172
node=1791/7910 op=mulp seconds=233.089 eta_seconds=796.356 bootstraps=174
node=1801/7910 op=gather seconds=235.107 eta_seconds=797.485 bootstraps=176
node=1811/7910 op=cheb seconds=237.519 eta_seconds=799.906 bootstraps=178
node=1821/7910 op=sum seconds=237.997 eta_seconds=795.805 bootstraps=178
node=1831/7910 op=addp seconds=238.17 eta_seconds=790.734 bootstraps=178
node=1841/7910 op=gather seconds=238.504 eta_seconds=786.247 bootstraps=178
node=1851/7910 op=add seconds=240.51 eta_seconds=787.276 bootstraps=180
node=1861/7910 op=add seconds=241.551 eta_seconds=785.139 bootstraps=180
node=1871/7910 op=add seconds=242.381 eta_seconds=782.33 bootstraps=180
node=1881/7910 op=sum seconds=242.536 eta_seconds=777.378 bootstraps=180
node=1891/7910 op=add seconds=242.897 eta_seconds=773.135 bootstraps=180
node=1901/7910 op=cheb seconds=246.566 eta_seconds=779.388 bootstraps=184
node=1911/7910 op=add seconds=249.086 eta_seconds=781.929 bootstraps=186
node=1921/7910 op=linear_ref seconds=251.109 eta_seconds=782.868 bootstraps=188
node=1931/7910 op=cheb seconds=252.943 eta_seconds=783.192 bootstraps=190
node=1941/7910 op=add seconds=255.664 eta_seconds=786.224 bootstraps=192
node=1951/7910 op=mulp seconds=255.971 eta_seconds=781.822 bootstraps=192
node=1961/7910 op=addp seconds=256.147 eta_seconds=777.063 bootstraps=192
node=1971/7910 op=mul seconds=257.887 eta_seconds=777.063 bootstraps=194
node=1981/7910 op=gather seconds=259.303 eta_seconds=776.076 bootstraps=194
node=1991/7910 op=add seconds=259.632 eta_seconds=771.855 bootstraps=194
node=2001/7910 op=mul seconds=260.164 eta_seconds=768.27 bootstraps=194
node=2011/7910 op=sum seconds=260.545 eta_seconds=764.274 bootstraps=194
node=2021/7910 op=scatter seconds=262.847 eta_seconds=765.91 bootstraps=196
node=2031/7910 op=gather seconds=264.87 eta_seconds=766.702 bootstraps=198
node=2041/7910 op=cheb seconds=268.376 eta_seconds=771.728 bootstraps=202
node=2051/7910 op=gather seconds=269.08 eta_seconds=768.67 bootstraps=202
node=2061/7910 op=repeat seconds=271.577 eta_seconds=770.721 bootstraps=204
node=2071/7910 op=addp seconds=271.988 eta_seconds=766.846 bootstraps=204
node=2081/7910 op=repeat seconds=272.259 eta_seconds=762.614 bootstraps=204
node=2091/7910 op=mul seconds=272.522 eta_seconds=758.396 bootstraps=204
node=2101/7910 op=scatter seconds=274.934 eta_seconds=760.158 bootstraps=206
node=2111/7910 op=mul seconds=275.616 eta_seconds=757.129 bootstraps=206
node=2121/7910 op=addp seconds=276.449 eta_seconds=754.532 bootstraps=206
node=2131/7910 op=repeat seconds=276.711 eta_seconds=750.405 bootstraps=206
node=2141/7910 op=mul seconds=277.08 eta_seconds=746.603 bootstraps=206
node=2151/7910 op=mul seconds=279.307 eta_seconds=747.805 bootstraps=208
node=2161/7910 op=scatter seconds=281.747 eta_seconds=749.544 bootstraps=210
node=2171/7910 op=gather seconds=283.933 eta_seconds=750.573 bootstraps=212
node=2181/7910 op=mul seconds=286.183 eta_seconds=751.738 bootstraps=214
node=2191/7910 op=cheb seconds=286.886 eta_seconds=748.837 bootstraps=214
node=2201/7910 op=sum seconds=287.082 eta_seconds=744.64 bootstraps=214
node=2211/7910 op=addp seconds=287.206 eta_seconds=740.293 bootstraps=214
node=2221/7910 op=scatter seconds=289.23 eta_seconds=740.85 bootstraps=216
node=2231/7910 op=mul seconds=290.454 eta_seconds=739.349 bootstraps=216
node=2241/7910 op=scatter seconds=291.093 eta_seconds=736.371 bootstraps=216
node=2251/7910 op=mulp seconds=291.311 eta_seconds=732.355 bootstraps=216
node=2261/7910 op=repeat seconds=291.795 eta_seconds=729.037 bootstraps=216
node=2271/7910 op=mulp seconds=294.029 eta_seconds=730.089 bootstraps=218
node=2281/7910 op=mul seconds=296.152 eta_seconds=730.837 bootstraps=220
node=2291/7910 op=mul seconds=298.105 eta_seconds=731.144 bootstraps=222
node=2301/7910 op=gather seconds=298.823 eta_seconds=728.421 bootstraps=222
node=2311/7910 op=mul seconds=301.615 eta_seconds=730.74 bootstraps=224
node=2321/7910 op=repeat seconds=303.338 eta_seconds=730.442 bootstraps=226
node=2331/7910 op=mulp seconds=304.872 eta_seconds=729.679 bootstraps=228
node=2341/7910 op=add seconds=305.402 eta_seconds=726.521 bootstraps=228
node=2351/7910 op=add seconds=306.233 eta_seconds=724.095 bootstraps=228
node=2361/7910 op=scatter seconds=308.076 eta_seconds=724.063 bootstraps=230
node=2371/7910 op=mul seconds=308.86 eta_seconds=721.541 bootstraps=230
node=2381/7910 op=add seconds=309.119 eta_seconds=717.816 bootstraps=230
node=2391/7910 op=add seconds=311.503 eta_seconds=719.023 bootstraps=232
node=2401/7910 op=linear_ref seconds=312.068 eta_seconds=716.027 bootstraps=232
node=2411/7910 op=mulp seconds=314.098 eta_seconds=716.393 bootstraps=234
node=2421/7910 op=gather seconds=316.275 eta_seconds=717.073 bootstraps=236
node=2431/7910 op=cheb seconds=320.117 eta_seconds=721.482 bootstraps=240
node=2441/7910 op=sum seconds=322.002 eta_seconds=721.437 bootstraps=242
node=2451/7910 op=addp seconds=323.497 eta_seconds=720.51 bootstraps=244
node=2461/7910 op=gather seconds=325.482 eta_seconds=720.664 bootstraps=246
node=2471/7910 op=add seconds=325.7 eta_seconds=716.908 bootstraps=246
node=2481/7910 op=add seconds=326.394 eta_seconds=714.225 bootstraps=246
node=2491/7910 op=add seconds=328.804 eta_seconds=715.291 bootstraps=248
node=2501/7910 op=sum seconds=329.029 eta_seconds=711.602 bootstraps=248
node=2511/7910 op=add seconds=329.535 eta_seconds=708.547 bootstraps=248
node=2521/7910 op=cheb seconds=331.549 eta_seconds=708.734 bootstraps=250
node=2531/7910 op=add seconds=334.164 eta_seconds=710.181 bootstraps=252
node=2541/7910 op=linear_ref seconds=336.333 eta_seconds=710.655 bootstraps=254
node=2551/7910 op=cheb seconds=338.19 eta_seconds=710.45 bootstraps=256
node=2561/7910 op=add seconds=341.569 eta_seconds=713.414 bootstraps=258
node=2571/7910 op=mulp seconds=341.882 eta_seconds=709.96 bootstraps=258
node=2581/7910 op=addp seconds=342.106 eta_seconds=706.347 bootstraps=258
node=2591/7910 op=mul seconds=343.844 eta_seconds=705.87 bootstraps=260
node=2601/7910 op=gather seconds=345.254 eta_seconds=704.71 bootstraps=260
node=2611/7910 op=add seconds=345.584 eta_seconds=701.359 bootstraps=260
node=2621/7910 op=mul seconds=346.11 eta_seconds=698.426 bootstraps=260
node=2631/7910 op=sum seconds=346.492 eta_seconds=695.222 bootstraps=260
node=2641/7910 op=scatter seconds=348.865 eta_seconds=696.013 bootstraps=262
node=2651/7910 op=gather seconds=349.466 eta_seconds=693.264 bootstraps=262
node=2661/7910 op=cheb seconds=352.977 eta_seconds=696.271 bootstraps=266
node=2671/7910 op=gather seconds=353.682 eta_seconds=693.724 bootstraps=266
node=2681/7910 op=repeat seconds=356.25 eta_seconds=694.828 bootstraps=268
node=2691/7910 op=addp seconds=356.648 eta_seconds=691.694 bootstraps=268
node=2701/7910 op=repeat seconds=356.885 eta_seconds=688.268 bootstraps=268
node=2711/7910 op=mul seconds=358.739 eta_seconds=687.97 bootstraps=270
node=2721/7910 op=scatter seconds=359.498 eta_seconds=685.569 bootstraps=270
node=2731/7910 op=mul seconds=360.183 eta_seconds=683.041 bootstraps=270
node=2741/7910 op=addp seconds=361.011 eta_seconds=680.797 bootstraps=270
node=2751/7910 op=repeat seconds=361.273 eta_seconds=677.501 bootstraps=270
node=2761/7910 op=mul seconds=361.64 eta_seconds=674.424 bootstraps=270
node=2771/7910 op=mul seconds=363.863 eta_seconds=674.808 bootstraps=272
node=2781/7910 op=scatter seconds=366.307 eta_seconds=675.58 bootstraps=274
node=2791/7910 op=gather seconds=368.48 eta_seconds=675.833 bootstraps=276
node=2801/7910 op=mul seconds=370.733 eta_seconds=676.213 bootstraps=278
node=2811/7910 op=cheb seconds=371.39 eta_seconds=673.681 bootstraps=278
node=2821/7910 op=sum seconds=371.588 eta_seconds=670.334 bootstraps=278
node=2831/7910 op=addp seconds=371.713 eta_seconds=666.878 bootstraps=278
node=2841/7910 op=scatter seconds=373.746 eta_seconds=666.848 bootstraps=280
node=2851/7910 op=mul seconds=374.99 eta_seconds=665.407 bootstraps=280
node=2861/7910 op=scatter seconds=375.628 eta_seconds=662.897 bootstraps=280
node=2871/7910 op=mulp seconds=375.845 eta_seconds=659.66 bootstraps=280
node=2881/7910 op=repeat seconds=376.332 eta_seconds=656.915 bootstraps=280
node=2891/7910 op=mulp seconds=379.889 eta_seconds=659.517 bootstraps=284
node=2901/7910 op=mul seconds=382.21 eta_seconds=659.942 bootstraps=286
node=2911/7910 op=mul seconds=384.18 eta_seconds=659.744 bootstraps=288
client_token=315 logit_margin=1.8975
node=2921/7910 op=mul seconds=384.946 eta_seconds=657.478 bootstraps=288
node=2931/7910 op=gather seconds=386.72 eta_seconds=656.935 bootstraps=288
node=2941/7910 op=mul seconds=390.444 eta_seconds=659.68 bootstraps=290
node=2951/7910 op=repeat seconds=391.125 eta_seconds=657.265 bootstraps=290
node=2961/7910 op=mulp seconds=391.495 eta_seconds=654.344 bootstraps=290
node=2971/7910 op=add seconds=391.944 eta_seconds=651.569 bootstraps=290
node=2981/7910 op=add seconds=392.601 eta_seconds=649.155 bootstraps=290
node=2991/7910 op=scatter seconds=393.116 eta_seconds=646.519 bootstraps=290
node=3001/7910 op=mul seconds=393.669 eta_seconds=643.958 bootstraps=290
node=3011/7910 op=mul seconds=395.452 eta_seconds=643.413 bootstraps=292
node=3021/7910 op=mul seconds=396.173 eta_seconds=641.142 bootstraps=292
node=3031/7910 op=sum seconds=397.164 eta_seconds=639.315 bootstraps=292
node=3041/7910 op=cheb seconds=400.786 eta_seconds=641.706 bootstraps=296
node=3051/7910 op=repeat seconds=402.823 eta_seconds=641.533 bootstraps=298
node=3061/7910 op=gather seconds=403.378 eta_seconds=639.001 bootstraps=298
node=3071/7910 op=repeat seconds=406.1 eta_seconds=639.895 bootstraps=300
node=3081/7910 op=cheb seconds=406.415 eta_seconds=636.994 bootstraps=300
node=3091/7910 op=mul seconds=406.591 eta_seconds=633.892 bootstraps=300
node=3101/7910 op=mulp seconds=408.47 eta_seconds=633.451 bootstraps=302
node=3111/7910 op=scatter seconds=409.421 eta_seconds=631.569 bootstraps=302
node=3121/7910 op=add seconds=409.913 eta_seconds=628.988 bootstraps=302
node=3131/7910 op=mul seconds=410.743 eta_seconds=626.937 bootstraps=302
node=3141/7910 op=repeat seconds=411.002 eta_seconds=624.027 bootstraps=302
node=3151/7910 op=sum seconds=411.379 eta_seconds=621.311 bootstraps=302
node=3161/7910 op=scatter seconds=413.722 eta_seconds=621.565 bootstraps=304
node=3171/7910 op=gather seconds=415.804 eta_seconds=621.411 bootstraps=306
node=3181/7910 op=cheb seconds=419.305 eta_seconds=623.355 bootstraps=310
node=3191/7910 op=gather seconds=420.011 eta_seconds=621.131 bootstraps=310
node=3201/7910 op=repeat seconds=424.229 eta_seconds=624.084 bootstraps=314
node=3211/7910 op=addp seconds=424.637 eta_seconds=621.417 bootstraps=314
node=3221/7910 op=repeat seconds=424.908 eta_seconds=618.564 bootstraps=314
node=3231/7910 op=mul seconds=425.171 eta_seconds=615.715 bootstraps=314
node=3241/7910 op=scatter seconds=427.446 eta_seconds=615.781 bootstraps=316
node=3251/7910 op=mul seconds=428.127 eta_seconds=613.547 bootstraps=316
node=3261/7910 op=addp seconds=428.952 eta_seconds=611.529 bootstraps=316
node=3271/7910 op=mul seconds=429.105 eta_seconds=608.566 bootstraps=316
node=3281/7910 op=mul seconds=429.464 eta_seconds=605.91 bootstraps=316
node=3291/7910 op=mul seconds=431.897 eta_seconds=606.178 bootstraps=318
node=3301/7910 op=gather seconds=432.492 eta_seconds=603.864 bootstraps=318
node=3311/7910 op=addp seconds=434.485 eta_seconds=603.503 bootstraps=320
node=3321/7910 op=gather seconds=436.515 eta_seconds=603.182 bootstraps=322
node=3331/7910 op=cheb seconds=439.028 eta_seconds=603.515 bootstraps=324
node=3341/7910 op=mulp seconds=439.391 eta_seconds=600.891 bootstraps=324
node=3351/7910 op=cheb seconds=439.621 eta_seconds=598.099 bootstraps=324
node=3361/7910 op=mul seconds=441.643 eta_seconds=597.749 bootstraps=326
node=3371/7910 op=gather seconds=442.167 eta_seconds=595.371 bootstraps=326
node=3381/7910 op=mul seconds=442.961 eta_seconds=593.366 bootstraps=326
node=3391/7910 op=mulp seconds=443.786 eta_seconds=591.409 bootstraps=326
node=3401/7910 op=sum seconds=443.943 eta_seconds=588.573 bootstraps=326
node=3411/7910 op=add seconds=444.3 eta_seconds=586.017 bootstraps=326
node=3421/7910 op=add seconds=446.73 eta_seconds=586.194 bootstraps=328
node=3431/7910 op=linear_ref seconds=448.751 eta_seconds=585.823 bootstraps=330
node=3441/7910 op=mulp seconds=450.735 eta_seconds=585.392 bootstraps=332
node=3451/7910 op=gather seconds=452.753 eta_seconds=584.998 bootstraps=334
node=3461/7910 op=cheb seconds=456.996 eta_seconds=587.454 bootstraps=338
node=3471/7910 op=sum seconds=457.439 eta_seconds=585.01 bootstraps=338
node=3481/7910 op=addp seconds=457.661 eta_seconds=582.298 bootstraps=338
node=3491/7910 op=gather seconds=458.009 eta_seconds=579.761 bootstraps=338
node=3501/7910 op=add seconds=459.951 eta_seconds=579.241 bootstraps=340
node=3511/7910 op=add seconds=460.98 eta_seconds=577.57 bootstraps=340
node=3521/7910 op=add seconds=461.812 eta_seconds=575.658 bootstraps=340
node=3531/7910 op=mul seconds=461.839 eta_seconds=572.754 bootstraps=340
node=3541/7910 op=mul seconds=462.33 eta_seconds=570.438 bootstraps=340
node=3551/7910 op=linear_ref seconds=464.809 eta_seconds=570.572 bootstraps=342
node=3561/7910 op=mulp seconds=466.334 eta_seconds=569.528 bootstraps=344
node=3571/7910 op=sum seconds=468.862 eta_seconds=569.698 bootstraps=346
node=3581/7910 op=gather seconds=471.029 eta_seconds=569.418 bootstraps=348
node=3591/7910 op=cheb seconds=473.289 eta_seconds=569.238 bootstraps=350
node=3601/7910 op=mul seconds=473.911 eta_seconds=567.088 bootstraps=350
node=3611/7910 op=mulp seconds=474.107 eta_seconds=564.439 bootstraps=350
node=3621/7910 op=gather seconds=474.368 eta_seconds=561.879 bootstraps=350
node=3631/7910 op=scatter seconds=476.484 eta_seconds=561.519 bootstraps=352
node=3641/7910 op=mulp seconds=477.517 eta_seconds=559.879 bootstraps=352
node=3651/7910 op=scatter seconds=478.343 eta_seconds=558.001 bootstraps=352
node=3661/7910 op=mulp seconds=478.371 eta_seconds=555.203 bootstraps=352
node=3671/7910 op=repeat seconds=478.856 eta_seconds=552.948 bootstraps=352
node=3681/7910 op=mul seconds=479.226 eta_seconds=550.569 bootstraps=352
node=3691/7910 op=mul seconds=481.449 eta_seconds=550.32 bootstraps=354
node=3701/7910 op=scatter seconds=483.882 eta_seconds=550.3 bootstraps=356
node=3711/7910 op=gather seconds=486.066 eta_seconds=549.984 bootstraps=358
node=3721/7910 op=mul seconds=488.311 eta_seconds=549.727 bootstraps=360
node=3731/7910 op=cheb seconds=489.012 eta_seconds=547.73 bootstraps=360
node=3741/7910 op=sum seconds=489.208 eta_seconds=545.177 bootstraps=360
node=3751/7910 op=addp seconds=490.832 eta_seconds=544.22 bootstraps=362
node=3761/7910 op=scatter seconds=491.477 eta_seconds=542.18 bootstraps=362
node=3771/7910 op=mul seconds=492.619 eta_seconds=540.693 bootstraps=362
node=3781/7910 op=scatter seconds=493.262 eta_seconds=538.661 bootstraps=362
node=3791/7910 op=add seconds=493.476 eta_seconds=536.172 bootstraps=362
node=3801/7910 op=mul seconds=493.861 eta_seconds=533.879 bootstraps=362
node=3811/7910 op=cheb seconds=494.338 eta_seconds=531.696 bootstraps=362
node=3821/7910 op=repeat seconds=497.874 eta_seconds=532.794 bootstraps=366
node=3831/7910 op=mul seconds=500.427 eta_seconds=532.822 bootstraps=368
node=3841/7910 op=gather seconds=502.599 eta_seconds=532.433 bootstraps=370
node=3851/7910 op=cheb seconds=504.929 eta_seconds=532.201 bootstraps=372
node=3861/7910 op=cheb seconds=505.482 eta_seconds=530.094 bootstraps=372
node=3871/7910 op=mul seconds=507.205 eta_seconds=529.218 bootstraps=374
node=3881/7910 op=repeat seconds=508.777 eta_seconds=528.179 bootstraps=376
node=3891/7910 op=add seconds=509.269 eta_seconds=526.022 bootstraps=376
node=3901/7910 op=mul seconds=510.314 eta_seconds=524.442 bootstraps=376
node=3911/7910 op=gather seconds=512.329 eta_seconds=523.857 bootstraps=378
node=3921/7910 op=mul seconds=512.716 eta_seconds=521.608 bootstraps=378
node=3931/7910 op=sum seconds=513.094 eta_seconds=519.359 bootstraps=378
node=3941/7910 op=add seconds=513.453 eta_seconds=517.101 bootstraps=378
node=3951/7910 op=cheb seconds=515.678 eta_seconds=516.722 bootstraps=380
node=3961/7910 op=add seconds=518.141 eta_seconds=516.572 bootstraps=382
node=3971/7910 op=linear_ref seconds=520.312 eta_seconds=516.119 bootstraps=384
node=3981/7910 op=cheb seconds=520.433 eta_seconds=513.635 bootstraps=384
node=3991/7910 op=add seconds=525.808 eta_seconds=516.322 bootstraps=390
node=4001/7910 op=mulp seconds=527.492 eta_seconds=515.363 bootstraps=392
node=4011/7910 op=addp seconds=529.02 eta_seconds=514.248 bootstraps=394
node=4021/7910 op=mul seconds=529.518 eta_seconds=512.135 bootstraps=394
node=4031/7910 op=gather seconds=530.416 eta_seconds=510.415 bootstraps=394
node=4041/7910 op=add seconds=532.273 eta_seconds=509.617 bootstraps=396
node=4051/7910 op=mul seconds=532.855 eta_seconds=507.6 bootstraps=396
node=4061/7910 op=mul seconds=533.206 eta_seconds=505.371 bootstraps=396
node=4071/7910 op=mul seconds=533.897 eta_seconds=503.471 bootstraps=396
node=4081/7910 op=addp seconds=534.469 eta_seconds=501.465 bootstraps=396
node=4091/7910 op=linear_ref seconds=538.518 eta_seconds=502.713 bootstraps=400
node=4101/7910 op=mulp seconds=540.071 eta_seconds=501.616 bootstraps=402
node=4111/7910 op=addp seconds=540.745 eta_seconds=499.706 bootstraps=402
node=4121/7910 op=mulp seconds=545.887 eta_seconds=501.908 bootstraps=406
node=4131/7910 op=mul seconds=546.197 eta_seconds=499.656 bootstraps=406
node=4141/7910 op=repeat seconds=546.422 eta_seconds=497.335 bootstraps=406
node=4151/7910 op=mul seconds=548.188 eta_seconds=496.42 bootstraps=408
node=4161/7910 op=gather seconds=549.368 eta_seconds=494.972 bootstraps=408
node=4171/7910 op=scatter seconds=549.932 eta_seconds=492.974 bootstraps=408
node=4181/7910 op=mul seconds=550.458 eta_seconds=490.949 bootstraps=408
node=4191/7910 op=add seconds=550.714 eta_seconds=488.692 bootstraps=408
node=4201/7910 op=repeat seconds=551.197 eta_seconds=486.644 bootstraps=408
node=4211/7910 op=mulp seconds=553.495 eta_seconds=486.197 bootstraps=410
node=4221/7910 op=mul seconds=555.605 eta_seconds=485.578 bootstraps=412
node=4231/7910 op=mul seconds=557.594 eta_seconds=484.847 bootstraps=414
node=4241/7910 op=gather seconds=558.272 eta_seconds=482.976 bootstraps=414
node=4251/7910 op=mul seconds=561.059 eta_seconds=482.925 bootstraps=416
node=4261/7910 op=repeat seconds=561.318 eta_seconds=480.697 bootstraps=416
node=4271/7910 op=mulp seconds=561.453 eta_seconds=478.372 bootstraps=416
node=4281/7910 op=add seconds=563.304 eta_seconds=477.512 bootstraps=418
node=4291/7910 op=add seconds=564.252 eta_seconds=475.886 bootstraps=418
node=4301/7910 op=scatter seconds=564.894 eta_seconds=474.007 bootstraps=418
node=4311/7910 op=mul seconds=565.572 eta_seconds=472.163 bootstraps=418
node=4321/7910 op=mul seconds=565.831 eta_seconds=469.976 bootstraps=418
node=4331/7910 op=mul seconds=566.208 eta_seconds=467.896 bootstraps=418
node=4341/7910 op=sum seconds=568.544 eta_seconds=467.435 bootstraps=420
node=4351/7910 op=cheb seconds=570.652 eta_seconds=466.778 bootstraps=422
node=4361/7910 op=repeat seconds=572.644 eta_seconds=466.02 bootstraps=424
node=4371/7910 op=gather seconds=573.314 eta_seconds=464.187 bootstraps=424
node=4381/7910 op=repeat seconds=576.053 eta_seconds=464.024 bootstraps=426
node=4391/7910 op=cheb seconds=576.315 eta_seconds=461.866 bootstraps=426
node=4401/7910 op=mul seconds=576.458 eta_seconds=459.621 bootstraps=426
node=4411/7910 op=mulp seconds=576.718 eta_seconds=457.478 bootstraps=426
node=4421/7910 op=scatter seconds=579.283 eta_seconds=457.163 bootstraps=428
node=4431/7910 op=add seconds=579.772 eta_seconds=455.208 bootstraps=428
node=4441/7910 op=mul seconds=580.601 eta_seconds=453.525 bootstraps=428
node=4451/7910 op=repeat seconds=580.861 eta_seconds=451.404 bootstraps=428
node=4461/7910 op=sum seconds=581.238 eta_seconds=449.381 bootstraps=428
node=4471/7910 op=scatter seconds=584.857 eta_seconds=449.86 bootstraps=432
node=4481/7910 op=gather seconds=585.556 eta_seconds=448.086 bootstraps=432
node=4491/7910 op=cheb seconds=589.153 eta_seconds=448.523 bootstraps=436
client_token=279 logit_margin=2.90222
node=4501/7910 op=cheb seconds=589.817 eta_seconds=446.72 bootstraps=436
node=4511/7910 op=gather seconds=591.644 eta_seconds=445.799 bootstraps=436
node=4521/7910 op=repeat seconds=595.2 eta_seconds=446.17 bootstraps=438
node=4531/7910 op=addp seconds=595.87 eta_seconds=444.371 bootstraps=438
node=4541/7910 op=repeat seconds=596.503 eta_seconds=442.55 bootstraps=438
node=4551/7910 op=mul seconds=596.959 eta_seconds=440.604 bootstraps=438
node=4561/7910 op=scatter seconds=597.459 eta_seconds=438.696 bootstraps=438
node=4571/7910 op=mul seconds=598.011 eta_seconds=436.832 bootstraps=438
node=4581/7910 op=addp seconds=598.672 eta_seconds=435.054 bootstraps=438
node=4591/7910 op=sum seconds=598.809 eta_seconds=432.901 bootstraps=438
node=4601/7910 op=add seconds=600.944 eta_seconds=432.194 bootstraps=440
node=4611/7910 op=repeat seconds=601.879 eta_seconds=430.622 bootstraps=440
node=4621/7910 op=mulp seconds=602.657 eta_seconds=428.942 bootstraps=440
node=4631/7910 op=mul seconds=606.282 eta_seconds=429.281 bootstraps=444
node=4641/7910 op=mul seconds=608.316 eta_seconds=428.482 bootstraps=446
node=4651/7910 op=gather seconds=608.875 eta_seconds=426.644 bootstraps=446
node=4661/7910 op=mul seconds=611.579 eta_seconds=426.308 bootstraps=448
node=4671/7910 op=repeat seconds=611.898 eta_seconds=424.307 bootstraps=448
node=4681/7910 op=mulp seconds=612.064 eta_seconds=422.208 bootstraps=448
node=4691/7910 op=add seconds=613.905 eta_seconds=421.266 bootstraps=450
node=4701/7910 op=add seconds=614.887 eta_seconds=419.735 bootstraps=450
node=4711/7910 op=scatter seconds=615.53 eta_seconds=417.975 bootstraps=450
node=4721/7910 op=mul seconds=616.207 eta_seconds=416.244 bootstraps=450
node=4731/7910 op=repeat seconds=616.468 eta_seconds=414.236 bootstraps=450
node=4741/7910 op=sum seconds=616.845 eta_seconds=412.315 bootstraps=450
node=4751/7910 op=add seconds=617.208 eta_seconds=410.389 bootstraps=450
node=4761/7910 op=cheb seconds=620.966 eta_seconds=410.716 bootstraps=454
node=4771/7910 op=add seconds=623.512 eta_seconds=410.229 bootstraps=456
node=4781/7910 op=linear_ref seconds=625.676 eta_seconds=409.483 bootstraps=458
node=4791/7910 op=cheb seconds=625.81 eta_seconds=407.41 bootstraps=458
node=4801/7910 op=add seconds=630.203 eta_seconds=408.103 bootstraps=462
node=4811/7910 op=mulp seconds=630.479 eta_seconds=406.122 bootstraps=462
node=4821/7910 op=addp seconds=630.656 eta_seconds=404.086 bootstraps=462
node=4831/7910 op=mul seconds=630.899 eta_seconds=402.099 bootstraps=462
node=4841/7910 op=gather seconds=633.826 eta_seconds=401.82 bootstraps=464
node=4851/7910 op=add seconds=634.153 eta_seconds=399.892 bootstraps=464
node=4861/7910 op=mul seconds=634.681 eta_seconds=398.095 bootstraps=464
node=4871/7910 op=add seconds=634.937 eta_seconds=396.135 bootstraps=464
node=4881/7910 op=repeat seconds=635.422 eta_seconds=394.324 bootstraps=464
node=4891/7910 op=mul seconds=635.791 eta_seconds=392.446 bootstraps=464
node=4901/7910 op=mul seconds=638.066 eta_seconds=391.745 bootstraps=466
node=4911/7910 op=scatter seconds=640.47 eta_seconds=391.116 bootstraps=468
node=4921/7910 op=gather seconds=642.495 eta_seconds=390.249 bootstraps=470
node=4931/7910 op=mul seconds=644.764 eta_seconds=389.526 bootstraps=472
node=4941/7910 op=cheb seconds=645.349 eta_seconds=387.784 bootstraps=472
node=4951/7910 op=sum seconds=645.546 eta_seconds=385.815 bootstraps=472
node=4961/7910 op=addp seconds=645.67 eta_seconds=383.81 bootstraps=472
node=4971/7910 op=scatter seconds=647.69 eta_seconds=382.933 bootstraps=474
node=4981/7910 op=mul seconds=648.934 eta_seconds=381.596 bootstraps=474
node=4991/7910 op=scatter seconds=649.572 eta_seconds=379.904 bootstraps=474
node=5001/7910 op=mul seconds=649.787 eta_seconds=377.97 bootstraps=474
node=5011/7910 op=sum seconds=650.168 eta_seconds=376.14 bootstraps=474
node=5021/7910 op=add seconds=650.526 eta_seconds=374.302 bootstraps=474
node=5031/7910 op=add seconds=652.997 eta_seconds=373.679 bootstraps=476
node=5041/7910 op=linear_ref seconds=655.012 eta_seconds=372.789 bootstraps=478
node=5051/7910 op=mulp seconds=656.999 eta_seconds=371.879 bootstraps=480
node=5061/7910 op=gather seconds=659.015 eta_seconds=370.981 bootstraps=482
node=5071/7910 op=cheb seconds=663.276 eta_seconds=371.335 bootstraps=486
node=5081/7910 op=sum seconds=663.719 eta_seconds=369.545 bootstraps=486
node=5091/7910 op=addp seconds=663.94 eta_seconds=367.639 bootstraps=486
node=5101/7910 op=gather seconds=664.287 eta_seconds=365.807 bootstraps=486
node=5111/7910 op=add seconds=666.204 eta_seconds=364.842 bootstraps=488
node=5121/7910 op=add seconds=667.23 eta_seconds=363.387 bootstraps=488
node=5131/7910 op=add seconds=668.059 eta_seconds=361.827 bootstraps=488
node=5141/7910 op=mulp seconds=668.087 eta_seconds=359.839 bootstraps=488
node=5151/7910 op=repeat seconds=668.571 eta_seconds=358.103 bootstraps=488
node=5161/7910 op=sum seconds=668.947 eta_seconds=356.314 bootstraps=488
node=5171/7910 op=scatter seconds=671.295 eta_seconds=355.575 bootstraps=490
node=5181/7910 op=gather seconds=673.316 eta_seconds=354.657 bootstraps=492
node=5191/7910 op=cheb seconds=676.815 eta_seconds=354.51 bootstraps=496
node=5201/7910 op=gather seconds=677.518 eta_seconds=352.893 bootstraps=496
node=5211/7910 op=repeat seconds=680.016 eta_seconds=352.209 bootstraps=498
node=5221/7910 op=addp seconds=680.425 eta_seconds=350.443 bootstraps=498
node=5231/7910 op=repeat seconds=680.695 eta_seconds=348.611 bootstraps=498
node=5241/7910 op=mul seconds=680.956 eta_seconds=346.78 bootstraps=498
node=5251/7910 op=scatter seconds=683.327 eta_seconds=346.023 bootstraps=500
node=5261/7910 op=mul seconds=684.007 eta_seconds=344.409 bootstraps=500
node=5271/7910 op=addp seconds=684.83 eta_seconds=342.87 bootstraps=500
node=5281/7910 op=sum seconds=684.984 eta_seconds=341.001 bootstraps=500
node=5291/7910 op=add seconds=685.342 eta_seconds=339.238 bootstraps=500
node=5301/7910 op=repeat seconds=685.827 eta_seconds=337.544 bootstraps=500
node=5311/7910 op=mulp seconds=688.111 eta_seconds=336.735 bootstraps=502
node=5321/7910 op=mul seconds=690.212 eta_seconds=335.831 bootstraps=504
node=5331/7910 op=mul seconds=692.208 eta_seconds=334.872 bootstraps=506
node=5341/7910 op=gather seconds=692.883 eta_seconds=333.274 bootstraps=506
node=5351/7910 op=mul seconds=695.673 eta_seconds=332.691 bootstraps=508
node=5361/7910 op=repeat seconds=695.935 eta_seconds=330.897 bootstraps=508
node=5371/7910 op=mulp seconds=696.07 eta_seconds=329.049 bootstraps=508
node=5381/7910 op=add seconds=697.923 eta_seconds=328.015 bootstraps=510
node=5391/7910 op=add seconds=698.871 eta_seconds=326.555 bootstraps=510
node=5401/7910 op=scatter seconds=699.517 eta_seconds=324.956 bootstraps=510
node=5411/7910 op=mul seconds=700.194 eta_seconds=323.375 bootstraps=510
node=5421/7910 op=repeat seconds=700.455 eta_seconds=321.607 bootstraps=510
node=5431/7910 op=sum seconds=700.83 eta_seconds=319.897 bootstraps=510
node=5441/7910 op=add seconds=701.188 eta_seconds=318.183 bootstraps=510
node=5451/7910 op=cheb seconds=703.527 eta_seconds=317.368 bootstraps=512
node=5461/7910 op=add seconds=706.024 eta_seconds=316.618 bootstraps=514
node=5471/7910 op=linear_ref seconds=708.193 eta_seconds=315.716 bootstraps=516
node=5481/7910 op=cheb seconds=708.299 eta_seconds=313.895 bootstraps=516
node=5491/7910 op=add seconds=711.087 eta_seconds=313.262 bootstraps=518
node=5501/7910 op=mulp seconds=712.806 eta_seconds=312.152 bootstraps=520
node=5511/7910 op=addp seconds=714.363 eta_seconds=310.97 bootstraps=522
node=5521/7910 op=mul seconds=714.867 eta_seconds=309.331 bootstraps=522
node=5531/7910 op=gather seconds=715.909 eta_seconds=307.928 bootstraps=522
node=5541/7910 op=add seconds=717.728 eta_seconds=306.858 bootstraps=524
node=5551/7910 op=mul seconds=718.309 eta_seconds=305.259 bootstraps=524
node=5561/7910 op=add seconds=718.567 eta_seconds=303.527 bootstraps=524
node=5571/7910 op=repeat seconds=719.053 eta_seconds=301.897 bootstraps=524
node=5581/7910 op=mul seconds=720.721 eta_seconds=300.763 bootstraps=526
node=5591/7910 op=mul seconds=721.559 eta_seconds=299.284 bootstraps=526
node=5601/7910 op=scatter seconds=723.998 eta_seconds=298.467 bootstraps=528
node=5611/7910 op=gather seconds=726.18 eta_seconds=297.538 bootstraps=530
node=5621/7910 op=mul seconds=728.538 eta_seconds=296.677 bootstraps=532
node=5631/7910 op=cheb seconds=731.867 eta_seconds=296.204 bootstraps=536
node=5641/7910 op=sum seconds=733.366 eta_seconds=294.984 bootstraps=538
node=5651/7910 op=addp seconds=734.882 eta_seconds=293.771 bootstraps=540
node=5661/7910 op=scatter seconds=735.47 eta_seconds=292.187 bootstraps=540
node=5671/7910 op=mul seconds=736.267 eta_seconds=290.69 bootstraps=540
node=5681/7910 op=scatter seconds=738.483 eta_seconds=289.751 bootstraps=542
node=5691/7910 op=mul seconds=738.705 eta_seconds=288.031 bootstraps=542
node=5701/7910 op=sum seconds=739.233 eta_seconds=286.435 bootstraps=542
node=5711/7910 op=add seconds=739.73 eta_seconds=284.83 bootstraps=542
node=5721/7910 op=add seconds=740.601 eta_seconds=283.373 bootstraps=542
node=5731/7910 op=linear_ref seconds=742.729 eta_seconds=282.395 bootstraps=544
node=5741/7910 op=mulp seconds=744.756 eta_seconds=281.375 bootstraps=546
node=5751/7910 op=gather seconds=746.924 eta_seconds=280.405 bootstraps=548
node=5761/7910 op=cheb seconds=751.788 eta_seconds=280.436 bootstraps=552
node=5771/7910 op=sum seconds=752.293 eta_seconds=278.835 bootstraps=552
node=5781/7910 op=addp seconds=752.514 eta_seconds=277.132 bootstraps=552
node=5791/7910 op=gather seconds=752.909 eta_seconds=275.499 bootstraps=552
node=5801/7910 op=add seconds=754.817 eta_seconds=274.42 bootstraps=554
node=5811/7910 op=add seconds=755.843 eta_seconds=273.019 bootstraps=554
node=5821/7910 op=add seconds=756.673 eta_seconds=271.55 bootstraps=554
node=5831/7910 op=mulp seconds=756.701 eta_seconds=269.796 bootstraps=554
node=5841/7910 op=repeat seconds=757.189 eta_seconds=268.212 bootstraps=554
node=5851/7910 op=sum seconds=757.566 eta_seconds=266.592 bootstraps=554
node=5861/7910 op=scatter seconds=759.98 eta_seconds=265.688 bootstraps=556
node=5871/7910 op=gather seconds=760.581 eta_seconds=264.15 bootstraps=556
node=5881/7910 op=cheb seconds=764.082 eta_seconds=263.616 bootstraps=560
node=5891/7910 op=gather seconds=764.786 eta_seconds=262.112 bootstraps=560
node=5901/7910 op=repeat seconds=767.348 eta_seconds=261.244 bootstraps=562
node=5911/7910 op=addp seconds=767.744 eta_seconds=259.638 bootstraps=562
node=5921/7910 op=repeat seconds=767.98 eta_seconds=257.982 bootstraps=562
node=5931/7910 op=mul seconds=769.835 eta_seconds=256.871 bootstraps=564
node=5941/7910 op=scatter seconds=770.596 eta_seconds=255.395 bootstraps=564
node=5951/7910 op=mul seconds=771.277 eta_seconds=253.896 bootstraps=564
node=5961/7910 op=addp seconds=772.106 eta_seconds=252.447 bootstraps=564
node=5971/7910 op=sum seconds=772.262 eta_seconds=250.782 bootstraps=564
node=5981/7910 op=add seconds=772.622 eta_seconds=249.187 bootstraps=564
node=5991/7910 op=repeat seconds=773.107 eta_seconds=247.637 bootstraps=564
node=6001/7910 op=mulp seconds=775.389 eta_seconds=246.662 bootstraps=566
node=6011/7910 op=mul seconds=777.507 eta_seconds=245.631 bootstraps=568
node=6021/7910 op=mul seconds=779.506 eta_seconds=244.558 bootstraps=570
node=6031/7910 op=gather seconds=780.18 eta_seconds=243.071 bootstraps=570
node=6041/7910 op=mul seconds=782.914 eta_seconds=242.222 bootstraps=572
node=6051/7910 op=repeat seconds=783.184 eta_seconds=240.611 bootstraps=572
node=6061/7910 op=mulp seconds=783.319 eta_seconds=238.963 bootstraps=572
node=6071/7910 op=add seconds=783.574 eta_seconds=237.357 bootstraps=572
node=6081/7910 op=add seconds=786.138 eta_seconds=236.449 bootstraps=574
node=6091/7910 op=scatter seconds=786.781 eta_seconds=234.962 bootstraps=574
node=6101/7910 op=mul seconds=787.459 eta_seconds=233.489 bootstraps=574
node=6111/7910 op=repeat seconds=787.718 eta_seconds=231.894 bootstraps=574
node=6121/7910 op=sum seconds=788.096 eta_seconds=230.339 bootstraps=574
node=6131/7910 op=add seconds=788.455 eta_seconds=228.782 bootstraps=574
node=6141/7910 op=cheb seconds=792.158 eta_seconds=228.192 bootstraps=578
node=6151/7910 op=add seconds=794.787 eta_seconds=227.285 bootstraps=580
client_token=1614 logit_margin=0.201378
node=6161/7910 op=feedback seconds=796.567 eta_seconds=226.132 bootstraps=582
node=6171/7910 op=linear_ref seconds=798.65 eta_seconds=225.061 bootstraps=582
node=6181/7910 op=cheb seconds=799.033 eta_seconds=223.512 bootstraps=582
node=6191/7910 op=add seconds=801.293 eta_seconds=222.488 bootstraps=582
node=6201/7910 op=mulp seconds=801.97 eta_seconds=221.024 bootstraps=582
node=6211/7910 op=addp seconds=802.358 eta_seconds=219.483 bootstraps=582
node=6221/7910 op=mul seconds=802.785 eta_seconds=217.956 bootstraps=582
node=6231/7910 op=gather seconds=803.826 eta_seconds=216.598 bootstraps=582
node=6241/7910 op=add seconds=804.073 eta_seconds=215.029 bootstraps=582
node=6251/7910 op=mul seconds=804.514 eta_seconds=213.516 bootstraps=582
node=6261/7910 op=mul seconds=806.3 eta_seconds=212.36 bootstraps=584
node=6271/7910 op=mul seconds=806.928 eta_seconds=210.9 bootstraps=584
node=6281/7910 op=mul seconds=807.443 eta_seconds=209.413 bootstraps=584
node=6291/7910 op=mul seconds=808.408 eta_seconds=208.045 bootstraps=584
node=6301/7910 op=gather seconds=810.531 eta_seconds=206.974 bootstraps=586
node=6311/7910 op=addp seconds=812.521 eta_seconds=205.866 bootstraps=588
node=6321/7910 op=gather seconds=814.597 eta_seconds=204.777 bootstraps=590
node=6331/7910 op=cheb seconds=817.126 eta_seconds=203.797 bootstraps=592
node=6341/7910 op=mulp seconds=817.488 eta_seconds=202.277 bootstraps=592
node=6351/7910 op=cheb seconds=817.801 eta_seconds=200.748 bootstraps=592
node=6361/7910 op=mul seconds=819.644 eta_seconds=199.596 bootstraps=594
node=6371/7910 op=gather seconds=820.256 eta_seconds=198.144 bootstraps=594
node=6381/7910 op=mul seconds=821.092 eta_seconds=196.748 bootstraps=594
node=6391/7910 op=mulp seconds=821.918 eta_seconds=195.352 bootstraps=594
node=6401/7910 op=mulp seconds=821.954 eta_seconds=193.771 bootstraps=594
node=6411/7910 op=repeat seconds=822.446 eta_seconds=192.302 bootstraps=594
node=6421/7910 op=sum seconds=822.823 eta_seconds=190.809 bootstraps=594
node=6431/7910 op=add seconds=823.181 eta_seconds=189.315 bootstraps=594
node=6441/7910 op=cheb seconds=826.905 eta_seconds=188.592 bootstraps=598
node=6451/7910 op=add seconds=829.451 eta_seconds=187.594 bootstraps=600
node=6461/7910 op=linear_ref seconds=831.624 eta_seconds=186.507 bootstraps=602
node=6471/7910 op=cheb seconds=831.721 eta_seconds=184.956 bootstraps=602
node=6481/7910 op=add seconds=836.125 eta_seconds=184.358 bootstraps=606
node=6491/7910 op=mulp seconds=836.398 eta_seconds=182.845 bootstraps=606
node=6501/7910 op=addp seconds=836.574 eta_seconds=181.316 bootstraps=606
node=6511/7910 op=mul seconds=836.817 eta_seconds=179.804 bootstraps=606
node=6521/7910 op=gather seconds=839.76 eta_seconds=178.872 bootstraps=608
node=6531/7910 op=add seconds=840.088 eta_seconds=177.382 bootstraps=608
node=6541/7910 op=mul seconds=840.619 eta_seconds=175.937 bootstraps=608
node=6551/7910 op=mul seconds=840.877 eta_seconds=174.439 bootstraps=608
node=6561/7910 op=mul seconds=841.255 eta_seconds=172.97 bootstraps=608
node=6571/7910 op=mul seconds=841.613 eta_seconds=171.499 bootstraps=608
node=6581/7910 op=mul seconds=844.043 eta_seconds=170.45 bootstraps=610
node=6591/7910 op=gather seconds=844.636 eta_seconds=169.03 bootstraps=610
node=6601/7910 op=addp seconds=846.623 eta_seconds=167.888 bootstraps=612
node=6611/7910 op=gather seconds=848.645 eta_seconds=166.751 bootstraps=614
node=6621/7910 op=cheb seconds=851.167 eta_seconds=165.708 bootstraps=616
node=6631/7910 op=mulp seconds=851.529 eta_seconds=164.245 bootstraps=616
node=6641/7910 op=cheb seconds=851.759 eta_seconds=162.759 bootstraps=616
node=6651/7910 op=mul seconds=852.035 eta_seconds=161.286 bootstraps=616
node=6661/7910 op=gather seconds=854.242 eta_seconds=160.178 bootstraps=618
node=6671/7910 op=mul seconds=855.086 eta_seconds=158.814 bootstraps=618
node=6681/7910 op=mulp seconds=855.915 eta_seconds=157.449 bootstraps=618
node=6691/7910 op=mulp seconds=855.949 eta_seconds=155.941 bootstraps=618
node=6701/7910 op=repeat seconds=856.435 eta_seconds=154.519 bootstraps=618
node=6711/7910 op=sum seconds=856.812 eta_seconds=153.08 bootstraps=618
node=6721/7910 op=add seconds=857.169 eta_seconds=151.64 bootstraps=618
node=6731/7910 op=cheb seconds=860.837 eta_seconds=150.784 bootstraps=622
node=6741/7910 op=add seconds=863.362 eta_seconds=149.721 bootstraps=624
node=6751/7910 op=linear_ref seconds=865.386 eta_seconds=148.568 bootstraps=626
node=6761/7910 op=cheb seconds=867.221 eta_seconds=147.38 bootstraps=628
node=6771/7910 op=add seconds=869.948 eta_seconds=146.34 bootstraps=630
node=6781/7910 op=mulp seconds=870.255 eta_seconds=144.893 bootstraps=630
node=6791/7910 op=addp seconds=870.432 eta_seconds=143.427 bootstraps=630
node=6801/7910 op=mul seconds=872.17 eta_seconds=142.22 bootstraps=632
node=6811/7910 op=gather seconds=873.585 eta_seconds=140.959 bootstraps=632
node=6821/7910 op=add seconds=873.915 eta_seconds=139.524 bootstraps=632
node=6831/7910 op=mul seconds=874.442 eta_seconds=138.124 bootstraps=632
node=6841/7910 op=mul seconds=874.701 eta_seconds=136.684 bootstraps=632
node=6851/7910 op=mul seconds=875.078 eta_seconds=135.266 bootstraps=632
node=6861/7910 op=mul seconds=875.44 eta_seconds=133.849 bootstraps=632
node=6871/7910 op=mul seconds=877.871 eta_seconds=132.747 bootstraps=634
node=6881/7910 op=gather seconds=879.888 eta_seconds=131.58 bootstraps=636
node=6891/7910 op=addp seconds=881.91 eta_seconds=130.412 bootstraps=638
node=6901/7910 op=gather seconds=884.084 eta_seconds=129.263 bootstraps=640
node=6911/7910 op=cheb seconds=886.567 eta_seconds=128.155 bootstraps=642
node=6921/7910 op=mulp seconds=886.991 eta_seconds=126.75 bootstraps=642
node=6931/7910 op=cheb seconds=887.255 eta_seconds=125.324 bootstraps=642
node=6941/7910 op=mul seconds=887.526 eta_seconds=123.903 bootstraps=642
node=6951/7910 op=gather seconds=889.739 eta_seconds=122.754 bootstraps=644
node=6961/7910 op=mul seconds=890.584 eta_seconds=121.414 bootstraps=644
node=6971/7910 op=mulp seconds=891.409 eta_seconds=120.074 bootstraps=644
node=6981/7910 op=mulp seconds=891.444 eta_seconds=118.629 bootstraps=644
node=6991/7910 op=repeat seconds=891.935 eta_seconds=117.249 bootstraps=644
node=7001/7910 op=sum seconds=892.313 eta_seconds=115.857 bootstraps=644
node=7011/7910 op=add seconds=892.671 eta_seconds=114.465 bootstraps=644
node=7021/7910 op=cheb seconds=894.988 eta_seconds=113.323 bootstraps=646
node=7031/7910 op=add seconds=897.456 eta_seconds=112.198 bootstraps=648
node=7041/7910 op=linear_ref seconds=899.621 eta_seconds=111.031 bootstraps=650
node=7051/7910 op=cheb seconds=899.719 eta_seconds=109.61 bootstraps=650
node=7061/7910 op=add seconds=902.496 eta_seconds=108.514 bootstraps=652
node=7071/7910 op=mulp seconds=902.76 eta_seconds=107.116 bootstraps=652
node=7081/7910 op=addp seconds=902.906 eta_seconds=105.707 bootstraps=652
node=7091/7910 op=mul seconds=904.744 eta_seconds=104.497 bootstraps=654
node=7101/7910 op=gather seconds=906.16 eta_seconds=103.237 bootstraps=654
node=7111/7910 op=add seconds=906.488 eta_seconds=101.854 bootstraps=654
node=7121/7910 op=mul seconds=907.021 eta_seconds=100.497 bootstraps=654
node=7131/7910 op=mul seconds=907.279 eta_seconds=99.1124 bootstraps=654
node=7141/7910 op=mul seconds=907.656 eta_seconds=97.7437 bootstraps=654
node=7151/7910 op=mul seconds=908.015 eta_seconds=96.3758 bootstraps=654
node=7161/7910 op=mul seconds=910.448 eta_seconds=95.2277 bootstraps=656
node=7171/7910 op=gather seconds=911.051 eta_seconds=93.8874 bootstraps=656
node=7181/7910 op=addp seconds=913.075 eta_seconds=92.6935 bootstraps=658
node=7191/7910 op=gather seconds=915.248 eta_seconds=91.512 bootstraps=660
node=7201/7910 op=cheb seconds=917.803 eta_seconds=90.3655 bootstraps=662
node=7211/7910 op=mulp seconds=918.155 eta_seconds=89.0016 bootstraps=662
node=7221/7910 op=cheb seconds=921.287 eta_seconds=87.9056 bootstraps=666
node=7231/7910 op=mul seconds=921.835 eta_seconds=86.5615 bootstraps=666
node=7241/7910 op=gather seconds=922.363 eta_seconds=85.2176 bootstraps=666
node=7251/7910 op=mul seconds=922.902 eta_seconds=83.8771 bootstraps=666
node=7261/7910 op=mulp seconds=925.276 eta_seconds=82.7027 bootstraps=668
node=7271/7910 op=mulp seconds=925.32 eta_seconds=81.3202 bootstraps=668
node=7281/7910 op=repeat seconds=925.807 eta_seconds=79.9798 bootstraps=668
node=7291/7910 op=sum seconds=926.184 eta_seconds=78.6322 bootstraps=668
node=7301/7910 op=add seconds=926.543 eta_seconds=77.2859 bootstraps=668
node=7311/7910 op=cheb seconds=928.777 eta_seconds=76.0959 bootstraps=670
node=7321/7910 op=add seconds=931.244 eta_seconds=74.9218 bootstraps=672
node=7331/7910 op=linear_ref seconds=933.413 eta_seconds=73.7207 bootstraps=674
node=7341/7910 op=cheb seconds=933.535 eta_seconds=72.3582 bootstraps=674
node=7351/7910 op=add seconds=938.906 eta_seconds=71.3983 bootstraps=680
node=7361/7910 op=mulp seconds=940.594 eta_seconds=70.1516 bootstraps=682
node=7371/7910 op=addp seconds=942.118 eta_seconds=68.8918 bootstraps=684
node=7381/7910 op=mul seconds=942.619 eta_seconds=67.5579 bootstraps=684
node=7391/7910 op=gather seconds=943.517 eta_seconds=66.2543 bootstraps=684
node=7401/7910 op=add seconds=945.387 eta_seconds=65.0185 bootstraps=686
node=7411/7910 op=mul seconds=945.969 eta_seconds=63.6943 bootstraps=686
node=7421/7910 op=mul seconds=946.305 eta_seconds=62.3559 bootstraps=686
node=7431/7910 op=mul seconds=946.833 eta_seconds=61.0326 bootstraps=686
node=7441/7910 op=mul seconds=947.331 eta_seconds=59.7095 bootstraps=686
node=7451/7910 op=mul seconds=948.177 eta_seconds=58.4101 bootstraps=686
node=7461/7910 op=gather seconds=950.279 eta_seconds=57.1874 bootstraps=688
node=7471/7910 op=addp seconds=952.312 eta_seconds=55.9584 bootstraps=690
node=7481/7910 op=gather seconds=954.491 eta_seconds=54.7356 bootstraps=692
node=7491/7910 op=cheb seconds=959.498 eta_seconds=53.6683 bootstraps=696
node=7501/7910 op=mulp seconds=959.823 eta_seconds=52.3354 bootstraps=696
node=7511/7910 op=cheb seconds=960.187 eta_seconds=51.0071 bootstraps=696
node=7521/7910 op=mul seconds=961.942 eta_seconds=49.7534 bootstraps=698
node=7531/7910 op=gather seconds=962.551 eta_seconds=48.4407 bootstraps=698
node=7541/7910 op=mul seconds=963.384 eta_seconds=47.1408 bootstraps=698
node=7551/7910 op=mulp seconds=964.211 eta_seconds=45.8419 bootstraps=698
node=7561/7910 op=mulp seconds=964.243 eta_seconds=44.5075 bootstraps=698
node=7571/7910 op=repeat seconds=964.731 eta_seconds=43.1969 bootstraps=698
node=7581/7910 op=sum seconds=965.106 eta_seconds=41.8837 bootstraps=698
node=7591/7910 op=add seconds=965.464 eta_seconds=40.5721 bootstraps=698
node=7601/7910 op=cheb seconds=967.856 eta_seconds=39.3458 bootstraps=700
node=7611/7910 op=add seconds=970.318 eta_seconds=38.1192 bootstraps=702
node=7621/7910 op=linear_ref seconds=972.49 eta_seconds=36.8783 bootstraps=704
node=7631/7910 op=cheb seconds=972.588 eta_seconds=35.5592 bootstraps=704
node=7641/7910 op=add seconds=975.355 eta_seconds=34.3372 bootstraps=706
node=7651/7910 op=mulp seconds=975.621 eta_seconds=33.0265 bootstraps=706
node=7661/7910 op=addp seconds=975.766 eta_seconds=31.7146 bootstraps=706
node=7671/7910 op=mul seconds=977.613 eta_seconds=30.4588 bootstraps=708
node=7681/7910 op=gather seconds=979.026 eta_seconds=29.1885 bootstraps=708
node=7691/7910 op=add seconds=979.354 eta_seconds=27.887 bootstraps=708
node=7701/7910 op=mul seconds=979.887 eta_seconds=26.5935 bootstraps=708
node=7711/7910 op=mul seconds=980.148 eta_seconds=25.295 bootstraps=708
node=7721/7910 op=mul seconds=980.528 eta_seconds=24.002 bootstraps=708
node=7731/7910 op=mul seconds=980.89 eta_seconds=22.7111 bootstraps=708
node=7741/7910 op=mul seconds=983.318 eta_seconds=21.4676 bootstraps=710
node=7751/7910 op=gather seconds=983.915 eta_seconds=20.1835 bootstraps=710
node=7761/7910 op=addp seconds=985.945 eta_seconds=18.9287 bootstraps=712
node=7771/7910 op=gather seconds=988.12 eta_seconds=17.6745 bootstraps=714
node=7781/7910 op=cheb seconds=990.615 eta_seconds=16.4233 bootstraps=716
node=7791/7910 op=mulp seconds=991.038 eta_seconds=15.1371 bootstraps=716
node=7801/7910 op=cheb seconds=991.27 eta_seconds=13.8506 bootstraps=716
node=7811/7910 op=mul seconds=991.543 eta_seconds=12.5672 bootstraps=716
node=7821/7910 op=gather seconds=993.76 eta_seconds=11.3086 bootstraps=718
node=7831/7910 op=mul seconds=994.601 eta_seconds=10.0336 bootstraps=718
node=7841/7910 op=mulp seconds=995.431 eta_seconds=8.75969 bootstraps=718
node=7851/7910 op=mulp seconds=995.466 eta_seconds=7.48089 bootstraps=718
node=7861/7910 op=repeat seconds=995.954 eta_seconds=6.20809 bootstraps=718
node=7871/7910 op=sum seconds=996.331 eta_seconds=4.93672 bootstraps=718
node=7881/7910 op=add seconds=996.688 eta_seconds=3.66755 bootstraps=718
node=7891/7910 op=cheb seconds=1000.36 eta_seconds=2.40867 bootstraps=722
node=7901/7910 op=add seconds=1002.99 eta_seconds=1.1425 bootstraps=724
node=7910/7910 op=mulp seconds=1004.55 eta_seconds=0 bootstraps=726
client_token=315 logit_margin=0.674886
passed=1 polynomial_error=0.000129253 exact_error=0.00016062 eval_seconds=1004.62
