GPU 0: NVIDIA GB10
 SMs: 48, SharedMem: 100 KB, Blocks/SM: 24, Threads/SM: 1536, L2 size: 24 MB, Bus: 256-bit
Adding bootstrap precomputation to GPU for 32768 slots.
Plaintexts loaded: 248 ~ 6262MB
Rotation keys loaded: 85 ~ 15300MB
setup_seconds=26.4782
planned_logical_refreshes=16
node=10/394 op=mul seconds=0.865403 eta_seconds=33.2315 bootstraps=0
node=20/394 op=addp seconds=2.50352 eta_seconds=46.8158 bootstraps=0
node=30/394 op=cheb seconds=3.61098 eta_seconds=43.8132 bootstraps=0
node=40/394 op=sum seconds=3.97819 eta_seconds=35.207 bootstraps=0
node=50/394 op=addp seconds=4.42077 eta_seconds=30.4149 bootstraps=0
node=60/394 op=scatter seconds=4.9127 eta_seconds=27.3473 bootstraps=0
node=70/394 op=mul seconds=5.6763 eta_seconds=26.2731 bootstraps=0
node=80/394 op=scatter seconds=6.06614 eta_seconds=23.8096 bootstraps=0
node=90/394 op=scatter seconds=6.52037 eta_seconds=22.0243 bootstraps=0
node=100/394 op=gather seconds=8.49071 eta_seconds=24.9627 bootstraps=0
node=110/394 op=mul seconds=9.94059 eta_seconds=25.6648 bootstraps=0
node=120/394 op=cheb seconds=10.8807 eta_seconds=24.8442 bootstraps=0
node=130/394 op=sum seconds=11.2496 eta_seconds=22.8454 bootstraps=0
node=140/394 op=addp seconds=11.6911 eta_seconds=21.211 bootstraps=0
node=150/394 op=scatter seconds=12.183 eta_seconds=19.8177 bootstraps=0
node=160/394 op=mul seconds=12.9472 eta_seconds=18.9353 bootstraps=0
node=170/394 op=scatter seconds=13.3379 eta_seconds=17.5746 bootstraps=0
node=180/394 op=mulp seconds=13.4781 eta_seconds=16.024 bootstraps=0
node=190/394 op=mul seconds=15.444 eta_seconds=16.582 bootstraps=2
node=200/394 op=mul seconds=16.1707 eta_seconds=15.6856 bootstraps=2
node=210/394 op=add seconds=16.7284 eta_seconds=14.6573 bootstraps=2
node=220/394 op=mulp seconds=18.8394 eta_seconds=14.9002 bootstraps=4
node=230/394 op=linear seconds=21.2448 eta_seconds=15.1485 bootstraps=6
node=240/394 op=add seconds=21.8191 eta_seconds=14.0006 bootstraps=6
node=250/394 op=cheb seconds=23.4888 eta_seconds=13.5296 bootstraps=8
client_token=6864 logit_margin=5.73046
node=260/394 op=cheb seconds=24.1146 eta_seconds=12.4283 bootstraps=8
node=270/394 op=gather seconds=25.8258 eta_seconds=11.8607 bootstraps=8
node=280/394 op=repeat seconds=27.6734 eta_seconds=11.267 bootstraps=8
node=290/394 op=addp seconds=28.2038 eta_seconds=10.1145 bootstraps=8
node=300/394 op=repeat seconds=28.888 eta_seconds=9.05159 bootstraps=8
node=310/394 op=mul seconds=29.3162 eta_seconds=7.94374 bootstraps=8
node=320/394 op=scatter seconds=29.7404 eta_seconds=6.87747 bootstraps=8
node=330/394 op=mul seconds=30.1963 eta_seconds=5.85626 bootstraps=8
node=340/394 op=addp seconds=30.6975 eta_seconds=4.87549 bootstraps=8
node=350/394 op=mul seconds=30.8163 eta_seconds=3.87405 bootstraps=8
node=360/394 op=repeat seconds=32.781 eta_seconds=3.09598 bootstraps=10
node=370/394 op=mul seconds=33.2178 eta_seconds=2.15467 bootstraps=10
node=380/394 op=gather seconds=35.2715 eta_seconds=1.29948 bootstraps=12
node=390/394 op=addp seconds=37.2037 eta_seconds=0.381577 bootstraps=14
node=394/394 op=mulp seconds=38.6688 eta_seconds=0 bootstraps=16
client_token=6864 logit_margin=5.21149
passed=1 polynomial_error=1.49343e-05 exact_error=3.46139e-05 eval_seconds=38.6702
