GPU 0: NVIDIA GB10
 SMs: 48, SharedMem: 100 KB, Blocks/SM: 24, Threads/SM: 1536, L2 size: 24 MB, Bus: 256-bit
Adding bootstrap precomputation to GPU for 32768 slots.
Plaintexts loaded: 248 ~ 6262MB
Rotation keys loaded: 85 ~ 15300MB
setup_seconds=26.6516
planned_logical_refreshes=15
node=1/402 op=public seconds=0.191676 eta_seconds=76.8621 bootstraps=0
node=11/402 op=mulp seconds=0.892941 eta_seconds=31.74 bootstraps=0
node=21/402 op=addp seconds=2.5291 eta_seconds=45.8852 bootstraps=0
node=31/402 op=mulp seconds=3.47416 eta_seconds=41.5778 bootstraps=0
node=41/402 op=mul seconds=4.00563 eta_seconds=35.2691 bootstraps=0
node=51/402 op=repeat seconds=4.48708 eta_seconds=30.8817 bootstraps=0
node=61/402 op=mul seconds=4.91683 eta_seconds=27.4859 bootstraps=0
node=71/402 op=gather seconds=5.6222 eta_seconds=26.2106 bootstraps=0
node=81/402 op=scatter seconds=5.96464 eta_seconds=23.6376 bootstraps=0
node=91/402 op=mul seconds=6.29068 eta_seconds=21.4989 bootstraps=0
node=101/402 op=linear seconds=8.71177 eta_seconds=25.9628 bootstraps=2
node=111/402 op=mulp seconds=10.1815 eta_seconds=26.692 bootstraps=4
node=121/402 op=sum seconds=12.5599 eta_seconds=29.168 bootstraps=6
node=131/402 op=sum seconds=14.3273 eta_seconds=29.6388 bootstraps=8
node=141/402 op=gather seconds=16.2581 eta_seconds=30.0947 bootstraps=8
node=151/402 op=cheb seconds=17.8296 eta_seconds=29.6372 bootstraps=8
node=161/402 op=mul seconds=18.7513 eta_seconds=28.0687 bootstraps=8
node=171/402 op=mulp seconds=19.1243 eta_seconds=25.8346 bootstraps=8
node=181/402 op=gather seconds=21.0808 eta_seconds=25.7395 bootstraps=10
node=191/402 op=scatter seconds=21.4447 eta_seconds=23.6902 bootstraps=10
node=201/402 op=mulp seconds=22.223 eta_seconds=22.223 bootstraps=10
node=211/402 op=scatter seconds=22.8093 eta_seconds=20.6473 bootstraps=10
node=221/402 op=mul seconds=22.8453 eta_seconds=18.7104 bootstraps=10
node=231/402 op=mul seconds=25.052 eta_seconds=18.545 bootstraps=12
node=241/402 op=addp seconds=25.7306 eta_seconds=17.1893 bootstraps=12
node=251/402 op=linear_ref seconds=29.73 eta_seconds=17.8854 bootstraps=16
node=261/402 op=mulp seconds=31.2393 eta_seconds=16.8764 bootstraps=18
client_token=6864 logit_margin=5.73048
node=271/402 op=mulp seconds=31.9696 eta_seconds=15.4539 bootstraps=18
node=281/402 op=addp seconds=33.6476 eta_seconds=14.4888 bootstraps=18
node=291/402 op=mulp seconds=35.7754 eta_seconds=13.6463 bootstraps=18
node=301/402 op=mul seconds=36.3149 eta_seconds=12.1854 bootstraps=18
node=311/402 op=repeat seconds=36.8021 eta_seconds=10.7685 bootstraps=18
node=321/402 op=mul seconds=37.2004 eta_seconds=9.38703 bootstraps=18
node=331/402 op=gather seconds=37.9159 eta_seconds=8.13302 bootstraps=18
node=341/402 op=scatter seconds=38.2596 eta_seconds=6.84409 bootstraps=18
node=351/402 op=mul seconds=38.604 eta_seconds=5.60913 bootstraps=18
node=361/402 op=add seconds=40.4155 eta_seconds=4.59013 bootstraps=20
node=371/402 op=repeat seconds=41.1193 eta_seconds=3.43585 bootstraps=20
node=381/402 op=mulp seconds=42.9446 eta_seconds=2.36703 bootstraps=22
node=391/402 op=mul seconds=45.0949 eta_seconds=1.26865 bootstraps=24
node=401/402 op=mul seconds=47.0526 eta_seconds=0.117338 bootstraps=26
node=402/402 op=mulp seconds=47.0562 eta_seconds=0 bootstraps=26
client_token=6864 logit_margin=5.21145
passed=1 polynomial_error=1.25826e-05 exact_error=1.73908e-05 eval_seconds=47.0574
