GPU 0: NVIDIA GB10
 SMs: 48, SharedMem: 100 KB, Blocks/SM: 24, Threads/SM: 1536, L2 size: 24 MB, Bus: 256-bit
Adding bootstrap precomputation to GPU for 32768 slots.
Plaintexts loaded: 248 ~ 6262MB
Rotation keys loaded: 85 ~ 15300MB
setup_seconds=26.2925
planned_logical_refreshes=4
node=1/127 op=public seconds=0.17949 eta_seconds=22.6157 bootstraps=0
node=11/127 op=mulp seconds=0.98543 eta_seconds=10.3918 bootstraps=0
node=21/127 op=addp seconds=3.65245 eta_seconds=18.4362 bootstraps=0
node=31/127 op=mulp seconds=4.90733 eta_seconds=15.1969 bootstraps=0
node=41/127 op=mul seconds=5.59009 eta_seconds=11.7256 bootstraps=0
node=51/127 op=repeat seconds=6.20665 eta_seconds=9.24912 bootstraps=0
node=61/127 op=mul seconds=6.96219 eta_seconds=7.53286 bootstraps=0
node=71/127 op=gather seconds=8.34992 eta_seconds=6.58586 bootstraps=0
node=81/127 op=scatter seconds=9.07042 eta_seconds=5.1511 bootstraps=0
node=91/127 op=mul seconds=9.69057 eta_seconds=3.83363 bootstraps=0
node=101/127 op=linear seconds=12.7425 eta_seconds=3.28024 bootstraps=2
node=111/127 op=mulp seconds=14.2472 eta_seconds=2.05365 bootstraps=4
node=121/127 op=sum seconds=17.2793 eta_seconds=0.856824 bootstraps=6
node=127/127 op=mulp seconds=18.8599 eta_seconds=0 bootstraps=8
passed=1 polynomial_error=1.26013e-05 exact_error=1.24747e-05 eval_seconds=18.8603
