GPU 0: NVIDIA GB10
 SMs: 48, SharedMem: 100 KB, Blocks/SM: 24, Threads/SM: 1536, L2 size: 24 MB, Bus: 256-bit
Adding bootstrap precomputation to GPU for 32768 slots.
Plaintexts loaded: 248 ~ 6262MB
Rotation keys loaded: 85 ~ 15300MB
setup_seconds=26.1886
planned_logical_refreshes=15
node=1/402 op=public seconds=0.185835 eta_seconds=74.5198 bootstraps=0
node=11/402 op=mulp seconds=0.882675 eta_seconds=31.3751 bootstraps=0
node=21/402 op=addp seconds=2.52134 eta_seconds=45.7443 bootstraps=0
node=31/402 op=mulp seconds=3.44675 eta_seconds=41.2498 bootstraps=0
node=41/402 op=mul seconds=3.96591 eta_seconds=34.9193 bootstraps=0
node=51/402 op=repeat seconds=4.43946 eta_seconds=30.5539 bootstraps=0
node=61/402 op=mul seconds=4.87239 eta_seconds=27.2375 bootstraps=0
node=71/402 op=gather seconds=5.57343 eta_seconds=25.9832 bootstraps=0
node=81/402 op=scatter seconds=5.91404 eta_seconds=23.4371 bootstraps=0
node=91/402 op=mul seconds=6.23955 eta_seconds=21.3242 bootstraps=0
node=101/402 op=linear seconds=8.65755 eta_seconds=25.8012 bootstraps=2
node=111/402 op=mulp seconds=10.128 eta_seconds=26.5518 bootstraps=4
node=121/402 op=sum seconds=12.5156 eta_seconds=29.0652 bootstraps=6
node=131/402 op=sum seconds=14.2856 eta_seconds=29.5526 bootstraps=8
node=141/402 op=gather seconds=16.2079 eta_seconds=30.0019 bootstraps=8
node=151/402 op=cheb seconds=17.7594 eta_seconds=29.5205 bootstraps=8
node=161/402 op=mul seconds=18.6636 eta_seconds=27.9375 bootstraps=8
node=171/402 op=mulp seconds=19.0374 eta_seconds=25.7172 bootstraps=8
node=181/402 op=gather seconds=20.9946 eta_seconds=25.6343 bootstraps=10
node=191/402 op=scatter seconds=21.3586 eta_seconds=23.5951 bootstraps=10
node=201/402 op=mulp seconds=22.1378 eta_seconds=22.1378 bootstraps=10
node=211/402 op=scatter seconds=22.7289 eta_seconds=20.5745 bootstraps=10
node=221/402 op=mul seconds=22.7644 eta_seconds=18.6441 bootstraps=10
node=231/402 op=mul seconds=24.9829 eta_seconds=18.4938 bootstraps=12
node=241/402 op=addp seconds=25.6641 eta_seconds=17.1449 bootstraps=12
node=251/402 op=linear_ref seconds=29.6763 eta_seconds=17.8531 bootstraps=16
node=261/402 op=mulp seconds=31.1867 eta_seconds=16.848 bootstraps=18
client_token=6864 logit_margin=5.73048
node=271/402 op=mulp seconds=31.9102 eta_seconds=15.4252 bootstraps=18
node=281/402 op=addp seconds=33.5814 eta_seconds=14.4603 bootstraps=18
node=291/402 op=mulp seconds=35.664 eta_seconds=13.6038 bootstraps=18
node=301/402 op=mul seconds=36.1893 eta_seconds=12.1432 bootstraps=18
node=311/402 op=repeat seconds=36.6636 eta_seconds=10.7279 bootstraps=18
node=321/402 op=mul seconds=37.0595 eta_seconds=9.35146 bootstraps=18
node=331/402 op=gather seconds=37.7679 eta_seconds=8.10127 bootstraps=18
node=341/402 op=scatter seconds=38.1103 eta_seconds=6.81739 bootstraps=18
node=351/402 op=mul seconds=38.454 eta_seconds=5.58734 bootstraps=18
node=361/402 op=add seconds=40.2604 eta_seconds=4.57251 bootstraps=20
node=371/402 op=repeat seconds=40.9675 eta_seconds=3.42316 bootstraps=20
node=381/402 op=mulp seconds=42.7977 eta_seconds=2.35893 bootstraps=22
node=391/402 op=mul seconds=44.9404 eta_seconds=1.26431 bootstraps=24
node=401/402 op=mul seconds=46.8929 eta_seconds=0.11694 bootstraps=26
node=402/402 op=mulp seconds=46.8965 eta_seconds=0 bootstraps=26
client_token=6864 logit_margin=5.2114
passed=1 polynomial_error=2.39746e-05 exact_error=2.39836e-05 eval_seconds=46.8976
