GPU 0: NVIDIA GB10
 SMs: 48, SharedMem: 100 KB, Blocks/SM: 24, Threads/SM: 1536, L2 size: 24 MB, Bus: 256-bit
Adding bootstrap precomputation to GPU for 32768 slots.
Plaintexts loaded: 248 ~ 4960MB
Rotation keys loaded: 85 ~ 15300MB
setup_seconds=26.2524
planned_logical_refreshes=1212
node=10/7814 op=public seconds=1.40817 eta_seconds=1098.94 bootstraps=0
node=20/7814 op=repeat seconds=2.31974 eta_seconds=904.004 bootstraps=0
node=30/7814 op=gather seconds=3.38789 eta_seconds=879.043 bootstraps=0
node=40/7814 op=cheb seconds=4.31784 eta_seconds=839.172 bootstraps=0
node=50/7814 op=mul seconds=4.79747 eta_seconds=744.952 bootstraps=0
node=60/7814 op=repeat seconds=5.14661 eta_seconds=665.114 bootstraps=0
node=70/7814 op=add seconds=5.38228 eta_seconds=595.434 bootstraps=0
node=80/7814 op=mulp seconds=5.90101 eta_seconds=570.48 bootstraps=0
node=90/7814 op=mul seconds=6.20404 eta_seconds=532.444 bootstraps=0
node=100/7814 op=repeat seconds=6.93784 eta_seconds=535.185 bootstraps=0
node=110/7814 op=gather seconds=7.9817 eta_seconds=559.009 bootstraps=0
node=120/7814 op=repeat seconds=9.99595 eta_seconds=640.907 bootstraps=0
node=130/7814 op=cheb seconds=10.5851 eta_seconds=625.66 bootstraps=0
node=140/7814 op=mul seconds=10.92 eta_seconds=598.574 bootstraps=0
node=150/7814 op=mulp seconds=11.2051 eta_seconds=572.508 bootstraps=0
node=160/7814 op=gather seconds=11.6173 eta_seconds=555.745 bootstraps=0
node=170/7814 op=scatter seconds=11.8566 eta_seconds=533.13 bootstraps=0
node=180/7814 op=add seconds=12.0508 eta_seconds=511.088 bootstraps=0
node=190/7814 op=repeat seconds=13.5281 eta_seconds=542.832 bootstraps=2
node=200/7814 op=mul seconds=13.7926 eta_seconds=525.085 bootstraps=2
node=210/7814 op=mul seconds=14.0108 eta_seconds=507.325 bootstraps=2
node=220/7814 op=mul seconds=15.5705 eta_seconds=537.465 bootstraps=4
node=230/7814 op=mulp seconds=16.4497 eta_seconds=542.412 bootstraps=4
node=240/7814 op=mul seconds=17.9927 eta_seconds=567.82 bootstraps=6
node=250/7814 op=linear_ref seconds=18.9077 eta_seconds=572.073 bootstraps=6
node=260/7814 op=mulp seconds=20.0121 eta_seconds=581.429 bootstraps=8
node=270/7814 op=mul seconds=20.4383 eta_seconds=571.061 bootstraps=8
node=280/7814 op=repeat seconds=20.7224 eta_seconds=557.581 bootstraps=8
node=290/7814 op=gather seconds=21.1409 eta_seconds=548.497 bootstraps=8
node=300/7814 op=addp seconds=21.188 eta_seconds=530.689 bootstraps=8
node=310/7814 op=cheb seconds=23.2778 eta_seconds=563.472 bootstraps=10
node=320/7814 op=repeat seconds=23.7383 eta_seconds=555.922 bootstraps=10
node=330/7814 op=mul seconds=23.9669 eta_seconds=543.539 bootstraps=10
node=340/7814 op=add seconds=24.3296 eta_seconds=534.822 bootstraps=10
node=350/7814 op=mulp seconds=25.2757 eta_seconds=539.023 bootstraps=10
node=360/7814 op=add seconds=27.0717 eta_seconds=560.534 bootstraps=12
node=370/7814 op=linear seconds=27.7153 eta_seconds=557.602 bootstraps=12
node=380/7814 op=cheb seconds=27.9885 eta_seconds=547.543 bootstraps=12
node=390/7814 op=mul seconds=28.5154 eta_seconds=542.817 bootstraps=12
node=400/7814 op=gather seconds=28.8238 eta_seconds=534.249 bootstraps=12
node=410/7814 op=scatter seconds=29.0754 eta_seconds=525.059 bootstraps=12
node=420/7814 op=gather seconds=29.3764 eta_seconds=517.165 bootstraps=12
node=430/7814 op=gather seconds=31.3523 eta_seconds=538.385 bootstraps=14
node=440/7814 op=add seconds=31.9502 eta_seconds=535.457 bootstraps=14
node=450/7814 op=mul seconds=32.2482 eta_seconds=527.724 bootstraps=14
node=460/7814 op=scatter seconds=32.7718 eta_seconds=523.921 bootstraps=14
node=470/7814 op=addp seconds=34.2696 eta_seconds=535.481 bootstraps=16
node=480/7814 op=cheb seconds=35.972 eta_seconds=549.622 bootstraps=18
node=490/7814 op=gather seconds=36.5686 eta_seconds=546.589 bootstraps=18
node=500/7814 op=mulp seconds=36.6648 eta_seconds=536.332 bootstraps=18
node=510/7814 op=mulp seconds=37.2506 eta_seconds=533.487 bootstraps=18
node=520/7814 op=cheb seconds=39.1703 eta_seconds=549.439 bootstraps=20
node=530/7814 op=addp seconds=39.5065 eta_seconds=542.953 bootstraps=20
node=540/7814 op=mul seconds=39.7499 eta_seconds=535.446 bootstraps=20
node=550/7814 op=mul seconds=40.1256 eta_seconds=529.95 bootstraps=20
node=560/7814 op=mulp seconds=40.6104 eta_seconds=526.05 bootstraps=20
node=570/7814 op=addp seconds=41.178 eta_seconds=523.322 bootstraps=20
node=580/7814 op=mulp seconds=41.2635 eta_seconds=514.656 bootstraps=20
node=590/7814 op=add seconds=43.2696 eta_seconds=529.796 bootstraps=22
node=600/7814 op=mul seconds=43.8478 eta_seconds=527.197 bootstraps=22
node=610/7814 op=repeat seconds=45.2028 eta_seconds=533.837 bootstraps=22
node=620/7814 op=cheb seconds=45.6227 eta_seconds=529.37 bootstraps=22
node=630/7814 op=mul seconds=45.9164 eta_seconds=523.593 bootstraps=22
node=640/7814 op=gather seconds=46.2907 eta_seconds=518.89 bootstraps=22
node=650/7814 op=mulp seconds=46.4635 eta_seconds=512.099 bootstraps=22
node=660/7814 op=gather seconds=48.5251 eta_seconds=525.983 bootstraps=24
node=670/7814 op=add seconds=49.1373 eta_seconds=523.936 bootstraps=24
node=680/7814 op=mul seconds=49.5044 eta_seconds=519.359 bootstraps=24
node=690/7814 op=add seconds=50.0302 eta_seconds=516.543 bootstraps=24
node=700/7814 op=sum seconds=51.4902 eta_seconds=523.287 bootstraps=26
node=710/7814 op=gather seconds=52.1555 eta_seconds=521.848 bootstraps=26
node=720/7814 op=gather seconds=53.6119 eta_seconds=528.226 bootstraps=28
node=730/7814 op=sum seconds=53.6716 eta_seconds=520.835 bootstraps=28
node=740/7814 op=sum seconds=54.21 eta_seconds=518.218 bootstraps=28
node=750/7814 op=add seconds=55.9877 eta_seconds=527.329 bootstraps=30
node=760/7814 op=mulp seconds=56.3867 eta_seconds=523.357 bootstraps=30
node=770/7814 op=add seconds=56.652 eta_seconds=518.256 bootstraps=30
node=780/7814 op=mulp seconds=57.0465 eta_seconds=514.443 bootstraps=30
node=790/7814 op=repeat seconds=57.5413 eta_seconds=511.608 bootstraps=30
node=800/7814 op=gather seconds=57.9665 eta_seconds=508.221 bootstraps=30
node=810/7814 op=addp seconds=58.0165 eta_seconds=501.664 bootstraps=30
node=820/7814 op=scatter seconds=60.0339 eta_seconds=512.045 bootstraps=32
node=830/7814 op=cheb seconds=60.8595 eta_seconds=512.1 bootstraps=32
node=840/7814 op=cheb seconds=61.3831 eta_seconds=509.626 bootstraps=32
node=850/7814 op=repeat seconds=61.7428 eta_seconds=505.855 bootstraps=32
node=860/7814 op=mul seconds=61.9857 eta_seconds=501.219 bootstraps=32
node=870/7814 op=add seconds=62.3754 eta_seconds=497.856 bootstraps=32
node=880/7814 op=mul seconds=62.5689 eta_seconds=493.015 bootstraps=32
node=890/7814 op=addp seconds=64.2017 eta_seconds=499.475 bootstraps=34
node=900/7814 op=add seconds=64.807 eta_seconds=497.861 bootstraps=34
node=910/7814 op=repeat seconds=65.1747 eta_seconds=494.468 bootstraps=34
node=920/7814 op=gather seconds=66.5836 eta_seconds=498.943 bootstraps=36
node=930/7814 op=linear seconds=68.4788 eta_seconds=506.89 bootstraps=38
node=940/7814 op=mulp seconds=68.6976 eta_seconds=502.37 bootstraps=38
node=950/7814 op=gather seconds=70.5239 eta_seconds=509.553 bootstraps=40
node=960/7814 op=addp seconds=70.5797 eta_seconds=503.909 bootstraps=40
node=970/7814 op=mul seconds=71.1047 eta_seconds=501.691 bootstraps=40
node=980/7814 op=mul seconds=73.0199 eta_seconds=509.202 bootstraps=42
node=990/7814 op=repeat seconds=73.5143 eta_seconds=506.729 bootstraps=42
node=1000/7814 op=mul seconds=73.7684 eta_seconds=502.658 bootstraps=42
node=1010/7814 op=cheb seconds=74.4233 eta_seconds=501.362 bootstraps=42
node=1020/7814 op=gather seconds=75.0134 eta_seconds=499.648 bootstraps=42
node=1030/7814 op=sum seconds=75.0751 eta_seconds=494.475 bootstraps=42
node=1040/7814 op=scatter seconds=76.6091 eta_seconds=498.99 bootstraps=44
node=1050/7814 op=scatter seconds=76.8998 eta_seconds=495.381 bootstraps=44
node=1060/7814 op=mul seconds=77.2547 eta_seconds=492.243 bootstraps=44
node=1070/7814 op=cheb seconds=79.8198 eta_seconds=503.088 bootstraps=46
node=1080/7814 op=cheb seconds=80.7331 eta_seconds=503.386 bootstraps=46
node=1090/7814 op=repeat seconds=81.3677 eta_seconds=501.942 bootstraps=46
node=1100/7814 op=addp seconds=81.5829 eta_seconds=497.953 bootstraps=46
node=1110/7814 op=mul seconds=82.1388 eta_seconds=496.089 bootstraps=46
node=1120/7814 op=cheb seconds=83.7409 eta_seconds=500.502 bootstraps=48
node=1130/7814 op=mulp seconds=84.1408 eta_seconds=497.696 bootstraps=48
node=1140/7814 op=mulp seconds=84.48 eta_seconds=494.578 bootstraps=48
node=1150/7814 op=sum seconds=84.8869 eta_seconds=491.901 bootstraps=48
node=1160/7814 op=add seconds=85.271 eta_seconds=489.132 bootstraps=48
node=1170/7814 op=mulp seconds=86.6497 eta_seconds=492.052 bootstraps=50
node=1180/7814 op=cheb seconds=87.2433 eta_seconds=490.485 bootstraps=50
node=1190/7814 op=mulp seconds=87.294 eta_seconds=485.912 bootstraps=50
node=1200/7814 op=cheb seconds=89.5471 eta_seconds=493.554 bootstraps=52
node=1210/7814 op=mul seconds=90.0406 eta_seconds=491.428 bootstraps=52
node=1220/7814 op=gather seconds=90.3621 eta_seconds=488.4 bootstraps=52
node=1230/7814 op=scatter seconds=90.6349 eta_seconds=485.154 bootstraps=52
node=1240/7814 op=gather seconds=90.937 eta_seconds=482.113 bootstraps=52
node=1250/7814 op=sum seconds=91.7272 eta_seconds=481.678 bootstraps=52
node=1260/7814 op=add seconds=93.2849 eta_seconds=485.229 bootstraps=54
node=1270/7814 op=linear seconds=93.931 eta_seconds=484.004 bootstraps=54
node=1280/7814 op=mulp seconds=94.1451 eta_seconds=480.581 bootstraps=54
node=1290/7814 op=addp seconds=94.7081 eta_seconds=478.973 bootstraps=54
node=1300/7814 op=mulp seconds=94.7936 eta_seconds=474.989 bootstraps=54
node=1310/7814 op=cheb seconds=97.2828 eta_seconds=482.998 bootstraps=56
node=1320/7814 op=cheb seconds=97.9984 eta_seconds=482.123 bootstraps=56
node=1330/7814 op=repeat seconds=98.2312 eta_seconds=478.895 bootstraps=56
node=1340/7814 op=add seconds=98.4508 eta_seconds=475.65 bootstraps=56
node=1350/7814 op=mul seconds=98.8262 eta_seconds=473.194 bootstraps=56
node=1360/7814 op=add seconds=99.01 eta_seconds=469.861 bootstraps=56
node=1370/7814 op=addp seconds=100.755 eta_seconds=473.917 bootstraps=58
node=1380/7814 op=add seconds=101.362 eta_seconds=472.584 bootstraps=58
node=1390/7814 op=repeat seconds=101.919 eta_seconds=471.028 bootstraps=58
node=1400/7814 op=addp seconds=102.234 eta_seconds=468.377 bootstraps=58
node=1410/7814 op=gather seconds=103.853 eta_seconds=471.685 bootstraps=60
node=1420/7814 op=sum seconds=103.962 eta_seconds=468.123 bootstraps=60
node=1430/7814 op=gather seconds=104.656 eta_seconds=467.22 bootstraps=60
node=1440/7814 op=cheb seconds=106.773 eta_seconds=472.617 bootstraps=62
node=1450/7814 op=repeat seconds=106.966 eta_seconds=469.472 bootstraps=62
node=1460/7814 op=mul seconds=107.731 eta_seconds=468.853 bootstraps=62
node=1470/7814 op=addp seconds=108.449 eta_seconds=468.026 bootstraps=62
node=1480/7814 op=add seconds=109.749 eta_seconds=469.695 bootstraps=64
node=1490/7814 op=scatter seconds=109.951 eta_seconds=466.667 bootstraps=64
node=1500/7814 op=add seconds=110.328 eta_seconds=464.408 bootstraps=64
node=1510/7814 op=gather seconds=111.03 eta_seconds=463.53 bootstraps=64
node=1520/7814 op=addp seconds=111.143 eta_seconds=460.219 bootstraps=64
node=1530/7814 op=sum seconds=112.965 eta_seconds=463.969 bootstraps=66
node=1540/7814 op=cheb seconds=113.979 eta_seconds=464.354 bootstraps=66
node=1550/7814 op=cheb seconds=114.612 eta_seconds=463.18 bootstraps=66
node=1560/7814 op=repeat seconds=114.961 eta_seconds=460.876 bootstraps=66
node=1570/7814 op=gather seconds=115.673 eta_seconds=460.041 bootstraps=66
node=1580/7814 op=add seconds=117.627 eta_seconds=464.106 bootstraps=68
node=1590/7814 op=mul seconds=117.674 eta_seconds=460.631 bootstraps=68
node=1600/7814 op=mulp seconds=118.02 eta_seconds=458.362 bootstraps=68
node=1610/7814 op=mul seconds=118.288 eta_seconds=455.813 bootstraps=68
node=1620/7814 op=sum seconds=118.599 eta_seconds=453.457 bootstraps=68
node=1630/7814 op=linear seconds=120.193 eta_seconds=455.995 bootstraps=70
node=1640/7814 op=cheb seconds=120.359 eta_seconds=453.108 bootstraps=70
node=1650/7814 op=mulp seconds=120.501 eta_seconds=450.161 bootstraps=70
node=1660/7814 op=repeat seconds=121.211 eta_seconds=449.358 bootstraps=70
node=1670/7814 op=add seconds=122.978 eta_seconds=452.441 bootstraps=72
node=1680/7814 op=mulp seconds=123.369 eta_seconds=450.443 bootstraps=72
node=1690/7814 op=add seconds=123.577 eta_seconds=447.804 bootstraps=72
node=1700/7814 op=mulp seconds=123.878 eta_seconds=445.525 bootstraps=72
node=1710/7814 op=linear_ref seconds=124.574 eta_seconds=444.677 bootstraps=72
node=1720/7814 op=scatter seconds=125.965 eta_seconds=446.297 bootstraps=74
node=1730/7814 op=repeat seconds=126.523 eta_seconds=444.953 bootstraps=74
node=1740/7814 op=addp seconds=126.832 eta_seconds=442.747 bootstraps=74
node=1750/7814 op=gather seconds=127.525 eta_seconds=441.893 bootstraps=74
node=1760/7814 op=mulp seconds=127.779 eta_seconds=439.529 bootstraps=74
node=1770/7814 op=cheb seconds=129.27 eta_seconds=441.418 bootstraps=76
node=1780/7814 op=cheb seconds=130.993 eta_seconds=444.051 bootstraps=76
node=1790/7814 op=mulp seconds=131.259 eta_seconds=441.736 bootstraps=76
node=1800/7814 op=gather seconds=131.621 eta_seconds=439.759 bootstraps=76
node=1810/7814 op=gather seconds=131.846 eta_seconds=437.35 bootstraps=76
node=1820/7814 op=scatter seconds=132.064 eta_seconds=434.941 bootstraps=76
node=1830/7814 op=mulp seconds=133.709 eta_seconds=437.22 bootstraps=78
node=1840/7814 op=scatter seconds=134.351 eta_seconds=436.202 bootstraps=78
node=1850/7814 op=add seconds=134.664 eta_seconds=434.129 bootstraps=78
node=1860/7814 op=mul seconds=135.175 eta_seconds=432.704 bootstraps=78
node=1870/7814 op=gather seconds=136.759 eta_seconds=434.704 bootstraps=80
node=1880/7814 op=cheb seconds=137.007 eta_seconds=432.445 bootstraps=80
node=1890/7814 op=mulp seconds=137.078 eta_seconds=429.656 bootstraps=80
node=1900/7814 op=mulp seconds=139.042 eta_seconds=432.786 bootstraps=82
node=1910/7814 op=mul seconds=139.527 eta_seconds=431.292 bootstraps=82
node=1920/7814 op=mulp seconds=139.741 eta_seconds=428.976 bootstraps=82
node=1930/7814 op=mul seconds=140.048 eta_seconds=426.965 bootstraps=82
node=1940/7814 op=cheb seconds=140.581 eta_seconds=425.656 bootstraps=82
node=1950/7814 op=scatter seconds=142.178 eta_seconds=427.555 bootstraps=84
node=1960/7814 op=sum seconds=142.693 eta_seconds=426.187 bootstraps=84
node=1970/7814 op=sum seconds=143.14 eta_seconds=424.625 bootstraps=84
node=1980/7814 op=gather seconds=143.821 eta_seconds=423.763 bootstraps=84
node=1990/7814 op=repeat seconds=144.08 eta_seconds=421.669 bootstraps=84
node=2000/7814 op=addp seconds=144.141 eta_seconds=419.017 bootstraps=84
node=2010/7814 op=mul seconds=146.933 eta_seconds=424.278 bootstraps=86
node=2020/7814 op=mulp seconds=147.492 eta_seconds=423.054 bootstraps=86
node=2030/7814 op=gather seconds=147.808 eta_seconds=421.143 bootstraps=86
node=2040/7814 op=gather seconds=148.033 eta_seconds=418.992 bootstraps=86
node=2050/7814 op=scatter seconds=148.251 eta_seconds=416.839 bootstraps=86
node=2060/7814 op=sum seconds=150.085 eta_seconds=419.217 bootstraps=88
node=2070/7814 op=scatter seconds=150.703 eta_seconds=418.184 bootstraps=88
node=2080/7814 op=repeat seconds=151.079 eta_seconds=416.483 bootstraps=88
node=2090/7814 op=linear_ref seconds=151.593 eta_seconds=415.176 bootstraps=88
node=2100/7814 op=mulp seconds=152.705 eta_seconds=415.502 bootstraps=90
node=2110/7814 op=mul seconds=153.262 eta_seconds=414.316 bootstraps=90
node=2120/7814 op=repeat seconds=153.445 eta_seconds=412.13 bootstraps=90
node=2130/7814 op=repeat seconds=155.871 eta_seconds=415.949 bootstraps=92
node=2140/7814 op=cheb seconds=156.415 eta_seconds=414.719 bootstraps=92
node=2150/7814 op=gather seconds=156.771 eta_seconds=413 bootstraps=92
node=2160/7814 op=linear_ref seconds=157.889 eta_seconds=413.29 bootstraps=92
node=2170/7814 op=add seconds=159.016 eta_seconds=413.587 bootstraps=94
node=2180/7814 op=mul seconds=159.365 eta_seconds=411.864 bootstraps=94
node=2190/7814 op=add seconds=159.63 eta_seconds=409.935 bootstraps=94
node=2200/7814 op=mul seconds=160.198 eta_seconds=408.797 bootstraps=94
node=2210/7814 op=gather seconds=160.903 eta_seconds=408.01 bootstraps=94
node=2220/7814 op=sum seconds=160.991 eta_seconds=405.668 bootstraps=94
node=2230/7814 op=mul seconds=162.472 eta_seconds=406.837 bootstraps=96
node=2240/7814 op=repeat seconds=165.036 eta_seconds=410.674 bootstraps=96
node=2250/7814 op=mulp seconds=165.529 eta_seconds=409.335 bootstraps=96
node=2260/7814 op=gather seconds=166.002 eta_seconds=407.954 bootstraps=96
node=2270/7814 op=mul seconds=166.507 eta_seconds=406.658 bootstraps=96
node=2280/7814 op=addp seconds=168.527 eta_seconds=409.047 bootstraps=98
node=2290/7814 op=scatter seconds=168.869 eta_seconds=407.352 bootstraps=98
node=2300/7814 op=add seconds=168.983 eta_seconds=405.119 bootstraps=98
node=2310/7814 op=sum seconds=169.396 eta_seconds=403.616 bootstraps=98
node=2320/7814 op=add seconds=169.784 eta_seconds=402.066 bootstraps=98
node=2330/7814 op=mulp seconds=171.169 eta_seconds=402.871 bootstraps=100
node=2340/7814 op=cheb seconds=171.76 eta_seconds=401.801 bootstraps=100
node=2350/7814 op=mulp seconds=171.81 eta_seconds=399.476 bootstraps=100
node=2360/7814 op=cheb seconds=174.139 eta_seconds=402.439 bootstraps=102
node=2370/7814 op=mul seconds=174.62 eta_seconds=401.11 bootstraps=102
node=2380/7814 op=gather seconds=174.898 eta_seconds=399.325 bootstraps=102
node=2390/7814 op=cheb seconds=175.879 eta_seconds=399.15 bootstraps=102
node=2400/7814 op=mul seconds=177.321 eta_seconds=400.007 bootstraps=104
node=2410/7814 op=add seconds=177.662 eta_seconds=398.375 bootstraps=104
node=2420/7814 op=add seconds=177.868 eta_seconds=396.454 bootstraps=104
node=2430/7814 op=cheb seconds=178.281 eta_seconds=395.007 bootstraps=104
node=2440/7814 op=gather seconds=178.878 eta_seconds=393.973 bootstraps=104
node=2450/7814 op=sum seconds=178.988 eta_seconds=391.874 bootstraps=104
node=2460/7814 op=addp seconds=180.811 eta_seconds=393.522 bootstraps=106
node=2470/7814 op=cheb seconds=181.866 eta_seconds=393.48 bootstraps=106
node=2480/7814 op=cheb seconds=182.644 eta_seconds=392.832 bootstraps=106
node=2490/7814 op=repeat seconds=182.836 eta_seconds=390.932 bootstraps=106
node=2500/7814 op=mulp seconds=183.602 eta_seconds=390.265 bootstraps=106
node=2510/7814 op=scatter seconds=185.484 eta_seconds=391.955 bootstraps=108
node=2520/7814 op=add seconds=185.536 eta_seconds=389.773 bootstraps=108
node=2530/7814 op=mul seconds=185.919 eta_seconds=388.3 bootstraps=108
node=2540/7814 op=add seconds=186.187 eta_seconds=386.594 bootstraps=108
node=2550/7814 op=repeat seconds=186.557 eta_seconds=385.111 bootstraps=108
node=2560/7814 op=gather seconds=188.113 eta_seconds=386.073 bootstraps=110
node=2570/7814 op=mulp seconds=188.226 eta_seconds=384.068 bootstraps=110
node=2580/7814 op=scatter seconds=188.75 eta_seconds=382.914 bootstraps=110
node=2590/7814 op=gather seconds=189.291 eta_seconds=381.797 bootstraps=110
node=2600/7814 op=cheb seconds=191.337 eta_seconds=383.703 bootstraps=112
node=2610/7814 op=repeat seconds=191.527 eta_seconds=381.88 bootstraps=112
node=2620/7814 op=add seconds=191.747 eta_seconds=380.128 bootstraps=112
node=2630/7814 op=mul seconds=192.142 eta_seconds=378.732 bootstraps=112
node=2640/7814 op=mul seconds=193.009 eta_seconds=378.268 bootstraps=112
node=2650/7814 op=scatter seconds=194.463 eta_seconds=378.946 bootstraps=114
node=2660/7814 op=add seconds=194.849 eta_seconds=377.538 bootstraps=114
node=2670/7814 op=gather seconds=195.551 eta_seconds=376.747 bootstraps=114
node=2680/7814 op=addp seconds=195.665 eta_seconds=374.83 bootstraps=114
node=2690/7814 op=sum seconds=197.504 eta_seconds=376.211 bootstraps=116
node=2700/7814 op=cheb seconds=198.533 eta_seconds=376.035 bootstraps=116
node=2710/7814 op=cheb seconds=199.106 eta_seconds=374.996 bootstraps=116
node=2720/7814 op=repeat seconds=199.467 eta_seconds=373.561 bootstraps=116
node=2730/7814 op=mul seconds=199.715 eta_seconds=371.923 bootstraps=116
node=2740/7814 op=add seconds=200.106 eta_seconds=370.562 bootstraps=116
node=2750/7814 op=cheb seconds=200.426 eta_seconds=369.075 bootstraps=116
node=2760/7814 op=scatter seconds=202.325 eta_seconds=370.49 bootstraps=118
node=2770/7814 op=mul seconds=202.816 eta_seconds=369.316 bootstraps=118
node=2780/7814 op=sum seconds=203.125 eta_seconds=367.818 bootstraps=118
node=2790/7814 op=linear_ref seconds=204.75 eta_seconds=368.697 bootstraps=120
node=2800/7814 op=mulp seconds=204.938 eta_seconds=366.985 bootstraps=120
node=2810/7814 op=sum seconds=206.824 eta_seconds=368.309 bootstraps=122
client_token=315 logit_margin=1.89749
node=2820/7814 op=sum seconds=208.181 eta_seconds=368.673 bootstraps=124
node=2830/7814 op=gather seconds=209.49 eta_seconds=368.94 bootstraps=124
node=2840/7814 op=cheb seconds=210.939 eta_seconds=369.441 bootstraps=124
node=2850/7814 op=mul seconds=211.812 eta_seconds=368.925 bootstraps=124
node=2860/7814 op=mulp seconds=212.166 eta_seconds=367.507 bootstraps=124
node=2870/7814 op=gather seconds=212.593 eta_seconds=366.223 bootstraps=124
node=2880/7814 op=scatter seconds=212.833 eta_seconds=364.625 bootstraps=124
node=2890/7814 op=mul seconds=213.231 eta_seconds=363.304 bootstraps=124
node=2900/7814 op=mul seconds=213.541 eta_seconds=361.842 bootstraps=124
node=2910/7814 op=scatter seconds=214.81 eta_seconds=362.002 bootstraps=126
node=2920/7814 op=mul seconds=215.116 eta_seconds=360.54 bootstraps=126
node=2930/7814 op=mul seconds=215.332 eta_seconds=358.936 bootstraps=126
node=2940/7814 op=mul seconds=216.86 eta_seconds=359.516 bootstraps=128
node=2950/7814 op=scatter seconds=218.552 eta_seconds=360.352 bootstraps=130
node=2960/7814 op=gather seconds=220.029 eta_seconds=360.818 bootstraps=132
node=2970/7814 op=mulp seconds=220.094 eta_seconds=358.968 bootstraps=132
node=2980/7814 op=cheb seconds=222.023 eta_seconds=360.154 bootstraps=134
node=2990/7814 op=cheb seconds=222.82 eta_seconds=359.492 bootstraps=134
node=3000/7814 op=repeat seconds=223.054 eta_seconds=357.927 bootstraps=134
node=3010/7814 op=add seconds=223.262 eta_seconds=356.329 bootstraps=134
node=3020/7814 op=mul seconds=223.631 eta_seconds=354.995 bootstraps=134
node=3030/7814 op=scatter seconds=225.238 eta_seconds=355.623 bootstraps=136
node=3040/7814 op=mul seconds=225.605 eta_seconds=354.289 bootstraps=136
node=3050/7814 op=sum seconds=226.002 eta_seconds=353.008 bootstraps=136
node=3060/7814 op=add seconds=226.396 eta_seconds=351.728 bootstraps=136
node=3070/7814 op=repeat seconds=227.783 eta_seconds=351.987 bootstraps=138
node=3080/7814 op=mul seconds=229.585 eta_seconds=352.875 bootstraps=140
node=3090/7814 op=gather seconds=231.125 eta_seconds=353.344 bootstraps=142
node=3100/7814 op=mul seconds=231.236 eta_seconds=351.629 bootstraps=142
node=3110/7814 op=mul seconds=233.417 eta_seconds=353.053 bootstraps=144
node=3120/7814 op=cheb seconds=234.136 eta_seconds=352.254 bootstraps=144
node=3130/7814 op=repeat seconds=234.374 eta_seconds=350.737 bootstraps=144
node=3140/7814 op=add seconds=234.592 eta_seconds=349.199 bootstraps=144
node=3150/7814 op=mul seconds=234.969 eta_seconds=347.903 bootstraps=144
node=3160/7814 op=scatter seconds=236.533 eta_seconds=348.362 bootstraps=146
node=3170/7814 op=mul seconds=237.017 eta_seconds=347.227 bootstraps=146
node=3180/7814 op=mul seconds=237.302 eta_seconds=345.804 bootstraps=146
node=3190/7814 op=mul seconds=237.809 eta_seconds=344.711 bootstraps=146
node=3200/7814 op=cheb seconds=239.079 eta_seconds=344.722 bootstraps=148
node=3210/7814 op=add seconds=240.914 eta_seconds=345.535 bootstraps=150
node=3220/7814 op=linear_ref seconds=242.321 eta_seconds=345.721 bootstraps=152
node=3230/7814 op=mul seconds=242.372 eta_seconds=343.973 bootstraps=152
node=3240/7814 op=cheb seconds=244.265 eta_seconds=344.836 bootstraps=154
node=3250/7814 op=cheb seconds=244.789 eta_seconds=343.759 bootstraps=154
node=3260/7814 op=repeat seconds=245.146 eta_seconds=342.452 bootstraps=154
node=3270/7814 op=mul seconds=245.39 eta_seconds=340.995 bootstraps=154
node=3280/7814 op=add seconds=245.78 eta_seconds=339.746 bootstraps=154
node=3290/7814 op=mul seconds=245.973 eta_seconds=338.231 bootstraps=154
node=3300/7814 op=scatter seconds=247.527 eta_seconds=338.587 bootstraps=156
node=3310/7814 op=add seconds=247.909 eta_seconds=337.336 bootstraps=156
node=3320/7814 op=repeat seconds=248.21 eta_seconds=335.98 bootstraps=156
node=3330/7814 op=addp seconds=249.549 eta_seconds=336.03 bootstraps=158
node=3340/7814 op=linear_ref seconds=252.273 eta_seconds=337.925 bootstraps=162
node=3350/7814 op=mulp seconds=253.3 eta_seconds=337.532 bootstraps=164
node=3360/7814 op=addp seconds=253.731 eta_seconds=336.345 bootstraps=164
node=3370/7814 op=cheb seconds=255.148 eta_seconds=336.462 bootstraps=166
node=3380/7814 op=cheb seconds=256.618 eta_seconds=336.64 bootstraps=166
node=3390/7814 op=repeat seconds=257.076 eta_seconds=335.488 bootstraps=166
node=3400/7814 op=gather seconds=257.562 eta_seconds=334.376 bootstraps=166
node=3410/7814 op=cheb seconds=257.967 eta_seconds=333.163 bootstraps=166
node=3420/7814 op=scatter seconds=259.667 eta_seconds=333.619 bootstraps=168
node=3430/7814 op=scatter seconds=259.932 eta_seconds=332.228 bootstraps=168
node=3440/7814 op=mul seconds=260.233 eta_seconds=330.889 bootstraps=168
node=3450/7814 op=mul seconds=260.583 eta_seconds=329.618 bootstraps=168
node=3460/7814 op=mulp seconds=261.858 eta_seconds=329.517 bootstraps=170
node=3470/7814 op=mul seconds=263.502 eta_seconds=329.871 bootstraps=172
node=3480/7814 op=mul seconds=264.901 eta_seconds=329.908 bootstraps=174
node=3490/7814 op=gather seconds=265.465 eta_seconds=328.903 bootstraps=174
node=3500/7814 op=addp seconds=265.553 eta_seconds=327.313 bootstraps=174
node=3510/7814 op=mulp seconds=267.832 eta_seconds=328.418 bootstraps=176
node=3520/7814 op=mul seconds=268.276 eta_seconds=327.266 bootstraps=176
node=3530/7814 op=mulp seconds=268.543 eta_seconds=325.903 bootstraps=176
node=3540/7814 op=mul seconds=268.918 eta_seconds=324.677 bootstraps=176
node=3550/7814 op=mul seconds=269.098 eta_seconds=323.221 bootstraps=176
node=3560/7814 op=scatter seconds=270.597 eta_seconds=323.348 bootstraps=178
node=3570/7814 op=repeat seconds=271.153 eta_seconds=322.346 bootstraps=178
node=3580/7814 op=sum seconds=271.507 eta_seconds=321.106 bootstraps=178
node=3590/7814 op=sum seconds=271.946 eta_seconds=319.972 bootstraps=178
node=3600/7814 op=cheb seconds=274.513 eta_seconds=321.332 bootstraps=182
node=3610/7814 op=repeat seconds=275.92 eta_seconds=321.321 bootstraps=184
node=3620/7814 op=gather seconds=276.474 eta_seconds=320.313 bootstraps=184
node=3630/7814 op=mulp seconds=276.57 eta_seconds=318.78 bootstraps=184
node=3640/7814 op=mul seconds=278.932 eta_seconds=319.853 bootstraps=186
node=3650/7814 op=repeat seconds=279.319 eta_seconds=318.653 bootstraps=186
node=3660/7814 op=scatter seconds=279.751 eta_seconds=317.51 bootstraps=186
node=3670/7814 op=mul seconds=281.39 eta_seconds=317.732 bootstraps=188
node=3680/7814 op=scatter seconds=281.769 eta_seconds=316.531 bootstraps=188
node=3690/7814 op=scatter seconds=281.979 eta_seconds=315.144 bootstraps=188
node=3700/7814 op=mul seconds=282.181 eta_seconds=313.755 bootstraps=188
node=3710/7814 op=mul seconds=282.437 eta_seconds=312.432 bootstraps=188
node=3720/7814 op=scatter seconds=283.896 eta_seconds=312.438 bootstraps=190
node=3730/7814 op=gather seconds=284.429 eta_seconds=311.423 bootstraps=190
node=3740/7814 op=cheb seconds=286.773 eta_seconds=312.383 bootstraps=194
node=3750/7814 op=gather seconds=287.393 eta_seconds=311.458 bootstraps=194
node=3760/7814 op=addp seconds=287.638 eta_seconds=310.129 bootstraps=194
node=3770/7814 op=mul seconds=289.729 eta_seconds=310.786 bootstraps=196
node=3780/7814 op=repeat seconds=290.212 eta_seconds=309.713 bootstraps=196
node=3790/7814 op=addp seconds=290.41 eta_seconds=308.34 bootstraps=196
node=3800/7814 op=gather seconds=290.659 eta_seconds=307.028 bootstraps=196
node=3810/7814 op=add seconds=290.891 eta_seconds=305.703 bootstraps=196
node=3820/7814 op=scatter seconds=292.515 eta_seconds=305.839 bootstraps=198
node=3830/7814 op=sum seconds=292.851 eta_seconds=304.626 bootstraps=198
node=3840/7814 op=add seconds=293.227 eta_seconds=303.459 bootstraps=198
node=3850/7814 op=mul seconds=293.739 eta_seconds=302.436 bootstraps=198
node=3860/7814 op=gather seconds=295.252 eta_seconds=302.442 bootstraps=200
node=3870/7814 op=addp seconds=296.593 eta_seconds=302.264 bootstraps=202
node=3880/7814 op=gather seconds=298.112 eta_seconds=302.261 bootstraps=204
node=3890/7814 op=sum seconds=298.374 eta_seconds=300.981 bootstraps=204
node=3900/7814 op=cheb seconds=300.425 eta_seconds=301.504 bootstraps=206
node=3910/7814 op=mul seconds=300.98 eta_seconds=300.518 bootstraps=206
node=3920/7814 op=gather seconds=301.221 eta_seconds=299.223 bootstraps=206
node=3930/7814 op=scatter seconds=301.442 eta_seconds=297.914 bootstraps=206
node=3940/7814 op=gather seconds=301.694 eta_seconds=296.64 bootstraps=206
node=3950/7814 op=add seconds=303.473 eta_seconds=296.865 bootstraps=208
node=3960/7814 op=mul seconds=303.758 eta_seconds=295.627 bootstraps=208
node=3970/7814 op=mul seconds=304.308 eta_seconds=294.65 bootstraps=208
node=3980/7814 op=add seconds=304.817 eta_seconds=293.635 bootstraps=208
node=3990/7814 op=linear_ref seconds=306.328 eta_seconds=293.584 bootstraps=210
node=4000/7814 op=mulp seconds=307.668 eta_seconds=293.361 bootstraps=212
node=4010/7814 op=gather seconds=309.201 eta_seconds=293.317 bootstraps=214
node=4020/7814 op=mul seconds=309.278 eta_seconds=291.89 bootstraps=214
node=4030/7814 op=repeat seconds=312.577 eta_seconds=293.497 bootstraps=216
node=4040/7814 op=mulp seconds=313.069 eta_seconds=292.456 bootstraps=216
node=4050/7814 op=gather seconds=313.537 eta_seconds=291.396 bootstraps=216
node=4060/7814 op=mul seconds=314.042 eta_seconds=290.373 bootstraps=216
node=4070/7814 op=scatter seconds=315.598 eta_seconds=290.319 bootstraps=218
node=4080/7814 op=mul seconds=315.826 eta_seconds=289.043 bootstraps=218
node=4090/7814 op=add seconds=316.093 eta_seconds=287.807 bootstraps=218
node=4100/7814 op=repeat seconds=316.601 eta_seconds=286.794 bootstraps=218
node=4110/7814 op=linear_ref seconds=317.119 eta_seconds=285.793 bootstraps=218
node=4120/7814 op=mulp seconds=318.189 eta_seconds=285.289 bootstraps=220
node=4130/7814 op=sum seconds=320.045 eta_seconds=285.483 bootstraps=222
node=4140/7814 op=gather seconds=321.575 eta_seconds=285.378 bootstraps=224
node=4150/7814 op=mulp seconds=321.69 eta_seconds=284.018 bootstraps=224
node=4160/7814 op=cheb seconds=323.68 eta_seconds=284.309 bootstraps=226
node=4170/7814 op=repeat seconds=324.352 eta_seconds=283.439 bootstraps=226
node=4180/7814 op=addp seconds=324.528 eta_seconds=282.138 bootstraps=226
node=4190/7814 op=addp seconds=325.289 eta_seconds=281.348 bootstraps=226
node=4200/7814 op=add seconds=326.543 eta_seconds=280.982 bootstraps=228
node=4210/7814 op=mul seconds=326.887 eta_seconds=279.834 bootstraps=228
node=4220/7814 op=mul seconds=327.159 eta_seconds=278.628 bootstraps=228
node=4230/7814 op=mul seconds=327.465 eta_seconds=277.455 bootstraps=228
node=4240/7814 op=mul seconds=327.68 eta_seconds=276.21 bootstraps=228
node=4250/7814 op=mul seconds=329.168 eta_seconds=276.036 bootstraps=230
node=4260/7814 op=scatter seconds=330.931 eta_seconds=276.086 bootstraps=232
node=4270/7814 op=gather seconds=332.478 eta_seconds=275.949 bootstraps=234
node=4280/7814 op=sum seconds=332.6 eta_seconds=274.628 bootstraps=234
node=4290/7814 op=cheb seconds=334.465 eta_seconds=274.745 bootstraps=236
node=4300/7814 op=cheb seconds=335.186 eta_seconds=273.917 bootstraps=236
node=4310/7814 op=repeat seconds=335.378 eta_seconds=272.66 bootstraps=236
node=4320/7814 op=add seconds=335.596 eta_seconds=271.429 bootstraps=236
node=4330/7814 op=mul seconds=335.989 eta_seconds=270.343 bootstraps=236
node=4340/7814 op=scatter seconds=337.569 eta_seconds=270.21 bootstraps=238
node=4350/7814 op=mul seconds=337.935 eta_seconds=269.105 bootstraps=238
node=4360/7814 op=sum seconds=338.241 eta_seconds=267.955 bootstraps=238
node=4370/7814 op=add seconds=338.46 eta_seconds=266.741 bootstraps=238
node=4380/7814 op=repeat seconds=339.944 eta_seconds=266.522 bootstraps=240
node=4390/7814 op=mul seconds=341.819 eta_seconds=266.603 bootstraps=242
client_token=279 logit_margin=2.90222
node=4400/7814 op=mul seconds=343.12 eta_seconds=266.23 bootstraps=244
node=4410/7814 op=gather seconds=344.494 eta_seconds=265.909 bootstraps=244
node=4420/7814 op=cheb seconds=345.925 eta_seconds=265.627 bootstraps=244
node=4430/7814 op=cheb seconds=346.757 eta_seconds=264.881 bootstraps=244
node=4440/7814 op=mul seconds=347.213 eta_seconds=263.851 bootstraps=244
node=4450/7814 op=repeat seconds=347.567 eta_seconds=262.745 bootstraps=244
node=4460/7814 op=add seconds=347.804 eta_seconds=261.555 bootstraps=244
node=4470/7814 op=mulp seconds=348.325 eta_seconds=260.582 bootstraps=244
node=4480/7814 op=mulp seconds=348.628 eta_seconds=259.447 bootstraps=244
node=4490/7814 op=cheb seconds=348.814 eta_seconds=258.231 bootstraps=244
node=4500/7814 op=add seconds=350.165 eta_seconds=257.877 bootstraps=246
node=4510/7814 op=repeat seconds=350.466 eta_seconds=256.75 bootstraps=246
node=4520/7814 op=linear_ref seconds=351.92 eta_seconds=256.466 bootstraps=248
node=4530/7814 op=mulp seconds=352.156 eta_seconds=255.294 bootstraps=248
node=4540/7814 op=sum seconds=353.881 eta_seconds=255.2 bootstraps=250
node=4550/7814 op=gather seconds=355.338 eta_seconds=254.906 bootstraps=252
node=4560/7814 op=addp seconds=355.396 eta_seconds=253.61 bootstraps=252
node=4570/7814 op=cheb seconds=357.444 eta_seconds=253.73 bootstraps=254
node=4580/7814 op=repeat seconds=358.094 eta_seconds=252.855 bootstraps=254
node=4590/7814 op=addp seconds=358.311 eta_seconds=251.677 bootstraps=254
node=4600/7814 op=gather seconds=358.596 eta_seconds=250.55 bootstraps=254
node=4610/7814 op=add seconds=358.876 eta_seconds=249.422 bootstraps=254
node=4620/7814 op=add seconds=360.474 eta_seconds=249.211 bootstraps=256
node=4630/7814 op=mul seconds=360.844 eta_seconds=248.148 bootstraps=256
node=4640/7814 op=sum seconds=361.23 eta_seconds=247.1 bootstraps=256
node=4650/7814 op=add seconds=361.596 eta_seconds=246.041 bootstraps=256
node=4660/7814 op=mul seconds=362.949 eta_seconds=245.653 bootstraps=258
node=4670/7814 op=gather seconds=363.59 eta_seconds=244.781 bootstraps=258
node=4680/7814 op=addp seconds=365.027 eta_seconds=244.443 bootstraps=260
node=4690/7814 op=gather seconds=366.574 eta_seconds=244.174 bootstraps=262
node=4700/7814 op=mul seconds=366.679 eta_seconds=242.944 bootstraps=262
node=4710/7814 op=repeat seconds=369.314 eta_seconds=243.387 bootstraps=264
node=4720/7814 op=cheb seconds=369.74 eta_seconds=242.368 bootstraps=264
node=4730/7814 op=mul seconds=370.034 eta_seconds=241.265 bootstraps=264
node=4740/7814 op=gather seconds=370.407 eta_seconds=240.217 bootstraps=264
node=4750/7814 op=mulp seconds=370.58 eta_seconds=239.043 bootstraps=264
node=4760/7814 op=add seconds=372.199 eta_seconds=238.802 bootstraps=266
node=4770/7814 op=add seconds=372.478 eta_seconds=237.699 bootstraps=266
node=4780/7814 op=repeat seconds=372.968 eta_seconds=236.733 bootstraps=266
node=4790/7814 op=sum seconds=373.347 eta_seconds=235.7 bootstraps=266
node=4800/7814 op=sum seconds=374.615 eta_seconds=235.227 bootstraps=268
node=4810/7814 op=cheb seconds=376.147 eta_seconds=234.916 bootstraps=270
node=4820/7814 op=repeat seconds=377.548 eta_seconds=234.518 bootstraps=272
node=4830/7814 op=gather seconds=377.973 eta_seconds=233.513 bootstraps=272
node=4840/7814 op=addp seconds=378.023 eta_seconds=232.281 bootstraps=272
node=4850/7814 op=mul seconds=380.344 eta_seconds=232.441 bootstraps=274
node=4860/7814 op=repeat seconds=380.747 eta_seconds=231.425 bootstraps=274
node=4870/7814 op=mul seconds=381.016 eta_seconds=230.331 bootstraps=274
node=4880/7814 op=mul seconds=381.403 eta_seconds=229.311 bootstraps=274
node=4890/7814 op=addp seconds=381.586 eta_seconds=228.171 bootstraps=274
node=4900/7814 op=scatter seconds=382.989 eta_seconds=227.761 bootstraps=276
node=4910/7814 op=sum seconds=383.463 eta_seconds=226.798 bootstraps=276
node=4920/7814 op=add seconds=383.717 eta_seconds=225.707 bootstraps=276
node=4930/7814 op=repeat seconds=384.015 eta_seconds=224.645 bootstraps=276
node=4940/7814 op=addp seconds=385.35 eta_seconds=224.189 bootstraps=278
node=4950/7814 op=linear_ref seconds=388.081 eta_seconds=224.538 bootstraps=282
node=4960/7814 op=mulp seconds=389.104 eta_seconds=223.892 bootstraps=284
node=4970/7814 op=addp seconds=389.542 eta_seconds=222.909 bootstraps=284
node=4980/7814 op=cheb seconds=390.965 eta_seconds=222.489 bootstraps=286
node=4990/7814 op=cheb seconds=392.39 eta_seconds=222.066 bootstraps=286
node=5000/7814 op=repeat seconds=392.852 eta_seconds=221.097 bootstraps=286
node=5010/7814 op=gather seconds=393.338 eta_seconds=220.143 bootstraps=286
node=5020/7814 op=cheb seconds=393.747 eta_seconds=219.149 bootstraps=286
node=5030/7814 op=scatter seconds=395.478 eta_seconds=218.889 bootstraps=288
node=5040/7814 op=scatter seconds=395.744 eta_seconds=217.816 bootstraps=288
node=5050/7814 op=repeat seconds=396.043 eta_seconds=216.765 bootstraps=288
node=5060/7814 op=sum seconds=396.384 eta_seconds=215.739 bootstraps=288
node=5070/7814 op=add seconds=396.745 eta_seconds=214.728 bootstraps=288
node=5080/7814 op=repeat seconds=398.048 eta_seconds=214.225 bootstraps=290
node=5090/7814 op=mul seconds=399.846 eta_seconds=213.985 bootstraps=292
node=5100/7814 op=gather seconds=401.392 eta_seconds=213.603 bootstraps=294
node=5110/7814 op=mul seconds=401.503 eta_seconds=212.459 bootstraps=294
node=5120/7814 op=mul seconds=403.335 eta_seconds=212.224 bootstraps=296
node=5130/7814 op=cheb seconds=403.955 eta_seconds=211.348 bootstraps=296
node=5140/7814 op=addp seconds=404.298 eta_seconds=210.329 bootstraps=296
node=5150/7814 op=mul seconds=404.541 eta_seconds=209.262 bootstraps=296
node=5160/7814 op=mul seconds=404.917 eta_seconds=208.265 bootstraps=296
node=5170/7814 op=mul seconds=405.106 eta_seconds=207.176 bootstraps=296
node=5180/7814 op=scatter seconds=406.74 eta_seconds=206.825 bootstraps=298
node=5190/7814 op=add seconds=407.212 eta_seconds=205.881 bootstraps=298
node=5200/7814 op=repeat seconds=407.683 eta_seconds=204.939 bootstraps=298
node=5210/7814 op=linear_ref seconds=408.227 eta_seconds=204.035 bootstraps=298
node=5220/7814 op=mulp seconds=409.275 eta_seconds=203.383 bootstraps=300
node=5230/7814 op=sum seconds=411.209 eta_seconds=203.167 bootstraps=302
node=5240/7814 op=gather seconds=412.744 eta_seconds=202.749 bootstraps=304
node=5250/7814 op=mulp seconds=412.86 eta_seconds=201.633 bootstraps=304
node=5260/7814 op=cheb seconds=414.848 eta_seconds=201.43 bootstraps=306
node=5270/7814 op=repeat seconds=415.523 eta_seconds=200.586 bootstraps=306
node=5280/7814 op=addp seconds=415.699 eta_seconds=199.504 bootstraps=306
node=5290/7814 op=addp seconds=416.464 eta_seconds=198.706 bootstraps=306
node=5300/7814 op=add seconds=417.723 eta_seconds=198.143 bootstraps=308
node=5310/7814 op=mul seconds=418.068 eta_seconds=197.145 bootstraps=308
node=5320/7814 op=mul seconds=418.341 eta_seconds=196.117 bootstraps=308
node=5330/7814 op=sum seconds=418.65 eta_seconds=195.108 bootstraps=308
node=5340/7814 op=add seconds=418.868 eta_seconds=194.06 bootstraps=308
node=5350/7814 op=mul seconds=420.358 eta_seconds=193.6 bootstraps=310
node=5360/7814 op=gather seconds=420.892 eta_seconds=192.699 bootstraps=310
node=5370/7814 op=addp seconds=422.332 eta_seconds=192.212 bootstraps=312
node=5380/7814 op=gather seconds=423.859 eta_seconds=191.761 bootstraps=314
node=5390/7814 op=mulp seconds=424.114 eta_seconds=190.733 bootstraps=314
node=5400/7814 op=cheb seconds=426.209 eta_seconds=190.531 bootstraps=316
node=5410/7814 op=cheb seconds=426.676 eta_seconds=189.599 bootstraps=316
node=5420/7814 op=repeat seconds=426.894 eta_seconds=188.558 bootstraps=316
node=5430/7814 op=add seconds=427.076 eta_seconds=187.504 bootstraps=316
node=5440/7814 op=mul seconds=427.38 eta_seconds=186.507 bootstraps=316
node=5450/7814 op=add seconds=428.954 eta_seconds=186.064 bootstraps=318
node=5460/7814 op=add seconds=429.245 eta_seconds=185.063 bootstraps=318
node=5470/7814 op=repeat seconds=429.771 eta_seconds=184.165 bootstraps=318
node=5480/7814 op=sum seconds=430.122 eta_seconds=183.194 bootstraps=318
node=5490/7814 op=sum seconds=430.533 eta_seconds=182.251 bootstraps=318
node=5500/7814 op=cheb seconds=433.052 eta_seconds=182.197 bootstraps=322
node=5510/7814 op=repeat seconds=434.367 eta_seconds=181.63 bootstraps=324
node=5520/7814 op=gather seconds=434.948 eta_seconds=180.756 bootstraps=324
node=5530/7814 op=addp seconds=435.19 eta_seconds=179.742 bootstraps=324
node=5540/7814 op=repeat seconds=437.41 eta_seconds=179.543 bootstraps=326
node=5550/7814 op=cheb seconds=437.872 eta_seconds=178.62 bootstraps=326
node=5560/7814 op=mul seconds=438.11 eta_seconds=177.608 bootstraps=326
node=5570/7814 op=gather seconds=438.411 eta_seconds=176.624 bootstraps=326
node=5580/7814 op=mul seconds=438.555 eta_seconds=175.579 bootstraps=326
node=5590/7814 op=scatter seconds=440.431 eta_seconds=175.227 bootstraps=328
node=5600/7814 op=sum seconds=440.678 eta_seconds=174.225 bootstraps=328
node=5610/7814 op=add seconds=441.07 eta_seconds=173.283 bootstraps=328
node=5620/7814 op=repeat seconds=441.562 eta_seconds=172.382 bootstraps=328
node=5630/7814 op=addp seconds=442.701 eta_seconds=171.733 bootstraps=330
node=5640/7814 op=linear_ref seconds=444.749 eta_seconds=171.434 bootstraps=332
node=5650/7814 op=mulp seconds=445.798 eta_seconds=170.744 bootstraps=334
node=5660/7814 op=addp seconds=446.364 eta_seconds=169.871 bootstraps=334
node=5670/7814 op=cheb seconds=447.815 eta_seconds=169.333 bootstraps=336
node=5680/7814 op=cheb seconds=449.909 eta_seconds=169.033 bootstraps=336
node=5690/7814 op=repeat seconds=450.446 eta_seconds=168.146 bootstraps=336
node=5700/7814 op=gather seconds=451.095 eta_seconds=167.301 bootstraps=336
node=5710/7814 op=mulp seconds=452.605 eta_seconds=166.774 bootstraps=338
node=5720/7814 op=mul seconds=452.951 eta_seconds=165.818 bootstraps=338
node=5730/7814 op=scatter seconds=453.219 eta_seconds=164.836 bootstraps=338
node=5740/7814 op=repeat seconds=453.486 eta_seconds=163.855 bootstraps=338
node=5750/7814 op=sum seconds=453.837 eta_seconds=162.908 bootstraps=338
node=5760/7814 op=add seconds=454.22 eta_seconds=161.974 bootstraps=338
node=5770/7814 op=repeat seconds=455.521 eta_seconds=161.367 bootstraps=340
node=5780/7814 op=mul seconds=457.329 eta_seconds=160.936 bootstraps=342
node=5790/7814 op=gather seconds=458.877 eta_seconds=160.409 bootstraps=344
node=5800/7814 op=mul seconds=458.987 eta_seconds=159.379 bootstraps=344
node=5810/7814 op=mul seconds=460.824 eta_seconds=158.948 bootstraps=346
node=5820/7814 op=cheb seconds=461.511 eta_seconds=158.119 bootstraps=346
node=5830/7814 op=addp seconds=461.84 eta_seconds=157.168 bootstraps=346
node=5840/7814 op=scatter seconds=462.63 eta_seconds=156.375 bootstraps=346
node=5850/7814 op=mul seconds=463.895 eta_seconds=155.742 bootstraps=348
node=5860/7814 op=mulp seconds=464.239 eta_seconds=154.799 bootstraps=348
node=5870/7814 op=mul seconds=464.507 eta_seconds=153.833 bootstraps=348
node=5880/7814 op=add seconds=464.738 eta_seconds=152.858 bootstraps=348
node=5890/7814 op=repeat seconds=465.035 eta_seconds=151.906 bootstraps=348
node=5900/7814 op=linear_ref seconds=466.53 eta_seconds=151.345 bootstraps=350
node=5910/7814 op=mulp seconds=466.719 eta_seconds=150.361 bootstraps=350
node=5920/7814 op=sum seconds=468.512 eta_seconds=149.892 bootstraps=352
node=5930/7814 op=gather seconds=470.057 eta_seconds=149.34 bootstraps=354
node=5940/7814 op=mulp seconds=470.175 eta_seconds=148.335 bootstraps=354
node=5950/7814 op=cheb seconds=472.175 eta_seconds=147.922 bootstraps=356
node=5960/7814 op=repeat seconds=472.793 eta_seconds=147.073 bootstraps=356
node=5970/7814 op=addp seconds=472.969 eta_seconds=146.09 bootstraps=356
node=5980/7814 op=gather seconds=473.273 eta_seconds=145.148 bootstraps=356
node=5990/7814 op=add seconds=473.574 eta_seconds=144.207 bootstraps=356
node=6000/7814 op=add seconds=475.154 eta_seconds=143.655 bootstraps=358
node=6010/7814 op=mul seconds=475.523 eta_seconds=142.736 bootstraps=358
node=6020/7814 op=sum seconds=475.833 eta_seconds=141.802 bootstraps=358
node=6030/7814 op=add seconds=476.054 eta_seconds=140.842 bootstraps=358
node=6040/7814 op=mul seconds=477.555 eta_seconds=140.262 bootstraps=360
node=6050/7814 op=gather seconds=478.09 eta_seconds=139.397 bootstraps=360
node=6060/7814 op=addp seconds=479.633 eta_seconds=138.824 bootstraps=362
client_token=1614 logit_margin=0.201379
node=6070/7814 op=addp seconds=481.038 eta_seconds=138.209 bootstraps=364
node=6080/7814 op=gather seconds=482.362 eta_seconds=137.568 bootstraps=364
node=6090/7814 op=cheb seconds=484.183 eta_seconds=137.066 bootstraps=364
node=6100/7814 op=mulp seconds=484.711 eta_seconds=136.196 bootstraps=364
node=6110/7814 op=cheb seconds=485.24 eta_seconds=135.327 bootstraps=364
node=6120/7814 op=mul seconds=485.549 eta_seconds=134.399 bootstraps=364
node=6130/7814 op=gather seconds=485.775 eta_seconds=133.45 bootstraps=364
node=6140/7814 op=add seconds=486.08 eta_seconds=132.524 bootstraps=364
node=6150/7814 op=mul seconds=486.396 eta_seconds=131.604 bootstraps=364
node=6160/7814 op=scatter seconds=487.733 eta_seconds=130.96 bootstraps=366
node=6170/7814 op=mul seconds=488.042 eta_seconds=130.039 bootstraps=366
node=6180/7814 op=mul seconds=488.261 eta_seconds=129.097 bootstraps=366
node=6190/7814 op=mul seconds=488.559 eta_seconds=128.178 bootstraps=366
node=6200/7814 op=cheb seconds=490.06 eta_seconds=127.574 bootstraps=368
node=6210/7814 op=add seconds=491.785 eta_seconds=127.025 bootstraps=370
node=6220/7814 op=linear_ref seconds=493.26 eta_seconds=126.408 bootstraps=372
node=6230/7814 op=mul seconds=493.311 eta_seconds=125.426 bootstraps=372
node=6240/7814 op=cheb seconds=495.202 eta_seconds=124.912 bootstraps=374
node=6250/7814 op=cheb seconds=495.74 eta_seconds=124.054 bootstraps=374
node=6260/7814 op=repeat seconds=496.207 eta_seconds=123.18 bootstraps=374
node=6270/7814 op=mul seconds=496.438 eta_seconds=122.249 bootstraps=374
node=6280/7814 op=add seconds=496.8 eta_seconds=121.352 bootstraps=374
node=6290/7814 op=cheb seconds=497.111 eta_seconds=120.445 bootstraps=374
node=6300/7814 op=add seconds=498.755 eta_seconds=119.859 bootstraps=376
node=6310/7814 op=repeat seconds=499.074 eta_seconds=118.955 bootstraps=376
node=6320/7814 op=sum seconds=499.425 eta_seconds=118.06 bootstraps=376
node=6330/7814 op=add seconds=499.791 eta_seconds=117.171 bootstraps=376
node=6340/7814 op=mul seconds=501.108 eta_seconds=116.504 bootstraps=378
node=6350/7814 op=gather seconds=501.747 eta_seconds=115.678 bootstraps=378
node=6360/7814 op=addp seconds=503.186 eta_seconds=115.037 bootstraps=380
node=6370/7814 op=gather seconds=504.734 eta_seconds=114.417 bootstraps=382
node=6380/7814 op=mul seconds=504.839 eta_seconds=113.47 bootstraps=382
node=6390/7814 op=repeat seconds=507.453 eta_seconds=113.085 bootstraps=384
node=6400/7814 op=cheb seconds=507.879 eta_seconds=112.21 bootstraps=384
node=6410/7814 op=mul seconds=508.169 eta_seconds=111.306 bootstraps=384
node=6420/7814 op=gather seconds=508.546 eta_seconds=110.423 bootstraps=384
node=6430/7814 op=mulp seconds=508.721 eta_seconds=109.498 bootstraps=384
node=6440/7814 op=add seconds=510.336 eta_seconds=108.882 bootstraps=386
node=6450/7814 op=mul seconds=510.622 eta_seconds=107.983 bootstraps=386
node=6460/7814 op=mul seconds=511.043 eta_seconds=107.113 bootstraps=386
node=6470/7814 op=mul seconds=511.383 eta_seconds=106.229 bootstraps=386
node=6480/7814 op=mul seconds=511.89 eta_seconds=105.38 bootstraps=386
node=6490/7814 op=cheb seconds=513.111 eta_seconds=104.678 bootstraps=388
node=6500/7814 op=add seconds=514.899 eta_seconds=104.089 bootstraps=390
node=6510/7814 op=linear_ref seconds=516.309 eta_seconds=103.42 bootstraps=392
node=6520/7814 op=mul seconds=516.359 eta_seconds=102.48 bootstraps=392
node=6530/7814 op=cheb seconds=518.261 eta_seconds=101.906 bootstraps=394
node=6540/7814 op=cheb seconds=518.791 eta_seconds=101.061 bootstraps=394
node=6550/7814 op=repeat seconds=519.15 eta_seconds=100.184 bootstraps=394
node=6560/7814 op=mul seconds=519.395 eta_seconds=99.2867 bootstraps=394
node=6570/7814 op=add seconds=519.783 eta_seconds=98.4185 bootstraps=394
node=6580/7814 op=mul seconds=519.975 eta_seconds=97.5151 bootstraps=394
node=6590/7814 op=scatter seconds=521.529 eta_seconds=96.8667 bootstraps=396
node=6600/7814 op=repeat seconds=522.006 eta_seconds=96.0175 bootstraps=396
node=6610/7814 op=sum seconds=522.247 eta_seconds=95.1264 bootstraps=396
node=6620/7814 op=add seconds=522.465 eta_seconds=94.2332 bootstraps=396
node=6630/7814 op=mul seconds=523.919 eta_seconds=93.5626 bootstraps=398
node=6640/7814 op=gather seconds=525.325 eta_seconds=92.8813 bootstraps=400
node=6650/7814 op=addp seconds=526.716 eta_seconds=92.1951 bootstraps=402
node=6660/7814 op=gather seconds=528.123 eta_seconds=91.5095 bootstraps=404
node=6670/7814 op=sum seconds=528.185 eta_seconds=90.5913 bootstraps=404
node=6680/7814 op=repeat seconds=530.949 eta_seconds=90.1341 bootstraps=406
node=6690/7814 op=cheb seconds=531.426 eta_seconds=89.2859 bootstraps=406
node=6700/7814 op=mul seconds=531.704 eta_seconds=88.4058 bootstraps=406
node=6710/7814 op=mulp seconds=532.234 eta_seconds=87.5687 bootstraps=406
node=6720/7814 op=add seconds=533.752 eta_seconds=86.8936 bootstraps=408
node=6730/7814 op=add seconds=534.093 eta_seconds=86.0263 bootstraps=408
node=6740/7814 op=mul seconds=534.368 eta_seconds=85.15 bootstraps=408
node=6750/7814 op=mul seconds=534.768 eta_seconds=84.2953 bootstraps=408
node=6760/7814 op=mul seconds=535.127 eta_seconds=83.4354 bootstraps=408
node=6770/7814 op=mul seconds=535.597 eta_seconds=82.5943 bootstraps=408
node=6780/7814 op=cheb seconds=536.816 eta_seconds=81.8684 bootstraps=410
node=6790/7814 op=add seconds=538.661 eta_seconds=81.2354 bootstraps=412
node=6800/7814 op=linear_ref seconds=540.201 eta_seconds=80.5535 bootstraps=414
node=6810/7814 op=cheb seconds=540.311 eta_seconds=79.6582 bootstraps=414
node=6820/7814 op=cheb seconds=542.147 eta_seconds=79.0167 bootstraps=416
node=6830/7814 op=cheb seconds=542.702 eta_seconds=78.1872 bootstraps=416
node=6840/7814 op=repeat seconds=543.103 eta_seconds=77.3366 bootstraps=416
node=6850/7814 op=mul seconds=543.349 eta_seconds=76.4654 bootstraps=416
node=6860/7814 op=add seconds=543.722 eta_seconds=75.6138 bootstraps=416
node=6870/7814 op=mul seconds=543.907 eta_seconds=74.7378 bootstraps=416
node=6880/7814 op=scatter seconds=545.471 eta_seconds=74.0509 bootstraps=418
node=6890/7814 op=repeat seconds=546.03 eta_seconds=73.2267 bootstraps=418
node=6900/7814 op=sum seconds=546.385 eta_seconds=72.3762 bootstraps=418
node=6910/7814 op=add seconds=546.723 eta_seconds=71.5249 bootstraps=418
node=6920/7814 op=mul seconds=547.262 eta_seconds=70.7012 bootstraps=418
node=6930/7814 op=gather seconds=548.804 eta_seconds=70.0061 bootstraps=420
node=6940/7814 op=addp seconds=550.247 eta_seconds=69.2962 bootstraps=422
node=6950/7814 op=gather seconds=551.79 eta_seconds=68.5966 bootstraps=424
node=6960/7814 op=mul seconds=551.895 eta_seconds=67.7181 bootstraps=424
node=6970/7814 op=repeat seconds=554.088 eta_seconds=67.0947 bootstraps=426
node=6980/7814 op=mulp seconds=554.547 eta_seconds=66.2597 bootstraps=426
node=6990/7814 op=gather seconds=554.922 eta_seconds=65.4156 bootstraps=426
node=7000/7814 op=mul seconds=555.492 eta_seconds=64.5958 bootstraps=426
node=7010/7814 op=scatter seconds=556.976 eta_seconds=63.8814 bootstraps=428
node=7020/7814 op=add seconds=557.089 eta_seconds=63.0098 bootstraps=428
node=7030/7814 op=mul seconds=557.364 eta_seconds=62.1583 bootstraps=428
node=7040/7814 op=mul seconds=557.67 eta_seconds=61.312 bootstraps=428
node=7050/7814 op=mul seconds=557.888 eta_seconds=60.4576 bootstraps=428
node=7060/7814 op=mul seconds=558.184 eta_seconds=59.6135 bootstraps=428
node=7070/7814 op=cheb seconds=559.607 eta_seconds=58.8894 bootstraps=430
node=7080/7814 op=add seconds=561.434 eta_seconds=58.2052 bootstraps=432
node=7090/7814 op=linear_ref seconds=562.956 eta_seconds=57.4866 bootstraps=434
node=7100/7814 op=cheb seconds=563.073 eta_seconds=56.6245 bootstraps=434
node=7110/7814 op=addp seconds=563.274 eta_seconds=55.7728 bootstraps=434
node=7120/7814 op=mul seconds=565.579 eta_seconds=55.1281 bootstraps=436
node=7130/7814 op=repeat seconds=565.97 eta_seconds=54.295 bootstraps=436
node=7140/7814 op=mul seconds=566.188 eta_seconds=53.4468 bootstraps=436
node=7150/7814 op=mul seconds=566.493 eta_seconds=52.6086 bootstraps=436
node=7160/7814 op=mul seconds=566.64 eta_seconds=51.7573 bootstraps=436
node=7170/7814 op=add seconds=568.302 eta_seconds=51.0441 bootstraps=438
node=7180/7814 op=repeat seconds=568.624 eta_seconds=50.21 bootstraps=438
node=7190/7814 op=sum seconds=568.98 eta_seconds=49.3802 bootstraps=438
node=7200/7814 op=add seconds=569.316 eta_seconds=48.55 bootstraps=438
node=7210/7814 op=mul seconds=569.829 eta_seconds=47.736 bootstraps=438
node=7220/7814 op=gather seconds=571.347 eta_seconds=47.0055 bootstraps=440
node=7230/7814 op=addp seconds=572.697 eta_seconds=46.2594 bootstraps=442
node=7240/7814 op=gather seconds=574.216 eta_seconds=45.5249 bootstraps=444
node=7250/7814 op=sum seconds=574.48 eta_seconds=44.6905 bootstraps=444
node=7260/7814 op=cheb seconds=576.527 eta_seconds=43.9939 bootstraps=446
node=7270/7814 op=mul seconds=577.08 eta_seconds=43.1818 bootstraps=446
node=7280/7814 op=gather seconds=577.32 eta_seconds=42.3474 bootstraps=446
node=7290/7814 op=scatter seconds=577.541 eta_seconds=41.5132 bootstraps=446
node=7300/7814 op=gather seconds=577.79 eta_seconds=40.6827 bootstraps=446
node=7310/7814 op=add seconds=579.528 eta_seconds=39.9565 bootstraps=448
node=7320/7814 op=mul seconds=579.814 eta_seconds=39.1295 bootstraps=448
node=7330/7814 op=mul seconds=580.208 eta_seconds=38.3112 bootstraps=448
node=7340/7814 op=mul seconds=580.599 eta_seconds=37.4938 bootstraps=448
node=7350/7814 op=mul seconds=581.087 eta_seconds=36.6836 bootstraps=448
node=7360/7814 op=cheb seconds=582.323 eta_seconds=35.9204 bootstraps=450
node=7370/7814 op=add seconds=584.259 eta_seconds=35.1982 bootstraps=452
node=7380/7814 op=linear_ref seconds=585.802 eta_seconds=34.4496 bootstraps=454
node=7390/7814 op=mul seconds=585.876 eta_seconds=33.6146 bootstraps=454
node=7400/7814 op=cheb seconds=588.866 eta_seconds=32.9447 bootstraps=456
node=7410/7814 op=cheb seconds=589.486 eta_seconds=32.1393 bootstraps=456
node=7420/7814 op=addp seconds=589.965 eta_seconds=31.327 bootstraps=456
node=7430/7814 op=scatter seconds=590.681 eta_seconds=30.5278 bootstraps=456
node=7440/7814 op=add seconds=592.131 eta_seconds=29.7657 bootstraps=458
node=7450/7814 op=mul seconds=592.481 eta_seconds=28.9481 bootstraps=458
node=7460/7814 op=add seconds=592.748 eta_seconds=28.1277 bootstraps=458
node=7470/7814 op=repeat seconds=593.055 eta_seconds=27.3107 bootstraps=458
node=7480/7814 op=sum seconds=593.395 eta_seconds=26.4965 bootstraps=458
node=7490/7814 op=add seconds=593.756 eta_seconds=25.6845 bootstraps=458
node=7500/7814 op=mul seconds=595.066 eta_seconds=24.9134 bootstraps=460
node=7510/7814 op=gather seconds=595.664 eta_seconds=24.1121 bootstraps=460
node=7520/7814 op=addp seconds=597.105 eta_seconds=23.3443 bootstraps=462
node=7530/7814 op=gather seconds=598.649 eta_seconds=22.5785 bootstraps=464
node=7540/7814 op=mul seconds=598.754 eta_seconds=21.7584 bootstraps=464
node=7550/7814 op=repeat seconds=600.957 eta_seconds=21.0136 bootstraps=466
node=7560/7814 op=mulp seconds=601.42 eta_seconds=20.2064 bootstraps=466
node=7570/7814 op=gather seconds=601.796 eta_seconds=19.3974 bootstraps=466
node=7580/7814 op=mul seconds=602.367 eta_seconds=18.5955 bootstraps=466
node=7590/7814 op=scatter seconds=603.85 eta_seconds=17.8211 bootstraps=468
node=7600/7814 op=add seconds=603.962 eta_seconds=17.0063 bootstraps=468
node=7610/7814 op=mul seconds=604.238 eta_seconds=16.1977 bootstraps=468
node=7620/7814 op=mul seconds=604.544 eta_seconds=15.3913 bootstraps=468
node=7630/7814 op=mul seconds=604.762 eta_seconds=14.584 bootstraps=468
node=7640/7814 op=mul seconds=605.06 eta_seconds=13.7802 bootstraps=468
node=7650/7814 op=cheb seconds=606.513 eta_seconds=13.0024 bootstraps=470
node=7660/7814 op=add seconds=608.306 eta_seconds=12.2297 bootstraps=472
node=7670/7814 op=linear_ref seconds=609.847 eta_seconds=11.4495 bootstraps=474
node=7680/7814 op=cheb seconds=609.958 eta_seconds=10.6425 bootstraps=474
node=7690/7814 op=cheb seconds=611.79 eta_seconds=9.86501 bootstraps=476
node=7700/7814 op=cheb seconds=612.363 eta_seconds=9.06615 bootstraps=476
node=7710/7814 op=repeat seconds=612.755 eta_seconds=8.26544 bootstraps=476
node=7720/7814 op=mul seconds=613.003 eta_seconds=7.46403 bootstraps=476
node=7730/7814 op=add seconds=613.393 eta_seconds=6.66559 bootstraps=476
node=7740/7814 op=cheb seconds=613.711 eta_seconds=5.86752 bootstraps=476
node=7750/7814 op=add seconds=615.337 eta_seconds=5.08149 bootstraps=478
node=7760/7814 op=repeat seconds=615.573 eta_seconds=4.28363 bootstraps=478
node=7770/7814 op=sum seconds=615.813 eta_seconds=3.48723 bootstraps=478
node=7780/7814 op=add seconds=616.028 eta_seconds=2.69216 bootstraps=478
node=7790/7814 op=mul seconds=617.499 eta_seconds=1.90244 bootstraps=480
node=7800/7814 op=gather seconds=618.039 eta_seconds=1.1093 bootstraps=480
node=7810/7814 op=addp seconds=619.578 eta_seconds=0.317326 bootstraps=482
node=7814/7814 op=mulp seconds=620.595 eta_seconds=0 bootstraps=484
client_token=315 logit_margin=0.674904
passed=1 polynomial_error=7.23185e-07 exact_error=4.72217e-05 eval_seconds=620.672
