GPU 0: NVIDIA GB10
 SMs: 48, SharedMem: 100 KB, Blocks/SM: 24, Threads/SM: 1536, L2 size: 24 MB, Bus: 256-bit
Adding bootstrap precomputation to GPU for 32768 slots.
Plaintexts loaded: 248 ~ 6262MB
Rotation keys loaded: 85 ~ 15300MB
setup_seconds=26.5322
planned_logical_refreshes=15
node=1/402 op=public seconds=0.201988 eta_seconds=80.9972 bootstraps=0
node=11/402 op=mulp seconds=1.02541 eta_seconds=36.4485 bootstraps=0
node=21/402 op=addp seconds=3.8908 eta_seconds=70.5902 bootstraps=0
node=31/402 op=mulp seconds=5.18035 eta_seconds=61.9971 bootstraps=0
node=41/402 op=mul seconds=5.87783 eta_seconds=51.7535 bootstraps=0
node=51/402 op=repeat seconds=6.50107 eta_seconds=44.7426 bootstraps=0
node=61/402 op=mul seconds=7.29586 eta_seconds=40.785 bootstraps=0
node=71/402 op=gather seconds=8.76989 eta_seconds=40.885 bootstraps=0
node=81/402 op=scatter seconds=9.53491 eta_seconds=37.7865 bootstraps=0
node=91/402 op=mul seconds=10.1989 eta_seconds=34.8557 bootstraps=0
node=101/402 op=linear seconds=13.4144 eta_seconds=39.9776 bootstraps=2
node=111/402 op=mulp seconds=14.9271 eta_seconds=39.1331 bootstraps=4
node=121/402 op=sum seconds=18.0749 eta_seconds=41.9755 bootstraps=6
node=131/402 op=sum seconds=19.9216 eta_seconds=41.2119 bootstraps=8
node=141/402 op=gather seconds=23.1301 eta_seconds=42.8152 bootstraps=8
node=151/402 op=cheb seconds=25.1363 eta_seconds=41.7829 bootstraps=8
node=161/402 op=mul seconds=26.4624 eta_seconds=39.6114 bootstraps=8
node=171/402 op=mulp seconds=26.9581 eta_seconds=36.4171 bootstraps=8
node=181/402 op=gather seconds=29.2345 eta_seconds=35.6952 bootstraps=10
node=191/402 op=scatter seconds=30.0536 eta_seconds=33.2005 bootstraps=10
node=201/402 op=mulp seconds=31.6525 eta_seconds=31.6525 bootstraps=10
node=211/402 op=scatter seconds=32.9098 eta_seconds=29.7904 bootstraps=10
node=221/402 op=mul seconds=32.968 eta_seconds=27.0009 bootstraps=10
node=231/402 op=mul seconds=35.9345 eta_seconds=26.6008 bootstraps=12
node=241/402 op=addp seconds=37.0605 eta_seconds=24.7583 bootstraps=12
node=251/402 op=linear_ref seconds=41.9775 eta_seconds=25.2534 bootstraps=16
node=261/402 op=mulp seconds=43.5417 eta_seconds=23.5225 bootstraps=18
client_token=6864 logit_margin=5.7305
node=271/402 op=mulp seconds=44.3829 eta_seconds=21.4545 bootstraps=18
node=281/402 op=addp seconds=47.3246 eta_seconds=20.3782 bootstraps=18
node=291/402 op=mulp seconds=50.1021 eta_seconds=19.1111 bootstraps=18
node=301/402 op=mul seconds=50.7983 eta_seconds=17.0453 bootstraps=18
node=311/402 op=repeat seconds=51.4203 eta_seconds=15.0458 bootstraps=18
node=321/402 op=mul seconds=52.2271 eta_seconds=13.1788 bootstraps=18
node=331/402 op=gather seconds=53.7352 eta_seconds=11.5263 bootstraps=18
node=341/402 op=scatter seconds=54.512 eta_seconds=9.75141 bootstraps=18
node=351/402 op=mul seconds=55.219 eta_seconds=8.02327 bootstraps=18
node=361/402 op=add seconds=57.3735 eta_seconds=6.5161 bootstraps=20
node=371/402 op=repeat seconds=58.95 eta_seconds=4.92574 bootstraps=20
node=381/402 op=mulp seconds=61.1212 eta_seconds=3.36889 bootstraps=22
node=391/402 op=mul seconds=63.7741 eta_seconds=1.79416 bootstraps=24
node=401/402 op=mul seconds=66.1157 eta_seconds=0.164877 bootstraps=26
node=402/402 op=mulp seconds=66.1222 eta_seconds=0 bootstraps=26
client_token=6864 logit_margin=5.21149
passed=1 polynomial_error=1.32275e-05 exact_error=2.15033e-05 eval_seconds=66.1234
