GPU 0: NVIDIA GB10
 SMs: 48, SharedMem: 100 KB, Blocks/SM: 24, Threads/SM: 1536, L2 size: 24 MB, Bus: 256-bit
Adding bootstrap precomputation to GPU for 32768 slots.
Plaintexts loaded: 248 ~ 4960MB
Rotation keys loaded: 85 ~ 15300MB
setup_seconds=26.2443
planned_logical_refreshes=1212
node=10/7814 op=public seconds=1.40706 eta_seconds=1098.07 bootstraps=0
node=20/7814 op=repeat seconds=2.32439 eta_seconds=905.814 bootstraps=0
node=30/7814 op=gather seconds=3.36385 eta_seconds=872.806 bootstraps=0
node=40/7814 op=cheb seconds=4.29556 eta_seconds=834.842 bootstraps=0
node=50/7814 op=mul seconds=4.69647 eta_seconds=729.268 bootstraps=0
node=60/7814 op=repeat seconds=5.05063 eta_seconds=652.71 bootstraps=0
node=70/7814 op=add seconds=5.29004 eta_seconds=585.229 bootstraps=0
node=80/7814 op=mulp seconds=5.80589 eta_seconds=561.285 bootstraps=0
node=90/7814 op=mul seconds=6.10471 eta_seconds=523.919 bootstraps=0
node=100/7814 op=repeat seconds=6.8429 eta_seconds=527.861 bootstraps=0
node=110/7814 op=gather seconds=7.84997 eta_seconds=549.784 bootstraps=0
node=120/7814 op=repeat seconds=9.9028 eta_seconds=634.935 bootstraps=0
node=130/7814 op=cheb seconds=10.4101 eta_seconds=615.316 bootstraps=0
node=140/7814 op=mul seconds=10.7429 eta_seconds=588.864 bootstraps=0
node=150/7814 op=mulp seconds=11.0279 eta_seconds=563.45 bootstraps=0
node=160/7814 op=gather seconds=11.4332 eta_seconds=546.934 bootstraps=0
node=170/7814 op=scatter seconds=11.6738 eta_seconds=524.909 bootstraps=0
node=180/7814 op=add seconds=11.8626 eta_seconds=503.106 bootstraps=0
node=190/7814 op=repeat seconds=13.3369 eta_seconds=535.161 bootstraps=2
node=200/7814 op=mul seconds=13.5939 eta_seconds=517.519 bootstraps=2
node=210/7814 op=mul seconds=13.8125 eta_seconds=500.143 bootstraps=2
node=220/7814 op=mul seconds=15.3596 eta_seconds=530.186 bootstraps=4
node=230/7814 op=mulp seconds=16.2248 eta_seconds=534.996 bootstraps=4
node=240/7814 op=mul seconds=17.7683 eta_seconds=560.737 bootstraps=6
node=250/7814 op=linear_ref seconds=18.6687 eta_seconds=564.841 bootstraps=6
node=260/7814 op=mulp seconds=19.7776 eta_seconds=574.617 bootstraps=8
node=270/7814 op=mul seconds=20.2008 eta_seconds=564.424 bootstraps=8
node=280/7814 op=repeat seconds=20.4841 eta_seconds=551.168 bootstraps=8
node=290/7814 op=gather seconds=20.9001 eta_seconds=542.248 bootstraps=8
node=300/7814 op=addp seconds=20.9462 eta_seconds=524.633 bootstraps=8
node=310/7814 op=cheb seconds=23.0456 eta_seconds=557.853 bootstraps=10
node=320/7814 op=repeat seconds=23.4812 eta_seconds=549.9 bootstraps=10
node=330/7814 op=mul seconds=23.7114 eta_seconds=537.746 bootstraps=10
node=340/7814 op=add seconds=24.0667 eta_seconds=529.043 bootstraps=10
node=350/7814 op=mulp seconds=25.0132 eta_seconds=533.424 bootstraps=10
node=360/7814 op=add seconds=26.8086 eta_seconds=555.087 bootstraps=12
node=370/7814 op=linear seconds=27.444 eta_seconds=552.143 bootstraps=12
node=380/7814 op=cheb seconds=27.7184 eta_seconds=542.259 bootstraps=12
node=390/7814 op=mul seconds=28.2107 eta_seconds=537.016 bootstraps=12
node=400/7814 op=gather seconds=28.5195 eta_seconds=528.61 bootstraps=12
node=410/7814 op=scatter seconds=28.7688 eta_seconds=519.522 bootstraps=12
node=420/7814 op=gather seconds=29.0694 eta_seconds=511.759 bootstraps=12
node=430/7814 op=gather seconds=31.0375 eta_seconds=532.978 bootstraps=14
node=440/7814 op=add seconds=31.6354 eta_seconds=530.18 bootstraps=14
node=450/7814 op=mul seconds=31.9337 eta_seconds=522.578 bootstraps=14
node=460/7814 op=scatter seconds=32.4501 eta_seconds=518.779 bootstraps=14
node=470/7814 op=addp seconds=33.9448 eta_seconds=530.405 bootstraps=16
node=480/7814 op=cheb seconds=35.6404 eta_seconds=544.556 bootstraps=18
node=490/7814 op=gather seconds=36.2222 eta_seconds=541.412 bootstraps=18
node=500/7814 op=mulp seconds=36.3176 eta_seconds=531.253 bootstraps=18
node=510/7814 op=mulp seconds=36.8928 eta_seconds=528.363 bootstraps=18
node=520/7814 op=cheb seconds=38.7849 eta_seconds=544.033 bootstraps=20
node=530/7814 op=addp seconds=39.1236 eta_seconds=537.691 bootstraps=20
node=540/7814 op=mul seconds=39.3646 eta_seconds=530.256 bootstraps=20
node=550/7814 op=mul seconds=39.7324 eta_seconds=524.757 bootstraps=20
node=560/7814 op=mulp seconds=40.2071 eta_seconds=520.826 bootstraps=20
node=570/7814 op=addp seconds=40.7549 eta_seconds=517.945 bootstraps=20
node=580/7814 op=mulp seconds=40.841 eta_seconds=509.386 bootstraps=20
node=590/7814 op=add seconds=42.8482 eta_seconds=524.636 bootstraps=22
node=600/7814 op=mul seconds=43.4131 eta_seconds=521.97 bootstraps=22
node=610/7814 op=repeat seconds=44.7607 eta_seconds=528.617 bootstraps=22
node=620/7814 op=cheb seconds=45.154 eta_seconds=523.932 bootstraps=22
node=630/7814 op=mul seconds=45.443 eta_seconds=518.194 bootstraps=22
node=640/7814 op=gather seconds=45.8103 eta_seconds=513.505 bootstraps=22
node=650/7814 op=mulp seconds=45.9807 eta_seconds=506.778 bootstraps=22
node=660/7814 op=gather seconds=48.0329 eta_seconds=520.648 bootstraps=24
node=670/7814 op=add seconds=48.6437 eta_seconds=518.672 bootstraps=24
node=680/7814 op=mul seconds=49.005 eta_seconds=514.12 bootstraps=24
node=690/7814 op=add seconds=49.5285 eta_seconds=511.364 bootstraps=24
node=700/7814 op=sum seconds=50.9762 eta_seconds=518.064 bootstraps=26
node=710/7814 op=gather seconds=51.632 eta_seconds=516.611 bootstraps=26
node=720/7814 op=gather seconds=53.0785 eta_seconds=522.971 bootstraps=28
node=730/7814 op=sum seconds=53.1391 eta_seconds=515.668 bootstraps=28
node=740/7814 op=sum seconds=53.6691 eta_seconds=513.048 bootstraps=28
node=750/7814 op=add seconds=55.441 eta_seconds=522.18 bootstraps=30
node=760/7814 op=mulp seconds=55.8084 eta_seconds=517.99 bootstraps=30
node=770/7814 op=add seconds=56.0734 eta_seconds=512.962 bootstraps=30
node=780/7814 op=mulp seconds=56.4569 eta_seconds=509.126 bootstraps=30
node=790/7814 op=repeat seconds=56.9385 eta_seconds=506.248 bootstraps=30
node=800/7814 op=gather seconds=57.3563 eta_seconds=502.871 bootstraps=30
node=810/7814 op=addp seconds=57.4076 eta_seconds=496.398 bootstraps=30
node=820/7814 op=scatter seconds=59.4187 eta_seconds=506.798 bootstraps=32
node=830/7814 op=cheb seconds=60.2448 eta_seconds=506.928 bootstraps=32
node=840/7814 op=cheb seconds=60.7655 eta_seconds=504.498 bootstraps=32
node=850/7814 op=repeat seconds=61.0921 eta_seconds=500.524 bootstraps=32
node=860/7814 op=mul seconds=61.3392 eta_seconds=495.991 bootstraps=32
node=870/7814 op=add seconds=61.7249 eta_seconds=492.664 bootstraps=32
node=880/7814 op=mul seconds=61.9137 eta_seconds=487.852 bootstraps=32
node=890/7814 op=addp seconds=63.5292 eta_seconds=494.243 bootstraps=34
node=900/7814 op=add seconds=64.1285 eta_seconds=492.649 bootstraps=34
node=910/7814 op=repeat seconds=64.49 eta_seconds=489.274 bootstraps=34
node=920/7814 op=gather seconds=65.8849 eta_seconds=493.707 bootstraps=36
node=930/7814 op=linear seconds=67.7585 eta_seconds=501.558 bootstraps=38
node=940/7814 op=mulp seconds=67.9775 eta_seconds=497.103 bootstraps=38
node=950/7814 op=gather seconds=69.7811 eta_seconds=504.187 bootstraps=40
node=960/7814 op=addp seconds=69.8372 eta_seconds=498.608 bootstraps=40
node=970/7814 op=mul seconds=70.3512 eta_seconds=496.375 bootstraps=40
node=980/7814 op=mul seconds=72.2639 eta_seconds=503.93 bootstraps=42
node=990/7814 op=repeat seconds=72.7301 eta_seconds=501.324 bootstraps=42
node=1000/7814 op=mul seconds=72.9828 eta_seconds=497.305 bootstraps=42
node=1010/7814 op=cheb seconds=73.623 eta_seconds=495.971 bootstraps=42
node=1020/7814 op=gather seconds=74.2063 eta_seconds=494.272 bootstraps=42
node=1030/7814 op=sum seconds=74.2672 eta_seconds=489.154 bootstraps=42
node=1040/7814 op=scatter seconds=75.8013 eta_seconds=493.729 bootstraps=44
node=1050/7814 op=scatter seconds=76.0878 eta_seconds=490.15 bootstraps=44
node=1060/7814 op=mul seconds=76.4329 eta_seconds=487.007 bootstraps=44
node=1070/7814 op=cheb seconds=78.9832 eta_seconds=497.816 bootstraps=46
node=1080/7814 op=cheb seconds=79.8805 eta_seconds=498.069 bootstraps=46
node=1090/7814 op=repeat seconds=80.4806 eta_seconds=496.47 bootstraps=46
node=1100/7814 op=addp seconds=80.6949 eta_seconds=492.532 bootstraps=46
node=1110/7814 op=mul seconds=81.2418 eta_seconds=490.671 bootstraps=46
node=1120/7814 op=cheb seconds=82.8435 eta_seconds=495.138 bootstraps=48
node=1130/7814 op=mulp seconds=83.233 eta_seconds=492.327 bootstraps=48
node=1140/7814 op=mulp seconds=83.5726 eta_seconds=489.266 bootstraps=48
node=1150/7814 op=sum seconds=83.9795 eta_seconds=486.643 bootstraps=48
node=1160/7814 op=add seconds=84.3619 eta_seconds=483.917 bootstraps=48
node=1170/7814 op=mulp seconds=85.726 eta_seconds=486.806 bootstraps=50
node=1180/7814 op=cheb seconds=86.3023 eta_seconds=485.195 bootstraps=50
node=1190/7814 op=mulp seconds=86.3529 eta_seconds=480.674 bootstraps=50
node=1200/7814 op=cheb seconds=88.5966 eta_seconds=488.315 bootstraps=52
node=1210/7814 op=mul seconds=89.0584 eta_seconds=486.068 bootstraps=52
node=1220/7814 op=gather seconds=89.3781 eta_seconds=483.081 bootstraps=52
node=1230/7814 op=scatter seconds=89.6433 eta_seconds=479.847 bootstraps=52
node=1240/7814 op=gather seconds=89.9422 eta_seconds=476.839 bootstraps=52
node=1250/7814 op=sum seconds=90.714 eta_seconds=476.358 bootstraps=52
node=1260/7814 op=add seconds=92.2689 eta_seconds=479.945 bootstraps=54
node=1270/7814 op=linear seconds=92.903 eta_seconds=478.706 bootstraps=54
node=1280/7814 op=mulp seconds=93.1136 eta_seconds=475.316 bootstraps=54
node=1290/7814 op=addp seconds=93.6615 eta_seconds=473.68 bootstraps=54
node=1300/7814 op=mulp seconds=93.7466 eta_seconds=469.743 bootstraps=54
node=1310/7814 op=cheb seconds=96.2183 eta_seconds=477.713 bootstraps=56
node=1320/7814 op=cheb seconds=96.9024 eta_seconds=476.73 bootstraps=56
node=1330/7814 op=repeat seconds=97.1398 eta_seconds=473.575 bootstraps=56
node=1340/7814 op=add seconds=97.3605 eta_seconds=470.382 bootstraps=56
node=1350/7814 op=mul seconds=97.7304 eta_seconds=467.948 bootstraps=56
node=1360/7814 op=add seconds=97.908 eta_seconds=464.631 bootstraps=56
node=1370/7814 op=addp seconds=99.6439 eta_seconds=468.69 bootstraps=58
node=1380/7814 op=add seconds=100.24 eta_seconds=467.351 bootstraps=58
node=1390/7814 op=repeat seconds=100.791 eta_seconds=465.813 bootstraps=58
node=1400/7814 op=addp seconds=101.097 eta_seconds=463.17 bootstraps=58
node=1410/7814 op=gather seconds=102.694 eta_seconds=466.419 bootstraps=60
node=1420/7814 op=sum seconds=102.803 eta_seconds=462.903 bootstraps=60
node=1430/7814 op=gather seconds=103.477 eta_seconds=461.957 bootstraps=60
node=1440/7814 op=cheb seconds=105.56 eta_seconds=467.248 bootstraps=62
node=1450/7814 op=repeat seconds=105.75 eta_seconds=464.133 bootstraps=62
node=1460/7814 op=mul seconds=106.511 eta_seconds=463.541 bootstraps=62
node=1470/7814 op=addp seconds=107.225 eta_seconds=462.747 bootstraps=62
node=1480/7814 op=add seconds=108.523 eta_seconds=464.447 bootstraps=64
node=1490/7814 op=scatter seconds=108.725 eta_seconds=461.463 bootstraps=64
node=1500/7814 op=add seconds=109.101 eta_seconds=459.242 bootstraps=64
node=1510/7814 op=gather seconds=109.796 eta_seconds=458.38 bootstraps=64
node=1520/7814 op=addp seconds=109.91 eta_seconds=455.112 bootstraps=64
node=1530/7814 op=sum seconds=111.72 eta_seconds=458.855 bootstraps=66
node=1540/7814 op=cheb seconds=112.735 eta_seconds=459.286 bootstraps=66
node=1550/7814 op=cheb seconds=113.365 eta_seconds=458.142 bootstraps=66
node=1560/7814 op=repeat seconds=113.688 eta_seconds=455.773 bootstraps=66
node=1570/7814 op=gather seconds=114.397 eta_seconds=454.966 bootstraps=66
node=1580/7814 op=add seconds=116.338 eta_seconds=459.02 bootstraps=68
node=1590/7814 op=mul seconds=116.385 eta_seconds=455.584 bootstraps=68
node=1600/7814 op=mulp seconds=116.728 eta_seconds=453.344 bootstraps=68
node=1610/7814 op=mul seconds=116.994 eta_seconds=450.826 bootstraps=68
node=1620/7814 op=sum seconds=117.298 eta_seconds=448.482 bootstraps=68
node=1630/7814 op=linear seconds=118.873 eta_seconds=450.988 bootstraps=70
node=1640/7814 op=cheb seconds=119.04 eta_seconds=448.143 bootstraps=70
node=1650/7814 op=mulp seconds=119.18 eta_seconds=445.227 bootstraps=70
node=1660/7814 op=repeat seconds=119.885 eta_seconds=444.44 bootstraps=70
node=1670/7814 op=add seconds=121.64 eta_seconds=447.519 bootstraps=72
node=1680/7814 op=mulp seconds=122.016 eta_seconds=445.505 bootstraps=72
node=1690/7814 op=add seconds=122.226 eta_seconds=442.907 bootstraps=72
node=1700/7814 op=mulp seconds=122.527 eta_seconds=440.666 bootstraps=72
node=1710/7814 op=linear_ref seconds=123.214 eta_seconds=439.824 bootstraps=72
node=1720/7814 op=scatter seconds=124.598 eta_seconds=441.452 bootstraps=74
node=1730/7814 op=repeat seconds=125.15 eta_seconds=440.125 bootstraps=74
node=1740/7814 op=addp seconds=125.455 eta_seconds=437.938 bootstraps=74
node=1750/7814 op=gather seconds=126.13 eta_seconds=437.059 bootstraps=74
node=1760/7814 op=mulp seconds=126.381 eta_seconds=434.722 bootstraps=74
node=1770/7814 op=cheb seconds=127.871 eta_seconds=436.638 bootstraps=76
node=1780/7814 op=cheb seconds=129.571 eta_seconds=439.232 bootstraps=76
node=1790/7814 op=mulp seconds=129.82 eta_seconds=436.892 bootstraps=76
node=1800/7814 op=gather seconds=130.182 eta_seconds=434.952 bootstraps=76
node=1810/7814 op=gather seconds=130.403 eta_seconds=432.564 bootstraps=76
node=1820/7814 op=scatter seconds=130.62 eta_seconds=430.184 bootstraps=76
node=1830/7814 op=mulp seconds=132.246 eta_seconds=432.438 bootstraps=78
node=1840/7814 op=scatter seconds=132.886 eta_seconds=431.445 bootstraps=78
node=1850/7814 op=add seconds=133.197 eta_seconds=429.398 bootstraps=78
node=1860/7814 op=mul seconds=133.704 eta_seconds=427.998 bootstraps=78
node=1870/7814 op=gather seconds=135.269 eta_seconds=429.969 bootstraps=80
node=1880/7814 op=cheb seconds=135.517 eta_seconds=427.743 bootstraps=80
node=1890/7814 op=mulp seconds=135.586 eta_seconds=424.979 bootstraps=80
node=1900/7814 op=mulp seconds=137.523 eta_seconds=428.058 bootstraps=82
node=1910/7814 op=mul seconds=137.957 eta_seconds=426.439 bootstraps=82
node=1920/7814 op=mulp seconds=138.168 eta_seconds=424.146 bootstraps=82
node=1930/7814 op=mul seconds=138.471 eta_seconds=422.158 bootstraps=82
node=1940/7814 op=cheb seconds=139.002 eta_seconds=420.875 bootstraps=82
node=1950/7814 op=scatter seconds=140.593 eta_seconds=422.787 bootstraps=84
node=1960/7814 op=sum seconds=141.097 eta_seconds=421.419 bootstraps=84
node=1970/7814 op=sum seconds=141.54 eta_seconds=419.877 bootstraps=84
node=1980/7814 op=gather seconds=142.204 eta_seconds=418.999 bootstraps=84
node=1990/7814 op=repeat seconds=142.462 eta_seconds=416.933 bootstraps=84
node=2000/7814 op=addp seconds=142.522 eta_seconds=414.311 bootstraps=84
node=2010/7814 op=mul seconds=145.285 eta_seconds=419.518 bootstraps=86
node=2020/7814 op=mulp seconds=145.789 eta_seconds=418.169 bootstraps=86
node=2030/7814 op=gather seconds=146.105 eta_seconds=416.291 bootstraps=86
node=2040/7814 op=gather seconds=146.328 eta_seconds=414.165 bootstraps=86
node=2050/7814 op=scatter seconds=146.543 eta_seconds=412.036 bootstraps=86
node=2060/7814 op=sum seconds=148.371 eta_seconds=414.43 bootstraps=88
node=2070/7814 op=scatter seconds=148.987 eta_seconds=413.42 bootstraps=88
node=2080/7814 op=repeat seconds=149.356 eta_seconds=411.733 bootstraps=88
node=2090/7814 op=linear_ref seconds=149.864 eta_seconds=410.442 bootstraps=88
node=2100/7814 op=mulp seconds=150.977 eta_seconds=410.801 bootstraps=90
node=2110/7814 op=mul seconds=151.52 eta_seconds=409.606 bootstraps=90
node=2120/7814 op=repeat seconds=151.701 eta_seconds=407.445 bootstraps=90
node=2130/7814 op=repeat seconds=154.114 eta_seconds=411.261 bootstraps=92
node=2140/7814 op=cheb seconds=154.635 eta_seconds=409.999 bootstraps=92
node=2150/7814 op=gather seconds=154.987 eta_seconds=408.301 bootstraps=92
node=2160/7814 op=linear_ref seconds=156.081 eta_seconds=408.557 bootstraps=92
node=2170/7814 op=add seconds=157.203 eta_seconds=408.874 bootstraps=94
node=2180/7814 op=mul seconds=157.585 eta_seconds=407.264 bootstraps=94
node=2190/7814 op=add seconds=157.85 eta_seconds=405.365 bootstraps=94
node=2200/7814 op=mul seconds=158.411 eta_seconds=404.236 bootstraps=94
node=2210/7814 op=gather seconds=159.102 eta_seconds=403.442 bootstraps=94
node=2220/7814 op=sum seconds=159.19 eta_seconds=401.131 bootstraps=94
node=2230/7814 op=mul seconds=160.655 eta_seconds=402.286 bootstraps=96
node=2240/7814 op=repeat seconds=163.157 eta_seconds=405.998 bootstraps=96
node=2250/7814 op=mulp seconds=163.617 eta_seconds=404.607 bootstraps=96
node=2260/7814 op=gather seconds=164.084 eta_seconds=403.241 bootstraps=96
node=2270/7814 op=mul seconds=164.581 eta_seconds=401.955 bootstraps=96
node=2280/7814 op=addp seconds=166.591 eta_seconds=404.349 bootstraps=98
node=2290/7814 op=scatter seconds=166.934 eta_seconds=402.684 bootstraps=98
node=2300/7814 op=add seconds=167.045 eta_seconds=400.473 bootstraps=98
node=2310/7814 op=sum seconds=167.453 eta_seconds=398.989 bootstraps=98
node=2320/7814 op=add seconds=167.835 eta_seconds=397.451 bootstraps=98
node=2330/7814 op=mulp seconds=169.209 eta_seconds=398.259 bootstraps=100
node=2340/7814 op=cheb seconds=169.791 eta_seconds=397.194 bootstraps=100
node=2350/7814 op=mulp seconds=169.84 eta_seconds=394.897 bootstraps=100
node=2360/7814 op=cheb seconds=172.167 eta_seconds=397.88 bootstraps=102
node=2370/7814 op=mul seconds=172.624 eta_seconds=396.525 bootstraps=102
node=2380/7814 op=gather seconds=172.902 eta_seconds=394.768 bootstraps=102
node=2390/7814 op=cheb seconds=173.87 eta_seconds=394.591 bootstraps=102
node=2400/7814 op=mul seconds=175.3 eta_seconds=395.448 bootstraps=104
node=2410/7814 op=add seconds=175.638 eta_seconds=393.836 bootstraps=104
node=2420/7814 op=add seconds=175.843 eta_seconds=391.942 bootstraps=104
node=2430/7814 op=cheb seconds=176.254 eta_seconds=390.515 bootstraps=104
node=2440/7814 op=gather seconds=176.838 eta_seconds=389.478 bootstraps=104
node=2450/7814 op=sum seconds=176.946 eta_seconds=387.404 bootstraps=104
node=2460/7814 op=addp seconds=178.744 eta_seconds=389.023 bootstraps=106
node=2470/7814 op=cheb seconds=179.79 eta_seconds=388.986 bootstraps=106
node=2480/7814 op=cheb seconds=180.57 eta_seconds=388.371 bootstraps=106
node=2490/7814 op=repeat seconds=180.763 eta_seconds=386.498 bootstraps=106
node=2500/7814 op=mulp seconds=181.516 eta_seconds=385.831 bootstraps=106
node=2510/7814 op=scatter seconds=183.383 eta_seconds=387.515 bootstraps=108
node=2520/7814 op=add seconds=183.434 eta_seconds=385.357 bootstraps=108
node=2530/7814 op=mul seconds=183.775 eta_seconds=383.821 bootstraps=108
node=2540/7814 op=add seconds=184.037 eta_seconds=382.131 bootstraps=108
node=2550/7814 op=repeat seconds=184.4 eta_seconds=380.659 bootstraps=108
node=2560/7814 op=gather seconds=185.94 eta_seconds=381.612 bootstraps=110
node=2570/7814 op=mulp seconds=186.051 eta_seconds=379.631 bootstraps=110
node=2580/7814 op=scatter seconds=186.565 eta_seconds=378.481 bootstraps=110
node=2590/7814 op=gather seconds=187.097 eta_seconds=377.372 bootstraps=110
node=2600/7814 op=cheb seconds=189.109 eta_seconds=379.237 bootstraps=112
node=2610/7814 op=repeat seconds=189.304 eta_seconds=377.447 bootstraps=112
node=2620/7814 op=add seconds=189.522 eta_seconds=375.716 bootstraps=112
node=2630/7814 op=mul seconds=189.906 eta_seconds=374.324 bootstraps=112
node=2640/7814 op=mul seconds=190.754 eta_seconds=373.849 bootstraps=112
node=2650/7814 op=scatter seconds=192.198 eta_seconds=374.532 bootstraps=114
node=2660/7814 op=add seconds=192.579 eta_seconds=373.14 bootstraps=114
node=2670/7814 op=gather seconds=193.266 eta_seconds=372.346 bootstraps=114
node=2680/7814 op=addp seconds=193.378 eta_seconds=370.449 bootstraps=114
node=2690/7814 op=sum seconds=195.188 eta_seconds=371.8 bootstraps=116
node=2700/7814 op=cheb seconds=196.203 eta_seconds=371.623 bootstraps=116
node=2710/7814 op=cheb seconds=196.772 eta_seconds=370.6 bootstraps=116
node=2720/7814 op=repeat seconds=197.097 eta_seconds=369.122 bootstraps=116
node=2730/7814 op=mul seconds=197.343 eta_seconds=367.506 bootstraps=116
node=2740/7814 op=add seconds=197.726 eta_seconds=366.155 bootstraps=116
node=2750/7814 op=cheb seconds=198.042 eta_seconds=364.686 bootstraps=116
node=2760/7814 op=scatter seconds=199.92 eta_seconds=366.086 bootstraps=118
node=2770/7814 op=mul seconds=200.401 eta_seconds=364.919 bootstraps=118
node=2780/7814 op=sum seconds=200.706 eta_seconds=363.436 bootstraps=118
node=2790/7814 op=linear_ref seconds=202.312 eta_seconds=364.307 bootstraps=120
node=2800/7814 op=mulp seconds=202.5 eta_seconds=362.619 bootstraps=120
node=2810/7814 op=sum seconds=204.366 eta_seconds=363.932 bootstraps=122
client_token=315 logit_margin=1.89749
node=2820/7814 op=sum seconds=205.722 eta_seconds=364.317 bootstraps=124
node=2830/7814 op=gather seconds=206.995 eta_seconds=364.545 bootstraps=124
node=2840/7814 op=cheb seconds=208.445 eta_seconds=365.073 bootstraps=124
node=2850/7814 op=mul seconds=209.307 eta_seconds=364.562 bootstraps=124
node=2860/7814 op=mulp seconds=209.66 eta_seconds=363.167 bootstraps=124
node=2870/7814 op=gather seconds=210.088 eta_seconds=361.908 bootstraps=124
node=2880/7814 op=scatter seconds=210.328 eta_seconds=360.334 bootstraps=124
node=2890/7814 op=mul seconds=210.721 eta_seconds=359.028 bootstraps=124
node=2900/7814 op=mul seconds=211.025 eta_seconds=357.578 bootstraps=124
node=2910/7814 op=scatter seconds=212.284 eta_seconds=357.746 bootstraps=126
node=2920/7814 op=mul seconds=212.592 eta_seconds=356.309 bootstraps=126
node=2930/7814 op=mul seconds=212.805 eta_seconds=354.723 bootstraps=126
node=2940/7814 op=mul seconds=214.317 eta_seconds=355.299 bootstraps=128
node=2950/7814 op=scatter seconds=215.989 eta_seconds=356.126 bootstraps=130
node=2960/7814 op=gather seconds=217.461 eta_seconds=356.606 bootstraps=132
node=2970/7814 op=mulp seconds=217.52 eta_seconds=354.77 bootstraps=132
node=2980/7814 op=cheb seconds=219.445 eta_seconds=355.971 bootstraps=134
node=2990/7814 op=cheb seconds=220.167 eta_seconds=355.213 bootstraps=134
node=3000/7814 op=repeat seconds=220.399 eta_seconds=353.667 bootstraps=134
node=3010/7814 op=add seconds=220.604 eta_seconds=352.087 bootstraps=134
node=3020/7814 op=mul seconds=220.965 eta_seconds=350.764 bootstraps=134
node=3030/7814 op=scatter seconds=222.562 eta_seconds=351.398 bootstraps=136
node=3040/7814 op=mul seconds=222.922 eta_seconds=350.076 bootstraps=136
node=3050/7814 op=sum seconds=223.314 eta_seconds=348.809 bootstraps=136
node=3060/7814 op=add seconds=223.698 eta_seconds=347.536 bootstraps=136
node=3070/7814 op=repeat seconds=225.07 eta_seconds=347.796 bootstraps=138
node=3080/7814 op=mul seconds=226.851 eta_seconds=348.674 bootstraps=140
node=3090/7814 op=gather seconds=228.391 eta_seconds=349.165 bootstraps=142
node=3100/7814 op=mul seconds=228.503 eta_seconds=347.472 bootstraps=142
node=3110/7814 op=mul seconds=230.68 eta_seconds=348.913 bootstraps=144
node=3120/7814 op=cheb seconds=231.369 eta_seconds=348.092 bootstraps=144
node=3130/7814 op=repeat seconds=231.605 eta_seconds=346.594 bootstraps=144
node=3140/7814 op=add seconds=231.826 eta_seconds=345.081 bootstraps=144
node=3150/7814 op=mul seconds=232.203 eta_seconds=343.807 bootstraps=144
node=3160/7814 op=scatter seconds=233.773 eta_seconds=344.298 bootstraps=146
node=3170/7814 op=mul seconds=234.253 eta_seconds=343.177 bootstraps=146
node=3180/7814 op=mul seconds=234.532 eta_seconds=341.768 bootstraps=146
node=3190/7814 op=mul seconds=235.036 eta_seconds=340.691 bootstraps=146
node=3200/7814 op=cheb seconds=236.296 eta_seconds=340.709 bootstraps=148
node=3210/7814 op=add seconds=238.105 eta_seconds=341.507 bootstraps=150
node=3220/7814 op=linear_ref seconds=239.509 eta_seconds=341.709 bootstraps=152
node=3230/7814 op=mul seconds=239.56 eta_seconds=339.983 bootstraps=152
node=3240/7814 op=cheb seconds=241.45 eta_seconds=340.862 bootstraps=154
node=3250/7814 op=cheb seconds=241.976 eta_seconds=339.808 bootstraps=154
node=3260/7814 op=repeat seconds=242.302 eta_seconds=338.48 bootstraps=154
node=3270/7814 op=mul seconds=242.547 eta_seconds=337.044 bootstraps=154
node=3280/7814 op=add seconds=242.929 eta_seconds=335.805 bootstraps=154
node=3290/7814 op=mul seconds=243.115 eta_seconds=334.302 bootstraps=154
node=3300/7814 op=scatter seconds=244.691 eta_seconds=334.708 bootstraps=156
node=3310/7814 op=add seconds=245.073 eta_seconds=333.477 bootstraps=156
node=3320/7814 op=repeat seconds=245.372 eta_seconds=332.139 bootstraps=156
node=3330/7814 op=addp seconds=246.692 eta_seconds=332.183 bootstraps=158
node=3340/7814 op=linear_ref seconds=249.402 eta_seconds=334.079 bootstraps=162
node=3350/7814 op=mulp seconds=250.423 eta_seconds=333.699 bootstraps=164
node=3360/7814 op=addp seconds=250.847 eta_seconds=332.522 bootstraps=164
node=3370/7814 op=cheb seconds=252.268 eta_seconds=332.665 bootstraps=166
node=3380/7814 op=cheb seconds=253.69 eta_seconds=332.799 bootstraps=166
node=3390/7814 op=repeat seconds=254.12 eta_seconds=331.63 bootstraps=166
node=3400/7814 op=gather seconds=254.595 eta_seconds=330.524 bootstraps=166
node=3410/7814 op=cheb seconds=254.996 eta_seconds=329.326 bootstraps=166
node=3420/7814 op=scatter seconds=256.688 eta_seconds=329.792 bootstraps=168
node=3430/7814 op=scatter seconds=256.952 eta_seconds=328.42 bootstraps=168
node=3440/7814 op=mul seconds=257.251 eta_seconds=327.098 bootstraps=168
node=3450/7814 op=mul seconds=257.594 eta_seconds=325.838 bootstraps=168
node=3460/7814 op=mulp seconds=258.862 eta_seconds=325.747 bootstraps=170
node=3470/7814 op=mul seconds=260.484 eta_seconds=326.093 bootstraps=172
node=3480/7814 op=mul seconds=261.879 eta_seconds=326.144 bootstraps=174
node=3490/7814 op=gather seconds=262.429 eta_seconds=325.141 bootstraps=174
node=3500/7814 op=addp seconds=262.515 eta_seconds=323.568 bootstraps=174
node=3510/7814 op=mulp seconds=264.781 eta_seconds=324.677 bootstraps=176
node=3520/7814 op=mul seconds=265.191 eta_seconds=323.502 bootstraps=176
node=3530/7814 op=mulp seconds=265.455 eta_seconds=322.156 bootstraps=176
node=3540/7814 op=mul seconds=265.824 eta_seconds=320.941 bootstraps=176
node=3550/7814 op=mul seconds=265.997 eta_seconds=319.496 bootstraps=176
node=3560/7814 op=scatter seconds=267.489 eta_seconds=319.634 bootstraps=178
node=3570/7814 op=repeat seconds=268.046 eta_seconds=318.652 bootstraps=178
node=3580/7814 op=sum seconds=268.397 eta_seconds=317.429 bootstraps=178
node=3590/7814 op=sum seconds=268.83 eta_seconds=316.306 bootstraps=178
node=3600/7814 op=cheb seconds=271.367 eta_seconds=317.65 bootstraps=182
node=3610/7814 op=repeat seconds=272.758 eta_seconds=317.639 bootstraps=184
node=3620/7814 op=gather seconds=273.298 eta_seconds=316.634 bootstraps=184
node=3630/7814 op=mulp seconds=273.393 eta_seconds=315.117 bootstraps=184
node=3640/7814 op=mul seconds=275.746 eta_seconds=316.199 bootstraps=186
node=3650/7814 op=repeat seconds=276.105 eta_seconds=314.986 bootstraps=186
node=3660/7814 op=scatter seconds=276.529 eta_seconds=313.853 bootstraps=186
node=3670/7814 op=mul seconds=278.154 eta_seconds=314.08 bootstraps=188
node=3680/7814 op=scatter seconds=278.533 eta_seconds=312.895 bootstraps=188
node=3690/7814 op=scatter seconds=278.741 eta_seconds=311.526 bootstraps=188
node=3700/7814 op=mul seconds=278.938 eta_seconds=310.149 bootstraps=188
node=3710/7814 op=mul seconds=279.189 eta_seconds=308.839 bootstraps=188
node=3720/7814 op=scatter seconds=280.627 eta_seconds=308.841 bootstraps=190
node=3730/7814 op=gather seconds=281.155 eta_seconds=307.839 bootstraps=190
node=3740/7814 op=cheb seconds=283.487 eta_seconds=308.804 bootstraps=194
node=3750/7814 op=gather seconds=284.096 eta_seconds=307.884 bootstraps=194
node=3760/7814 op=addp seconds=284.341 eta_seconds=306.574 bootstraps=194
node=3770/7814 op=mul seconds=286.424 eta_seconds=307.241 bootstraps=196
node=3780/7814 op=repeat seconds=286.887 eta_seconds=306.164 bootstraps=196
node=3790/7814 op=addp seconds=287.088 eta_seconds=304.814 bootstraps=196
node=3800/7814 op=gather seconds=287.337 eta_seconds=303.519 bootstraps=196
node=3810/7814 op=add seconds=287.566 eta_seconds=302.208 bootstraps=196
node=3820/7814 op=scatter seconds=289.198 eta_seconds=302.371 bootstraps=198
node=3830/7814 op=sum seconds=289.533 eta_seconds=301.175 bootstraps=198
node=3840/7814 op=add seconds=289.908 eta_seconds=300.024 bootstraps=198
node=3850/7814 op=mul seconds=290.409 eta_seconds=299.008 bootstraps=198
node=3860/7814 op=gather seconds=291.904 eta_seconds=299.013 bootstraps=200
node=3870/7814 op=addp seconds=293.234 eta_seconds=298.841 bootstraps=202
node=3880/7814 op=gather seconds=294.738 eta_seconds=298.84 bootstraps=204
node=3890/7814 op=sum seconds=295 eta_seconds=297.578 bootstraps=204
node=3900/7814 op=cheb seconds=297.036 eta_seconds=298.102 bootstraps=206
node=3910/7814 op=mul seconds=297.542 eta_seconds=297.086 bootstraps=206
node=3920/7814 op=gather seconds=297.781 eta_seconds=295.806 bootstraps=206
node=3930/7814 op=scatter seconds=297.997 eta_seconds=294.509 bootstraps=206
node=3940/7814 op=gather seconds=298.245 eta_seconds=293.249 bootstraps=206
node=3950/7814 op=add seconds=300.016 eta_seconds=293.484 bootstraps=208
node=3960/7814 op=mul seconds=300.295 eta_seconds=292.257 bootstraps=208
node=3970/7814 op=mul seconds=300.843 eta_seconds=291.295 bootstraps=208
node=3980/7814 op=add seconds=301.347 eta_seconds=290.292 bootstraps=208
node=3990/7814 op=linear_ref seconds=302.848 eta_seconds=290.248 bootstraps=210
node=4000/7814 op=mulp seconds=304.179 eta_seconds=290.034 bootstraps=212
node=4010/7814 op=gather seconds=305.707 eta_seconds=290.002 bootstraps=214
node=4020/7814 op=mul seconds=305.783 eta_seconds=288.593 bootstraps=214
node=4030/7814 op=repeat seconds=309.069 eta_seconds=290.202 bootstraps=216
node=4040/7814 op=mulp seconds=309.528 eta_seconds=289.148 bootstraps=216
node=4050/7814 op=gather seconds=310.001 eta_seconds=288.109 bootstraps=216
node=4060/7814 op=mul seconds=310.497 eta_seconds=287.095 bootstraps=216
node=4070/7814 op=scatter seconds=312.053 eta_seconds=287.058 bootstraps=218
node=4080/7814 op=mul seconds=312.279 eta_seconds=285.797 bootstraps=218
node=4090/7814 op=add seconds=312.541 eta_seconds=284.573 bootstraps=218
node=4100/7814 op=repeat seconds=313.043 eta_seconds=283.571 bootstraps=218
node=4110/7814 op=linear_ref seconds=313.549 eta_seconds=282.576 bootstraps=218
node=4120/7814 op=mulp seconds=314.619 eta_seconds=282.088 bootstraps=220
node=4130/7814 op=sum seconds=316.448 eta_seconds=282.275 bootstraps=222
node=4140/7814 op=gather seconds=317.965 eta_seconds=282.175 bootstraps=224
node=4150/7814 op=mulp seconds=318.082 eta_seconds=280.832 bootstraps=224
node=4160/7814 op=cheb seconds=320.064 eta_seconds=281.133 bootstraps=226
node=4170/7814 op=repeat seconds=320.702 eta_seconds=280.249 bootstraps=226
node=4180/7814 op=addp seconds=320.878 eta_seconds=278.964 bootstraps=226
node=4190/7814 op=addp seconds=321.633 eta_seconds=278.185 bootstraps=226
node=4200/7814 op=add seconds=322.89 eta_seconds=277.839 bootstraps=228
node=4210/7814 op=mul seconds=323.233 eta_seconds=276.706 bootstraps=228
node=4220/7814 op=mul seconds=323.502 eta_seconds=275.513 bootstraps=228
node=4230/7814 op=mul seconds=323.802 eta_seconds=274.351 bootstraps=228
node=4240/7814 op=mul seconds=324.016 eta_seconds=273.121 bootstraps=228
node=4250/7814 op=mul seconds=325.475 eta_seconds=272.94 bootstraps=230
node=4260/7814 op=scatter seconds=327.216 eta_seconds=272.987 bootstraps=232
node=4270/7814 op=gather seconds=328.748 eta_seconds=272.853 bootstraps=234
node=4280/7814 op=sum seconds=328.867 eta_seconds=271.546 bootstraps=234
node=4290/7814 op=cheb seconds=330.731 eta_seconds=271.678 bootstraps=236
node=4300/7814 op=cheb seconds=331.421 eta_seconds=270.84 bootstraps=236
node=4310/7814 op=repeat seconds=331.613 eta_seconds=269.599 bootstraps=236
node=4320/7814 op=add seconds=331.833 eta_seconds=268.385 bootstraps=236
node=4330/7814 op=mul seconds=332.22 eta_seconds=267.311 bootstraps=236
node=4340/7814 op=scatter seconds=333.787 eta_seconds=267.184 bootstraps=238
node=4350/7814 op=mul seconds=334.146 eta_seconds=266.088 bootstraps=238
node=4360/7814 op=sum seconds=334.453 eta_seconds=264.955 bootstraps=238
node=4370/7814 op=add seconds=334.669 eta_seconds=263.753 bootstraps=238
node=4380/7814 op=repeat seconds=336.136 eta_seconds=263.537 bootstraps=240
node=4390/7814 op=mul seconds=337.989 eta_seconds=263.616 bootstraps=242
client_token=279 logit_margin=2.90222
node=4400/7814 op=mul seconds=339.287 eta_seconds=263.256 bootstraps=244
node=4410/7814 op=gather seconds=340.617 eta_seconds=262.916 bootstraps=244
node=4420/7814 op=cheb seconds=342.035 eta_seconds=262.64 bootstraps=244
node=4430/7814 op=cheb seconds=342.858 eta_seconds=261.903 bootstraps=244
node=4440/7814 op=mul seconds=343.256 eta_seconds=260.844 bootstraps=244
node=4450/7814 op=repeat seconds=343.606 eta_seconds=259.75 bootstraps=244
node=4460/7814 op=add seconds=343.842 eta_seconds=258.575 bootstraps=244
node=4470/7814 op=mulp seconds=344.359 eta_seconds=257.615 bootstraps=244
node=4480/7814 op=mulp seconds=344.654 eta_seconds=256.491 bootstraps=244
node=4490/7814 op=cheb seconds=344.842 eta_seconds=255.291 bootstraps=244
node=4500/7814 op=add seconds=346.182 eta_seconds=254.944 bootstraps=246
node=4510/7814 op=repeat seconds=346.483 eta_seconds=253.832 bootstraps=246
node=4520/7814 op=linear_ref seconds=347.925 eta_seconds=253.554 bootstraps=248
node=4530/7814 op=mulp seconds=348.162 eta_seconds=252.398 bootstraps=248
node=4540/7814 op=sum seconds=349.873 eta_seconds=252.309 bootstraps=250
node=4550/7814 op=gather seconds=351.328 eta_seconds=252.029 bootstraps=252
node=4560/7814 op=addp seconds=351.388 eta_seconds=250.749 bootstraps=252
node=4570/7814 op=cheb seconds=353.441 eta_seconds=250.889 bootstraps=254
node=4580/7814 op=repeat seconds=354.066 eta_seconds=250.01 bootstraps=254
node=4590/7814 op=addp seconds=354.281 eta_seconds=248.846 bootstraps=254
node=4600/7814 op=gather seconds=354.567 eta_seconds=247.735 bootstraps=254
node=4610/7814 op=add seconds=354.843 eta_seconds=246.62 bootstraps=254
node=4620/7814 op=add seconds=356.441 eta_seconds=246.423 bootstraps=256
node=4630/7814 op=mul seconds=356.809 eta_seconds=245.374 bootstraps=256
node=4640/7814 op=sum seconds=357.192 eta_seconds=244.338 bootstraps=256
node=4650/7814 op=add seconds=357.552 eta_seconds=243.289 bootstraps=256
node=4660/7814 op=mul seconds=358.893 eta_seconds=242.908 bootstraps=258
node=4670/7814 op=gather seconds=359.528 eta_seconds=242.046 bootstraps=258
node=4680/7814 op=addp seconds=360.954 eta_seconds=241.716 bootstraps=260
node=4690/7814 op=gather seconds=362.48 eta_seconds=241.447 bootstraps=262
node=4700/7814 op=mul seconds=362.584 eta_seconds=240.231 bootstraps=262
node=4710/7814 op=repeat seconds=365.219 eta_seconds=240.688 bootstraps=264
node=4720/7814 op=cheb seconds=365.609 eta_seconds=239.66 bootstraps=264
node=4730/7814 op=mul seconds=365.899 eta_seconds=238.569 bootstraps=264
node=4740/7814 op=gather seconds=366.266 eta_seconds=237.532 bootstraps=264
node=4750/7814 op=mulp seconds=366.433 eta_seconds=236.368 bootstraps=264
node=4760/7814 op=add seconds=368.047 eta_seconds=236.138 bootstraps=266
node=4770/7814 op=add seconds=368.321 eta_seconds=235.046 bootstraps=266
node=4780/7814 op=repeat seconds=368.805 eta_seconds=234.091 bootstraps=266
node=4790/7814 op=sum seconds=369.176 eta_seconds=233.067 bootstraps=266
node=4800/7814 op=sum seconds=370.445 eta_seconds=232.609 bootstraps=268
node=4810/7814 op=cheb seconds=371.966 eta_seconds=232.305 bootstraps=270
node=4820/7814 op=repeat seconds=373.348 eta_seconds=231.91 bootstraps=272
node=4830/7814 op=gather seconds=373.767 eta_seconds=230.915 bootstraps=272
node=4840/7814 op=addp seconds=373.817 eta_seconds=229.697 bootstraps=272
node=4850/7814 op=mul seconds=376.137 eta_seconds=229.87 bootstraps=274
node=4860/7814 op=repeat seconds=376.504 eta_seconds=228.846 bootstraps=274
node=4870/7814 op=mul seconds=376.775 eta_seconds=227.767 bootstraps=274
node=4880/7814 op=mul seconds=377.157 eta_seconds=226.758 bootstraps=274
node=4890/7814 op=addp seconds=377.334 eta_seconds=225.629 bootstraps=274
node=4900/7814 op=scatter seconds=378.748 eta_seconds=225.239 bootstraps=276
node=4910/7814 op=sum seconds=379.216 eta_seconds=224.286 bootstraps=276
node=4920/7814 op=add seconds=379.468 eta_seconds=223.208 bootstraps=276
node=4930/7814 op=repeat seconds=379.765 eta_seconds=222.159 bootstraps=276
node=4940/7814 op=addp seconds=381.095 eta_seconds=221.714 bootstraps=278
node=4950/7814 op=linear_ref seconds=383.794 eta_seconds=222.058 bootstraps=282
node=4960/7814 op=mulp seconds=384.817 eta_seconds=221.425 bootstraps=284
node=4970/7814 op=addp seconds=385.241 eta_seconds=220.448 bootstraps=284
node=4980/7814 op=cheb seconds=386.66 eta_seconds=220.039 bootstraps=286
node=4990/7814 op=cheb seconds=388.084 eta_seconds=219.629 bootstraps=286
node=5000/7814 op=repeat seconds=388.519 eta_seconds=218.658 bootstraps=286
node=5010/7814 op=gather seconds=388.996 eta_seconds=217.714 bootstraps=286
node=5020/7814 op=cheb seconds=389.395 eta_seconds=216.727 bootstraps=286
node=5030/7814 op=scatter seconds=391.128 eta_seconds=216.481 bootstraps=288
node=5040/7814 op=scatter seconds=391.394 eta_seconds=215.422 bootstraps=288
node=5050/7814 op=repeat seconds=391.692 eta_seconds=214.383 bootstraps=288
node=5060/7814 op=sum seconds=392.028 eta_seconds=213.369 bootstraps=288
node=5070/7814 op=add seconds=392.384 eta_seconds=212.367 bootstraps=288
node=5080/7814 op=repeat seconds=393.677 eta_seconds=211.873 bootstraps=290
node=5090/7814 op=mul seconds=395.455 eta_seconds=211.634 bootstraps=292
node=5100/7814 op=gather seconds=396.98 eta_seconds=211.256 bootstraps=294
node=5110/7814 op=mul seconds=397.091 eta_seconds=210.124 bootstraps=294
node=5120/7814 op=mul seconds=398.926 eta_seconds=209.903 bootstraps=296
node=5130/7814 op=cheb seconds=399.509 eta_seconds=209.022 bootstraps=296
node=5140/7814 op=addp seconds=399.849 eta_seconds=208.015 bootstraps=296
node=5150/7814 op=mul seconds=400.09 eta_seconds=206.959 bootstraps=296
node=5160/7814 op=mul seconds=400.456 eta_seconds=205.971 bootstraps=296
node=5170/7814 op=mul seconds=400.637 eta_seconds=204.89 bootstraps=296
node=5180/7814 op=scatter seconds=402.25 eta_seconds=204.542 bootstraps=298
node=5190/7814 op=add seconds=402.713 eta_seconds=203.607 bootstraps=298
node=5200/7814 op=repeat seconds=403.162 eta_seconds=202.667 bootstraps=298
node=5210/7814 op=linear_ref seconds=403.696 eta_seconds=201.77 bootstraps=298
node=5220/7814 op=mulp seconds=404.743 eta_seconds=201.131 bootstraps=300
node=5230/7814 op=sum seconds=406.642 eta_seconds=200.911 bootstraps=302
node=5240/7814 op=gather seconds=408.162 eta_seconds=200.498 bootstraps=304
node=5250/7814 op=mulp seconds=408.278 eta_seconds=199.395 bootstraps=304
node=5260/7814 op=cheb seconds=410.267 eta_seconds=199.206 bootstraps=306
node=5270/7814 op=repeat seconds=410.908 eta_seconds=198.358 bootstraps=306
node=5280/7814 op=addp seconds=411.083 eta_seconds=197.289 bootstraps=306
node=5290/7814 op=addp seconds=411.833 eta_seconds=196.497 bootstraps=306
node=5300/7814 op=add seconds=413.092 eta_seconds=195.946 bootstraps=308
node=5310/7814 op=mul seconds=413.434 eta_seconds=194.96 bootstraps=308
node=5320/7814 op=mul seconds=413.702 eta_seconds=193.942 bootstraps=308
node=5330/7814 op=sum seconds=414.003 eta_seconds=192.943 bootstraps=308
node=5340/7814 op=add seconds=414.219 eta_seconds=191.906 bootstraps=308
node=5350/7814 op=mul seconds=415.682 eta_seconds=191.447 bootstraps=310
node=5360/7814 op=gather seconds=416.211 eta_seconds=190.556 bootstraps=310
node=5370/7814 op=addp seconds=417.639 eta_seconds=190.076 bootstraps=312
node=5380/7814 op=gather seconds=419.146 eta_seconds=189.629 bootstraps=314
node=5390/7814 op=mulp seconds=419.397 eta_seconds=188.612 bootstraps=314
node=5400/7814 op=cheb seconds=421.482 eta_seconds=188.418 bootstraps=316
node=5410/7814 op=cheb seconds=421.925 eta_seconds=187.487 bootstraps=316
node=5420/7814 op=repeat seconds=422.143 eta_seconds=186.46 bootstraps=316
node=5430/7814 op=add seconds=422.325 eta_seconds=185.419 bootstraps=316
node=5440/7814 op=mul seconds=422.625 eta_seconds=184.432 bootstraps=316
node=5450/7814 op=add seconds=424.192 eta_seconds=183.998 bootstraps=318
node=5460/7814 op=add seconds=424.479 eta_seconds=183.008 bootstraps=318
node=5470/7814 op=repeat seconds=425 eta_seconds=182.121 bootstraps=318
node=5480/7814 op=sum seconds=425.348 eta_seconds=181.161 bootstraps=318
node=5490/7814 op=sum seconds=425.751 eta_seconds=180.227 bootstraps=318
node=5500/7814 op=cheb seconds=428.239 eta_seconds=180.172 bootstraps=322
node=5510/7814 op=repeat seconds=429.532 eta_seconds=179.608 bootstraps=324
node=5520/7814 op=gather seconds=430.096 eta_seconds=178.739 bootstraps=324
node=5530/7814 op=addp seconds=430.338 eta_seconds=177.738 bootstraps=324
node=5540/7814 op=repeat seconds=432.549 eta_seconds=177.548 bootstraps=326
node=5550/7814 op=cheb seconds=432.962 eta_seconds=176.617 bootstraps=326
node=5560/7814 op=mul seconds=433.2 eta_seconds=175.617 bootstraps=326
node=5570/7814 op=gather seconds=433.501 eta_seconds=174.646 bootstraps=326
node=5580/7814 op=mul seconds=433.642 eta_seconds=173.612 bootstraps=326
node=5590/7814 op=scatter seconds=435.514 eta_seconds=173.271 bootstraps=328
node=5600/7814 op=sum seconds=435.755 eta_seconds=172.279 bootstraps=328
node=5610/7814 op=add seconds=436.142 eta_seconds=171.347 bootstraps=328
node=5620/7814 op=repeat seconds=436.628 eta_seconds=170.456 bootstraps=328
node=5630/7814 op=addp seconds=437.765 eta_seconds=169.818 bootstraps=330
node=5640/7814 op=linear_ref seconds=439.782 eta_seconds=169.519 bootstraps=332
node=5650/7814 op=mulp seconds=440.83 eta_seconds=168.842 bootstraps=334
node=5660/7814 op=addp seconds=441.38 eta_seconds=167.974 bootstraps=334
node=5670/7814 op=cheb seconds=442.82 eta_seconds=167.444 bootstraps=336
node=5680/7814 op=cheb seconds=444.907 eta_seconds=167.153 bootstraps=336
node=5690/7814 op=repeat seconds=445.417 eta_seconds=166.268 bootstraps=336
node=5700/7814 op=gather seconds=446.056 eta_seconds=165.432 bootstraps=336
node=5710/7814 op=mulp seconds=447.559 eta_seconds=164.915 bootstraps=338
node=5720/7814 op=mul seconds=447.9 eta_seconds=163.969 bootstraps=338
node=5730/7814 op=scatter seconds=448.163 eta_seconds=162.997 bootstraps=338
node=5740/7814 op=repeat seconds=448.429 eta_seconds=162.028 bootstraps=338
node=5750/7814 op=sum seconds=448.774 eta_seconds=161.09 bootstraps=338
node=5760/7814 op=add seconds=449.152 eta_seconds=160.166 bootstraps=338
node=5770/7814 op=repeat seconds=450.45 eta_seconds=159.57 bootstraps=340
node=5780/7814 op=mul seconds=452.226 eta_seconds=159.14 bootstraps=342
node=5790/7814 op=gather seconds=453.749 eta_seconds=158.616 bootstraps=344
node=5800/7814 op=mul seconds=453.86 eta_seconds=157.599 bootstraps=344
node=5810/7814 op=mul seconds=455.701 eta_seconds=157.182 bootstraps=346
node=5820/7814 op=cheb seconds=456.357 eta_seconds=156.353 bootstraps=346
node=5830/7814 op=addp seconds=456.686 eta_seconds=155.414 bootstraps=346
node=5840/7814 op=scatter seconds=457.457 eta_seconds=154.627 bootstraps=346
node=5850/7814 op=mul seconds=458.714 eta_seconds=154.003 bootstraps=348
node=5860/7814 op=mulp seconds=459.053 eta_seconds=153.07 bootstraps=348
node=5870/7814 op=mul seconds=459.319 eta_seconds=152.115 bootstraps=348
node=5880/7814 op=add seconds=459.551 eta_seconds=151.151 bootstraps=348
node=5890/7814 op=repeat seconds=459.848 eta_seconds=150.212 bootstraps=348
node=5900/7814 op=linear_ref seconds=461.316 eta_seconds=149.654 bootstraps=350
node=5910/7814 op=mulp seconds=461.503 eta_seconds=148.681 bootstraps=350
node=5920/7814 op=sum seconds=463.275 eta_seconds=148.217 bootstraps=352
node=5930/7814 op=gather seconds=464.791 eta_seconds=147.667 bootstraps=354
node=5940/7814 op=mulp seconds=464.907 eta_seconds=146.673 bootstraps=354
node=5950/7814 op=cheb seconds=466.886 eta_seconds=146.265 bootstraps=356
node=5960/7814 op=repeat seconds=467.471 eta_seconds=145.418 bootstraps=356
node=5970/7814 op=addp seconds=467.646 eta_seconds=144.445 bootstraps=356
node=5980/7814 op=gather seconds=467.947 eta_seconds=143.514 bootstraps=356
node=5990/7814 op=add seconds=468.244 eta_seconds=142.584 bootstraps=356
node=6000/7814 op=add seconds=469.815 eta_seconds=142.041 bootstraps=358
node=6010/7814 op=mul seconds=470.183 eta_seconds=141.133 bootstraps=358
node=6020/7814 op=sum seconds=470.491 eta_seconds=140.21 bootstraps=358
node=6030/7814 op=add seconds=470.709 eta_seconds=139.261 bootstraps=358
node=6040/7814 op=mul seconds=472.188 eta_seconds=138.686 bootstraps=360
node=6050/7814 op=gather seconds=472.721 eta_seconds=137.831 bootstraps=360
node=6060/7814 op=addp seconds=474.256 eta_seconds=137.268 bootstraps=362
client_token=1614 logit_margin=0.201379
node=6070/7814 op=addp seconds=475.66 eta_seconds=136.664 bootstraps=364
node=6080/7814 op=gather seconds=476.95 eta_seconds=136.025 bootstraps=364
node=6090/7814 op=cheb seconds=478.763 eta_seconds=135.532 bootstraps=364
node=6100/7814 op=mulp seconds=479.237 eta_seconds=134.658 bootstraps=364
node=6110/7814 op=cheb seconds=479.766 eta_seconds=133.8 bootstraps=364
node=6120/7814 op=mul seconds=480.079 eta_seconds=132.885 bootstraps=364
node=6130/7814 op=gather seconds=480.302 eta_seconds=131.946 bootstraps=364
node=6140/7814 op=add seconds=480.606 eta_seconds=131.032 bootstraps=364
node=6150/7814 op=mul seconds=480.916 eta_seconds=130.121 bootstraps=364
node=6160/7814 op=scatter seconds=482.237 eta_seconds=129.484 bootstraps=366
node=6170/7814 op=mul seconds=482.541 eta_seconds=128.573 bootstraps=366
node=6180/7814 op=mul seconds=482.755 eta_seconds=127.641 bootstraps=366
node=6190/7814 op=mul seconds=483.05 eta_seconds=126.732 bootstraps=366
node=6200/7814 op=cheb seconds=484.539 eta_seconds=126.136 bootstraps=368
node=6210/7814 op=add seconds=486.247 eta_seconds=125.594 bootstraps=370
node=6220/7814 op=linear_ref seconds=487.711 eta_seconds=124.986 bootstraps=372
node=6230/7814 op=mul seconds=487.762 eta_seconds=124.015 bootstraps=372
node=6240/7814 op=cheb seconds=489.66 eta_seconds=123.514 bootstraps=374
node=6250/7814 op=cheb seconds=490.196 eta_seconds=122.667 bootstraps=374
node=6260/7814 op=repeat seconds=490.63 eta_seconds=121.795 bootstraps=374
node=6270/7814 op=mul seconds=490.86 eta_seconds=120.875 bootstraps=374
node=6280/7814 op=add seconds=491.216 eta_seconds=119.988 bootstraps=374
node=6290/7814 op=cheb seconds=491.519 eta_seconds=119.09 bootstraps=374
node=6300/7814 op=add seconds=493.173 eta_seconds=118.518 bootstraps=376
node=6310/7814 op=repeat seconds=493.489 eta_seconds=117.624 bootstraps=376
node=6320/7814 op=sum seconds=493.837 eta_seconds=116.739 bootstraps=376
node=6330/7814 op=add seconds=494.197 eta_seconds=115.859 bootstraps=376
node=6340/7814 op=mul seconds=495.5 eta_seconds=115.2 bootstraps=378
node=6350/7814 op=gather seconds=496.133 eta_seconds=114.384 bootstraps=378
node=6360/7814 op=addp seconds=497.554 eta_seconds=113.749 bootstraps=380
node=6370/7814 op=gather seconds=499.082 eta_seconds=113.136 bootstraps=382
node=6380/7814 op=mul seconds=499.187 eta_seconds=112.2 bootstraps=382
node=6390/7814 op=repeat seconds=501.784 eta_seconds=111.822 bootstraps=384
node=6400/7814 op=cheb seconds=502.175 eta_seconds=110.949 bootstraps=384
node=6410/7814 op=mul seconds=502.468 eta_seconds=110.057 bootstraps=384
node=6420/7814 op=gather seconds=502.837 eta_seconds=109.183 bootstraps=384
node=6430/7814 op=mulp seconds=503.006 eta_seconds=108.268 bootstraps=384
node=6440/7814 op=add seconds=504.629 eta_seconds=107.665 bootstraps=386
node=6450/7814 op=mul seconds=504.91 eta_seconds=106.775 bootstraps=386
node=6460/7814 op=mul seconds=505.33 eta_seconds=105.916 bootstraps=386
node=6470/7814 op=mul seconds=505.665 eta_seconds=105.041 bootstraps=386
node=6480/7814 op=mul seconds=506.164 eta_seconds=104.201 bootstraps=386
node=6490/7814 op=cheb seconds=507.38 eta_seconds=103.509 bootstraps=388
node=6500/7814 op=add seconds=509.147 eta_seconds=102.926 bootstraps=390
node=6510/7814 op=linear_ref seconds=510.55 eta_seconds=102.267 bootstraps=392
node=6520/7814 op=mul seconds=510.601 eta_seconds=101.337 bootstraps=392
node=6530/7814 op=cheb seconds=512.5 eta_seconds=100.773 bootstraps=394
node=6540/7814 op=cheb seconds=513.025 eta_seconds=99.9378 bootstraps=394
node=6550/7814 op=repeat seconds=513.349 eta_seconds=99.0647 bootstraps=394
node=6560/7814 op=mul seconds=513.597 eta_seconds=98.1785 bootstraps=394
node=6570/7814 op=add seconds=513.984 eta_seconds=97.3205 bootstraps=394
node=6580/7814 op=mul seconds=514.17 eta_seconds=96.4264 bootstraps=394
node=6590/7814 op=scatter seconds=515.719 eta_seconds=95.7875 bootstraps=396
node=6600/7814 op=repeat seconds=516.194 eta_seconds=94.9485 bootstraps=396
node=6610/7814 op=sum seconds=516.432 eta_seconds=94.0671 bootstraps=396
node=6620/7814 op=add seconds=516.644 eta_seconds=93.1833 bootstraps=396
node=6630/7814 op=mul seconds=518.079 eta_seconds=92.5197 bootstraps=398
node=6640/7814 op=gather seconds=519.488 eta_seconds=91.8491 bootstraps=400
node=6650/7814 op=addp seconds=520.865 eta_seconds=91.171 bootstraps=402
node=6660/7814 op=gather seconds=522.262 eta_seconds=90.494 bootstraps=404
node=6670/7814 op=sum seconds=522.324 eta_seconds=89.586 bootstraps=404
node=6680/7814 op=repeat seconds=525.065 eta_seconds=89.1354 bootstraps=406
node=6690/7814 op=cheb seconds=525.509 eta_seconds=88.2919 bootstraps=406
node=6700/7814 op=mul seconds=525.784 eta_seconds=87.4214 bootstraps=406
node=6710/7814 op=mulp seconds=526.298 eta_seconds=86.5921 bootstraps=406
node=6720/7814 op=add seconds=527.806 eta_seconds=85.9256 bootstraps=408
node=6730/7814 op=add seconds=528.142 eta_seconds=85.0677 bootstraps=408
node=6740/7814 op=mul seconds=528.414 eta_seconds=84.2013 bootstraps=408
node=6750/7814 op=mul seconds=528.81 eta_seconds=83.3562 bootstraps=408
node=6760/7814 op=mul seconds=529.164 eta_seconds=82.5057 bootstraps=408
node=6770/7814 op=mul seconds=529.629 eta_seconds=81.674 bootstraps=408
node=6780/7814 op=cheb seconds=530.845 eta_seconds=80.9578 bootstraps=410
node=6790/7814 op=add seconds=532.676 eta_seconds=80.3329 bootstraps=412
node=6800/7814 op=linear_ref seconds=534.203 eta_seconds=79.6592 bootstraps=414
node=6810/7814 op=cheb seconds=534.314 eta_seconds=78.7741 bootstraps=414
node=6820/7814 op=cheb seconds=536.146 eta_seconds=78.1421 bootstraps=416
node=6830/7814 op=cheb seconds=536.703 eta_seconds=77.323 bootstraps=416
node=6840/7814 op=repeat seconds=537.071 eta_seconds=76.4777 bootstraps=416
node=6850/7814 op=mul seconds=537.315 eta_seconds=75.6163 bootstraps=416
node=6860/7814 op=add seconds=537.683 eta_seconds=74.7739 bootstraps=416
node=6870/7814 op=mul seconds=537.864 eta_seconds=73.9074 bootstraps=416
node=6880/7814 op=scatter seconds=539.429 eta_seconds=73.2307 bootstraps=418
node=6890/7814 op=repeat seconds=539.984 eta_seconds=72.4158 bootstraps=418
node=6900/7814 op=sum seconds=540.334 eta_seconds=71.5747 bootstraps=418
node=6910/7814 op=add seconds=540.67 eta_seconds=70.7331 bootstraps=418
node=6920/7814 op=mul seconds=541.203 eta_seconds=69.9184 bootstraps=418
node=6930/7814 op=gather seconds=542.72 eta_seconds=69.2301 bootstraps=420
node=6940/7814 op=addp seconds=544.148 eta_seconds=68.5281 bootstraps=422
node=6950/7814 op=gather seconds=545.663 eta_seconds=67.8349 bootstraps=424
node=6960/7814 op=mul seconds=545.768 eta_seconds=66.9663 bootstraps=424
node=6970/7814 op=repeat seconds=547.965 eta_seconds=66.3533 bootstraps=426
node=6980/7814 op=mulp seconds=548.393 eta_seconds=65.5243 bootstraps=426
node=6990/7814 op=gather seconds=548.765 eta_seconds=64.6899 bootstraps=426
node=7000/7814 op=mul seconds=549.323 eta_seconds=63.8784 bootstraps=426
node=7010/7814 op=scatter seconds=550.803 eta_seconds=63.1734 bootstraps=428
node=7020/7814 op=add seconds=550.913 eta_seconds=62.3112 bootstraps=428
node=7030/7814 op=mul seconds=551.183 eta_seconds=61.4691 bootstraps=428
node=7040/7814 op=mul seconds=551.486 eta_seconds=60.6321 bootstraps=428
node=7050/7814 op=mul seconds=551.701 eta_seconds=59.7872 bootstraps=428
node=7060/7814 op=mul seconds=551.995 eta_seconds=58.9525 bootstraps=428
node=7070/7814 op=cheb seconds=553.402 eta_seconds=58.2363 bootstraps=430
node=7080/7814 op=add seconds=555.211 eta_seconds=57.56 bootstraps=432
node=7090/7814 op=linear_ref seconds=556.716 eta_seconds=56.8495 bootstraps=434
node=7100/7814 op=cheb seconds=556.834 eta_seconds=55.9971 bootstraps=434
node=7110/7814 op=addp seconds=557.033 eta_seconds=55.1549 bootstraps=434
node=7120/7814 op=mul seconds=559.339 eta_seconds=54.5198 bootstraps=436
node=7130/7814 op=repeat seconds=559.71 eta_seconds=53.6945 bootstraps=436
node=7140/7814 op=mul seconds=559.924 eta_seconds=52.8556 bootstraps=436
node=7150/7814 op=mul seconds=560.224 eta_seconds=52.0264 bootstraps=436
node=7160/7814 op=mul seconds=560.365 eta_seconds=51.1842 bootstraps=436
node=7170/7814 op=add seconds=562.022 eta_seconds=50.4801 bootstraps=438
node=7180/7814 op=repeat seconds=562.342 eta_seconds=49.6553 bootstraps=438
node=7190/7814 op=sum seconds=562.693 eta_seconds=48.8345 bootstraps=438
node=7200/7814 op=add seconds=563.025 eta_seconds=48.0135 bootstraps=438
node=7210/7814 op=mul seconds=563.524 eta_seconds=47.2078 bootstraps=438
node=7220/7814 op=gather seconds=565.019 eta_seconds=46.4849 bootstraps=440
node=7230/7814 op=addp seconds=566.351 eta_seconds=45.7468 bootstraps=442
node=7240/7814 op=gather seconds=567.849 eta_seconds=45.0201 bootstraps=444
node=7250/7814 op=sum seconds=568.112 eta_seconds=44.1952 bootstraps=444
node=7260/7814 op=cheb seconds=570.159 eta_seconds=43.508 bootstraps=446
node=7270/7814 op=mul seconds=570.665 eta_seconds=42.7017 bootstraps=446
node=7280/7814 op=gather seconds=570.903 eta_seconds=41.8766 bootstraps=446
node=7290/7814 op=scatter seconds=571.12 eta_seconds=41.0517 bootstraps=446
node=7300/7814 op=gather seconds=571.367 eta_seconds=40.2305 bootstraps=446
node=7310/7814 op=add seconds=573.098 eta_seconds=39.5132 bootstraps=448
node=7320/7814 op=mul seconds=573.38 eta_seconds=38.6953 bootstraps=448
node=7330/7814 op=mul seconds=573.771 eta_seconds=37.8861 bootstraps=448
node=7340/7814 op=mul seconds=574.159 eta_seconds=37.0778 bootstraps=448
node=7350/7814 op=mul seconds=574.643 eta_seconds=36.2768 bootstraps=448
node=7360/7814 op=cheb seconds=575.867 eta_seconds=35.5222 bootstraps=450
node=7370/7814 op=add seconds=577.778 eta_seconds=34.8078 bootstraps=452
node=7380/7814 op=linear_ref seconds=579.302 eta_seconds=34.0673 bootstraps=454
node=7390/7814 op=mul seconds=579.376 eta_seconds=33.2416 bootstraps=454
node=7400/7814 op=cheb seconds=582.357 eta_seconds=32.5805 bootstraps=456
node=7410/7814 op=cheb seconds=582.943 eta_seconds=31.7826 bootstraps=456
node=7420/7814 op=addp seconds=583.416 eta_seconds=30.9793 bootstraps=456
node=7430/7814 op=scatter seconds=584.117 eta_seconds=30.1886 bootstraps=456
node=7440/7814 op=add seconds=585.56 eta_seconds=29.4354 bootstraps=458
node=7450/7814 op=mul seconds=585.908 eta_seconds=28.6269 bootstraps=458
node=7460/7814 op=add seconds=586.17 eta_seconds=27.8156 bootstraps=458
node=7470/7814 op=repeat seconds=586.473 eta_seconds=27.0076 bootstraps=458
node=7480/7814 op=sum seconds=586.809 eta_seconds=26.2024 bootstraps=458
node=7490/7814 op=add seconds=587.165 eta_seconds=25.3994 bootstraps=458
node=7500/7814 op=mul seconds=588.468 eta_seconds=24.6372 bootstraps=460
node=7510/7814 op=gather seconds=589.062 eta_seconds=23.8448 bootstraps=460
node=7520/7814 op=addp seconds=590.485 eta_seconds=23.0854 bootstraps=462
node=7530/7814 op=gather seconds=592.01 eta_seconds=22.3281 bootstraps=464
node=7540/7814 op=mul seconds=592.116 eta_seconds=21.5172 bootstraps=464
node=7550/7814 op=repeat seconds=594.311 eta_seconds=20.7812 bootstraps=466
node=7560/7814 op=mulp seconds=594.74 eta_seconds=19.982 bootstraps=466
node=7570/7814 op=gather seconds=595.149 eta_seconds=19.1831 bootstraps=466
node=7580/7814 op=mul seconds=595.704 eta_seconds=18.3898 bootstraps=466
node=7590/7814 op=scatter seconds=597.183 eta_seconds=17.6244 bootstraps=468
node=7600/7814 op=add seconds=597.293 eta_seconds=16.8185 bootstraps=468
node=7610/7814 op=mul seconds=597.564 eta_seconds=16.0188 bootstraps=468
node=7620/7814 op=mul seconds=597.867 eta_seconds=15.2213 bootstraps=468
node=7630/7814 op=mul seconds=598.084 eta_seconds=14.423 bootstraps=468
node=7640/7814 op=mul seconds=598.377 eta_seconds=13.628 bootstraps=468
node=7650/7814 op=cheb seconds=599.816 eta_seconds=12.8588 bootstraps=470
node=7660/7814 op=add seconds=601.59 eta_seconds=12.0946 bootstraps=472
node=7670/7814 op=linear_ref seconds=603.115 eta_seconds=11.3232 bootstraps=474
node=7680/7814 op=cheb seconds=603.226 eta_seconds=10.525 bootstraps=474
node=7690/7814 op=cheb seconds=605.062 eta_seconds=9.75652 bootstraps=476
node=7700/7814 op=cheb seconds=605.631 eta_seconds=8.96649 bootstraps=476
node=7710/7814 op=repeat seconds=605.957 eta_seconds=8.17373 bootstraps=476
node=7720/7814 op=mul seconds=606.203 eta_seconds=7.38123 bootstraps=476
node=7730/7814 op=add seconds=606.586 eta_seconds=6.59162 bootstraps=476
node=7740/7814 op=cheb seconds=606.9 eta_seconds=5.8024 bootstraps=476
node=7750/7814 op=add seconds=608.509 eta_seconds=5.02511 bootstraps=478
node=7760/7814 op=repeat seconds=608.745 eta_seconds=4.23612 bootstraps=478
node=7770/7814 op=sum seconds=608.979 eta_seconds=3.44853 bootstraps=478
node=7780/7814 op=add seconds=609.192 eta_seconds=2.66228 bootstraps=478
node=7790/7814 op=mul seconds=610.629 eta_seconds=1.88127 bootstraps=480
node=7800/7814 op=gather seconds=611.161 eta_seconds=1.09696 bootstraps=480
node=7810/7814 op=addp seconds=612.684 eta_seconds=0.313794 bootstraps=482
node=7814/7814 op=mulp seconds=613.696 eta_seconds=0 bootstraps=484
client_token=315 logit_margin=0.674903
passed=1 polynomial_error=6.34412e-07 exact_error=4.65294e-05 eval_seconds=613.775
