width=1 ordinary=0.262039 refresh=55.517493 error=1.0906424154944886e-10
width=32 ordinary=0.260025 refresh=55.813913 error=8.238964824759382e-09
width=768 ordinary=0.252654 refresh=54.219017 error=1.4579877970297294e-08
width=1536 ordinary=0.256133 refresh=54.356048 error=1.572389017286311e-08
{
  "backend": "lattigo-v6.2.0-cpu",
  "bootstrap_passes": 2,
  "intermediate_evaluator_decryptions": 0,
  "max_abs_error": 1.572389017286311e-8,
  "modular_reduction": {
    "degree": 127,
    "double_angles": 6,
    "ephemeral_secret_weight": 0,
    "k": 512,
    "type": "cos-continuous"
  },
  "ordinary_log_n": 16,
  "ordinary_log_qp": 1246.0000000000534,
  "ordinary_q": [
    1152921504606584833,
    576460752300015617,
    576460752298835969,
    576460752308273153,
    576460752298180609,
    576460752315482113,
    576460752289923073,
    576460752289529857,
    576460752289005569,
    576460752319021057,
    576460752319414273,
    576460752286253057,
    576460752321642497,
    576460752284418049,
    576460752325705729,
    576460752279306241,
    576460752328327169,
    576460752329113601
  ],
  "passed": true,
  "process_seconds": 329.060348406,
  "refresh_log_n": 16,
  "refresh_log_qp": 2455.997870342746,
  "refresh_q": [
    1152921504606584833,
    576460752300015617,
    576460752298835969,
    576460752308273153,
    576460752298180609,
    576460752315482113,
    576460752289923073,
    576460752289529857,
    576460752289005569,
    576460752319021057,
    576460752319414273,
    576460752286253057,
    576460752321642497,
    576460752284418049,
    576460752325705729,
    576460752279306241,
    576460752328327169,
    576460752329113601,
    268042241,
    549754109953,
    549753978881,
    549753716737,
    1152921504614055937,
    1152921504598720513,
    1152921504615628801,
    1152921504616808449,
    1152921504597016577,
    1152921504595968001,
    1152921504618381313,
    1152921504620347393,
    1152921504592822273,
    1152921504592429057,
    1152921504622575617,
    1152921504589938689,
    1152921504625328129,
    72057594038321153,
    72057594036879361,
    72057594035306497,
    72057594040680449
  ],
  "requested_residual_multiplier": 4096,
  "samples": [
    {
      "max_abs_error": 1.0906424154944886e-10,
      "ordinary_seconds": 0.262038613,
      "output_level": 16,
      "refresh_boundary_seconds": 55.517493008,
      "width": 1
    },
    {
      "max_abs_error": 8.238964824759382e-9,
      "ordinary_seconds": 0.260025455,
      "output_level": 16,
      "refresh_boundary_seconds": 55.813912982,
      "width": 32
    },
    {
      "max_abs_error": 1.4579877970297294e-8,
      "ordinary_seconds": 0.252654272,
      "output_level": 16,
      "refresh_boundary_seconds": 54.219017305,
      "width": 768
    },
    {
      "max_abs_error": 1.572389017286311e-8,
      "ordinary_seconds": 0.256133407,
      "output_level": 16,
      "refresh_boundary_seconds": 54.356048118,
      "width": 1536
    }
  ],
  "scale_bits": 59,
  "security": "not-set",
  "setup_seconds": 106.512967928,
  "tolerance": 0.000001
}
