GPU 0: NVIDIA GB10
 SMs: 48, SharedMem: 100 KB, Blocks/SM: 24, Threads/SM: 1536, L2 size: 24 MB, Bus: 256-bit
Adding bootstrap precomputation to GPU for 32768 slots.
Plaintexts loaded: 248 ~ 6262MB
Rotation keys loaded: 85 ~ 15300MB
setup_seconds=26.6668
planned_logical_refreshes=623
node=1/7910 op=public seconds=0.191107 eta_seconds=1511.47 bootstraps=0
node=11/7910 op=public seconds=1.53912 eta_seconds=1105.22 bootstraps=0
node=21/7910 op=mul seconds=2.36435 eta_seconds=888.209 bootstraps=0
node=31/7910 op=gather seconds=4.00734 eta_seconds=1018.51 bootstraps=0
node=41/7910 op=mul seconds=4.94823 eta_seconds=949.698 bootstraps=0
node=51/7910 op=repeat seconds=5.6306 eta_seconds=867.665 bootstraps=0
node=61/7910 op=mulp seconds=5.96537 eta_seconds=767.576 bootstraps=0
node=71/7910 op=add seconds=6.44182 eta_seconds=711.231 bootstraps=0
node=81/7910 op=add seconds=6.97171 eta_seconds=673.846 bootstraps=0
node=91/7910 op=scatter seconds=7.42726 eta_seconds=638.173 bootstraps=0
node=111/7910 op=mul seconds=9.79166 eta_seconds=687.975 bootstraps=2
node=121/7910 op=mul seconds=10.5644 eta_seconds=680.048 bootstraps=2
node=131/7910 op=scatter seconds=13.2982 eta_seconds=789.672 bootstraps=4
node=141/7910 op=gather seconds=16.7784 eta_seconds=924.475 bootstraps=8
node=161/7910 op=cheb seconds=18.8798 eta_seconds=908.692 bootstraps=10
node=171/7910 op=sum seconds=19.0903 eta_seconds=863.977 bootstraps=10
node=181/7910 op=addp seconds=19.2215 eta_seconds=820.789 bootstraps=10
node=191/7910 op=scatter seconds=21.1414 eta_seconds=854.399 bootstraps=12
node=201/7910 op=mul seconds=22.0772 eta_seconds=846.731 bootstraps=12
node=211/7910 op=scatter seconds=22.5425 eta_seconds=822.535 bootstraps=12
node=221/7910 op=sum seconds=22.7946 eta_seconds=793.067 bootstraps=12
node=231/7910 op=scatter seconds=24.788 eta_seconds=824.013 bootstraps=14
node=241/7910 op=gather seconds=26.9359 eta_seconds=857.142 bootstraps=16
node=251/7910 op=cheb seconds=30.3959 eta_seconds=927.498 bootstraps=20
node=271/7910 op=repeat seconds=32.9668 eta_seconds=929.275 bootstraps=22
node=281/7910 op=addp seconds=33.3609 eta_seconds=905.73 bootstraps=22
node=291/7910 op=repeat seconds=33.6055 eta_seconds=879.864 bootstraps=22
node=301/7910 op=mul seconds=33.85 eta_seconds=855.697 bootstraps=22
node=311/7910 op=scatter seconds=36.0195 eta_seconds=880.103 bootstraps=24
node=321/7910 op=mul seconds=36.6092 eta_seconds=865.505 bootstraps=24
node=341/7910 op=add seconds=37.519 eta_seconds=832.789 bootstraps=24
node=351/7910 op=cheb seconds=39.7829 eta_seconds=856.749 bootstraps=26
node=361/7910 op=add seconds=42.1582 eta_seconds=881.586 bootstraps=28
node=371/7910 op=linear seconds=44.1514 eta_seconds=897.189 bootstraps=30
node=381/7910 op=cheb seconds=45.8831 eta_seconds=906.702 bootstraps=32
node=391/7910 op=add seconds=46.3095 eta_seconds=890.541 bootstraps=32
node=401/7910 op=mulp seconds=46.564 eta_seconds=871.944 bootstraps=32
node=411/7910 op=addp seconds=46.6958 eta_seconds=851.999 bootstraps=32
node=421/7910 op=mul seconds=46.9253 eta_seconds=834.735 bootstraps=32
node=431/7910 op=gather seconds=50.9683 eta_seconds=884.435 bootstraps=36
node=441/7910 op=add seconds=51.2327 eta_seconds=867.703 bootstraps=36
node=451/7910 op=mulp seconds=51.6566 eta_seconds=854.338 bootstraps=36
node=461/7910 op=add seconds=54.0436 eta_seconds=873.256 bootstraps=38
node=471/7910 op=linear seconds=56.0255 eta_seconds=884.869 bootstraps=40
node=481/7910 op=mulp seconds=57.9819 eta_seconds=895.526 bootstraps=42
node=491/7910 op=gather seconds=59.9624 eta_seconds=906.031 bootstraps=44
node=501/7910 op=cheb seconds=61.88 eta_seconds=915.107 bootstraps=46
node=511/7910 op=sum seconds=62.302 eta_seconds=902.098 bootstraps=46
node=521/7910 op=addp seconds=62.4978 eta_seconds=886.364 bootstraps=46
node=531/7910 op=gather seconds=62.8235 eta_seconds=873.022 bootstraps=46
node=541/7910 op=add seconds=64.6612 eta_seconds=880.755 bootstraps=48
node=551/7910 op=add seconds=65.543 eta_seconds=875.374 bootstraps=48
node=561/7910 op=add seconds=66.2119 eta_seconds=867.365 bootstraps=48
node=571/7910 op=repeat seconds=66.4599 eta_seconds=854.202 bootstraps=48
node=581/7910 op=mulp seconds=68.6293 eta_seconds=865.722 bootstraps=50
node=591/7910 op=mul seconds=72.1342 eta_seconds=893.317 bootstraps=54
node=601/7910 op=mul seconds=74.1002 eta_seconds=901.162 bootstraps=56
node=611/7910 op=gather seconds=74.7273 eta_seconds=892.691 bootstraps=56
node=621/7910 op=mul seconds=76.8705 eta_seconds=902.269 bootstraps=58
node=631/7910 op=repeat seconds=77.1246 eta_seconds=889.683 bootstraps=58
node=641/7910 op=mulp seconds=77.2755 eta_seconds=876.311 bootstraps=58
node=651/7910 op=add seconds=77.5156 eta_seconds=864.341 bootstraps=58
node=661/7910 op=add seconds=81.1516 eta_seconds=889.966 bootstraps=62
node=671/7910 op=scatter seconds=81.7237 eta_seconds=881.666 bootstraps=62
node=691/7910 op=mul seconds=82.6238 eta_seconds=863.185 bootstraps=62
node=701/7910 op=mul seconds=84.8126 eta_seconds=872.203 bootstraps=64
node=711/7910 op=scatter seconds=87.2038 eta_seconds=882.953 bootstraps=66
node=721/7910 op=gather seconds=89.3491 eta_seconds=890.888 bootstraps=68
node=741/7910 op=cheb seconds=91.6714 eta_seconds=886.899 bootstraps=70
node=751/7910 op=sum seconds=91.8585 eta_seconds=875.652 bootstraps=70
node=761/7910 op=addp seconds=91.975 eta_seconds=864.034 bootstraps=70
node=771/7910 op=scatter seconds=93.8605 eta_seconds=869.092 bootstraps=72
node=781/7910 op=mul seconds=94.9006 eta_seconds=866.257 bootstraps=72
node=791/7910 op=scatter seconds=95.4307 eta_seconds=858.876 bootstraps=72
node=801/7910 op=sum seconds=95.7057 eta_seconds=849.403 bootstraps=72
node=811/7910 op=scatter seconds=97.9639 eta_seconds=857.516 bootstraps=74
node=821/7910 op=gather seconds=98.549 eta_seconds=850.931 bootstraps=74
node=831/7910 op=cheb seconds=101.967 eta_seconds=868.623 bootstraps=78
node=851/7910 op=repeat seconds=104.339 eta_seconds=865.489 bootstraps=80
node=861/7910 op=addp seconds=104.667 eta_seconds=856.909 bootstraps=80
node=871/7910 op=repeat seconds=107.722 eta_seconds=870.56 bootstraps=84
node=881/7910 op=mul seconds=108.221 eta_seconds=863.433 bootstraps=84
node=891/7910 op=scatter seconds=108.753 eta_seconds=856.718 bootstraps=84
node=901/7910 op=mul seconds=109.106 eta_seconds=848.753 bootstraps=84
node=921/7910 op=add seconds=111.542 eta_seconds=846.434 bootstraps=86
node=931/7910 op=cheb seconds=113.739 eta_seconds=852.612 bootstraps=88
node=941/7910 op=add seconds=116.151 eta_seconds=860.212 bootstraps=90
node=951/7910 op=linear seconds=118.293 eta_seconds=865.615 bootstraps=92
node=961/7910 op=cheb seconds=118.392 eta_seconds=856.091 bootstraps=92
node=971/7910 op=add seconds=120.203 eta_seconds=858.998 bootstraps=94
node=981/7910 op=mulp seconds=121.903 eta_seconds=861.027 bootstraps=96
node=991/7910 op=addp seconds=123.421 eta_seconds=861.706 bootstraps=98
node=1001/7910 op=mul seconds=123.88 eta_seconds=855.032 bootstraps=98
node=1011/7910 op=gather seconds=124.636 eta_seconds=850.511 bootstraps=98
node=1021/7910 op=add seconds=126.418 eta_seconds=852.982 bootstraps=100
node=1031/7910 op=mulp seconds=126.875 eta_seconds=846.532 bootstraps=100
node=1041/7910 op=add seconds=127.736 eta_seconds=842.864 bootstraps=100
node=1051/7910 op=linear seconds=129.871 eta_seconds=847.56 bootstraps=102
node=1061/7910 op=mulp seconds=131.764 eta_seconds=850.567 bootstraps=104
node=1071/7910 op=gather seconds=133.894 eta_seconds=854.997 bootstraps=106
node=1081/7910 op=cheb seconds=135.766 eta_seconds=857.672 bootstraps=108
node=1091/7910 op=sum seconds=136.237 eta_seconds=851.514 bootstraps=108
node=1101/7910 op=addp seconds=136.436 eta_seconds=843.77 bootstraps=108
node=1111/7910 op=gather seconds=136.805 eta_seconds=837.21 bootstraps=108
node=1121/7910 op=add seconds=138.654 eta_seconds=839.719 bootstraps=110
node=1131/7910 op=add seconds=139.547 eta_seconds=836.42 bootstraps=110
node=1141/7910 op=add seconds=140.221 eta_seconds=831.864 bootstraps=110
node=1151/7910 op=repeat seconds=140.472 eta_seconds=824.892 bootstraps=110
node=1161/7910 op=mulp seconds=142.733 eta_seconds=829.723 bootstraps=112
node=1171/7910 op=mul seconds=144.805 eta_seconds=833.338 bootstraps=114
node=1181/7910 op=mul seconds=146.77 eta_seconds=836.252 bootstraps=116
node=1191/7910 op=gather seconds=147.397 eta_seconds=831.536 bootstraps=116
node=1201/7910 op=mul seconds=149.572 eta_seconds=835.536 bootstraps=118
node=1211/7910 op=repeat seconds=149.817 eta_seconds=828.754 bootstraps=118
node=1221/7910 op=mulp seconds=149.938 eta_seconds=821.405 bootstraps=118
node=1231/7910 op=add seconds=151.693 eta_seconds=823.036 bootstraps=120
node=1241/7910 op=add seconds=152.5 eta_seconds=819.519 bootstraps=120
node=1251/7910 op=scatter seconds=153.078 eta_seconds=814.828 bootstraps=120
node=1271/7910 op=mul seconds=153.991 eta_seconds=804.364 bootstraps=120
node=1281/7910 op=mul seconds=156.184 eta_seconds=808.229 bootstraps=122
node=1291/7910 op=scatter seconds=158.567 eta_seconds=812.981 bootstraps=124
node=1301/7910 op=gather seconds=160.704 eta_seconds=816.369 bootstraps=126
node=1321/7910 op=cheb seconds=162.976 eta_seconds=812.904 bootstraps=128
node=1331/7910 op=sum seconds=163.161 eta_seconds=806.49 bootstraps=128
node=1341/7910 op=addp seconds=163.277 eta_seconds=799.827 bootstraps=128
node=1351/7910 op=scatter seconds=165.161 eta_seconds=801.843 bootstraps=130
node=1361/7910 op=mul seconds=166.218 eta_seconds=799.827 bootstraps=130
node=1371/7910 op=scatter seconds=166.75 eta_seconds=795.316 bootstraps=130
node=1381/7910 op=sum seconds=167.025 eta_seconds=789.65 bootstraps=130
node=1391/7910 op=scatter seconds=170.614 eta_seconds=799.591 bootstraps=134
node=1401/7910 op=gather seconds=171.282 eta_seconds=795.77 bootstraps=134
node=1411/7910 op=cheb seconds=174.817 eta_seconds=805.198 bootstraps=138
node=1421/7910 op=cheb seconds=175.367 eta_seconds=800.815 bootstraps=138
node=1431/7910 op=gather seconds=177.105 eta_seconds=801.86 bootstraps=138
node=1441/7910 op=repeat seconds=180.342 eta_seconds=809.599 bootstraps=140
node=1451/7910 op=addp seconds=180.99 eta_seconds=805.663 bootstraps=140
node=1461/7910 op=repeat seconds=181.57 eta_seconds=801.468 bootstraps=140
node=1471/7910 op=mul seconds=181.999 eta_seconds=796.662 bootstraps=140
node=1481/7910 op=scatter seconds=182.415 eta_seconds=791.863 bootstraps=140
node=1491/7910 op=mul seconds=182.9 eta_seconds=787.416 bootstraps=140
node=1501/7910 op=addp seconds=183.438 eta_seconds=783.246 bootstraps=140
node=1511/7910 op=repeat seconds=185.218 eta_seconds=784.388 bootstraps=142
node=1521/7910 op=mul seconds=185.865 eta_seconds=780.73 bootstraps=142
node=1531/7910 op=mul seconds=187.943 eta_seconds=783.076 bootstraps=144
node=1541/7910 op=scatter seconds=190.333 eta_seconds=786.653 bootstraps=146
node=1551/7910 op=gather seconds=193.723 eta_seconds=794.25 bootstraps=150
node=1561/7910 op=mul seconds=194.271 eta_seconds=790.152 bootstraps=150
node=1571/7910 op=cheb seconds=197.593 eta_seconds=797.291 bootstraps=154
node=1581/7910 op=sum seconds=197.805 eta_seconds=791.845 bootstraps=154
node=1591/7910 op=addp seconds=197.936 eta_seconds=786.145 bootstraps=154
node=1601/7910 op=scatter seconds=199.854 eta_seconds=787.558 bootstraps=156
node=1611/7910 op=mul seconds=200.802 eta_seconds=785.133 bootstraps=156
node=1621/7910 op=scatter seconds=201.273 eta_seconds=780.881 bootstraps=156
node=1631/7910 op=mulp seconds=201.435 eta_seconds=775.482 bootstraps=156
node=1641/7910 op=repeat seconds=203.421 eta_seconds=777.115 bootstraps=158
node=1651/7910 op=mulp seconds=205.248 eta_seconds=778.103 bootstraps=160
node=1661/7910 op=mul seconds=207.507 eta_seconds=780.68 bootstraps=162
node=1671/7910 op=mul seconds=209.476 eta_seconds=782.118 bootstraps=164
node=1681/7910 op=gather seconds=210.113 eta_seconds=778.579 bootstraps=164
node=1691/7910 op=mul seconds=214.431 eta_seconds=788.616 bootstraps=168
node=1701/7910 op=repeat seconds=214.686 eta_seconds=783.647 bootstraps=168
node=1711/7910 op=mulp seconds=214.837 eta_seconds=778.361 bootstraps=168
node=1721/7910 op=add seconds=215.081 eta_seconds=773.465 bootstraps=168
node=1731/7910 op=add seconds=217.37 eta_seconds=775.928 bootstraps=170
node=1741/7910 op=scatter seconds=217.948 eta_seconds=772.27 bootstraps=170
node=1751/7910 op=mul seconds=218.497 eta_seconds=768.545 bootstraps=170
node=1761/7910 op=add seconds=218.753 eta_seconds=763.834 bootstraps=170
node=1771/7910 op=add seconds=221.01 eta_seconds=766.111 bootstraps=172
node=1781/7910 op=linear_ref seconds=221.589 eta_seconds=762.559 bootstraps=172
node=1791/7910 op=mulp seconds=223.547 eta_seconds=763.756 bootstraps=174
node=1801/7910 op=gather seconds=225.534 eta_seconds=765.013 bootstraps=176
node=1811/7910 op=cheb seconds=227.847 eta_seconds=767.332 bootstraps=178
node=1821/7910 op=sum seconds=228.303 eta_seconds=763.392 bootstraps=178
node=1831/7910 op=addp seconds=228.461 eta_seconds=758.501 bootstraps=178
node=1841/7910 op=gather seconds=228.779 eta_seconds=754.187 bootstraps=178
node=1851/7910 op=add seconds=230.707 eta_seconds=755.188 bootstraps=180
node=1861/7910 op=add seconds=231.612 eta_seconds=752.834 bootstraps=180
node=1871/7910 op=add seconds=232.288 eta_seconds=749.753 bootstraps=180
node=1881/7910 op=sum seconds=232.444 eta_seconds=745.031 bootstraps=180
node=1891/7910 op=add seconds=232.671 eta_seconds=740.587 bootstraps=180
node=1901/7910 op=cheb seconds=236.295 eta_seconds=746.921 bootstraps=184
node=1911/7910 op=add seconds=238.768 eta_seconds=749.54 bootstraps=186
node=1921/7910 op=linear_ref seconds=240.764 eta_seconds=750.618 bootstraps=188
node=1931/7910 op=cheb seconds=242.581 eta_seconds=751.11 bootstraps=190
node=1941/7910 op=add seconds=245.118 eta_seconds=753.79 bootstraps=192
node=1951/7910 op=mulp seconds=245.402 eta_seconds=749.538 bootstraps=192
node=1961/7910 op=addp seconds=245.559 eta_seconds=744.943 bootstraps=192
node=1971/7910 op=mul seconds=247.289 eta_seconds=745.129 bootstraps=194
node=1981/7910 op=gather seconds=248.512 eta_seconds=743.781 bootstraps=194
node=1991/7910 op=add seconds=248.774 eta_seconds=739.576 bootstraps=194
node=2001/7910 op=mul seconds=249.204 eta_seconds=735.904 bootstraps=194
node=2011/7910 op=sum seconds=249.515 eta_seconds=731.919 bootstraps=194
node=2021/7910 op=scatter seconds=251.718 eta_seconds=733.482 bootstraps=196
node=2031/7910 op=gather seconds=253.714 eta_seconds=734.408 bootstraps=198
node=2041/7910 op=cheb seconds=257.167 eta_seconds=739.497 bootstraps=202
node=2051/7910 op=gather seconds=257.838 eta_seconds=736.555 bootstraps=202
node=2061/7910 op=repeat seconds=260.23 eta_seconds=738.518 bootstraps=204
node=2071/7910 op=addp seconds=260.624 eta_seconds=734.807 bootstraps=204
node=2081/7910 op=repeat seconds=260.87 eta_seconds=730.713 bootstraps=204
node=2091/7910 op=mul seconds=261.116 eta_seconds=726.654 bootstraps=204
node=2101/7910 op=scatter seconds=263.361 eta_seconds=728.159 bootstraps=206
node=2111/7910 op=mul seconds=263.948 eta_seconds=725.074 bootstraps=206
node=2121/7910 op=addp seconds=264.611 eta_seconds=722.222 bootstraps=206
node=2131/7910 op=repeat seconds=264.869 eta_seconds=718.292 bootstraps=206
node=2141/7910 op=mul seconds=265.098 eta_seconds=714.316 bootstraps=206
node=2151/7910 op=mul seconds=267.272 eta_seconds=715.584 bootstraps=208
node=2161/7910 op=scatter seconds=269.655 eta_seconds=717.375 bootstraps=210
node=2171/7910 op=gather seconds=271.793 eta_seconds=718.479 bootstraps=212
node=2181/7910 op=mul seconds=273.959 eta_seconds=719.63 bootstraps=214
node=2191/7910 op=cheb seconds=274.613 eta_seconds=716.801 bootstraps=214
node=2201/7910 op=sum seconds=274.8 eta_seconds=712.782 bootstraps=214
node=2211/7910 op=addp seconds=274.917 eta_seconds=708.617 bootstraps=214
node=2221/7910 op=scatter seconds=276.889 eta_seconds=709.241 bootstraps=216
node=2231/7910 op=mul seconds=277.932 eta_seconds=707.476 bootstraps=216
node=2241/7910 op=scatter seconds=278.463 eta_seconds=704.42 bootstraps=216
node=2251/7910 op=mulp seconds=278.625 eta_seconds=700.462 bootstraps=216
node=2261/7910 op=repeat seconds=278.981 eta_seconds=697.02 bootstraps=216
node=2271/7910 op=mulp seconds=281.18 eta_seconds=698.182 bootstraps=218
node=2281/7910 op=mul seconds=283.26 eta_seconds=699.024 bootstraps=220
node=2291/7910 op=mul seconds=285.194 eta_seconds=699.477 bootstraps=222
node=2301/7910 op=gather seconds=285.873 eta_seconds=696.855 bootstraps=222
node=2311/7910 op=mul seconds=288.475 eta_seconds=698.906 bootstraps=224
node=2321/7910 op=repeat seconds=290.175 eta_seconds=698.744 bootstraps=226
node=2331/7910 op=mulp seconds=291.695 eta_seconds=698.141 bootstraps=228
node=2341/7910 op=add seconds=292.189 eta_seconds=695.087 bootstraps=228
node=2351/7910 op=add seconds=292.858 eta_seconds=692.469 bootstraps=228
node=2361/7910 op=scatter seconds=294.65 eta_seconds=692.508 bootstraps=230
node=2371/7910 op=mul seconds=295.323 eta_seconds=689.918 bootstraps=230
node=2381/7910 op=add seconds=295.581 eta_seconds=686.379 bootstraps=230
node=2391/7910 op=add seconds=297.802 eta_seconds=687.399 bootstraps=232
node=2401/7910 op=linear_ref seconds=298.348 eta_seconds=684.547 bootstraps=232
node=2411/7910 op=mulp seconds=300.329 eta_seconds=684.988 bootstraps=234
node=2421/7910 op=gather seconds=302.458 eta_seconds=685.746 bootstraps=236
node=2431/7910 op=cheb seconds=306.074 eta_seconds=689.831 bootstraps=240
node=2441/7910 op=sum seconds=307.926 eta_seconds=689.9 bootstraps=242
node=2451/7910 op=addp seconds=309.403 eta_seconds=689.118 bootstraps=244
node=2461/7910 op=gather seconds=311.347 eta_seconds=689.366 bootstraps=246
node=2471/7910 op=add seconds=311.524 eta_seconds=685.705 bootstraps=246
node=2481/7910 op=add seconds=312.122 eta_seconds=682.996 bootstraps=246
node=2491/7910 op=add seconds=314.344 eta_seconds=683.833 bootstraps=248
node=2501/7910 op=sum seconds=314.562 eta_seconds=680.314 bootstraps=248
node=2511/7910 op=add seconds=314.881 eta_seconds=677.038 bootstraps=248
node=2521/7910 op=cheb seconds=316.857 eta_seconds=677.327 bootstraps=250
node=2531/7910 op=add seconds=319.396 eta_seconds=678.796 bootstraps=252
node=2541/7910 op=linear_ref seconds=321.528 eta_seconds=679.373 bootstraps=254
node=2551/7910 op=cheb seconds=323.369 eta_seconds=679.317 bootstraps=256
node=2561/7910 op=add seconds=326.396 eta_seconds=681.723 bootstraps=258
node=2571/7910 op=mulp seconds=326.681 eta_seconds=678.393 bootstraps=258
node=2581/7910 op=addp seconds=326.879 eta_seconds=674.908 bootstraps=258
node=2591/7910 op=mul seconds=328.61 eta_seconds=674.595 bootstraps=260
node=2601/7910 op=gather seconds=329.8 eta_seconds=673.167 bootstraps=260
node=2611/7910 op=add seconds=330.064 eta_seconds=669.863 bootstraps=260
node=2621/7910 op=mul seconds=330.5 eta_seconds=666.927 bootstraps=260
node=2631/7910 op=sum seconds=330.81 eta_seconds=663.758 bootstraps=260
node=2641/7910 op=scatter seconds=333.068 eta_seconds=664.497 bootstraps=262
node=2651/7910 op=gather seconds=333.646 eta_seconds=661.88 bootstraps=262
node=2661/7910 op=cheb seconds=337.121 eta_seconds=664.994 bootstraps=266
node=2671/7910 op=gather seconds=337.788 eta_seconds=662.549 bootstraps=266
node=2681/7910 op=repeat seconds=340.245 eta_seconds=663.611 bootstraps=268
node=2691/7910 op=addp seconds=340.628 eta_seconds=660.623 bootstraps=268
node=2701/7910 op=repeat seconds=340.845 eta_seconds=657.336 bootstraps=268
node=2711/7910 op=mul seconds=342.688 eta_seconds=657.187 bootstraps=270
node=2721/7910 op=scatter seconds=343.353 eta_seconds=654.781 bootstraps=270
node=2731/7910 op=mul seconds=343.946 eta_seconds=652.25 bootstraps=270
node=2741/7910 op=addp seconds=344.612 eta_seconds=649.872 bootstraps=270
node=2751/7910 op=repeat seconds=344.871 eta_seconds=646.742 bootstraps=270
node=2761/7910 op=mul seconds=345.1 eta_seconds=643.579 bootstraps=270
node=2771/7910 op=mul seconds=347.293 eta_seconds=644.078 bootstraps=272
node=2781/7910 op=scatter seconds=349.673 eta_seconds=644.902 bootstraps=274
node=2791/7910 op=gather seconds=351.811 eta_seconds=645.26 bootstraps=276
node=2801/7910 op=mul seconds=353.979 eta_seconds=645.655 bootstraps=278
node=2811/7910 op=cheb seconds=354.596 eta_seconds=643.217 bootstraps=278
node=2821/7910 op=sum seconds=354.782 eta_seconds=640.016 bootstraps=278
node=2831/7910 op=addp seconds=354.899 eta_seconds=636.712 bootstraps=278
node=2841/7910 op=scatter seconds=356.879 eta_seconds=636.754 bootstraps=280
node=2851/7910 op=mul seconds=357.941 eta_seconds=635.154 bootstraps=280
node=2861/7910 op=scatter seconds=358.476 eta_seconds=632.626 bootstraps=280
node=2871/7910 op=mulp seconds=358.64 eta_seconds=629.463 bootstraps=280
node=2881/7910 op=repeat seconds=358.991 eta_seconds=626.645 bootstraps=280
node=2891/7910 op=mulp seconds=362.505 eta_seconds=629.337 bootstraps=284
node=2901/7910 op=mul seconds=364.755 eta_seconds=629.803 bootstraps=286
node=2911/7910 op=mul seconds=366.696 eta_seconds=629.72 bootstraps=288
client_token=315 logit_margin=1.89748
node=2921/7910 op=mul seconds=367.417 eta_seconds=627.54 bootstraps=288
node=2931/7910 op=gather seconds=369.093 eta_seconds=626.992 bootstraps=288
node=2941/7910 op=mul seconds=372.563 eta_seconds=629.468 bootstraps=290
node=2951/7910 op=repeat seconds=373.2 eta_seconds=627.142 bootstraps=290
node=2961/7910 op=mulp seconds=373.534 eta_seconds=624.323 bootstraps=290
node=2971/7910 op=add seconds=373.956 eta_seconds=621.666 bootstraps=290
node=2981/7910 op=add seconds=374.5 eta_seconds=619.225 bootstraps=290
node=2991/7910 op=scatter seconds=374.962 eta_seconds=616.662 bootstraps=290
node=3001/7910 op=mul seconds=375.415 eta_seconds=614.099 bootstraps=290
node=3011/7910 op=mul seconds=377.204 eta_seconds=613.724 bootstraps=292
node=3021/7910 op=mul seconds=377.816 eta_seconds=611.435 bootstraps=292
node=3031/7910 op=sum seconds=378.66 eta_seconds=609.529 bootstraps=292
node=3041/7910 op=cheb seconds=382.229 eta_seconds=611.993 bootstraps=296
node=3051/7910 op=repeat seconds=384.232 eta_seconds=611.925 bootstraps=298
node=3061/7910 op=gather seconds=384.756 eta_seconds=609.501 bootstraps=298
node=3071/7910 op=repeat seconds=387.364 eta_seconds=610.373 bootstraps=300
node=3081/7910 op=cheb seconds=387.654 eta_seconds=607.588 bootstraps=300
node=3091/7910 op=mul seconds=387.811 eta_seconds=604.613 bootstraps=300
node=3101/7910 op=mulp seconds=389.651 eta_seconds=604.267 bootstraps=302
node=3111/7910 op=scatter seconds=390.433 eta_seconds=602.279 bootstraps=302
node=3121/7910 op=add seconds=390.889 eta_seconds=599.797 bootstraps=302
node=3131/7910 op=mul seconds=391.56 eta_seconds=597.657 bootstraps=302
node=3141/7910 op=repeat seconds=391.822 eta_seconds=594.906 bootstraps=302
node=3151/7910 op=sum seconds=391.995 eta_seconds=592.035 bootstraps=302
node=3161/7910 op=scatter seconds=394.248 eta_seconds=592.308 bootstraps=304
node=3171/7910 op=gather seconds=396.292 eta_seconds=592.251 bootstraps=306
node=3181/7910 op=cheb seconds=399.77 eta_seconds=594.313 bootstraps=310
node=3191/7910 op=gather seconds=400.444 eta_seconds=592.196 bootstraps=310
node=3201/7910 op=repeat seconds=404.487 eta_seconds=595.043 bootstraps=314
node=3211/7910 op=addp seconds=404.887 eta_seconds=592.515 bootstraps=314
node=3221/7910 op=repeat seconds=405.135 eta_seconds=589.779 bootstraps=314
node=3231/7910 op=mul seconds=405.381 eta_seconds=587.056 bootstraps=314
node=3241/7910 op=scatter seconds=407.539 eta_seconds=587.103 bootstraps=316
node=3251/7910 op=mul seconds=408.135 eta_seconds=584.897 bootstraps=316
node=3261/7910 op=addp seconds=408.803 eta_seconds=582.805 bootstraps=316
node=3271/7910 op=mul seconds=408.954 eta_seconds=579.987 bootstraps=316
node=3281/7910 op=mul seconds=409.182 eta_seconds=577.295 bootstraps=316
node=3291/7910 op=mul seconds=411.448 eta_seconds=577.477 bootstraps=318
node=3301/7910 op=gather seconds=412.022 eta_seconds=575.283 bootstraps=318
node=3311/7910 op=addp seconds=413.974 eta_seconds=575.013 bootstraps=320
node=3321/7910 op=gather seconds=415.966 eta_seconds=574.787 bootstraps=322
node=3331/7910 op=cheb seconds=418.389 eta_seconds=575.143 bootstraps=324
node=3341/7910 op=mulp seconds=418.736 eta_seconds=572.644 bootstraps=324
node=3351/7910 op=cheb seconds=418.944 eta_seconds=569.969 bootstraps=324
node=3361/7910 op=mul seconds=420.95 eta_seconds=569.742 bootstraps=326
node=3371/7910 op=gather seconds=421.406 eta_seconds=567.417 bootstraps=326
node=3381/7910 op=mul seconds=422.092 eta_seconds=565.411 bootstraps=326
node=3391/7910 op=mulp seconds=422.757 eta_seconds=563.385 bootstraps=326
node=3401/7910 op=sum seconds=422.911 eta_seconds=560.69 bootstraps=326
node=3411/7910 op=add seconds=423.141 eta_seconds=558.109 bootstraps=326
node=3421/7910 op=add seconds=425.4 eta_seconds=558.205 bootstraps=328
node=3431/7910 op=linear_ref seconds=427.395 eta_seconds=557.942 bootstraps=330
node=3441/7910 op=mulp seconds=429.347 eta_seconds=557.614 bootstraps=332
node=3451/7910 op=gather seconds=431.33 eta_seconds=557.317 bootstraps=334
node=3461/7910 op=cheb seconds=435.379 eta_seconds=559.665 bootstraps=338
node=3471/7910 op=sum seconds=435.8 eta_seconds=557.337 bootstraps=338
node=3481/7910 op=addp seconds=435.997 eta_seconds=554.735 bootstraps=338
node=3491/7910 op=gather seconds=436.324 eta_seconds=552.311 bootstraps=338
node=3501/7910 op=add seconds=438.196 eta_seconds=551.844 bootstraps=340
node=3511/7910 op=add seconds=439.091 eta_seconds=550.146 bootstraps=340
node=3521/7910 op=add seconds=439.757 eta_seconds=548.167 bootstraps=340
node=3531/7910 op=mul seconds=439.786 eta_seconds=545.404 bootstraps=340
node=3541/7910 op=mul seconds=440.138 eta_seconds=543.057 bootstraps=340
node=3551/7910 op=linear_ref seconds=442.444 eta_seconds=543.118 bootstraps=342
node=3561/7910 op=mulp seconds=443.954 eta_seconds=542.195 bootstraps=344
node=3571/7910 op=sum seconds=446.416 eta_seconds=542.425 bootstraps=346
node=3581/7910 op=gather seconds=448.562 eta_seconds=542.257 bootstraps=348
node=3591/7910 op=cheb seconds=450.752 eta_seconds=542.133 bootstraps=350
node=3601/7910 op=mul seconds=451.343 eta_seconds=540.082 bootstraps=350
node=3611/7910 op=mulp seconds=451.529 eta_seconds=537.559 bootstraps=350
node=3621/7910 op=gather seconds=451.783 eta_seconds=535.128 bootstraps=350
node=3631/7910 op=scatter seconds=453.815 eta_seconds=534.804 bootstraps=352
node=3641/7910 op=mulp seconds=454.725 eta_seconds=533.156 bootstraps=352
node=3651/7910 op=scatter seconds=455.391 eta_seconds=531.228 bootstraps=352
node=3661/7910 op=mulp seconds=455.42 eta_seconds=528.566 bootstraps=352
node=3671/7910 op=repeat seconds=455.782 eta_seconds=526.304 bootstraps=352
node=3681/7910 op=mul seconds=456.006 eta_seconds=523.893 bootstraps=352
node=3691/7910 op=mul seconds=458.204 eta_seconds=523.75 bootstraps=354
node=3701/7910 op=scatter seconds=460.605 eta_seconds=523.827 bootstraps=356
node=3711/7910 op=gather seconds=462.749 eta_seconds=523.6 bootstraps=358
node=3721/7910 op=mul seconds=464.914 eta_seconds=523.387 bootstraps=360
node=3731/7910 op=cheb seconds=465.568 eta_seconds=521.472 bootstraps=360
node=3741/7910 op=sum seconds=465.754 eta_seconds=519.04 bootstraps=360
node=3751/7910 op=addp seconds=467.366 eta_seconds=518.202 bootstraps=362
node=3761/7910 op=scatter seconds=467.945 eta_seconds=516.22 bootstraps=362
node=3771/7910 op=mul seconds=468.923 eta_seconds=514.683 bootstraps=362
node=3781/7910 op=scatter seconds=469.451 eta_seconds=512.659 bootstraps=362
node=3791/7910 op=add seconds=469.61 eta_seconds=510.24 bootstraps=362
node=3801/7910 op=mul seconds=469.919 eta_seconds=507.997 bootstraps=362
node=3811/7910 op=cheb seconds=470.191 eta_seconds=505.723 bootstraps=362
node=3821/7910 op=repeat seconds=473.699 eta_seconds=506.924 bootstraps=366
node=3831/7910 op=mul seconds=476.192 eta_seconds=507.018 bootstraps=368
node=3841/7910 op=gather seconds=478.337 eta_seconds=506.731 bootstraps=370
node=3851/7910 op=cheb seconds=480.516 eta_seconds=506.47 bootstraps=372
node=3861/7910 op=cheb seconds=481.075 eta_seconds=504.5 bootstraps=372
node=3871/7910 op=mul seconds=482.755 eta_seconds=503.706 bootstraps=374
node=3881/7910 op=repeat seconds=484.311 eta_seconds=502.78 bootstraps=376
node=3891/7910 op=add seconds=484.773 eta_seconds=500.72 bootstraps=376
node=3901/7910 op=mul seconds=485.649 eta_seconds=499.095 bootstraps=376
node=3911/7910 op=gather seconds=487.595 eta_seconds=498.566 bootstraps=378
node=3921/7910 op=mul seconds=487.882 eta_seconds=496.344 bootstraps=378
node=3931/7910 op=sum seconds=488.196 eta_seconds=494.157 bootstraps=378
node=3941/7910 op=add seconds=488.36 eta_seconds=491.829 bootstraps=378
node=3951/7910 op=cheb seconds=490.562 eta_seconds=491.555 bootstraps=380
node=3961/7910 op=add seconds=492.973 eta_seconds=491.479 bootstraps=382
node=3971/7910 op=linear_ref seconds=495.114 eta_seconds=491.124 bootstraps=384
node=3981/7910 op=cheb seconds=495.222 eta_seconds=488.754 bootstraps=384
node=3991/7910 op=add seconds=500.427 eta_seconds=491.399 bootstraps=390
node=4001/7910 op=mulp seconds=502.082 eta_seconds=490.537 bootstraps=392
node=4011/7910 op=addp seconds=503.596 eta_seconds=489.534 bootstraps=394
node=4021/7910 op=mul seconds=504.061 eta_seconds=487.514 bootstraps=394
node=4031/7910 op=gather seconds=504.82 eta_seconds=485.784 bootstraps=394
node=4041/7910 op=add seconds=506.599 eta_seconds=485.036 bootstraps=396
node=4051/7910 op=mul seconds=507.078 eta_seconds=483.045 bootstraps=396
node=4061/7910 op=mul seconds=507.427 eta_seconds=480.938 bootstraps=396
node=4071/7910 op=mul seconds=507.844 eta_seconds=478.903 bootstraps=396
node=4081/7910 op=addp seconds=508.382 eta_seconds=476.989 bootstraps=396
node=4091/7910 op=linear_ref seconds=512.366 eta_seconds=478.3 bootstraps=400
node=4101/7910 op=mulp seconds=513.912 eta_seconds=477.321 bootstraps=402
node=4111/7910 op=addp seconds=514.553 eta_seconds=475.502 bootstraps=402
node=4121/7910 op=mulp seconds=519.364 eta_seconds=477.523 bootstraps=406
node=4131/7910 op=mul seconds=519.648 eta_seconds=475.369 bootstraps=406
node=4141/7910 op=repeat seconds=519.85 eta_seconds=473.15 bootstraps=406
node=4151/7910 op=mul seconds=521.579 eta_seconds=472.324 bootstraps=408
node=4161/7910 op=gather seconds=522.61 eta_seconds=470.864 bootstraps=408
node=4171/7910 op=scatter seconds=523.075 eta_seconds=468.899 bootstraps=408
node=4181/7910 op=mul seconds=523.504 eta_seconds=466.909 bootstraps=408
node=4191/7910 op=add seconds=523.758 eta_seconds=464.771 bootstraps=408
node=4201/7910 op=repeat seconds=523.978 eta_seconds=462.613 bootstraps=408
node=4211/7910 op=mulp seconds=526.234 eta_seconds=462.251 bootstraps=410
node=4221/7910 op=mul seconds=528.304 eta_seconds=461.718 bootstraps=412
node=4231/7910 op=mul seconds=530.278 eta_seconds=461.095 bootstraps=414
node=4241/7910 op=gather seconds=530.92 eta_seconds=459.313 bootstraps=414
node=4251/7910 op=mul seconds=533.607 eta_seconds=459.296 bootstraps=416
node=4261/7910 op=repeat seconds=533.854 eta_seconds=457.178 bootstraps=416
node=4271/7910 op=mulp seconds=533.978 eta_seconds=454.963 bootstraps=416
node=4281/7910 op=add seconds=535.826 eta_seconds=454.219 bootstraps=418
node=4291/7910 op=add seconds=536.604 eta_seconds=452.568 bootstraps=418
node=4301/7910 op=scatter seconds=537.176 eta_seconds=450.748 bootstraps=418
node=4311/7910 op=mul seconds=537.725 eta_seconds=448.915 bootstraps=418
node=4321/7910 op=mul seconds=537.986 eta_seconds=446.849 bootstraps=418
node=4331/7910 op=mul seconds=538.159 eta_seconds=444.718 bootstraps=418
node=4341/7910 op=sum seconds=540.395 eta_seconds=444.291 bootstraps=420
node=4351/7910 op=cheb seconds=542.487 eta_seconds=443.74 bootstraps=422
node=4361/7910 op=repeat seconds=544.46 eta_seconds=443.084 bootstraps=424
node=4371/7910 op=gather seconds=545.093 eta_seconds=441.337 bootstraps=424
node=4381/7910 op=repeat seconds=547.737 eta_seconds=441.215 bootstraps=426
node=4391/7910 op=cheb seconds=547.984 eta_seconds=439.161 bootstraps=426
node=4401/7910 op=mul seconds=548.116 eta_seconds=437.023 bootstraps=426
node=4411/7910 op=mulp seconds=548.363 eta_seconds=434.986 bootstraps=426
node=4421/7910 op=scatter seconds=550.754 eta_seconds=434.649 bootstraps=428
node=4431/7910 op=add seconds=551.206 eta_seconds=432.78 bootstraps=428
node=4441/7910 op=mul seconds=551.875 eta_seconds=431.087 bootstraps=428
node=4451/7910 op=repeat seconds=552.14 eta_seconds=429.084 bootstraps=428
node=4461/7910 op=sum seconds=552.317 eta_seconds=427.021 bootstraps=428
node=4471/7910 op=scatter seconds=555.843 eta_seconds=427.543 bootstraps=432
node=4481/7910 op=gather seconds=556.51 eta_seconds=425.858 bootstraps=432
node=4491/7910 op=cheb seconds=560.033 eta_seconds=426.354 bootstraps=436
client_token=279 logit_margin=2.90222
node=4501/7910 op=cheb seconds=560.676 eta_seconds=424.649 bootstraps=436
node=4511/7910 op=gather seconds=562.414 eta_seconds=423.774 bootstraps=436
node=4521/7910 op=repeat seconds=565.655 eta_seconds=424.022 bootstraps=438
node=4531/7910 op=addp seconds=566.325 eta_seconds=422.338 bootstraps=438
node=4541/7910 op=repeat seconds=566.901 eta_seconds=420.588 bootstraps=438
node=4551/7910 op=mul seconds=567.33 eta_seconds=418.735 bootstraps=438
node=4561/7910 op=scatter seconds=567.757 eta_seconds=416.886 bootstraps=438
node=4571/7910 op=mul seconds=568.238 eta_seconds=415.083 bootstraps=438
node=4581/7910 op=addp seconds=568.772 eta_seconds=413.325 bootstraps=438
node=4591/7910 op=sum seconds=568.91 eta_seconds=411.286 bootstraps=438
node=4601/7910 op=add seconds=571.056 eta_seconds=410.699 bootstraps=440
node=4611/7910 op=repeat seconds=571.535 eta_seconds=408.912 bootstraps=440
node=4621/7910 op=mulp seconds=572.278 eta_seconds=407.319 bootstraps=440
node=4631/7910 op=mul seconds=575.853 eta_seconds=407.735 bootstraps=444
node=4641/7910 op=mul seconds=577.849 eta_seconds=407.022 bootstraps=446
node=4651/7910 op=gather seconds=578.375 eta_seconds=405.273 bootstraps=446
node=4661/7910 op=mul seconds=580.989 eta_seconds=404.985 bootstraps=448
node=4671/7910 op=repeat seconds=581.287 eta_seconds=403.08 bootstraps=448
node=4681/7910 op=mulp seconds=581.438 eta_seconds=401.082 bootstraps=448
node=4691/7910 op=add seconds=583.277 eta_seconds=400.249 bootstraps=450
node=4701/7910 op=add seconds=584.071 eta_seconds=398.699 bootstraps=450
node=4711/7910 op=scatter seconds=584.654 eta_seconds=397.009 bootstraps=450
node=4721/7910 op=mul seconds=585.203 eta_seconds=395.3 bootstraps=450
node=4731/7910 op=repeat seconds=585.464 eta_seconds=393.403 bootstraps=450
node=4741/7910 op=sum seconds=585.641 eta_seconds=391.457 bootstraps=450
node=4751/7910 op=add seconds=585.807 eta_seconds=389.511 bootstraps=450
node=4761/7910 op=cheb seconds=589.517 eta_seconds=389.916 bootstraps=454
node=4771/7910 op=add seconds=592.003 eta_seconds=389.498 bootstraps=456
node=4781/7910 op=linear_ref seconds=594.148 eta_seconds=388.849 bootstraps=458
node=4791/7910 op=cheb seconds=594.234 eta_seconds=386.853 bootstraps=458
node=4801/7910 op=add seconds=598.468 eta_seconds=387.552 bootstraps=462
node=4811/7910 op=mulp seconds=598.728 eta_seconds=385.67 bootstraps=462
node=4821/7910 op=addp seconds=598.888 eta_seconds=383.731 bootstraps=462
node=4831/7910 op=mul seconds=599.116 eta_seconds=381.842 bootstraps=462
node=4841/7910 op=gather seconds=601.899 eta_seconds=381.58 bootstraps=464
node=4851/7910 op=add seconds=602.165 eta_seconds=379.72 bootstraps=464
node=4861/7910 op=mul seconds=602.61 eta_seconds=377.979 bootstraps=464
node=4871/7910 op=add seconds=602.867 eta_seconds=376.126 bootstraps=464
node=4881/7910 op=repeat seconds=603.09 eta_seconds=374.259 bootstraps=464
node=4891/7910 op=mul seconds=603.314 eta_seconds=372.399 bootstraps=464
node=4901/7910 op=mul seconds=605.561 eta_seconds=371.788 bootstraps=466
node=4911/7910 op=scatter seconds=607.932 eta_seconds=371.246 bootstraps=468
node=4921/7910 op=gather seconds=609.931 eta_seconds=370.47 bootstraps=470
node=4931/7910 op=mul seconds=612.139 eta_seconds=369.816 bootstraps=472
node=4941/7910 op=cheb seconds=612.686 eta_seconds=368.157 bootstraps=472
node=4951/7910 op=sum seconds=612.872 eta_seconds=366.287 bootstraps=472
node=4961/7910 op=addp seconds=612.989 eta_seconds=364.383 bootstraps=472
node=4971/7910 op=scatter seconds=614.965 eta_seconds=363.585 bootstraps=474
node=4981/7910 op=mul seconds=616.053 eta_seconds=362.26 bootstraps=474
node=4991/7910 op=scatter seconds=616.583 eta_seconds=360.61 bootstraps=474
node=5001/7910 op=mul seconds=616.745 eta_seconds=358.751 bootstraps=474
node=5011/7910 op=sum seconds=617.056 eta_seconds=356.984 bootstraps=474
node=5021/7910 op=add seconds=617.218 eta_seconds=355.137 bootstraps=474
node=5031/7910 op=add seconds=619.523 eta_seconds=354.523 bootstraps=476
node=5041/7910 op=linear_ref seconds=621.517 eta_seconds=353.726 bootstraps=478
node=5051/7910 op=mulp seconds=623.478 eta_seconds=352.905 bootstraps=480
node=5061/7910 op=gather seconds=625.461 eta_seconds=352.092 bootstraps=482
node=5071/7910 op=cheb seconds=629.508 eta_seconds=352.43 bootstraps=486
node=5081/7910 op=sum seconds=629.926 eta_seconds=350.731 bootstraps=486
node=5091/7910 op=addp seconds=630.124 eta_seconds=348.914 bootstraps=486
node=5101/7910 op=gather seconds=630.453 eta_seconds=347.175 bootstraps=486
node=5111/7910 op=add seconds=632.293 eta_seconds=346.271 bootstraps=488
node=5121/7910 op=add seconds=633.233 eta_seconds=344.872 bootstraps=488
node=5131/7910 op=add seconds=633.909 eta_seconds=343.331 bootstraps=488
node=5141/7910 op=mulp seconds=633.938 eta_seconds=341.446 bootstraps=488
node=5151/7910 op=repeat seconds=634.299 eta_seconds=339.746 bootstraps=488
node=5161/7910 op=sum seconds=634.471 eta_seconds=337.95 bootstraps=488
node=5171/7910 op=scatter seconds=636.73 eta_seconds=337.266 bootstraps=490
node=5181/7910 op=gather seconds=638.733 eta_seconds=336.441 bootstraps=492
node=5191/7910 op=cheb seconds=642.201 eta_seconds=336.379 bootstraps=496
node=5201/7910 op=gather seconds=642.871 eta_seconds=334.846 bootstraps=496
node=5211/7910 op=repeat seconds=645.272 eta_seconds=334.214 bootstraps=498
node=5221/7910 op=addp seconds=645.675 eta_seconds=332.546 bootstraps=498
node=5231/7910 op=repeat seconds=645.92 eta_seconds=330.801 bootstraps=498
node=5241/7910 op=mul seconds=646.166 eta_seconds=329.063 bootstraps=498
node=5251/7910 op=scatter seconds=648.437 eta_seconds=328.355 bootstraps=500
node=5261/7910 op=mul seconds=649.035 eta_seconds=326.8 bootstraps=500
node=5271/7910 op=addp seconds=649.698 eta_seconds=325.28 bootstraps=500
node=5281/7910 op=sum seconds=649.852 eta_seconds=323.511 bootstraps=500
node=5291/7910 op=add seconds=650.082 eta_seconds=321.785 bootstraps=500
node=5301/7910 op=repeat seconds=650.3 eta_seconds=320.059 bootstraps=500
node=5311/7910 op=mulp seconds=652.55 eta_seconds=319.333 bootstraps=502
node=5321/7910 op=mul seconds=654.621 eta_seconds=318.514 bootstraps=504
node=5331/7910 op=mul seconds=656.6 eta_seconds=317.646 bootstraps=506
node=5341/7910 op=gather seconds=657.238 eta_seconds=316.129 bootstraps=506
node=5351/7910 op=mul seconds=659.932 eta_seconds=315.598 bootstraps=508
node=5361/7910 op=repeat seconds=660.185 eta_seconds=313.899 bootstraps=508
node=5371/7910 op=mulp seconds=660.308 eta_seconds=312.143 bootstraps=508
node=5381/7910 op=add seconds=662.151 eta_seconds=311.203 bootstraps=510
node=5391/7910 op=add seconds=662.978 eta_seconds=309.783 bootstraps=510
node=5401/7910 op=scatter seconds=663.558 eta_seconds=308.252 bootstraps=510
node=5411/7910 op=mul seconds=664.106 eta_seconds=306.709 bootstraps=510
node=5421/7910 op=repeat seconds=664.366 eta_seconds=305.037 bootstraps=510
node=5431/7910 op=sum seconds=664.542 eta_seconds=303.333 bootstraps=510
node=5441/7910 op=add seconds=664.703 eta_seconds=301.627 bootstraps=510
node=5451/7910 op=cheb seconds=666.997 eta_seconds=300.889 bootstraps=512
node=5461/7910 op=add seconds=669.447 eta_seconds=300.215 bootstraps=514
node=5471/7910 op=linear_ref seconds=671.582 eta_seconds=299.395 bootstraps=516
node=5481/7910 op=cheb seconds=671.679 eta_seconds=297.666 bootstraps=516
node=5491/7910 op=add seconds=674.26 eta_seconds=297.038 bootstraps=518
node=5501/7910 op=mulp seconds=675.977 eta_seconds=296.024 bootstraps=520
node=5511/7910 op=addp seconds=677.535 eta_seconds=294.939 bootstraps=522
node=5521/7910 op=mul seconds=678.014 eta_seconds=293.384 bootstraps=522
node=5531/7910 op=gather seconds=678.882 eta_seconds=292.002 bootstraps=522
node=5541/7910 op=add seconds=680.634 eta_seconds=290.998 bootstraps=524
node=5551/7910 op=mul seconds=681.14 eta_seconds=289.463 bootstraps=524
node=5561/7910 op=add seconds=681.405 eta_seconds=287.83 bootstraps=524
node=5571/7910 op=repeat seconds=681.626 eta_seconds=286.183 bootstraps=524
node=5581/7910 op=mul seconds=683.171 eta_seconds=285.093 bootstraps=526
node=5591/7910 op=mul seconds=683.983 eta_seconds=283.698 bootstraps=526
node=5601/7910 op=scatter seconds=686.363 eta_seconds=282.952 bootstraps=528
node=5611/7910 op=gather seconds=688.507 eta_seconds=282.103 bootstraps=530
node=5621/7910 op=mul seconds=690.698 eta_seconds=281.268 bootstraps=532
node=5631/7910 op=cheb seconds=694.004 eta_seconds=280.88 bootstraps=536
node=5641/7910 op=sum seconds=695.5 eta_seconds=279.753 bootstraps=538
node=5651/7910 op=addp seconds=697.028 eta_seconds=278.638 bootstraps=540
node=5661/7910 op=scatter seconds=697.599 eta_seconds=277.142 bootstraps=540
node=5671/7910 op=mul seconds=698.284 eta_seconds=275.694 bootstraps=540
node=5681/7910 op=scatter seconds=700.393 eta_seconds=274.807 bootstraps=542
node=5691/7910 op=mul seconds=700.562 eta_seconds=273.159 bootstraps=542
node=5701/7910 op=sum seconds=700.998 eta_seconds=271.62 bootstraps=542
node=5711/7910 op=add seconds=701.394 eta_seconds=270.069 bootstraps=542
node=5721/7910 op=add seconds=702.054 eta_seconds=268.624 bootstraps=542
node=5731/7910 op=linear_ref seconds=704.157 eta_seconds=267.73 bootstraps=544
node=5741/7910 op=mulp seconds=706.149 eta_seconds=266.789 bootstraps=546
node=5751/7910 op=gather seconds=708.275 eta_seconds=265.896 bootstraps=548
node=5761/7910 op=cheb seconds=712.779 eta_seconds=265.885 bootstraps=552
node=5771/7910 op=sum seconds=713.251 eta_seconds=264.364 bootstraps=552
node=5781/7910 op=addp seconds=713.45 eta_seconds=262.746 bootstraps=552
node=5791/7910 op=gather seconds=713.817 eta_seconds=261.195 bootstraps=552
node=5801/7910 op=add seconds=715.657 eta_seconds=260.183 bootstraps=554
node=5811/7910 op=add seconds=716.561 eta_seconds=258.83 bootstraps=554
node=5821/7910 op=add seconds=717.23 eta_seconds=257.394 bootstraps=554
node=5831/7910 op=mulp seconds=717.257 eta_seconds=255.733 bootstraps=554
node=5841/7910 op=repeat seconds=717.622 eta_seconds=254.196 bootstraps=554
node=5851/7910 op=sum seconds=717.794 eta_seconds=252.596 bootstraps=554
node=5861/7910 op=scatter seconds=720.094 eta_seconds=251.744 bootstraps=556
node=5871/7910 op=gather seconds=720.67 eta_seconds=250.289 bootstraps=556
node=5881/7910 op=cheb seconds=724.128 eta_seconds=249.831 bootstraps=560
node=5891/7910 op=gather seconds=724.801 eta_seconds=248.408 bootstraps=560
node=5901/7910 op=repeat seconds=727.268 eta_seconds=247.599 bootstraps=562
node=5911/7910 op=addp seconds=727.671 eta_seconds=246.086 bootstraps=562
node=5921/7910 op=repeat seconds=727.888 eta_seconds=244.514 bootstraps=562
node=5931/7910 op=mul seconds=729.743 eta_seconds=243.494 bootstraps=564
node=5941/7910 op=scatter seconds=730.398 eta_seconds=242.073 bootstraps=564
node=5951/7910 op=mul seconds=730.989 eta_seconds=240.633 bootstraps=564
node=5961/7910 op=addp seconds=731.654 eta_seconds=239.221 bootstraps=564
node=5971/7910 op=sum seconds=731.808 eta_seconds=237.644 bootstraps=564
node=5981/7910 op=add seconds=732.04 eta_seconds=236.098 bootstraps=564
node=5991/7910 op=repeat seconds=732.261 eta_seconds=234.553 bootstraps=564
node=6001/7910 op=mulp seconds=734.512 eta_seconds=233.658 bootstraps=566
node=6011/7910 op=mul seconds=736.582 eta_seconds=232.701 bootstraps=568
node=6021/7910 op=mul seconds=738.55 eta_seconds=231.709 bootstraps=570
node=6031/7910 op=gather seconds=739.188 eta_seconds=230.299 bootstraps=570
node=6041/7910 op=mul seconds=741.834 eta_seconds=229.513 bootstraps=572
node=6051/7910 op=repeat seconds=742.094 eta_seconds=227.987 bootstraps=572
node=6061/7910 op=mulp seconds=742.218 eta_seconds=226.425 bootstraps=572
node=6071/7910 op=add seconds=742.458 eta_seconds=224.902 bootstraps=572
node=6081/7910 op=add seconds=744.906 eta_seconds=224.048 bootstraps=574
node=6091/7910 op=scatter seconds=745.487 eta_seconds=222.63 bootstraps=574
node=6101/7910 op=mul seconds=746.036 eta_seconds=221.206 bootstraps=574
node=6111/7910 op=repeat seconds=746.298 eta_seconds=219.701 bootstraps=574
node=6121/7910 op=sum seconds=746.475 eta_seconds=218.174 bootstraps=574
node=6131/7910 op=add seconds=746.636 eta_seconds=216.648 bootstraps=574
node=6141/7910 op=cheb seconds=750.31 eta_seconds=216.137 bootstraps=578
node=6151/7910 op=add seconds=752.867 eta_seconds=215.297 bootstraps=580
client_token=1614 logit_margin=0.201385
node=6161/7910 op=feedback seconds=754.661 eta_seconds=214.235 bootstraps=582
node=6171/7910 op=linear_ref seconds=756.665 eta_seconds=213.23 bootstraps=582
node=6181/7910 op=cheb seconds=757.011 eta_seconds=211.757 bootstraps=582
node=6191/7910 op=add seconds=759 eta_seconds=210.745 bootstraps=582
node=6201/7910 op=mulp seconds=759.63 eta_seconds=209.355 bootstraps=582
node=6211/7910 op=addp seconds=759.98 eta_seconds=207.89 bootstraps=582
node=6221/7910 op=mul seconds=760.375 eta_seconds=206.442 bootstraps=582
node=6231/7910 op=gather seconds=761.269 eta_seconds=205.131 bootstraps=582
node=6241/7910 op=add seconds=761.467 eta_seconds=203.635 bootstraps=582
node=6251/7910 op=mul seconds=761.83 eta_seconds=202.188 bootstraps=582
node=6261/7910 op=mul seconds=763.616 eta_seconds=201.119 bootstraps=584
node=6271/7910 op=mul seconds=764.135 eta_seconds=199.716 bootstraps=584
node=6281/7910 op=mul seconds=764.379 eta_seconds=198.244 bootstraps=584
node=6291/7910 op=mul seconds=765.195 eta_seconds=196.924 bootstraps=584
node=6301/7910 op=gather seconds=767.291 eta_seconds=195.933 bootstraps=586
node=6311/7910 op=addp seconds=769.26 eta_seconds=194.905 bootstraps=588
node=6321/7910 op=gather seconds=771.292 eta_seconds=193.891 bootstraps=590
node=6331/7910 op=cheb seconds=773.72 eta_seconds=192.972 bootstraps=592
node=6341/7910 op=mulp seconds=774.068 eta_seconds=191.533 bootstraps=592
node=6351/7910 op=cheb seconds=774.348 eta_seconds=190.082 bootstraps=592
node=6361/7910 op=mul seconds=776.191 eta_seconds=189.014 bootstraps=594
node=6371/7910 op=gather seconds=776.725 eta_seconds=187.628 bootstraps=594
node=6381/7910 op=mul seconds=777.422 eta_seconds=186.284 bootstraps=594
node=6391/7910 op=mulp seconds=778.088 eta_seconds=184.934 bootstraps=594
node=6401/7910 op=mulp seconds=778.124 eta_seconds=183.438 bootstraps=594
node=6411/7910 op=repeat seconds=778.477 eta_seconds=182.021 bootstraps=594
node=6421/7910 op=sum seconds=778.648 eta_seconds=180.565 bootstraps=594
node=6431/7910 op=add seconds=778.812 eta_seconds=179.111 bootstraps=594
node=6441/7910 op=cheb seconds=782.467 eta_seconds=178.457 bootstraps=598
node=6451/7910 op=add seconds=784.954 eta_seconds=177.53 bootstraps=600
node=6461/7910 op=linear_ref seconds=787.094 eta_seconds=176.52 bootstraps=602
node=6471/7910 op=cheb seconds=787.178 eta_seconds=175.05 bootstraps=602
node=6481/7910 op=add seconds=791.416 eta_seconds=174.5 bootstraps=606
node=6491/7910 op=mulp seconds=791.677 eta_seconds=173.069 bootstraps=606
node=6501/7910 op=addp seconds=791.836 eta_seconds=171.619 bootstraps=606
node=6511/7910 op=mul seconds=792.064 eta_seconds=170.189 bootstraps=606
node=6521/7910 op=gather seconds=794.776 eta_seconds=169.291 bootstraps=608
node=6531/7910 op=add seconds=795.039 eta_seconds=167.87 bootstraps=608
node=6541/7910 op=mul seconds=795.473 eta_seconds=166.489 bootstraps=608
node=6551/7910 op=mul seconds=795.731 eta_seconds=165.074 bootstraps=608
node=6561/7910 op=mul seconds=795.905 eta_seconds=163.645 bootstraps=608
node=6571/7910 op=mul seconds=796.067 eta_seconds=162.218 bootstraps=608
node=6581/7910 op=mul seconds=798.325 eta_seconds=161.218 bootstraps=610
node=6591/7910 op=gather seconds=798.894 eta_seconds=159.876 bootstraps=610
node=6601/7910 op=addp seconds=800.846 eta_seconds=158.81 bootstraps=612
node=6611/7910 op=gather seconds=802.834 eta_seconds=157.749 bootstraps=614
node=6621/7910 op=cheb seconds=805.247 eta_seconds=156.768 bootstraps=616
node=6631/7910 op=mulp seconds=805.595 eta_seconds=155.385 bootstraps=616
node=6641/7910 op=cheb seconds=805.805 eta_seconds=153.978 bootstraps=616
node=6651/7910 op=mul seconds=806.064 eta_seconds=152.584 bootstraps=616
node=6661/7910 op=gather seconds=808.182 eta_seconds=151.542 bootstraps=618
node=6671/7910 op=mul seconds=808.89 eta_seconds=150.234 bootstraps=618
node=6681/7910 op=mulp seconds=809.554 eta_seconds=148.921 bootstraps=618
node=6691/7910 op=mulp seconds=809.587 eta_seconds=147.495 bootstraps=618
node=6701/7910 op=repeat seconds=809.941 eta_seconds=146.13 bootstraps=618
node=6711/7910 op=sum seconds=810.112 eta_seconds=144.736 bootstraps=618
node=6721/7910 op=add seconds=810.271 eta_seconds=143.344 bootstraps=618
node=6731/7910 op=cheb seconds=813.879 eta_seconds=142.559 bootstraps=622
node=6741/7910 op=add seconds=816.348 eta_seconds=141.568 bootstraps=624
node=6751/7910 op=linear_ref seconds=818.338 eta_seconds=140.491 bootstraps=626
node=6761/7910 op=cheb seconds=820.164 eta_seconds=139.383 bootstraps=628
node=6771/7910 op=add seconds=822.715 eta_seconds=138.395 bootstraps=630
node=6781/7910 op=mulp seconds=823.001 eta_seconds=137.025 bootstraps=630
node=6791/7910 op=addp seconds=823.16 eta_seconds=135.638 bootstraps=630
node=6801/7910 op=mul seconds=824.894 eta_seconds=134.511 bootstraps=632
node=6811/7910 op=gather seconds=826.098 eta_seconds=133.296 bootstraps=632
node=6821/7910 op=add seconds=826.364 eta_seconds=131.932 bootstraps=632
node=6831/7910 op=mul seconds=826.8 eta_seconds=130.598 bootstraps=632
node=6841/7910 op=mul seconds=827.061 eta_seconds=129.24 bootstraps=632
node=6851/7910 op=mul seconds=827.238 eta_seconds=127.871 bootstraps=632
node=6861/7910 op=mul seconds=827.399 eta_seconds=126.504 bootstraps=632
node=6871/7910 op=mul seconds=829.669 eta_seconds=125.459 bootstraps=634
node=6881/7910 op=gather seconds=831.669 eta_seconds=124.37 bootstraps=636
node=6891/7910 op=addp seconds=833.662 eta_seconds=123.277 bootstraps=638
node=6901/7910 op=gather seconds=835.8 eta_seconds=122.203 bootstraps=640
node=6911/7910 op=cheb seconds=838.192 eta_seconds=121.163 bootstraps=642
node=6921/7910 op=mulp seconds=838.598 eta_seconds=119.834 bootstraps=642
node=6931/7910 op=cheb seconds=838.838 eta_seconds=118.485 bootstraps=642
node=6941/7910 op=mul seconds=839.097 eta_seconds=117.142 bootstraps=642
node=6951/7910 op=gather seconds=841.223 eta_seconds=116.06 bootstraps=644
node=6961/7910 op=mul seconds=841.923 eta_seconds=114.78 bootstraps=644
node=6971/7910 op=mulp seconds=842.59 eta_seconds=113.498 bootstraps=644
node=6981/7910 op=mulp seconds=842.624 eta_seconds=112.133 bootstraps=644
node=6991/7910 op=repeat seconds=842.977 eta_seconds=110.813 bootstraps=644
node=7001/7910 op=sum seconds=843.149 eta_seconds=109.473 bootstraps=644
node=7011/7910 op=add seconds=843.311 eta_seconds=108.135 bootstraps=644
node=7021/7910 op=cheb seconds=845.589 eta_seconds=107.069 bootstraps=646
node=7031/7910 op=add seconds=848.001 eta_seconds=106.015 bootstraps=648
node=7041/7910 op=linear_ref seconds=850.151 eta_seconds=104.926 bootstraps=650
node=7051/7910 op=cheb seconds=850.237 eta_seconds=103.582 bootstraps=650
node=7061/7910 op=add seconds=852.903 eta_seconds=102.551 bootstraps=652
node=7071/7910 op=mulp seconds=853.151 eta_seconds=101.23 bootstraps=652
node=7081/7910 op=addp seconds=853.282 eta_seconds=99.897 bootstraps=652
node=7091/7910 op=mul seconds=855.126 eta_seconds=98.7658 bootstraps=654
node=7101/7910 op=gather seconds=856.32 eta_seconds=97.5585 bootstraps=654
node=7111/7910 op=add seconds=856.585 eta_seconds=96.2468 bootstraps=654
node=7121/7910 op=mul seconds=857.02 eta_seconds=94.957 bootstraps=654
node=7131/7910 op=mul seconds=857.279 eta_seconds=93.6503 bootstraps=654
node=7141/7910 op=mul seconds=857.453 eta_seconds=92.3374 bootstraps=654
node=7151/7910 op=mul seconds=857.614 eta_seconds=91.0263 bootstraps=654
node=7161/7910 op=mul seconds=859.868 eta_seconds=89.9374 bootstraps=656
node=7171/7910 op=gather seconds=860.452 eta_seconds=88.673 bootstraps=656
node=7181/7910 op=addp seconds=862.435 eta_seconds=87.5526 bootstraps=658
node=7191/7910 op=gather seconds=864.569 eta_seconds=86.4449 bootstraps=660
node=7201/7910 op=cheb seconds=866.946 eta_seconds=85.3582 bootstraps=662
node=7211/7910 op=mulp seconds=867.285 eta_seconds=84.0704 bootstraps=662
node=7221/7910 op=cheb seconds=870.404 eta_seconds=83.0506 bootstraps=666
node=7231/7910 op=mul seconds=870.92 eta_seconds=81.7805 bootstraps=666
node=7241/7910 op=gather seconds=871.378 eta_seconds=80.5071 bootstraps=666
node=7251/7910 op=mul seconds=871.814 eta_seconds=79.234 bootstraps=666
node=7261/7910 op=mulp seconds=874.003 eta_seconds=78.1198 bootstraps=668
node=7271/7910 op=mulp seconds=874.046 eta_seconds=76.8141 bootstraps=668
node=7281/7910 op=repeat seconds=874.4 eta_seconds=75.5387 bootstraps=668
node=7291/7910 op=sum seconds=874.571 eta_seconds=74.2504 bootstraps=668
node=7301/7910 op=add seconds=874.731 eta_seconds=72.9642 bootstraps=668
node=7311/7910 op=cheb seconds=876.933 eta_seconds=71.8483 bootstraps=670
node=7321/7910 op=add seconds=879.35 eta_seconds=70.7468 bootstraps=672
node=7331/7910 op=linear_ref seconds=881.499 eta_seconds=69.6205 bootstraps=674
node=7341/7910 op=cheb seconds=881.604 eta_seconds=68.333 bootstraps=674
node=7351/7910 op=add seconds=886.811 eta_seconds=67.4367 bootstraps=680
node=7361/7910 op=mulp seconds=888.469 eta_seconds=66.264 bootstraps=682
node=7371/7910 op=addp seconds=889.979 eta_seconds=65.0792 bootstraps=684
node=7381/7910 op=mul seconds=890.443 eta_seconds=63.8185 bootstraps=684
node=7391/7910 op=gather seconds=891.202 eta_seconds=62.5807 bootstraps=684
node=7401/7910 op=add seconds=892.975 eta_seconds=61.4139 bootstraps=686
node=7411/7910 op=mul seconds=893.448 eta_seconds=60.158 bootstraps=686
node=7421/7910 op=mul seconds=893.78 eta_seconds=58.8948 bootstraps=686
node=7431/7910 op=mul seconds=894.117 eta_seconds=57.6345 bootstraps=686
node=7441/7910 op=mul seconds=894.512 eta_seconds=56.3804 bootstraps=686
node=7451/7910 op=mul seconds=895.147 eta_seconds=55.1433 bootstraps=686
node=7461/7910 op=gather seconds=897.224 eta_seconds=53.9946 bootstraps=688
node=7471/7910 op=addp seconds=899.216 eta_seconds=52.8384 bootstraps=690
node=7481/7910 op=gather seconds=901.346 eta_seconds=51.6879 bootstraps=692
node=7491/7910 op=cheb seconds=906.005 eta_seconds=50.6763 bootstraps=696
node=7501/7910 op=mulp seconds=906.318 eta_seconds=49.4179 bootstraps=696
node=7511/7910 op=cheb seconds=906.641 eta_seconds=48.1626 bootstraps=696
node=7521/7910 op=mul seconds=908.385 eta_seconds=46.9834 bootstraps=698
node=7531/7910 op=gather seconds=908.907 eta_seconds=45.741 bootstraps=698
node=7541/7910 op=mul seconds=909.604 eta_seconds=44.5092 bootstraps=698
node=7551/7910 op=mulp seconds=910.269 eta_seconds=43.2773 bootstraps=698
node=7561/7910 op=mulp seconds=910.3 eta_seconds=42.0176 bootstraps=698
node=7571/7910 op=repeat seconds=910.653 eta_seconds=40.7755 bootstraps=698
node=7581/7910 op=sum seconds=910.823 eta_seconds=39.5279 bootstraps=698
node=7591/7910 op=add seconds=910.984 eta_seconds=38.2827 bootstraps=698
node=7601/7910 op=cheb seconds=913.319 eta_seconds=37.1287 bootstraps=700
node=7611/7910 op=add seconds=915.738 eta_seconds=35.975 bootstraps=702
node=7621/7910 op=linear_ref seconds=917.877 eta_seconds=34.8073 bootstraps=704
node=7631/7910 op=cheb seconds=917.963 eta_seconds=33.562 bootstraps=704
node=7641/7910 op=add seconds=920.614 eta_seconds=32.41 bootstraps=706
node=7651/7910 op=mulp seconds=920.86 eta_seconds=31.1727 bootstraps=706
node=7661/7910 op=addp seconds=920.992 eta_seconds=29.9343 bootstraps=706
node=7671/7910 op=mul seconds=922.826 eta_seconds=28.7518 bootstraps=708
node=7681/7910 op=gather seconds=924.052 eta_seconds=27.5495 bootstraps=708
node=7691/7910 op=add seconds=924.318 eta_seconds=26.3198 bootstraps=708
node=7701/7910 op=mul seconds=924.752 eta_seconds=25.0971 bootstraps=708
node=7711/7910 op=mul seconds=925.01 eta_seconds=23.872 bootstraps=708
node=7721/7910 op=mul seconds=925.184 eta_seconds=22.6473 bootstraps=708
node=7731/7910 op=mul seconds=925.347 eta_seconds=21.4251 bootstraps=708
node=7741/7910 op=mul seconds=927.605 eta_seconds=20.2513 bootstraps=710
node=7751/7910 op=gather seconds=928.177 eta_seconds=19.0401 bootstraps=710
node=7761/7910 op=addp seconds=930.165 eta_seconds=17.8578 bootstraps=712
node=7771/7910 op=gather seconds=932.299 eta_seconds=16.6761 bootstraps=714
node=7781/7910 op=cheb seconds=934.701 eta_seconds=15.4963 bootstraps=716
node=7791/7910 op=mulp seconds=935.105 eta_seconds=14.2828 bootstraps=716
node=7801/7910 op=cheb seconds=935.314 eta_seconds=13.0687 bootstraps=716
node=7811/7910 op=mul seconds=935.573 eta_seconds=11.8579 bootstraps=716
node=7821/7910 op=gather seconds=937.697 eta_seconds=10.6706 bootstraps=718
node=7831/7910 op=mul seconds=938.401 eta_seconds=9.46669 bootstraps=718
node=7841/7910 op=mulp seconds=939.066 eta_seconds=8.26369 bootstraps=718
node=7851/7910 op=mulp seconds=939.1 eta_seconds=7.05731 bootstraps=718
node=7861/7910 op=repeat seconds=939.453 eta_seconds=5.85589 bootstraps=718
node=7871/7910 op=sum seconds=939.624 eta_seconds=4.65574 bootstraps=718
node=7881/7910 op=add seconds=939.783 eta_seconds=3.45815 bootstraps=718
node=7891/7910 op=cheb seconds=943.4 eta_seconds=2.27152 bootstraps=722
node=7901/7910 op=add seconds=945.957 eta_seconds=1.07754 bootstraps=724
node=7910/7910 op=mulp seconds=947.508 eta_seconds=0 bootstraps=726
client_token=315 logit_margin=0.674902
passed=1 polynomial_error=0.000107086 exact_error=9.9908e-05 eval_seconds=947.589
