{
  "schema": "fhemamba-packed-run-v1",
  "started_utc": "2026-09-23T22:20:23.277236+00:00",
  "command": [
    "/home/kataiwa/fhemamba/mamba3-20260924/packed_fideslib-cache",
    "/home/kataiwa/fhemamba/mamba3-20260924/lm-layer1-prefix/program.txt",
    "/home/kataiwa/fhemamba/mamba3-20260924/cache-prefix-a1/native.json",
    "0.001",
    "0.001",
    "--planned-refresh",
    "--batch-refresh",
    "--profile-evaluation",
    "--inplace-ops"
  ],
  "binary_sha256": "a0ae813fa79c66564e902cde97b4e235eee3fac51d779e9d5bdce321726be5af",
  "manifest_sha256": "f836bff8529a8c0252a4e910253e6f4dc8dc2dde7786be3e70b71b5b1136ef1e",
  "program_sha256": "327df6348ae284e613ea8a0493def98cb70499034807b7a92fec4d9da8fcc607",
  "timeout_seconds": 65.0,
  "architecture": "mamba3",
  "tokens": 1,
  "timed_out": false,
  "returncode": 0,
  "wall_seconds": 48.663274586200714,
  "passed": true,
  "native_sha256": "833966ca24275ff6d08175acdcafd2bc9e4c028dbe2e4b0b1ef2e39a90cc72ff",
  "campaign_budget_seconds": 7200.0,
  "campaign_used_seconds": 6975.544955160469
}
a1 {'eval_seconds': 19.540851065, 'host_encodes': 888, 'plaintext_cache_hits': 0}
{
  "schema": "fhemamba-packed-run-v1",
  "started_utc": "2026-09-23T22:21:12.111440+00:00",
  "command": [
    "/home/kataiwa/fhemamba/mamba3-20260924/packed_fideslib-cache",
    "/home/kataiwa/fhemamba/mamba3-20260924/lm-layer1-prefix/program.txt",
    "/home/kataiwa/fhemamba/mamba3-20260924/cache-prefix-b1/native.json",
    "0.001",
    "0.001",
    "--planned-refresh",
    "--batch-refresh",
    "--profile-evaluation",
    "--inplace-ops",
    "--cache-plaintexts"
  ],
  "binary_sha256": "a0ae813fa79c66564e902cde97b4e235eee3fac51d779e9d5bdce321726be5af",
  "manifest_sha256": "f836bff8529a8c0252a4e910253e6f4dc8dc2dde7786be3e70b71b5b1136ef1e",
  "program_sha256": "327df6348ae284e613ea8a0493def98cb70499034807b7a92fec4d9da8fcc607",
  "timeout_seconds": 65.0,
  "architecture": "mamba3",
  "tokens": 1,
  "timed_out": false,
  "returncode": 0,
  "wall_seconds": 48.42761758994311,
  "passed": true,
  "native_sha256": "1073bd892b9be1f540e604e6ef6d4538ba8f433e9b91b0120340f8c8163dcb82",
  "campaign_budget_seconds": 7200.0,
  "campaign_used_seconds": 7024.0789787387475
}
b1 {'eval_seconds': 19.308695265, 'host_encodes': 825, 'plaintext_cache_hits': 63}
{
  "schema": "fhemamba-packed-run-v1",
  "started_utc": "2026-09-23T22:22:00.675208+00:00",
  "command": [
    "/home/kataiwa/fhemamba/mamba3-20260924/packed_fideslib-cache",
    "/home/kataiwa/fhemamba/mamba3-20260924/lm-layer1-prefix/program.txt",
    "/home/kataiwa/fhemamba/mamba3-20260924/cache-prefix-b2/native.json",
    "0.001",
    "0.001",
    "--planned-refresh",
    "--batch-refresh",
    "--profile-evaluation",
    "--inplace-ops",
    "--cache-plaintexts"
  ],
  "binary_sha256": "a0ae813fa79c66564e902cde97b4e235eee3fac51d779e9d5bdce321726be5af",
  "manifest_sha256": "f836bff8529a8c0252a4e910253e6f4dc8dc2dde7786be3e70b71b5b1136ef1e",
  "program_sha256": "327df6348ae284e613ea8a0493def98cb70499034807b7a92fec4d9da8fcc607",
  "timeout_seconds": 65.0,
  "architecture": "mamba3",
  "tokens": 1,
  "timed_out": false,
  "returncode": 0,
  "wall_seconds": 48.71839882526547,
  "passed": true,
  "native_sha256": "9ed1394d100f72b5b4e9d8b715d674e196c4dbc61ff931ed1ce5bdaa8f44cc80",
  "campaign_budget_seconds": 7200.0,
  "campaign_used_seconds": 7072.903697438538
}
b2 {'eval_seconds': 19.324161684, 'host_encodes': 825, 'plaintext_cache_hits': 63}
{
  "schema": "fhemamba-packed-run-v1",
  "started_utc": "2026-09-23T22:22:49.526148+00:00",
  "command": [
    "/home/kataiwa/fhemamba/mamba3-20260924/packed_fideslib-cache",
    "/home/kataiwa/fhemamba/mamba3-20260924/lm-layer1-prefix/program.txt",
    "/home/kataiwa/fhemamba/mamba3-20260924/cache-prefix-a2/native.json",
    "0.001",
    "0.001",
    "--planned-refresh",
    "--batch-refresh",
    "--profile-evaluation",
    "--inplace-ops"
  ],
  "binary_sha256": "a0ae813fa79c66564e902cde97b4e235eee3fac51d779e9d5bdce321726be5af",
  "manifest_sha256": "f836bff8529a8c0252a4e910253e6f4dc8dc2dde7786be3e70b71b5b1136ef1e",
  "program_sha256": "327df6348ae284e613ea8a0493def98cb70499034807b7a92fec4d9da8fcc607",
  "timeout_seconds": 65.0,
  "architecture": "mamba3",
  "tokens": 1,
  "timed_out": false,
  "returncode": 0,
  "wall_seconds": 48.880292383022606,
  "passed": true,
  "native_sha256": "7394a5a228d7419b778d10261adcc1cc04a1a0615959b54fdbc47627ba38899c",
  "campaign_budget_seconds": 7200.0,
  "campaign_used_seconds": 7121.891366691329
}
a2 {'eval_seconds': 19.646572519, 'host_encodes': 888, 'plaintext_cache_hits': 0}
