GPU 0: NVIDIA GB10
 SMs: 48, SharedMem: 100 KB, Blocks/SM: 24, Threads/SM: 1536, L2 size: 24 MB, Bus: 256-bit
Adding bootstrap precomputation to GPU for 32768 slots.
Plaintexts loaded: 248 ~ 6262MB
Rotation keys loaded: 85 ~ 15300MB
setup_seconds=26.6467
planned_logical_refreshes=623
node=1/7910 op=public seconds=0.180558 eta_seconds=1428.04 bootstraps=0
node=11/7910 op=public seconds=1.52333 eta_seconds=1093.89 bootstraps=0
node=21/7910 op=mul seconds=2.36529 eta_seconds=888.559 bootstraps=0
node=31/7910 op=gather seconds=4.0781 eta_seconds=1036.5 bootstraps=0
node=41/7910 op=mul seconds=5.08114 eta_seconds=975.207 bootstraps=0
node=51/7910 op=repeat seconds=5.81494 eta_seconds=896.072 bootstraps=0
node=61/7910 op=mulp seconds=6.17412 eta_seconds=794.437 bootstraps=0
node=71/7910 op=add seconds=6.6677 eta_seconds=736.17 bootstraps=0
node=81/7910 op=add seconds=7.22512 eta_seconds=698.339 bootstraps=0
node=91/7910 op=scatter seconds=7.7027 eta_seconds=661.84 bootstraps=0
node=111/7910 op=mul seconds=10.1066 eta_seconds=710.104 bootstraps=2
node=121/7910 op=mul seconds=10.9188 eta_seconds=702.866 bootstraps=2
node=131/7910 op=scatter seconds=13.7256 eta_seconds=815.049 bootstraps=4
node=141/7910 op=gather seconds=17.2319 eta_seconds=949.467 bootstraps=8
node=161/7910 op=cheb seconds=19.384 eta_seconds=932.963 bootstraps=10
node=171/7910 op=sum seconds=19.6081 eta_seconds=887.408 bootstraps=10
node=181/7910 op=addp seconds=19.7473 eta_seconds=843.241 bootstraps=10
node=191/7910 op=scatter seconds=21.6847 eta_seconds=876.358 bootstraps=12
node=201/7910 op=mul seconds=22.6792 eta_seconds=869.821 bootstraps=12
node=211/7910 op=scatter seconds=23.1723 eta_seconds=845.516 bootstraps=12
node=221/7910 op=sum seconds=23.4366 eta_seconds=815.403 bootstraps=12
node=231/7910 op=scatter seconds=25.4541 eta_seconds=846.157 bootstraps=14
node=241/7910 op=gather seconds=27.6466 eta_seconds=879.76 bootstraps=16
node=251/7910 op=cheb seconds=31.1304 eta_seconds=949.912 bootstraps=20
node=271/7910 op=repeat seconds=33.7472 eta_seconds=951.273 bootstraps=22
node=281/7910 op=addp seconds=34.1581 eta_seconds=927.374 bootstraps=22
node=291/7910 op=repeat seconds=34.4199 eta_seconds=901.186 bootstraps=22
node=301/7910 op=mul seconds=34.6728 eta_seconds=876.497 bootstraps=22
node=311/7910 op=scatter seconds=36.8809 eta_seconds=901.151 bootstraps=24
node=321/7910 op=mul seconds=37.5007 eta_seconds=886.582 bootstraps=24
node=341/7910 op=add seconds=38.4574 eta_seconds=853.62 bootstraps=24
node=351/7910 op=cheb seconds=40.7821 eta_seconds=878.267 bootstraps=26
node=361/7910 op=add seconds=43.2091 eta_seconds=903.561 bootstraps=28
node=371/7910 op=linear seconds=45.2364 eta_seconds=919.238 bootstraps=30
node=381/7910 op=cheb seconds=46.9654 eta_seconds=928.09 bootstraps=32
node=391/7910 op=add seconds=47.4227 eta_seconds=911.947 bootstraps=32
node=401/7910 op=mulp seconds=47.6966 eta_seconds=893.151 bootstraps=32
node=411/7910 op=addp seconds=47.8311 eta_seconds=872.714 bootstraps=32
node=421/7910 op=mul seconds=48.0683 eta_seconds=855.068 bootstraps=32
node=431/7910 op=gather seconds=52.1704 eta_seconds=905.296 bootstraps=36
node=441/7910 op=add seconds=52.45 eta_seconds=888.321 bootstraps=36
node=451/7910 op=mulp seconds=52.9067 eta_seconds=875.014 bootstraps=36
node=461/7910 op=add seconds=55.3609 eta_seconds=894.542 bootstraps=38
node=471/7910 op=linear seconds=57.3889 eta_seconds=906.404 bootstraps=40
node=481/7910 op=mulp seconds=59.3743 eta_seconds=917.031 bootstraps=42
node=491/7910 op=gather seconds=61.3886 eta_seconds=927.58 bootstraps=44
node=501/7910 op=cheb seconds=63.3308 eta_seconds=936.563 bootstraps=46
node=511/7910 op=sum seconds=63.773 eta_seconds=923.397 bootstraps=46
node=521/7910 op=addp seconds=63.9877 eta_seconds=907.496 bootstraps=46
node=531/7910 op=gather seconds=64.3282 eta_seconds=893.932 bootstraps=46
node=541/7910 op=add seconds=66.1819 eta_seconds=901.469 bootstraps=48
node=551/7910 op=add seconds=67.1151 eta_seconds=896.37 bootstraps=48
node=561/7910 op=add seconds=67.822 eta_seconds=888.456 bootstraps=48
node=571/7910 op=repeat seconds=68.0778 eta_seconds=874.996 bootstraps=48
node=581/7910 op=mulp seconds=70.2941 eta_seconds=886.722 bootstraps=50
node=591/7910 op=mul seconds=73.8597 eta_seconds=914.686 bootstraps=54
node=601/7910 op=mul seconds=75.8642 eta_seconds=922.615 bootstraps=56
node=611/7910 op=gather seconds=76.5304 eta_seconds=914.231 bootstraps=56
node=621/7910 op=mul seconds=78.7019 eta_seconds=923.765 bootstraps=58
node=631/7910 op=repeat seconds=78.9745 eta_seconds=911.023 bootstraps=58
node=641/7910 op=mulp seconds=79.1335 eta_seconds=897.382 bootstraps=58
node=651/7910 op=add seconds=79.3812 eta_seconds=885.143 bootstraps=58
node=661/7910 op=add seconds=83.0778 eta_seconds=911.091 bootstraps=62
node=671/7910 op=scatter seconds=83.6867 eta_seconds=902.844 bootstraps=62
node=691/7910 op=mul seconds=84.6409 eta_seconds=884.259 bootstraps=62
node=701/7910 op=mul seconds=86.8833 eta_seconds=893.497 bootstraps=64
node=711/7910 op=scatter seconds=89.3417 eta_seconds=904.6 bootstraps=66
node=721/7910 op=gather seconds=91.5233 eta_seconds=912.568 bootstraps=68
node=741/7910 op=cheb seconds=93.887 eta_seconds=908.334 bootstraps=70
node=751/7910 op=sum seconds=94.0818 eta_seconds=896.846 bootstraps=70
node=761/7910 op=addp seconds=94.2004 eta_seconds=884.939 bootstraps=70
node=771/7910 op=scatter seconds=96.1015 eta_seconds=889.842 bootstraps=72
node=781/7910 op=mul seconds=97.2012 eta_seconds=887.257 bootstraps=72
node=791/7910 op=scatter seconds=97.761 eta_seconds=879.849 bootstraps=72
node=801/7910 op=sum seconds=98.0512 eta_seconds=870.219 bootstraps=72
node=811/7910 op=scatter seconds=100.36 eta_seconds=878.49 bootstraps=74
node=821/7910 op=gather seconds=100.968 eta_seconds=871.818 bootstraps=74
node=831/7910 op=cheb seconds=104.441 eta_seconds=889.7 bootstraps=78
node=851/7910 op=repeat seconds=106.883 eta_seconds=886.589 bootstraps=80
node=861/7910 op=addp seconds=107.226 eta_seconds=877.86 bootstraps=80
node=871/7910 op=repeat seconds=110.289 eta_seconds=891.3 bootstraps=84
node=881/7910 op=mul seconds=110.808 eta_seconds=884.078 bootstraps=84
node=891/7910 op=scatter seconds=111.37 eta_seconds=877.336 bootstraps=84
node=901/7910 op=mul seconds=111.742 eta_seconds=869.257 bootstraps=84
node=921/7910 op=add seconds=114.233 eta_seconds=866.855 bootstraps=86
node=931/7910 op=cheb seconds=116.479 eta_seconds=873.156 bootstraps=88
node=941/7910 op=add seconds=118.948 eta_seconds=880.926 bootstraps=90
node=951/7910 op=linear seconds=121.119 eta_seconds=886.293 bootstraps=92
node=961/7910 op=cheb seconds=121.22 eta_seconds=876.546 bootstraps=92
node=971/7910 op=add seconds=123.045 eta_seconds=879.309 bootstraps=94
node=981/7910 op=mulp seconds=124.763 eta_seconds=881.228 bootstraps=96
node=991/7910 op=addp seconds=126.276 eta_seconds=881.642 bootstraps=98
node=1001/7910 op=mul seconds=126.76 eta_seconds=874.908 bootstraps=98
node=1011/7910 op=gather seconds=127.553 eta_seconds=870.412 bootstraps=98
node=1021/7910 op=add seconds=129.349 eta_seconds=872.758 bootstraps=100
node=1031/7910 op=mulp seconds=129.837 eta_seconds=866.295 bootstraps=100
node=1041/7910 op=add seconds=130.745 eta_seconds=862.716 bootstraps=100
node=1051/7910 op=linear seconds=132.915 eta_seconds=867.423 bootstraps=102
node=1061/7910 op=mulp seconds=134.845 eta_seconds=870.457 bootstraps=104
node=1071/7910 op=gather seconds=137.014 eta_seconds=874.917 bootstraps=106
node=1081/7910 op=cheb seconds=138.914 eta_seconds=877.561 bootstraps=108
node=1091/7910 op=sum seconds=139.421 eta_seconds=871.411 bootstraps=108
node=1101/7910 op=addp seconds=139.633 eta_seconds=863.543 bootstraps=108
node=1111/7910 op=gather seconds=140.021 eta_seconds=856.891 bootstraps=108
node=1121/7910 op=add seconds=141.88 eta_seconds=859.254 bootstraps=110
node=1131/7910 op=add seconds=142.816 eta_seconds=856.012 bootstraps=110
node=1141/7910 op=add seconds=143.522 eta_seconds=851.446 bootstraps=110
node=1151/7910 op=repeat seconds=143.778 eta_seconds=844.303 bootstraps=110
node=1161/7910 op=mulp seconds=146.088 eta_seconds=849.22 bootstraps=112
node=1171/7910 op=mul seconds=148.197 eta_seconds=852.86 bootstraps=114
node=1181/7910 op=mul seconds=150.196 eta_seconds=855.776 bootstraps=116
node=1191/7910 op=gather seconds=150.855 eta_seconds=851.046 bootstraps=116
node=1201/7910 op=mul seconds=153.082 eta_seconds=855.144 bootstraps=118
node=1211/7910 op=repeat seconds=153.344 eta_seconds=848.269 bootstraps=118
node=1221/7910 op=mulp seconds=153.469 eta_seconds=840.751 bootstraps=118
node=1231/7910 op=add seconds=155.222 eta_seconds=842.181 bootstraps=120
node=1241/7910 op=add seconds=156.067 eta_seconds=838.688 bootstraps=120
node=1251/7910 op=scatter seconds=156.669 eta_seconds=833.939 bootstraps=120
node=1271/7910 op=mul seconds=157.619 eta_seconds=823.317 bootstraps=120
node=1281/7910 op=mul seconds=159.853 eta_seconds=827.217 bootstraps=122
node=1291/7910 op=scatter seconds=162.294 eta_seconds=832.085 bootstraps=124
node=1301/7910 op=gather seconds=164.475 eta_seconds=835.52 bootstraps=126
node=1321/7910 op=cheb seconds=166.792 eta_seconds=831.942 bootstraps=128
node=1331/7910 op=sum seconds=166.988 eta_seconds=825.404 bootstraps=128
node=1341/7910 op=addp seconds=167.108 eta_seconds=818.594 bootstraps=128
node=1351/7910 op=scatter seconds=169.014 eta_seconds=820.55 bootstraps=130
node=1361/7910 op=mul seconds=170.137 eta_seconds=818.68 bootstraps=130
node=1371/7910 op=scatter seconds=170.702 eta_seconds=814.163 bootstraps=130
node=1381/7910 op=sum seconds=170.994 eta_seconds=808.414 bootstraps=130
node=1391/7910 op=scatter seconds=174.634 eta_seconds=818.434 bootstraps=134
node=1401/7910 op=gather seconds=175.33 eta_seconds=814.577 bootstraps=134
node=1411/7910 op=cheb seconds=178.936 eta_seconds=824.173 bootstraps=138
node=1421/7910 op=cheb seconds=179.51 eta_seconds=819.734 bootstraps=138
node=1431/7910 op=gather seconds=181.321 eta_seconds=820.948 bootstraps=138
node=1441/7910 op=repeat seconds=184.872 eta_seconds=829.936 bootstraps=140
node=1451/7910 op=addp seconds=185.568 eta_seconds=826.04 bootstraps=140
node=1461/7910 op=repeat seconds=186.194 eta_seconds=821.881 bootstraps=140
node=1471/7910 op=mul seconds=186.642 eta_seconds=816.988 bootstraps=140
node=1481/7910 op=scatter seconds=187.084 eta_seconds=812.131 bootstraps=140
node=1491/7910 op=mul seconds=187.601 eta_seconds=807.654 bootstraps=140
node=1501/7910 op=addp seconds=188.166 eta_seconds=803.436 bootstraps=140
node=1511/7910 op=repeat seconds=189.96 eta_seconds=804.472 bootstraps=142
node=1521/7910 op=mul seconds=190.639 eta_seconds=800.783 bootstraps=142
node=1531/7910 op=mul seconds=192.755 eta_seconds=803.125 bootstraps=144
node=1541/7910 op=scatter seconds=195.2 eta_seconds=806.766 bootstraps=146
node=1551/7910 op=gather seconds=198.621 eta_seconds=814.333 bootstraps=150
node=1561/7910 op=mul seconds=199.248 eta_seconds=810.394 bootstraps=150
node=1571/7910 op=cheb seconds=202.622 eta_seconds=817.58 bootstraps=154
node=1581/7910 op=sum seconds=202.847 eta_seconds=812.03 bootstraps=154
node=1591/7910 op=addp seconds=202.986 eta_seconds=806.204 bootstraps=154
node=1601/7910 op=scatter seconds=204.933 eta_seconds=807.571 bootstraps=156
node=1611/7910 op=mul seconds=205.923 eta_seconds=805.157 bootstraps=156
node=1621/7910 op=scatter seconds=206.414 eta_seconds=800.827 bootstraps=156
node=1631/7910 op=mulp seconds=206.584 eta_seconds=795.303 bootstraps=156
node=1641/7910 op=repeat seconds=208.593 eta_seconds=796.874 bootstraps=158
node=1651/7910 op=mulp seconds=210.435 eta_seconds=797.765 bootstraps=160
node=1661/7910 op=mul seconds=212.751 eta_seconds=800.41 bootstraps=162
node=1671/7910 op=mul seconds=214.746 eta_seconds=801.795 bootstraps=164
node=1681/7910 op=gather seconds=215.413 eta_seconds=798.22 bootstraps=164
node=1691/7910 op=mul seconds=219.901 eta_seconds=808.731 bootstraps=168
node=1701/7910 op=repeat seconds=220.171 eta_seconds=803.668 bootstraps=168
node=1711/7910 op=mulp seconds=220.331 eta_seconds=798.264 bootstraps=168
node=1721/7910 op=add seconds=220.577 eta_seconds=793.232 bootstraps=168
node=1731/7910 op=add seconds=222.901 eta_seconds=795.671 bootstraps=170
node=1741/7910 op=scatter seconds=223.504 eta_seconds=791.958 bootstraps=170
node=1751/7910 op=mul seconds=224.087 eta_seconds=788.208 bootstraps=170
node=1761/7910 op=add seconds=224.349 eta_seconds=783.376 bootstraps=170
node=1771/7910 op=add seconds=226.668 eta_seconds=785.723 bootstraps=172
node=1781/7910 op=linear_ref seconds=227.265 eta_seconds=782.094 bootstraps=172
node=1791/7910 op=mulp seconds=229.272 eta_seconds=783.315 bootstraps=174
node=1801/7910 op=gather seconds=231.284 eta_seconds=784.518 bootstraps=176
node=1811/7910 op=cheb seconds=233.692 eta_seconds=787.018 bootstraps=178
node=1821/7910 op=sum seconds=234.173 eta_seconds=783.019 bootstraps=178
node=1831/7910 op=addp seconds=234.339 eta_seconds=778.017 bootstraps=178
node=1841/7910 op=gather seconds=234.67 eta_seconds=773.606 bootstraps=178
node=1851/7910 op=add seconds=236.623 eta_seconds=774.552 bootstraps=180
node=1861/7910 op=add seconds=237.563 eta_seconds=772.176 bootstraps=180
node=1871/7910 op=add seconds=238.28 eta_seconds=769.093 bootstraps=180
node=1881/7910 op=sum seconds=238.439 eta_seconds=764.248 bootstraps=180
node=1891/7910 op=add seconds=238.68 eta_seconds=759.71 bootstraps=180
node=1901/7910 op=cheb seconds=242.358 eta_seconds=766.087 bootstraps=184
node=1911/7910 op=add seconds=244.888 eta_seconds=768.752 bootstraps=186
node=1921/7910 op=linear_ref seconds=246.914 eta_seconds=769.791 bootstraps=188
node=1931/7910 op=cheb seconds=248.75 eta_seconds=770.21 bootstraps=190
node=1941/7910 op=add seconds=251.491 eta_seconds=773.389 bootstraps=192
node=1951/7910 op=mulp seconds=251.798 eta_seconds=769.073 bootstraps=192
node=1961/7910 op=addp seconds=251.964 eta_seconds=764.372 bootstraps=192
node=1971/7910 op=mul seconds=253.702 eta_seconds=764.453 bootstraps=194
node=1981/7910 op=gather seconds=254.997 eta_seconds=763.189 bootstraps=194
node=1991/7910 op=add seconds=255.274 eta_seconds=758.899 bootstraps=194
node=2001/7910 op=mul seconds=255.731 eta_seconds=755.181 bootstraps=194
node=2011/7910 op=sum seconds=256.052 eta_seconds=751.094 bootstraps=194
node=2021/7910 op=scatter seconds=258.299 eta_seconds=752.658 bootstraps=196
node=2031/7910 op=gather seconds=260.329 eta_seconds=753.556 bootstraps=198
node=2041/7910 op=cheb seconds=263.839 eta_seconds=758.683 bootstraps=202
node=2051/7910 op=gather seconds=264.537 eta_seconds=755.691 bootstraps=202
node=2061/7910 op=repeat seconds=267.046 eta_seconds=757.861 bootstraps=204
node=2071/7910 op=addp seconds=267.457 eta_seconds=754.072 bootstraps=204
node=2081/7910 op=repeat seconds=267.72 eta_seconds=749.9 bootstraps=204
node=2091/7910 op=mul seconds=267.973 eta_seconds=745.737 bootstraps=204
node=2101/7910 op=scatter seconds=270.262 eta_seconds=747.24 bootstraps=206
node=2111/7910 op=mul seconds=270.885 eta_seconds=744.132 bootstraps=206
node=2121/7910 op=addp seconds=271.592 eta_seconds=741.277 bootstraps=206
node=2131/7910 op=repeat seconds=271.859 eta_seconds=737.246 bootstraps=206
node=2141/7910 op=mul seconds=272.102 eta_seconds=733.189 bootstraps=206
node=2151/7910 op=mul seconds=274.331 eta_seconds=734.482 bootstraps=208
node=2161/7910 op=scatter seconds=276.769 eta_seconds=736.301 bootstraps=210
node=2171/7910 op=gather seconds=278.951 eta_seconds=737.401 bootstraps=212
node=2181/7910 op=mul seconds=281.21 eta_seconds=738.676 bootstraps=214
node=2191/7910 op=cheb seconds=281.913 eta_seconds=735.856 bootstraps=214
node=2201/7910 op=sum seconds=282.106 eta_seconds=731.732 bootstraps=214
node=2211/7910 op=addp seconds=282.225 eta_seconds=727.454 bootstraps=214
node=2221/7910 op=scatter seconds=284.223 eta_seconds=728.026 bootstraps=216
node=2231/7910 op=mul seconds=285.33 eta_seconds=726.305 bootstraps=216
node=2241/7910 op=scatter seconds=285.892 eta_seconds=723.214 bootstraps=216
node=2251/7910 op=mulp seconds=286.064 eta_seconds=719.163 bootstraps=216
node=2261/7910 op=repeat seconds=286.431 eta_seconds=715.634 bootstraps=216
node=2271/7910 op=mulp seconds=288.674 eta_seconds=716.791 bootstraps=218
node=2281/7910 op=mul seconds=290.807 eta_seconds=717.647 bootstraps=220
node=2291/7910 op=mul seconds=292.773 eta_seconds=718.068 bootstraps=222
node=2301/7910 op=gather seconds=293.48 eta_seconds=715.397 bootstraps=222
node=2311/7910 op=mul seconds=296.286 eta_seconds=717.829 bootstraps=224
node=2321/7910 op=repeat seconds=298.009 eta_seconds=717.609 bootstraps=226
node=2331/7910 op=mulp seconds=299.587 eta_seconds=717.03 bootstraps=228
node=2341/7910 op=add seconds=300.108 eta_seconds=713.927 bootstraps=228
node=2351/7910 op=add seconds=300.822 eta_seconds=711.301 bootstraps=228
node=2361/7910 op=scatter seconds=302.635 eta_seconds=711.276 bootstraps=230
node=2371/7910 op=mul seconds=303.31 eta_seconds=708.577 bootstraps=230
node=2381/7910 op=add seconds=303.576 eta_seconds=704.944 bootstraps=230
node=2391/7910 op=add seconds=305.837 eta_seconds=705.946 bootstraps=232
node=2401/7910 op=linear_ref seconds=306.4 eta_seconds=703.022 bootstraps=232
node=2411/7910 op=mulp seconds=308.428 eta_seconds=703.462 bootstraps=234
node=2421/7910 op=gather seconds=310.603 eta_seconds=704.213 bootstraps=236
node=2431/7910 op=cheb seconds=314.408 eta_seconds=708.613 bootstraps=240
node=2441/7910 op=sum seconds=316.295 eta_seconds=708.652 bootstraps=242
node=2451/7910 op=addp seconds=317.789 eta_seconds=707.796 bootstraps=244
node=2461/7910 op=gather seconds=319.759 eta_seconds=707.99 bootstraps=246
node=2471/7910 op=add seconds=319.97 eta_seconds=704.297 bootstraps=246
node=2481/7910 op=add seconds=320.596 eta_seconds=701.537 bootstraps=246
node=2491/7910 op=add seconds=322.862 eta_seconds=702.364 bootstraps=248
node=2501/7910 op=sum seconds=323.088 eta_seconds=698.753 bootstraps=248
node=2511/7910 op=add seconds=323.433 eta_seconds=695.425 bootstraps=248
node=2521/7910 op=cheb seconds=325.444 eta_seconds=695.683 bootstraps=250
node=2531/7910 op=add seconds=328.065 eta_seconds=697.219 bootstraps=252
node=2541/7910 op=linear_ref seconds=330.238 eta_seconds=697.776 bootstraps=254
node=2551/7910 op=cheb seconds=332.097 eta_seconds=697.652 bootstraps=256
node=2561/7910 op=add seconds=335.485 eta_seconds=700.705 bootstraps=258
node=2571/7910 op=mulp seconds=335.794 eta_seconds=697.317 bootstraps=258
node=2581/7910 op=addp seconds=336.009 eta_seconds=693.758 bootstraps=258
node=2591/7910 op=mul seconds=337.746 eta_seconds=693.35 bootstraps=260
node=2601/7910 op=gather seconds=339.038 eta_seconds=692.023 bootstraps=260
node=2611/7910 op=add seconds=339.315 eta_seconds=688.636 bootstraps=260
node=2621/7910 op=mul seconds=339.771 eta_seconds=685.636 bootstraps=260
node=2631/7910 op=sum seconds=340.093 eta_seconds=682.383 bootstraps=260
node=2641/7910 op=scatter seconds=342.403 eta_seconds=683.121 bootstraps=262
node=2651/7910 op=gather seconds=343.004 eta_seconds=680.445 bootstraps=262
node=2661/7910 op=cheb seconds=346.52 eta_seconds=683.535 bootstraps=266
node=2671/7910 op=gather seconds=347.219 eta_seconds=681.048 bootstraps=266
node=2681/7910 op=repeat seconds=349.796 eta_seconds=682.239 bootstraps=268
node=2691/7910 op=addp seconds=350.194 eta_seconds=679.177 bootstraps=268
node=2701/7910 op=repeat seconds=350.424 eta_seconds=675.808 bootstraps=268
node=2711/7910 op=mul seconds=352.296 eta_seconds=675.613 bootstraps=270
node=2721/7910 op=scatter seconds=352.962 eta_seconds=673.105 bootstraps=270
node=2731/7910 op=mul seconds=353.584 eta_seconds=670.528 bootstraps=270
node=2741/7910 op=addp seconds=354.289 eta_seconds=668.121 bootstraps=270
node=2751/7910 op=repeat seconds=354.555 eta_seconds=664.903 bootstraps=270
node=2761/7910 op=mul seconds=354.8 eta_seconds=661.668 bootstraps=270
node=2771/7910 op=mul seconds=357.028 eta_seconds=662.132 bootstraps=272
node=2781/7910 op=scatter seconds=359.465 eta_seconds=662.962 bootstraps=274
node=2791/7910 op=gather seconds=361.65 eta_seconds=663.306 bootstraps=276
node=2801/7910 op=mul seconds=363.913 eta_seconds=663.774 bootstraps=278
node=2811/7910 op=cheb seconds=364.572 eta_seconds=661.313 bootstraps=278
node=2821/7910 op=sum seconds=364.766 eta_seconds=658.027 bootstraps=278
node=2831/7910 op=addp seconds=364.886 eta_seconds=654.63 bootstraps=278
node=2841/7910 op=scatter seconds=366.883 eta_seconds=654.604 bootstraps=280
node=2851/7910 op=mul seconds=368.003 eta_seconds=653.008 bootstraps=280
node=2861/7910 op=scatter seconds=368.57 eta_seconds=650.44 bootstraps=280
node=2871/7910 op=mulp seconds=368.743 eta_seconds=647.194 bootstraps=280
node=2881/7910 op=repeat seconds=369.111 eta_seconds=644.31 bootstraps=280
node=2891/7910 op=mulp seconds=372.666 eta_seconds=646.977 bootstraps=284
node=2901/7910 op=mul seconds=374.988 eta_seconds=647.472 bootstraps=286
node=2911/7910 op=mul seconds=376.956 eta_seconds=647.339 bootstraps=288
client_token=315 logit_margin=1.89743
node=2921/7910 op=mul seconds=377.69 eta_seconds=645.085 bootstraps=288
node=2931/7910 op=gather seconds=379.45 eta_seconds=644.587 bootstraps=288
node=2941/7910 op=mul seconds=383.25 eta_seconds=647.524 bootstraps=290
node=2951/7910 op=repeat seconds=383.944 eta_seconds=645.198 bootstraps=290
node=2961/7910 op=mulp seconds=384.304 eta_seconds=642.325 bootstraps=290
node=2971/7910 op=add seconds=384.742 eta_seconds=639.596 bootstraps=290
node=2981/7910 op=add seconds=385.317 eta_seconds=637.111 bootstraps=290
node=2991/7910 op=scatter seconds=385.8 eta_seconds=634.486 bootstraps=290
node=3001/7910 op=mul seconds=386.276 eta_seconds=631.866 bootstraps=290
node=3011/7910 op=mul seconds=388.074 eta_seconds=631.41 bootstraps=292
node=3021/7910 op=mul seconds=388.713 eta_seconds=629.07 bootstraps=292
node=3031/7910 op=sum seconds=389.608 eta_seconds=627.152 bootstraps=292
node=3041/7910 op=cheb seconds=393.237 eta_seconds=629.62 bootstraps=296
node=3051/7910 op=repeat seconds=395.282 eta_seconds=629.523 bootstraps=298
node=3061/7910 op=gather seconds=395.831 eta_seconds=627.044 bootstraps=298
node=3071/7910 op=repeat seconds=398.564 eta_seconds=628.02 bootstraps=300
node=3081/7910 op=cheb seconds=398.876 eta_seconds=625.177 bootstraps=300
node=3091/7910 op=mul seconds=399.043 eta_seconds=622.125 bootstraps=300
node=3101/7910 op=mulp seconds=400.89 eta_seconds=621.696 bootstraps=302
node=3111/7910 op=scatter seconds=401.716 eta_seconds=619.683 bootstraps=302
node=3121/7910 op=add seconds=402.189 eta_seconds=617.136 bootstraps=302
node=3131/7910 op=mul seconds=402.895 eta_seconds=614.959 bootstraps=302
node=3141/7910 op=repeat seconds=403.162 eta_seconds=612.124 bootstraps=302
node=3151/7910 op=sum seconds=403.348 eta_seconds=609.182 bootstraps=302
node=3161/7910 op=scatter seconds=405.644 eta_seconds=609.428 bootstraps=304
node=3171/7910 op=gather seconds=407.724 eta_seconds=609.336 bootstraps=306
node=3181/7910 op=cheb seconds=411.242 eta_seconds=611.368 bootstraps=310
node=3191/7910 op=gather seconds=411.938 eta_seconds=609.194 bootstraps=310
node=3201/7910 op=repeat seconds=416.186 eta_seconds=612.253 bootstraps=314
node=3211/7910 op=addp seconds=416.601 eta_seconds=609.656 bootstraps=314
node=3221/7910 op=repeat seconds=416.865 eta_seconds=606.855 bootstraps=314
node=3231/7910 op=mul seconds=417.129 eta_seconds=604.069 bootstraps=314
node=3241/7910 op=scatter seconds=419.348 eta_seconds=604.115 bootstraps=316
node=3251/7910 op=mul seconds=419.98 eta_seconds=601.872 bootstraps=316
node=3261/7910 op=addp seconds=420.684 eta_seconds=599.743 bootstraps=316
node=3271/7910 op=mul seconds=420.84 eta_seconds=596.844 bootstraps=316
node=3281/7910 op=mul seconds=421.079 eta_seconds=594.079 bootstraps=316
node=3291/7910 op=mul seconds=423.394 eta_seconds=594.245 bootstraps=318
node=3301/7910 op=gather seconds=423.996 eta_seconds=592.002 bootstraps=318
node=3311/7910 op=addp seconds=425.986 eta_seconds=591.698 bootstraps=320
node=3321/7910 op=gather seconds=428.015 eta_seconds=591.437 bootstraps=322
node=3331/7910 op=cheb seconds=430.553 eta_seconds=591.865 bootstraps=324
node=3341/7910 op=mulp seconds=430.917 eta_seconds=589.302 bootstraps=324
node=3351/7910 op=cheb seconds=431.138 eta_seconds=586.559 bootstraps=324
node=3361/7910 op=mul seconds=433.167 eta_seconds=586.276 bootstraps=326
node=3371/7910 op=gather seconds=433.647 eta_seconds=583.899 bootstraps=326
node=3381/7910 op=mul seconds=434.355 eta_seconds=581.838 bootstraps=326
node=3391/7910 op=mulp seconds=435.065 eta_seconds=579.787 bootstraps=326
node=3401/7910 op=sum seconds=435.225 eta_seconds=577.016 bootstraps=326
node=3411/7910 op=add seconds=435.464 eta_seconds=574.363 bootstraps=326
node=3421/7910 op=add seconds=437.777 eta_seconds=574.447 bootstraps=328
node=3431/7910 op=linear_ref seconds=439.81 eta_seconds=574.151 bootstraps=330
node=3441/7910 op=mulp seconds=441.796 eta_seconds=573.783 bootstraps=332
node=3451/7910 op=gather seconds=443.813 eta_seconds=573.445 bootstraps=334
node=3461/7910 op=cheb seconds=448.064 eta_seconds=575.972 bootstraps=338
node=3471/7910 op=sum seconds=448.543 eta_seconds=573.633 bootstraps=338
node=3481/7910 op=addp seconds=448.757 eta_seconds=570.969 bootstraps=338
node=3491/7910 op=gather seconds=449.102 eta_seconds=568.485 bootstraps=338
node=3501/7910 op=add seconds=450.954 eta_seconds=567.911 bootstraps=340
node=3511/7910 op=add seconds=451.901 eta_seconds=566.196 bootstraps=340
node=3521/7910 op=add seconds=452.607 eta_seconds=564.184 bootstraps=340
node=3531/7910 op=mul seconds=452.634 eta_seconds=561.338 bootstraps=340
node=3541/7910 op=mul seconds=453.01 eta_seconds=558.938 bootstraps=340
node=3551/7910 op=linear_ref seconds=455.381 eta_seconds=558.999 bootstraps=342
node=3561/7910 op=mulp seconds=456.901 eta_seconds=558.007 bootstraps=344
node=3571/7910 op=sum seconds=459.429 eta_seconds=558.237 bootstraps=346
node=3581/7910 op=gather seconds=461.6 eta_seconds=558.019 bootstraps=348
node=3591/7910 op=cheb seconds=463.86 eta_seconds=557.898 bootstraps=350
node=3601/7910 op=mul seconds=464.486 eta_seconds=555.81 bootstraps=350
node=3611/7910 op=mulp seconds=464.678 eta_seconds=553.212 bootstraps=350
node=3621/7910 op=gather seconds=464.943 eta_seconds=550.715 bootstraps=350
node=3631/7910 op=scatter seconds=467.004 eta_seconds=550.347 bootstraps=352
node=3641/7910 op=mulp seconds=467.97 eta_seconds=548.685 bootstraps=352
node=3651/7910 op=scatter seconds=468.677 eta_seconds=546.725 bootstraps=352
node=3661/7910 op=mulp seconds=468.705 eta_seconds=543.985 bootstraps=352
node=3671/7910 op=repeat seconds=469.074 eta_seconds=541.652 bootstraps=352
node=3681/7910 op=mul seconds=469.317 eta_seconds=539.186 bootstraps=352
node=3691/7910 op=mul seconds=471.544 eta_seconds=538.998 bootstraps=354
node=3701/7910 op=scatter seconds=473.995 eta_seconds=539.055 bootstraps=356
node=3711/7910 op=gather seconds=476.187 eta_seconds=538.806 bootstraps=358
node=3721/7910 op=mul seconds=478.456 eta_seconds=538.632 bootstraps=360
node=3731/7910 op=cheb seconds=479.173 eta_seconds=536.709 bootstraps=360
node=3741/7910 op=sum seconds=479.37 eta_seconds=534.213 bootstraps=360
node=3751/7910 op=addp seconds=480.999 eta_seconds=533.318 bootstraps=362
node=3761/7910 op=scatter seconds=481.605 eta_seconds=531.289 bootstraps=362
node=3771/7910 op=mul seconds=482.657 eta_seconds=529.758 bootstraps=362
node=3781/7910 op=scatter seconds=483.222 eta_seconds=527.697 bootstraps=362
node=3791/7910 op=add seconds=483.392 eta_seconds=525.215 bootstraps=362
node=3801/7910 op=mul seconds=483.715 eta_seconds=522.912 bootstraps=362
node=3811/7910 op=cheb seconds=484.007 eta_seconds=520.584 bootstraps=362
node=3821/7910 op=repeat seconds=487.561 eta_seconds=521.758 bootstraps=366
node=3831/7910 op=mul seconds=490.114 eta_seconds=521.841 bootstraps=368
node=3841/7910 op=gather seconds=492.29 eta_seconds=521.512 bootstraps=370
node=3851/7910 op=cheb seconds=494.618 eta_seconds=521.333 bootstraps=372
node=3861/7910 op=cheb seconds=495.211 eta_seconds=519.324 bootstraps=372
node=3871/7910 op=mul seconds=496.904 eta_seconds=518.47 bootstraps=374
node=3881/7910 op=repeat seconds=498.477 eta_seconds=517.486 bootstraps=376
node=3891/7910 op=add seconds=498.966 eta_seconds=515.38 bootstraps=376
node=3901/7910 op=mul seconds=499.893 eta_seconds=513.732 bootstraps=376
node=3911/7910 op=gather seconds=501.864 eta_seconds=513.156 bootstraps=378
node=3921/7910 op=mul seconds=502.169 eta_seconds=510.878 bootstraps=378
node=3931/7910 op=sum seconds=502.496 eta_seconds=508.632 bootstraps=378
node=3941/7910 op=add seconds=502.671 eta_seconds=506.243 bootstraps=378
node=3951/7910 op=cheb seconds=504.912 eta_seconds=505.935 bootstraps=380
node=3961/7910 op=add seconds=507.382 eta_seconds=505.844 bootstraps=382
node=3971/7910 op=linear_ref seconds=509.568 eta_seconds=505.462 bootstraps=384
node=3981/7910 op=cheb seconds=509.677 eta_seconds=503.019 bootstraps=384
node=3991/7910 op=add seconds=515.071 eta_seconds=505.779 bootstraps=390
node=4001/7910 op=mulp seconds=516.768 eta_seconds=504.886 bootstraps=392
node=4011/7910 op=addp seconds=518.289 eta_seconds=503.817 bootstraps=394
node=4021/7910 op=mul seconds=518.778 eta_seconds=501.748 bootstraps=394
node=4031/7910 op=gather seconds=519.579 eta_seconds=499.987 bootstraps=394
node=4041/7910 op=add seconds=521.371 eta_seconds=499.18 bootstraps=396
node=4051/7910 op=mul seconds=521.893 eta_seconds=497.158 bootstraps=396
node=4061/7910 op=mul seconds=522.258 eta_seconds=494.994 bootstraps=396
node=4071/7910 op=mul seconds=522.702 eta_seconds=492.914 bootstraps=396
node=4081/7910 op=addp seconds=523.277 eta_seconds=490.965 bootstraps=396
node=4091/7910 op=linear_ref seconds=527.329 eta_seconds=492.268 bootstraps=400
node=4101/7910 op=mulp seconds=528.892 eta_seconds=491.234 bootstraps=402
node=4111/7910 op=addp seconds=529.558 eta_seconds=489.368 bootstraps=402
node=4121/7910 op=mulp seconds=534.747 eta_seconds=491.667 bootstraps=406
node=4131/7910 op=mul seconds=535.055 eta_seconds=489.463 bootstraps=406
node=4141/7910 op=repeat seconds=535.271 eta_seconds=487.186 bootstraps=406
node=4151/7910 op=mul seconds=537.017 eta_seconds=486.304 bootstraps=408
node=4161/7910 op=gather seconds=538.125 eta_seconds=484.842 bootstraps=408
node=4171/7910 op=scatter seconds=538.623 eta_seconds=482.836 bootstraps=408
node=4181/7910 op=mul seconds=539.081 eta_seconds=480.802 bootstraps=408
node=4191/7910 op=add seconds=539.341 eta_seconds=478.599 bootstraps=408
node=4201/7910 op=repeat seconds=539.576 eta_seconds=476.384 bootstraps=408
node=4211/7910 op=mulp seconds=541.88 eta_seconds=475.995 bootstraps=410
node=4221/7910 op=mul seconds=543.991 eta_seconds=475.429 bootstraps=412
node=4231/7910 op=mul seconds=545.989 eta_seconds=474.756 bootstraps=414
node=4241/7910 op=gather seconds=546.654 eta_seconds=472.924 bootstraps=414
node=4251/7910 op=mul seconds=549.474 eta_seconds=472.954 bootstraps=416
node=4261/7910 op=repeat seconds=549.742 eta_seconds=470.783 bootstraps=416
node=4271/7910 op=mulp seconds=549.868 eta_seconds=468.502 bootstraps=416
node=4281/7910 op=add seconds=551.716 eta_seconds=467.689 bootstraps=418
node=4291/7910 op=add seconds=552.545 eta_seconds=466.012 bootstraps=418
node=4301/7910 op=scatter seconds=553.15 eta_seconds=464.152 bootstraps=418
node=4311/7910 op=mul seconds=553.732 eta_seconds=462.278 bootstraps=418
node=4321/7910 op=mul seconds=554.002 eta_seconds=460.151 bootstraps=418
node=4331/7910 op=mul seconds=554.188 eta_seconds=457.963 bootstraps=418
node=4341/7910 op=sum seconds=556.48 eta_seconds=457.516 bootstraps=420
node=4351/7910 op=cheb seconds=558.594 eta_seconds=456.914 bootstraps=422
node=4361/7910 op=repeat seconds=560.589 eta_seconds=456.21 bootstraps=424
node=4371/7910 op=gather seconds=561.246 eta_seconds=454.415 bootstraps=424
node=4381/7910 op=repeat seconds=564.01 eta_seconds=454.324 bootstraps=426
node=4391/7910 op=cheb seconds=564.276 eta_seconds=452.218 bootstraps=426
node=4401/7910 op=mul seconds=564.412 eta_seconds=450.016 bootstraps=426
node=4411/7910 op=mulp seconds=564.665 eta_seconds=447.917 bootstraps=426
node=4421/7910 op=scatter seconds=567.116 eta_seconds=447.561 bootstraps=428
node=4431/7910 op=add seconds=567.6 eta_seconds=445.651 bootstraps=428
node=4441/7910 op=mul seconds=568.309 eta_seconds=443.924 bootstraps=428
node=4451/7910 op=repeat seconds=568.575 eta_seconds=441.856 bootstraps=428
node=4461/7910 op=sum seconds=568.759 eta_seconds=439.733 bootstraps=428
node=4471/7910 op=scatter seconds=572.346 eta_seconds=440.237 bootstraps=432
node=4481/7910 op=gather seconds=573.043 eta_seconds=438.51 bootstraps=432
node=4491/7910 op=cheb seconds=576.644 eta_seconds=439 bootstraps=436
client_token=279 logit_margin=2.90222
node=4501/7910 op=cheb seconds=577.309 eta_seconds=437.246 bootstraps=436
node=4511/7910 op=gather seconds=579.144 eta_seconds=436.38 bootstraps=436
node=4521/7910 op=repeat seconds=582.706 eta_seconds=436.804 bootstraps=438
node=4531/7910 op=addp seconds=583.42 eta_seconds=435.086 bootstraps=438
node=4541/7910 op=repeat seconds=584.05 eta_seconds=433.311 bootstraps=438
node=4551/7910 op=mul seconds=584.496 eta_seconds=431.404 bootstraps=438
node=4561/7910 op=scatter seconds=584.954 eta_seconds=429.514 bootstraps=438
node=4571/7910 op=mul seconds=585.46 eta_seconds=427.664 bootstraps=438
node=4581/7910 op=addp seconds=586.025 eta_seconds=425.863 bootstraps=438
node=4591/7910 op=sum seconds=586.165 eta_seconds=423.76 bootstraps=438
node=4601/7910 op=add seconds=588.35 eta_seconds=423.136 bootstraps=440
node=4611/7910 op=repeat seconds=588.868 eta_seconds=421.314 bootstraps=440
node=4621/7910 op=mulp seconds=589.651 eta_seconds=419.685 bootstraps=440
node=4631/7910 op=mul seconds=593.275 eta_seconds=420.071 bootstraps=444
node=4641/7910 op=mul seconds=595.31 eta_seconds=419.321 bootstraps=446
node=4651/7910 op=gather seconds=595.865 eta_seconds=417.528 bootstraps=446
node=4661/7910 op=mul seconds=598.602 eta_seconds=417.262 bootstraps=448
node=4671/7910 op=repeat seconds=598.924 eta_seconds=415.31 bootstraps=448
node=4681/7910 op=mulp seconds=599.084 eta_seconds=413.254 bootstraps=448
node=4691/7910 op=add seconds=600.936 eta_seconds=412.367 bootstraps=450
node=4701/7910 op=add seconds=601.787 eta_seconds=410.792 bootstraps=450
node=4711/7910 op=scatter seconds=602.39 eta_seconds=409.052 bootstraps=450
node=4721/7910 op=mul seconds=602.97 eta_seconds=407.301 bootstraps=450
node=4731/7910 op=repeat seconds=603.241 eta_seconds=405.348 bootstraps=450
node=4741/7910 op=sum seconds=603.431 eta_seconds=403.348 bootstraps=450
node=4751/7910 op=add seconds=603.606 eta_seconds=401.345 bootstraps=450
node=4761/7910 op=cheb seconds=607.381 eta_seconds=401.731 bootstraps=454
node=4771/7910 op=add seconds=609.939 eta_seconds=401.299 bootstraps=456
node=4781/7910 op=linear_ref seconds=612.11 eta_seconds=400.605 bootstraps=458
node=4791/7910 op=cheb seconds=612.195 eta_seconds=398.546 bootstraps=458
node=4801/7910 op=add seconds=616.636 eta_seconds=399.317 bootstraps=462
node=4811/7910 op=mulp seconds=616.91 eta_seconds=397.382 bootstraps=462
node=4821/7910 op=addp seconds=617.079 eta_seconds=395.386 bootstraps=462
node=4831/7910 op=mul seconds=617.317 eta_seconds=393.442 bootstraps=462
node=4841/7910 op=gather seconds=620.185 eta_seconds=393.172 bootstraps=464
node=4851/7910 op=add seconds=620.464 eta_seconds=391.26 bootstraps=464
node=4861/7910 op=mul seconds=620.923 eta_seconds=389.466 bootstraps=464
node=4871/7910 op=add seconds=621.192 eta_seconds=387.559 bootstraps=464
node=4881/7910 op=repeat seconds=621.429 eta_seconds=385.64 bootstraps=464
node=4891/7910 op=mul seconds=621.672 eta_seconds=383.731 bootstraps=464
node=4901/7910 op=mul seconds=623.956 eta_seconds=383.082 bootstraps=466
node=4911/7910 op=scatter seconds=626.36 eta_seconds=382.499 bootstraps=468
node=4921/7910 op=gather seconds=628.391 eta_seconds=381.683 bootstraps=470
node=4931/7910 op=mul seconds=630.675 eta_seconds=381.014 bootstraps=472
node=4941/7910 op=cheb seconds=631.262 eta_seconds=379.319 bootstraps=472
node=4951/7910 op=sum seconds=631.456 eta_seconds=377.394 bootstraps=472
node=4961/7910 op=addp seconds=631.576 eta_seconds=375.432 bootstraps=472
node=4971/7910 op=scatter seconds=633.567 eta_seconds=374.584 bootstraps=474
node=4981/7910 op=mul seconds=634.722 eta_seconds=373.238 bootstraps=474
node=4991/7910 op=scatter seconds=635.284 eta_seconds=371.547 bootstraps=474
node=5001/7910 op=mul seconds=635.455 eta_seconds=369.634 bootstraps=474
node=5011/7910 op=sum seconds=635.788 eta_seconds=367.821 bootstraps=474
node=5021/7910 op=add seconds=635.964 eta_seconds=365.923 bootstraps=474
node=5031/7910 op=add seconds=638.323 eta_seconds=365.281 bootstraps=476
node=5041/7910 op=linear_ref seconds=640.354 eta_seconds=364.446 bootstraps=478
node=5051/7910 op=mulp seconds=642.337 eta_seconds=363.58 bootstraps=480
node=5061/7910 op=gather seconds=644.354 eta_seconds=362.728 bootstraps=482
node=5071/7910 op=cheb seconds=648.603 eta_seconds=363.12 bootstraps=486
node=5081/7910 op=sum seconds=649.047 eta_seconds=361.377 bootstraps=486
node=5091/7910 op=addp seconds=649.261 eta_seconds=359.51 bootstraps=486
node=5101/7910 op=gather seconds=649.601 eta_seconds=357.72 bootstraps=486
node=5111/7910 op=add seconds=651.459 eta_seconds=356.767 bootstraps=488
node=5121/7910 op=add seconds=652.409 eta_seconds=355.315 bootstraps=488
node=5131/7910 op=add seconds=653.116 eta_seconds=353.734 bootstraps=488
node=5141/7910 op=mulp seconds=653.144 eta_seconds=351.791 bootstraps=488
node=5151/7910 op=repeat seconds=653.52 eta_seconds=350.041 bootstraps=488
node=5161/7910 op=sum seconds=653.703 eta_seconds=348.194 bootstraps=488
node=5171/7910 op=scatter seconds=655.99 eta_seconds=347.468 bootstraps=490
node=5181/7910 op=gather seconds=658.026 eta_seconds=346.604 bootstraps=492
node=5191/7910 op=cheb seconds=661.55 eta_seconds=346.514 bootstraps=496
node=5201/7910 op=gather seconds=662.26 eta_seconds=344.946 bootstraps=496
node=5211/7910 op=repeat seconds=664.769 eta_seconds=344.312 bootstraps=498
node=5221/7910 op=addp seconds=665.201 eta_seconds=342.602 bootstraps=498
node=5231/7910 op=repeat seconds=665.462 eta_seconds=340.809 bootstraps=498
node=5241/7910 op=mul seconds=665.715 eta_seconds=339.018 bootstraps=498
node=5251/7910 op=scatter seconds=668.062 eta_seconds=338.293 bootstraps=500
node=5261/7910 op=mul seconds=668.689 eta_seconds=336.696 bootstraps=500
node=5271/7910 op=addp seconds=669.389 eta_seconds=335.139 bootstraps=500
node=5281/7910 op=sum seconds=669.548 eta_seconds=333.316 bootstraps=500
node=5291/7910 op=add seconds=669.79 eta_seconds=331.54 bootstraps=500
node=5301/7910 op=repeat seconds=670.024 eta_seconds=329.766 bootstraps=500
node=5311/7910 op=mulp seconds=672.32 eta_seconds=329.007 bootstraps=502
node=5321/7910 op=mul seconds=674.428 eta_seconds=328.152 bootstraps=504
node=5331/7910 op=mul seconds=676.43 eta_seconds=327.239 bootstraps=506
node=5341/7910 op=gather seconds=677.091 eta_seconds=325.678 bootstraps=506
node=5351/7910 op=mul seconds=679.915 eta_seconds=325.155 bootstraps=508
node=5361/7910 op=repeat seconds=680.183 eta_seconds=323.407 bootstraps=508
node=5371/7910 op=mulp seconds=680.309 eta_seconds=321.598 bootstraps=508
node=5381/7910 op=add seconds=682.159 eta_seconds=320.606 bootstraps=510
node=5391/7910 op=add seconds=683.001 eta_seconds=319.139 bootstraps=510
node=5401/7910 op=scatter seconds=683.601 eta_seconds=317.563 bootstraps=510
node=5411/7910 op=mul seconds=684.182 eta_seconds=315.98 bootstraps=510
node=5421/7910 op=repeat seconds=684.449 eta_seconds=314.258 bootstraps=510
node=5431/7910 op=sum seconds=684.636 eta_seconds=312.505 bootstraps=510
node=5441/7910 op=add seconds=684.809 eta_seconds=310.751 bootstraps=510
node=5451/7910 op=cheb seconds=687.151 eta_seconds=309.98 bootstraps=512
node=5461/7910 op=add seconds=689.656 eta_seconds=309.278 bootstraps=514
node=5471/7910 op=linear_ref seconds=691.825 eta_seconds=308.419 bootstraps=516
node=5481/7910 op=cheb seconds=691.918 eta_seconds=306.636 bootstraps=516
node=5491/7910 op=add seconds=694.698 eta_seconds=306.042 bootstraps=518
node=5501/7910 op=mulp seconds=696.422 eta_seconds=304.977 bootstraps=520
node=5511/7910 op=addp seconds=697.989 eta_seconds=303.842 bootstraps=522
node=5521/7910 op=mul seconds=698.485 eta_seconds=302.242 bootstraps=522
node=5531/7910 op=gather seconds=699.397 eta_seconds=300.826 bootstraps=522
node=5541/7910 op=add seconds=701.161 eta_seconds=299.774 bootstraps=524
node=5551/7910 op=mul seconds=701.688 eta_seconds=298.195 bootstraps=524
node=5561/7910 op=add seconds=701.958 eta_seconds=296.511 bootstraps=524
node=5571/7910 op=repeat seconds=702.198 eta_seconds=294.82 bootstraps=524
node=5581/7910 op=mul seconds=703.743 eta_seconds=293.678 bootstraps=526
node=5591/7910 op=mul seconds=704.593 eta_seconds=292.247 bootstraps=526
node=5601/7910 op=scatter seconds=707.043 eta_seconds=291.477 bootstraps=528
node=5611/7910 op=gather seconds=709.217 eta_seconds=290.588 bootstraps=530
node=5621/7910 op=mul seconds=711.583 eta_seconds=289.773 bootstraps=532
node=5631/7910 op=cheb seconds=714.96 eta_seconds=289.361 bootstraps=536
node=5641/7910 op=sum seconds=716.464 eta_seconds=288.186 bootstraps=538
node=5651/7910 op=addp seconds=717.992 eta_seconds=287.019 bootstraps=540
node=5661/7910 op=scatter seconds=718.56 eta_seconds=285.469 bootstraps=540
node=5671/7910 op=mul seconds=719.285 eta_seconds=283.985 bootstraps=540
node=5681/7910 op=scatter seconds=721.453 eta_seconds=283.069 bootstraps=542
node=5691/7910 op=mul seconds=721.631 eta_seconds=281.374 bootstraps=542
node=5701/7910 op=sum seconds=722.088 eta_seconds=279.792 bootstraps=542
node=5711/7910 op=add seconds=722.506 eta_seconds=278.198 bootstraps=542
node=5721/7910 op=add seconds=723.212 eta_seconds=276.719 bootstraps=542
node=5731/7910 op=linear_ref seconds=725.336 eta_seconds=275.782 bootstraps=544
node=5741/7910 op=mulp seconds=727.368 eta_seconds=274.806 bootstraps=546
node=5751/7910 op=gather seconds=729.535 eta_seconds=273.877 bootstraps=548
node=5761/7910 op=cheb seconds=734.402 eta_seconds=273.951 bootstraps=552
node=5771/7910 op=sum seconds=734.909 eta_seconds=272.391 bootstraps=552
node=5781/7910 op=addp seconds=735.124 eta_seconds=270.728 bootstraps=552
node=5791/7910 op=gather seconds=735.512 eta_seconds=269.133 bootstraps=552
node=5801/7910 op=add seconds=737.366 eta_seconds=268.075 bootstraps=554
node=5811/7910 op=add seconds=738.323 eta_seconds=266.691 bootstraps=554
node=5821/7910 op=add seconds=739.026 eta_seconds=265.217 bootstraps=554
node=5831/7910 op=mulp seconds=739.054 eta_seconds=263.504 bootstraps=554
node=5841/7910 op=repeat seconds=739.425 eta_seconds=261.919 bootstraps=554
node=5851/7910 op=sum seconds=739.61 eta_seconds=260.273 bootstraps=554
node=5861/7910 op=scatter seconds=741.974 eta_seconds=259.393 bootstraps=556
node=5871/7910 op=gather seconds=742.571 eta_seconds=257.895 bootstraps=556
node=5881/7910 op=cheb seconds=746.079 eta_seconds=257.404 bootstraps=560
node=5891/7910 op=gather seconds=746.778 eta_seconds=255.94 bootstraps=560
node=5901/7910 op=repeat seconds=749.352 eta_seconds=255.117 bootstraps=562
node=5911/7910 op=addp seconds=749.775 eta_seconds=253.561 bootstraps=562
node=5921/7910 op=repeat seconds=750.005 eta_seconds=251.944 bootstraps=562
node=5931/7910 op=mul seconds=751.868 eta_seconds=250.876 bootstraps=564
node=5941/7910 op=scatter seconds=752.556 eta_seconds=249.416 bootstraps=564
node=5951/7910 op=mul seconds=753.171 eta_seconds=247.935 bootstraps=564
node=5961/7910 op=addp seconds=753.872 eta_seconds=246.485 bootstraps=564
node=5971/7910 op=sum seconds=754.029 eta_seconds=244.861 bootstraps=564
node=5981/7910 op=add seconds=754.277 eta_seconds=243.27 bootstraps=564
node=5991/7910 op=repeat seconds=754.511 eta_seconds=241.68 bootstraps=564
node=6001/7910 op=mulp seconds=756.802 eta_seconds=240.749 bootstraps=566
node=6011/7910 op=mul seconds=758.914 eta_seconds=239.757 bootstraps=568
node=6021/7910 op=mul seconds=760.913 eta_seconds=238.725 bootstraps=570
node=6031/7910 op=gather seconds=761.577 eta_seconds=237.275 bootstraps=570
node=6041/7910 op=mul seconds=764.347 eta_seconds=236.478 bootstraps=572
node=6051/7910 op=repeat seconds=764.623 eta_seconds=234.909 bootstraps=572
node=6061/7910 op=mulp seconds=764.749 eta_seconds=233.298 bootstraps=572
node=6071/7910 op=add seconds=764.996 eta_seconds=231.729 bootstraps=572
node=6081/7910 op=add seconds=767.463 eta_seconds=230.832 bootstraps=574
node=6091/7910 op=scatter seconds=768.076 eta_seconds=229.376 bootstraps=574
node=6101/7910 op=mul seconds=768.656 eta_seconds=227.913 bootstraps=574
node=6111/7910 op=repeat seconds=768.928 eta_seconds=226.362 bootstraps=574
node=6121/7910 op=sum seconds=769.114 eta_seconds=224.791 bootstraps=574
node=6131/7910 op=add seconds=769.288 eta_seconds=223.22 bootstraps=574
node=6141/7910 op=cheb seconds=773.009 eta_seconds=222.676 bootstraps=578
node=6151/7910 op=add seconds=775.634 eta_seconds=221.808 bootstraps=580
client_token=1614 logit_margin=0.201356
node=6161/7910 op=feedback seconds=777.447 eta_seconds=220.704 bootstraps=582
node=6171/7910 op=linear_ref seconds=779.53 eta_seconds=219.673 bootstraps=582
node=6181/7910 op=cheb seconds=779.896 eta_seconds=218.159 bootstraps=582
node=6191/7910 op=add seconds=782.228 eta_seconds=217.194 bootstraps=582
node=6201/7910 op=mulp seconds=782.916 eta_seconds=215.772 bootstraps=582
node=6211/7910 op=addp seconds=783.295 eta_seconds=214.268 bootstraps=582
node=6221/7910 op=mul seconds=783.709 eta_seconds=212.777 bootstraps=582
node=6231/7910 op=gather seconds=784.67 eta_seconds=211.437 bootstraps=582
node=6241/7910 op=add seconds=784.878 eta_seconds=209.896 bootstraps=582
node=6251/7910 op=mul seconds=785.258 eta_seconds=208.405 bootstraps=582
node=6261/7910 op=mul seconds=787.047 eta_seconds=207.29 bootstraps=584
node=6271/7910 op=mul seconds=787.586 eta_seconds=205.845 bootstraps=584
node=6281/7910 op=mul seconds=787.853 eta_seconds=204.333 bootstraps=584
node=6291/7910 op=mul seconds=788.712 eta_seconds=202.976 bootstraps=584
node=6301/7910 op=gather seconds=790.824 eta_seconds=201.942 bootstraps=586
node=6311/7910 op=addp seconds=792.814 eta_seconds=200.873 bootstraps=588
node=6321/7910 op=gather seconds=794.893 eta_seconds=199.824 bootstraps=590
node=6331/7910 op=cheb seconds=797.426 eta_seconds=198.884 bootstraps=592
node=6341/7910 op=mulp seconds=797.789 eta_seconds=197.403 bootstraps=592
node=6351/7910 op=cheb seconds=798.09 eta_seconds=195.91 bootstraps=592
node=6361/7910 op=mul seconds=799.943 eta_seconds=194.798 bootstraps=594
node=6371/7910 op=gather seconds=800.507 eta_seconds=193.373 bootstraps=594
node=6381/7910 op=mul seconds=801.241 eta_seconds=191.992 bootstraps=594
node=6391/7910 op=mulp seconds=801.94 eta_seconds=190.604 bootstraps=594
node=6401/7910 op=mulp seconds=801.976 eta_seconds=189.061 bootstraps=594
node=6411/7910 op=repeat seconds=802.352 eta_seconds=187.604 bootstraps=594
node=6421/7910 op=sum seconds=802.537 eta_seconds=186.105 bootstraps=594
node=6431/7910 op=add seconds=802.71 eta_seconds=184.607 bootstraps=594
node=6441/7910 op=cheb seconds=806.424 eta_seconds=183.921 bootstraps=598
node=6451/7910 op=add seconds=808.968 eta_seconds=182.962 bootstraps=600
node=6461/7910 op=linear_ref seconds=811.143 eta_seconds=181.914 bootstraps=602
node=6471/7910 op=cheb seconds=811.229 eta_seconds=180.398 bootstraps=602
node=6481/7910 op=add seconds=815.658 eta_seconds=179.845 bootstraps=606
node=6491/7910 op=mulp seconds=815.934 eta_seconds=178.372 bootstraps=606
node=6501/7910 op=addp seconds=816.102 eta_seconds=176.879 bootstraps=606
node=6511/7910 op=mul seconds=816.338 eta_seconds=175.404 bootstraps=606
node=6521/7910 op=gather seconds=819.131 eta_seconds=174.478 bootstraps=608
node=6531/7910 op=add seconds=819.407 eta_seconds=173.015 bootstraps=608
node=6541/7910 op=mul seconds=819.863 eta_seconds=171.593 bootstraps=608
node=6551/7910 op=mul seconds=820.129 eta_seconds=170.135 bootstraps=608
node=6561/7910 op=mul seconds=820.314 eta_seconds=168.664 bootstraps=608
node=6571/7910 op=mul seconds=820.489 eta_seconds=167.195 bootstraps=608
node=6581/7910 op=mul seconds=822.797 eta_seconds=166.16 bootstraps=610
node=6591/7910 op=gather seconds=823.39 eta_seconds=164.778 bootstraps=610
node=6601/7910 op=addp seconds=825.385 eta_seconds=163.677 bootstraps=612
node=6611/7910 op=gather seconds=827.416 eta_seconds=162.58 bootstraps=614
node=6621/7910 op=cheb seconds=829.946 eta_seconds=161.577 bootstraps=616
node=6631/7910 op=mulp seconds=830.315 eta_seconds=160.153 bootstraps=616
node=6641/7910 op=cheb seconds=830.538 eta_seconds=158.704 bootstraps=616
node=6651/7910 op=mul seconds=830.806 eta_seconds=157.267 bootstraps=616
node=6661/7910 op=gather seconds=832.958 eta_seconds=156.187 bootstraps=618
node=6671/7910 op=mul seconds=833.699 eta_seconds=154.842 bootstraps=618
node=6681/7910 op=mulp seconds=834.401 eta_seconds=153.492 bootstraps=618
node=6691/7910 op=mulp seconds=834.434 eta_seconds=152.021 bootstraps=618
node=6701/7910 op=repeat seconds=834.8 eta_seconds=150.615 bootstraps=618
node=6711/7910 op=sum seconds=834.984 eta_seconds=149.18 bootstraps=618
node=6721/7910 op=add seconds=835.157 eta_seconds=147.746 bootstraps=618
node=6731/7910 op=cheb seconds=838.818 eta_seconds=146.927 bootstraps=622
node=6741/7910 op=add seconds=841.337 eta_seconds=145.902 bootstraps=624
node=6751/7910 op=linear_ref seconds=843.367 eta_seconds=144.788 bootstraps=626
node=6761/7910 op=cheb seconds=845.202 eta_seconds=143.638 bootstraps=628
node=6771/7910 op=add seconds=847.942 eta_seconds=142.639 bootstraps=630
node=6781/7910 op=mulp seconds=848.249 eta_seconds=141.229 bootstraps=630
node=6791/7910 op=addp seconds=848.417 eta_seconds=139.799 bootstraps=630
node=6801/7910 op=mul seconds=850.146 eta_seconds=138.628 bootstraps=632
node=6811/7910 op=gather seconds=851.399 eta_seconds=137.379 bootstraps=632
node=6821/7910 op=add seconds=851.674 eta_seconds=135.973 bootstraps=632
node=6831/7910 op=mul seconds=852.13 eta_seconds=134.599 bootstraps=632
node=6841/7910 op=mul seconds=852.392 eta_seconds=133.198 bootstraps=632
node=6851/7910 op=mul seconds=852.578 eta_seconds=131.788 bootstraps=632
node=6861/7910 op=mul seconds=852.751 eta_seconds=130.38 bootstraps=632
node=6871/7910 op=mul seconds=855.056 eta_seconds=129.298 bootstraps=634
node=6881/7910 op=gather seconds=857.082 eta_seconds=128.17 bootstraps=636
node=6891/7910 op=addp seconds=859.118 eta_seconds=127.041 bootstraps=638
node=6901/7910 op=gather seconds=861.291 eta_seconds=125.93 bootstraps=640
node=6911/7910 op=cheb seconds=863.778 eta_seconds=124.861 bootstraps=642
node=6921/7910 op=mulp seconds=864.201 eta_seconds=123.493 bootstraps=642
node=6931/7910 op=cheb seconds=864.456 eta_seconds=122.104 bootstraps=642
node=6941/7910 op=mul seconds=864.72 eta_seconds=120.719 bootstraps=642
node=6951/7910 op=gather seconds=866.869 eta_seconds=119.598 bootstraps=644
node=6961/7910 op=mul seconds=867.609 eta_seconds=118.282 bootstraps=644
node=6971/7910 op=mulp seconds=868.31 eta_seconds=116.962 bootstraps=644
node=6981/7910 op=mulp seconds=868.344 eta_seconds=115.555 bootstraps=644
node=6991/7910 op=repeat seconds=868.714 eta_seconds=114.197 bootstraps=644
node=7001/7910 op=sum seconds=868.896 eta_seconds=112.816 bootstraps=644
node=7011/7910 op=add seconds=869.068 eta_seconds=111.438 bootstraps=644
node=7021/7910 op=cheb seconds=871.389 eta_seconds=110.335 bootstraps=646
node=7031/7910 op=add seconds=873.851 eta_seconds=109.247 bootstraps=648
node=7041/7910 op=linear_ref seconds=876.034 eta_seconds=108.12 bootstraps=650
node=7051/7910 op=cheb seconds=876.119 eta_seconds=106.735 bootstraps=650
node=7061/7910 op=add seconds=878.893 eta_seconds=105.676 bootstraps=652
node=7071/7910 op=mulp seconds=879.154 eta_seconds=104.315 bootstraps=652
node=7081/7910 op=addp seconds=879.289 eta_seconds=102.942 bootstraps=652
node=7091/7910 op=mul seconds=881.13 eta_seconds=101.769 bootstraps=654
node=7101/7910 op=gather seconds=882.385 eta_seconds=100.528 bootstraps=654
node=7111/7910 op=add seconds=882.66 eta_seconds=99.1767 bootstraps=654
node=7121/7910 op=mul seconds=883.118 eta_seconds=97.8486 bootstraps=654
node=7131/7910 op=mul seconds=883.383 eta_seconds=96.502 bootstraps=654
node=7141/7910 op=mul seconds=883.568 eta_seconds=95.1497 bootstraps=654
node=7151/7910 op=mul seconds=883.74 eta_seconds=93.7993 bootstraps=654
node=7161/7910 op=mul seconds=886.042 eta_seconds=92.675 bootstraps=656
node=7171/7910 op=gather seconds=886.646 eta_seconds=91.3724 bootstraps=656
node=7181/7910 op=addp seconds=888.678 eta_seconds=90.2168 bootstraps=658
node=7191/7910 op=gather seconds=890.849 eta_seconds=89.0725 bootstraps=660
node=7201/7910 op=cheb seconds=893.419 eta_seconds=87.9647 bootstraps=662
node=7211/7910 op=mulp seconds=893.77 eta_seconds=86.6378 bootstraps=662
node=7221/7910 op=cheb seconds=896.897 eta_seconds=85.5784 bootstraps=666
node=7231/7910 op=mul seconds=897.429 eta_seconds=84.2697 bootstraps=666
node=7241/7910 op=gather seconds=897.904 eta_seconds=82.9579 bootstraps=666
node=7251/7910 op=mul seconds=898.362 eta_seconds=81.6467 bootstraps=666
node=7261/7910 op=mulp seconds=900.594 eta_seconds=80.4966 bootstraps=668
node=7271/7910 op=mulp seconds=900.638 eta_seconds=79.1511 bootstraps=668
node=7281/7910 op=repeat seconds=901.005 eta_seconds=77.8371 bootstraps=668
node=7291/7910 op=sum seconds=901.19 eta_seconds=76.5103 bootstraps=668
node=7301/7910 op=add seconds=901.363 eta_seconds=75.1856 bootstraps=668
node=7311/7910 op=cheb seconds=903.607 eta_seconds=74.0338 bootstraps=670
node=7321/7910 op=add seconds=906.067 eta_seconds=72.8962 bootstraps=672
node=7331/7910 op=linear_ref seconds=908.242 eta_seconds=71.7327 bootstraps=674
node=7341/7910 op=cheb seconds=908.351 eta_seconds=70.4062 bootstraps=674
node=7351/7910 op=add seconds=913.738 eta_seconds=69.4843 bootstraps=680
node=7361/7910 op=mulp seconds=915.421 eta_seconds=68.2742 bootstraps=682
node=7371/7910 op=addp seconds=916.942 eta_seconds=67.0508 bootstraps=684
node=7381/7910 op=mul seconds=917.424 eta_seconds=65.7522 bootstraps=684
node=7391/7910 op=gather seconds=918.224 eta_seconds=64.4782 bootstraps=684
node=7401/7910 op=add seconds=920.026 eta_seconds=63.2743 bootstraps=686
node=7411/7910 op=mul seconds=920.569 eta_seconds=61.984 bootstraps=686
node=7421/7910 op=mul seconds=920.917 eta_seconds=60.683 bootstraps=686
node=7431/7910 op=mul seconds=921.277 eta_seconds=59.3853 bootstraps=686
node=7441/7910 op=mul seconds=921.694 eta_seconds=58.0936 bootstraps=686
node=7451/7910 op=mul seconds=922.377 eta_seconds=56.8207 bootstraps=686
node=7461/7910 op=gather seconds=924.481 eta_seconds=55.6349 bootstraps=688
node=7471/7910 op=addp seconds=926.512 eta_seconds=54.4424 bootstraps=690
node=7481/7910 op=gather seconds=928.693 eta_seconds=53.2561 bootstraps=692
node=7491/7910 op=cheb seconds=933.718 eta_seconds=52.2264 bootstraps=696
node=7501/7910 op=mulp seconds=934.043 eta_seconds=50.9297 bootstraps=696
node=7511/7910 op=cheb seconds=934.396 eta_seconds=49.6371 bootstraps=696
node=7521/7910 op=mul seconds=936.144 eta_seconds=48.4191 bootstraps=698
node=7531/7910 op=gather seconds=936.69 eta_seconds=47.1392 bootstraps=698
node=7541/7910 op=mul seconds=937.421 eta_seconds=45.8703 bootstraps=698
node=7551/7910 op=mulp seconds=938.12 eta_seconds=44.6014 bootstraps=698
node=7561/7910 op=mulp seconds=938.151 eta_seconds=43.3031 bootstraps=698
node=7571/7910 op=repeat seconds=938.517 eta_seconds=42.0232 bootstraps=698
node=7581/7910 op=sum seconds=938.702 eta_seconds=40.7378 bootstraps=698
node=7591/7910 op=add seconds=938.875 eta_seconds=39.4548 bootstraps=698
node=7601/7910 op=cheb seconds=941.26 eta_seconds=38.2646 bootstraps=700
node=7611/7910 op=add seconds=943.72 eta_seconds=37.0743 bootstraps=702
node=7621/7910 op=linear_ref seconds=945.895 eta_seconds=35.8698 bootstraps=704
node=7631/7910 op=cheb seconds=945.98 eta_seconds=34.5863 bootstraps=704
node=7641/7910 op=add seconds=948.76 eta_seconds=33.4009 bootstraps=706
node=7651/7910 op=mulp seconds=949.024 eta_seconds=32.1262 bootstraps=706
node=7661/7910 op=addp seconds=949.16 eta_seconds=30.8499 bootstraps=706
node=7671/7910 op=mul seconds=951.007 eta_seconds=29.6299 bootstraps=708
node=7681/7910 op=gather seconds=952.26 eta_seconds=28.3905 bootstraps=708
node=7691/7910 op=add seconds=952.536 eta_seconds=27.1233 bootstraps=708
node=7701/7910 op=mul seconds=952.997 eta_seconds=25.8637 bootstraps=708
node=7711/7910 op=mul seconds=953.261 eta_seconds=24.6011 bootstraps=708
node=7721/7910 op=mul seconds=953.447 eta_seconds=23.3391 bootstraps=708
node=7731/7910 op=mul seconds=953.622 eta_seconds=22.0797 bootstraps=708
node=7741/7910 op=mul seconds=955.935 eta_seconds=20.8698 bootstraps=710
node=7751/7910 op=gather seconds=956.53 eta_seconds=19.6218 bootstraps=710
node=7761/7910 op=addp seconds=958.56 eta_seconds=18.403 bootstraps=712
node=7771/7910 op=gather seconds=960.732 eta_seconds=17.1846 bootstraps=714
node=7781/7910 op=cheb seconds=963.241 eta_seconds=15.9694 bootstraps=716
node=7791/7910 op=mulp seconds=963.671 eta_seconds=14.7191 bootstraps=716
node=7801/7910 op=cheb seconds=963.895 eta_seconds=13.4681 bootstraps=716
node=7811/7910 op=mul seconds=964.164 eta_seconds=12.2202 bootstraps=716
node=7821/7910 op=gather seconds=966.322 eta_seconds=10.9964 bootstraps=718
node=7831/7910 op=mul seconds=967.073 eta_seconds=9.75594 bootstraps=718
node=7841/7910 op=mulp seconds=967.79 eta_seconds=8.51645 bootstraps=718
node=7851/7910 op=mulp seconds=967.824 eta_seconds=7.27317 bootstraps=718
node=7861/7910 op=repeat seconds=968.192 eta_seconds=6.03503 bootstraps=718
node=7871/7910 op=sum seconds=968.375 eta_seconds=4.7982 bootstraps=718
node=7881/7910 op=add seconds=968.549 eta_seconds=3.564 bootstraps=718
node=7891/7910 op=cheb seconds=972.224 eta_seconds=2.34093 bootstraps=722
node=7901/7910 op=add seconds=974.855 eta_seconds=1.11045 bootstraps=724
node=7910/7910 op=mulp seconds=976.41 eta_seconds=0 bootstraps=726
client_token=315 logit_margin=0.674891
passed=1 polynomial_error=0.00010656 exact_error=0.000134532 eval_seconds=976.483
