GPU 0: NVIDIA GB10
 SMs: 48, SharedMem: 100 KB, Blocks/SM: 24, Threads/SM: 1536, L2 size: 24 MB, Bus: 256-bit
Adding bootstrap precomputation to GPU for 32768 slots.
Plaintexts loaded: 248 ~ 6262MB
Rotation keys loaded: 85 ~ 15300MB
setup_seconds=26.7549
planned_logical_refreshes=623
node=1/7910 op=public seconds=0.183698 eta_seconds=1452.87 bootstraps=0
node=11/7910 op=public seconds=1.52875 eta_seconds=1097.78 bootstraps=0
node=21/7910 op=mul seconds=2.38495 eta_seconds=895.946 bootstraps=0
node=31/7910 op=gather seconds=4.2685 eta_seconds=1084.89 bootstraps=0
node=41/7910 op=mul seconds=5.28197 eta_seconds=1013.75 bootstraps=0
node=51/7910 op=repeat seconds=5.97199 eta_seconds=920.272 bootstraps=0
node=61/7910 op=mulp seconds=6.34768 eta_seconds=816.77 bootstraps=0
node=71/7910 op=add seconds=6.91308 eta_seconds=763.262 bootstraps=0
node=81/7910 op=add seconds=7.67186 eta_seconds=741.518 bootstraps=0
node=91/7910 op=scatter seconds=8.33488 eta_seconds=716.159 bootstraps=0
node=111/7910 op=mul seconds=10.9304 eta_seconds=767.983 bootstraps=2
node=121/7910 op=mul seconds=11.7941 eta_seconds=759.211 bootstraps=2
node=131/7910 op=scatter seconds=14.7271 eta_seconds=874.517 bootstraps=4
node=141/7910 op=gather seconds=18.3 eta_seconds=1008.32 bootstraps=8
node=161/7910 op=cheb seconds=20.4974 eta_seconds=986.55 bootstraps=10
node=171/7910 op=sum seconds=20.7307 eta_seconds=938.217 bootstraps=10
node=181/7910 op=addp seconds=20.8765 eta_seconds=891.463 bootstraps=10
node=191/7910 op=scatter seconds=23.0355 eta_seconds=930.946 bootstraps=12
node=201/7910 op=mul seconds=24.3567 eta_seconds=934.16 bootstraps=12
node=211/7910 op=scatter seconds=25.0088 eta_seconds=912.525 bootstraps=12
node=221/7910 op=sum seconds=25.3415 eta_seconds=881.676 bootstraps=12
node=231/7910 op=scatter seconds=27.4055 eta_seconds=911.026 bootstraps=14
node=241/7910 op=gather seconds=29.657 eta_seconds=943.733 bootstraps=16
node=251/7910 op=cheb seconds=33.2084 eta_seconds=1013.32 bootstraps=20
node=271/7910 op=repeat seconds=35.9097 eta_seconds=1012.23 bootstraps=22
node=281/7910 op=addp seconds=36.3436 eta_seconds=986.71 bootstraps=22
node=291/7910 op=repeat seconds=36.6205 eta_seconds=958.802 bootstraps=22
node=301/7910 op=mul seconds=36.9383 eta_seconds=933.765 bootstraps=22
node=311/7910 op=scatter seconds=39.3898 eta_seconds=962.453 bootstraps=24
node=321/7910 op=mul seconds=40.2393 eta_seconds=951.326 bootstraps=24
node=341/7910 op=add seconds=41.4669 eta_seconds=920.42 bootstraps=24
node=351/7910 op=cheb seconds=43.8551 eta_seconds=944.446 bootstraps=26
node=361/7910 op=add seconds=46.3449 eta_seconds=969.134 bootstraps=28
node=371/7910 op=linear seconds=48.4148 eta_seconds=983.824 bootstraps=30
node=381/7910 op=cheb seconds=50.1665 eta_seconds=991.348 bootstraps=32
node=391/7910 op=add seconds=50.6356 eta_seconds=973.732 bootstraps=32
node=401/7910 op=mulp seconds=50.9189 eta_seconds=953.491 bootstraps=32
node=411/7910 op=addp seconds=51.0667 eta_seconds=931.75 bootstraps=32
node=421/7910 op=mul seconds=51.3665 eta_seconds=913.738 bootstraps=32
node=431/7910 op=gather seconds=55.9901 eta_seconds=971.577 bootstraps=36
node=441/7910 op=add seconds=56.4044 eta_seconds=955.293 bootstraps=36
node=451/7910 op=mulp seconds=56.9795 eta_seconds=942.372 bootstraps=36
node=461/7910 op=add seconds=59.4924 eta_seconds=961.299 bootstraps=38
node=471/7910 op=linear seconds=61.5639 eta_seconds=972.343 bootstraps=40
node=481/7910 op=mulp seconds=63.6043 eta_seconds=982.362 bootstraps=42
node=491/7910 op=gather seconds=65.6753 eta_seconds=992.353 bootstraps=44
node=501/7910 op=cheb seconds=67.6338 eta_seconds=1000.2 bootstraps=46
node=511/7910 op=sum seconds=68.0985 eta_seconds=986.029 bootstraps=46
node=521/7910 op=addp seconds=68.3262 eta_seconds=969.025 bootstraps=46
node=531/7910 op=gather seconds=68.7303 eta_seconds=955.105 bootstraps=46
node=541/7910 op=add seconds=70.7738 eta_seconds=964.014 bootstraps=48
node=551/7910 op=add seconds=72.0024 eta_seconds=961.644 bootstraps=48
node=561/7910 op=add seconds=72.9704 eta_seconds=955.899 bootstraps=48
node=571/7910 op=repeat seconds=73.2374 eta_seconds=941.312 bootstraps=48
node=581/7910 op=mulp seconds=75.5128 eta_seconds=952.553 bootstraps=50
node=591/7910 op=mul seconds=79.1261 eta_seconds=979.906 bootstraps=54
node=601/7910 op=mul seconds=81.1621 eta_seconds=987.045 bootstraps=56
node=611/7910 op=gather seconds=81.8838 eta_seconds=978.184 bootstraps=56
node=621/7910 op=mul seconds=84.0773 eta_seconds=986.859 bootstraps=58
node=631/7910 op=repeat seconds=84.3556 eta_seconds=973.098 bootstraps=58
node=641/7910 op=mulp seconds=84.5289 eta_seconds=958.565 bootstraps=58
node=651/7910 op=add seconds=84.841 eta_seconds=946.023 bootstraps=58
node=661/7910 op=add seconds=88.8218 eta_seconds=974.084 bootstraps=62
node=671/7910 op=scatter seconds=89.6618 eta_seconds=967.305 bootstraps=62
node=691/7910 op=mul seconds=90.8154 eta_seconds=948.765 bootstraps=62
node=701/7910 op=mul seconds=93.1041 eta_seconds=957.472 bootstraps=64
node=711/7910 op=scatter seconds=95.6095 eta_seconds=968.063 bootstraps=66
node=721/7910 op=gather seconds=97.847 eta_seconds=975.62 bootstraps=68
node=741/7910 op=cheb seconds=100.255 eta_seconds=969.946 bootstraps=70
node=751/7910 op=sum seconds=100.455 eta_seconds=957.604 bootstraps=70
node=761/7910 op=addp seconds=100.583 eta_seconds=944.894 bootstraps=70
node=771/7910 op=scatter seconds=102.672 eta_seconds=950.683 bootstraps=72
node=781/7910 op=mul seconds=104.164 eta_seconds=950.812 bootstraps=72
node=791/7910 op=scatter seconds=104.917 eta_seconds=944.256 bootstraps=72
node=801/7910 op=sum seconds=105.28 eta_seconds=934.376 bootstraps=72
node=811/7910 op=scatter seconds=107.651 eta_seconds=942.311 bootstraps=74
node=821/7910 op=gather seconds=108.3 eta_seconds=935.128 bootstraps=74
node=831/7910 op=cheb seconds=111.808 eta_seconds=952.452 bootstraps=78
node=851/7910 op=repeat seconds=114.302 eta_seconds=948.126 bootstraps=80
node=861/7910 op=addp seconds=114.669 eta_seconds=938.794 bootstraps=80
node=871/7910 op=repeat seconds=117.753 eta_seconds=951.621 bootstraps=84
node=881/7910 op=mul seconds=118.443 eta_seconds=944.993 bootstraps=84
node=891/7910 op=scatter seconds=119.198 eta_seconds=939 bootstraps=84
node=901/7910 op=mul seconds=119.696 eta_seconds=931.135 bootstraps=84
node=921/7910 op=add seconds=122.521 eta_seconds=929.747 bootstraps=86
node=931/7910 op=cheb seconds=124.819 eta_seconds=935.676 bootstraps=88
node=941/7910 op=add seconds=127.348 eta_seconds=943.133 bootstraps=90
node=951/7910 op=linear seconds=129.584 eta_seconds=948.236 bootstraps=92
node=961/7910 op=cheb seconds=129.699 eta_seconds=937.857 bootstraps=92
node=971/7910 op=add seconds=131.549 eta_seconds=940.084 bootstraps=94
node=981/7910 op=mulp seconds=133.245 eta_seconds=941.133 bootstraps=96
node=991/7910 op=addp seconds=134.781 eta_seconds=941.017 bootstraps=98
node=1001/7910 op=mul seconds=135.427 eta_seconds=934.732 bootstraps=98
node=1011/7910 op=gather seconds=136.478 eta_seconds=931.316 bootstraps=98
node=1021/7910 op=add seconds=138.468 eta_seconds=934.287 bootstraps=100
node=1031/7910 op=mulp seconds=139.085 eta_seconds=927.995 bootstraps=100
node=1041/7910 op=add seconds=140.043 eta_seconds=924.066 bootstraps=100
node=1051/7910 op=linear seconds=142.266 eta_seconds=928.455 bootstraps=102
node=1061/7910 op=mulp seconds=144.224 eta_seconds=930.998 bootstraps=104
node=1071/7910 op=gather seconds=146.453 eta_seconds=935.194 bootstraps=106
node=1081/7910 op=cheb seconds=148.366 eta_seconds=937.275 bootstraps=108
node=1091/7910 op=sum seconds=148.893 eta_seconds=930.614 bootstraps=108
node=1101/7910 op=addp seconds=149.119 eta_seconds=922.211 bootstraps=108
node=1111/7910 op=gather seconds=149.571 eta_seconds=915.329 bootstraps=108
node=1121/7910 op=add seconds=151.64 eta_seconds=918.365 bootstraps=110
node=1131/7910 op=add seconds=152.868 eta_seconds=916.262 bootstraps=110
node=1141/7910 op=add seconds=153.83 eta_seconds=912.601 bootstraps=110
node=1151/7910 op=repeat seconds=154.098 eta_seconds=904.909 bootstraps=110
node=1161/7910 op=mulp seconds=156.46 eta_seconds=909.518 bootstraps=112
node=1171/7910 op=mul seconds=158.606 eta_seconds=912.762 bootstraps=114
node=1181/7910 op=mul seconds=160.642 eta_seconds=915.291 bootstraps=116
node=1191/7910 op=gather seconds=161.363 eta_seconds=910.328 bootstraps=116
node=1201/7910 op=mul seconds=163.618 eta_seconds=913.997 bootstraps=118
node=1211/7910 op=repeat seconds=163.886 eta_seconds=906.581 bootstraps=118
node=1221/7910 op=mulp seconds=164.025 eta_seconds=898.578 bootstraps=118
node=1231/7910 op=add seconds=165.847 eta_seconds=899.834 bootstraps=120
node=1241/7910 op=add seconds=166.976 eta_seconds=897.313 bootstraps=120
node=1251/7910 op=scatter seconds=167.81 eta_seconds=893.244 bootstraps=120
node=1271/7910 op=mul seconds=168.962 eta_seconds=882.564 bootstraps=120
node=1281/7910 op=mul seconds=171.255 eta_seconds=886.219 bootstraps=122
node=1291/7910 op=scatter seconds=173.759 eta_seconds=890.867 bootstraps=124
node=1301/7910 op=gather seconds=175.996 eta_seconds=894.047 bootstraps=126
node=1321/7910 op=cheb seconds=178.352 eta_seconds=889.599 bootstraps=128
node=1331/7910 op=sum seconds=178.553 eta_seconds=882.572 bootstraps=128
node=1341/7910 op=addp seconds=178.681 eta_seconds=875.286 bootstraps=128
node=1351/7910 op=scatter seconds=180.782 eta_seconds=877.68 bootstraps=130
node=1361/7910 op=mul seconds=182.286 eta_seconds=877.143 bootstraps=130
node=1371/7910 op=scatter seconds=183.039 eta_seconds=873.006 bootstraps=130
node=1381/7910 op=sum seconds=183.4 eta_seconds=867.066 bootstraps=130
node=1391/7910 op=scatter seconds=187.089 eta_seconds=876.801 bootstraps=134
node=1401/7910 op=gather seconds=187.823 eta_seconds=872.622 bootstraps=134
node=1411/7910 op=cheb seconds=191.47 eta_seconds=881.901 bootstraps=138
node=1421/7910 op=cheb seconds=192.051 eta_seconds=877 bootstraps=138
node=1431/7910 op=gather seconds=194.015 eta_seconds=878.422 bootstraps=138
node=1441/7910 op=repeat seconds=197.597 eta_seconds=887.062 bootstraps=140
node=1451/7910 op=addp seconds=198.293 eta_seconds=882.685 bootstraps=140
node=1461/7910 op=repeat seconds=198.939 eta_seconds=878.135 bootstraps=140
node=1471/7910 op=mul seconds=199.513 eta_seconds=873.329 bootstraps=140
node=1481/7910 op=scatter seconds=200.098 eta_seconds=868.624 bootstraps=140
node=1491/7910 op=mul seconds=200.785 eta_seconds=864.414 bootstraps=140
node=1501/7910 op=addp seconds=201.552 eta_seconds=860.593 bootstraps=140
node=1511/7910 op=repeat seconds=203.369 eta_seconds=861.256 bootstraps=142
node=1521/7910 op=mul seconds=204.078 eta_seconds=857.235 bootstraps=142
node=1531/7910 op=mul seconds=206.238 eta_seconds=859.303 bootstraps=144
node=1541/7910 op=scatter seconds=208.749 eta_seconds=862.767 bootstraps=146
node=1551/7910 op=gather seconds=212.211 eta_seconds=870.051 bootstraps=150
node=1561/7910 op=mul seconds=212.861 eta_seconds=865.763 bootstraps=150
node=1571/7910 op=cheb seconds=216.259 eta_seconds=872.608 bootstraps=154
node=1581/7910 op=sum seconds=216.491 eta_seconds=866.649 bootstraps=154
node=1591/7910 op=addp seconds=216.638 eta_seconds=860.425 bootstraps=154
node=1601/7910 op=scatter seconds=218.806 eta_seconds=862.239 bootstraps=156
node=1611/7910 op=mul seconds=220.13 eta_seconds=860.706 bootstraps=156
node=1621/7910 op=scatter seconds=220.781 eta_seconds=856.564 bootstraps=156
node=1631/7910 op=mulp seconds=221.016 eta_seconds=850.864 bootstraps=156
node=1641/7910 op=repeat seconds=223.044 eta_seconds=852.078 bootstraps=158
node=1651/7910 op=mulp seconds=224.908 eta_seconds=852.634 bootstraps=160
node=1661/7910 op=mul seconds=227.278 eta_seconds=855.063 bootstraps=162
node=1671/7910 op=mul seconds=229.315 eta_seconds=856.191 bootstraps=164
node=1681/7910 op=gather seconds=230.046 eta_seconds=852.442 bootstraps=164
node=1691/7910 op=mul seconds=234.536 eta_seconds=862.555 bootstraps=168
node=1701/7910 op=repeat seconds=234.815 eta_seconds=857.123 bootstraps=168
node=1711/7910 op=mulp seconds=234.989 eta_seconds=851.37 bootstraps=168
node=1721/7910 op=add seconds=235.301 eta_seconds=846.181 bootstraps=168
node=1731/7910 op=add seconds=237.989 eta_seconds=849.528 bootstraps=170
node=1741/7910 op=scatter seconds=238.828 eta_seconds=846.255 bootstraps=170
node=1751/7910 op=mul seconds=239.596 eta_seconds=842.759 bootstraps=170
node=1761/7910 op=add seconds=239.872 eta_seconds=837.578 bootstraps=170
node=1771/7910 op=add seconds=242.391 eta_seconds=840.224 bootstraps=172
node=1781/7910 op=linear_ref seconds=243.013 eta_seconds=836.288 bootstraps=172
node=1791/7910 op=mulp seconds=245.051 eta_seconds=837.223 bootstraps=174
node=1801/7910 op=gather seconds=247.112 eta_seconds=838.206 bootstraps=176
node=1811/7910 op=cheb seconds=249.541 eta_seconds=840.393 bootstraps=178
node=1821/7910 op=sum seconds=250.037 eta_seconds=836.065 bootstraps=178
node=1831/7910 op=addp seconds=250.216 eta_seconds=830.728 bootstraps=178
node=1841/7910 op=gather seconds=250.62 eta_seconds=826.188 bootstraps=178
node=1851/7910 op=add seconds=252.775 eta_seconds=827.424 bootstraps=180
node=1861/7910 op=add seconds=254.021 eta_seconds=825.669 bootstraps=180
node=1871/7910 op=add seconds=254.985 eta_seconds=823.011 bootstraps=180
node=1881/7910 op=sum seconds=255.151 eta_seconds=817.813 bootstraps=180
node=1891/7910 op=add seconds=255.539 eta_seconds=813.372 bootstraps=180
node=1901/7910 op=cheb seconds=259.259 eta_seconds=819.51 bootstraps=184
node=1911/7910 op=add seconds=261.859 eta_seconds=822.025 bootstraps=186
node=1921/7910 op=linear_ref seconds=263.924 eta_seconds=822.823 bootstraps=188
node=1931/7910 op=cheb seconds=265.788 eta_seconds=822.964 bootstraps=190
node=1941/7910 op=add seconds=268.533 eta_seconds=825.797 bootstraps=192
node=1951/7910 op=mulp seconds=268.848 eta_seconds=821.151 bootstraps=192
node=1961/7910 op=addp seconds=269.028 eta_seconds=816.138 bootstraps=192
node=1971/7910 op=mul seconds=270.831 eta_seconds=816.065 bootstraps=194
node=1981/7910 op=gather seconds=272.567 eta_seconds=815.776 bootstraps=194
node=1991/7910 op=add seconds=272.982 eta_seconds=811.543 bootstraps=194
node=2001/7910 op=mul seconds=273.56 eta_seconds=807.829 bootstraps=194
node=2011/7910 op=sum seconds=273.975 eta_seconds=803.669 bootstraps=194
node=2021/7910 op=scatter seconds=276.348 eta_seconds=805.253 bootstraps=196
node=2031/7910 op=gather seconds=278.426 eta_seconds=805.942 bootstraps=198
node=2041/7910 op=cheb seconds=281.978 eta_seconds=810.841 bootstraps=202
node=2051/7910 op=gather seconds=282.733 eta_seconds=807.671 bootstraps=202
node=2061/7910 op=repeat seconds=285.272 eta_seconds=809.584 bootstraps=204
node=2071/7910 op=addp seconds=285.706 eta_seconds=805.522 bootstraps=204
node=2081/7910 op=repeat seconds=285.983 eta_seconds=801.054 bootstraps=204
node=2091/7910 op=mul seconds=286.301 eta_seconds=796.742 bootstraps=204
node=2101/7910 op=scatter seconds=288.886 eta_seconds=798.733 bootstraps=206
node=2111/7910 op=mul seconds=289.732 eta_seconds=795.906 bootstraps=206
node=2121/7910 op=addp seconds=290.697 eta_seconds=793.42 bootstraps=206
node=2131/7910 op=repeat seconds=290.976 eta_seconds=789.089 bootstraps=206
node=2141/7910 op=mul seconds=291.366 eta_seconds=785.097 bootstraps=206
node=2151/7910 op=mul seconds=293.655 eta_seconds=786.219 bootstraps=208
node=2161/7910 op=scatter seconds=296.168 eta_seconds=787.908 bootstraps=210
node=2171/7910 op=gather seconds=298.403 eta_seconds=788.824 bootstraps=212
node=2181/7910 op=mul seconds=300.68 eta_seconds=789.819 bootstraps=214
node=2191/7910 op=cheb seconds=301.408 eta_seconds=786.741 bootstraps=214
node=2201/7910 op=sum seconds=301.611 eta_seconds=782.324 bootstraps=214
node=2211/7910 op=addp seconds=301.738 eta_seconds=777.751 bootstraps=214
node=2221/7910 op=scatter seconds=303.904 eta_seconds=778.439 bootstraps=216
node=2231/7910 op=mul seconds=305.392 eta_seconds=777.374 bootstraps=216
node=2241/7910 op=scatter seconds=306.145 eta_seconds=774.447 bootstraps=216
node=2251/7910 op=mulp seconds=306.381 eta_seconds=770.241 bootstraps=216
node=2261/7910 op=repeat seconds=306.905 eta_seconds=766.787 bootstraps=216
node=2271/7910 op=mulp seconds=309.207 eta_seconds=767.777 bootstraps=218
node=2281/7910 op=mul seconds=311.373 eta_seconds=768.398 bootstraps=220
node=2291/7910 op=mul seconds=313.369 eta_seconds=768.581 bootstraps=222
node=2301/7910 op=gather seconds=314.143 eta_seconds=765.766 bootstraps=222
node=2311/7910 op=mul seconds=316.965 eta_seconds=767.93 bootstraps=224
node=2321/7910 op=repeat seconds=318.701 eta_seconds=767.437 bootstraps=226
node=2331/7910 op=mulp seconds=320.245 eta_seconds=766.472 bootstraps=228
node=2341/7910 op=add seconds=320.93 eta_seconds=763.459 bootstraps=228
node=2351/7910 op=add seconds=321.898 eta_seconds=761.137 bootstraps=228
node=2361/7910 op=scatter seconds=323.861 eta_seconds=761.163 bootstraps=230
node=2371/7910 op=mul seconds=324.763 eta_seconds=758.693 bootstraps=230
node=2381/7910 op=add seconds=325.04 eta_seconds=754.786 bootstraps=230
node=2391/7910 op=add seconds=327.5 eta_seconds=755.948 bootstraps=232
node=2401/7910 op=linear_ref seconds=328.095 eta_seconds=752.801 bootstraps=232
node=2411/7910 op=mulp seconds=330.163 eta_seconds=753.035 bootstraps=234
node=2421/7910 op=gather seconds=332.39 eta_seconds=753.61 bootstraps=236
node=2431/7910 op=cheb seconds=336.229 eta_seconds=757.794 bootstraps=240
node=2441/7910 op=sum seconds=338.145 eta_seconds=757.606 bootstraps=242
node=2451/7910 op=addp seconds=339.644 eta_seconds=756.474 bootstraps=244
node=2461/7910 op=gather seconds=341.792 eta_seconds=756.776 bootstraps=246
node=2471/7910 op=add seconds=342.064 eta_seconds=752.93 bootstraps=246
node=2481/7910 op=add seconds=342.859 eta_seconds=750.255 bootstraps=246
node=2491/7910 op=add seconds=345.465 eta_seconds=751.536 bootstraps=248
node=2501/7910 op=sum seconds=345.702 eta_seconds=747.663 bootstraps=248
node=2511/7910 op=add seconds=346.246 eta_seconds=744.478 bootstraps=248
node=2521/7910 op=cheb seconds=348.289 eta_seconds=744.519 bootstraps=250
node=2531/7910 op=add seconds=350.981 eta_seconds=745.921 bootstraps=252
node=2541/7910 op=linear_ref seconds=353.207 eta_seconds=746.308 bootstraps=254
node=2551/7910 op=cheb seconds=355.087 eta_seconds=745.947 bootstraps=256
node=2561/7910 op=add seconds=358.471 eta_seconds=748.716 bootstraps=258
node=2571/7910 op=mulp seconds=358.791 eta_seconds=745.075 bootstraps=258
node=2581/7910 op=addp seconds=359.02 eta_seconds=741.269 bootstraps=258
node=2591/7910 op=mul seconds=360.816 eta_seconds=740.71 bootstraps=260
node=2601/7910 op=gather seconds=362.555 eta_seconds=740.025 bootstraps=260
node=2611/7910 op=add seconds=362.968 eta_seconds=736.64 bootstraps=260
node=2621/7910 op=mul seconds=363.545 eta_seconds=733.608 bootstraps=260
node=2631/7910 op=sum seconds=363.955 eta_seconds=730.262 bootstraps=260
node=2641/7910 op=scatter seconds=366.403 eta_seconds=731.003 bootstraps=262
node=2651/7910 op=gather seconds=367.032 eta_seconds=728.112 bootstraps=262
node=2661/7910 op=cheb seconds=370.578 eta_seconds=730.99 bootstraps=266
node=2671/7910 op=gather seconds=371.336 eta_seconds=728.352 bootstraps=266
node=2681/7910 op=repeat seconds=373.927 eta_seconds=729.304 bootstraps=268
node=2691/7910 op=addp seconds=374.352 eta_seconds=726.028 bootstraps=268
node=2701/7910 op=repeat seconds=374.597 eta_seconds=722.427 bootstraps=268
node=2711/7910 op=mul seconds=376.531 eta_seconds=722.09 bootstraps=270
node=2721/7910 op=scatter seconds=377.447 eta_seconds=719.8 bootstraps=270
node=2731/7910 op=mul seconds=378.297 eta_seconds=717.393 bootstraps=270
node=2741/7910 op=addp seconds=379.255 eta_seconds=715.203 bootstraps=270
node=2751/7910 op=repeat seconds=379.536 eta_seconds=711.75 bootstraps=270
node=2761/7910 op=mul seconds=379.924 eta_seconds=708.522 bootstraps=270
node=2771/7910 op=mul seconds=382.216 eta_seconds=708.844 bootstraps=272
node=2781/7910 op=scatter seconds=384.726 eta_seconds=709.551 bootstraps=274
node=2791/7910 op=gather seconds=386.97 eta_seconds=709.745 bootstraps=276
node=2801/7910 op=mul seconds=389.248 eta_seconds=709.985 bootstraps=278
node=2811/7910 op=cheb seconds=389.93 eta_seconds=707.312 bootstraps=278
node=2821/7910 op=sum seconds=390.134 eta_seconds=703.79 bootstraps=278
node=2831/7910 op=addp seconds=390.262 eta_seconds=700.155 bootstraps=278
node=2841/7910 op=scatter seconds=392.426 eta_seconds=700.178 bootstraps=280
node=2851/7910 op=mul seconds=393.943 eta_seconds=699.038 bootstraps=280
node=2861/7910 op=scatter seconds=394.697 eta_seconds=696.548 bootstraps=280
node=2871/7910 op=mulp seconds=394.932 eta_seconds=693.16 bootstraps=280
node=2881/7910 op=repeat seconds=395.461 eta_seconds=690.306 bootstraps=280
node=2891/7910 op=mulp seconds=399.082 eta_seconds=692.837 bootstraps=284
node=2901/7910 op=mul seconds=401.448 eta_seconds=693.158 bootstraps=286
node=2911/7910 op=mul seconds=403.455 eta_seconds=692.845 bootstraps=288
client_token=315 logit_margin=1.89742
node=2921/7910 op=mul seconds=404.231 eta_seconds=690.417 bootstraps=288
node=2931/7910 op=gather seconds=406.148 eta_seconds=689.939 bootstraps=288
node=2941/7910 op=mul seconds=409.912 eta_seconds=692.572 bootstraps=290
node=2951/7910 op=repeat seconds=410.602 eta_seconds=689.995 bootstraps=290
node=2961/7910 op=mulp seconds=410.981 eta_seconds=686.912 bootstraps=290
node=2971/7910 op=add seconds=411.55 eta_seconds=684.162 bootstraps=290
node=2981/7910 op=add seconds=412.31 eta_seconds=681.743 bootstraps=290
node=2991/7910 op=scatter seconds=412.969 eta_seconds=679.17 bootstraps=290
node=3001/7910 op=mul seconds=413.597 eta_seconds=676.558 bootstraps=290
node=3011/7910 op=mul seconds=415.423 eta_seconds=675.907 bootstraps=292
node=3021/7910 op=mul seconds=416.204 eta_seconds=673.559 bootstraps=292
node=3031/7910 op=sum seconds=417.263 eta_seconds=671.669 bootstraps=292
node=3041/7910 op=cheb seconds=420.945 eta_seconds=673.982 bootstraps=296
node=3051/7910 op=repeat seconds=423.022 eta_seconds=673.701 bootstraps=298
node=3061/7910 op=gather seconds=423.614 eta_seconds=671.056 bootstraps=298
node=3071/7910 op=repeat seconds=426.377 eta_seconds=671.846 bootstraps=300
node=3081/7910 op=cheb seconds=426.701 eta_seconds=668.788 bootstraps=300
node=3091/7910 op=mul seconds=426.881 eta_seconds=665.526 bootstraps=300
node=3101/7910 op=mulp seconds=428.827 eta_seconds=665.02 bootstraps=302
node=3111/7910 op=scatter seconds=429.957 eta_seconds=663.248 bootstraps=302
node=3121/7910 op=add seconds=430.599 eta_seconds=660.73 bootstraps=302
node=3131/7910 op=mul seconds=431.564 eta_seconds=658.718 bootstraps=302
node=3141/7910 op=repeat seconds=431.84 eta_seconds=655.666 bootstraps=302
node=3151/7910 op=sum seconds=432.246 eta_seconds=652.827 bootstraps=302
node=3161/7910 op=scatter seconds=434.669 eta_seconds=653.034 bootstraps=304
node=3171/7910 op=gather seconds=436.791 eta_seconds=652.776 bootstraps=306
node=3181/7910 op=cheb seconds=440.344 eta_seconds=654.632 bootstraps=310
node=3191/7910 op=gather seconds=441.097 eta_seconds=652.314 bootstraps=310
node=3201/7910 op=repeat seconds=445.34 eta_seconds=655.141 bootstraps=314
node=3211/7910 op=addp seconds=445.773 eta_seconds=652.348 bootstraps=314
node=3221/7910 op=repeat seconds=446.048 eta_seconds=649.338 bootstraps=314
node=3231/7910 op=mul seconds=446.37 eta_seconds=646.415 bootstraps=314
node=3241/7910 op=scatter seconds=448.822 eta_seconds=646.575 bootstraps=316
node=3251/7910 op=mul seconds=449.674 eta_seconds=644.426 bootstraps=316
node=3261/7910 op=addp seconds=450.637 eta_seconds=642.444 bootstraps=316
node=3271/7910 op=mul seconds=450.802 eta_seconds=639.337 bootstraps=316
node=3281/7910 op=mul seconds=451.185 eta_seconds=636.555 bootstraps=316
node=3291/7910 op=mul seconds=453.702 eta_seconds=636.782 bootstraps=318
node=3301/7910 op=gather seconds=454.325 eta_seconds=634.348 bootstraps=318
node=3311/7910 op=addp seconds=456.359 eta_seconds=633.885 bootstraps=320
node=3321/7910 op=gather seconds=458.421 eta_seconds=633.452 bootstraps=322
node=3331/7910 op=cheb seconds=460.972 eta_seconds=633.681 bootstraps=324
node=3341/7910 op=mulp seconds=461.356 eta_seconds=630.929 bootstraps=324
node=3351/7910 op=cheb seconds=461.593 eta_seconds=627.992 bootstraps=324
node=3361/7910 op=mul seconds=463.778 eta_seconds=627.708 bootstraps=326
node=3371/7910 op=gather seconds=464.409 eta_seconds=625.32 bootstraps=326
node=3381/7910 op=mul seconds=465.387 eta_seconds=623.407 bootstraps=326
node=3391/7910 op=mulp seconds=466.347 eta_seconds=621.475 bootstraps=326
node=3401/7910 op=sum seconds=466.519 eta_seconds=618.505 bootstraps=326
node=3411/7910 op=add seconds=466.901 eta_seconds=615.828 bootstraps=326
node=3421/7910 op=add seconds=469.411 eta_seconds=615.956 bootstraps=328
node=3431/7910 op=linear_ref seconds=471.47 eta_seconds=615.48 bootstraps=330
node=3441/7910 op=mulp seconds=473.506 eta_seconds=614.966 bootstraps=332
node=3451/7910 op=gather seconds=475.568 eta_seconds=614.476 bootstraps=334
node=3461/7910 op=cheb seconds=479.823 eta_seconds=616.796 bootstraps=338
node=3471/7910 op=sum seconds=480.287 eta_seconds=614.231 bootstraps=338
node=3481/7910 op=addp seconds=480.515 eta_seconds=611.377 bootstraps=338
node=3491/7910 op=gather seconds=480.917 eta_seconds=608.758 bootstraps=338
node=3501/7910 op=add seconds=482.997 eta_seconds=608.265 bootstraps=340
node=3511/7910 op=add seconds=484.233 eta_seconds=606.705 bootstraps=340
node=3521/7910 op=add seconds=485.196 eta_seconds=604.808 bootstraps=340
node=3531/7910 op=mul seconds=485.225 eta_seconds=601.756 bootstraps=340
node=3541/7910 op=mul seconds=485.744 eta_seconds=599.326 bootstraps=340
node=3551/7910 op=linear_ref seconds=488.311 eta_seconds=599.422 bootstraps=342
node=3561/7910 op=mulp seconds=489.835 eta_seconds=598.228 bootstraps=344
node=3571/7910 op=sum seconds=492.44 eta_seconds=598.347 bootstraps=346
node=3581/7910 op=gather seconds=494.668 eta_seconds=597.995 bootstraps=348
node=3591/7910 op=cheb seconds=496.966 eta_seconds=597.715 bootstraps=350
node=3601/7910 op=mul seconds=497.619 eta_seconds=595.457 bootstraps=350
node=3611/7910 op=mulp seconds=497.823 eta_seconds=592.673 bootstraps=350
node=3621/7910 op=gather seconds=498.118 eta_seconds=590.01 bootstraps=350
node=3631/7910 op=scatter seconds=500.414 eta_seconds=589.719 bootstraps=352
node=3641/7910 op=mulp seconds=501.653 eta_seconds=588.178 bootstraps=352
node=3651/7910 op=scatter seconds=502.617 eta_seconds=586.318 bootstraps=352
node=3661/7910 op=mulp seconds=502.647 eta_seconds=583.379 bootstraps=352
node=3671/7910 op=repeat seconds=503.169 eta_seconds=581.022 bootstraps=352
node=3681/7910 op=mul seconds=503.556 eta_seconds=578.522 bootstraps=352
node=3691/7910 op=mul seconds=505.844 eta_seconds=578.206 bootstraps=354
node=3701/7910 op=scatter seconds=508.354 eta_seconds=578.13 bootstraps=356
node=3711/7910 op=gather seconds=510.593 eta_seconds=577.737 bootstraps=358
node=3721/7910 op=mul seconds=512.868 eta_seconds=577.373 bootstraps=360
node=3731/7910 op=cheb seconds=513.595 eta_seconds=575.265 bootstraps=360
node=3741/7910 op=sum seconds=513.797 eta_seconds=572.579 bootstraps=360
node=3751/7910 op=addp seconds=515.428 eta_seconds=571.492 bootstraps=362
node=3761/7910 op=scatter seconds=516.265 eta_seconds=569.525 bootstraps=362
node=3771/7910 op=mul seconds=517.655 eta_seconds=568.172 bootstraps=362
node=3781/7910 op=scatter seconds=518.413 eta_seconds=566.127 bootstraps=362
node=3791/7910 op=add seconds=518.645 eta_seconds=563.518 bootstraps=362
node=3801/7910 op=mul seconds=519.056 eta_seconds=561.116 bootstraps=362
node=3811/7910 op=cheb seconds=519.559 eta_seconds=558.823 bootstraps=362
node=3821/7910 op=repeat seconds=523.157 eta_seconds=559.851 bootstraps=366
node=3831/7910 op=mul seconds=525.79 eta_seconds=559.827 bootstraps=368
node=3841/7910 op=gather seconds=528.024 eta_seconds=559.368 bootstraps=370
node=3851/7910 op=cheb seconds=530.365 eta_seconds=559.011 bootstraps=372
node=3861/7910 op=cheb seconds=530.947 eta_seconds=556.8 bootstraps=372
node=3871/7910 op=mul seconds=532.688 eta_seconds=555.807 bootstraps=374
node=3881/7910 op=repeat seconds=534.27 eta_seconds=554.644 bootstraps=376
node=3891/7910 op=add seconds=534.914 eta_seconds=552.511 bootstraps=376
node=3901/7910 op=mul seconds=536.149 eta_seconds=550.992 bootstraps=376
node=3911/7910 op=gather seconds=538.321 eta_seconds=550.434 bootstraps=378
node=3921/7910 op=mul seconds=538.744 eta_seconds=548.088 bootstraps=378
node=3931/7910 op=sum seconds=539.152 eta_seconds=545.735 bootstraps=378
node=3941/7910 op=add seconds=539.532 eta_seconds=543.365 bootstraps=378
node=3951/7910 op=cheb seconds=541.833 eta_seconds=542.93 bootstraps=380
node=3961/7910 op=add seconds=544.365 eta_seconds=542.715 bootstraps=382
node=3971/7910 op=linear_ref seconds=546.59 eta_seconds=542.185 bootstraps=384
node=3981/7910 op=cheb seconds=546.716 eta_seconds=539.575 bootstraps=384
node=3991/7910 op=add seconds=552.123 eta_seconds=542.163 bootstraps=390
node=4001/7910 op=mulp seconds=553.826 eta_seconds=541.091 bootstraps=392
node=4011/7910 op=addp seconds=555.359 eta_seconds=539.852 bootstraps=394
node=4021/7910 op=mul seconds=556.006 eta_seconds=537.753 bootstraps=394
node=4031/7910 op=gather seconds=557.057 eta_seconds=536.052 bootstraps=394
node=4041/7910 op=add seconds=559.049 eta_seconds=535.254 bootstraps=396
node=4051/7910 op=mul seconds=559.683 eta_seconds=533.156 bootstraps=396
node=4061/7910 op=mul seconds=560.062 eta_seconds=530.825 bootstraps=396
node=4071/7910 op=mul seconds=560.814 eta_seconds=528.854 bootstraps=396
node=4081/7910 op=addp seconds=561.409 eta_seconds=526.742 bootstraps=396
node=4091/7910 op=linear_ref seconds=565.544 eta_seconds=527.942 bootstraps=400
node=4101/7910 op=mulp seconds=567.11 eta_seconds=526.73 bootstraps=402
node=4111/7910 op=addp seconds=567.841 eta_seconds=524.745 bootstraps=402
node=4121/7910 op=mulp seconds=573.021 eta_seconds=526.857 bootstraps=406
node=4131/7910 op=mul seconds=573.334 eta_seconds=524.481 bootstraps=406
node=4141/7910 op=repeat seconds=573.562 eta_seconds=522.037 bootstraps=406
node=4151/7910 op=mul seconds=575.396 eta_seconds=521.058 bootstraps=408
node=4161/7910 op=gather seconds=576.827 eta_seconds=519.712 bootstraps=408
node=4171/7910 op=scatter seconds=577.549 eta_seconds=517.731 bootstraps=408
node=4181/7910 op=mul seconds=578.123 eta_seconds=515.623 bootstraps=408
node=4191/7910 op=add seconds=578.397 eta_seconds=513.257 bootstraps=408
node=4201/7910 op=repeat seconds=578.916 eta_seconds=511.116 bootstraps=408
node=4211/7910 op=mulp seconds=581.29 eta_seconds=510.613 bootstraps=410
node=4221/7910 op=mul seconds=583.435 eta_seconds=509.901 bootstraps=412
node=4231/7910 op=mul seconds=585.465 eta_seconds=509.082 bootstraps=414
node=4241/7910 op=gather seconds=586.198 eta_seconds=507.135 bootstraps=414
node=4251/7910 op=mul seconds=589.039 eta_seconds=507.008 bootstraps=416
node=4261/7910 op=repeat seconds=589.307 eta_seconds=504.666 bootstraps=416
node=4271/7910 op=mulp seconds=589.446 eta_seconds=502.223 bootstraps=416
node=4281/7910 op=add seconds=591.368 eta_seconds=501.302 bootstraps=418
node=4291/7910 op=add seconds=592.498 eta_seconds=499.709 bootstraps=418
node=4301/7910 op=scatter seconds=593.335 eta_seconds=497.871 bootstraps=418
node=4311/7910 op=mul seconds=594.104 eta_seconds=495.983 bootstraps=418
node=4321/7910 op=mul seconds=594.382 eta_seconds=493.69 bootstraps=418
node=4331/7910 op=mul seconds=594.786 eta_seconds=491.512 bootstraps=418
node=4341/7910 op=sum seconds=597.199 eta_seconds=490.993 bootstraps=420
node=4351/7910 op=cheb seconds=599.344 eta_seconds=490.247 bootstraps=422
node=4361/7910 op=repeat seconds=601.379 eta_seconds=489.405 bootstraps=424
node=4371/7910 op=gather seconds=602.099 eta_seconds=487.492 bootstraps=424
node=4381/7910 op=repeat seconds=604.892 eta_seconds=487.255 bootstraps=426
node=4391/7910 op=cheb seconds=605.162 eta_seconds=484.984 bootstraps=426
node=4401/7910 op=mul seconds=605.31 eta_seconds=482.625 bootstraps=426
node=4411/7910 op=mulp seconds=605.627 eta_seconds=480.41 bootstraps=426
node=4421/7910 op=scatter seconds=608.386 eta_seconds=480.131 bootstraps=428
node=4431/7910 op=add seconds=609.03 eta_seconds=478.18 bootstraps=428
node=4441/7910 op=mul seconds=609.994 eta_seconds=476.485 bootstraps=428
node=4451/7910 op=repeat seconds=610.273 eta_seconds=474.261 bootstraps=428
node=4461/7910 op=sum seconds=610.679 eta_seconds=472.143 bootstraps=428
node=4471/7910 op=scatter seconds=614.38 eta_seconds=472.569 bootstraps=432
node=4481/7910 op=gather seconds=615.117 eta_seconds=470.707 bootstraps=432
node=4491/7910 op=cheb seconds=618.749 eta_seconds=471.054 bootstraps=436
client_token=279 logit_margin=2.90224
node=4501/7910 op=cheb seconds=619.418 eta_seconds=469.139 bootstraps=436
node=4511/7910 op=gather seconds=621.386 eta_seconds=468.209 bootstraps=436
node=4521/7910 op=repeat seconds=624.967 eta_seconds=468.483 bootstraps=438
node=4531/7910 op=addp seconds=625.669 eta_seconds=466.593 bootstraps=438
node=4541/7910 op=repeat seconds=626.31 eta_seconds=464.664 bootstraps=438
node=4551/7910 op=mul seconds=626.887 eta_seconds=462.692 bootstraps=438
node=4561/7910 op=scatter seconds=627.474 eta_seconds=460.735 bootstraps=438
node=4571/7910 op=mul seconds=628.161 eta_seconds=458.856 bootstraps=438
node=4581/7910 op=addp seconds=628.926 eta_seconds=457.039 bootstraps=438
node=4591/7910 op=sum seconds=629.07 eta_seconds=454.778 bootstraps=438
node=4601/7910 op=add seconds=631.273 eta_seconds=454.006 bootstraps=440
node=4611/7910 op=repeat seconds=632.285 eta_seconds=452.376 bootstraps=440
node=4621/7910 op=mulp seconds=633.109 eta_seconds=450.616 bootstraps=440
node=4631/7910 op=mul seconds=636.794 eta_seconds=450.885 bootstraps=444
node=4641/7910 op=mul seconds=638.868 eta_seconds=450.002 bootstraps=446
node=4651/7910 op=gather seconds=639.471 eta_seconds=448.084 bootstraps=446
node=4661/7910 op=mul seconds=642.216 eta_seconds=447.664 bootstraps=448
node=4671/7910 op=repeat seconds=642.543 eta_seconds=445.557 bootstraps=448
node=4681/7910 op=mulp seconds=642.714 eta_seconds=443.351 bootstraps=448
node=4691/7910 op=add seconds=644.62 eta_seconds=442.343 bootstraps=450
node=4701/7910 op=add seconds=645.75 eta_seconds=440.802 bootstraps=450
node=4711/7910 op=scatter seconds=646.58 eta_seconds=439.06 bootstraps=450
node=4721/7910 op=mul seconds=647.349 eta_seconds=437.279 bootstraps=450
node=4731/7910 op=repeat seconds=647.628 eta_seconds=435.174 bootstraps=450
node=4741/7910 op=sum seconds=648.031 eta_seconds=433.16 bootstraps=450
node=4751/7910 op=add seconds=648.413 eta_seconds=431.138 bootstraps=450
node=4761/7910 op=cheb seconds=652.251 eta_seconds=431.409 bootstraps=454
node=4771/7910 op=add seconds=654.869 eta_seconds=430.86 bootstraps=456
node=4781/7910 op=linear_ref seconds=657.099 eta_seconds=430.049 bootstraps=458
node=4791/7910 op=cheb seconds=657.201 eta_seconds=427.846 bootstraps=458
node=4801/7910 op=add seconds=661.646 eta_seconds=428.465 bootstraps=462
node=4811/7910 op=mulp seconds=661.925 eta_seconds=426.378 bootstraps=462
node=4821/7910 op=addp seconds=662.106 eta_seconds=424.237 bootstraps=462
node=4831/7910 op=mul seconds=662.408 eta_seconds=422.181 bootstraps=462
node=4841/7910 op=gather seconds=665.688 eta_seconds=422.019 bootstraps=464
node=4851/7910 op=add seconds=666.101 eta_seconds=420.038 bootstraps=464
node=4861/7910 op=mul seconds=666.681 eta_seconds=418.167 bootstraps=464
node=4871/7910 op=add seconds=666.958 eta_seconds=416.113 bootstraps=464
node=4881/7910 op=repeat seconds=667.48 eta_seconds=414.218 bootstraps=464
node=4891/7910 op=mul seconds=667.867 eta_seconds=412.245 bootstraps=464
node=4901/7910 op=mul seconds=670.202 eta_seconds=411.475 bootstraps=466
node=4911/7910 op=scatter seconds=672.671 eta_seconds=410.78 bootstraps=468
node=4921/7910 op=gather seconds=674.739 eta_seconds=409.834 bootstraps=470
node=4931/7910 op=mul seconds=677.04 eta_seconds=409.025 bootstraps=472
node=4941/7910 op=cheb seconds=677.645 eta_seconds=407.191 bootstraps=472
node=4951/7910 op=sum seconds=677.847 eta_seconds=405.12 bootstraps=472
node=4961/7910 op=addp seconds=677.976 eta_seconds=403.014 bootstraps=472
node=4971/7910 op=scatter seconds=680.139 eta_seconds=402.118 bootstraps=474
node=4981/7910 op=mul seconds=681.645 eta_seconds=400.831 bootstraps=474
node=4991/7910 op=scatter seconds=682.398 eta_seconds=399.102 bootstraps=474
node=5001/7910 op=mul seconds=682.633 eta_seconds=397.076 bootstraps=474
node=5011/7910 op=sum seconds=683.041 eta_seconds=395.158 bootstraps=474
node=5021/7910 op=add seconds=683.421 eta_seconds=393.229 bootstraps=474
node=5031/7910 op=add seconds=685.982 eta_seconds=392.555 bootstraps=476
node=5041/7910 op=linear_ref seconds=688.043 eta_seconds=391.588 bootstraps=478
node=5051/7910 op=mulp seconds=690.076 eta_seconds=390.602 bootstraps=480
node=5061/7910 op=gather seconds=692.128 eta_seconds=389.621 bootstraps=482
node=5071/7910 op=cheb seconds=696.418 eta_seconds=389.89 bootstraps=486
node=5081/7910 op=sum seconds=696.881 eta_seconds=388.009 bootstraps=486
node=5091/7910 op=addp seconds=697.106 eta_seconds=386.003 bootstraps=486
node=5101/7910 op=gather seconds=697.51 eta_seconds=384.102 bootstraps=486
node=5111/7910 op=add seconds=699.557 eta_seconds=383.107 bootstraps=488
node=5121/7910 op=add seconds=700.785 eta_seconds=381.662 bootstraps=488
node=5131/7910 op=add seconds=701.748 eta_seconds=380.074 bootstraps=488
node=5141/7910 op=mulp seconds=701.778 eta_seconds=377.985 bootstraps=488
node=5151/7910 op=repeat seconds=702.299 eta_seconds=376.168 bootstraps=488
node=5161/7910 op=sum seconds=702.702 eta_seconds=374.293 bootstraps=488
node=5171/7910 op=scatter seconds=705.128 eta_seconds=373.495 bootstraps=490
node=5181/7910 op=gather seconds=707.201 eta_seconds=372.506 bootstraps=492
node=5191/7910 op=cheb seconds=710.759 eta_seconds=372.289 bootstraps=496
node=5201/7910 op=gather seconds=711.51 eta_seconds=370.598 bootstraps=496
node=5211/7910 op=repeat seconds=714.038 eta_seconds=369.831 bootstraps=498
node=5221/7910 op=addp seconds=714.471 eta_seconds=367.978 bootstraps=498
node=5231/7910 op=repeat seconds=714.747 eta_seconds=366.05 bootstraps=498
node=5241/7910 op=mul seconds=715.064 eta_seconds=364.149 bootstraps=498
node=5251/7910 op=scatter seconds=717.614 eta_seconds=363.385 bootstraps=500
node=5261/7910 op=mul seconds=718.462 eta_seconds=361.757 bootstraps=500
node=5271/7910 op=addp seconds=719.422 eta_seconds=360.188 bootstraps=500
node=5281/7910 op=sum seconds=719.588 eta_seconds=358.227 bootstraps=500
node=5291/7910 op=add seconds=719.971 eta_seconds=356.379 bootstraps=500
node=5301/7910 op=repeat seconds=720.49 eta_seconds=354.605 bootstraps=500
node=5311/7910 op=mulp seconds=722.841 eta_seconds=353.731 bootstraps=502
node=5321/7910 op=mul seconds=724.987 eta_seconds=352.752 bootstraps=504
node=5331/7910 op=mul seconds=727.029 eta_seconds=351.718 bootstraps=506
node=5341/7910 op=gather seconds=727.758 eta_seconds=350.049 bootstraps=506
node=5351/7910 op=mul seconds=730.609 eta_seconds=349.398 bootstraps=508
node=5361/7910 op=repeat seconds=730.878 eta_seconds=347.511 bootstraps=508
node=5371/7910 op=mulp seconds=731.018 eta_seconds=345.57 bootstraps=508
node=5381/7910 op=add seconds=732.941 eta_seconds=344.473 bootstraps=510
node=5391/7910 op=add seconds=734.069 eta_seconds=343.001 bootstraps=510
node=5401/7910 op=scatter seconds=734.906 eta_seconds=341.396 bootstraps=510
node=5411/7910 op=mul seconds=735.673 eta_seconds=339.761 bootstraps=510
node=5421/7910 op=repeat seconds=735.951 eta_seconds=337.905 bootstraps=510
node=5431/7910 op=sum seconds=736.354 eta_seconds=336.111 bootstraps=510
node=5441/7910 op=add seconds=736.736 eta_seconds=334.314 bootstraps=510
node=5451/7910 op=cheb seconds=739.152 eta_seconds=333.439 bootstraps=512
node=5461/7910 op=add seconds=741.726 eta_seconds=332.629 bootstraps=514
node=5471/7910 op=linear_ref seconds=743.949 eta_seconds=331.657 bootstraps=516
node=5481/7910 op=cheb seconds=744.059 eta_seconds=329.743 bootstraps=516
node=5491/7910 op=add seconds=746.882 eta_seconds=329.031 bootstraps=518
node=5501/7910 op=mulp seconds=748.62 eta_seconds=327.836 bootstraps=520
node=5511/7910 op=addp seconds=750.191 eta_seconds=326.566 bootstraps=522
node=5521/7910 op=mul seconds=750.844 eta_seconds=324.899 bootstraps=522
node=5531/7910 op=gather seconds=752.076 eta_seconds=323.484 bootstraps=522
node=5541/7910 op=add seconds=754.031 eta_seconds=322.379 bootstraps=524
node=5551/7910 op=mul seconds=754.669 eta_seconds=320.71 bootstraps=524
node=5561/7910 op=add seconds=754.945 eta_seconds=318.893 bootstraps=524
node=5571/7910 op=repeat seconds=755.47 eta_seconds=317.186 bootstraps=524
node=5581/7910 op=mul seconds=757.159 eta_seconds=315.969 bootstraps=526
node=5591/7910 op=mul seconds=758.06 eta_seconds=314.423 bootstraps=526
node=5601/7910 op=scatter seconds=760.564 eta_seconds=313.541 bootstraps=528
node=5611/7910 op=gather seconds=762.798 eta_seconds=312.542 bootstraps=530
node=5621/7910 op=mul seconds=765.174 eta_seconds=311.596 bootstraps=532
node=5631/7910 op=cheb seconds=768.53 eta_seconds=311.043 bootstraps=536
node=5641/7910 op=sum seconds=770.039 eta_seconds=309.736 bootstraps=538
node=5651/7910 op=addp seconds=771.563 eta_seconds=308.434 bootstraps=540
node=5661/7910 op=scatter seconds=772.324 eta_seconds=306.829 bootstraps=540
node=5671/7910 op=mul seconds=773.253 eta_seconds=305.292 bootstraps=540
node=5681/7910 op=scatter seconds=775.642 eta_seconds=304.331 bootstraps=542
node=5691/7910 op=mul seconds=775.885 eta_seconds=302.528 bootstraps=542
node=5701/7910 op=sum seconds=776.456 eta_seconds=300.858 bootstraps=542
node=5711/7910 op=add seconds=776.991 eta_seconds=299.178 bootstraps=542
node=5721/7910 op=add seconds=777.919 eta_seconds=297.652 bootstraps=542
node=5731/7910 op=linear_ref seconds=780.103 eta_seconds=296.605 bootstraps=544
node=5741/7910 op=mulp seconds=782.174 eta_seconds=295.512 bootstraps=546
node=5751/7910 op=gather seconds=784.404 eta_seconds=294.475 bootstraps=548
node=5761/7910 op=cheb seconds=789.291 eta_seconds=294.426 bootstraps=552
node=5771/7910 op=sum seconds=789.814 eta_seconds=292.742 bootstraps=552
node=5781/7910 op=addp seconds=790.04 eta_seconds=290.952 bootstraps=552
node=5791/7910 op=gather seconds=790.492 eta_seconds=289.251 bootstraps=552
node=5801/7910 op=add seconds=792.537 eta_seconds=288.133 bootstraps=554
node=5811/7910 op=add seconds=793.768 eta_seconds=286.718 bootstraps=554
node=5821/7910 op=add seconds=794.732 eta_seconds=285.208 bootstraps=554
node=5831/7910 op=mulp seconds=794.761 eta_seconds=283.366 bootstraps=554
node=5841/7910 op=repeat seconds=795.281 eta_seconds=281.704 bootstraps=554
node=5851/7910 op=sum seconds=795.686 eta_seconds=280.006 bootstraps=554
node=5861/7910 op=scatter seconds=798.175 eta_seconds=279.041 bootstraps=556
node=5871/7910 op=gather seconds=798.812 eta_seconds=277.428 bootstraps=556
node=5881/7910 op=cheb seconds=802.365 eta_seconds=276.823 bootstraps=560
node=5891/7910 op=gather seconds=803.12 eta_seconds=275.25 bootstraps=560
node=5901/7910 op=repeat seconds=805.718 eta_seconds=274.307 bootstraps=562
node=5911/7910 op=addp seconds=806.14 eta_seconds=272.623 bootstraps=562
node=5921/7910 op=repeat seconds=806.381 eta_seconds=270.882 bootstraps=562
node=5931/7910 op=mul seconds=808.3 eta_seconds=269.706 bootstraps=564
node=5941/7910 op=scatter seconds=809.217 eta_seconds=268.195 bootstraps=564
node=5951/7910 op=mul seconds=810.065 eta_seconds=266.664 bootstraps=564
node=5961/7910 op=addp seconds=811.024 eta_seconds=265.171 bootstraps=564
node=5971/7910 op=sum seconds=811.191 eta_seconds=263.423 bootstraps=564
node=5981/7910 op=add seconds=811.574 eta_seconds=261.75 bootstraps=564
node=5991/7910 op=repeat seconds=812.091 eta_seconds=260.124 bootstraps=564
node=6001/7910 op=mulp seconds=814.446 eta_seconds=259.086 bootstraps=566
node=6011/7910 op=mul seconds=816.582 eta_seconds=257.975 bootstraps=568
node=6021/7910 op=mul seconds=818.621 eta_seconds=256.83 bootstraps=570
node=6031/7910 op=gather seconds=819.35 eta_seconds=255.274 bootstraps=570
node=6041/7910 op=mul seconds=822.13 eta_seconds=254.355 bootstraps=572
node=6051/7910 op=repeat seconds=822.407 eta_seconds=252.661 bootstraps=572
node=6061/7910 op=mulp seconds=822.547 eta_seconds=250.93 bootstraps=572
node=6071/7910 op=add seconds=822.859 eta_seconds=249.257 bootstraps=572
node=6081/7910 op=add seconds=825.614 eta_seconds=248.322 bootstraps=574
node=6091/7910 op=scatter seconds=826.45 eta_seconds=246.809 bootstraps=574
node=6101/7910 op=mul seconds=827.222 eta_seconds=245.279 bootstraps=574
node=6111/7910 op=repeat seconds=827.502 eta_seconds=243.606 bootstraps=574
node=6121/7910 op=sum seconds=827.908 eta_seconds=241.975 bootstraps=574
node=6131/7910 op=add seconds=828.294 eta_seconds=240.342 bootstraps=574
node=6141/7910 op=cheb seconds=832.073 eta_seconds=239.69 bootstraps=578
node=6151/7910 op=add seconds=834.79 eta_seconds=238.725 bootstraps=580
client_token=1614 logit_margin=0.201368
node=6161/7910 op=feedback seconds=836.584 eta_seconds=237.492 bootstraps=582
node=6171/7910 op=linear_ref seconds=838.813 eta_seconds=236.379 bootstraps=582
node=6181/7910 op=cheb seconds=839.206 eta_seconds=234.75 bootstraps=582
node=6191/7910 op=add seconds=841.493 eta_seconds=233.65 bootstraps=582
node=6201/7910 op=mulp seconds=842.182 eta_seconds=232.106 bootstraps=582
node=6211/7910 op=addp seconds=842.575 eta_seconds=230.484 bootstraps=582
node=6221/7910 op=mul seconds=843.118 eta_seconds=228.906 bootstraps=582
node=6231/7910 op=gather seconds=844.378 eta_seconds=227.525 bootstraps=582
node=6241/7910 op=add seconds=844.686 eta_seconds=225.89 bootstraps=582
node=6251/7910 op=mul seconds=845.164 eta_seconds=224.304 bootstraps=582
node=6261/7910 op=mul seconds=846.98 eta_seconds=223.075 bootstraps=584
node=6271/7910 op=mul seconds=847.651 eta_seconds=221.544 bootstraps=584
node=6281/7910 op=mul seconds=848.196 eta_seconds=219.983 bootstraps=584
node=6291/7910 op=mul seconds=849.214 eta_seconds=218.547 bootstraps=584
node=6301/7910 op=gather seconds=851.372 eta_seconds=217.403 bootstraps=586
node=6311/7910 op=addp seconds=853.412 eta_seconds=216.226 bootstraps=588
node=6321/7910 op=gather seconds=855.529 eta_seconds=215.066 bootstraps=590
node=6331/7910 op=cheb seconds=858.084 eta_seconds=214.013 bootstraps=592
node=6341/7910 op=mulp seconds=858.464 eta_seconds=212.416 bootstraps=592
node=6351/7910 op=cheb seconds=858.783 eta_seconds=210.808 bootstraps=592
node=6361/7910 op=mul seconds=860.699 eta_seconds=209.593 bootstraps=594
node=6371/7910 op=gather seconds=861.449 eta_seconds=208.094 bootstraps=594
node=6381/7910 op=mul seconds=862.467 eta_seconds=206.662 bootstraps=594
node=6391/7910 op=mulp seconds=863.424 eta_seconds=205.217 bootstraps=594
node=6401/7910 op=mulp seconds=863.462 eta_seconds=203.556 bootstraps=594
node=6411/7910 op=repeat seconds=863.982 eta_seconds=202.014 bootstraps=594
node=6421/7910 op=sum seconds=864.389 eta_seconds=200.448 bootstraps=594
node=6431/7910 op=add seconds=864.769 eta_seconds=198.879 bootstraps=594
node=6441/7910 op=cheb seconds=868.561 eta_seconds=198.093 bootstraps=598
node=6451/7910 op=add seconds=871.185 eta_seconds=197.033 bootstraps=600
node=6461/7910 op=linear_ref seconds=873.407 eta_seconds=195.878 bootstraps=602
node=6471/7910 op=cheb seconds=873.508 eta_seconds=194.248 bootstraps=602
node=6481/7910 op=add seconds=877.968 eta_seconds=193.584 bootstraps=606
node=6491/7910 op=mulp seconds=878.246 eta_seconds=191.994 bootstraps=606
node=6501/7910 op=addp seconds=878.426 eta_seconds=190.387 bootstraps=606
node=6511/7910 op=mul seconds=878.726 eta_seconds=188.809 bootstraps=606
node=6521/7910 op=gather seconds=882.001 eta_seconds=187.87 bootstraps=608
node=6531/7910 op=add seconds=882.412 eta_seconds=186.319 bootstraps=608
node=6541/7910 op=mul seconds=882.99 eta_seconds=184.806 bootstraps=608
node=6551/7910 op=mul seconds=883.268 eta_seconds=183.233 bootstraps=608
node=6561/7910 op=mul seconds=883.673 eta_seconds=181.691 bootstraps=608
node=6571/7910 op=mul seconds=884.054 eta_seconds=180.147 bootstraps=608
node=6581/7910 op=mul seconds=886.567 eta_seconds=179.038 bootstraps=610
node=6591/7910 op=gather seconds=887.186 eta_seconds=177.545 bootstraps=610
node=6601/7910 op=addp seconds=889.218 eta_seconds=176.335 bootstraps=612
node=6611/7910 op=gather seconds=891.278 eta_seconds=175.128 bootstraps=614
node=6621/7910 op=cheb seconds=893.832 eta_seconds=174.014 bootstraps=616
node=6631/7910 op=mulp seconds=894.213 eta_seconds=172.477 bootstraps=616
node=6641/7910 op=cheb seconds=894.449 eta_seconds=170.916 bootstraps=616
node=6651/7910 op=mul seconds=894.78 eta_seconds=169.377 bootstraps=616
node=6661/7910 op=gather seconds=897.146 eta_seconds=168.223 bootstraps=618
node=6671/7910 op=mul seconds=898.17 eta_seconds=166.816 bootstraps=618
node=6681/7910 op=mulp seconds=899.125 eta_seconds=165.398 bootstraps=618
node=6691/7910 op=mulp seconds=899.196 eta_seconds=163.82 bootstraps=618
node=6701/7910 op=repeat seconds=899.716 eta_seconds=162.328 bootstraps=618
node=6711/7910 op=sum seconds=900.119 eta_seconds=160.817 bootstraps=618
node=6721/7910 op=add seconds=900.503 eta_seconds=159.306 bootstraps=618
node=6731/7910 op=cheb seconds=904.231 eta_seconds=158.385 bootstraps=622
node=6741/7910 op=add seconds=906.829 eta_seconds=157.259 bootstraps=624
node=6751/7910 op=linear_ref seconds=908.893 eta_seconds=156.037 bootstraps=626
node=6761/7910 op=cheb seconds=910.748 eta_seconds=154.777 bootstraps=628
node=6771/7910 op=add seconds=913.497 eta_seconds=153.666 bootstraps=630
node=6781/7910 op=mulp seconds=913.812 eta_seconds=152.145 bootstraps=630
node=6791/7910 op=addp seconds=913.992 eta_seconds=150.605 bootstraps=630
node=6801/7910 op=mul seconds=915.8 eta_seconds=149.334 bootstraps=632
node=6811/7910 op=gather seconds=917.534 eta_seconds=148.05 bootstraps=632
node=6821/7910 op=add seconds=917.945 eta_seconds=146.554 bootstraps=632
node=6831/7910 op=mul seconds=918.52 eta_seconds=145.086 bootstraps=632
node=6841/7910 op=mul seconds=918.798 eta_seconds=143.575 bootstraps=632
node=6851/7910 op=mul seconds=919.199 eta_seconds=142.086 bootstraps=632
node=6861/7910 op=mul seconds=919.581 eta_seconds=140.598 bootstraps=632
node=6871/7910 op=mul seconds=922.086 eta_seconds=139.434 bootstraps=634
node=6881/7910 op=gather seconds=924.145 eta_seconds=138.199 bootstraps=636
node=6891/7910 op=addp seconds=926.215 eta_seconds=136.963 bootstraps=638
node=6901/7910 op=gather seconds=928.449 eta_seconds=135.749 bootstraps=640
node=6911/7910 op=cheb seconds=930.961 eta_seconds=134.572 bootstraps=642
node=6921/7910 op=mulp seconds=931.408 eta_seconds=133.097 bootstraps=642
node=6931/7910 op=cheb seconds=931.679 eta_seconds=131.599 bootstraps=642
node=6941/7910 op=mul seconds=932.005 eta_seconds=130.113 bootstraps=642
node=6951/7910 op=gather seconds=934.378 eta_seconds=128.912 bootstraps=644
node=6961/7910 op=mul seconds=935.398 eta_seconds=127.524 bootstraps=644
node=6971/7910 op=mulp seconds=936.357 eta_seconds=126.128 bootstraps=644
node=6981/7910 op=mulp seconds=936.392 eta_seconds=124.611 bootstraps=644
node=6991/7910 op=repeat seconds=936.913 eta_seconds=123.162 bootstraps=644
node=7001/7910 op=sum seconds=937.316 eta_seconds=121.7 bootstraps=644
node=7011/7910 op=add seconds=937.698 eta_seconds=120.238 bootstraps=644
node=7021/7910 op=cheb seconds=940.083 eta_seconds=119.033 bootstraps=646
node=7031/7910 op=add seconds=942.609 eta_seconds=117.843 bootstraps=648
node=7041/7910 op=linear_ref seconds=944.839 eta_seconds=116.612 bootstraps=650
node=7051/7910 op=cheb seconds=944.942 eta_seconds=115.119 bootstraps=650
node=7061/7910 op=add seconds=947.752 eta_seconds=113.956 bootstraps=652
node=7071/7910 op=mulp seconds=948.023 eta_seconds=112.486 bootstraps=652
node=7081/7910 op=addp seconds=948.173 eta_seconds=111.006 bootstraps=652
node=7091/7910 op=mul seconds=950.085 eta_seconds=109.733 bootstraps=654
node=7101/7910 op=gather seconds=951.815 eta_seconds=108.438 bootstraps=654
node=7111/7910 op=add seconds=952.228 eta_seconds=106.993 bootstraps=654
node=7121/7910 op=mul seconds=952.812 eta_seconds=105.571 bootstraps=654
node=7131/7910 op=mul seconds=953.089 eta_seconds=104.117 bootstraps=654
node=7141/7910 op=mul seconds=953.492 eta_seconds=102.68 bootstraps=654
node=7151/7910 op=mul seconds=953.872 eta_seconds=101.243 bootstraps=654
node=7161/7910 op=mul seconds=956.381 eta_seconds=100.032 bootstraps=656
node=7171/7910 op=gather seconds=957.02 eta_seconds=98.6247 bootstraps=656
node=7181/7910 op=addp seconds=959.088 eta_seconds=97.3646 bootstraps=658
node=7191/7910 op=gather seconds=961.323 eta_seconds=96.1189 bootstraps=660
node=7201/7910 op=cheb seconds=963.893 eta_seconds=94.9035 bootstraps=662
node=7211/7910 op=mulp seconds=964.27 eta_seconds=93.4718 bootstraps=662
node=7221/7910 op=cheb seconds=967.426 eta_seconds=92.3081 bootstraps=666
node=7231/7910 op=mul seconds=968.126 eta_seconds=90.9082 bootstraps=666
node=7241/7910 op=gather seconds=968.755 eta_seconds=89.5038 bootstraps=666
node=7251/7910 op=mul seconds=969.38 eta_seconds=88.1012 bootstraps=666
node=7261/7910 op=mulp seconds=971.937 eta_seconds=86.8733 bootstraps=668
node=7271/7910 op=mulp seconds=971.981 eta_seconds=85.421 bootstraps=668
node=7281/7910 op=repeat seconds=972.5 eta_seconds=84.0135 bootstraps=668
node=7291/7910 op=sum seconds=972.901 eta_seconds=82.5985 bootstraps=668
node=7301/7910 op=add seconds=973.283 eta_seconds=81.1846 bootstraps=668
node=7311/7910 op=cheb seconds=975.592 eta_seconds=79.9315 bootstraps=670
node=7321/7910 op=add seconds=978.131 eta_seconds=78.694 bootstraps=672
node=7331/7910 op=linear_ref seconds=980.354 eta_seconds=77.4281 bootstraps=674
node=7341/7910 op=cheb seconds=980.48 eta_seconds=75.9969 bootstraps=674
node=7351/7910 op=add seconds=985.889 eta_seconds=74.971 bootstraps=680
node=7361/7910 op=mulp seconds=987.582 eta_seconds=73.6561 bootstraps=682
node=7371/7910 op=addp seconds=989.113 eta_seconds=72.3283 bootstraps=684
node=7381/7910 op=mul seconds=989.762 eta_seconds=70.9367 bootstraps=684
node=7391/7910 op=gather seconds=990.81 eta_seconds=69.5752 bootstraps=684
node=7401/7910 op=add seconds=992.798 eta_seconds=68.2792 bootstraps=686
node=7411/7910 op=mul seconds=993.429 eta_seconds=66.8899 bootstraps=686
node=7421/7910 op=mul seconds=993.789 eta_seconds=65.4848 bootstraps=686
node=7431/7910 op=mul seconds=994.354 eta_seconds=64.0958 bootstraps=686
node=7441/7910 op=mul seconds=994.887 eta_seconds=62.7069 bootstraps=686
node=7451/7910 op=mul seconds=995.781 eta_seconds=61.3426 bootstraps=686
node=7461/7910 op=gather seconds=997.934 eta_seconds=60.0553 bootstraps=688
node=7471/7910 op=addp seconds=999.999 eta_seconds=58.7605 bootstraps=690
node=7481/7910 op=gather seconds=1002.24 eta_seconds=57.4736 bootstraps=692
node=7491/7910 op=cheb seconds=1007.27 eta_seconds=56.3406 bootstraps=696
node=7501/7910 op=mulp seconds=1007.61 eta_seconds=54.9412 bootstraps=696
node=7511/7910 op=cheb seconds=1007.98 eta_seconds=53.5461 bootstraps=696
node=7521/7910 op=mul seconds=1009.81 eta_seconds=52.2292 bootstraps=698
node=7531/7910 op=gather seconds=1010.56 eta_seconds=50.8567 bootstraps=698
node=7541/7910 op=mul seconds=1011.58 eta_seconds=49.4989 bootstraps=698
node=7551/7910 op=mulp seconds=1012.53 eta_seconds=48.1391 bootstraps=698
node=7561/7910 op=mulp seconds=1012.56 eta_seconds=46.7378 bootstraps=698
node=7571/7910 op=repeat seconds=1013.08 eta_seconds=45.3619 bootstraps=698
node=7581/7910 op=sum seconds=1013.48 eta_seconds=43.9832 bootstraps=698
node=7591/7910 op=add seconds=1013.87 eta_seconds=42.6062 bootstraps=698
node=7601/7910 op=cheb seconds=1016.31 eta_seconds=41.3157 bootstraps=700
node=7611/7910 op=add seconds=1018.84 eta_seconds=40.0252 bootstraps=702
node=7621/7910 op=linear_ref seconds=1021.07 eta_seconds=38.7205 bootstraps=704
node=7631/7910 op=cheb seconds=1021.17 eta_seconds=37.3354 bootstraps=704
node=7641/7910 op=add seconds=1023.97 eta_seconds=36.0487 bootstraps=706
node=7651/7910 op=mulp seconds=1024.24 eta_seconds=34.6724 bootstraps=706
node=7661/7910 op=addp seconds=1024.39 eta_seconds=33.295 bootstraps=706
node=7671/7910 op=mul seconds=1026.3 eta_seconds=31.9759 bootstraps=708
node=7681/7910 op=gather seconds=1028.04 eta_seconds=30.6499 bootstraps=708
node=7691/7910 op=add seconds=1028.46 eta_seconds=29.2851 bootstraps=708
node=7701/7910 op=mul seconds=1029.04 eta_seconds=27.9274 bootstraps=708
node=7711/7910 op=mul seconds=1029.31 eta_seconds=26.5638 bootstraps=708
node=7721/7910 op=mul seconds=1029.72 eta_seconds=25.2063 bootstraps=708
node=7731/7910 op=mul seconds=1030.11 eta_seconds=23.8507 bootstraps=708
node=7741/7910 op=mul seconds=1032.62 eta_seconds=22.5439 bootstraps=710
node=7751/7910 op=gather seconds=1033.24 eta_seconds=21.1954 bootstraps=710
node=7761/7910 op=addp seconds=1035.31 eta_seconds=19.8765 bootstraps=712
node=7771/7910 op=gather seconds=1037.54 eta_seconds=18.5585 bootstraps=714
node=7781/7910 op=cheb seconds=1040.07 eta_seconds=17.2432 bootstraps=716
node=7791/7910 op=mulp seconds=1040.52 eta_seconds=15.8929 bootstraps=716
node=7801/7910 op=cheb seconds=1040.76 eta_seconds=14.542 bootstraps=716
node=7811/7910 op=mul seconds=1041.09 eta_seconds=13.1952 bootstraps=716
node=7821/7910 op=gather seconds=1043.46 eta_seconds=11.8742 bootstraps=718
node=7831/7910 op=mul seconds=1044.5 eta_seconds=10.537 bootstraps=718
node=7841/7910 op=mulp seconds=1045.46 eta_seconds=9.19991 bootstraps=718
node=7851/7910 op=mulp seconds=1045.49 eta_seconds=7.85684 bootstraps=718
node=7861/7910 op=repeat seconds=1046.01 eta_seconds=6.52012 bootstraps=718
node=7871/7910 op=sum seconds=1046.41 eta_seconds=5.18487 bootstraps=718
node=7881/7910 op=add seconds=1046.8 eta_seconds=3.85193 bootstraps=718
node=7891/7910 op=cheb seconds=1050.52 eta_seconds=2.52944 bootstraps=722
node=7901/7910 op=add seconds=1053.22 eta_seconds=1.19972 bootstraps=724
node=7910/7910 op=mulp seconds=1054.78 eta_seconds=0 bootstraps=726
client_token=315 logit_margin=0.674879
passed=1 polynomial_error=0.000124834 exact_error=0.000126601 eval_seconds=1054.86
