GPU 0: NVIDIA GB10
 SMs: 48, SharedMem: 100 KB, Blocks/SM: 24, Threads/SM: 1536, L2 size: 24 MB, Bus: 256-bit
Adding bootstrap precomputation to GPU for 32768 slots.
Plaintexts loaded: 248 ~ 6262MB
Rotation keys loaded: 85 ~ 15300MB
setup_seconds=26.7251
planned_logical_refreshes=4
node=1/127 op=public seconds=0.176494 eta_seconds=22.2382 bootstraps=0
node=11/127 op=mulp seconds=0.898863 eta_seconds=9.47892 bootstraps=0
node=21/127 op=addp seconds=2.60817 eta_seconds=13.1651 bootstraps=0
node=31/127 op=mulp seconds=3.62257 eta_seconds=11.2183 bootstraps=0
node=41/127 op=mul seconds=4.19572 eta_seconds=8.80078 bootstraps=0
node=51/127 op=repeat seconds=4.73355 eta_seconds=7.05391 bootstraps=0
node=61/127 op=mul seconds=5.18557 eta_seconds=5.61062 bootstraps=0
node=71/127 op=gather seconds=5.92323 eta_seconds=4.67184 bootstraps=0
node=81/127 op=scatter seconds=6.27963 eta_seconds=3.56621 bootstraps=0
node=91/127 op=mul seconds=6.62287 eta_seconds=2.62004 bootstraps=0
node=101/127 op=linear seconds=9.03319 eta_seconds=2.32538 bootstraps=2
node=111/127 op=mulp seconds=10.5025 eta_seconds=1.51387 bootstraps=4
node=121/127 op=sum seconds=12.9298 eta_seconds=0.641148 bootstraps=6
node=127/127 op=mulp seconds=14.4643 eta_seconds=0 bootstraps=8
passed=1 polynomial_error=9.58247e-06 exact_error=9.8273e-06 eval_seconds=14.4647
