GPU 0: NVIDIA GB10
 SMs: 48, SharedMem: 100 KB, Blocks/SM: 24, Threads/SM: 1536, L2 size: 24 MB, Bus: 256-bit
Adding bootstrap precomputation to GPU for 32768 slots.
Plaintexts loaded: 248 ~ 6262MB
Rotation keys loaded: 85 ~ 15300MB
setup_seconds=26.0267
planned_logical_refreshes=4
node=1/127 op=public seconds=0.191634 eta_seconds=24.1459 bootstraps=0
node=11/127 op=mulp seconds=0.9137 eta_seconds=9.63539 bootstraps=0
node=21/127 op=addp seconds=2.71647 eta_seconds=13.7117 bootstraps=0
node=31/127 op=mulp seconds=3.69594 eta_seconds=11.4455 bootstraps=0
node=41/127 op=mul seconds=4.27464 eta_seconds=8.96631 bootstraps=0
node=51/127 op=repeat seconds=4.82732 eta_seconds=7.19365 bootstraps=0
node=61/127 op=mul seconds=5.3521 eta_seconds=5.79079 bootstraps=0
node=71/127 op=gather seconds=6.29792 eta_seconds=4.96738 bootstraps=0
node=81/127 op=scatter seconds=6.80458 eta_seconds=3.86433 bootstraps=0
node=91/127 op=mul seconds=7.22072 eta_seconds=2.85655 bootstraps=0
node=101/127 op=linear seconds=9.68081 eta_seconds=2.49209 bootstraps=2
node=111/127 op=mulp seconds=11.1375 eta_seconds=1.6054 bootstraps=4
node=121/127 op=sum seconds=13.5997 eta_seconds=0.674365 bootstraps=6
node=127/127 op=mulp seconds=15.1209 eta_seconds=0 bootstraps=8
passed=1 polynomial_error=1.16174e-05 exact_error=1.04916e-05 eval_seconds=15.1214
