-- Using FIDESlib.
-- FOUND PACKAGE FIDESlib
-- FIDESlib Version: 1.0
-- FIDESlib header files location: /home/kataiwa/fhemamba/spark/install-2a70798e869944af/include/fideslib/fideslib
-- FIDESlib lib files location: /home/kataiwa/fhemamba/spark/install-2a70798e869944af/lib
-- FIDESlib C++ compiler: /usr/bin/g++
-- Configuring done (0.1s)
-- Generating done (0.0s)
-- Build files have been written to: /home/kataiwa/fhemamba/owned-arithmetic-20260924/build
[ 25%] Built target stage1_mamba2_payload
[ 50%] Built target fideslib_plaintext_encoder
[ 75%] Built target stage1_mamba2_plan
[100%] Built target packed_fideslib
[ 50%] Building CXX object CMakeFiles/owned_arithmetic_probe.dir/src/owned_arithmetic_probe.cpp.o
[100%] Linking CXX executable owned_arithmetic_probe
[100%] Built target owned_arithmetic_probe
[  5%] Building CXX object CMakeFiles/stage1_mamba2_process.dir/src/stage1_mamba2_process.cpp.o
[ 16%] Built target stage1_mamba2_payload
[ 22%] Building CXX object CMakeFiles/stage1_mamba2_config.dir/src/stage1_mamba2_config.cpp.o
[ 33%] Built target fideslib_plaintext_encoder
[ 38%] Building CXX object CMakeFiles/fideslib_handoff.dir/src/fideslib_handoff.cpp.o
[ 44%] Building CXX object CMakeFiles/stage1_mamba2_depth.dir/src/stage1_mamba2_depth.cpp.o
[ 50%] Linking CXX static library libstage1_mamba2_process.a
[ 50%] Built target stage1_mamba2_process
[ 61%] Built target stage1_mamba2_plan
[ 66%] Linking CXX static library libstage1_mamba2_config.a
[ 72%] Linking CXX static library libstage1_mamba2_depth.a
[ 72%] Built target stage1_mamba2_depth
[ 72%] Built target stage1_mamba2_config
[ 77%] Building CXX object CMakeFiles/stage1_mamba2_artifact.dir/src/stage1_mamba2_artifact.cpp.o
[ 83%] Linking CXX static library libstage1_mamba2_artifact.a
[ 83%] Built target stage1_mamba2_artifact
[ 88%] Linking CXX static library libfideslib_handoff.a
[ 88%] Built target fideslib_handoff
[ 94%] Building CXX object CMakeFiles/stage1_mamba2_decode_fideslib.dir/src/stage1_mamba2_decode_fideslib.cpp.o
/home/kataiwa/fhemamba/owned-arithmetic-20260924/source/native/fideslib_stage0/src/stage1_mamba2_decode_fideslib.cpp: In lambda function:
/home/kataiwa/fhemamba/owned-arithmetic-20260924/source/native/fideslib_stage0/src/stage1_mamba2_decode_fideslib.cpp:2460:79: note: parameter passing for argument of type ‘std::pair<double, double>’ when C++17 is enabled changed to match C++14 in GCC 10.1
 2460 |       return std::pair<double, double>{2.0 / (hi - lo), -(lo + hi) / (hi - lo)};
      |                                                                               ^
[100%] Linking CXX executable stage1_mamba2_decode_fideslib
[100%] Built target stage1_mamba2_decode_fideslib
