GPU 0: NVIDIA GB10
 SMs: 48, SharedMem: 100 KB, Blocks/SM: 24, Threads/SM: 1536, L2 size: 24 MB, Bus: 256-bit
Adding bootstrap precomputation to GPU for 32768 slots.
Plaintexts loaded: 248 ~ 4960MB
Rotation keys loaded: 85 ~ 15300MB
setup_seconds=26.4175
planned_logical_refreshes=20
node=10/394 op=mul seconds=0.87179 eta_seconds=33.4768 bootstraps=0
node=20/394 op=addp seconds=2.51484 eta_seconds=47.0275 bootstraps=0
node=30/394 op=cheb seconds=3.59988 eta_seconds=43.6786 bootstraps=0
node=40/394 op=sum seconds=4.00811 eta_seconds=35.4718 bootstraps=0
node=50/394 op=addp seconds=4.45734 eta_seconds=30.6665 bootstraps=0
node=60/394 op=scatter seconds=4.95231 eta_seconds=27.5679 bootstraps=0
node=70/394 op=add seconds=5.65582 eta_seconds=26.1784 bootstraps=0
node=80/394 op=mul seconds=6.17977 eta_seconds=24.2556 bootstraps=0
node=90/394 op=gather seconds=8.14952 eta_seconds=27.5273 bootstraps=0
node=100/394 op=cheb seconds=9.62517 eta_seconds=28.298 bootstraps=0
node=110/394 op=cheb seconds=10.5196 eta_seconds=27.1598 bootstraps=0
node=120/394 op=mul seconds=10.9447 eta_seconds=24.9904 bootstraps=0
node=130/394 op=repeat seconds=11.4312 eta_seconds=23.2141 bootstraps=0
node=140/394 op=add seconds=11.8022 eta_seconds=21.4125 bootstraps=0
node=150/394 op=mulp seconds=12.596 eta_seconds=20.4895 bootstraps=0
node=160/394 op=mul seconds=12.8762 eta_seconds=18.8315 bootstraps=0
node=170/394 op=add seconds=14.6721 eta_seconds=19.3327 bootstraps=2
node=180/394 op=scatter seconds=15.2985 eta_seconds=18.1882 bootstraps=2
node=190/394 op=repeat seconds=16.1369 eta_seconds=17.326 bootstraps=2
node=200/394 op=linear seconds=17.9642 eta_seconds=17.4253 bootstraps=4
node=210/394 op=mulp seconds=18.2161 eta_seconds=15.9608 bootstraps=4
node=220/394 op=addp seconds=19.6039 eta_seconds=15.5049 bootstraps=4
node=230/394 op=linear seconds=21.9431 eta_seconds=15.6464 bootstraps=6
node=240/394 op=add seconds=22.7099 eta_seconds=14.5722 bootstraps=6
node=250/394 op=cheb seconds=23.9065 eta_seconds=13.7701 bootstraps=8
client_token=6864 logit_margin=5.73048
node=260/394 op=cheb seconds=24.5538 eta_seconds=12.6547 bootstraps=8
node=270/394 op=gather seconds=26.2922 eta_seconds=12.0749 bootstraps=8
node=280/394 op=repeat seconds=28.1241 eta_seconds=11.4505 bootstraps=8
node=290/394 op=addp seconds=28.6757 eta_seconds=10.2837 bootstraps=8
node=300/394 op=repeat seconds=29.3678 eta_seconds=9.20191 bootstraps=8
node=310/394 op=mul seconds=29.7948 eta_seconds=8.07343 bootstraps=8
node=320/394 op=scatter seconds=30.268 eta_seconds=6.99948 bootstraps=8
node=330/394 op=gather seconds=30.7673 eta_seconds=5.96699 bootstraps=8
node=340/394 op=mulp seconds=30.9103 eta_seconds=4.90928 bootstraps=8
node=350/394 op=sum seconds=32.8961 eta_seconds=4.13551 bootstraps=10
node=360/394 op=add seconds=33.1969 eta_seconds=3.13526 bootstraps=10
node=370/394 op=mul seconds=34.9863 eta_seconds=2.26938 bootstraps=12
node=380/394 op=gather seconds=35.748 eta_seconds=1.31703 bootstraps=12
node=390/394 op=addp seconds=37.3679 eta_seconds=0.383261 bootstraps=14
node=394/394 op=mulp seconds=38.3583 eta_seconds=0 bootstraps=16
client_token=6864 logit_margin=5.21147
passed=1 polynomial_error=9.34472e-07 exact_error=1.96701e-05 eval_seconds=38.3597
