GPU 0: NVIDIA GB10
 SMs: 48, SharedMem: 100 KB, Blocks/SM: 24, Threads/SM: 1536, L2 size: 24 MB, Bus: 256-bit
Adding bootstrap precomputation to GPU for 32768 slots.
Plaintexts loaded: 248 ~ 4960MB
Rotation keys loaded: 85 ~ 15300MB
setup_seconds=26.4718
planned_logical_refreshes=1212
node=10/7814 op=public seconds=1.404 eta_seconds=1095.68 bootstraps=0
node=20/7814 op=repeat seconds=2.32065 eta_seconds=904.356 bootstraps=0
node=30/7814 op=gather seconds=3.35962 eta_seconds=871.71 bootstraps=0
node=40/7814 op=cheb seconds=4.28497 eta_seconds=832.784 bootstraps=0
node=50/7814 op=mul seconds=4.68471 eta_seconds=727.441 bootstraps=0
node=60/7814 op=repeat seconds=5.03233 eta_seconds=650.344 bootstraps=0
node=70/7814 op=add seconds=5.26632 eta_seconds=582.605 bootstraps=0
node=80/7814 op=mulp seconds=5.77973 eta_seconds=558.755 bootstraps=0
node=90/7814 op=mul seconds=6.0754 eta_seconds=521.405 bootstraps=0
node=100/7814 op=repeat seconds=6.80884 eta_seconds=525.234 bootstraps=0
node=110/7814 op=gather seconds=7.81364 eta_seconds=547.239 bootstraps=0
node=120/7814 op=repeat seconds=9.84498 eta_seconds=631.227 bootstraps=0
node=130/7814 op=cheb seconds=10.3453 eta_seconds=611.486 bootstraps=0
node=140/7814 op=mul seconds=10.676 eta_seconds=585.195 bootstraps=0
node=150/7814 op=mulp seconds=10.9592 eta_seconds=559.942 bootstraps=0
node=160/7814 op=gather seconds=11.3648 eta_seconds=543.665 bootstraps=0
node=170/7814 op=scatter seconds=11.6042 eta_seconds=521.779 bootstraps=0
node=180/7814 op=add seconds=11.7921 eta_seconds=500.117 bootstraps=0
node=190/7814 op=repeat seconds=13.2586 eta_seconds=532.019 bootstraps=2
node=200/7814 op=mul seconds=13.5129 eta_seconds=514.435 bootstraps=2
node=210/7814 op=mul seconds=13.73 eta_seconds=497.157 bootstraps=2
node=220/7814 op=mul seconds=15.2721 eta_seconds=527.164 bootstraps=4
node=230/7814 op=mulp seconds=16.1375 eta_seconds=532.117 bootstraps=4
node=240/7814 op=mul seconds=17.6762 eta_seconds=557.831 bootstraps=6
node=250/7814 op=linear_ref seconds=18.5712 eta_seconds=561.889 bootstraps=6
node=260/7814 op=mulp seconds=19.6793 eta_seconds=571.759 bootstraps=8
node=270/7814 op=mul seconds=20.0969 eta_seconds=561.523 bootstraps=8
node=280/7814 op=repeat seconds=20.3773 eta_seconds=548.296 bootstraps=8
node=290/7814 op=gather seconds=20.7929 eta_seconds=539.467 bootstraps=8
node=300/7814 op=addp seconds=20.84 eta_seconds=521.972 bootstraps=8
node=310/7814 op=cheb seconds=22.9335 eta_seconds=555.139 bootstraps=10
node=320/7814 op=repeat seconds=23.3667 eta_seconds=547.218 bootstraps=10
node=330/7814 op=mul seconds=23.5958 eta_seconds=535.124 bootstraps=10
node=340/7814 op=add seconds=23.952 eta_seconds=526.521 bootstraps=10
node=350/7814 op=mulp seconds=24.889 eta_seconds=530.775 bootstraps=10
node=360/7814 op=add seconds=26.6828 eta_seconds=552.482 bootstraps=12
node=370/7814 op=linear seconds=27.3181 eta_seconds=549.611 bootstraps=12
node=380/7814 op=cheb seconds=27.591 eta_seconds=539.768 bootstraps=12
node=390/7814 op=mul seconds=28.0799 eta_seconds=534.526 bootstraps=12
node=400/7814 op=gather seconds=28.3877 eta_seconds=526.166 bootstraps=12
node=410/7814 op=scatter seconds=28.6374 eta_seconds=517.15 bootstraps=12
node=420/7814 op=gather seconds=28.9374 eta_seconds=509.436 bootstraps=12
node=430/7814 op=gather seconds=30.9041 eta_seconds=530.687 bootstraps=14
node=440/7814 op=add seconds=31.5006 eta_seconds=527.921 bootstraps=14
node=450/7814 op=mul seconds=31.7975 eta_seconds=520.348 bootstraps=14
node=460/7814 op=scatter seconds=32.3127 eta_seconds=516.582 bootstraps=14
node=470/7814 op=addp seconds=33.8065 eta_seconds=528.245 bootstraps=16
node=480/7814 op=cheb seconds=35.5003 eta_seconds=542.415 bootstraps=18
node=490/7814 op=gather seconds=36.0778 eta_seconds=539.252 bootstraps=18
node=500/7814 op=mulp seconds=36.1729 eta_seconds=529.137 bootstraps=18
node=510/7814 op=mulp seconds=36.7438 eta_seconds=526.229 bootstraps=18
node=520/7814 op=cheb seconds=38.6298 eta_seconds=541.857 bootstraps=20
node=530/7814 op=addp seconds=38.9683 eta_seconds=535.556 bootstraps=20
node=540/7814 op=mul seconds=39.2082 eta_seconds=528.149 bootstraps=20
node=550/7814 op=mul seconds=39.5735 eta_seconds=522.659 bootstraps=20
node=560/7814 op=mulp seconds=40.0521 eta_seconds=518.818 bootstraps=20
node=570/7814 op=addp seconds=40.6036 eta_seconds=516.021 bootstraps=20
node=580/7814 op=mulp seconds=40.6881 eta_seconds=507.478 bootstraps=20
node=590/7814 op=add seconds=42.6834 eta_seconds=522.618 bootstraps=22
node=600/7814 op=mul seconds=43.249 eta_seconds=519.998 bootstraps=22
node=610/7814 op=repeat seconds=44.5956 eta_seconds=526.667 bootstraps=22
node=620/7814 op=cheb seconds=44.9864 eta_seconds=521.988 bootstraps=22
node=630/7814 op=mul seconds=45.2757 eta_seconds=516.287 bootstraps=22
node=640/7814 op=gather seconds=45.64 eta_seconds=511.596 bootstraps=22
node=650/7814 op=mulp seconds=45.8065 eta_seconds=504.858 bootstraps=22
node=660/7814 op=gather seconds=47.8631 eta_seconds=518.807 bootstraps=24
node=670/7814 op=add seconds=48.4739 eta_seconds=516.862 bootstraps=24
node=680/7814 op=mul seconds=48.8322 eta_seconds=512.307 bootstraps=24
node=690/7814 op=add seconds=49.3512 eta_seconds=509.533 bootstraps=24
node=700/7814 op=sum seconds=50.7963 eta_seconds=516.235 bootstraps=26
node=710/7814 op=gather seconds=51.4476 eta_seconds=514.765 bootstraps=26
node=720/7814 op=gather seconds=52.8975 eta_seconds=521.188 bootstraps=28
node=730/7814 op=sum seconds=52.9572 eta_seconds=513.902 bootstraps=28
node=740/7814 op=sum seconds=53.486 eta_seconds=511.297 bootstraps=28
node=750/7814 op=add seconds=55.2667 eta_seconds=520.539 bootstraps=30
node=760/7814 op=mulp seconds=55.6352 eta_seconds=516.382 bootstraps=30
node=770/7814 op=add seconds=55.8985 eta_seconds=511.362 bootstraps=30
node=780/7814 op=mulp seconds=56.2827 eta_seconds=507.554 bootstraps=30
node=790/7814 op=repeat seconds=56.7604 eta_seconds=504.665 bootstraps=30
node=800/7814 op=gather seconds=57.1791 eta_seconds=501.317 bootstraps=30
node=810/7814 op=addp seconds=57.2295 eta_seconds=494.859 bootstraps=30
node=820/7814 op=scatter seconds=59.2487 eta_seconds=505.348 bootstraps=32
node=830/7814 op=cheb seconds=60.0726 eta_seconds=505.478 bootstraps=32
node=840/7814 op=cheb seconds=60.5942 eta_seconds=503.076 bootstraps=32
node=850/7814 op=repeat seconds=60.9187 eta_seconds=499.103 bootstraps=32
node=860/7814 op=mul seconds=61.1641 eta_seconds=494.576 bootstraps=32
node=870/7814 op=add seconds=61.5452 eta_seconds=491.229 bootstraps=32
node=880/7814 op=mul seconds=61.7328 eta_seconds=486.426 bootstraps=32
node=890/7814 op=addp seconds=63.3556 eta_seconds=492.892 bootstraps=34
node=900/7814 op=add seconds=63.9529 eta_seconds=491.3 bootstraps=34
node=910/7814 op=repeat seconds=64.3147 eta_seconds=487.944 bootstraps=34
node=920/7814 op=gather seconds=65.7123 eta_seconds=492.414 bootstraps=36
node=930/7814 op=linear seconds=67.59 eta_seconds=500.312 bootstraps=38
node=940/7814 op=mulp seconds=67.8072 eta_seconds=495.858 bootstraps=38
node=950/7814 op=gather seconds=69.6134 eta_seconds=502.975 bootstraps=40
node=960/7814 op=addp seconds=69.6699 eta_seconds=497.414 bootstraps=40
node=970/7814 op=mul seconds=70.1832 eta_seconds=495.19 bootstraps=40
node=980/7814 op=mul seconds=72.0918 eta_seconds=502.73 bootstraps=42
node=990/7814 op=repeat seconds=72.5563 eta_seconds=500.125 bootstraps=42
node=1000/7814 op=mul seconds=72.8097 eta_seconds=496.126 bootstraps=42
node=1010/7814 op=cheb seconds=73.4502 eta_seconds=494.807 bootstraps=42
node=1020/7814 op=gather seconds=74.0343 eta_seconds=493.126 bootstraps=42
node=1030/7814 op=sum seconds=74.0959 eta_seconds=488.026 bootstraps=42
node=1040/7814 op=scatter seconds=75.636 eta_seconds=492.652 bootstraps=44
node=1050/7814 op=scatter seconds=75.922 eta_seconds=489.083 bootstraps=44
node=1060/7814 op=mul seconds=76.2698 eta_seconds=485.968 bootstraps=44
node=1070/7814 op=cheb seconds=78.8234 eta_seconds=496.809 bootstraps=46
node=1080/7814 op=cheb seconds=79.7201 eta_seconds=497.07 bootstraps=46
node=1090/7814 op=repeat seconds=80.3218 eta_seconds=495.49 bootstraps=46
node=1100/7814 op=addp seconds=80.5382 eta_seconds=491.576 bootstraps=46
node=1110/7814 op=mul seconds=81.0839 eta_seconds=489.718 bootstraps=46
node=1120/7814 op=cheb seconds=82.6869 eta_seconds=494.202 bootstraps=48
node=1130/7814 op=mulp seconds=83.0774 eta_seconds=491.407 bootstraps=48
node=1140/7814 op=mulp seconds=83.4158 eta_seconds=488.348 bootstraps=48
node=1150/7814 op=sum seconds=83.8225 eta_seconds=485.733 bootstraps=48
node=1160/7814 op=add seconds=84.202 eta_seconds=483 bootstraps=48
node=1170/7814 op=mulp seconds=85.5717 eta_seconds=485.93 bootstraps=50
node=1180/7814 op=cheb seconds=86.147 eta_seconds=484.321 bootstraps=50
node=1190/7814 op=mulp seconds=86.1967 eta_seconds=479.804 bootstraps=50
node=1200/7814 op=cheb seconds=88.4328 eta_seconds=487.412 bootstraps=52
node=1210/7814 op=mul seconds=88.8957 eta_seconds=485.179 bootstraps=52
node=1220/7814 op=gather seconds=89.2113 eta_seconds=482.18 bootstraps=52
node=1230/7814 op=scatter seconds=89.4759 eta_seconds=478.951 bootstraps=52
node=1240/7814 op=gather seconds=89.7751 eta_seconds=475.953 bootstraps=52
node=1250/7814 op=sum seconds=90.5493 eta_seconds=475.492 bootstraps=52
node=1260/7814 op=add seconds=92.1046 eta_seconds=479.09 bootstraps=54
node=1270/7814 op=linear seconds=92.739 eta_seconds=477.862 bootstraps=54
node=1280/7814 op=mulp seconds=92.9518 eta_seconds=474.49 bootstraps=54
node=1290/7814 op=addp seconds=93.5022 eta_seconds=472.875 bootstraps=54
node=1300/7814 op=mulp seconds=93.5871 eta_seconds=468.943 bootstraps=54
node=1310/7814 op=cheb seconds=96.0542 eta_seconds=476.898 bootstraps=56
node=1320/7814 op=cheb seconds=96.7322 eta_seconds=475.893 bootstraps=56
node=1330/7814 op=repeat seconds=96.9658 eta_seconds=472.726 bootstraps=56
node=1340/7814 op=add seconds=97.1874 eta_seconds=469.546 bootstraps=56
node=1350/7814 op=mul seconds=97.5553 eta_seconds=467.109 bootstraps=56
node=1360/7814 op=add seconds=97.7343 eta_seconds=463.807 bootstraps=56
node=1370/7814 op=addp seconds=99.4737 eta_seconds=467.889 bootstraps=58
node=1380/7814 op=add seconds=100.071 eta_seconds=466.564 bootstraps=58
node=1390/7814 op=repeat seconds=100.619 eta_seconds=465.017 bootstraps=58
node=1400/7814 op=addp seconds=100.923 eta_seconds=462.374 bootstraps=58
node=1410/7814 op=gather seconds=102.52 eta_seconds=465.629 bootstraps=60
node=1420/7814 op=sum seconds=102.629 eta_seconds=462.119 bootstraps=60
node=1430/7814 op=gather seconds=103.304 eta_seconds=461.186 bootstraps=60
node=1440/7814 op=cheb seconds=105.39 eta_seconds=466.497 bootstraps=62
node=1450/7814 op=repeat seconds=105.582 eta_seconds=463.395 bootstraps=62
node=1460/7814 op=mul seconds=106.336 eta_seconds=462.779 bootstraps=62
node=1470/7814 op=addp seconds=107.044 eta_seconds=461.965 bootstraps=62
node=1480/7814 op=add seconds=108.34 eta_seconds=463.667 bootstraps=64
node=1490/7814 op=scatter seconds=108.544 eta_seconds=460.694 bootstraps=64
node=1500/7814 op=add seconds=108.917 eta_seconds=458.468 bootstraps=64
node=1510/7814 op=gather seconds=109.607 eta_seconds=457.59 bootstraps=64
node=1520/7814 op=addp seconds=109.719 eta_seconds=454.323 bootstraps=64
node=1530/7814 op=sum seconds=111.523 eta_seconds=458.044 bootstraps=66
node=1540/7814 op=cheb seconds=112.526 eta_seconds=458.434 bootstraps=66
node=1550/7814 op=cheb seconds=113.155 eta_seconds=457.293 bootstraps=66
node=1560/7814 op=repeat seconds=113.475 eta_seconds=454.917 bootstraps=66
node=1570/7814 op=gather seconds=114.181 eta_seconds=454.105 bootstraps=66
node=1580/7814 op=add seconds=116.129 eta_seconds=458.195 bootstraps=68
node=1590/7814 op=mul seconds=116.176 eta_seconds=454.768 bootstraps=68
node=1600/7814 op=mulp seconds=116.52 eta_seconds=452.534 bootstraps=68
node=1610/7814 op=mul seconds=116.786 eta_seconds=450.024 bootstraps=68
node=1620/7814 op=sum seconds=117.088 eta_seconds=447.679 bootstraps=68
node=1630/7814 op=linear seconds=118.671 eta_seconds=450.221 bootstraps=70
node=1640/7814 op=cheb seconds=118.836 eta_seconds=447.373 bootstraps=70
node=1650/7814 op=mulp seconds=118.975 eta_seconds=444.462 bootstraps=70
node=1660/7814 op=repeat seconds=119.679 eta_seconds=443.677 bootstraps=70
node=1670/7814 op=add seconds=121.442 eta_seconds=446.789 bootstraps=72
node=1680/7814 op=mulp seconds=121.819 eta_seconds=444.784 bootstraps=72
node=1690/7814 op=add seconds=122.027 eta_seconds=442.184 bootstraps=72
node=1700/7814 op=mulp seconds=122.328 eta_seconds=439.948 bootstraps=72
node=1710/7814 op=linear_ref seconds=123.013 eta_seconds=439.105 bootstraps=72
node=1720/7814 op=scatter seconds=124.404 eta_seconds=440.765 bootstraps=74
node=1730/7814 op=repeat seconds=124.959 eta_seconds=439.451 bootstraps=74
node=1740/7814 op=addp seconds=125.265 eta_seconds=437.275 bootstraps=74
node=1750/7814 op=gather seconds=125.941 eta_seconds=436.405 bootstraps=74
node=1760/7814 op=mulp seconds=126.191 eta_seconds=434.07 bootstraps=74
node=1770/7814 op=cheb seconds=127.683 eta_seconds=435.997 bootstraps=76
node=1780/7814 op=cheb seconds=129.391 eta_seconds=438.62 bootstraps=76
node=1790/7814 op=mulp seconds=129.639 eta_seconds=436.283 bootstraps=76
node=1800/7814 op=gather seconds=130.001 eta_seconds=434.348 bootstraps=76
node=1810/7814 op=gather seconds=130.222 eta_seconds=431.964 bootstraps=76
node=1820/7814 op=scatter seconds=130.434 eta_seconds=429.574 bootstraps=76
node=1830/7814 op=mulp seconds=132.069 eta_seconds=431.859 bootstraps=78
node=1840/7814 op=scatter seconds=132.701 eta_seconds=430.847 bootstraps=78
node=1850/7814 op=add seconds=133.011 eta_seconds=428.797 bootstraps=78
node=1860/7814 op=mul seconds=133.514 eta_seconds=427.388 bootstraps=78
node=1870/7814 op=gather seconds=135.084 eta_seconds=429.379 bootstraps=80
node=1880/7814 op=cheb seconds=135.329 eta_seconds=427.15 bootstraps=80
node=1890/7814 op=mulp seconds=135.398 eta_seconds=424.391 bootstraps=80
node=1900/7814 op=mulp seconds=137.338 eta_seconds=427.481 bootstraps=82
node=1910/7814 op=mul seconds=137.771 eta_seconds=425.865 bootstraps=82
node=1920/7814 op=mulp seconds=137.984 eta_seconds=423.582 bootstraps=82
node=1930/7814 op=mul seconds=138.286 eta_seconds=421.593 bootstraps=82
node=1940/7814 op=cheb seconds=138.815 eta_seconds=420.31 bootstraps=82
node=1950/7814 op=scatter seconds=140.409 eta_seconds=422.236 bootstraps=84
node=1960/7814 op=sum seconds=140.917 eta_seconds=420.881 bootstraps=84
node=1970/7814 op=sum seconds=141.357 eta_seconds=419.334 bootstraps=84
node=1980/7814 op=gather seconds=142.016 eta_seconds=418.445 bootstraps=84
node=1990/7814 op=repeat seconds=142.273 eta_seconds=416.38 bootstraps=84
node=2000/7814 op=addp seconds=142.333 eta_seconds=413.762 bootstraps=84
node=2010/7814 op=mul seconds=145.101 eta_seconds=418.989 bootstraps=86
node=2020/7814 op=mulp seconds=145.602 eta_seconds=417.634 bootstraps=86
node=2030/7814 op=gather seconds=145.916 eta_seconds=415.754 bootstraps=86
node=2040/7814 op=gather seconds=146.14 eta_seconds=413.633 bootstraps=86
node=2050/7814 op=scatter seconds=146.356 eta_seconds=411.51 bootstraps=86
node=2060/7814 op=sum seconds=148.178 eta_seconds=413.892 bootstraps=88
node=2070/7814 op=scatter seconds=148.793 eta_seconds=412.883 bootstraps=88
node=2080/7814 op=repeat seconds=149.16 eta_seconds=411.194 bootstraps=88
node=2090/7814 op=linear_ref seconds=149.668 eta_seconds=409.904 bootstraps=88
node=2100/7814 op=mulp seconds=150.786 eta_seconds=410.281 bootstraps=90
node=2110/7814 op=mul seconds=151.332 eta_seconds=409.099 bootstraps=90
node=2120/7814 op=repeat seconds=151.513 eta_seconds=406.941 bootstraps=90
node=2130/7814 op=repeat seconds=153.931 eta_seconds=410.772 bootstraps=92
node=2140/7814 op=cheb seconds=154.451 eta_seconds=409.511 bootstraps=92
node=2150/7814 op=gather seconds=154.804 eta_seconds=407.819 bootstraps=92
node=2160/7814 op=linear_ref seconds=155.901 eta_seconds=408.085 bootstraps=92
node=2170/7814 op=add seconds=157.031 eta_seconds=408.425 bootstraps=94
node=2180/7814 op=mul seconds=157.412 eta_seconds=406.817 bootstraps=94
node=2190/7814 op=add seconds=157.676 eta_seconds=404.917 bootstraps=94
node=2200/7814 op=mul seconds=158.238 eta_seconds=403.796 bootstraps=94
node=2210/7814 op=gather seconds=158.927 eta_seconds=402.998 bootstraps=94
node=2220/7814 op=sum seconds=159.014 eta_seconds=400.687 bootstraps=94
node=2230/7814 op=mul seconds=160.49 eta_seconds=401.872 bootstraps=96
node=2240/7814 op=repeat seconds=162.985 eta_seconds=405.572 bootstraps=96
node=2250/7814 op=mulp seconds=163.445 eta_seconds=404.182 bootstraps=96
node=2260/7814 op=gather seconds=163.909 eta_seconds=402.81 bootstraps=96
node=2270/7814 op=mul seconds=164.404 eta_seconds=401.522 bootstraps=96
node=2280/7814 op=addp seconds=166.41 eta_seconds=403.908 bootstraps=98
node=2290/7814 op=scatter seconds=166.752 eta_seconds=402.244 bootstraps=98
node=2300/7814 op=add seconds=166.864 eta_seconds=400.037 bootstraps=98
node=2310/7814 op=sum seconds=167.268 eta_seconds=398.546 bootstraps=98
node=2320/7814 op=add seconds=167.647 eta_seconds=397.006 bootstraps=98
node=2330/7814 op=mulp seconds=169.023 eta_seconds=397.821 bootstraps=100
node=2340/7814 op=cheb seconds=169.604 eta_seconds=396.757 bootstraps=100
node=2350/7814 op=mulp seconds=169.654 eta_seconds=394.464 bootstraps=100
node=2360/7814 op=cheb seconds=171.968 eta_seconds=397.422 bootstraps=102
node=2370/7814 op=mul seconds=172.417 eta_seconds=396.049 bootstraps=102
node=2380/7814 op=gather seconds=172.691 eta_seconds=394.287 bootstraps=102
node=2390/7814 op=cheb seconds=173.66 eta_seconds=394.113 bootstraps=102
node=2400/7814 op=mul seconds=175.089 eta_seconds=394.973 bootstraps=104
node=2410/7814 op=add seconds=175.428 eta_seconds=393.366 bootstraps=104
node=2420/7814 op=add seconds=175.635 eta_seconds=391.478 bootstraps=104
node=2430/7814 op=cheb seconds=176.047 eta_seconds=390.057 bootstraps=104
node=2440/7814 op=gather seconds=176.629 eta_seconds=389.019 bootstraps=104
node=2450/7814 op=sum seconds=176.737 eta_seconds=386.947 bootstraps=104
node=2460/7814 op=addp seconds=178.553 eta_seconds=388.606 bootstraps=106
node=2470/7814 op=cheb seconds=179.595 eta_seconds=388.566 bootstraps=106
node=2480/7814 op=cheb seconds=180.376 eta_seconds=387.955 bootstraps=106
node=2490/7814 op=repeat seconds=180.569 eta_seconds=386.085 bootstraps=106
node=2500/7814 op=mulp seconds=181.324 eta_seconds=385.422 bootstraps=106
node=2510/7814 op=scatter seconds=183.188 eta_seconds=387.102 bootstraps=108
node=2520/7814 op=add seconds=183.238 eta_seconds=384.945 bootstraps=108
node=2530/7814 op=mul seconds=183.581 eta_seconds=383.416 bootstraps=108
node=2540/7814 op=add seconds=183.842 eta_seconds=381.726 bootstraps=108
node=2550/7814 op=repeat seconds=184.205 eta_seconds=380.257 bootstraps=108
node=2560/7814 op=gather seconds=185.75 eta_seconds=381.222 bootstraps=110
node=2570/7814 op=mulp seconds=185.86 eta_seconds=379.242 bootstraps=110
node=2580/7814 op=scatter seconds=186.38 eta_seconds=378.106 bootstraps=110
node=2590/7814 op=gather seconds=186.912 eta_seconds=377 bootstraps=110
node=2600/7814 op=cheb seconds=188.934 eta_seconds=378.886 bootstraps=112
node=2610/7814 op=repeat seconds=189.127 eta_seconds=377.095 bootstraps=112
node=2620/7814 op=add seconds=189.348 eta_seconds=375.371 bootstraps=112
node=2630/7814 op=mul seconds=189.733 eta_seconds=373.982 bootstraps=112
node=2640/7814 op=mul seconds=190.583 eta_seconds=373.514 bootstraps=112
node=2650/7814 op=scatter seconds=192.037 eta_seconds=374.219 bootstraps=114
node=2660/7814 op=add seconds=192.418 eta_seconds=372.828 bootstraps=114
node=2670/7814 op=gather seconds=193.106 eta_seconds=372.036 bootstraps=114
node=2680/7814 op=addp seconds=193.217 eta_seconds=370.141 bootstraps=114
node=2690/7814 op=sum seconds=195.026 eta_seconds=371.492 bootstraps=116
node=2700/7814 op=cheb seconds=196.035 eta_seconds=371.305 bootstraps=116
node=2710/7814 op=cheb seconds=196.604 eta_seconds=370.283 bootstraps=116
node=2720/7814 op=repeat seconds=196.931 eta_seconds=368.812 bootstraps=116
node=2730/7814 op=mul seconds=197.176 eta_seconds=367.196 bootstraps=116
node=2740/7814 op=add seconds=197.558 eta_seconds=365.844 bootstraps=116
node=2750/7814 op=cheb seconds=197.869 eta_seconds=364.367 bootstraps=116
node=2760/7814 op=scatter seconds=199.755 eta_seconds=365.784 bootstraps=118
node=2770/7814 op=mul seconds=200.235 eta_seconds=364.615 bootstraps=118
node=2780/7814 op=sum seconds=200.538 eta_seconds=363.132 bootstraps=118
node=2790/7814 op=linear_ref seconds=202.149 eta_seconds=364.013 bootstraps=120
node=2800/7814 op=mulp seconds=202.337 eta_seconds=362.328 bootstraps=120
node=2810/7814 op=sum seconds=204.201 eta_seconds=363.638 bootstraps=122
client_token=315 logit_margin=1.89749
node=2820/7814 op=sum seconds=205.567 eta_seconds=364.044 bootstraps=124
node=2830/7814 op=gather seconds=206.85 eta_seconds=364.29 bootstraps=124
node=2840/7814 op=cheb seconds=208.303 eta_seconds=364.824 bootstraps=124
node=2850/7814 op=mul seconds=209.161 eta_seconds=364.308 bootstraps=124
node=2860/7814 op=mulp seconds=209.517 eta_seconds=362.918 bootstraps=124
node=2870/7814 op=gather seconds=209.941 eta_seconds=361.655 bootstraps=124
node=2880/7814 op=scatter seconds=210.184 eta_seconds=360.087 bootstraps=124
node=2890/7814 op=mul seconds=210.575 eta_seconds=358.779 bootstraps=124
node=2900/7814 op=mul seconds=210.881 eta_seconds=357.335 bootstraps=124
node=2910/7814 op=scatter seconds=212.15 eta_seconds=357.521 bootstraps=126
node=2920/7814 op=mul seconds=212.46 eta_seconds=356.089 bootstraps=126
node=2930/7814 op=mul seconds=212.674 eta_seconds=354.504 bootstraps=126
node=2940/7814 op=mul seconds=214.202 eta_seconds=355.109 bootstraps=128
node=2950/7814 op=scatter seconds=215.878 eta_seconds=355.942 bootstraps=130
node=2960/7814 op=gather seconds=217.348 eta_seconds=356.422 bootstraps=132
node=2970/7814 op=mulp seconds=217.409 eta_seconds=354.59 bootstraps=132
node=2980/7814 op=cheb seconds=219.342 eta_seconds=355.805 bootstraps=134
node=2990/7814 op=cheb seconds=220.064 eta_seconds=355.047 bootstraps=134
node=3000/7814 op=repeat seconds=220.296 eta_seconds=353.501 bootstraps=134
node=3010/7814 op=add seconds=220.5 eta_seconds=351.92 bootstraps=134
node=3020/7814 op=mul seconds=220.861 eta_seconds=350.598 bootstraps=134
node=3030/7814 op=scatter seconds=222.464 eta_seconds=351.243 bootstraps=136
node=3040/7814 op=mul seconds=222.825 eta_seconds=349.923 bootstraps=136
node=3050/7814 op=sum seconds=223.216 eta_seconds=348.655 bootstraps=136
node=3060/7814 op=add seconds=223.601 eta_seconds=347.385 bootstraps=136
node=3070/7814 op=repeat seconds=224.97 eta_seconds=347.64 bootstraps=138
node=3080/7814 op=mul seconds=226.754 eta_seconds=348.523 bootstraps=140
node=3090/7814 op=gather seconds=228.281 eta_seconds=348.997 bootstraps=142
node=3100/7814 op=mul seconds=228.392 eta_seconds=347.304 bootstraps=142
node=3110/7814 op=mul seconds=230.57 eta_seconds=348.746 bootstraps=144
node=3120/7814 op=cheb seconds=231.251 eta_seconds=347.914 bootstraps=144
node=3130/7814 op=repeat seconds=231.485 eta_seconds=346.414 bootstraps=144
node=3140/7814 op=add seconds=231.704 eta_seconds=344.899 bootstraps=144
node=3150/7814 op=mul seconds=232.075 eta_seconds=343.619 bootstraps=144
node=3160/7814 op=scatter seconds=233.641 eta_seconds=344.103 bootstraps=146
node=3170/7814 op=mul seconds=234.119 eta_seconds=342.981 bootstraps=146
node=3180/7814 op=mul seconds=234.399 eta_seconds=341.574 bootstraps=146
node=3190/7814 op=mul seconds=234.901 eta_seconds=340.496 bootstraps=146
node=3200/7814 op=cheb seconds=236.168 eta_seconds=340.525 bootstraps=148
node=3210/7814 op=add seconds=237.973 eta_seconds=341.316 bootstraps=150
node=3220/7814 op=linear_ref seconds=239.375 eta_seconds=341.518 bootstraps=152
node=3230/7814 op=mul seconds=239.426 eta_seconds=339.792 bootstraps=152
node=3240/7814 op=cheb seconds=241.322 eta_seconds=340.681 bootstraps=154
node=3250/7814 op=cheb seconds=241.842 eta_seconds=339.621 bootstraps=154
node=3260/7814 op=repeat seconds=242.168 eta_seconds=338.292 bootstraps=154
node=3270/7814 op=mul seconds=242.413 eta_seconds=336.858 bootstraps=154
node=3280/7814 op=add seconds=242.798 eta_seconds=335.624 bootstraps=154
node=3290/7814 op=mul seconds=242.986 eta_seconds=334.124 bootstraps=154
node=3300/7814 op=scatter seconds=244.561 eta_seconds=334.53 bootstraps=156
node=3310/7814 op=add seconds=244.942 eta_seconds=333.298 bootstraps=156
node=3320/7814 op=repeat seconds=245.239 eta_seconds=331.958 bootstraps=156
node=3330/7814 op=addp seconds=246.57 eta_seconds=332.018 bootstraps=158
node=3340/7814 op=linear_ref seconds=249.28 eta_seconds=333.916 bootstraps=162
node=3350/7814 op=mulp seconds=250.304 eta_seconds=333.539 bootstraps=164
node=3360/7814 op=addp seconds=250.729 eta_seconds=332.365 bootstraps=164
node=3370/7814 op=cheb seconds=252.155 eta_seconds=332.516 bootstraps=166
node=3380/7814 op=cheb seconds=253.577 eta_seconds=332.652 bootstraps=166
node=3390/7814 op=repeat seconds=254.01 eta_seconds=331.487 bootstraps=166
node=3400/7814 op=gather seconds=254.485 eta_seconds=330.381 bootstraps=166
node=3410/7814 op=cheb seconds=254.885 eta_seconds=329.183 bootstraps=166
node=3420/7814 op=scatter seconds=256.585 eta_seconds=329.659 bootstraps=168
node=3430/7814 op=scatter seconds=256.848 eta_seconds=328.286 bootstraps=168
node=3440/7814 op=mul seconds=257.146 eta_seconds=326.964 bootstraps=168
node=3450/7814 op=mul seconds=257.488 eta_seconds=325.704 bootstraps=168
node=3460/7814 op=mulp seconds=258.753 eta_seconds=325.61 bootstraps=170
node=3470/7814 op=mul seconds=260.385 eta_seconds=325.969 bootstraps=172
node=3480/7814 op=mul seconds=261.778 eta_seconds=326.019 bootstraps=174
node=3490/7814 op=gather seconds=262.327 eta_seconds=325.015 bootstraps=174
node=3500/7814 op=addp seconds=262.414 eta_seconds=323.443 bootstraps=174
node=3510/7814 op=mulp seconds=264.684 eta_seconds=324.559 bootstraps=176
node=3520/7814 op=mul seconds=265.095 eta_seconds=323.385 bootstraps=176
node=3530/7814 op=mulp seconds=265.36 eta_seconds=322.04 bootstraps=176
node=3540/7814 op=mul seconds=265.728 eta_seconds=320.825 bootstraps=176
node=3550/7814 op=mul seconds=265.902 eta_seconds=319.382 bootstraps=176
node=3560/7814 op=scatter seconds=267.399 eta_seconds=319.527 bootstraps=178
node=3570/7814 op=repeat seconds=267.952 eta_seconds=318.54 bootstraps=178
node=3580/7814 op=sum seconds=268.301 eta_seconds=317.315 bootstraps=178
node=3590/7814 op=sum seconds=268.733 eta_seconds=316.191 bootstraps=178
node=3600/7814 op=cheb seconds=271.273 eta_seconds=317.54 bootstraps=182
node=3610/7814 op=repeat seconds=272.672 eta_seconds=317.538 bootstraps=184
node=3620/7814 op=gather seconds=273.211 eta_seconds=316.532 bootstraps=184
node=3630/7814 op=mulp seconds=273.307 eta_seconds=315.019 bootstraps=184
node=3640/7814 op=mul seconds=275.66 eta_seconds=316.101 bootstraps=186
node=3650/7814 op=repeat seconds=276.018 eta_seconds=314.888 bootstraps=186
node=3660/7814 op=scatter seconds=276.44 eta_seconds=313.752 bootstraps=186
node=3670/7814 op=mul seconds=278.064 eta_seconds=313.978 bootstraps=188
node=3680/7814 op=scatter seconds=278.442 eta_seconds=312.793 bootstraps=188
node=3690/7814 op=scatter seconds=278.651 eta_seconds=311.424 bootstraps=188
node=3700/7814 op=mul seconds=278.849 eta_seconds=310.05 bootstraps=188
node=3710/7814 op=mul seconds=279.101 eta_seconds=308.741 bootstraps=188
node=3720/7814 op=scatter seconds=280.536 eta_seconds=308.741 bootstraps=190
node=3730/7814 op=gather seconds=281.064 eta_seconds=307.738 bootstraps=190
node=3740/7814 op=cheb seconds=283.396 eta_seconds=308.705 bootstraps=194
node=3750/7814 op=gather seconds=284.002 eta_seconds=307.782 bootstraps=194
node=3760/7814 op=addp seconds=284.245 eta_seconds=306.47 bootstraps=194
node=3770/7814 op=mul seconds=286.32 eta_seconds=307.129 bootstraps=196
node=3780/7814 op=repeat seconds=286.785 eta_seconds=306.055 bootstraps=196
node=3790/7814 op=addp seconds=286.98 eta_seconds=304.698 bootstraps=196
node=3800/7814 op=gather seconds=287.226 eta_seconds=303.402 bootstraps=196
node=3810/7814 op=add seconds=287.455 eta_seconds=302.092 bootstraps=196
node=3820/7814 op=scatter seconds=289.079 eta_seconds=302.246 bootstraps=198
node=3830/7814 op=sum seconds=289.413 eta_seconds=301.05 bootstraps=198
node=3840/7814 op=add seconds=289.783 eta_seconds=299.895 bootstraps=198
node=3850/7814 op=mul seconds=290.284 eta_seconds=298.879 bootstraps=198
node=3860/7814 op=gather seconds=291.79 eta_seconds=298.896 bootstraps=200
node=3870/7814 op=addp seconds=293.125 eta_seconds=298.73 bootstraps=202
node=3880/7814 op=gather seconds=294.634 eta_seconds=298.734 bootstraps=204
node=3890/7814 op=sum seconds=294.895 eta_seconds=297.472 bootstraps=204
node=3900/7814 op=cheb seconds=296.933 eta_seconds=297.998 bootstraps=206
node=3910/7814 op=mul seconds=297.436 eta_seconds=296.979 bootstraps=206
node=3920/7814 op=gather seconds=297.67 eta_seconds=295.696 bootstraps=206
node=3930/7814 op=scatter seconds=297.885 eta_seconds=294.398 bootstraps=206
node=3940/7814 op=gather seconds=298.132 eta_seconds=293.138 bootstraps=206
node=3950/7814 op=add seconds=299.907 eta_seconds=293.377 bootstraps=208
node=3960/7814 op=mul seconds=300.185 eta_seconds=292.15 bootstraps=208
node=3970/7814 op=mul seconds=300.737 eta_seconds=291.192 bootstraps=208
node=3980/7814 op=add seconds=301.239 eta_seconds=290.188 bootstraps=208
node=3990/7814 op=linear_ref seconds=302.739 eta_seconds=290.144 bootstraps=210
node=4000/7814 op=mulp seconds=304.067 eta_seconds=289.928 bootstraps=212
node=4010/7814 op=gather seconds=305.591 eta_seconds=289.892 bootstraps=214
node=4020/7814 op=mul seconds=305.668 eta_seconds=288.483 bootstraps=214
node=4030/7814 op=repeat seconds=308.959 eta_seconds=290.1 bootstraps=216
node=4040/7814 op=mulp seconds=309.421 eta_seconds=289.048 bootstraps=216
node=4050/7814 op=gather seconds=309.887 eta_seconds=288.004 bootstraps=216
node=4060/7814 op=mul seconds=310.385 eta_seconds=286.991 bootstraps=216
node=4070/7814 op=scatter seconds=311.939 eta_seconds=286.954 bootstraps=218
node=4080/7814 op=mul seconds=312.166 eta_seconds=285.693 bootstraps=218
node=4090/7814 op=add seconds=312.428 eta_seconds=284.47 bootstraps=218
node=4100/7814 op=repeat seconds=312.929 eta_seconds=283.467 bootstraps=218
node=4110/7814 op=linear_ref seconds=313.429 eta_seconds=282.468 bootstraps=218
node=4120/7814 op=mulp seconds=314.503 eta_seconds=281.984 bootstraps=220
node=4130/7814 op=sum seconds=316.33 eta_seconds=282.17 bootstraps=222
node=4140/7814 op=gather seconds=317.848 eta_seconds=282.071 bootstraps=224
node=4150/7814 op=mulp seconds=317.965 eta_seconds=280.728 bootstraps=224
node=4160/7814 op=cheb seconds=319.947 eta_seconds=281.031 bootstraps=226
node=4170/7814 op=repeat seconds=320.588 eta_seconds=280.149 bootstraps=226
node=4180/7814 op=addp seconds=320.76 eta_seconds=278.861 bootstraps=226
node=4190/7814 op=addp seconds=321.518 eta_seconds=278.086 bootstraps=226
node=4200/7814 op=add seconds=322.774 eta_seconds=277.74 bootstraps=228
node=4210/7814 op=mul seconds=323.116 eta_seconds=276.606 bootstraps=228
node=4220/7814 op=mul seconds=323.386 eta_seconds=275.415 bootstraps=228
node=4230/7814 op=mul seconds=323.688 eta_seconds=274.255 bootstraps=228
node=4240/7814 op=mul seconds=323.902 eta_seconds=273.025 bootstraps=228
node=4250/7814 op=mul seconds=325.373 eta_seconds=272.854 bootstraps=230
node=4260/7814 op=scatter seconds=327.125 eta_seconds=272.912 bootstraps=232
node=4270/7814 op=gather seconds=328.659 eta_seconds=272.779 bootstraps=234
node=4280/7814 op=sum seconds=328.778 eta_seconds=271.472 bootstraps=234
node=4290/7814 op=cheb seconds=330.638 eta_seconds=271.601 bootstraps=236
node=4300/7814 op=cheb seconds=331.32 eta_seconds=270.758 bootstraps=236
node=4310/7814 op=repeat seconds=331.512 eta_seconds=269.517 bootstraps=236
node=4320/7814 op=add seconds=331.73 eta_seconds=268.302 bootstraps=236
node=4330/7814 op=mul seconds=332.114 eta_seconds=267.225 bootstraps=236
node=4340/7814 op=scatter seconds=333.69 eta_seconds=267.106 bootstraps=238
node=4350/7814 op=mul seconds=334.049 eta_seconds=266.011 bootstraps=238
node=4360/7814 op=sum seconds=334.355 eta_seconds=264.877 bootstraps=238
node=4370/7814 op=add seconds=334.572 eta_seconds=263.677 bootstraps=238
node=4380/7814 op=repeat seconds=336.046 eta_seconds=263.466 bootstraps=240
node=4390/7814 op=mul seconds=337.903 eta_seconds=263.549 bootstraps=242
client_token=279 logit_margin=2.90222
node=4400/7814 op=mul seconds=339.201 eta_seconds=263.189 bootstraps=244
node=4410/7814 op=gather seconds=340.538 eta_seconds=262.856 bootstraps=244
node=4420/7814 op=cheb seconds=341.956 eta_seconds=262.579 bootstraps=244
node=4430/7814 op=cheb seconds=342.782 eta_seconds=261.845 bootstraps=244
node=4440/7814 op=mul seconds=343.181 eta_seconds=260.786 bootstraps=244
node=4450/7814 op=repeat seconds=343.53 eta_seconds=259.693 bootstraps=244
node=4460/7814 op=add seconds=343.765 eta_seconds=258.517 bootstraps=244
node=4470/7814 op=mulp seconds=344.282 eta_seconds=257.557 bootstraps=244
node=4480/7814 op=mulp seconds=344.575 eta_seconds=256.432 bootstraps=244
node=4490/7814 op=cheb seconds=344.76 eta_seconds=255.23 bootstraps=244
node=4500/7814 op=add seconds=346.099 eta_seconds=254.883 bootstraps=246
node=4510/7814 op=repeat seconds=346.394 eta_seconds=253.766 bootstraps=246
node=4520/7814 op=linear_ref seconds=347.833 eta_seconds=253.487 bootstraps=248
node=4530/7814 op=mulp seconds=348.068 eta_seconds=252.33 bootstraps=248
node=4540/7814 op=sum seconds=349.774 eta_seconds=252.238 bootstraps=250
node=4550/7814 op=gather seconds=351.22 eta_seconds=251.952 bootstraps=252
node=4560/7814 op=addp seconds=351.279 eta_seconds=250.671 bootstraps=252
node=4570/7814 op=cheb seconds=353.312 eta_seconds=250.797 bootstraps=254
node=4580/7814 op=repeat seconds=353.926 eta_seconds=249.912 bootstraps=254
node=4590/7814 op=addp seconds=354.14 eta_seconds=248.746 bootstraps=254
node=4600/7814 op=gather seconds=354.425 eta_seconds=247.635 bootstraps=254
node=4610/7814 op=add seconds=354.699 eta_seconds=246.519 bootstraps=254
node=4620/7814 op=add seconds=356.291 eta_seconds=246.319 bootstraps=256
node=4630/7814 op=mul seconds=356.655 eta_seconds=245.268 bootstraps=256
node=4640/7814 op=sum seconds=357.034 eta_seconds=244.23 bootstraps=256
node=4650/7814 op=add seconds=357.397 eta_seconds=243.184 bootstraps=256
node=4660/7814 op=mul seconds=358.738 eta_seconds=242.802 bootstraps=258
node=4670/7814 op=gather seconds=359.376 eta_seconds=241.944 bootstraps=258
node=4680/7814 op=addp seconds=360.803 eta_seconds=241.614 bootstraps=260
node=4690/7814 op=gather seconds=362.333 eta_seconds=241.349 bootstraps=262
node=4700/7814 op=mul seconds=362.438 eta_seconds=240.135 bootstraps=262
node=4710/7814 op=repeat seconds=365.072 eta_seconds=240.591 bootstraps=264
node=4720/7814 op=cheb seconds=365.466 eta_seconds=239.566 bootstraps=264
node=4730/7814 op=mul seconds=365.756 eta_seconds=238.476 bootstraps=264
node=4740/7814 op=gather seconds=366.123 eta_seconds=237.439 bootstraps=264
node=4750/7814 op=mulp seconds=366.288 eta_seconds=236.275 bootstraps=264
node=4760/7814 op=add seconds=367.91 eta_seconds=236.05 bootstraps=266
node=4770/7814 op=add seconds=368.185 eta_seconds=234.959 bootstraps=266
node=4780/7814 op=repeat seconds=368.671 eta_seconds=234.006 bootstraps=266
node=4790/7814 op=sum seconds=369.044 eta_seconds=232.983 bootstraps=266
node=4800/7814 op=sum seconds=370.313 eta_seconds=232.526 bootstraps=268
node=4810/7814 op=cheb seconds=371.828 eta_seconds=232.218 bootstraps=270
node=4820/7814 op=repeat seconds=373.22 eta_seconds=231.83 bootstraps=272
node=4830/7814 op=gather seconds=373.64 eta_seconds=230.837 bootstraps=272
node=4840/7814 op=addp seconds=373.69 eta_seconds=229.619 bootstraps=272
node=4850/7814 op=mul seconds=375.998 eta_seconds=229.785 bootstraps=274
node=4860/7814 op=repeat seconds=376.364 eta_seconds=228.761 bootstraps=274
node=4870/7814 op=mul seconds=376.635 eta_seconds=227.683 bootstraps=274
node=4880/7814 op=mul seconds=377.017 eta_seconds=226.674 bootstraps=274
node=4890/7814 op=addp seconds=377.195 eta_seconds=225.545 bootstraps=274
node=4900/7814 op=scatter seconds=378.617 eta_seconds=225.161 bootstraps=276
node=4910/7814 op=sum seconds=379.088 eta_seconds=224.21 bootstraps=276
node=4920/7814 op=add seconds=379.342 eta_seconds=223.133 bootstraps=276
node=4930/7814 op=repeat seconds=379.637 eta_seconds=222.084 bootstraps=276
node=4940/7814 op=addp seconds=380.966 eta_seconds=221.639 bootstraps=278
node=4950/7814 op=linear_ref seconds=383.674 eta_seconds=221.989 bootstraps=282
node=4960/7814 op=mulp seconds=384.694 eta_seconds=221.354 bootstraps=284
node=4970/7814 op=addp seconds=385.146 eta_seconds=220.393 bootstraps=284
node=4980/7814 op=cheb seconds=386.57 eta_seconds=219.988 bootstraps=286
node=4990/7814 op=cheb seconds=387.994 eta_seconds=219.578 bootstraps=286
node=5000/7814 op=repeat seconds=388.422 eta_seconds=218.604 bootstraps=286
node=5010/7814 op=gather seconds=388.898 eta_seconds=217.659 bootstraps=286
node=5020/7814 op=cheb seconds=389.297 eta_seconds=216.672 bootstraps=286
node=5030/7814 op=scatter seconds=391.028 eta_seconds=216.426 bootstraps=288
node=5040/7814 op=scatter seconds=391.294 eta_seconds=215.367 bootstraps=288
node=5050/7814 op=repeat seconds=391.591 eta_seconds=214.328 bootstraps=288
node=5060/7814 op=sum seconds=391.925 eta_seconds=213.313 bootstraps=288
node=5070/7814 op=add seconds=392.28 eta_seconds=212.311 bootstraps=288
node=5080/7814 op=repeat seconds=393.576 eta_seconds=211.818 bootstraps=290
node=5090/7814 op=mul seconds=395.36 eta_seconds=211.584 bootstraps=292
node=5100/7814 op=gather seconds=396.891 eta_seconds=211.208 bootstraps=294
node=5110/7814 op=mul seconds=397.001 eta_seconds=210.077 bootstraps=294
node=5120/7814 op=mul seconds=398.843 eta_seconds=209.86 bootstraps=296
node=5130/7814 op=cheb seconds=399.428 eta_seconds=208.98 bootstraps=296
node=5140/7814 op=addp seconds=399.77 eta_seconds=207.974 bootstraps=296
node=5150/7814 op=mul seconds=400.009 eta_seconds=206.917 bootstraps=296
node=5160/7814 op=mul seconds=400.377 eta_seconds=205.93 bootstraps=296
node=5170/7814 op=mul seconds=400.557 eta_seconds=204.85 bootstraps=296
node=5180/7814 op=scatter seconds=402.181 eta_seconds=204.507 bootstraps=298
node=5190/7814 op=add seconds=402.644 eta_seconds=203.572 bootstraps=298
node=5200/7814 op=repeat seconds=403.091 eta_seconds=202.631 bootstraps=298
node=5210/7814 op=linear_ref seconds=403.624 eta_seconds=201.734 bootstraps=298
node=5220/7814 op=mulp seconds=404.674 eta_seconds=201.096 bootstraps=300
node=5230/7814 op=sum seconds=406.574 eta_seconds=200.877 bootstraps=302
node=5240/7814 op=gather seconds=408.095 eta_seconds=200.465 bootstraps=304
node=5250/7814 op=mulp seconds=408.211 eta_seconds=199.362 bootstraps=304
node=5260/7814 op=cheb seconds=410.197 eta_seconds=199.172 bootstraps=306
node=5270/7814 op=repeat seconds=410.836 eta_seconds=198.324 bootstraps=306
node=5280/7814 op=addp seconds=411.009 eta_seconds=197.253 bootstraps=306
node=5290/7814 op=addp seconds=411.759 eta_seconds=196.461 bootstraps=306
node=5300/7814 op=add seconds=413.014 eta_seconds=195.909 bootstraps=308
node=5310/7814 op=mul seconds=413.358 eta_seconds=194.924 bootstraps=308
node=5320/7814 op=mul seconds=413.625 eta_seconds=193.906 bootstraps=308
node=5330/7814 op=sum seconds=413.927 eta_seconds=192.907 bootstraps=308
node=5340/7814 op=add seconds=414.144 eta_seconds=191.871 bootstraps=308
node=5350/7814 op=mul seconds=415.61 eta_seconds=191.414 bootstraps=310
node=5360/7814 op=gather seconds=416.137 eta_seconds=190.522 bootstraps=310
node=5370/7814 op=addp seconds=417.556 eta_seconds=190.039 bootstraps=312
node=5380/7814 op=gather seconds=419.062 eta_seconds=189.591 bootstraps=314
node=5390/7814 op=mulp seconds=419.315 eta_seconds=188.575 bootstraps=314
node=5400/7814 op=cheb seconds=421.398 eta_seconds=188.381 bootstraps=316
node=5410/7814 op=cheb seconds=421.838 eta_seconds=187.449 bootstraps=316
node=5420/7814 op=repeat seconds=422.054 eta_seconds=186.42 bootstraps=316
node=5430/7814 op=add seconds=422.233 eta_seconds=185.378 bootstraps=316
node=5440/7814 op=mul seconds=422.532 eta_seconds=184.392 bootstraps=316
node=5450/7814 op=add seconds=424.095 eta_seconds=183.956 bootstraps=318
node=5460/7814 op=add seconds=424.38 eta_seconds=182.965 bootstraps=318
node=5470/7814 op=repeat seconds=424.903 eta_seconds=182.079 bootstraps=318
node=5480/7814 op=sum seconds=425.252 eta_seconds=181.12 bootstraps=318
node=5490/7814 op=sum seconds=425.654 eta_seconds=180.186 bootstraps=318
node=5500/7814 op=cheb seconds=428.153 eta_seconds=180.136 bootstraps=322
node=5510/7814 op=repeat seconds=429.448 eta_seconds=179.573 bootstraps=324
node=5520/7814 op=gather seconds=430.012 eta_seconds=178.704 bootstraps=324
node=5530/7814 op=addp seconds=430.256 eta_seconds=177.704 bootstraps=324
node=5540/7814 op=repeat seconds=432.467 eta_seconds=177.514 bootstraps=326
node=5550/7814 op=cheb seconds=432.876 eta_seconds=176.582 bootstraps=326
node=5560/7814 op=mul seconds=433.112 eta_seconds=175.582 bootstraps=326
node=5570/7814 op=gather seconds=433.413 eta_seconds=174.61 bootstraps=326
node=5580/7814 op=mul seconds=433.555 eta_seconds=173.577 bootstraps=326
node=5590/7814 op=scatter seconds=435.422 eta_seconds=173.234 bootstraps=328
node=5600/7814 op=sum seconds=435.664 eta_seconds=172.243 bootstraps=328
node=5610/7814 op=add seconds=436.047 eta_seconds=171.31 bootstraps=328
node=5620/7814 op=repeat seconds=436.532 eta_seconds=170.418 bootstraps=328
node=5630/7814 op=addp seconds=437.668 eta_seconds=169.781 bootstraps=330
node=5640/7814 op=linear_ref seconds=439.683 eta_seconds=169.481 bootstraps=332
node=5650/7814 op=mulp seconds=440.735 eta_seconds=168.805 bootstraps=334
node=5660/7814 op=addp seconds=441.282 eta_seconds=167.937 bootstraps=334
node=5670/7814 op=cheb seconds=442.723 eta_seconds=167.407 bootstraps=336
node=5680/7814 op=cheb seconds=444.801 eta_seconds=167.113 bootstraps=336
node=5690/7814 op=repeat seconds=445.302 eta_seconds=166.225 bootstraps=336
node=5700/7814 op=gather seconds=445.944 eta_seconds=165.391 bootstraps=336
node=5710/7814 op=mulp seconds=447.453 eta_seconds=164.876 bootstraps=338
node=5720/7814 op=mul seconds=447.797 eta_seconds=163.931 bootstraps=338
node=5730/7814 op=scatter seconds=448.061 eta_seconds=162.96 bootstraps=338
node=5740/7814 op=repeat seconds=448.325 eta_seconds=161.991 bootstraps=338
node=5750/7814 op=sum seconds=448.666 eta_seconds=161.052 bootstraps=338
node=5760/7814 op=add seconds=449.044 eta_seconds=160.128 bootstraps=338
node=5770/7814 op=repeat seconds=450.34 eta_seconds=159.531 bootstraps=340
node=5780/7814 op=mul seconds=452.122 eta_seconds=159.103 bootstraps=342
node=5790/7814 op=gather seconds=453.652 eta_seconds=158.582 bootstraps=344
node=5800/7814 op=mul seconds=453.765 eta_seconds=157.566 bootstraps=344
node=5810/7814 op=mul seconds=455.607 eta_seconds=157.149 bootstraps=346
node=5820/7814 op=cheb seconds=456.264 eta_seconds=156.321 bootstraps=346
node=5830/7814 op=addp seconds=456.594 eta_seconds=155.383 bootstraps=346
node=5840/7814 op=scatter seconds=457.372 eta_seconds=154.598 bootstraps=346
node=5850/7814 op=mul seconds=458.633 eta_seconds=153.975 bootstraps=348
node=5860/7814 op=mulp seconds=458.974 eta_seconds=153.044 bootstraps=348
node=5870/7814 op=mul seconds=459.242 eta_seconds=152.09 bootstraps=348
node=5880/7814 op=add seconds=459.471 eta_seconds=151.125 bootstraps=348
node=5890/7814 op=repeat seconds=459.768 eta_seconds=150.186 bootstraps=348
node=5900/7814 op=linear_ref seconds=461.246 eta_seconds=149.631 bootstraps=350
node=5910/7814 op=mulp seconds=461.431 eta_seconds=148.657 bootstraps=350
node=5920/7814 op=sum seconds=463.197 eta_seconds=148.192 bootstraps=352
node=5930/7814 op=gather seconds=464.714 eta_seconds=147.643 bootstraps=354
node=5940/7814 op=mulp seconds=464.828 eta_seconds=146.648 bootstraps=354
node=5950/7814 op=cheb seconds=466.825 eta_seconds=146.246 bootstraps=356
node=5960/7814 op=repeat seconds=467.406 eta_seconds=145.398 bootstraps=356
node=5970/7814 op=addp seconds=467.582 eta_seconds=144.426 bootstraps=356
node=5980/7814 op=gather seconds=467.881 eta_seconds=143.494 bootstraps=356
node=5990/7814 op=add seconds=468.177 eta_seconds=142.563 bootstraps=356
node=6000/7814 op=add seconds=469.757 eta_seconds=142.023 bootstraps=358
node=6010/7814 op=mul seconds=470.126 eta_seconds=141.116 bootstraps=358
node=6020/7814 op=sum seconds=470.43 eta_seconds=140.191 bootstraps=358
node=6030/7814 op=add seconds=470.645 eta_seconds=139.242 bootstraps=358
node=6040/7814 op=mul seconds=472.13 eta_seconds=138.669 bootstraps=360
node=6050/7814 op=gather seconds=472.659 eta_seconds=137.813 bootstraps=360
node=6060/7814 op=addp seconds=474.192 eta_seconds=137.25 bootstraps=362
client_token=1614 logit_margin=0.201377
node=6070/7814 op=addp seconds=475.604 eta_seconds=136.648 bootstraps=364
node=6080/7814 op=gather seconds=476.902 eta_seconds=136.011 bootstraps=364
node=6090/7814 op=cheb seconds=478.713 eta_seconds=135.517 bootstraps=364
node=6100/7814 op=mulp seconds=479.187 eta_seconds=134.644 bootstraps=364
node=6110/7814 op=cheb seconds=479.717 eta_seconds=133.787 bootstraps=364
node=6120/7814 op=mul seconds=480.028 eta_seconds=132.87 bootstraps=364
node=6130/7814 op=gather seconds=480.252 eta_seconds=131.932 bootstraps=364
node=6140/7814 op=add seconds=480.556 eta_seconds=131.018 bootstraps=364
node=6150/7814 op=mul seconds=480.867 eta_seconds=130.108 bootstraps=364
node=6160/7814 op=scatter seconds=482.197 eta_seconds=129.473 bootstraps=366
node=6170/7814 op=mul seconds=482.5 eta_seconds=128.562 bootstraps=366
node=6180/7814 op=mul seconds=482.714 eta_seconds=127.63 bootstraps=366
node=6190/7814 op=mul seconds=483.004 eta_seconds=126.72 bootstraps=366
node=6200/7814 op=cheb seconds=484.497 eta_seconds=126.126 bootstraps=368
node=6210/7814 op=add seconds=486.207 eta_seconds=125.584 bootstraps=370
node=6220/7814 op=linear_ref seconds=487.673 eta_seconds=124.976 bootstraps=372
node=6230/7814 op=mul seconds=487.724 eta_seconds=124.006 bootstraps=372
node=6240/7814 op=cheb seconds=489.617 eta_seconds=123.503 bootstraps=374
node=6250/7814 op=cheb seconds=490.152 eta_seconds=122.656 bootstraps=374
node=6260/7814 op=repeat seconds=490.587 eta_seconds=121.785 bootstraps=374
node=6270/7814 op=mul seconds=490.814 eta_seconds=120.864 bootstraps=374
node=6280/7814 op=add seconds=491.173 eta_seconds=119.978 bootstraps=374
node=6290/7814 op=cheb seconds=491.478 eta_seconds=119.08 bootstraps=374
node=6300/7814 op=add seconds=493.13 eta_seconds=118.508 bootstraps=376
node=6310/7814 op=repeat seconds=493.445 eta_seconds=117.613 bootstraps=376
node=6320/7814 op=sum seconds=493.79 eta_seconds=116.728 bootstraps=376
node=6330/7814 op=add seconds=494.149 eta_seconds=115.848 bootstraps=376
node=6340/7814 op=mul seconds=495.454 eta_seconds=115.189 bootstraps=378
node=6350/7814 op=gather seconds=496.084 eta_seconds=114.373 bootstraps=378
node=6360/7814 op=addp seconds=497.504 eta_seconds=113.738 bootstraps=380
node=6370/7814 op=gather seconds=499.034 eta_seconds=113.125 bootstraps=382
node=6380/7814 op=mul seconds=499.138 eta_seconds=112.189 bootstraps=382
node=6390/7814 op=repeat seconds=501.736 eta_seconds=111.811 bootstraps=384
node=6400/7814 op=cheb seconds=502.129 eta_seconds=110.939 bootstraps=384
node=6410/7814 op=mul seconds=502.422 eta_seconds=110.047 bootstraps=384
node=6420/7814 op=gather seconds=502.791 eta_seconds=109.173 bootstraps=384
node=6430/7814 op=mulp seconds=502.961 eta_seconds=108.258 bootstraps=384
node=6440/7814 op=add seconds=504.589 eta_seconds=107.656 bootstraps=386
node=6450/7814 op=mul seconds=504.871 eta_seconds=106.766 bootstraps=386
node=6460/7814 op=mul seconds=505.288 eta_seconds=105.907 bootstraps=386
node=6470/7814 op=mul seconds=505.625 eta_seconds=105.032 bootstraps=386
node=6480/7814 op=mul seconds=506.125 eta_seconds=104.193 bootstraps=386
node=6490/7814 op=cheb seconds=507.342 eta_seconds=103.501 bootstraps=388
node=6500/7814 op=add seconds=509.116 eta_seconds=102.92 bootstraps=390
node=6510/7814 op=linear_ref seconds=510.518 eta_seconds=102.26 bootstraps=392
node=6520/7814 op=mul seconds=510.568 eta_seconds=101.331 bootstraps=392
node=6530/7814 op=cheb seconds=512.466 eta_seconds=100.767 bootstraps=394
node=6540/7814 op=cheb seconds=512.988 eta_seconds=99.9307 bootstraps=394
node=6550/7814 op=repeat seconds=513.311 eta_seconds=99.0573 bootstraps=394
node=6560/7814 op=mul seconds=513.56 eta_seconds=98.1713 bootstraps=394
node=6570/7814 op=add seconds=513.944 eta_seconds=97.313 bootstraps=394
node=6580/7814 op=mul seconds=514.131 eta_seconds=96.4192 bootstraps=394
node=6590/7814 op=scatter seconds=515.668 eta_seconds=95.7781 bootstraps=396
node=6600/7814 op=repeat seconds=516.142 eta_seconds=94.9388 bootstraps=396
node=6610/7814 op=sum seconds=516.378 eta_seconds=94.0573 bootstraps=396
node=6620/7814 op=add seconds=516.591 eta_seconds=93.1737 bootstraps=396
node=6630/7814 op=mul seconds=518.027 eta_seconds=92.5103 bootstraps=398
node=6640/7814 op=gather seconds=519.436 eta_seconds=91.84 bootstraps=400
node=6650/7814 op=addp seconds=520.812 eta_seconds=91.1616 bootstraps=402
node=6660/7814 op=gather seconds=522.202 eta_seconds=90.4836 bootstraps=404
node=6670/7814 op=sum seconds=522.262 eta_seconds=89.5754 bootstraps=404
node=6680/7814 op=repeat seconds=525.001 eta_seconds=89.1245 bootstraps=406
node=6690/7814 op=cheb seconds=525.455 eta_seconds=88.2827 bootstraps=406
node=6700/7814 op=mul seconds=525.73 eta_seconds=87.4125 bootstraps=406
node=6710/7814 op=mulp seconds=526.245 eta_seconds=86.5834 bootstraps=406
node=6720/7814 op=add seconds=527.767 eta_seconds=85.9191 bootstraps=408
node=6730/7814 op=add seconds=528.1 eta_seconds=85.0611 bootstraps=408
node=6740/7814 op=mul seconds=528.372 eta_seconds=84.1945 bootstraps=408
node=6750/7814 op=mul seconds=528.768 eta_seconds=83.3495 bootstraps=408
node=6760/7814 op=mul seconds=529.121 eta_seconds=82.499 bootstraps=408
node=6770/7814 op=mul seconds=529.586 eta_seconds=81.6673 bootstraps=408
node=6780/7814 op=cheb seconds=530.797 eta_seconds=80.9505 bootstraps=410
node=6790/7814 op=add seconds=532.622 eta_seconds=80.3247 bootstraps=412
node=6800/7814 op=linear_ref seconds=534.152 eta_seconds=79.6514 bootstraps=414
node=6810/7814 op=cheb seconds=534.262 eta_seconds=78.7663 bootstraps=414
node=6820/7814 op=cheb seconds=536.102 eta_seconds=78.1356 bootstraps=416
node=6830/7814 op=cheb seconds=536.656 eta_seconds=77.3161 bootstraps=416
node=6840/7814 op=repeat seconds=537.023 eta_seconds=76.4709 bootstraps=416
node=6850/7814 op=mul seconds=537.269 eta_seconds=75.6099 bootstraps=416
node=6860/7814 op=add seconds=537.638 eta_seconds=74.7677 bootstraps=416
node=6870/7814 op=mul seconds=537.818 eta_seconds=73.901 bootstraps=416
node=6880/7814 op=scatter seconds=539.39 eta_seconds=73.2253 bootstraps=418
node=6890/7814 op=repeat seconds=539.946 eta_seconds=72.4107 bootstraps=418
node=6900/7814 op=sum seconds=540.297 eta_seconds=71.5698 bootstraps=418
node=6910/7814 op=add seconds=540.631 eta_seconds=70.728 bootstraps=418
node=6920/7814 op=mul seconds=541.163 eta_seconds=69.9133 bootstraps=418
node=6930/7814 op=gather seconds=542.684 eta_seconds=69.2255 bootstraps=420
node=6940/7814 op=addp seconds=544.118 eta_seconds=68.5243 bootstraps=422
node=6950/7814 op=gather seconds=545.649 eta_seconds=67.8332 bootstraps=424
node=6960/7814 op=mul seconds=545.755 eta_seconds=66.9648 bootstraps=424
node=6970/7814 op=repeat seconds=547.961 eta_seconds=66.3528 bootstraps=426
node=6980/7814 op=mulp seconds=548.39 eta_seconds=65.524 bootstraps=426
node=6990/7814 op=gather seconds=548.763 eta_seconds=64.6896 bootstraps=426
node=7000/7814 op=mul seconds=549.318 eta_seconds=63.8779 bootstraps=426
node=7010/7814 op=scatter seconds=550.807 eta_seconds=63.1738 bootstraps=428
node=7020/7814 op=add seconds=550.918 eta_seconds=62.3118 bootstraps=428
node=7030/7814 op=mul seconds=551.19 eta_seconds=61.4699 bootstraps=428
node=7040/7814 op=mul seconds=551.493 eta_seconds=60.6329 bootstraps=428
node=7050/7814 op=mul seconds=551.708 eta_seconds=59.788 bootstraps=428
node=7060/7814 op=mul seconds=552.001 eta_seconds=58.9531 bootstraps=428
node=7070/7814 op=cheb seconds=553.408 eta_seconds=58.237 bootstraps=430
node=7080/7814 op=add seconds=555.212 eta_seconds=57.5601 bootstraps=432
node=7090/7814 op=linear_ref seconds=556.716 eta_seconds=56.8495 bootstraps=434
node=7100/7814 op=cheb seconds=556.834 eta_seconds=55.9971 bootstraps=434
node=7110/7814 op=addp seconds=557.033 eta_seconds=55.1549 bootstraps=434
node=7120/7814 op=mul seconds=559.342 eta_seconds=54.5201 bootstraps=436
node=7130/7814 op=repeat seconds=559.711 eta_seconds=53.6946 bootstraps=436
node=7140/7814 op=mul seconds=559.925 eta_seconds=52.8556 bootstraps=436
node=7150/7814 op=mul seconds=560.223 eta_seconds=52.0263 bootstraps=436
node=7160/7814 op=mul seconds=560.368 eta_seconds=51.1844 bootstraps=436
node=7170/7814 op=add seconds=562.024 eta_seconds=50.4803 bootstraps=438
node=7180/7814 op=repeat seconds=562.343 eta_seconds=49.6554 bootstraps=438
node=7190/7814 op=sum seconds=562.694 eta_seconds=48.8346 bootstraps=438
node=7200/7814 op=add seconds=563.025 eta_seconds=48.0135 bootstraps=438
node=7210/7814 op=mul seconds=563.525 eta_seconds=47.2079 bootstraps=438
node=7220/7814 op=gather seconds=565.026 eta_seconds=46.4855 bootstraps=440
node=7230/7814 op=addp seconds=566.36 eta_seconds=45.7475 bootstraps=442
node=7240/7814 op=gather seconds=567.865 eta_seconds=45.0213 bootstraps=444
node=7250/7814 op=sum seconds=568.127 eta_seconds=44.1963 bootstraps=444
node=7260/7814 op=cheb seconds=570.174 eta_seconds=43.5092 bootstraps=446
node=7270/7814 op=mul seconds=570.682 eta_seconds=42.703 bootstraps=446
node=7280/7814 op=gather seconds=570.92 eta_seconds=41.878 bootstraps=446
node=7290/7814 op=scatter seconds=571.138 eta_seconds=41.053 bootstraps=446
node=7300/7814 op=gather seconds=571.388 eta_seconds=40.232 bootstraps=446
node=7310/7814 op=add seconds=573.125 eta_seconds=39.515 bootstraps=448
node=7320/7814 op=mul seconds=573.407 eta_seconds=38.6971 bootstraps=448
node=7330/7814 op=mul seconds=573.796 eta_seconds=37.8878 bootstraps=448
node=7340/7814 op=mul seconds=574.183 eta_seconds=37.0794 bootstraps=448
node=7350/7814 op=mul seconds=574.665 eta_seconds=36.2781 bootstraps=448
node=7360/7814 op=cheb seconds=575.891 eta_seconds=35.5237 bootstraps=450
node=7370/7814 op=add seconds=577.806 eta_seconds=34.8095 bootstraps=452
node=7380/7814 op=linear_ref seconds=579.337 eta_seconds=34.0694 bootstraps=454
node=7390/7814 op=mul seconds=579.412 eta_seconds=33.2437 bootstraps=454
node=7400/7814 op=cheb seconds=582.401 eta_seconds=32.583 bootstraps=456
node=7410/7814 op=cheb seconds=582.984 eta_seconds=31.7848 bootstraps=456
node=7420/7814 op=addp seconds=583.46 eta_seconds=30.9816 bootstraps=456
node=7430/7814 op=scatter seconds=584.156 eta_seconds=30.1905 bootstraps=456
node=7440/7814 op=add seconds=585.592 eta_seconds=29.437 bootstraps=458
node=7450/7814 op=mul seconds=585.941 eta_seconds=28.6285 bootstraps=458
node=7460/7814 op=add seconds=586.203 eta_seconds=27.8171 bootstraps=458
node=7470/7814 op=repeat seconds=586.506 eta_seconds=27.0091 bootstraps=458
node=7480/7814 op=sum seconds=586.844 eta_seconds=26.204 bootstraps=458
node=7490/7814 op=add seconds=587.201 eta_seconds=25.401 bootstraps=458
node=7500/7814 op=mul seconds=588.506 eta_seconds=24.6388 bootstraps=460
node=7510/7814 op=gather seconds=589.1 eta_seconds=23.8464 bootstraps=460
node=7520/7814 op=addp seconds=590.526 eta_seconds=23.0871 bootstraps=462
node=7530/7814 op=gather seconds=592.058 eta_seconds=22.3299 bootstraps=464
node=7540/7814 op=mul seconds=592.161 eta_seconds=21.5189 bootstraps=464
node=7550/7814 op=repeat seconds=594.365 eta_seconds=20.7831 bootstraps=466
node=7560/7814 op=mulp seconds=594.796 eta_seconds=19.9839 bootstraps=466
node=7570/7814 op=gather seconds=595.207 eta_seconds=19.185 bootstraps=466
node=7580/7814 op=mul seconds=595.765 eta_seconds=18.3917 bootstraps=466
node=7590/7814 op=scatter seconds=597.249 eta_seconds=17.6263 bootstraps=468
node=7600/7814 op=add seconds=597.361 eta_seconds=16.8204 bootstraps=468
node=7610/7814 op=mul seconds=597.632 eta_seconds=16.0206 bootstraps=468
node=7620/7814 op=mul seconds=597.937 eta_seconds=15.2231 bootstraps=468
node=7630/7814 op=mul seconds=598.153 eta_seconds=14.4247 bootstraps=468
node=7640/7814 op=mul seconds=598.445 eta_seconds=13.6295 bootstraps=468
node=7650/7814 op=cheb seconds=599.882 eta_seconds=12.8602 bootstraps=470
node=7660/7814 op=add seconds=601.655 eta_seconds=12.0959 bootstraps=472
node=7670/7814 op=linear_ref seconds=603.183 eta_seconds=11.3244 bootstraps=474
node=7680/7814 op=cheb seconds=603.294 eta_seconds=10.5262 bootstraps=474
node=7690/7814 op=cheb seconds=605.128 eta_seconds=9.75759 bootstraps=476
node=7700/7814 op=cheb seconds=605.694 eta_seconds=8.96742 bootstraps=476
node=7710/7814 op=repeat seconds=606.026 eta_seconds=8.17467 bootstraps=476
node=7720/7814 op=mul seconds=606.276 eta_seconds=7.38212 bootstraps=476
node=7730/7814 op=add seconds=606.661 eta_seconds=6.59243 bootstraps=476
node=7740/7814 op=cheb seconds=606.972 eta_seconds=5.80309 bootstraps=476
node=7750/7814 op=add seconds=608.585 eta_seconds=5.02573 bootstraps=478
node=7760/7814 op=repeat seconds=608.821 eta_seconds=4.23664 bootstraps=478
node=7770/7814 op=sum seconds=609.062 eta_seconds=3.449 bootstraps=478
node=7780/7814 op=add seconds=609.276 eta_seconds=2.66265 bootstraps=478
node=7790/7814 op=mul seconds=610.714 eta_seconds=1.88153 bootstraps=480
node=7800/7814 op=gather seconds=611.242 eta_seconds=1.0971 bootstraps=480
node=7810/7814 op=addp seconds=612.771 eta_seconds=0.313839 bootstraps=482
node=7814/7814 op=mulp seconds=613.793 eta_seconds=0 bootstraps=484
client_token=315 logit_margin=0.674905
passed=1 polynomial_error=5.19102e-07 exact_error=4.71006e-05 eval_seconds=613.871
