GPU 0: NVIDIA GB10
 SMs: 48, SharedMem: 100 KB, Blocks/SM: 24, Threads/SM: 1536, L2 size: 24 MB, Bus: 256-bit
Adding bootstrap precomputation to GPU for 32768 slots.
Plaintexts loaded: 248 ~ 6262MB
Rotation keys loaded: 85 ~ 15300MB
setup_seconds=26.669
planned_logical_refreshes=623
node=1/7910 op=public seconds=0.194974 eta_seconds=1542.05 bootstraps=0
node=11/7910 op=public seconds=1.5418 eta_seconds=1107.15 bootstraps=0
node=21/7910 op=mul seconds=2.4035 eta_seconds=902.916 bootstraps=0
node=31/7910 op=gather seconds=4.55429 eta_seconds=1157.52 bootstraps=0
node=41/7910 op=mul seconds=5.64302 eta_seconds=1083.05 bootstraps=0
node=51/7910 op=repeat seconds=6.34001 eta_seconds=976.983 bootstraps=0
node=61/7910 op=mulp seconds=6.72163 eta_seconds=864.887 bootstraps=0
node=71/7910 op=add seconds=7.33611 eta_seconds=809.968 bootstraps=0
node=81/7910 op=add seconds=8.15961 eta_seconds=788.661 bootstraps=0
node=91/7910 op=scatter seconds=8.885 eta_seconds=763.427 bootstraps=0
node=111/7910 op=mul seconds=11.6542 eta_seconds=818.839 bootstraps=2
node=121/7910 op=mul seconds=12.6106 eta_seconds=811.77 bootstraps=2
node=131/7910 op=scatter seconds=15.7471 eta_seconds=935.09 bootstraps=4
node=141/7910 op=gather seconds=19.42 eta_seconds=1070.03 bootstraps=8
node=161/7910 op=cheb seconds=21.6677 eta_seconds=1042.88 bootstraps=10
node=171/7910 op=sum seconds=21.9061 eta_seconds=991.41 bootstraps=10
node=181/7910 op=addp seconds=22.0558 eta_seconds=941.818 bootstraps=10
node=191/7910 op=scatter seconds=24.2859 eta_seconds=981.481 bootstraps=12
node=201/7910 op=mul seconds=25.7148 eta_seconds=986.247 bootstraps=12
node=211/7910 op=scatter seconds=26.421 eta_seconds=964.055 bootstraps=12
node=221/7910 op=sum seconds=26.8119 eta_seconds=932.836 bootstraps=12
node=231/7910 op=scatter seconds=28.9632 eta_seconds=962.805 bootstraps=14
node=241/7910 op=gather seconds=31.3015 eta_seconds=996.062 bootstraps=16
node=251/7910 op=cheb seconds=34.9268 eta_seconds=1065.75 bootstraps=20
node=271/7910 op=repeat seconds=37.7363 eta_seconds=1063.72 bootstraps=22
node=281/7910 op=addp seconds=38.2431 eta_seconds=1038.28 bootstraps=22
node=291/7910 op=repeat seconds=38.5238 eta_seconds=1008.63 bootstraps=22
node=301/7910 op=mul seconds=38.8666 eta_seconds=982.511 bootstraps=22
node=311/7910 op=scatter seconds=41.4045 eta_seconds=1011.68 bootstraps=24
node=321/7910 op=mul seconds=42.3256 eta_seconds=1000.65 bootstraps=24
node=341/7910 op=add seconds=43.7213 eta_seconds=970.46 bootstraps=24
node=351/7910 op=cheb seconds=46.2026 eta_seconds=995.002 bootstraps=26
node=361/7910 op=add seconds=48.8135 eta_seconds=1020.76 bootstraps=28
node=371/7910 op=linear seconds=50.9545 eta_seconds=1035.43 bootstraps=30
node=381/7910 op=cheb seconds=52.7224 eta_seconds=1041.85 bootstraps=32
node=391/7910 op=add seconds=53.2472 eta_seconds=1023.95 bootstraps=32
node=401/7910 op=mulp seconds=53.5331 eta_seconds=1002.44 bootstraps=32
node=411/7910 op=addp seconds=53.6866 eta_seconds=979.552 bootstraps=32
node=421/7910 op=mul seconds=54.0113 eta_seconds=960.786 bootstraps=32
node=431/7910 op=gather seconds=58.8064 eta_seconds=1020.45 bootstraps=36
node=441/7910 op=add seconds=59.2601 eta_seconds=1003.66 bootstraps=36
node=451/7910 op=mulp seconds=59.8757 eta_seconds=990.273 bootstraps=36
node=461/7910 op=add seconds=62.5671 eta_seconds=1010.98 bootstraps=38
node=471/7910 op=linear seconds=64.7091 eta_seconds=1022.02 bootstraps=40
node=481/7910 op=mulp seconds=66.7967 eta_seconds=1031.67 bootstraps=42
node=491/7910 op=gather seconds=68.929 eta_seconds=1041.52 bootstraps=44
node=501/7910 op=cheb seconds=70.8988 eta_seconds=1048.48 bootstraps=46
node=511/7910 op=sum seconds=71.4075 eta_seconds=1033.94 bootstraps=46
node=521/7910 op=addp seconds=71.6395 eta_seconds=1016.02 bootstraps=46
node=531/7910 op=gather seconds=72.0672 eta_seconds=1001.48 bootstraps=46
node=541/7910 op=add seconds=74.1649 eta_seconds=1010.21 bootstraps=48
node=551/7910 op=add seconds=75.4991 eta_seconds=1008.34 bootstraps=48
node=561/7910 op=add seconds=76.546 eta_seconds=1002.74 bootstraps=48
node=571/7910 op=repeat seconds=76.9021 eta_seconds=988.414 bootstraps=48
node=581/7910 op=mulp seconds=79.2831 eta_seconds=1000.11 bootstraps=50
node=591/7910 op=mul seconds=82.9736 eta_seconds=1027.55 bootstraps=54
node=601/7910 op=mul seconds=85.0661 eta_seconds=1034.52 bootstraps=56
node=611/7910 op=gather seconds=85.8778 eta_seconds=1025.89 bootstraps=56
node=621/7910 op=mul seconds=88.1624 eta_seconds=1034.81 bootstraps=58
node=631/7910 op=repeat seconds=88.4494 eta_seconds=1020.32 bootstraps=58
node=641/7910 op=mulp seconds=88.627 eta_seconds=1005.04 bootstraps=58
node=651/7910 op=add seconds=88.9644 eta_seconds=992.001 bootstraps=58
node=661/7910 op=add seconds=93.0935 eta_seconds=1020.93 bootstraps=62
node=671/7910 op=scatter seconds=94.0119 eta_seconds=1014.24 bootstraps=62
node=691/7910 op=mul seconds=95.3192 eta_seconds=995.817 bootstraps=62
node=701/7910 op=mul seconds=97.7111 eta_seconds=1004.85 bootstraps=64
node=711/7910 op=scatter seconds=100.336 eta_seconds=1015.91 bootstraps=66
node=721/7910 op=gather seconds=102.681 eta_seconds=1023.82 bootstraps=68
node=741/7910 op=cheb seconds=105.188 eta_seconds=1017.67 bootstraps=70
node=751/7910 op=sum seconds=105.396 eta_seconds=1004.7 bootstraps=70
node=761/7910 op=addp seconds=105.529 eta_seconds=991.359 bootstraps=70
node=771/7910 op=scatter seconds=107.665 eta_seconds=996.911 bootstraps=72
node=781/7910 op=mul seconds=109.285 eta_seconds=997.555 bootstraps=72
node=791/7910 op=scatter seconds=110.106 eta_seconds=990.957 bootstraps=72
node=801/7910 op=sum seconds=110.536 eta_seconds=981.024 bootstraps=72
node=811/7910 op=scatter seconds=113.055 eta_seconds=989.614 bootstraps=74
node=821/7910 op=gather seconds=113.778 eta_seconds=982.424 bootstraps=74
node=831/7910 op=cheb seconds=117.355 eta_seconds=999.706 bootstraps=78
node=851/7910 op=repeat seconds=119.965 eta_seconds=995.104 bootstraps=80
node=861/7910 op=addp seconds=120.431 eta_seconds=985.968 bootstraps=80
node=871/7910 op=repeat seconds=123.515 eta_seconds=998.189 bootstraps=84
node=881/7910 op=mul seconds=124.262 eta_seconds=991.42 bootstraps=84
node=891/7910 op=scatter seconds=125.08 eta_seconds=985.34 bootstraps=84
node=901/7910 op=mul seconds=125.621 eta_seconds=977.222 bootstraps=84
node=921/7910 op=add seconds=128.649 eta_seconds=976.252 bootstraps=86
node=931/7910 op=cheb seconds=131.054 eta_seconds=982.413 bootstraps=88
node=941/7910 op=add seconds=133.711 eta_seconds=990.257 bootstraps=90
node=951/7910 op=linear seconds=136.034 eta_seconds=995.438 bootstraps=92
node=961/7910 op=cheb seconds=136.154 eta_seconds=984.528 bootstraps=92
node=971/7910 op=add seconds=138.073 eta_seconds=986.706 bootstraps=94
node=981/7910 op=mulp seconds=139.799 eta_seconds=987.429 bootstraps=96
node=991/7910 op=addp seconds=141.338 eta_seconds=986.801 bootstraps=98
node=1001/7910 op=mul seconds=142.042 eta_seconds=980.391 bootstraps=98
node=1011/7910 op=gather seconds=143.181 eta_seconds=977.058 bootstraps=98
node=1021/7910 op=add seconds=145.254 eta_seconds=980.071 bootstraps=100
node=1031/7910 op=mulp seconds=145.925 eta_seconds=973.632 bootstraps=100
node=1041/7910 op=add seconds=147.063 eta_seconds=970.389 bootstraps=100
node=1051/7910 op=linear seconds=149.383 eta_seconds=974.899 bootstraps=102
node=1061/7910 op=mulp seconds=151.396 eta_seconds=977.294 bootstraps=104
node=1071/7910 op=gather seconds=153.714 eta_seconds=981.557 bootstraps=106
node=1081/7910 op=cheb seconds=155.636 eta_seconds=983.2 bootstraps=108
node=1091/7910 op=sum seconds=156.205 eta_seconds=976.316 bootstraps=108
node=1101/7910 op=addp seconds=156.437 eta_seconds=967.467 bootstraps=108
node=1111/7910 op=gather seconds=156.912 eta_seconds=960.258 bootstraps=108
node=1121/7910 op=add seconds=159.014 eta_seconds=963.018 bootstraps=110
node=1131/7910 op=add seconds=160.347 eta_seconds=961.091 bootstraps=110
node=1141/7910 op=add seconds=161.393 eta_seconds=957.465 bootstraps=110
node=1151/7910 op=repeat seconds=161.746 eta_seconds=949.817 bootstraps=110
node=1161/7910 op=mulp seconds=164.209 eta_seconds=954.562 bootstraps=112
node=1171/7910 op=mul seconds=166.416 eta_seconds=957.711 bootstraps=114
node=1181/7910 op=mul seconds=168.516 eta_seconds=960.155 bootstraps=116
node=1191/7910 op=gather seconds=169.324 eta_seconds=955.24 bootstraps=116
node=1201/7910 op=mul seconds=171.672 eta_seconds=958.988 bootstraps=118
node=1211/7910 op=repeat seconds=171.947 eta_seconds=951.174 bootstraps=118
node=1221/7910 op=mulp seconds=172.092 eta_seconds=942.771 bootstraps=118
node=1231/7910 op=add seconds=173.965 eta_seconds=943.876 bootstraps=120
node=1241/7910 op=add seconds=175.189 eta_seconds=941.448 bootstraps=120
node=1251/7910 op=scatter seconds=176.1 eta_seconds=937.368 bootstraps=120
node=1271/7910 op=mul seconds=177.405 eta_seconds=926.668 bootstraps=120
node=1281/7910 op=mul seconds=179.799 eta_seconds=930.438 bootstraps=122
node=1291/7910 op=scatter seconds=182.418 eta_seconds=935.264 bootstraps=124
node=1301/7910 op=gather seconds=184.75 eta_seconds=938.519 bootstraps=126
node=1321/7910 op=cheb seconds=187.201 eta_seconds=933.736 bootstraps=128
node=1331/7910 op=sum seconds=187.408 eta_seconds=926.34 bootstraps=128
node=1341/7910 op=addp seconds=187.541 eta_seconds=918.687 bootstraps=128
node=1351/7910 op=scatter seconds=189.694 eta_seconds=920.948 bootstraps=130
node=1361/7910 op=mul seconds=191.338 eta_seconds=920.7 bootstraps=130
node=1371/7910 op=scatter seconds=192.158 eta_seconds=916.5 bootstraps=130
node=1381/7910 op=sum seconds=192.587 eta_seconds=910.498 bootstraps=130
node=1391/7910 op=scatter seconds=196.417 eta_seconds=920.519 bootstraps=134
node=1401/7910 op=gather seconds=197.231 eta_seconds=916.33 bootstraps=134
node=1411/7910 op=cheb seconds=200.925 eta_seconds=925.453 bootstraps=138
node=1421/7910 op=cheb seconds=201.516 eta_seconds=920.222 bootstraps=138
node=1431/7910 op=gather seconds=203.763 eta_seconds=922.56 bootstraps=138
node=1441/7910 op=repeat seconds=207.352 eta_seconds=930.854 bootstraps=140
node=1451/7910 op=addp seconds=208.13 eta_seconds=926.471 bootstraps=140
node=1461/7910 op=repeat seconds=208.78 eta_seconds=921.576 bootstraps=140
node=1471/7910 op=mul seconds=209.404 eta_seconds=916.621 bootstraps=140
node=1481/7910 op=scatter seconds=210.04 eta_seconds=911.781 bootstraps=140
node=1491/7910 op=mul seconds=210.788 eta_seconds=907.477 bootstraps=140
node=1501/7910 op=addp seconds=211.617 eta_seconds=903.565 bootstraps=140
node=1511/7910 op=repeat seconds=213.572 eta_seconds=904.465 bootstraps=142
node=1521/7910 op=mul seconds=214.463 eta_seconds=900.856 bootstraps=142
node=1531/7910 op=mul seconds=216.706 eta_seconds=902.918 bootstraps=144
node=1541/7910 op=scatter seconds=219.356 eta_seconds=906.606 bootstraps=146
node=1551/7910 op=gather seconds=222.887 eta_seconds=913.821 bootstraps=150
node=1561/7910 op=mul seconds=223.544 eta_seconds=909.213 bootstraps=150
node=1571/7910 op=cheb seconds=226.986 eta_seconds=915.892 bootstraps=154
node=1581/7910 op=sum seconds=227.226 eta_seconds=909.621 bootstraps=154
node=1591/7910 op=addp seconds=227.376 eta_seconds=903.073 bootstraps=154
node=1601/7910 op=scatter seconds=229.619 eta_seconds=904.852 bootstraps=156
node=1611/7910 op=mul seconds=231.057 eta_seconds=903.43 bootstraps=156
node=1621/7910 op=scatter seconds=231.764 eta_seconds=899.174 bootstraps=156
node=1631/7910 op=mulp seconds=232.015 eta_seconds=893.209 bootstraps=156
node=1641/7910 op=repeat seconds=234.27 eta_seconds=894.967 bootstraps=158
node=1651/7910 op=mulp seconds=236.188 eta_seconds=895.396 bootstraps=160
node=1661/7910 op=mul seconds=238.637 eta_seconds=897.799 bootstraps=162
node=1671/7910 op=mul seconds=240.739 eta_seconds=898.845 bootstraps=164
node=1681/7910 op=gather seconds=241.562 eta_seconds=895.118 bootstraps=164
node=1691/7910 op=mul seconds=246.174 eta_seconds=905.357 bootstraps=168
node=1701/7910 op=repeat seconds=246.46 eta_seconds=899.628 bootstraps=168
node=1711/7910 op=mulp seconds=246.638 eta_seconds=893.577 bootstraps=168
node=1721/7910 op=add seconds=246.974 eta_seconds=888.159 bootstraps=168
node=1731/7910 op=add seconds=249.754 eta_seconds=891.523 bootstraps=170
node=1741/7910 op=scatter seconds=250.671 eta_seconds=888.218 bootstraps=170
node=1751/7910 op=mul seconds=251.507 eta_seconds=884.657 bootstraps=170
node=1761/7910 op=add seconds=251.867 eta_seconds=879.46 bootstraps=170
node=1771/7910 op=add seconds=254.567 eta_seconds=882.433 bootstraps=172
node=1781/7910 op=linear_ref seconds=255.263 eta_seconds=878.443 bootstraps=172
node=1791/7910 op=mulp seconds=257.356 eta_seconds=879.262 bootstraps=174
node=1801/7910 op=gather seconds=259.489 eta_seconds=880.189 bootstraps=176
node=1811/7910 op=cheb seconds=261.943 eta_seconds=882.16 bootstraps=178
node=1821/7910 op=sum seconds=262.498 eta_seconds=877.734 bootstraps=178
node=1831/7910 op=addp seconds=262.683 eta_seconds=872.119 bootstraps=178
node=1841/7910 op=gather seconds=263.111 eta_seconds=867.365 bootstraps=178
node=1851/7910 op=add seconds=265.335 eta_seconds=868.539 bootstraps=180
node=1861/7910 op=add seconds=266.688 eta_seconds=866.843 bootstraps=180
node=1871/7910 op=add seconds=267.738 eta_seconds=864.174 bootstraps=180
node=1881/7910 op=sum seconds=267.954 eta_seconds=858.849 bootstraps=180
node=1891/7910 op=add seconds=268.456 eta_seconds=854.489 bootstraps=180
node=1901/7910 op=cheb seconds=272.28 eta_seconds=860.668 bootstraps=184
node=1911/7910 op=add seconds=275.014 eta_seconds=863.322 bootstraps=186
node=1921/7910 op=linear_ref seconds=277.156 eta_seconds=864.074 bootstraps=188
node=1931/7910 op=cheb seconds=279.025 eta_seconds=863.952 bootstraps=190
node=1941/7910 op=add seconds=281.82 eta_seconds=866.658 bootstraps=192
node=1951/7910 op=mulp seconds=282.143 eta_seconds=861.758 bootstraps=192
node=1961/7910 op=addp seconds=282.326 eta_seconds=856.482 bootstraps=192
node=1971/7910 op=mul seconds=284.201 eta_seconds=856.353 bootstraps=194
node=1981/7910 op=gather seconds=286.102 eta_seconds=856.284 bootstraps=194
node=1991/7910 op=add seconds=286.555 eta_seconds=851.894 bootstraps=194
node=2001/7910 op=mul seconds=287.181 eta_seconds=848.053 bootstraps=194
node=2011/7910 op=sum seconds=287.722 eta_seconds=843.993 bootstraps=194
node=2021/7910 op=scatter seconds=290.234 eta_seconds=845.715 bootstraps=196
node=2031/7910 op=gather seconds=292.379 eta_seconds=846.331 bootstraps=198
node=2041/7910 op=cheb seconds=295.998 eta_seconds=851.159 bootstraps=202
node=2051/7910 op=gather seconds=296.845 eta_seconds=847.983 bootstraps=202
node=2061/7910 op=repeat seconds=299.389 eta_seconds=849.65 bootstraps=204
node=2071/7910 op=addp seconds=299.898 eta_seconds=845.537 bootstraps=204
node=2081/7910 op=repeat seconds=300.18 eta_seconds=840.823 bootstraps=204
node=2091/7910 op=mul seconds=300.527 eta_seconds=836.33 bootstraps=204
node=2101/7910 op=scatter seconds=303.177 eta_seconds=838.246 bootstraps=206
node=2111/7910 op=mul seconds=304.107 eta_seconds=835.393 bootstraps=206
node=2121/7910 op=addp seconds=305.152 eta_seconds=832.874 bootstraps=206
node=2131/7910 op=repeat seconds=305.516 eta_seconds=828.522 bootstraps=206
node=2141/7910 op=mul seconds=305.99 eta_seconds=824.501 bootstraps=206
node=2151/7910 op=mul seconds=308.389 eta_seconds=825.668 bootstraps=208
node=2161/7910 op=scatter seconds=311.024 eta_seconds=827.431 bootstraps=210
node=2171/7910 op=gather seconds=313.369 eta_seconds=828.385 bootstraps=212
node=2181/7910 op=mul seconds=315.664 eta_seconds=829.179 bootstraps=214
node=2191/7910 op=cheb seconds=316.466 eta_seconds=826.046 bootstraps=214
node=2201/7910 op=sum seconds=316.674 eta_seconds=821.397 bootstraps=214
node=2211/7910 op=addp seconds=316.806 eta_seconds=816.589 bootstraps=214
node=2221/7910 op=scatter seconds=319.037 eta_seconds=817.201 bootstraps=216
node=2231/7910 op=mul seconds=320.663 eta_seconds=816.246 bootstraps=216
node=2241/7910 op=scatter seconds=321.483 eta_seconds=813.248 bootstraps=216
node=2251/7910 op=mulp seconds=321.741 eta_seconds=808.854 bootstraps=216
node=2261/7910 op=repeat seconds=322.43 eta_seconds=805.576 bootstraps=216
node=2271/7910 op=mulp seconds=324.84 eta_seconds=806.594 bootstraps=218
node=2281/7910 op=mul seconds=327.082 eta_seconds=807.167 bootstraps=220
node=2291/7910 op=mul seconds=329.14 eta_seconds=807.262 bootstraps=222
node=2301/7910 op=gather seconds=330.013 eta_seconds=804.453 bootstraps=222
node=2311/7910 op=mul seconds=332.926 eta_seconds=806.601 bootstraps=224
node=2321/7910 op=repeat seconds=334.707 eta_seconds=805.979 bootstraps=226
node=2331/7910 op=mulp seconds=336.256 eta_seconds=804.793 bootstraps=228
node=2341/7910 op=add seconds=336.997 eta_seconds=801.68 bootstraps=228
node=2351/7910 op=add seconds=338.047 eta_seconds=799.32 bootstraps=228
node=2361/7910 op=scatter seconds=340.086 eta_seconds=799.296 bootstraps=230
node=2371/7910 op=mul seconds=341.063 eta_seconds=796.773 bootstraps=230
node=2381/7910 op=add seconds=341.427 eta_seconds=792.84 bootstraps=230
node=2391/7910 op=add seconds=344.082 eta_seconds=794.224 bootstraps=232
node=2401/7910 op=linear_ref seconds=344.748 eta_seconds=791.011 bootstraps=232
node=2411/7910 op=mulp seconds=346.869 eta_seconds=791.137 bootstraps=234
node=2421/7910 op=gather seconds=349.195 eta_seconds=791.71 bootstraps=236
node=2431/7910 op=cheb seconds=353.013 eta_seconds=795.622 bootstraps=240
node=2441/7910 op=sum seconds=355.012 eta_seconds=795.394 bootstraps=242
node=2451/7910 op=addp seconds=356.522 eta_seconds=794.065 bootstraps=244
node=2461/7910 op=gather seconds=358.728 eta_seconds=794.274 bootstraps=246
node=2471/7910 op=add seconds=359.024 eta_seconds=790.259 bootstraps=246
node=2481/7910 op=add seconds=359.881 eta_seconds=787.502 bootstraps=246
node=2491/7910 op=add seconds=362.609 eta_seconds=788.83 bootstraps=248
node=2501/7910 op=sum seconds=362.935 eta_seconds=784.932 bootstraps=248
node=2511/7910 op=add seconds=363.664 eta_seconds=781.928 bootstraps=248
node=2521/7910 op=cheb seconds=365.761 eta_seconds=781.867 bootstraps=250
node=2531/7910 op=add seconds=368.609 eta_seconds=783.385 bootstraps=252
node=2541/7910 op=linear_ref seconds=370.924 eta_seconds=783.744 bootstraps=254
node=2551/7910 op=cheb seconds=372.824 eta_seconds=783.208 bootstraps=256
node=2561/7910 op=add seconds=376.261 eta_seconds=785.873 bootstraps=258
node=2571/7910 op=mulp seconds=376.585 eta_seconds=782.025 bootstraps=258
node=2581/7910 op=addp seconds=376.818 eta_seconds=778.017 bootstraps=258
node=2591/7910 op=mul seconds=378.682 eta_seconds=777.388 bootstraps=260
node=2601/7910 op=gather seconds=380.578 eta_seconds=776.812 bootstraps=260
node=2611/7910 op=add seconds=381.031 eta_seconds=773.3 bootstraps=260
node=2621/7910 op=mul seconds=381.658 eta_seconds=770.159 bootstraps=260
node=2631/7910 op=sum seconds=382.207 eta_seconds=766.884 bootstraps=260
node=2641/7910 op=scatter seconds=384.789 eta_seconds=767.684 bootstraps=262
node=2651/7910 op=gather seconds=385.485 eta_seconds=764.718 bootstraps=262
node=2661/7910 op=cheb seconds=389.095 eta_seconds=767.516 bootstraps=266
node=2671/7910 op=gather seconds=389.942 eta_seconds=764.847 bootstraps=266
node=2681/7910 op=repeat seconds=392.569 eta_seconds=765.663 bootstraps=268
node=2691/7910 op=addp seconds=393.065 eta_seconds=762.322 bootstraps=268
node=2701/7910 op=repeat seconds=393.318 eta_seconds=758.531 bootstraps=268
node=2711/7910 op=mul seconds=395.29 eta_seconds=758.065 bootstraps=270
node=2721/7910 op=scatter seconds=396.29 eta_seconds=755.732 bootstraps=270
node=2731/7910 op=mul seconds=397.218 eta_seconds=753.274 bootstraps=270
node=2741/7910 op=addp seconds=398.26 eta_seconds=751.041 bootstraps=270
node=2751/7910 op=repeat seconds=398.621 eta_seconds=747.542 bootstraps=270
node=2761/7910 op=mul seconds=399.098 eta_seconds=744.279 bootstraps=270
node=2771/7910 op=mul seconds=401.498 eta_seconds=744.604 bootstraps=272
node=2781/7910 op=scatter seconds=404.135 eta_seconds=745.346 bootstraps=274
node=2791/7910 op=gather seconds=406.461 eta_seconds=745.494 bootstraps=276
node=2801/7910 op=mul seconds=408.754 eta_seconds=745.564 bootstraps=278
node=2811/7910 op=cheb seconds=409.512 eta_seconds=742.832 bootstraps=278
node=2821/7910 op=sum seconds=409.72 eta_seconds=739.123 bootstraps=278
node=2831/7910 op=addp seconds=409.852 eta_seconds=735.301 bootstraps=278
node=2841/7910 op=scatter seconds=412.08 eta_seconds=735.245 bootstraps=280
node=2851/7910 op=mul seconds=413.727 eta_seconds=734.143 bootstraps=280
node=2861/7910 op=scatter seconds=414.546 eta_seconds=731.577 bootstraps=280
node=2871/7910 op=mulp seconds=414.799 eta_seconds=728.03 bootstraps=280
node=2881/7910 op=repeat seconds=415.488 eta_seconds=725.266 bootstraps=280
node=2891/7910 op=mulp seconds=419.224 eta_seconds=727.806 bootstraps=284
node=2901/7910 op=mul seconds=421.667 eta_seconds=728.07 bootstraps=286
node=2911/7910 op=mul seconds=423.725 eta_seconds=727.654 bootstraps=288
client_token=315 logit_margin=1.89745
node=2921/7910 op=mul seconds=424.477 eta_seconds=724.997 bootstraps=288
node=2931/7910 op=gather seconds=426.68 eta_seconds=724.817 bootstraps=288
node=2941/7910 op=mul seconds=430.545 eta_seconds=727.432 bootstraps=290
node=2951/7910 op=repeat seconds=431.242 eta_seconds=724.679 bootstraps=290
node=2961/7910 op=mulp seconds=431.626 eta_seconds=721.417 bootstraps=290
node=2971/7910 op=add seconds=432.241 eta_seconds=718.558 bootstraps=290
node=2981/7910 op=add seconds=433.065 eta_seconds=716.061 bootstraps=290
node=2991/7910 op=scatter seconds=433.789 eta_seconds=713.41 bootstraps=290
node=3001/7910 op=mul seconds=434.463 eta_seconds=710.689 bootstraps=290
node=3011/7910 op=mul seconds=436.418 eta_seconds=710.066 bootstraps=292
node=3021/7910 op=mul seconds=437.487 eta_seconds=708.002 bootstraps=292
node=3031/7910 op=sum seconds=438.7 eta_seconds=706.174 bootstraps=292
node=3041/7910 op=cheb seconds=442.455 eta_seconds=708.423 bootstraps=296
node=3051/7910 op=repeat seconds=444.598 eta_seconds=708.064 bootstraps=298
node=3061/7910 op=gather seconds=445.267 eta_seconds=705.358 bootstraps=298
node=3071/7910 op=repeat seconds=448.097 eta_seconds=706.071 bootstraps=300
node=3081/7910 op=cheb seconds=448.423 eta_seconds=702.834 bootstraps=300
node=3091/7910 op=mul seconds=448.607 eta_seconds=699.398 bootstraps=300
node=3101/7910 op=mulp seconds=450.549 eta_seconds=698.707 bootstraps=302
node=3111/7910 op=scatter seconds=451.778 eta_seconds=696.909 bootstraps=302
node=3121/7910 op=add seconds=452.475 eta_seconds=694.298 bootstraps=302
node=3131/7910 op=mul seconds=453.518 eta_seconds=692.228 bootstraps=302
node=3141/7910 op=repeat seconds=453.88 eta_seconds=689.129 bootstraps=302
node=3151/7910 op=sum seconds=454.419 eta_seconds=686.315 bootstraps=302
node=3161/7910 op=scatter seconds=456.993 eta_seconds=686.573 bootstraps=304
node=3171/7910 op=gather seconds=459.189 eta_seconds=686.249 bootstraps=306
node=3181/7910 op=cheb seconds=462.806 eta_seconds=688.025 bootstraps=310
node=3191/7910 op=gather seconds=463.653 eta_seconds=685.672 bootstraps=310
node=3201/7910 op=repeat seconds=467.905 eta_seconds=688.336 bootstraps=314
node=3211/7910 op=addp seconds=468.414 eta_seconds=685.48 bootstraps=314
node=3221/7910 op=repeat seconds=468.695 eta_seconds=682.308 bootstraps=314
node=3231/7910 op=mul seconds=469.042 eta_seconds=679.247 bootstraps=314
node=3241/7910 op=scatter seconds=471.586 eta_seconds=679.369 bootstraps=316
node=3251/7910 op=mul seconds=472.515 eta_seconds=677.16 bootstraps=316
node=3261/7910 op=addp seconds=473.56 eta_seconds=675.124 bootstraps=316
node=3271/7910 op=mul seconds=473.776 eta_seconds=671.919 bootstraps=316
node=3281/7910 op=mul seconds=474.28 eta_seconds=669.137 bootstraps=316
node=3291/7910 op=mul seconds=476.98 eta_seconds=669.454 bootstraps=318
node=3301/7910 op=gather seconds=477.673 eta_seconds=666.947 bootstraps=318
node=3311/7910 op=addp seconds=479.774 eta_seconds=666.409 bootstraps=320
node=3321/7910 op=gather seconds=481.908 eta_seconds=665.906 bootstraps=322
node=3331/7910 op=cheb seconds=484.478 eta_seconds=665.994 bootstraps=324
node=3341/7910 op=mulp seconds=484.916 eta_seconds=663.148 bootstraps=324
node=3351/7910 op=cheb seconds=485.158 eta_seconds=660.053 bootstraps=324
node=3361/7910 op=mul seconds=487.427 eta_seconds=659.717 bootstraps=326
node=3371/7910 op=gather seconds=488.118 eta_seconds=657.243 bootstraps=326
node=3381/7910 op=mul seconds=489.177 eta_seconds=655.274 bootstraps=326
node=3391/7910 op=mulp seconds=490.221 eta_seconds=653.29 bootstraps=326
node=3401/7910 op=sum seconds=490.44 eta_seconds=650.219 bootstraps=326
node=3411/7910 op=add seconds=490.948 eta_seconds=647.545 bootstraps=326
node=3421/7910 op=add seconds=493.654 eta_seconds=647.768 bootstraps=328
node=3431/7910 op=linear_ref seconds=495.79 eta_seconds=647.229 bootstraps=330
node=3441/7910 op=mulp seconds=497.879 eta_seconds=646.62 bootstraps=332
node=3451/7910 op=gather seconds=500.009 eta_seconds=646.056 bootstraps=334
node=3461/7910 op=cheb seconds=504.319 eta_seconds=648.285 bootstraps=338
node=3471/7910 op=sum seconds=504.828 eta_seconds=645.615 bootstraps=338
node=3481/7910 op=addp seconds=505.06 eta_seconds=642.605 bootstraps=338
node=3491/7910 op=gather seconds=505.486 eta_seconds=639.857 bootstraps=338
node=3501/7910 op=add seconds=507.581 eta_seconds=639.225 bootstraps=340
node=3511/7910 op=add seconds=508.921 eta_seconds=637.637 bootstraps=340
node=3521/7910 op=add seconds=509.964 eta_seconds=635.681 bootstraps=340
node=3531/7910 op=mul seconds=509.996 eta_seconds=632.475 bootstraps=340
node=3541/7910 op=mul seconds=510.688 eta_seconds=630.104 bootstraps=340
node=3551/7910 op=linear_ref seconds=513.44 eta_seconds=630.27 bootstraps=342
node=3561/7910 op=mulp seconds=514.969 eta_seconds=628.924 bootstraps=344
node=3571/7910 op=sum seconds=517.703 eta_seconds=629.043 bootstraps=346
node=3581/7910 op=gather seconds=520.027 eta_seconds=628.65 bootstraps=348
node=3591/7910 op=cheb seconds=522.335 eta_seconds=628.227 bootstraps=350
node=3601/7910 op=mul seconds=523.061 eta_seconds=625.902 bootstraps=350
node=3611/7910 op=mulp seconds=523.27 eta_seconds=622.968 bootstraps=350
node=3621/7910 op=gather seconds=523.578 eta_seconds=620.167 bootstraps=350
node=3631/7910 op=scatter seconds=525.946 eta_seconds=619.808 bootstraps=352
node=3641/7910 op=mulp seconds=527.292 eta_seconds=618.239 bootstraps=352
node=3651/7910 op=scatter seconds=528.336 eta_seconds=616.32 bootstraps=352
node=3661/7910 op=mulp seconds=528.369 eta_seconds=613.232 bootstraps=352
node=3671/7910 op=repeat seconds=529.059 eta_seconds=610.918 bootstraps=352
node=3681/7910 op=mul seconds=529.534 eta_seconds=608.367 bootstraps=352
node=3691/7910 op=mul seconds=531.935 eta_seconds=608.028 bootstraps=354
node=3701/7910 op=scatter seconds=534.565 eta_seconds=607.94 bootstraps=356
node=3711/7910 op=gather seconds=536.9 eta_seconds=607.503 bootstraps=358
node=3721/7910 op=mul seconds=539.194 eta_seconds=607.01 bootstraps=360
node=3731/7910 op=cheb seconds=540.001 eta_seconds=604.842 bootstraps=360
node=3741/7910 op=sum seconds=540.209 eta_seconds=602.013 bootstraps=360
node=3751/7910 op=addp seconds=541.872 eta_seconds=600.811 bootstraps=362
node=3761/7910 op=scatter seconds=542.786 eta_seconds=598.782 bootstraps=362
node=3771/7910 op=mul seconds=544.29 eta_seconds=597.406 bootstraps=362
node=3781/7910 op=scatter seconds=545.109 eta_seconds=595.28 bootstraps=362
node=3791/7910 op=add seconds=545.359 eta_seconds=592.544 bootstraps=362
node=3801/7910 op=mul seconds=545.91 eta_seconds=590.146 bootstraps=362
node=3811/7910 op=cheb seconds=546.538 eta_seconds=587.84 bootstraps=362
node=3821/7910 op=repeat seconds=550.262 eta_seconds=588.856 bootstraps=366
node=3831/7910 op=mul seconds=553.034 eta_seconds=588.835 bootstraps=368
node=3841/7910 op=gather seconds=555.364 eta_seconds=588.33 bootstraps=370
node=3851/7910 op=cheb seconds=557.755 eta_seconds=587.881 bootstraps=372
node=3861/7910 op=cheb seconds=558.409 eta_seconds=585.599 bootstraps=372
node=3871/7910 op=mul seconds=560.126 eta_seconds=584.435 bootstraps=374
node=3881/7910 op=repeat seconds=561.713 eta_seconds=583.133 bootstraps=376
node=3891/7910 op=add seconds=562.418 eta_seconds=580.919 bootstraps=376
node=3901/7910 op=mul seconds=563.762 eta_seconds=579.369 bootstraps=376
node=3911/7910 op=gather seconds=566.023 eta_seconds=578.759 bootstraps=378
node=3921/7910 op=mul seconds=566.479 eta_seconds=576.303 bootstraps=378
node=3931/7910 op=sum seconds=567.021 eta_seconds=573.944 bootstraps=378
node=3941/7910 op=add seconds=567.524 eta_seconds=571.556 bootstraps=378
node=3951/7910 op=cheb seconds=569.938 eta_seconds=571.092 bootstraps=380
node=3961/7910 op=add seconds=572.596 eta_seconds=570.861 bootstraps=382
node=3971/7910 op=linear_ref seconds=574.92 eta_seconds=570.287 bootstraps=384
node=3981/7910 op=cheb seconds=575.052 eta_seconds=567.541 bootstraps=384
node=3991/7910 op=add seconds=580.542 eta_seconds=570.069 bootstraps=390
node=4001/7910 op=mulp seconds=582.237 eta_seconds=568.849 bootstraps=392
node=4011/7910 op=addp seconds=583.774 eta_seconds=567.473 bootstraps=394
node=4021/7910 op=mul seconds=584.479 eta_seconds=565.292 bootstraps=394
node=4031/7910 op=gather seconds=585.617 eta_seconds=563.535 bootstraps=394
node=4041/7910 op=add seconds=587.688 eta_seconds=562.674 bootstraps=396
node=4051/7910 op=mul seconds=588.374 eta_seconds=560.487 bootstraps=396
node=4061/7910 op=mul seconds=588.882 eta_seconds=558.14 bootstraps=396
node=4071/7910 op=mul seconds=589.887 eta_seconds=556.271 bootstraps=396
node=4081/7910 op=addp seconds=590.533 eta_seconds=554.068 bootstraps=396
node=4091/7910 op=linear_ref seconds=594.832 eta_seconds=555.283 bootstraps=400
node=4101/7910 op=mulp seconds=596.402 eta_seconds=553.937 bootstraps=402
node=4111/7910 op=addp seconds=597.222 eta_seconds=551.897 bootstraps=402
node=4121/7910 op=mulp seconds=602.521 eta_seconds=553.98 bootstraps=406
node=4131/7910 op=mul seconds=602.839 eta_seconds=551.472 bootstraps=406
node=4141/7910 op=repeat seconds=603.072 eta_seconds=548.896 bootstraps=406
node=4151/7910 op=mul seconds=604.898 eta_seconds=547.775 bootstraps=408
node=4161/7910 op=gather seconds=606.459 eta_seconds=546.41 bootstraps=408
node=4171/7910 op=scatter seconds=607.249 eta_seconds=544.355 bootstraps=408
node=4181/7910 op=mul seconds=607.868 eta_seconds=542.153 bootstraps=408
node=4191/7910 op=add seconds=608.234 eta_seconds=539.733 bootstraps=408
node=4201/7910 op=repeat seconds=608.928 eta_seconds=537.613 bootstraps=408
node=4211/7910 op=mulp seconds=611.406 eta_seconds=537.067 bootstraps=410
node=4221/7910 op=mul seconds=613.627 eta_seconds=536.288 bootstraps=412
node=4231/7910 op=mul seconds=615.72 eta_seconds=535.389 bootstraps=414
node=4241/7910 op=gather seconds=616.543 eta_seconds=533.387 bootstraps=414
node=4251/7910 op=mul seconds=619.47 eta_seconds=533.201 bootstraps=416
node=4261/7910 op=repeat seconds=619.743 eta_seconds=530.73 bootstraps=416
node=4271/7910 op=mulp seconds=619.887 eta_seconds=528.159 bootstraps=416
node=4281/7910 op=add seconds=621.855 eta_seconds=527.146 bootstraps=418
node=4291/7910 op=add seconds=623.082 eta_seconds=525.503 bootstraps=418
node=4301/7910 op=scatter seconds=623.994 eta_seconds=523.598 bootstraps=418
node=4311/7910 op=mul seconds=624.829 eta_seconds=521.633 bootstraps=418
node=4321/7910 op=mul seconds=625.194 eta_seconds=519.283 bootstraps=418
node=4331/7910 op=mul seconds=625.734 eta_seconds=517.087 bootstraps=418
node=4341/7910 op=sum seconds=628.291 eta_seconds=516.556 bootstraps=420
node=4351/7910 op=cheb seconds=630.507 eta_seconds=515.737 bootstraps=422
node=4361/7910 op=repeat seconds=632.61 eta_seconds=514.821 bootstraps=424
node=4371/7910 op=gather seconds=633.428 eta_seconds=512.858 bootstraps=424
node=4381/7910 op=repeat seconds=636.3 eta_seconds=512.555 bootstraps=426
node=4391/7910 op=cheb seconds=636.576 eta_seconds=510.16 bootstraps=426
node=4401/7910 op=mul seconds=636.727 eta_seconds=507.675 bootstraps=426
node=4411/7910 op=mulp seconds=637.069 eta_seconds=505.351 bootstraps=426
node=4421/7910 op=scatter seconds=639.937 eta_seconds=505.031 bootstraps=428
node=4431/7910 op=add seconds=640.637 eta_seconds=502.996 bootstraps=428
node=4441/7910 op=mul seconds=641.684 eta_seconds=501.239 bootstraps=428
node=4451/7910 op=repeat seconds=642.05 eta_seconds=498.956 bootstraps=428
node=4461/7910 op=sum seconds=642.594 eta_seconds=496.819 bootstraps=428
node=4471/7910 op=scatter seconds=646.429 eta_seconds=497.22 bootstraps=432
node=4481/7910 op=gather seconds=647.241 eta_seconds=495.289 bootstraps=432
node=4491/7910 op=cheb seconds=650.939 eta_seconds=495.56 bootstraps=436
client_token=279 logit_margin=2.9022
node=4501/7910 op=cheb seconds=651.618 eta_seconds=493.527 bootstraps=436
node=4511/7910 op=gather seconds=653.865 eta_seconds=492.681 bootstraps=436
node=4521/7910 op=repeat seconds=657.449 eta_seconds=492.832 bootstraps=438
node=4531/7910 op=addp seconds=658.226 eta_seconds=490.873 bootstraps=438
node=4541/7910 op=repeat seconds=658.877 eta_seconds=488.826 bootstraps=438
node=4551/7910 op=mul seconds=659.503 eta_seconds=486.766 bootstraps=438
node=4561/7910 op=scatter seconds=660.137 eta_seconds=484.718 bootstraps=438
node=4571/7910 op=mul seconds=660.886 eta_seconds=482.761 bootstraps=438
node=4581/7910 op=addp seconds=661.717 eta_seconds=480.868 bootstraps=438
node=4591/7910 op=sum seconds=661.902 eta_seconds=478.513 bootstraps=438
node=4601/7910 op=add seconds=664.382 eta_seconds=477.818 bootstraps=440
node=4611/7910 op=repeat seconds=665.767 eta_seconds=476.331 bootstraps=440
node=4621/7910 op=mulp seconds=666.67 eta_seconds=474.503 bootstraps=440
node=4631/7910 op=mul seconds=670.437 eta_seconds=474.706 bootstraps=444
node=4641/7910 op=mul seconds=672.568 eta_seconds=473.74 bootstraps=446
node=4651/7910 op=gather seconds=673.245 eta_seconds=471.75 bootstraps=446
node=4661/7910 op=mul seconds=676.084 eta_seconds=471.272 bootstraps=448
node=4671/7910 op=repeat seconds=676.417 eta_seconds=469.046 bootstraps=448
node=4681/7910 op=mulp seconds=676.594 eta_seconds=466.721 bootstraps=448
node=4691/7910 op=add seconds=678.528 eta_seconds=465.611 bootstraps=450
node=4701/7910 op=add seconds=679.753 eta_seconds=464.013 bootstraps=450
node=4711/7910 op=scatter seconds=680.665 eta_seconds=462.205 bootstraps=450
node=4721/7910 op=mul seconds=681.497 eta_seconds=460.346 bootstraps=450
node=4731/7910 op=repeat seconds=681.866 eta_seconds=458.181 bootstraps=450
node=4741/7910 op=sum seconds=682.416 eta_seconds=456.143 bootstraps=450
node=4751/7910 op=add seconds=682.925 eta_seconds=454.086 bootstraps=450
node=4761/7910 op=cheb seconds=686.881 eta_seconds=454.314 bootstraps=454
node=4771/7910 op=add seconds=689.642 eta_seconds=453.739 bootstraps=456
node=4781/7910 op=linear_ref seconds=691.957 eta_seconds=452.862 bootstraps=458
node=4791/7910 op=cheb seconds=692.064 eta_seconds=450.542 bootstraps=458
node=4801/7910 op=add seconds=696.637 eta_seconds=451.123 bootstraps=462
node=4811/7910 op=mulp seconds=696.924 eta_seconds=448.923 bootstraps=462
node=4821/7910 op=addp seconds=697.109 eta_seconds=446.664 bootstraps=462
node=4831/7910 op=mul seconds=697.437 eta_seconds=444.506 bootstraps=462
node=4841/7910 op=gather seconds=700.896 eta_seconds=444.34 bootstraps=464
node=4851/7910 op=add seconds=701.347 eta_seconds=442.264 bootstraps=464
node=4861/7910 op=mul seconds=701.971 eta_seconds=440.302 bootstraps=464
node=4871/7910 op=add seconds=702.331 eta_seconds=438.182 bootstraps=464
node=4881/7910 op=repeat seconds=703.018 eta_seconds=436.272 bootstraps=464
node=4891/7910 op=mul seconds=703.494 eta_seconds=434.236 bootstraps=464
node=4901/7910 op=mul seconds=705.94 eta_seconds=433.416 bootstraps=466
node=4911/7910 op=scatter seconds=708.548 eta_seconds=432.689 bootstraps=468
node=4921/7910 op=gather seconds=710.692 eta_seconds=431.672 bootstraps=470
node=4931/7910 op=mul seconds=713.008 eta_seconds=430.755 bootstraps=472
node=4941/7910 op=cheb seconds=713.677 eta_seconds=428.842 bootstraps=472
node=4951/7910 op=sum seconds=713.887 eta_seconds=426.659 bootstraps=472
node=4961/7910 op=addp seconds=714.019 eta_seconds=424.439 bootstraps=472
node=4971/7910 op=scatter seconds=716.244 eta_seconds=423.464 bootstraps=474
node=4981/7910 op=mul seconds=717.886 eta_seconds=422.142 bootstraps=474
node=4991/7910 op=scatter seconds=718.707 eta_seconds=420.338 bootstraps=474
node=5001/7910 op=mul seconds=718.96 eta_seconds=418.207 bootstraps=474
node=5011/7910 op=sum seconds=719.503 eta_seconds=416.252 bootstraps=474
node=5021/7910 op=add seconds=720.002 eta_seconds=414.277 bootstraps=474
node=5031/7910 op=add seconds=722.753 eta_seconds=413.597 bootstraps=476
node=5041/7910 op=linear_ref seconds=724.893 eta_seconds=412.561 bootstraps=478
node=5051/7910 op=mulp seconds=726.988 eta_seconds=411.494 bootstraps=480
node=5061/7910 op=gather seconds=729.119 eta_seconds=410.444 bootstraps=482
node=5071/7910 op=cheb seconds=733.391 eta_seconds=410.589 bootstraps=486
node=5081/7910 op=sum seconds=733.9 eta_seconds=408.621 bootstraps=486
node=5091/7910 op=addp seconds=734.133 eta_seconds=406.506 bootstraps=486
node=5101/7910 op=gather seconds=734.563 eta_seconds=404.506 bootstraps=486
node=5111/7910 op=add seconds=736.67 eta_seconds=403.432 bootstraps=488
node=5121/7910 op=add seconds=738.007 eta_seconds=401.934 bootstraps=488
node=5131/7910 op=add seconds=739.053 eta_seconds=400.278 bootstraps=488
node=5141/7910 op=mulp seconds=739.086 eta_seconds=398.08 bootstraps=488
node=5151/7910 op=repeat seconds=739.775 eta_seconds=396.242 bootstraps=488
node=5161/7910 op=sum seconds=740.314 eta_seconds=394.327 bootstraps=488
node=5171/7910 op=scatter seconds=742.875 eta_seconds=393.489 bootstraps=490
node=5181/7910 op=gather seconds=745.019 eta_seconds=392.426 bootstraps=492
node=5191/7910 op=cheb seconds=748.637 eta_seconds=392.129 bootstraps=496
node=5201/7910 op=gather seconds=749.482 eta_seconds=390.376 bootstraps=496
node=5211/7910 op=repeat seconds=752.023 eta_seconds=389.505 bootstraps=498
node=5221/7910 op=addp seconds=752.533 eta_seconds=387.581 bootstraps=498
node=5231/7910 op=repeat seconds=752.815 eta_seconds=385.546 bootstraps=498
node=5241/7910 op=mul seconds=753.157 eta_seconds=383.548 bootstraps=498
node=5251/7910 op=scatter seconds=755.826 eta_seconds=382.735 bootstraps=500
node=5261/7910 op=mul seconds=756.749 eta_seconds=381.036 bootstraps=500
node=5271/7910 op=addp seconds=757.795 eta_seconds=379.401 bootstraps=500
node=5281/7910 op=sum seconds=758.015 eta_seconds=377.357 bootstraps=500
node=5291/7910 op=add seconds=758.519 eta_seconds=375.461 bootstraps=500
node=5301/7910 op=repeat seconds=759.211 eta_seconds=373.662 bootstraps=500
node=5311/7910 op=mulp seconds=761.663 eta_seconds=372.729 bootstraps=502
node=5321/7910 op=mul seconds=763.885 eta_seconds=371.678 bootstraps=504
node=5331/7910 op=mul seconds=765.988 eta_seconds=370.565 bootstraps=506
node=5341/7910 op=gather seconds=766.808 eta_seconds=368.832 bootstraps=506
node=5351/7910 op=mul seconds=769.732 eta_seconds=368.108 bootstraps=508
node=5361/7910 op=repeat seconds=770.005 eta_seconds=366.115 bootstraps=508
node=5371/7910 op=mulp seconds=770.151 eta_seconds=364.069 bootstraps=508
node=5381/7910 op=add seconds=772.124 eta_seconds=362.888 bootstraps=510
node=5391/7910 op=add seconds=773.348 eta_seconds=361.355 bootstraps=510
node=5401/7910 op=scatter seconds=774.257 eta_seconds=359.676 bootstraps=510
node=5411/7910 op=mul seconds=775.092 eta_seconds=357.966 bootstraps=510
node=5421/7910 op=repeat seconds=775.46 eta_seconds=356.045 bootstraps=510
node=5431/7910 op=sum seconds=776.004 eta_seconds=354.21 bootstraps=510
node=5441/7910 op=add seconds=776.51 eta_seconds=352.362 bootstraps=510
node=5451/7910 op=cheb seconds=779.024 eta_seconds=351.425 bootstraps=512
node=5461/7910 op=add seconds=781.733 eta_seconds=350.57 bootstraps=514
node=5471/7910 op=linear_ref seconds=784.059 eta_seconds=349.538 bootstraps=516
node=5481/7910 op=cheb seconds=784.173 eta_seconds=347.52 bootstraps=516
node=5491/7910 op=add seconds=787.046 eta_seconds=346.724 bootstraps=518
node=5501/7910 op=mulp seconds=788.789 eta_seconds=345.427 bootstraps=520
node=5511/7910 op=addp seconds=790.366 eta_seconds=344.055 bootstraps=522
node=5521/7910 op=mul seconds=791.078 eta_seconds=342.308 bootstraps=522
node=5531/7910 op=gather seconds=792.42 eta_seconds=340.837 bootstraps=522
node=5541/7910 op=add seconds=794.444 eta_seconds=339.657 bootstraps=524
node=5551/7910 op=mul seconds=795.133 eta_seconds=337.906 bootstraps=524
node=5561/7910 op=add seconds=795.493 eta_seconds=336.021 bootstraps=524
node=5571/7910 op=repeat seconds=796.182 eta_seconds=334.279 bootstraps=524
node=5581/7910 op=mul seconds=797.968 eta_seconds=332.999 bootstraps=526
node=5591/7910 op=mul seconds=798.968 eta_seconds=331.391 bootstraps=526
node=5601/7910 op=scatter seconds=801.604 eta_seconds=330.459 bootstraps=528
node=5611/7910 op=gather seconds=803.943 eta_seconds=329.4 bootstraps=530
node=5621/7910 op=mul seconds=806.319 eta_seconds=328.352 bootstraps=532
node=5631/7910 op=cheb seconds=809.778 eta_seconds=327.737 bootstraps=536
node=5641/7910 op=sum seconds=811.289 eta_seconds=326.328 bootstraps=538
node=5651/7910 op=addp seconds=812.824 eta_seconds=324.928 bootstraps=540
node=5661/7910 op=scatter seconds=813.652 eta_seconds=323.247 bootstraps=540
node=5671/7910 op=mul seconds=814.65 eta_seconds=321.637 bootstraps=540
node=5681/7910 op=scatter seconds=817.15 eta_seconds=320.618 bootstraps=542
node=5691/7910 op=mul seconds=817.412 eta_seconds=318.72 bootstraps=542
node=5701/7910 op=sum seconds=818.201 eta_seconds=317.033 bootstraps=542
node=5711/7910 op=add seconds=818.916 eta_seconds=315.321 bootstraps=542
node=5721/7910 op=add seconds=820.016 eta_seconds=313.759 bootstraps=542
node=5731/7910 op=linear_ref seconds=822.293 eta_seconds=312.646 bootstraps=544
node=5741/7910 op=mulp seconds=824.433 eta_seconds=311.478 bootstraps=546
node=5751/7910 op=gather seconds=826.754 eta_seconds=310.374 bootstraps=548
node=5761/7910 op=cheb seconds=831.633 eta_seconds=310.22 bootstraps=552
node=5771/7910 op=sum seconds=832.206 eta_seconds=308.454 bootstraps=552
node=5781/7910 op=addp seconds=832.439 eta_seconds=306.567 bootstraps=552
node=5791/7910 op=gather seconds=832.915 eta_seconds=304.774 bootstraps=552
node=5801/7910 op=add seconds=835.018 eta_seconds=303.577 bootstraps=554
node=5811/7910 op=add seconds=836.357 eta_seconds=302.102 bootstraps=554
node=5821/7910 op=add seconds=837.405 eta_seconds=300.522 bootstraps=554
node=5831/7910 op=mulp seconds=837.437 eta_seconds=298.582 bootstraps=554
node=5841/7910 op=repeat seconds=838.127 eta_seconds=296.882 bootstraps=554
node=5851/7910 op=sum seconds=838.67 eta_seconds=295.133 bootstraps=554
node=5861/7910 op=scatter seconds=841.297 eta_seconds=294.117 bootstraps=556
node=5871/7910 op=gather seconds=841.997 eta_seconds=292.426 bootstraps=556
node=5881/7910 op=cheb seconds=845.608 eta_seconds=291.743 bootstraps=560
node=5891/7910 op=gather seconds=846.455 eta_seconds=290.102 bootstraps=560
node=5901/7910 op=repeat seconds=849.081 eta_seconds=289.07 bootstraps=562
node=5911/7910 op=addp seconds=849.573 eta_seconds=287.311 bootstraps=562
node=5921/7910 op=repeat seconds=849.822 eta_seconds=285.475 bootstraps=562
node=5931/7910 op=mul seconds=851.796 eta_seconds=284.219 bootstraps=564
node=5941/7910 op=scatter seconds=852.795 eta_seconds=282.638 bootstraps=564
node=5951/7910 op=mul seconds=853.716 eta_seconds=281.034 bootstraps=564
node=5961/7910 op=addp seconds=854.76 eta_seconds=279.471 bootstraps=564
node=5971/7910 op=sum seconds=854.978 eta_seconds=277.642 bootstraps=564
node=5981/7910 op=add seconds=855.482 eta_seconds=275.911 bootstraps=564
node=5991/7910 op=repeat seconds=856.172 eta_seconds=274.244 bootstraps=564
node=6001/7910 op=mulp seconds=858.634 eta_seconds=273.143 bootstraps=566
node=6011/7910 op=mul seconds=860.852 eta_seconds=271.961 bootstraps=568
node=6021/7910 op=mul seconds=862.952 eta_seconds=270.738 bootstraps=570
node=6031/7910 op=gather seconds=863.774 eta_seconds=269.115 bootstraps=570
node=6041/7910 op=mul seconds=866.64 eta_seconds=268.126 bootstraps=572
node=6051/7910 op=repeat seconds=866.927 eta_seconds=266.339 bootstraps=572
node=6061/7910 op=mulp seconds=867.07 eta_seconds=264.513 bootstraps=572
node=6071/7910 op=add seconds=867.407 eta_seconds=262.751 bootstraps=572
node=6081/7910 op=add seconds=870.273 eta_seconds=261.755 bootstraps=574
node=6091/7910 op=scatter seconds=871.18 eta_seconds=260.167 bootstraps=574
node=6101/7910 op=mul seconds=872.017 eta_seconds=258.561 bootstraps=574
node=6111/7910 op=repeat seconds=872.385 eta_seconds=256.819 bootstraps=574
node=6121/7910 op=sum seconds=872.926 eta_seconds=255.132 bootstraps=574
node=6131/7910 op=add seconds=873.433 eta_seconds=253.439 bootstraps=574
node=6141/7910 op=cheb seconds=877.319 eta_seconds=252.724 bootstraps=578
node=6151/7910 op=add seconds=880.153 eta_seconds=251.697 bootstraps=580
client_token=1614 logit_margin=0.20141
node=6161/7910 op=feedback seconds=881.951 eta_seconds=250.37 bootstraps=582
node=6171/7910 op=linear_ref seconds=884.494 eta_seconds=249.252 bootstraps=582
node=6181/7910 op=cheb seconds=884.9 eta_seconds=247.532 bootstraps=582
node=6191/7910 op=add seconds=887.225 eta_seconds=246.348 bootstraps=582
node=6201/7910 op=mulp seconds=887.923 eta_seconds=244.712 bootstraps=582
node=6211/7910 op=addp seconds=888.325 eta_seconds=242.998 bootstraps=582
node=6221/7910 op=mul seconds=888.912 eta_seconds=241.339 bootstraps=582
node=6231/7910 op=gather seconds=890.279 eta_seconds=239.894 bootstraps=582
node=6241/7910 op=add seconds=890.62 eta_seconds=238.174 bootstraps=582
node=6251/7910 op=mul seconds=891.136 eta_seconds=236.505 bootstraps=582
node=6261/7910 op=mul seconds=893.085 eta_seconds=235.218 bootstraps=584
node=6271/7910 op=mul seconds=894.023 eta_seconds=233.663 bootstraps=584
node=6281/7910 op=mul seconds=894.762 eta_seconds=232.06 bootstraps=584
node=6291/7910 op=mul seconds=896.019 eta_seconds=230.592 bootstraps=584
node=6301/7910 op=gather seconds=898.249 eta_seconds=229.374 bootstraps=586
node=6311/7910 op=addp seconds=900.346 eta_seconds=228.118 bootstraps=588
node=6321/7910 op=gather seconds=902.538 eta_seconds=226.884 bootstraps=590
node=6331/7910 op=cheb seconds=905.114 eta_seconds=225.742 bootstraps=592
node=6341/7910 op=mulp seconds=905.553 eta_seconds=224.068 bootstraps=592
node=6351/7910 op=cheb seconds=905.876 eta_seconds=222.368 bootstraps=592
node=6361/7910 op=mul seconds=907.825 eta_seconds=221.069 bootstraps=594
node=6371/7910 op=gather seconds=908.65 eta_seconds=219.497 bootstraps=594
node=6381/7910 op=mul seconds=909.756 eta_seconds=217.994 bootstraps=594
node=6391/7910 op=mulp seconds=910.802 eta_seconds=216.478 bootstraps=594
node=6401/7910 op=mulp seconds=910.843 eta_seconds=214.726 bootstraps=594
node=6411/7910 op=repeat seconds=911.544 eta_seconds=213.134 bootstraps=594
node=6421/7910 op=sum seconds=912.087 eta_seconds=211.509 bootstraps=594
node=6431/7910 op=add seconds=912.592 eta_seconds=209.878 bootstraps=594
node=6441/7910 op=cheb seconds=916.482 eta_seconds=209.022 bootstraps=598
node=6451/7910 op=add seconds=919.237 eta_seconds=207.901 bootstraps=600
node=6461/7910 op=linear_ref seconds=921.558 eta_seconds=206.677 bootstraps=602
node=6471/7910 op=cheb seconds=921.664 eta_seconds=204.957 bootstraps=602
node=6481/7910 op=add seconds=926.204 eta_seconds=204.219 bootstraps=606
node=6491/7910 op=mulp seconds=926.49 eta_seconds=202.54 bootstraps=606
node=6501/7910 op=addp seconds=926.676 eta_seconds=200.844 bootstraps=606
node=6511/7910 op=mul seconds=926.998 eta_seconds=199.181 bootstraps=606
node=6521/7910 op=gather seconds=930.449 eta_seconds=198.19 bootstraps=608
node=6531/7910 op=add seconds=930.902 eta_seconds=196.557 bootstraps=608
node=6541/7910 op=mul seconds=931.527 eta_seconds=194.964 bootstraps=608
node=6551/7910 op=mul seconds=931.89 eta_seconds=193.32 bootstraps=608
node=6561/7910 op=mul seconds=932.43 eta_seconds=191.716 bootstraps=608
node=6571/7910 op=mul seconds=932.934 eta_seconds=190.108 bootstraps=608
node=6581/7910 op=mul seconds=935.648 eta_seconds=188.949 bootstraps=610
node=6591/7910 op=gather seconds=936.341 eta_seconds=187.382 bootstraps=610
node=6601/7910 op=addp seconds=938.44 eta_seconds=186.096 bootstraps=612
node=6611/7910 op=gather seconds=940.582 eta_seconds=184.816 bootstraps=614
node=6621/7910 op=cheb seconds=943.159 eta_seconds=183.618 bootstraps=616
node=6631/7910 op=mulp seconds=943.596 eta_seconds=182.003 bootstraps=616
node=6641/7910 op=cheb seconds=943.837 eta_seconds=180.354 bootstraps=616
node=6651/7910 op=mul seconds=944.191 eta_seconds=178.731 bootstraps=616
node=6661/7910 op=gather seconds=946.646 eta_seconds=177.505 bootstraps=618
node=6671/7910 op=mul seconds=947.761 eta_seconds=176.027 bootstraps=618
node=6681/7910 op=mulp seconds=948.811 eta_seconds=174.538 bootstraps=618
node=6691/7910 op=mulp seconds=948.848 eta_seconds=172.866 bootstraps=618
node=6701/7910 op=repeat seconds=949.55 eta_seconds=171.319 bootstraps=618
node=6711/7910 op=sum seconds=950.09 eta_seconds=169.745 bootstraps=618
node=6721/7910 op=add seconds=950.597 eta_seconds=168.168 bootstraps=618
node=6731/7910 op=cheb seconds=954.417 eta_seconds=167.175 bootstraps=622
node=6741/7910 op=add seconds=957.158 eta_seconds=165.987 bootstraps=624
node=6751/7910 op=linear_ref seconds=959.299 eta_seconds=164.691 bootstraps=626
node=6761/7910 op=cheb seconds=961.176 eta_seconds=163.347 bootstraps=628
node=6771/7910 op=add seconds=963.977 eta_seconds=162.158 bootstraps=630
node=6781/7910 op=mulp seconds=964.3 eta_seconds=160.551 bootstraps=630
node=6791/7910 op=addp seconds=964.487 eta_seconds=158.925 bootstraps=630
node=6801/7910 op=mul seconds=966.327 eta_seconds=157.573 bootstraps=632
node=6811/7910 op=gather seconds=968.23 eta_seconds=156.23 bootstraps=632
node=6821/7910 op=add seconds=968.688 eta_seconds=154.655 bootstraps=632
node=6831/7910 op=mul seconds=969.316 eta_seconds=153.11 bootstraps=632
node=6841/7910 op=mul seconds=969.69 eta_seconds=151.527 bootstraps=632
node=6851/7910 op=mul seconds=970.234 eta_seconds=149.975 bootstraps=632
node=6861/7910 op=mul seconds=970.743 eta_seconds=148.42 bootstraps=632
node=6871/7910 op=mul seconds=973.45 eta_seconds=147.2 bootstraps=634
node=6881/7910 op=gather seconds=975.59 eta_seconds=145.892 bootstraps=636
node=6891/7910 op=addp seconds=977.726 eta_seconds=144.58 bootstraps=638
node=6901/7910 op=gather seconds=980.058 eta_seconds=143.295 bootstraps=640
node=6911/7910 op=cheb seconds=982.604 eta_seconds=142.038 bootstraps=642
node=6921/7910 op=mulp seconds=983.126 eta_seconds=140.487 bootstraps=642
node=6931/7910 op=cheb seconds=983.402 eta_seconds=138.905 bootstraps=642
node=6941/7910 op=mul seconds=983.759 eta_seconds=137.338 bootstraps=642
node=6951/7910 op=gather seconds=986.218 eta_seconds=136.064 bootstraps=644
node=6961/7910 op=mul seconds=987.336 eta_seconds=134.604 bootstraps=644
node=6971/7910 op=mulp seconds=988.384 eta_seconds=133.136 bootstraps=644
node=6981/7910 op=mulp seconds=988.423 eta_seconds=131.535 bootstraps=644
node=6991/7910 op=repeat seconds=989.121 eta_seconds=130.025 bootstraps=644
node=7001/7910 op=sum seconds=989.662 eta_seconds=128.496 bootstraps=644
node=7011/7910 op=add seconds=990.168 eta_seconds=126.966 bootstraps=644
node=7021/7910 op=cheb seconds=992.655 eta_seconds=125.69 bootstraps=646
node=7031/7910 op=add seconds=995.316 eta_seconds=124.432 bootstraps=648
node=7041/7910 op=linear_ref seconds=997.64 eta_seconds=123.129 bootstraps=650
node=7051/7910 op=cheb seconds=997.746 eta_seconds=121.552 bootstraps=650
node=7061/7910 op=add seconds=1000.64 eta_seconds=120.315 bootstraps=652
node=7071/7910 op=mulp seconds=1000.92 eta_seconds=118.762 bootstraps=652
node=7081/7910 op=addp seconds=1001.07 eta_seconds=117.199 bootstraps=652
node=7091/7910 op=mul seconds=1003.03 eta_seconds=115.849 bootstraps=654
node=7101/7910 op=gather seconds=1004.93 eta_seconds=114.489 bootstraps=654
node=7111/7910 op=add seconds=1005.38 eta_seconds=112.966 bootstraps=654
node=7121/7910 op=mul seconds=1006.02 eta_seconds=111.466 bootstraps=654
node=7131/7910 op=mul seconds=1006.38 eta_seconds=109.938 bootstraps=654
node=7141/7910 op=mul seconds=1006.92 eta_seconds=108.433 bootstraps=654
node=7151/7910 op=mul seconds=1007.42 eta_seconds=106.927 bootstraps=654
node=7161/7910 op=mul seconds=1010.14 eta_seconds=105.655 bootstraps=656
node=7171/7910 op=gather seconds=1010.85 eta_seconds=104.172 bootstraps=656
node=7181/7910 op=addp seconds=1012.99 eta_seconds=102.837 bootstraps=658
node=7191/7910 op=gather seconds=1015.35 eta_seconds=101.52 bootstraps=660
node=7201/7910 op=cheb seconds=1017.94 eta_seconds=100.225 bootstraps=662
node=7211/7910 op=mulp seconds=1018.39 eta_seconds=98.7181 bootstraps=662
node=7221/7910 op=cheb seconds=1021.58 eta_seconds=97.4748 bootstraps=666
node=7231/7910 op=mul seconds=1022.34 eta_seconds=95.9986 bootstraps=666
node=7241/7910 op=gather seconds=1023.03 eta_seconds=94.518 bootstraps=666
node=7251/7910 op=mul seconds=1023.71 eta_seconds=93.0388 bootstraps=666
node=7261/7910 op=mulp seconds=1026.39 eta_seconds=91.7405 bootstraps=668
node=7271/7910 op=mulp seconds=1026.44 eta_seconds=90.207 bootstraps=668
node=7281/7910 op=repeat seconds=1027.14 eta_seconds=88.7335 bootstraps=668
node=7291/7910 op=sum seconds=1027.68 eta_seconds=87.2492 bootstraps=668
node=7301/7910 op=add seconds=1028.18 eta_seconds=85.7641 bootstraps=668
node=7311/7910 op=cheb seconds=1030.6 eta_seconds=84.4381 bootstraps=670
node=7321/7910 op=add seconds=1033.26 eta_seconds=83.1292 bootstraps=672
node=7331/7910 op=linear_ref seconds=1035.59 eta_seconds=81.7906 bootstraps=674
node=7341/7910 op=cheb seconds=1035.72 eta_seconds=80.2787 bootstraps=674
node=7351/7910 op=add seconds=1041.22 eta_seconds=79.1787 bootstraps=680
node=7361/7910 op=mulp seconds=1042.92 eta_seconds=77.783 bootstraps=682
node=7371/7910 op=addp seconds=1044.46 eta_seconds=76.3752 bootstraps=684
node=7381/7910 op=mul seconds=1045.16 eta_seconds=74.9074 bootstraps=684
node=7391/7910 op=gather seconds=1046.31 eta_seconds=73.4722 bootstraps=684
node=7401/7910 op=add seconds=1048.38 eta_seconds=72.1019 bootstraps=686
node=7411/7910 op=mul seconds=1049.07 eta_seconds=70.6363 bootstraps=686
node=7421/7910 op=mul seconds=1049.57 eta_seconds=69.1602 bootstraps=686
node=7431/7910 op=mul seconds=1050.35 eta_seconds=67.7054 bootstraps=686
node=7441/7910 op=mul seconds=1051.07 eta_seconds=66.2482 bootstraps=686
node=7451/7910 op=mul seconds=1052.15 eta_seconds=64.8147 bootstraps=686
node=7461/7910 op=gather seconds=1054.4 eta_seconds=63.4533 bootstraps=688
node=7471/7910 op=addp seconds=1056.53 eta_seconds=62.0825 bootstraps=690
node=7481/7910 op=gather seconds=1058.87 eta_seconds=60.721 bootstraps=692
node=7491/7910 op=cheb seconds=1063.93 eta_seconds=59.5097 bootstraps=696
node=7501/7910 op=mulp seconds=1064.32 eta_seconds=58.0334 bootstraps=696
node=7511/7910 op=cheb seconds=1064.7 eta_seconds=56.559 bootstraps=696
node=7521/7910 op=mul seconds=1066.55 eta_seconds=55.1639 bootstraps=698
node=7531/7910 op=gather seconds=1067.37 eta_seconds=53.7159 bootstraps=698
node=7541/7910 op=mul seconds=1068.48 eta_seconds=52.2836 bootstraps=698
node=7551/7910 op=mulp seconds=1069.53 eta_seconds=50.8491 bootstraps=698
node=7561/7910 op=mulp seconds=1069.57 eta_seconds=49.3689 bootstraps=698
node=7571/7910 op=repeat seconds=1070.26 eta_seconds=47.922 bootstraps=698
node=7581/7910 op=sum seconds=1070.8 eta_seconds=46.4705 bootstraps=698
node=7591/7910 op=add seconds=1071.3 eta_seconds=45.0199 bootstraps=698
node=7601/7910 op=cheb seconds=1073.87 eta_seconds=43.6554 bootstraps=700
node=7611/7910 op=add seconds=1076.53 eta_seconds=42.2916 bootstraps=702
node=7621/7910 op=linear_ref seconds=1078.85 eta_seconds=40.9117 bootstraps=704
node=7631/7910 op=cheb seconds=1078.96 eta_seconds=39.4483 bootstraps=704
node=7641/7910 op=add seconds=1081.87 eta_seconds=38.0869 bootstraps=706
node=7651/7910 op=mulp seconds=1082.14 eta_seconds=36.6324 bootstraps=706
node=7661/7910 op=addp seconds=1082.29 eta_seconds=35.177 bootstraps=706
node=7671/7910 op=mul seconds=1084.26 eta_seconds=33.7815 bootstraps=708
node=7681/7910 op=gather seconds=1086.16 eta_seconds=32.3825 bootstraps=708
node=7691/7910 op=add seconds=1086.61 eta_seconds=30.941 bootstraps=708
node=7701/7910 op=mul seconds=1087.24 eta_seconds=29.507 bootstraps=708
node=7711/7910 op=mul seconds=1087.61 eta_seconds=28.0681 bootstraps=708
node=7721/7910 op=mul seconds=1088.15 eta_seconds=26.6365 bootstraps=708
node=7731/7910 op=mul seconds=1088.66 eta_seconds=25.2063 bootstraps=708
node=7741/7910 op=mul seconds=1091.37 eta_seconds=23.8265 bootstraps=710
node=7751/7910 op=gather seconds=1092.06 eta_seconds=22.402 bootstraps=710
node=7761/7910 op=addp seconds=1094.2 eta_seconds=21.007 bootstraps=712
node=7771/7910 op=gather seconds=1096.53 eta_seconds=19.6136 bootstraps=714
node=7781/7910 op=cheb seconds=1099.07 eta_seconds=18.2214 bootstraps=716
node=7791/7910 op=mulp seconds=1099.6 eta_seconds=16.7953 bootstraps=716
node=7801/7910 op=cheb seconds=1099.84 eta_seconds=15.3676 bootstraps=716
node=7811/7910 op=mul seconds=1100.2 eta_seconds=13.9444 bootstraps=716
node=7821/7910 op=gather seconds=1102.65 eta_seconds=12.5478 bootstraps=718
node=7831/7910 op=mul seconds=1103.77 eta_seconds=11.135 bootstraps=718
node=7841/7910 op=mulp seconds=1104.82 eta_seconds=9.72231 bootstraps=718
node=7851/7910 op=mulp seconds=1104.86 eta_seconds=8.30298 bootstraps=718
node=7861/7910 op=repeat seconds=1105.55 eta_seconds=6.89125 bootstraps=718
node=7871/7910 op=sum seconds=1106.1 eta_seconds=5.48059 bootstraps=718
node=7881/7910 op=add seconds=1106.61 eta_seconds=4.07202 bootstraps=718
node=7891/7910 op=cheb seconds=1110.45 eta_seconds=2.67374 bootstraps=722
node=7901/7910 op=add seconds=1113.28 eta_seconds=1.26813 bootstraps=724
node=7910/7910 op=mulp seconds=1114.85 eta_seconds=0 bootstraps=726
client_token=315 logit_margin=0.674902
passed=1 polynomial_error=6.5702e-05 exact_error=8.69685e-05 eval_seconds=1114.93
