GPU 0: NVIDIA GB10
 SMs: 48, SharedMem: 100 KB, Blocks/SM: 24, Threads/SM: 1536, L2 size: 24 MB, Bus: 256-bit
Adding bootstrap precomputation to GPU for 32768 slots.
Plaintexts loaded: 248 ~ 6262MB
Rotation keys loaded: 85 ~ 15300MB
setup_seconds=26.2085
planned_logical_refreshes=15
node=1/402 op=public seconds=0.18602 eta_seconds=74.594 bootstraps=0
node=11/402 op=mulp seconds=0.882225 eta_seconds=31.3591 bootstraps=0
node=21/402 op=addp seconds=2.52189 eta_seconds=45.7542 bootstraps=0
node=31/402 op=mulp seconds=3.44621 eta_seconds=41.2433 bootstraps=0
node=41/402 op=mul seconds=3.9641 eta_seconds=34.9034 bootstraps=0
node=51/402 op=repeat seconds=4.43743 eta_seconds=30.54 bootstraps=0
node=61/402 op=mul seconds=4.8689 eta_seconds=27.218 bootstraps=0
node=71/402 op=gather seconds=5.56944 eta_seconds=25.9646 bootstraps=0
node=81/402 op=scatter seconds=5.91003 eta_seconds=23.4212 bootstraps=0
node=91/402 op=mul seconds=6.24025 eta_seconds=21.3266 bootstraps=0
node=101/402 op=linear seconds=8.64536 eta_seconds=25.7649 bootstraps=2
node=111/402 op=mulp seconds=10.113 eta_seconds=26.5124 bootstraps=4
node=121/402 op=sum seconds=12.5039 eta_seconds=29.0381 bootstraps=6
node=131/402 op=sum seconds=14.2679 eta_seconds=29.5161 bootstraps=8
node=141/402 op=gather seconds=16.1966 eta_seconds=29.9809 bootstraps=8
node=151/402 op=cheb seconds=17.7528 eta_seconds=29.5097 bootstraps=8
node=161/402 op=mul seconds=18.6576 eta_seconds=27.9285 bootstraps=8
node=171/402 op=mulp seconds=19.0312 eta_seconds=25.7088 bootstraps=8
node=181/402 op=gather seconds=20.9903 eta_seconds=25.629 bootstraps=10
node=191/402 op=scatter seconds=21.3542 eta_seconds=23.5903 bootstraps=10
node=201/402 op=mulp seconds=22.1344 eta_seconds=22.1344 bootstraps=10
node=211/402 op=scatter seconds=22.724 eta_seconds=20.5701 bootstraps=10
node=221/402 op=mul seconds=22.76 eta_seconds=18.6405 bootstraps=10
node=231/402 op=mul seconds=24.9811 eta_seconds=18.4925 bootstraps=12
node=241/402 op=addp seconds=25.6595 eta_seconds=17.1418 bootstraps=12
node=251/402 op=linear_ref seconds=29.6616 eta_seconds=17.8442 bootstraps=16
node=261/402 op=mulp seconds=31.1741 eta_seconds=16.8412 bootstraps=18
client_token=6864 logit_margin=5.73047
node=271/402 op=mulp seconds=31.8974 eta_seconds=15.419 bootstraps=18
node=281/402 op=addp seconds=33.5681 eta_seconds=14.4546 bootstraps=18
node=291/402 op=mulp seconds=35.6446 eta_seconds=13.5964 bootstraps=18
node=301/402 op=mul seconds=36.168 eta_seconds=12.1361 bootstraps=18
node=311/402 op=repeat seconds=36.6414 eta_seconds=10.7214 bootstraps=18
node=321/402 op=mul seconds=37.0372 eta_seconds=9.34584 bootstraps=18
node=331/402 op=gather seconds=37.7437 eta_seconds=8.09608 bootstraps=18
node=341/402 op=scatter seconds=38.0859 eta_seconds=6.81302 bootstraps=18
node=351/402 op=mul seconds=38.4294 eta_seconds=5.58376 bootstraps=18
node=361/402 op=add seconds=40.2323 eta_seconds=4.56932 bootstraps=20
node=371/402 op=repeat seconds=40.9419 eta_seconds=3.42102 bootstraps=20
node=381/402 op=mulp seconds=42.7716 eta_seconds=2.35749 bootstraps=22
node=391/402 op=mul seconds=44.9211 eta_seconds=1.26377 bootstraps=24
node=401/402 op=mul seconds=46.8683 eta_seconds=0.116879 bootstraps=26
node=402/402 op=mulp seconds=46.872 eta_seconds=0 bootstraps=26
client_token=6864 logit_margin=5.2115
passed=1 polynomial_error=1.07756e-05 exact_error=1.74013e-05 eval_seconds=46.8731
