GPU 0: NVIDIA GB10
 SMs: 48, SharedMem: 100 KB, Blocks/SM: 24, Threads/SM: 1536, L2 size: 24 MB, Bus: 256-bit
Adding bootstrap precomputation to GPU for 32768 slots.
Plaintexts loaded: 248 ~ 6262MB
Rotation keys loaded: 85 ~ 15300MB
setup_seconds=26.5713
planned_logical_refreshes=4
node=1/127 op=public seconds=0.193904 eta_seconds=24.4319 bootstraps=0
node=11/127 op=mulp seconds=1.02017 eta_seconds=10.7582 bootstraps=0
node=21/127 op=addp seconds=3.89373 eta_seconds=19.6541 bootstraps=0
node=31/127 op=mulp seconds=5.19101 eta_seconds=16.0754 bootstraps=0
node=41/127 op=mul seconds=5.89517 eta_seconds=12.3655 bootstraps=0
node=51/127 op=repeat seconds=6.52181 eta_seconds=9.71878 bootstraps=0
node=61/127 op=mul seconds=7.32263 eta_seconds=7.92285 bootstraps=0
node=71/127 op=gather seconds=8.81607 eta_seconds=6.95352 bootstraps=0
node=81/127 op=scatter seconds=9.58389 eta_seconds=5.4427 bootstraps=0
node=91/127 op=mul seconds=10.2538 eta_seconds=4.05646 bootstraps=0
node=101/127 op=linear seconds=13.4223 eta_seconds=3.45524 bootstraps=2
node=111/127 op=mulp seconds=14.9282 eta_seconds=2.15181 bootstraps=4
node=121/127 op=sum seconds=18.1123 eta_seconds=0.898133 bootstraps=6
node=127/127 op=mulp seconds=19.7106 eta_seconds=0 bootstraps=8
passed=1 polynomial_error=1.10057e-05 exact_error=1.13249e-05 eval_seconds=19.7111
