GPU 0: NVIDIA GB10
 SMs: 48, SharedMem: 100 KB, Blocks/SM: 24, Threads/SM: 1536, L2 size: 24 MB, Bus: 256-bit
Adding bootstrap precomputation to GPU for 32768 slots.
Plaintexts loaded: 248 ~ 6262MB
Rotation keys loaded: 85 ~ 15300MB
setup_seconds=26.7159
planned_logical_refreshes=15
node=1/402 op=public seconds=0.188751 eta_seconds=75.6893 bootstraps=0
node=11/402 op=mulp seconds=0.884798 eta_seconds=31.4505 bootstraps=0
node=21/402 op=addp seconds=2.39938 eta_seconds=43.5316 bootstraps=0
node=31/402 op=mulp seconds=3.35214 eta_seconds=40.1175 bootstraps=0
node=41/402 op=mul seconds=3.9138 eta_seconds=34.4605 bootstraps=0
node=51/402 op=repeat seconds=4.46235 eta_seconds=30.7114 bootstraps=0
node=61/402 op=mul seconds=4.89799 eta_seconds=27.3806 bootstraps=0
node=71/402 op=gather seconds=5.60769 eta_seconds=26.1429 bootstraps=0
node=81/402 op=scatter seconds=5.95152 eta_seconds=23.5856 bootstraps=0
node=91/402 op=mul seconds=6.29535 eta_seconds=21.5149 bootstraps=0
node=101/402 op=linear seconds=8.74728 eta_seconds=26.0686 bootstraps=2
node=111/402 op=mulp seconds=10.2141 eta_seconds=26.7775 bootstraps=4
node=121/402 op=sum seconds=12.9625 eta_seconds=30.1031 bootstraps=6
node=131/402 op=sum seconds=14.6019 eta_seconds=30.207 bootstraps=8
node=141/402 op=gather seconds=16.4934 eta_seconds=30.5303 bootstraps=8
node=151/402 op=cheb seconds=17.9589 eta_seconds=29.8523 bootstraps=8
node=161/402 op=mul seconds=18.9617 eta_seconds=28.3837 bootstraps=8
node=171/402 op=mulp seconds=19.3807 eta_seconds=26.181 bootstraps=8
node=181/402 op=gather seconds=21.3583 eta_seconds=26.0784 bootstraps=10
node=191/402 op=scatter seconds=21.7289 eta_seconds=24.0042 bootstraps=10
node=201/402 op=mulp seconds=22.52 eta_seconds=22.52 bootstraps=10
node=211/402 op=scatter seconds=23.1282 eta_seconds=20.936 bootstraps=10
node=221/402 op=mul seconds=23.1973 eta_seconds=18.9987 bootstraps=10
node=231/402 op=mul seconds=25.2855 eta_seconds=18.7178 bootstraps=12
node=241/402 op=addp seconds=25.971 eta_seconds=17.3499 bootstraps=12
node=251/402 op=linear_ref seconds=29.9771 eta_seconds=18.034 bootstraps=16
node=261/402 op=mulp seconds=31.4826 eta_seconds=17.0078 bootstraps=18
client_token=6864 logit_margin=5.73048
node=271/402 op=mulp seconds=32.2186 eta_seconds=15.5743 bootstraps=18
node=281/402 op=addp seconds=33.743 eta_seconds=14.5299 bootstraps=18
node=291/402 op=mulp seconds=35.9095 eta_seconds=13.6974 bootstraps=18
node=301/402 op=mul seconds=36.4794 eta_seconds=12.2406 bootstraps=18
node=311/402 op=repeat seconds=37.0286 eta_seconds=10.8347 bootstraps=18
node=321/402 op=mul seconds=37.4318 eta_seconds=9.44542 bootstraps=18
node=331/402 op=gather seconds=38.1483 eta_seconds=8.18287 bootstraps=18
node=341/402 op=scatter seconds=38.4939 eta_seconds=6.88601 bootstraps=18
node=351/402 op=mul seconds=38.8737 eta_seconds=5.64831 bootstraps=18
node=361/402 op=add seconds=40.5367 eta_seconds=4.60389 bootstraps=20
node=371/402 op=repeat seconds=41.2528 eta_seconds=3.447 bootstraps=20
node=381/402 op=mulp seconds=43.1054 eta_seconds=2.37589 bootstraps=22
node=391/402 op=mul seconds=45.2467 eta_seconds=1.27293 bootstraps=24
node=401/402 op=mul seconds=47.2061 eta_seconds=0.117721 bootstraps=26
node=402/402 op=mulp seconds=47.2098 eta_seconds=0 bootstraps=26
client_token=6864 logit_margin=5.21147
passed=1 polynomial_error=2.65939e-05 exact_error=2.65436e-05 eval_seconds=47.2109
