GPU 0: NVIDIA GB10
 SMs: 48, SharedMem: 100 KB, Blocks/SM: 24, Threads/SM: 1536, L2 size: 24 MB, Bus: 256-bit
Adding bootstrap precomputation to GPU for 32768 slots.
Plaintexts loaded: 248 ~ 6262MB
Rotation keys loaded: 85 ~ 15300MB
setup_seconds=26.5608
planned_logical_refreshes=899
node=10/7814 op=public seconds=1.39197 eta_seconds=1086.29 bootstraps=0
node=20/7814 op=repeat seconds=2.31898 eta_seconds=903.706 bootstraps=0
node=30/7814 op=gather seconds=3.95265 eta_seconds=1025.58 bootstraps=0
node=40/7814 op=cheb seconds=5.02116 eta_seconds=975.863 bootstraps=0
node=50/7814 op=mul seconds=5.53636 eta_seconds=859.686 bootstraps=0
node=60/7814 op=repeat seconds=5.89247 eta_seconds=761.503 bootstraps=0
node=70/7814 op=add seconds=6.3152 eta_seconds=698.642 bootstraps=0
node=80/7814 op=mul seconds=7.18516 eta_seconds=694.626 bootstraps=0
node=90/7814 op=gather seconds=7.53498 eta_seconds=646.668 bootstraps=0
node=100/7814 op=input seconds=8.11243 eta_seconds=625.793 bootstraps=0
node=110/7814 op=linear_ref seconds=10.0616 eta_seconds=704.68 bootstraps=0
node=120/7814 op=cheb seconds=10.3908 eta_seconds=666.224 bootstraps=0
node=130/7814 op=add seconds=12.3145 eta_seconds=727.882 bootstraps=0
node=140/7814 op=mulp seconds=12.9087 eta_seconds=707.583 bootstraps=0
node=150/7814 op=addp seconds=13.2486 eta_seconds=676.917 bootstraps=0
node=160/7814 op=mul seconds=13.6591 eta_seconds=653.417 bootstraps=0
node=170/7814 op=gather seconds=14.5389 eta_seconds=653.736 bootstraps=0
node=180/7814 op=add seconds=14.7361 eta_seconds=624.972 bootstraps=0
node=190/7814 op=mul seconds=15.1003 eta_seconds=605.918 bootstraps=0
node=200/7814 op=repeat seconds=17.1818 eta_seconds=654.112 bootstraps=2
node=210/7814 op=addp seconds=17.8544 eta_seconds=646.498 bootstraps=2
node=220/7814 op=mul seconds=18.2186 eta_seconds=628.872 bootstraps=2
node=230/7814 op=mul seconds=18.9632 eta_seconds=625.291 bootstraps=2
node=240/7814 op=scatter seconds=21.7086 eta_seconds=685.088 bootstraps=4
node=250/7814 op=linear_ref seconds=23.1139 eta_seconds=699.334 bootstraps=4
node=260/7814 op=mulp seconds=24.7564 eta_seconds=719.27 bootstraps=6
node=270/7814 op=mul seconds=25.3513 eta_seconds=708.333 bootstraps=6
node=280/7814 op=repeat seconds=25.5734 eta_seconds=688.107 bootstraps=6
node=290/7814 op=gather seconds=26.1617 eta_seconds=678.762 bootstraps=6
node=300/7814 op=addp seconds=26.2028 eta_seconds=656.292 bootstraps=6
node=310/7814 op=cheb seconds=28.8477 eta_seconds=698.299 bootstraps=8
node=320/7814 op=repeat seconds=29.2165 eta_seconds=684.213 bootstraps=8
node=330/7814 op=mul seconds=29.4756 eta_seconds=668.472 bootstraps=8
node=340/7814 op=add seconds=29.9106 eta_seconds=657.505 bootstraps=8
node=350/7814 op=mulp seconds=30.7202 eta_seconds=655.131 bootstraps=8
node=360/7814 op=add seconds=33.1185 eta_seconds=685.737 bootstraps=10
node=370/7814 op=linear seconds=33.8516 eta_seconds=681.058 bootstraps=10
node=380/7814 op=cheb seconds=34.0788 eta_seconds=666.689 bootstraps=10
node=390/7814 op=mul seconds=34.5484 eta_seconds=657.66 bootstraps=10
node=400/7814 op=gather seconds=34.8376 eta_seconds=645.715 bootstraps=10
node=410/7814 op=scatter seconds=35.1366 eta_seconds=634.516 bootstraps=10
node=420/7814 op=gather seconds=35.5094 eta_seconds=625.135 bootstraps=10
node=430/7814 op=gather seconds=38.0339 eta_seconds=653.121 bootstraps=12
node=440/7814 op=add seconds=38.6898 eta_seconds=648.405 bootstraps=12
node=450/7814 op=mul seconds=39.0233 eta_seconds=638.595 bootstraps=12
node=460/7814 op=scatter seconds=39.5836 eta_seconds=632.821 bootstraps=12
node=470/7814 op=addp seconds=41.6218 eta_seconds=650.363 bootstraps=14
node=480/7814 op=cheb seconds=43.8721 eta_seconds=670.328 bootstraps=16
node=490/7814 op=gather seconds=44.5308 eta_seconds=665.599 bootstraps=16
node=500/7814 op=mulp seconds=44.6066 eta_seconds=652.506 bootstraps=16
node=510/7814 op=mulp seconds=45.198 eta_seconds=647.306 bootstraps=16
node=520/7814 op=cheb seconds=47.6553 eta_seconds=668.457 bootstraps=18
node=530/7814 op=addp seconds=47.9297 eta_seconds=658.717 bootstraps=18
node=540/7814 op=mul seconds=48.2029 eta_seconds=649.311 bootstraps=18
node=550/7814 op=mul seconds=48.6504 eta_seconds=642.54 bootstraps=18
node=560/7814 op=mulp seconds=49.1101 eta_seconds=636.151 bootstraps=18
node=570/7814 op=addp seconds=49.738 eta_seconds=632.109 bootstraps=18
node=580/7814 op=mulp seconds=49.807 eta_seconds=621.213 bootstraps=18
node=590/7814 op=add seconds=52.4439 eta_seconds=642.126 bootstraps=20
node=600/7814 op=mul seconds=53.1226 eta_seconds=638.71 bootstraps=20
node=610/7814 op=repeat seconds=54.264 eta_seconds=640.849 bootstraps=20
node=620/7814 op=cheb seconds=54.6057 eta_seconds=633.602 bootstraps=20
node=630/7814 op=mul seconds=54.915 eta_seconds=626.205 bootstraps=20
node=640/7814 op=gather seconds=55.3675 eta_seconds=620.635 bootstraps=20
node=650/7814 op=mulp seconds=55.5729 eta_seconds=612.498 bootstraps=20
node=660/7814 op=gather seconds=58.1848 eta_seconds=630.688 bootstraps=22
node=670/7814 op=add seconds=58.8627 eta_seconds=627.635 bootstraps=22
node=680/7814 op=mul seconds=59.2513 eta_seconds=621.615 bootstraps=22
node=690/7814 op=add seconds=59.8241 eta_seconds=617.662 bootstraps=22
node=700/7814 op=sum seconds=61.8488 eta_seconds=628.561 bootstraps=24
node=710/7814 op=gather seconds=62.5576 eta_seconds=625.929 bootstraps=24
node=720/7814 op=gather seconds=64.6075 eta_seconds=636.563 bootstraps=26
node=730/7814 op=sum seconds=64.664 eta_seconds=627.507 bootstraps=26
node=740/7814 op=sum seconds=65.2261 eta_seconds=623.526 bootstraps=26
node=750/7814 op=add seconds=67.5316 eta_seconds=636.058 bootstraps=28
node=760/7814 op=mulp seconds=67.8548 eta_seconds=629.799 bootstraps=28
node=770/7814 op=add seconds=68.144 eta_seconds=623.385 bootstraps=28
node=780/7814 op=mulp seconds=68.6109 eta_seconds=618.729 bootstraps=28
node=790/7814 op=repeat seconds=69.0764 eta_seconds=614.168 bootstraps=28
node=800/7814 op=gather seconds=69.5933 eta_seconds=610.159 bootstraps=28
node=810/7814 op=addp seconds=69.6353 eta_seconds=602.13 bootstraps=28
node=820/7814 op=scatter seconds=72.3061 eta_seconds=616.718 bootstraps=30
node=830/7814 op=cheb seconds=73.0245 eta_seconds=614.462 bootstraps=30
node=840/7814 op=cheb seconds=73.51 eta_seconds=610.308 bootstraps=30
node=850/7814 op=repeat seconds=73.7967 eta_seconds=604.612 bootstraps=30
node=860/7814 op=mul seconds=74.0735 eta_seconds=598.962 bootstraps=30
node=870/7814 op=add seconds=74.5372 eta_seconds=594.927 bootstraps=30
node=880/7814 op=mul seconds=74.7593 eta_seconds=589.069 bootstraps=30
node=890/7814 op=addp seconds=77.1138 eta_seconds=599.928 bootstraps=32
node=900/7814 op=add seconds=77.7724 eta_seconds=597.465 bootstraps=32
node=910/7814 op=repeat seconds=78.1184 eta_seconds=592.67 bootstraps=32
node=920/7814 op=gather seconds=80.1142 eta_seconds=600.334 bootstraps=34
node=930/7814 op=linear seconds=82.7779 eta_seconds=612.735 bootstraps=36
node=940/7814 op=mulp seconds=82.9485 eta_seconds=606.583 bootstraps=36
node=950/7814 op=gather seconds=85.4698 eta_seconds=617.542 bootstraps=38
node=960/7814 op=addp seconds=85.5206 eta_seconds=610.581 bootstraps=38
node=970/7814 op=mul seconds=86.083 eta_seconds=607.373 bootstraps=38
node=980/7814 op=mul seconds=88.4831 eta_seconds=617.034 bootstraps=40
node=990/7814 op=repeat seconds=88.8784 eta_seconds=612.632 bootstraps=40
node=1000/7814 op=mul seconds=89.1618 eta_seconds=607.549 bootstraps=40
node=1010/7814 op=cheb seconds=89.9042 eta_seconds=605.652 bootstraps=40
node=1020/7814 op=gather seconds=90.556 eta_seconds=603.174 bootstraps=40
node=1030/7814 op=sum seconds=90.6072 eta_seconds=596.776 bootstraps=40
node=1040/7814 op=scatter seconds=92.797 eta_seconds=604.43 bootstraps=42
node=1050/7814 op=scatter seconds=93.0749 eta_seconds=599.58 bootstraps=42
node=1060/7814 op=mul seconds=93.4365 eta_seconds=595.349 bootstraps=42
node=1070/7814 op=cheb seconds=96.3396 eta_seconds=607.21 bootstraps=44
node=1080/7814 op=cheb seconds=97.2281 eta_seconds=606.235 bootstraps=44
node=1090/7814 op=repeat seconds=97.7724 eta_seconds=603.139 bootstraps=44
node=1100/7814 op=addp seconds=97.9448 eta_seconds=597.819 bootstraps=44
node=1110/7814 op=mul seconds=98.618 eta_seconds=595.617 bootstraps=44
node=1120/7814 op=cheb seconds=100.77 eta_seconds=602.278 bootstraps=46
node=1130/7814 op=mulp seconds=101.217 eta_seconds=598.7 bootstraps=46
node=1140/7814 op=mulp seconds=101.647 eta_seconds=595.082 bootstraps=46
node=1150/7814 op=sum seconds=102.028 eta_seconds=591.228 bootstraps=46
node=1160/7814 op=add seconds=102.393 eta_seconds=587.345 bootstraps=46
node=1170/7814 op=mulp seconds=104.318 eta_seconds=592.384 bootstraps=48
node=1180/7814 op=cheb seconds=104.966 eta_seconds=590.124 bootstraps=48
node=1190/7814 op=mulp seconds=105.014 eta_seconds=584.551 bootstraps=48
node=1200/7814 op=cheb seconds=107.81 eta_seconds=594.212 bootstraps=50
node=1210/7814 op=mul seconds=108.293 eta_seconds=591.049 bootstraps=50
node=1220/7814 op=gather seconds=108.595 eta_seconds=586.95 bootstraps=50
node=1230/7814 op=scatter seconds=108.914 eta_seconds=583.002 bootstraps=50
node=1240/7814 op=gather seconds=109.286 eta_seconds=579.39 bootstraps=50
node=1250/7814 op=sum seconds=110.07 eta_seconds=577.999 bootstraps=50
node=1260/7814 op=add seconds=112.243 eta_seconds=583.84 bootstraps=52
node=1270/7814 op=linear seconds=112.975 eta_seconds=582.135 bootstraps=52
node=1280/7814 op=mulp seconds=113.152 eta_seconds=577.608 bootstraps=52
node=1290/7814 op=addp seconds=113.78 eta_seconds=575.425 bootstraps=52
node=1300/7814 op=mulp seconds=113.85 eta_seconds=570.476 bootstraps=52
node=1310/7814 op=cheb seconds=116.846 eta_seconds=580.125 bootstraps=54
node=1320/7814 op=cheb seconds=117.52 eta_seconds=578.163 bootstraps=54
node=1330/7814 op=repeat seconds=117.708 eta_seconds=573.848 bootstraps=54
node=1340/7814 op=add seconds=117.969 eta_seconds=569.947 bootstraps=54
node=1350/7814 op=mul seconds=118.421 eta_seconds=567.015 bootstraps=54
node=1360/7814 op=add seconds=118.63 eta_seconds=562.968 bootstraps=54
node=1370/7814 op=addp seconds=120.915 eta_seconds=568.74 bootstraps=56
node=1380/7814 op=add seconds=121.576 eta_seconds=566.827 bootstraps=56
node=1390/7814 op=repeat seconds=122.152 eta_seconds=564.536 bootstraps=56
node=1400/7814 op=addp seconds=122.524 eta_seconds=561.333 bootstraps=56
node=1410/7814 op=gather seconds=124.711 eta_seconds=566.418 bootstraps=58
node=1420/7814 op=sum seconds=124.795 eta_seconds=561.929 bootstraps=58
node=1430/7814 op=gather seconds=125.537 eta_seconds=560.44 bootstraps=58
node=1440/7814 op=cheb seconds=128.141 eta_seconds=567.203 bootstraps=60
node=1450/7814 op=repeat seconds=128.294 eta_seconds=563.079 bootstraps=60
node=1460/7814 op=mul seconds=129.22 eta_seconds=562.373 bootstraps=60
node=1470/7814 op=addp seconds=129.928 eta_seconds=560.722 bootstraps=60
node=1480/7814 op=add seconds=131.847 eta_seconds=564.271 bootstraps=62
node=1490/7814 op=scatter seconds=132.054 eta_seconds=560.478 bootstraps=62
node=1500/7814 op=add seconds=132.425 eta_seconds=557.419 bootstraps=62
node=1510/7814 op=gather seconds=133.171 eta_seconds=555.966 bootstraps=62
node=1520/7814 op=addp seconds=133.257 eta_seconds=551.789 bootstraps=62
node=1530/7814 op=sum seconds=135.846 eta_seconds=557.945 bootstraps=64
node=1540/7814 op=cheb seconds=136.788 eta_seconds=557.277 bootstraps=64
node=1550/7814 op=cheb seconds=137.387 eta_seconds=555.221 bootstraps=64
node=1560/7814 op=repeat seconds=137.67 eta_seconds=551.917 bootstraps=64
node=1570/7814 op=gather seconds=138.524 eta_seconds=550.921 bootstraps=64
node=1580/7814 op=add seconds=141.016 eta_seconds=556.389 bootstraps=66
node=1590/7814 op=mul seconds=141.058 eta_seconds=552.165 bootstraps=66
node=1600/7814 op=mulp seconds=141.496 eta_seconds=549.535 bootstraps=66
node=1610/7814 op=mul seconds=141.716 eta_seconds=546.092 bootstraps=66
node=1620/7814 op=sum seconds=142.019 eta_seconds=543.003 bootstraps=66
node=1630/7814 op=linear seconds=144.198 eta_seconds=547.067 bootstraps=68
node=1640/7814 op=cheb seconds=144.325 eta_seconds=543.331 bootstraps=68
node=1650/7814 op=mulp seconds=144.454 eta_seconds=539.645 bootstraps=68
node=1660/7814 op=repeat seconds=145.327 eta_seconds=538.759 bootstraps=68
node=1670/7814 op=add seconds=147.696 eta_seconds=543.381 bootstraps=70
node=1680/7814 op=mulp seconds=148.019 eta_seconds=540.444 bootstraps=70
node=1690/7814 op=add seconds=148.258 eta_seconds=537.238 bootstraps=70
node=1700/7814 op=mulp seconds=148.635 eta_seconds=534.562 bootstraps=70
node=1710/7814 op=linear_ref seconds=149.388 eta_seconds=533.254 bootstraps=70
node=1720/7814 op=scatter seconds=151.424 eta_seconds=536.498 bootstraps=72
node=1730/7814 op=repeat seconds=151.979 eta_seconds=534.476 bootstraps=72
node=1740/7814 op=addp seconds=152.35 eta_seconds=531.826 bootstraps=72
node=1750/7814 op=gather seconds=153.109 eta_seconds=530.546 bootstraps=72
node=1760/7814 op=mulp seconds=153.319 eta_seconds=527.382 bootstraps=72
node=1770/7814 op=cheb seconds=155.326 eta_seconds=530.39 bootstraps=74
node=1780/7814 op=cheb seconds=156.863 eta_seconds=531.747 bootstraps=74
node=1790/7814 op=mulp seconds=157.072 eta_seconds=528.606 bootstraps=74
node=1800/7814 op=gather seconds=157.436 eta_seconds=526.011 bootstraps=74
node=1810/7814 op=gather seconds=157.712 eta_seconds=523.151 bootstraps=74
node=1820/7814 op=scatter seconds=157.975 eta_seconds=520.277 bootstraps=74
node=1830/7814 op=mulp seconds=160.167 eta_seconds=523.736 bootstraps=76
node=1840/7814 op=scatter seconds=160.836 eta_seconds=522.194 bootstraps=76
node=1850/7814 op=add seconds=161.188 eta_seconds=519.635 bootstraps=76
node=1860/7814 op=mul seconds=161.703 eta_seconds=517.623 bootstraps=76
node=1870/7814 op=gather seconds=163.891 eta_seconds=520.944 bootstraps=78
node=1880/7814 op=cheb seconds=164.069 eta_seconds=517.865 bootstraps=78
node=1890/7814 op=mulp seconds=164.121 eta_seconds=514.421 bootstraps=78
node=1900/7814 op=mulp seconds=166.756 eta_seconds=519.051 bootstraps=80
node=1910/7814 op=mul seconds=167.141 eta_seconds=516.65 bootstraps=80
node=1920/7814 op=mulp seconds=167.382 eta_seconds=513.829 bootstraps=80
node=1930/7814 op=mul seconds=167.753 eta_seconds=511.43 bootstraps=80
node=1940/7814 op=cheb seconds=168.242 eta_seconds=509.41 bootstraps=80
node=1950/7814 op=scatter seconds=170.518 eta_seconds=512.778 bootstraps=82
node=1960/7814 op=sum seconds=171.076 eta_seconds=510.958 bootstraps=82
node=1970/7814 op=sum seconds=171.591 eta_seconds=509.023 bootstraps=82
node=1980/7814 op=gather seconds=172.339 eta_seconds=507.792 bootstraps=82
node=1990/7814 op=repeat seconds=172.524 eta_seconds=504.916 bootstraps=82
node=2000/7814 op=addp seconds=172.567 eta_seconds=501.652 bootstraps=82
node=2010/7814 op=mul seconds=175.77 eta_seconds=507.547 bootstraps=84
node=2020/7814 op=mulp seconds=176.311 eta_seconds=505.716 bootstraps=84
node=2030/7814 op=gather seconds=176.638 eta_seconds=503.288 bootstraps=84
node=2040/7814 op=gather seconds=176.915 eta_seconds=500.738 bootstraps=84
node=2050/7814 op=scatter seconds=177.178 eta_seconds=498.173 bootstraps=84
node=2060/7814 op=sum seconds=179.522 eta_seconds=501.442 bootstraps=86
node=2070/7814 op=scatter seconds=180.203 eta_seconds=500.042 bootstraps=86
node=2080/7814 op=repeat seconds=180.603 eta_seconds=497.874 bootstraps=86
node=2090/7814 op=linear_ref seconds=181.117 eta_seconds=496.035 bootstraps=86
node=2100/7814 op=mulp seconds=182.732 eta_seconds=497.204 bootstraps=88
node=2110/7814 op=mul seconds=183.352 eta_seconds=495.658 bootstraps=88
node=2120/7814 op=repeat seconds=183.505 eta_seconds=492.868 bootstraps=88
node=2130/7814 op=repeat seconds=186.521 eta_seconds=497.74 bootstraps=90
node=2140/7814 op=cheb seconds=186.956 eta_seconds=495.695 bootstraps=90
node=2150/7814 op=gather seconds=187.354 eta_seconds=493.569 bootstraps=90
node=2160/7814 op=linear_ref seconds=188.538 eta_seconds=493.516 bootstraps=90
node=2170/7814 op=add seconds=190.208 eta_seconds=494.717 bootstraps=92
node=2180/7814 op=mul seconds=190.648 eta_seconds=492.712 bootstraps=92
node=2190/7814 op=add seconds=190.867 eta_seconds=490.152 bootstraps=92
node=2200/7814 op=mul seconds=191.528 eta_seconds=488.745 bootstraps=92
node=2210/7814 op=gather seconds=192.285 eta_seconds=487.586 bootstraps=92
node=2220/7814 op=sum seconds=192.351 eta_seconds=484.689 bootstraps=92
node=2230/7814 op=mul seconds=194.363 eta_seconds=486.693 bootstraps=94
node=2240/7814 op=repeat seconds=196.522 eta_seconds=489.025 bootstraps=94
node=2250/7814 op=mulp seconds=196.952 eta_seconds=487.042 bootstraps=94
node=2260/7814 op=gather seconds=197.4 eta_seconds=485.114 bootstraps=94
node=2270/7814 op=mul seconds=198.01 eta_seconds=483.597 bootstraps=94
node=2280/7814 op=addp seconds=200.543 eta_seconds=486.757 bootstraps=96
node=2290/7814 op=scatter seconds=200.944 eta_seconds=484.722 bootstraps=96
node=2300/7814 op=add seconds=201.074 eta_seconds=482.054 bootstraps=96
node=2310/7814 op=sum seconds=201.458 eta_seconds=480.012 bootstraps=96
node=2320/7814 op=add seconds=201.823 eta_seconds=477.937 bootstraps=96
node=2330/7814 op=mulp seconds=203.759 eta_seconds=479.576 bootstraps=98
node=2340/7814 op=cheb seconds=204.416 eta_seconds=478.194 bootstraps=98
node=2350/7814 op=mulp seconds=204.463 eta_seconds=475.399 bootstraps=98
node=2360/7814 op=cheb seconds=207.322 eta_seconds=479.126 bootstraps=100
node=2370/7814 op=mul seconds=207.799 eta_seconds=477.323 bootstraps=100
node=2380/7814 op=gather seconds=208.073 eta_seconds=475.071 bootstraps=100
node=2390/7814 op=cheb seconds=209.136 eta_seconds=474.624 bootstraps=100
node=2400/7814 op=mul seconds=211.19 eta_seconds=476.409 bootstraps=102
node=2410/7814 op=add seconds=211.622 eta_seconds=474.525 bootstraps=102
node=2420/7814 op=add seconds=211.793 eta_seconds=472.072 bootstraps=102
node=2430/7814 op=cheb seconds=212.194 eta_seconds=470.144 bootstraps=102
node=2440/7814 op=gather seconds=212.856 eta_seconds=468.808 bootstraps=102
node=2450/7814 op=sum seconds=212.94 eta_seconds=466.209 bootstraps=102
node=2460/7814 op=addp seconds=215.531 eta_seconds=469.087 bootstraps=104
node=2470/7814 op=cheb seconds=216.485 eta_seconds=468.378 bootstraps=104
node=2480/7814 op=cheb seconds=217.198 eta_seconds=467.15 bootstraps=104
node=2490/7814 op=repeat seconds=217.351 eta_seconds=464.73 bootstraps=104
node=2500/7814 op=mulp seconds=218.272 eta_seconds=463.959 bootstraps=104
node=2510/7814 op=scatter seconds=220.687 eta_seconds=466.344 bootstraps=106
node=2520/7814 op=add seconds=220.732 eta_seconds=463.712 bootstraps=106
node=2530/7814 op=mul seconds=221.202 eta_seconds=461.988 bootstraps=106
node=2540/7814 op=add seconds=221.422 eta_seconds=459.756 bootstraps=106
node=2550/7814 op=repeat seconds=221.772 eta_seconds=457.807 bootstraps=106
node=2560/7814 op=gather seconds=223.908 eta_seconds=459.535 bootstraps=108
node=2570/7814 op=mulp seconds=223.995 eta_seconds=457.055 bootstraps=108
node=2580/7814 op=scatter seconds=224.724 eta_seconds=455.894 bootstraps=108
node=2590/7814 op=gather seconds=225.29 eta_seconds=454.407 bootstraps=108
node=2600/7814 op=cheb seconds=227.857 eta_seconds=456.941 bootstraps=110
node=2610/7814 op=repeat seconds=228.01 eta_seconds=454.622 bootstraps=110
node=2620/7814 op=add seconds=228.271 eta_seconds=452.534 bootstraps=110
node=2630/7814 op=mul seconds=228.739 eta_seconds=450.868 bootstraps=110
node=2640/7814 op=mul seconds=229.639 eta_seconds=450.057 bootstraps=110
node=2650/7814 op=scatter seconds=231.73 eta_seconds=451.568 bootstraps=112
node=2660/7814 op=add seconds=232.11 eta_seconds=449.735 bootstraps=112
node=2670/7814 op=gather seconds=232.859 eta_seconds=448.624 bootstraps=112
node=2680/7814 op=addp seconds=232.946 eta_seconds=446.248 bootstraps=112
node=2690/7814 op=sum seconds=235.548 eta_seconds=448.68 bootstraps=114
node=2700/7814 op=cheb seconds=236.483 eta_seconds=447.916 bootstraps=114
node=2710/7814 op=cheb seconds=237.035 eta_seconds=446.43 bootstraps=114
node=2720/7814 op=repeat seconds=237.323 eta_seconds=444.458 bootstraps=114
node=2730/7814 op=mul seconds=237.603 eta_seconds=442.48 bootstraps=114
node=2740/7814 op=add seconds=238.068 eta_seconds=440.86 bootstraps=114
node=2750/7814 op=cheb seconds=238.395 eta_seconds=438.994 bootstraps=114
node=2760/7814 op=scatter seconds=240.837 eta_seconds=441.01 bootstraps=116
node=2770/7814 op=mul seconds=241.338 eta_seconds=439.463 bootstraps=116
node=2780/7814 op=sum seconds=241.644 eta_seconds=437.566 bootstraps=116
node=2790/7814 op=linear_ref seconds=243.95 eta_seconds=439.285 bootstraps=118
node=2800/7814 op=mulp seconds=244.103 eta_seconds=437.119 bootstraps=118
node=2810/7814 op=sum seconds=246.548 eta_seconds=439.049 bootstraps=120
client_token=315 logit_margin=1.89747
node=2820/7814 op=sum seconds=248.384 eta_seconds=439.868 bootstraps=122
node=2830/7814 op=gather seconds=250.295 eta_seconds=440.802 bootstraps=122
node=2840/7814 op=cheb seconds=251.76 eta_seconds=440.934 bootstraps=122
node=2850/7814 op=mul seconds=252.803 eta_seconds=440.32 bootstraps=122
node=2860/7814 op=mulp seconds=253.174 eta_seconds=438.54 bootstraps=122
node=2870/7814 op=gather seconds=253.679 eta_seconds=437 bootstraps=122
node=2880/7814 op=scatter seconds=254.04 eta_seconds=435.22 bootstraps=122
node=2890/7814 op=mulp seconds=254.74 eta_seconds=434.028 bootstraps=122
node=2900/7814 op=scatter seconds=255.266 eta_seconds=432.544 bootstraps=122
node=2910/7814 op=mulp seconds=255.301 eta_seconds=430.239 bootstraps=122
node=2920/7814 op=cheb seconds=255.654 eta_seconds=428.483 bootstraps=122
node=2930/7814 op=mul seconds=257.649 eta_seconds=429.473 bootstraps=124
node=2940/7814 op=mul seconds=258.413 eta_seconds=428.404 bootstraps=124
node=2950/7814 op=scatter seconds=261.132 eta_seconds=430.558 bootstraps=126
node=2960/7814 op=gather seconds=263.257 eta_seconds=431.706 bootstraps=128
node=2970/7814 op=mulp seconds=263.315 eta_seconds=429.461 bootstraps=128
node=2980/7814 op=cheb seconds=265.665 eta_seconds=430.948 bootstraps=130
node=2990/7814 op=cheb seconds=266.331 eta_seconds=429.692 bootstraps=130
node=3000/7814 op=repeat seconds=266.512 eta_seconds=427.663 bootstraps=130
node=3010/7814 op=add seconds=266.764 eta_seconds=425.759 bootstraps=130
node=3020/7814 op=mul seconds=267.212 eta_seconds=424.176 bootstraps=130
node=3030/7814 op=scatter seconds=269.447 eta_seconds=425.424 bootstraps=132
node=3040/7814 op=mul seconds=269.794 eta_seconds=423.684 bootstraps=132
node=3050/7814 op=sum seconds=270.218 eta_seconds=422.072 bootstraps=132
node=3060/7814 op=add seconds=270.6 eta_seconds=420.402 bootstraps=132
node=3070/7814 op=repeat seconds=272.485 eta_seconds=421.064 bootstraps=134
node=3080/7814 op=mul seconds=274.917 eta_seconds=422.55 bootstraps=136
node=3090/7814 op=gather seconds=277.04 eta_seconds=423.54 bootstraps=138
node=3100/7814 op=mul seconds=277.119 eta_seconds=421.4 bootstraps=138
node=3110/7814 op=mul seconds=279.627 eta_seconds=422.947 bootstraps=140
node=3120/7814 op=cheb seconds=280.305 eta_seconds=421.715 bootstraps=140
node=3130/7814 op=repeat seconds=280.496 eta_seconds=419.758 bootstraps=140
node=3140/7814 op=add seconds=280.758 eta_seconds=417.918 bootstraps=140
node=3150/7814 op=mul seconds=281.21 eta_seconds=416.369 bootstraps=140
node=3160/7814 op=scatter seconds=283.344 eta_seconds=417.304 bootstraps=142
node=3170/7814 op=mul seconds=283.847 eta_seconds=415.831 bootstraps=142
node=3180/7814 op=mul seconds=284.172 eta_seconds=414.105 bootstraps=142
node=3190/7814 op=mul seconds=284.642 eta_seconds=412.598 bootstraps=142
node=3200/7814 op=cheb seconds=286.446 eta_seconds=413.02 bootstraps=144
node=3210/7814 op=add seconds=288.907 eta_seconds=414.37 bootstraps=146
node=3220/7814 op=linear_ref seconds=290.885 eta_seconds=415.008 bootstraps=148
node=3230/7814 op=mul seconds=290.931 eta_seconds=412.888 bootstraps=148
node=3240/7814 op=cheb seconds=293.254 eta_seconds=413.995 bootstraps=150
node=3250/7814 op=cheb seconds=293.743 eta_seconds=412.506 bootstraps=150
node=3260/7814 op=repeat seconds=294.031 eta_seconds=410.742 bootstraps=150
node=3270/7814 op=mul seconds=294.312 eta_seconds=408.976 bootstraps=150
node=3280/7814 op=add seconds=294.779 eta_seconds=407.478 bootstraps=150
node=3290/7814 op=mul seconds=295.002 eta_seconds=405.65 bootstraps=150
node=3300/7814 op=scatter seconds=297.18 eta_seconds=406.506 bootstraps=152
node=3310/7814 op=add seconds=297.56 eta_seconds=404.897 bootstraps=152
node=3320/7814 op=repeat seconds=297.782 eta_seconds=403.082 bootstraps=152
node=3330/7814 op=addp seconds=299.826 eta_seconds=403.729 bootstraps=154
node=3340/7814 op=linear_ref seconds=303.699 eta_seconds=406.811 bootstraps=158
node=3350/7814 op=mulp seconds=305.187 eta_seconds=406.674 bootstraps=160
node=3360/7814 op=addp seconds=305.712 eta_seconds=405.25 bootstraps=160
node=3370/7814 op=cheb seconds=307.664 eta_seconds=405.715 bootstraps=162
node=3380/7814 op=cheb seconds=308.844 eta_seconds=405.152 bootstraps=162
node=3390/7814 op=repeat seconds=309.208 eta_seconds=403.521 bootstraps=162
node=3400/7814 op=gather seconds=309.788 eta_seconds=402.178 bootstraps=162
node=3410/7814 op=cheb seconds=310.221 eta_seconds=400.65 bootstraps=162
node=3420/7814 op=scatter seconds=312.554 eta_seconds=401.568 bootstraps=164
node=3430/7814 op=scatter seconds=312.775 eta_seconds=399.768 bootstraps=164
node=3440/7814 op=mul seconds=313.096 eta_seconds=398.105 bootstraps=164
node=3450/7814 op=mul seconds=313.399 eta_seconds=396.427 bootstraps=164
node=3460/7814 op=mulp seconds=315.241 eta_seconds=396.693 bootstraps=166
node=3470/7814 op=mul seconds=317.416 eta_seconds=397.365 bootstraps=168
node=3480/7814 op=mul seconds=319.362 eta_seconds=397.734 bootstraps=170
node=3490/7814 op=gather seconds=319.989 eta_seconds=396.456 bootstraps=170
node=3500/7814 op=addp seconds=320.056 eta_seconds=394.492 bootstraps=170
node=3510/7814 op=mulp seconds=322.779 eta_seconds=395.796 bootstraps=172
node=3520/7814 op=mul seconds=323.139 eta_seconds=394.192 bootstraps=172
node=3530/7814 op=mulp seconds=323.431 eta_seconds=392.515 bootstraps=172
node=3540/7814 op=mul seconds=323.883 eta_seconds=391.038 bootstraps=172
node=3550/7814 op=mul seconds=324.09 eta_seconds=389.273 bootstraps=172
node=3560/7814 op=scatter seconds=326.216 eta_seconds=389.81 bootstraps=174
node=3570/7814 op=repeat seconds=326.775 eta_seconds=388.469 bootstraps=174
node=3580/7814 op=sum seconds=327.044 eta_seconds=386.789 bootstraps=174
node=3590/7814 op=sum seconds=327.56 eta_seconds=385.408 bootstraps=174
node=3600/7814 op=cheb seconds=331.204 eta_seconds=387.692 bootstraps=178
node=3610/7814 op=repeat seconds=333.166 eta_seconds=387.986 bootstraps=180
node=3620/7814 op=gather seconds=333.787 eta_seconds=386.713 bootstraps=180
node=3630/7814 op=mulp seconds=333.862 eta_seconds=384.816 bootstraps=180
node=3640/7814 op=mul seconds=336.648 eta_seconds=386.036 bootstraps=182
node=3650/7814 op=repeat seconds=336.96 eta_seconds=384.411 bootstraps=182
node=3660/7814 op=scatter seconds=337.451 eta_seconds=382.997 bootstraps=182
node=3670/7814 op=mul seconds=339.693 eta_seconds=383.566 bootstraps=184
node=3680/7814 op=scatter seconds=340.138 eta_seconds=382.101 bootstraps=184
node=3690/7814 op=scatter seconds=340.312 eta_seconds=380.338 bootstraps=184
node=3700/7814 op=mul seconds=340.505 eta_seconds=378.605 bootstraps=184
node=3710/7814 op=mul seconds=340.729 eta_seconds=376.915 bootstraps=184
node=3720/7814 op=scatter seconds=342.863 eta_seconds=377.334 bootstraps=186
node=3730/7814 op=gather seconds=343.443 eta_seconds=376.037 bootstraps=186
node=3740/7814 op=cheb seconds=346.85 eta_seconds=377.825 bootstraps=190
node=3750/7814 op=gather seconds=347.549 eta_seconds=376.651 bootstraps=190
node=3760/7814 op=addp seconds=347.757 eta_seconds=374.948 bootstraps=190
node=3770/7814 op=mul seconds=350.213 eta_seconds=375.666 bootstraps=192
node=3780/7814 op=repeat seconds=350.596 eta_seconds=374.154 bootstraps=192
node=3790/7814 op=addp seconds=350.761 eta_seconds=372.418 bootstraps=192
node=3800/7814 op=gather seconds=351.069 eta_seconds=370.839 bootstraps=192
node=3810/7814 op=add seconds=351.344 eta_seconds=369.234 bootstraps=192
node=3820/7814 op=scatter seconds=353.632 eta_seconds=369.739 bootstraps=194
node=3830/7814 op=sum seconds=353.972 eta_seconds=368.205 bootstraps=194
node=3840/7814 op=add seconds=354.29 eta_seconds=366.654 bootstraps=194
node=3850/7814 op=mul seconds=354.804 eta_seconds=365.31 bootstraps=194
node=3860/7814 op=gather seconds=356.919 eta_seconds=365.611 bootstraps=196
node=3870/7814 op=addp seconds=358.798 eta_seconds=365.659 bootstraps=198
node=3880/7814 op=gather seconds=360.906 eta_seconds=365.929 bootstraps=200
node=3890/7814 op=sum seconds=361.096 eta_seconds=364.252 bootstraps=200
node=3900/7814 op=cheb seconds=363.459 eta_seconds=364.764 bootstraps=202
node=3910/7814 op=mul seconds=364.001 eta_seconds=363.443 bootstraps=202
node=3920/7814 op=gather seconds=364.239 eta_seconds=361.823 bootstraps=202
node=3930/7814 op=scatter seconds=364.504 eta_seconds=360.237 bootstraps=202
node=3940/7814 op=gather seconds=364.813 eta_seconds=358.701 bootstraps=202
node=3950/7814 op=add seconds=367.15 eta_seconds=359.157 bootstraps=204
node=3960/7814 op=mul seconds=367.384 eta_seconds=357.55 bootstraps=204
node=3970/7814 op=mul seconds=367.958 eta_seconds=356.28 bootstraps=204
node=3980/7814 op=add seconds=368.473 eta_seconds=354.956 bootstraps=204
node=3990/7814 op=linear_ref seconds=370.584 eta_seconds=355.167 bootstraps=206
node=4000/7814 op=mulp seconds=372.472 eta_seconds=355.152 bootstraps=208
node=4010/7814 op=gather seconds=374.582 eta_seconds=355.34 bootstraps=210
node=4020/7814 op=mul seconds=374.643 eta_seconds=353.581 bootstraps=210
node=4030/7814 op=repeat seconds=378.061 eta_seconds=354.983 bootstraps=212
node=4040/7814 op=mulp seconds=378.491 eta_seconds=353.57 bootstraps=212
node=4050/7814 op=gather seconds=378.944 eta_seconds=352.184 bootstraps=212
node=4060/7814 op=mul seconds=379.553 eta_seconds=350.947 bootstraps=212
node=4070/7814 op=scatter seconds=381.637 eta_seconds=351.068 bootstraps=214
node=4080/7814 op=mul seconds=381.931 eta_seconds=349.542 bootstraps=214
node=4090/7814 op=add seconds=382.146 eta_seconds=347.949 bootstraps=214
node=4100/7814 op=repeat seconds=382.664 eta_seconds=346.637 bootstraps=214
node=4110/7814 op=linear_ref seconds=383.194 eta_seconds=345.341 bootstraps=214
node=4120/7814 op=mulp seconds=384.739 eta_seconds=344.958 bootstraps=216
node=4130/7814 op=sum seconds=387.22 eta_seconds=345.404 bootstraps=218
node=4140/7814 op=gather seconds=389.346 eta_seconds=345.521 bootstraps=220
node=4150/7814 op=mulp seconds=389.432 eta_seconds=343.826 bootstraps=220
node=4160/7814 op=cheb seconds=391.83 eta_seconds=344.17 bootstraps=222
node=4170/7814 op=repeat seconds=392.455 eta_seconds=342.951 bootstraps=222
node=4180/7814 op=addp seconds=392.597 eta_seconds=341.315 bootstraps=222
node=4190/7814 op=addp seconds=393.53 eta_seconds=340.37 bootstraps=222
node=4200/7814 op=add seconds=395.308 eta_seconds=340.153 bootstraps=224
node=4210/7814 op=mul seconds=395.754 eta_seconds=338.788 bootstraps=224
node=4220/7814 op=mul seconds=395.974 eta_seconds=337.235 bootstraps=224
node=4230/7814 op=mul seconds=396.279 eta_seconds=335.76 bootstraps=224
node=4240/7814 op=mul seconds=396.441 eta_seconds=334.17 bootstraps=224
node=4250/7814 op=mul seconds=398.628 eta_seconds=334.285 bootstraps=226
node=4260/7814 op=scatter seconds=401 eta_seconds=334.543 bootstraps=228
node=4270/7814 op=gather seconds=403.127 eta_seconds=334.586 bootstraps=230
node=4280/7814 op=sum seconds=403.215 eta_seconds=332.935 bootstraps=230
node=4290/7814 op=cheb seconds=405.501 eta_seconds=333.097 bootstraps=232
node=4300/7814 op=cheb seconds=406.191 eta_seconds=331.943 bootstraps=232
node=4310/7814 op=repeat seconds=406.347 eta_seconds=330.357 bootstraps=232
node=4320/7814 op=add seconds=406.609 eta_seconds=328.864 bootstraps=232
node=4330/7814 op=mul seconds=407.075 eta_seconds=327.54 bootstraps=232
node=4340/7814 op=scatter seconds=409.261 eta_seconds=327.597 bootstraps=234
node=4350/7814 op=mul seconds=409.602 eta_seconds=326.175 bootstraps=234
node=4360/7814 op=sum seconds=409.912 eta_seconds=324.733 bootstraps=234
node=4370/7814 op=add seconds=410.075 eta_seconds=323.18 bootstraps=234
node=4380/7814 op=repeat seconds=412.236 eta_seconds=323.2 bootstraps=236
node=4390/7814 op=mul seconds=414.694 eta_seconds=323.442 bootstraps=238
client_token=279 logit_margin=2.90222
node=4400/7814 op=mul seconds=416.461 eta_seconds=323.136 bootstraps=240
node=4410/7814 op=gather seconds=418.427 eta_seconds=322.977 bootstraps=240
node=4420/7814 op=cheb seconds=419.871 eta_seconds=322.407 bootstraps=240
node=4430/7814 op=cheb seconds=420.845 eta_seconds=321.476 bootstraps=240
node=4440/7814 op=mul seconds=421.318 eta_seconds=320.163 bootstraps=240
node=4450/7814 op=repeat seconds=421.674 eta_seconds=318.767 bootstraps=240
node=4460/7814 op=add seconds=422.044 eta_seconds=317.384 bootstraps=240
node=4470/7814 op=mul seconds=422.94 eta_seconds=316.401 bootstraps=240
node=4480/7814 op=gather seconds=423.292 eta_seconds=315.012 bootstraps=240
node=4490/7814 op=mul seconds=423.494 eta_seconds=313.518 bootstraps=240
node=4500/7814 op=mul seconds=423.654 eta_seconds=311.998 bootstraps=240
node=4510/7814 op=repeat seconds=425.813 eta_seconds=311.948 bootstraps=242
node=4520/7814 op=linear_ref seconds=426.692 eta_seconds=310.957 bootstraps=242
node=4530/7814 op=mulp seconds=428.166 eta_seconds=310.397 bootstraps=244
node=4540/7814 op=sum seconds=429.583 eta_seconds=309.792 bootstraps=244
node=4550/7814 op=gather seconds=431.708 eta_seconds=309.691 bootstraps=246
node=4560/7814 op=addp seconds=431.763 eta_seconds=308.104 bootstraps=246
node=4570/7814 op=cheb seconds=434.214 eta_seconds=308.225 bootstraps=248
node=4580/7814 op=repeat seconds=434.787 eta_seconds=307.009 bootstraps=248
node=4590/7814 op=addp seconds=434.959 eta_seconds=305.514 bootstraps=248
node=4600/7814 op=gather seconds=435.312 eta_seconds=304.15 bootstraps=248
node=4610/7814 op=add seconds=435.644 eta_seconds=302.777 bootstraps=248
node=4620/7814 op=add seconds=437.864 eta_seconds=302.714 bootstraps=250
node=4630/7814 op=mul seconds=438.224 eta_seconds=301.362 bootstraps=250
node=4640/7814 op=sum seconds=438.637 eta_seconds=300.051 bootstraps=250
node=4650/7814 op=add seconds=439 eta_seconds=298.709 bootstraps=250
node=4660/7814 op=mul seconds=440.903 eta_seconds=298.413 bootstraps=252
node=4670/7814 op=gather seconds=441.566 eta_seconds=297.277 bootstraps=252
node=4680/7814 op=addp seconds=443.539 eta_seconds=297.019 bootstraps=254
node=4690/7814 op=gather seconds=445.651 eta_seconds=296.847 bootstraps=256
node=4700/7814 op=mul seconds=445.73 eta_seconds=295.32 bootstraps=256
node=4710/7814 op=repeat seconds=448.758 eta_seconds=295.742 bootstraps=258
node=4720/7814 op=cheb seconds=449.108 eta_seconds=294.394 bootstraps=258
node=4730/7814 op=mul seconds=449.424 eta_seconds=293.029 bootstraps=258
node=4740/7814 op=gather seconds=449.881 eta_seconds=291.758 bootstraps=258
node=4750/7814 op=mulp seconds=450.085 eta_seconds=290.328 bootstraps=258
node=4760/7814 op=add seconds=452.321 eta_seconds=290.208 bootstraps=260
node=4770/7814 op=add seconds=452.553 eta_seconds=288.799 bootstraps=260
node=4780/7814 op=repeat seconds=453.082 eta_seconds=287.584 bootstraps=260
node=4790/7814 op=sum seconds=453.415 eta_seconds=286.248 bootstraps=260
node=4800/7814 op=sum seconds=455.245 eta_seconds=285.856 bootstraps=262
node=4810/7814 op=cheb seconds=457.324 eta_seconds=285.613 bootstraps=264
node=4820/7814 op=repeat seconds=459.263 eta_seconds=285.277 bootstraps=266
node=4830/7814 op=gather seconds=459.777 eta_seconds=284.053 bootstraps=266
node=4840/7814 op=addp seconds=459.819 eta_seconds=282.542 bootstraps=266
node=4850/7814 op=mul seconds=462.541 eta_seconds=282.674 bootstraps=268
node=4860/7814 op=repeat seconds=462.862 eta_seconds=281.336 bootstraps=268
node=4870/7814 op=mul seconds=463.165 eta_seconds=279.991 bootstraps=268
node=4880/7814 op=mul seconds=463.633 eta_seconds=278.75 bootstraps=268
node=4890/7814 op=addp seconds=463.85 eta_seconds=277.361 bootstraps=268
node=4900/7814 op=scatter seconds=465.882 eta_seconds=277.057 bootstraps=270
node=4910/7814 op=sum seconds=466.362 eta_seconds=275.828 bootstraps=270
node=4920/7814 op=add seconds=466.589 eta_seconds=274.453 bootstraps=270
node=4930/7814 op=repeat seconds=466.807 eta_seconds=273.077 bootstraps=270
node=4940/7814 op=addp seconds=468.855 eta_seconds=272.771 bootstraps=272
node=4950/7814 op=linear_ref seconds=472.721 eta_seconds=273.51 bootstraps=276
node=4960/7814 op=mulp seconds=474.217 eta_seconds=272.866 bootstraps=278
node=4970/7814 op=addp seconds=474.744 eta_seconds=271.664 bootstraps=278
node=4980/7814 op=cheb seconds=476.698 eta_seconds=271.278 bootstraps=280
node=4990/7814 op=cheb seconds=477.849 eta_seconds=270.43 bootstraps=280
node=5000/7814 op=repeat seconds=478.214 eta_seconds=269.139 bootstraps=280
node=5010/7814 op=gather seconds=478.79 eta_seconds=267.969 bootstraps=280
node=5020/7814 op=cheb seconds=479.22 eta_seconds=266.721 bootstraps=280
node=5030/7814 op=scatter seconds=481.595 eta_seconds=266.553 bootstraps=282
node=5040/7814 op=scatter seconds=481.814 eta_seconds=265.189 bootstraps=282
node=5050/7814 op=repeat seconds=482.134 eta_seconds=263.885 bootstraps=282
node=5060/7814 op=sum seconds=482.432 eta_seconds=262.573 bootstraps=282
node=5070/7814 op=add seconds=482.78 eta_seconds=261.292 bootstraps=282
node=5080/7814 op=repeat seconds=484.594 eta_seconds=260.803 bootstraps=284
node=5090/7814 op=mul seconds=487.039 eta_seconds=260.647 bootstraps=286
node=5100/7814 op=gather seconds=489.181 eta_seconds=260.321 bootstraps=288
node=5110/7814 op=mul seconds=489.263 eta_seconds=258.897 bootstraps=288
node=5120/7814 op=mul seconds=491.548 eta_seconds=258.639 bootstraps=290
node=5130/7814 op=cheb seconds=492.161 eta_seconds=257.497 bootstraps=290
node=5140/7814 op=addp seconds=492.446 eta_seconds=256.187 bootstraps=290
node=5150/7814 op=mul seconds=492.722 eta_seconds=254.876 bootstraps=290
node=5160/7814 op=mul seconds=493.178 eta_seconds=253.661 bootstraps=290
node=5170/7814 op=mul seconds=493.39 eta_seconds=252.326 bootstraps=290
node=5180/7814 op=scatter seconds=495.644 eta_seconds=252.032 bootstraps=292
node=5190/7814 op=add seconds=496.123 eta_seconds=250.834 bootstraps=292
node=5200/7814 op=repeat seconds=496.454 eta_seconds=249.564 bootstraps=292
node=5210/7814 op=linear_ref seconds=497.054 eta_seconds=248.432 bootstraps=292
node=5220/7814 op=mulp seconds=498.594 eta_seconds=247.769 bootstraps=294
node=5230/7814 op=sum seconds=501.148 eta_seconds=247.603 bootstraps=296
node=5240/7814 op=gather seconds=503.261 eta_seconds=247.212 bootstraps=298
node=5250/7814 op=mulp seconds=503.345 eta_seconds=245.824 bootstraps=298
node=5260/7814 op=cheb seconds=505.74 eta_seconds=245.563 bootstraps=300
node=5270/7814 op=repeat seconds=506.387 eta_seconds=244.449 bootstraps=300
node=5280/7814 op=addp seconds=506.532 eta_seconds=243.097 bootstraps=300
node=5290/7814 op=addp seconds=507.462 eta_seconds=242.124 bootstraps=300
node=5300/7814 op=add seconds=509.25 eta_seconds=241.558 bootstraps=302
node=5310/7814 op=mul seconds=509.709 eta_seconds=240.36 bootstraps=302
node=5320/7814 op=mul seconds=509.931 eta_seconds=239.054 bootstraps=302
node=5330/7814 op=sum seconds=510.236 eta_seconds=237.791 bootstraps=302
node=5340/7814 op=add seconds=510.4 eta_seconds=236.466 bootstraps=302
node=5350/7814 op=mul seconds=512.601 eta_seconds=236.084 bootstraps=304
node=5360/7814 op=gather seconds=513.181 eta_seconds=234.953 bootstraps=304
node=5370/7814 op=addp seconds=515.161 eta_seconds=234.46 bootstraps=306
node=5380/7814 op=gather seconds=517.288 eta_seconds=234.03 bootstraps=308
node=5390/7814 op=mulp seconds=517.501 eta_seconds=232.731 bootstraps=308
node=5400/7814 op=cheb seconds=519.928 eta_seconds=232.427 bootstraps=310
node=5410/7814 op=cheb seconds=520.295 eta_seconds=231.2 bootstraps=310
node=5420/7814 op=repeat seconds=520.484 eta_seconds=229.896 bootstraps=310
node=5430/7814 op=add seconds=520.7 eta_seconds=228.609 bootstraps=310
node=5440/7814 op=mul seconds=521.075 eta_seconds=227.396 bootstraps=310
node=5450/7814 op=add seconds=523.302 eta_seconds=226.988 bootstraps=312
node=5460/7814 op=add seconds=523.542 eta_seconds=225.718 bootstraps=312
node=5470/7814 op=repeat seconds=524.048 eta_seconds=224.565 bootstraps=312
node=5480/7814 op=sum seconds=524.313 eta_seconds=223.311 bootstraps=312
node=5490/7814 op=sum seconds=524.747 eta_seconds=222.133 bootstraps=312
node=5500/7814 op=cheb seconds=528.345 eta_seconds=222.289 bootstraps=316
node=5510/7814 op=repeat seconds=530.219 eta_seconds=221.71 bootstraps=318
node=5520/7814 op=gather seconds=530.883 eta_seconds=220.624 bootstraps=318
node=5530/7814 op=addp seconds=531.063 eta_seconds=219.34 bootstraps=318
node=5540/7814 op=repeat seconds=533.725 eta_seconds=219.078 bootstraps=320
node=5550/7814 op=cheb seconds=534.106 eta_seconds=217.877 bootstraps=320
node=5560/7814 op=mul seconds=534.371 eta_seconds=216.632 bootstraps=320
node=5570/7814 op=gather seconds=534.752 eta_seconds=215.437 bootstraps=320
node=5580/7814 op=mul seconds=534.925 eta_seconds=214.162 bootstraps=320
node=5590/7814 op=scatter seconds=537.379 eta_seconds=213.798 bootstraps=322
node=5600/7814 op=sum seconds=537.64 eta_seconds=212.56 bootstraps=322
node=5610/7814 op=add seconds=538.023 eta_seconds=211.373 bootstraps=322
node=5620/7814 op=repeat seconds=538.436 eta_seconds=210.201 bootstraps=322
node=5630/7814 op=addp seconds=540.153 eta_seconds=209.537 bootstraps=324
node=5640/7814 op=linear_ref seconds=542.801 eta_seconds=209.229 bootstraps=326
node=5650/7814 op=mulp seconds=544.342 eta_seconds=208.488 bootstraps=328
node=5660/7814 op=addp seconds=544.973 eta_seconds=207.398 bootstraps=328
node=5670/7814 op=cheb seconds=546.962 eta_seconds=206.823 bootstraps=330
node=5680/7814 op=cheb seconds=548.602 eta_seconds=206.112 bootstraps=330
node=5690/7814 op=repeat seconds=549.017 eta_seconds=204.941 bootstraps=330
node=5700/7814 op=gather seconds=549.81 eta_seconds=203.912 bootstraps=330
node=5710/7814 op=mulp seconds=551.825 eta_seconds=203.334 bootstraps=332
node=5720/7814 op=mul seconds=552.293 eta_seconds=202.186 bootstraps=332
node=5730/7814 op=scatter seconds=552.517 eta_seconds=200.95 bootstraps=332
node=5740/7814 op=repeat seconds=552.819 eta_seconds=199.747 bootstraps=332
node=5750/7814 op=sum seconds=553.128 eta_seconds=198.549 bootstraps=332
node=5760/7814 op=add seconds=553.497 eta_seconds=197.376 bootstraps=332
node=5770/7814 op=repeat seconds=555.324 eta_seconds=196.721 bootstraps=334
node=5780/7814 op=mul seconds=557.77 eta_seconds=196.281 bootstraps=336
node=5790/7814 op=gather seconds=559.893 eta_seconds=195.721 bootstraps=338
node=5800/7814 op=mul seconds=559.975 eta_seconds=194.446 bootstraps=338
node=5810/7814 op=mul seconds=562.256 eta_seconds=193.935 bootstraps=340
node=5820/7814 op=cheb seconds=562.914 eta_seconds=192.861 bootstraps=340
node=5830/7814 op=addp seconds=563.166 eta_seconds=191.65 bootstraps=340
node=5840/7814 op=scatter seconds=564.108 eta_seconds=190.676 bootstraps=340
node=5850/7814 op=mul seconds=565.879 eta_seconds=189.981 bootstraps=342
node=5860/7814 op=mulp seconds=566.353 eta_seconds=188.849 bootstraps=342
node=5870/7814 op=mul seconds=566.574 eta_seconds=187.635 bootstraps=342
node=5880/7814 op=add seconds=566.824 eta_seconds=186.435 bootstraps=342
node=5890/7814 op=repeat seconds=567.043 eta_seconds=185.228 bootstraps=342
node=5900/7814 op=linear_ref seconds=569.24 eta_seconds=184.665 bootstraps=344
node=5910/7814 op=mulp seconds=569.393 eta_seconds=183.439 bootstraps=344
node=5920/7814 op=sum seconds=571.785 eta_seconds=182.933 bootstraps=346
node=5930/7814 op=gather seconds=573.901 eta_seconds=182.332 bootstraps=348
node=5940/7814 op=mulp seconds=573.987 eta_seconds=181.086 bootstraps=348
node=5950/7814 op=cheb seconds=576.381 eta_seconds=180.567 bootstraps=350
node=5960/7814 op=repeat seconds=576.991 eta_seconds=179.487 bootstraps=350
node=5970/7814 op=addp seconds=577.134 eta_seconds=178.264 bootstraps=350
node=5980/7814 op=gather seconds=577.512 eta_seconds=177.117 bootstraps=350
node=5990/7814 op=add seconds=577.867 eta_seconds=175.965 bootstraps=350
node=6000/7814 op=add seconds=580.065 eta_seconds=175.373 bootstraps=352
node=6010/7814 op=mul seconds=580.408 eta_seconds=174.219 bootstraps=352
node=6020/7814 op=sum seconds=580.727 eta_seconds=173.06 bootstraps=352
node=6030/7814 op=add seconds=580.889 eta_seconds=171.858 bootstraps=352
node=6040/7814 op=mul seconds=583.076 eta_seconds=171.254 bootstraps=354
node=6050/7814 op=gather seconds=583.648 eta_seconds=170.174 bootstraps=354
node=6060/7814 op=addp seconds=585.689 eta_seconds=169.521 bootstraps=356
client_token=1614 logit_margin=0.201328
node=6070/7814 op=addp seconds=587.579 eta_seconds=168.82 bootstraps=358
node=6080/7814 op=gather seconds=589.52 eta_seconds=168.13 bootstraps=358
node=6090/7814 op=cheb seconds=591.359 eta_seconds=167.406 bootstraps=358
node=6100/7814 op=mulp seconds=592.046 eta_seconds=166.355 bootstraps=358
node=6110/7814 op=cheb seconds=592.592 eta_seconds=165.266 bootstraps=358
node=6120/7814 op=mul seconds=593.04 eta_seconds=164.152 bootstraps=358
node=6130/7814 op=gather seconds=593.409 eta_seconds=163.018 bootstraps=358
node=6140/7814 op=mul seconds=593.953 eta_seconds=161.934 bootstraps=358
node=6150/7814 op=mulp seconds=594.481 eta_seconds=160.848 bootstraps=358
node=6160/7814 op=mulp seconds=594.52 eta_seconds=159.632 bootstraps=358
node=6170/7814 op=mul seconds=594.719 eta_seconds=158.463 bootstraps=358
node=6180/7814 op=repeat seconds=596.791 eta_seconds=157.792 bootstraps=360
node=6190/7814 op=mul seconds=597.177 eta_seconds=156.675 bootstraps=360
node=6200/7814 op=cheb seconds=597.927 eta_seconds=155.654 bootstraps=360
node=6210/7814 op=add seconds=600.68 eta_seconds=155.151 bootstraps=362
node=6220/7814 op=linear_ref seconds=602.81 eta_seconds=154.482 bootstraps=364
node=6230/7814 op=mul seconds=602.863 eta_seconds=153.28 bootstraps=364
node=6240/7814 op=cheb seconds=605.196 eta_seconds=152.657 bootstraps=366
node=6250/7814 op=cheb seconds=605.689 eta_seconds=151.568 bootstraps=366
node=6260/7814 op=repeat seconds=606.057 eta_seconds=150.449 bootstraps=366
node=6270/7814 op=mul seconds=606.321 eta_seconds=149.308 bootstraps=366
node=6280/7814 op=add seconds=606.763 eta_seconds=148.212 bootstraps=366
node=6290/7814 op=cheb seconds=607.079 eta_seconds=147.089 bootstraps=366
node=6300/7814 op=add seconds=609.337 eta_seconds=146.434 bootstraps=368
node=6310/7814 op=repeat seconds=609.691 eta_seconds=145.321 bootstraps=368
node=6320/7814 op=sum seconds=610.009 eta_seconds=144.201 bootstraps=368
node=6330/7814 op=add seconds=610.37 eta_seconds=143.095 bootstraps=368
node=6340/7814 op=mul seconds=612.219 eta_seconds=142.336 bootstraps=370
node=6350/7814 op=gather seconds=612.885 eta_seconds=141.301 bootstraps=370
node=6360/7814 op=addp seconds=614.857 eta_seconds=140.566 bootstraps=372
node=6370/7814 op=gather seconds=616.977 eta_seconds=139.861 bootstraps=374
node=6380/7814 op=mul seconds=617.054 eta_seconds=138.692 bootstraps=374
node=6390/7814 op=repeat seconds=620.026 eta_seconds=138.172 bootstraps=376
node=6400/7814 op=cheb seconds=620.366 eta_seconds=137.062 bootstraps=376
node=6410/7814 op=mul seconds=620.68 eta_seconds=135.949 bootstraps=376
node=6420/7814 op=gather seconds=621.134 eta_seconds=134.869 bootstraps=376
node=6430/7814 op=mulp seconds=621.338 eta_seconds=133.737 bootstraps=376
node=6440/7814 op=add seconds=623.564 eta_seconds=133.04 bootstraps=378
node=6450/7814 op=mul seconds=623.799 eta_seconds=131.917 bootstraps=378
node=6460/7814 op=mul seconds=624.24 eta_seconds=130.839 bootstraps=378
node=6470/7814 op=mul seconds=624.587 eta_seconds=129.744 bootstraps=378
node=6480/7814 op=mul seconds=625.06 eta_seconds=128.677 bootstraps=378
node=6490/7814 op=cheb seconds=626.803 eta_seconds=127.872 bootstraps=380
node=6500/7814 op=add seconds=629.25 eta_seconds=127.205 bootstraps=382
node=6510/7814 op=linear_ref seconds=631.233 eta_seconds=126.441 bootstraps=384
node=6520/7814 op=mul seconds=631.279 eta_seconds=125.287 bootstraps=384
node=6530/7814 op=cheb seconds=633.607 eta_seconds=124.587 bootstraps=386
node=6540/7814 op=cheb seconds=634.099 eta_seconds=123.523 bootstraps=386
node=6550/7814 op=repeat seconds=634.39 eta_seconds=122.423 bootstraps=386
node=6560/7814 op=mul seconds=634.67 eta_seconds=121.323 bootstraps=386
node=6570/7814 op=add seconds=635.141 eta_seconds=120.261 bootstraps=386
node=6580/7814 op=mul seconds=635.366 eta_seconds=119.155 bootstraps=386
node=6590/7814 op=scatter seconds=637.538 eta_seconds=118.414 bootstraps=388
node=6600/7814 op=repeat seconds=637.995 eta_seconds=117.352 bootstraps=388
node=6610/7814 op=sum seconds=638.171 eta_seconds=116.242 bootstraps=388
node=6620/7814 op=add seconds=638.331 eta_seconds=115.131 bootstraps=388
node=6630/7814 op=mul seconds=640.471 eta_seconds=114.377 bootstraps=390
node=6640/7814 op=gather seconds=642.455 eta_seconds=113.591 bootstraps=392
node=6650/7814 op=addp seconds=644.391 eta_seconds=112.793 bootstraps=394
node=6660/7814 op=gather seconds=646.365 eta_seconds=111.998 bootstraps=396
node=6670/7814 op=sum seconds=646.417 eta_seconds=110.87 bootstraps=396
node=6680/7814 op=repeat seconds=649.45 eta_seconds=110.251 bootstraps=398
node=6690/7814 op=cheb seconds=649.828 eta_seconds=109.179 bootstraps=398
node=6700/7814 op=mul seconds=650.127 eta_seconds=108.096 bootstraps=398
node=6710/7814 op=mulp seconds=650.77 eta_seconds=107.072 bootstraps=398
node=6720/7814 op=add seconds=652.789 eta_seconds=106.273 bootstraps=400
node=6730/7814 op=add seconds=653.227 eta_seconds=105.215 bootstraps=400
node=6740/7814 op=mul seconds=653.448 eta_seconds=104.125 bootstraps=400
node=6750/7814 op=mul seconds=653.842 eta_seconds=103.065 bootstraps=400
node=6760/7814 op=mul seconds=654.193 eta_seconds=102 bootstraps=400
node=6770/7814 op=mul seconds=654.624 eta_seconds=100.949 bootstraps=400
node=6780/7814 op=cheb seconds=656.363 eta_seconds=100.1 bootstraps=402
node=6790/7814 op=add seconds=658.831 eta_seconds=99.3583 bootstraps=404
node=6800/7814 op=linear_ref seconds=660.957 eta_seconds=98.5603 bootstraps=406
node=6810/7814 op=cheb seconds=661.039 eta_seconds=97.4571 bootstraps=406
node=6820/7814 op=cheb seconds=663.31 eta_seconds=96.6759 bootstraps=408
node=6830/7814 op=cheb seconds=663.861 eta_seconds=95.6426 bootstraps=408
node=6840/7814 op=repeat seconds=664.181 eta_seconds=94.5778 bootstraps=408
node=6850/7814 op=mul seconds=664.46 eta_seconds=93.5094 bootstraps=408
node=6860/7814 op=add seconds=664.914 eta_seconds=92.4677 bootstraps=408
node=6870/7814 op=mul seconds=665.128 eta_seconds=91.3946 bootstraps=408
node=6880/7814 op=scatter seconds=667.342 eta_seconds=90.5955 bootstraps=410
node=6890/7814 op=repeat seconds=667.899 eta_seconds=89.5702 bootstraps=410
node=6900/7814 op=sum seconds=668.167 eta_seconds=88.5079 bootstraps=410
node=6910/7814 op=add seconds=668.403 eta_seconds=87.4438 bootstraps=410
node=6920/7814 op=mul seconds=668.993 eta_seconds=86.4277 bootstraps=410
node=6930/7814 op=gather seconds=671.109 eta_seconds=85.6076 bootstraps=412
node=6940/7814 op=addp seconds=673.087 eta_seconds=84.7663 bootstraps=414
node=6950/7814 op=gather seconds=675.213 eta_seconds=83.9401 bootstraps=416
node=6960/7814 op=mul seconds=675.294 eta_seconds=82.8593 bootstraps=416
node=6970/7814 op=repeat seconds=677.853 eta_seconds=82.0815 bootstraps=418
node=6980/7814 op=mulp seconds=678.32 eta_seconds=81.0486 bootstraps=418
node=6990/7814 op=gather seconds=678.708 eta_seconds=80.008 bootstraps=418
node=7000/7814 op=mul seconds=679.392 eta_seconds=79.0036 bootstraps=418
node=7010/7814 op=scatter seconds=681.475 eta_seconds=78.1607 bootstraps=420
node=7020/7814 op=add seconds=681.608 eta_seconds=77.0936 bootstraps=420
node=7030/7814 op=mul seconds=681.831 eta_seconds=76.0392 bootstraps=420
node=7040/7814 op=mul seconds=682.138 eta_seconds=74.9964 bootstraps=420
node=7050/7814 op=mul seconds=682.302 eta_seconds=73.9402 bootstraps=420
node=7060/7814 op=mul seconds=682.52 eta_seconds=72.8923 bootstraps=420
node=7070/7814 op=cheb seconds=684.65 eta_seconds=72.048 bootstraps=422
node=7080/7814 op=add seconds=687.082 eta_seconds=71.2314 bootstraps=424
node=7090/7814 op=linear_ref seconds=689.225 eta_seconds=70.3807 bootstraps=426
node=7100/7814 op=cheb seconds=689.315 eta_seconds=69.3198 bootstraps=426
node=7110/7814 op=addp seconds=689.488 eta_seconds=68.27 bootstraps=426
node=7120/7814 op=mul seconds=692.101 eta_seconds=67.4604 bootstraps=428
node=7130/7814 op=repeat seconds=692.419 eta_seconds=66.4256 bootstraps=428
node=7140/7814 op=mul seconds=692.664 eta_seconds=65.386 bootstraps=428
node=7150/7814 op=mul seconds=693.039 eta_seconds=64.3606 bootstraps=428
node=7160/7814 op=mul seconds=693.216 eta_seconds=63.3189 bootstraps=428
node=7170/7814 op=add seconds=695.469 eta_seconds=62.4661 bootstraps=430
node=7180/7814 op=repeat seconds=695.832 eta_seconds=61.4425 bootstraps=430
node=7190/7814 op=sum seconds=696.098 eta_seconds=60.4124 bootstraps=430
node=7200/7814 op=add seconds=696.335 eta_seconds=59.3819 bootstraps=430
node=7210/7814 op=mul seconds=696.855 eta_seconds=58.3773 bootstraps=430
node=7220/7814 op=gather seconds=698.986 eta_seconds=57.5066 bootstraps=432
node=7230/7814 op=addp seconds=700.864 eta_seconds=56.612 bootstraps=434
node=7240/7814 op=gather seconds=702.987 eta_seconds=55.7341 bootstraps=436
node=7250/7814 op=sum seconds=703.178 eta_seconds=54.7024 bootstraps=436
node=7260/7814 op=cheb seconds=705.559 eta_seconds=53.8402 bootstraps=438
node=7270/7814 op=mul seconds=706.098 eta_seconds=52.836 bootstraps=438
node=7280/7814 op=gather seconds=706.337 eta_seconds=51.811 bootstraps=438
node=7290/7814 op=scatter seconds=706.604 eta_seconds=50.7902 bootstraps=438
node=7300/7814 op=gather seconds=706.916 eta_seconds=49.7746 bootstraps=438
node=7310/7814 op=add seconds=709.25 eta_seconds=48.9004 bootstraps=440
node=7320/7814 op=mul seconds=709.486 eta_seconds=47.8806 bootstraps=440
node=7330/7814 op=mul seconds=709.901 eta_seconds=46.8748 bootstraps=440
node=7340/7814 op=mul seconds=710.277 eta_seconds=45.868 bootstraps=440
node=7350/7814 op=mul seconds=710.691 eta_seconds=44.8654 bootstraps=440
node=7360/7814 op=cheb seconds=712.475 eta_seconds=43.9489 bootstraps=442
node=7370/7814 op=add seconds=715.008 eta_seconds=43.0751 bootstraps=444
node=7380/7814 op=linear_ref seconds=717.126 eta_seconds=42.1725 bootstraps=446
node=7390/7814 op=mul seconds=717.183 eta_seconds=41.1482 bootstraps=446
node=7400/7814 op=cheb seconds=720.304 eta_seconds=40.2981 bootstraps=448
node=7410/7814 op=cheb seconds=720.84 eta_seconds=39.3008 bootstraps=448
node=7420/7814 op=addp seconds=721.217 eta_seconds=38.2964 bootstraps=448
node=7430/7814 op=scatter seconds=722.078 eta_seconds=37.3187 bootstraps=448
node=7440/7814 op=add seconds=724.013 eta_seconds=36.3953 bootstraps=450
node=7450/7814 op=mul seconds=724.46 eta_seconds=35.3965 bootstraps=450
node=7460/7814 op=add seconds=724.677 eta_seconds=34.3882 bootstraps=450
node=7470/7814 op=repeat seconds=725.004 eta_seconds=33.387 bootstraps=450
node=7480/7814 op=sum seconds=725.297 eta_seconds=32.3862 bootstraps=450
node=7490/7814 op=add seconds=725.648 eta_seconds=31.3898 bootstraps=450
node=7500/7814 op=mul seconds=727.486 eta_seconds=30.4574 bootstraps=452
node=7510/7814 op=gather seconds=728.141 eta_seconds=29.4747 bootstraps=452
node=7520/7814 op=addp seconds=730.119 eta_seconds=28.5446 bootstraps=454
node=7530/7814 op=gather seconds=732.246 eta_seconds=27.6173 bootstraps=456
node=7540/7814 op=mul seconds=732.323 eta_seconds=26.6123 bootstraps=456
node=7550/7814 op=repeat seconds=734.895 eta_seconds=25.697 bootstraps=458
node=7560/7814 op=mulp seconds=735.357 eta_seconds=24.7064 bootstraps=458
node=7570/7814 op=gather seconds=735.743 eta_seconds=23.7148 bootstraps=458
node=7580/7814 op=mul seconds=736.428 eta_seconds=22.734 bootstraps=458
node=7590/7814 op=scatter seconds=738.51 eta_seconds=21.7953 bootstraps=460
node=7600/7814 op=add seconds=738.643 eta_seconds=20.7986 bootstraps=460
node=7610/7814 op=mul seconds=738.869 eta_seconds=19.8067 bootstraps=460
node=7620/7814 op=mul seconds=739.173 eta_seconds=18.8189 bootstraps=460
node=7630/7814 op=mul seconds=739.335 eta_seconds=17.8293 bootstraps=460
node=7640/7814 op=mul seconds=739.55 eta_seconds=16.8432 bootstraps=460
node=7650/7814 op=cheb seconds=741.695 eta_seconds=15.9004 bootstraps=462
node=7660/7814 op=add seconds=744.092 eta_seconds=14.9596 bootstraps=464
node=7670/7814 op=linear_ref seconds=746.218 eta_seconds=14.0098 bootstraps=466
node=7680/7814 op=cheb seconds=746.301 eta_seconds=13.0214 bootstraps=466
node=7690/7814 op=cheb seconds=748.572 eta_seconds=12.0706 bootstraps=468
node=7700/7814 op=cheb seconds=749.129 eta_seconds=11.091 bootstraps=468
node=7710/7814 op=repeat seconds=749.454 eta_seconds=10.1094 bootstraps=468
node=7720/7814 op=mul seconds=749.738 eta_seconds=9.12893 bootstraps=468
node=7730/7814 op=add seconds=750.21 eta_seconds=8.15235 bootstraps=468
node=7740/7814 op=cheb seconds=750.541 eta_seconds=7.17571 bootstraps=468
node=7750/7814 op=add seconds=752.767 eta_seconds=6.2164 bootstraps=470
node=7760/7814 op=repeat seconds=753.025 eta_seconds=5.24013 bootstraps=470
node=7770/7814 op=sum seconds=753.2 eta_seconds=4.26522 bootstraps=470
node=7780/7814 op=add seconds=753.36 eta_seconds=3.29232 bootstraps=470
node=7790/7814 op=mul seconds=755.502 eta_seconds=2.3276 bootstraps=472
node=7800/7814 op=gather seconds=756.071 eta_seconds=1.35705 bootstraps=472
node=7810/7814 op=addp seconds=758.109 eta_seconds=0.388276 bootstraps=474
node=7814/7814 op=mulp seconds=759.627 eta_seconds=0 bootstraps=476
client_token=315 logit_margin=0.674883
passed=1 polynomial_error=8.66091e-05 exact_error=0.000114581 eval_seconds=759.704
