GPU 0: NVIDIA GB10
 SMs: 48, SharedMem: 100 KB, Blocks/SM: 24, Threads/SM: 1536, L2 size: 24 MB, Bus: 256-bit
Adding bootstrap precomputation to GPU for 32768 slots.
Plaintexts loaded: 248 ~ 6262MB
Rotation keys loaded: 85 ~ 15300MB
setup_seconds=26.3674
planned_logical_refreshes=4
node=1/127 op=public seconds=0.203695 eta_seconds=25.6655 bootstraps=0
node=11/127 op=mulp seconds=1.02967 eta_seconds=10.8584 bootstraps=0
node=21/127 op=addp seconds=3.89877 eta_seconds=19.6795 bootstraps=0
node=31/127 op=mulp seconds=5.19272 eta_seconds=16.0807 bootstraps=0
node=41/127 op=mul seconds=5.88825 eta_seconds=12.351 bootstraps=0
node=51/127 op=repeat seconds=6.51203 eta_seconds=9.7042 bootstraps=0
node=61/127 op=mul seconds=7.31662 eta_seconds=7.91634 bootstraps=0
node=71/127 op=gather seconds=8.81142 eta_seconds=6.94985 bootstraps=0
node=81/127 op=scatter seconds=9.57738 eta_seconds=5.43901 bootstraps=0
node=91/127 op=mul seconds=10.2475 eta_seconds=4.05397 bootstraps=0
node=101/127 op=linear seconds=13.4194 eta_seconds=3.45451 bootstraps=2
node=111/127 op=mulp seconds=14.9274 eta_seconds=2.15169 bootstraps=4
node=121/127 op=sum seconds=18.1078 eta_seconds=0.897908 bootstraps=6
node=127/127 op=mulp seconds=19.7049 eta_seconds=0 bootstraps=8
passed=1 polynomial_error=1.74874e-05 exact_error=1.72425e-05 eval_seconds=19.7053
