GPU 0: NVIDIA GB10
 SMs: 48, SharedMem: 100 KB, Blocks/SM: 24, Threads/SM: 1536, L2 size: 24 MB, Bus: 256-bit
Adding bootstrap precomputation to GPU for 32768 slots.
Plaintexts loaded: 248 ~ 6262MB
Rotation keys loaded: 85 ~ 15300MB
setup_seconds=26.2078
planned_logical_refreshes=4
node=1/127 op=public seconds=0.182854 eta_seconds=23.0396 bootstraps=0
node=11/127 op=mulp seconds=0.993419 eta_seconds=10.4761 bootstraps=0
node=21/127 op=addp seconds=3.66504 eta_seconds=18.4997 bootstraps=0
node=31/127 op=mulp seconds=4.91186 eta_seconds=15.2109 bootstraps=0
node=41/127 op=mul seconds=5.59441 eta_seconds=11.7346 bootstraps=0
node=51/127 op=repeat seconds=6.20981 eta_seconds=9.25383 bootstraps=0
node=61/127 op=mul seconds=6.9663 eta_seconds=7.53731 bootstraps=0
node=71/127 op=gather seconds=8.35951 eta_seconds=6.59341 bootstraps=0
node=81/127 op=scatter seconds=9.08271 eta_seconds=5.15808 bootstraps=0
node=91/127 op=mul seconds=9.71366 eta_seconds=3.84277 bootstraps=0
node=101/127 op=linear seconds=12.7728 eta_seconds=3.28804 bootstraps=2
node=111/127 op=mulp seconds=14.2636 eta_seconds=2.05601 bootstraps=4
node=121/127 op=sum seconds=17.3202 eta_seconds=0.858855 bootstraps=6
node=127/127 op=mulp seconds=18.8996 eta_seconds=0 bootstraps=8
passed=1 polynomial_error=1.1384e-05 exact_error=1.12565e-05 eval_seconds=18.9
