GPU 0: NVIDIA GB10
 SMs: 48, SharedMem: 100 KB, Blocks/SM: 24, Threads/SM: 1536, L2 size: 24 MB, Bus: 256-bit
Adding bootstrap precomputation to GPU for 32768 slots.
Plaintexts loaded: 248 ~ 6262MB
Rotation keys loaded: 85 ~ 15300MB
setup_seconds=27.3881
node=1/7910 op=public seconds=0.177106 eta_seconds=1400.73 bootstraps=0
node=11/7910 op=public seconds=1.65786 eta_seconds=1190.49 bootstraps=0
node=21/7910 op=mul seconds=2.69578 eta_seconds=1012.71 bootstraps=0
node=31/7910 op=gather seconds=6.21852 eta_seconds=1580.51 bootstraps=0
node=41/7910 op=mul seconds=9.4316 eta_seconds=1810.18 bootstraps=0
node=51/7910 op=repeat seconds=10.2065 eta_seconds=1572.8 bootstraps=0
node=61/7910 op=mulp seconds=10.6683 eta_seconds=1372.71 bootstraps=0
node=71/7910 op=add seconds=11.5468 eta_seconds=1274.86 bootstraps=0
node=81/7910 op=add seconds=16.3396 eta_seconds=1579.29 bootstraps=4
node=91/7910 op=scatter seconds=18.9536 eta_seconds=1628.55 bootstraps=6
node=101/7910 op=mul seconds=21.9659 eta_seconds=1698.33 bootstraps=8
node=111/7910 op=mul seconds=23.093 eta_seconds=1622.54 bootstraps=8
node=121/7910 op=mul seconds=27.4968 eta_seconds=1770.02 bootstraps=12
node=131/7910 op=scatter seconds=31.599 eta_seconds=1876.4 bootstraps=14
node=141/7910 op=gather seconds=35.518 eta_seconds=1957.02 bootstraps=18
node=151/7910 op=mul seconds=36.2947 eta_seconds=1864.97 bootstraps=18
node=161/7910 op=cheb seconds=40.0514 eta_seconds=1927.69 bootstraps=22
node=171/7910 op=sum seconds=41.6635 eta_seconds=1885.58 bootstraps=24
node=181/7910 op=addp seconds=43.2492 eta_seconds=1846.81 bootstraps=26
node=191/7910 op=scatter seconds=44.5429 eta_seconds=1800.14 bootstraps=26
node=201/7910 op=mul seconds=49.7396 eta_seconds=1907.67 bootstraps=30
node=211/7910 op=scatter seconds=52.3404 eta_seconds=1909.81 bootstraps=32
node=221/7910 op=sum seconds=54.9374 eta_seconds=1911.37 bootstraps=34
node=231/7910 op=scatter seconds=58.2421 eta_seconds=1936.11 bootstraps=36
node=241/7910 op=gather seconds=62.141 eta_seconds=1977.43 bootstraps=40
node=251/7910 op=cheb seconds=64.6867 eta_seconds=1973.85 bootstraps=42
node=261/7910 op=gather seconds=68.164 eta_seconds=1997.65 bootstraps=44
node=271/7910 op=repeat seconds=72.1612 eta_seconds=2034.09 bootstraps=48
node=281/7910 op=addp seconds=74.2164 eta_seconds=2014.94 bootstraps=50
node=291/7910 op=repeat seconds=77.2778 eta_seconds=2023.3 bootstraps=54
node=301/7910 op=mul seconds=80.5418 eta_seconds=2036.02 bootstraps=58
node=311/7910 op=scatter seconds=82.8805 eta_seconds=2025.11 bootstraps=60
node=321/7910 op=mul seconds=87.673 eta_seconds=2072.74 bootstraps=66
node=331/7910 op=addp seconds=91.5804 eta_seconds=2096.94 bootstraps=70
node=341/7910 op=add seconds=96.7012 eta_seconds=2146.43 bootstraps=76
node=351/7910 op=cheb seconds=100.256 eta_seconds=2159.07 bootstraps=80
node=361/7910 op=add seconds=105.559 eta_seconds=2207.38 bootstraps=84
node=371/7910 op=linear seconds=110.353 eta_seconds=2242.47 bootstraps=88
node=381/7910 op=cheb seconds=110.62 eta_seconds=2185.99 bootstraps=88
node=391/7910 op=add seconds=115.766 eta_seconds=2226.21 bootstraps=94
node=401/7910 op=mulp seconds=117.62 eta_seconds=2202.51 bootstraps=96
node=411/7910 op=addp seconds=119.133 eta_seconds=2173.66 bootstraps=98
node=421/7910 op=mul seconds=122.366 eta_seconds=2176.71 bootstraps=102
node=431/7910 op=gather seconds=126.951 eta_seconds=2202.94 bootstraps=106
node=441/7910 op=add seconds=130.289 eta_seconds=2206.64 bootstraps=110
node=451/7910 op=mulp seconds=132.835 eta_seconds=2196.94 bootstraps=112
node=461/7910 op=add seconds=138.635 eta_seconds=2240.11 bootstraps=118
node=471/7910 op=linear seconds=143.437 eta_seconds=2265.46 bootstraps=122
node=481/7910 op=mulp seconds=146.869 eta_seconds=2268.37 bootstraps=126
node=491/7910 op=gather seconds=150.35 eta_seconds=2271.79 bootstraps=128
node=501/7910 op=cheb seconds=154.354 eta_seconds=2282.65 bootstraps=132
node=511/7910 op=sum seconds=156.449 eta_seconds=2265.29 bootstraps=134
node=521/7910 op=addp seconds=158.096 eta_seconds=2242.18 bootstraps=136
node=531/7910 op=gather seconds=162.881 eta_seconds=2263.47 bootstraps=142
node=541/7910 op=add seconds=166.105 eta_seconds=2262.53 bootstraps=146
node=551/7910 op=add seconds=170.292 eta_seconds=2274.37 bootstraps=150
node=561/7910 op=add seconds=174.502 eta_seconds=2285.94 bootstraps=154
node=571/7910 op=repeat seconds=180.107 eta_seconds=2314.9 bootstraps=160
node=581/7910 op=mulp seconds=183.513 eta_seconds=2314.92 bootstraps=164
node=591/7910 op=mul seconds=187.125 eta_seconds=2317.37 bootstraps=166
node=601/7910 op=mul seconds=191.463 eta_seconds=2328.46 bootstraps=170
node=611/7910 op=gather seconds=194.864 eta_seconds=2327.85 bootstraps=172
node=621/7910 op=mul seconds=198.776 eta_seconds=2333.14 bootstraps=176
node=631/7910 op=repeat seconds=201.929 eta_seconds=2329.38 bootstraps=180
node=641/7910 op=mulp seconds=203.495 eta_seconds=2307.66 bootstraps=182
node=651/7910 op=add seconds=206.734 eta_seconds=2305.19 bootstraps=186
node=661/7910 op=add seconds=210.604 eta_seconds=2309.63 bootstraps=190
node=671/7910 op=scatter seconds=214.032 eta_seconds=2309.06 bootstraps=194
node=681/7910 op=mul seconds=219.012 eta_seconds=2324.87 bootstraps=200
node=691/7910 op=mul seconds=222.914 eta_seconds=2328.82 bootstraps=204
node=701/7910 op=mul seconds=226.39 eta_seconds=2328.17 bootstraps=208
node=711/7910 op=scatter seconds=233.902 eta_seconds=2368.3 bootstraps=214
node=721/7910 op=gather seconds=237.431 eta_seconds=2367.39 bootstraps=216
node=731/7910 op=mul seconds=239.504 eta_seconds=2352.12 bootstraps=218
node=741/7910 op=cheb seconds=243.165 eta_seconds=2352.57 bootstraps=222
node=751/7910 op=sum seconds=244.756 eta_seconds=2333.17 bootstraps=224
node=761/7910 op=addp seconds=246.27 eta_seconds=2313.52 bootstraps=226
node=771/7910 op=scatter seconds=251.092 eta_seconds=2324.96 bootstraps=232
node=781/7910 op=mul seconds=254.384 eta_seconds=2322.03 bootstraps=234
node=791/7910 op=scatter seconds=258.57 eta_seconds=2327.13 bootstraps=238
node=801/7910 op=sum seconds=260.61 eta_seconds=2312.95 bootstraps=240
node=811/7910 op=scatter seconds=267.385 eta_seconds=2340.53 bootstraps=248
node=821/7910 op=gather seconds=270.873 eta_seconds=2338.88 bootstraps=250
node=831/7910 op=cheb seconds=275.314 eta_seconds=2345.3 bootstraps=254
node=841/7910 op=gather seconds=278.688 eta_seconds=2342.5 bootstraps=256
node=851/7910 op=repeat seconds=282.742 eta_seconds=2345.33 bootstraps=260
node=861/7910 op=addp seconds=284.69 eta_seconds=2330.76 bootstraps=262
node=871/7910 op=repeat seconds=287.717 eta_seconds=2325.19 bootstraps=266
node=881/7910 op=mul seconds=290.956 eta_seconds=2321.37 bootstraps=270
node=891/7910 op=scatter seconds=293.266 eta_seconds=2310.25 bootstraps=272
node=901/7910 op=mul seconds=298.045 eta_seconds=2318.53 bootstraps=278
node=911/7910 op=addp seconds=301.927 eta_seconds=2319.64 bootstraps=282
node=921/7910 op=add seconds=307.026 eta_seconds=2329.86 bootstraps=288
node=931/7910 op=cheb seconds=310.539 eta_seconds=2327.88 bootstraps=292
node=941/7910 op=add seconds=316.772 eta_seconds=2346 bootstraps=296
node=951/7910 op=linear seconds=321.532 eta_seconds=2352.83 bootstraps=300
node=961/7910 op=cheb seconds=321.827 eta_seconds=2327.13 bootstraps=300
node=971/7910 op=add seconds=327.328 eta_seconds=2339.17 bootstraps=306
node=981/7910 op=mulp seconds=329.166 eta_seconds=2324.96 bootstraps=308
node=991/7910 op=addp seconds=330.678 eta_seconds=2308.74 bootstraps=310
node=1001/7910 op=mul seconds=333.947 eta_seconds=2304.93 bootstraps=314
node=1011/7910 op=gather seconds=338.864 eta_seconds=2312.39 bootstraps=318
node=1021/7910 op=add seconds=342.199 eta_seconds=2308.92 bootstraps=322
node=1031/7910 op=mulp seconds=344.741 eta_seconds=2300.17 bootstraps=324
node=1041/7910 op=add seconds=351.457 eta_seconds=2319.07 bootstraps=330
node=1051/7910 op=linear seconds=356.213 eta_seconds=2324.71 bootstraps=334
node=1061/7910 op=mulp seconds=360.551 eta_seconds=2327.44 bootstraps=338
node=1071/7910 op=gather seconds=364.035 eta_seconds=2324.59 bootstraps=340
node=1081/7910 op=cheb seconds=368.654 eta_seconds=2328.9 bootstraps=344
node=1091/7910 op=sum seconds=370.799 eta_seconds=2317.58 bootstraps=346
node=1101/7910 op=addp seconds=372.443 eta_seconds=2303.33 bootstraps=348
node=1111/7910 op=gather seconds=377.293 eta_seconds=2308.92 bootstraps=354
node=1121/7910 op=add seconds=380.481 eta_seconds=2304.27 bootstraps=358
node=1131/7910 op=add seconds=384.735 eta_seconds=2306.03 bootstraps=362
node=1141/7910 op=add seconds=388.913 eta_seconds=2307.23 bootstraps=366
node=1151/7910 op=repeat seconds=394.546 eta_seconds=2316.89 bootstraps=372
node=1161/7910 op=mulp seconds=398.858 eta_seconds=2318.6 bootstraps=376
node=1171/7910 op=mul seconds=402.466 eta_seconds=2316.16 bootstraps=378
node=1181/7910 op=mul seconds=406.811 eta_seconds=2317.89 bootstraps=382
node=1191/7910 op=gather seconds=410.204 eta_seconds=2314.16 bootstraps=384
node=1201/7910 op=mul seconds=414.186 eta_seconds=2313.72 bootstraps=388
node=1211/7910 op=repeat seconds=417.339 eta_seconds=2308.63 bootstraps=392
node=1221/7910 op=mulp seconds=418.836 eta_seconds=2294.51 bootstraps=394
node=1231/7910 op=add seconds=422.079 eta_seconds=2290.06 bootstraps=398
node=1241/7910 op=add seconds=426.279 eta_seconds=2290.78 bootstraps=402
node=1251/7910 op=scatter seconds=428.703 eta_seconds=2281.96 bootstraps=404
node=1261/7910 op=mul seconds=432.854 eta_seconds=2282.35 bootstraps=408
node=1271/7910 op=mul seconds=436.749 eta_seconds=2281.34 bootstraps=412
node=1281/7910 op=mul seconds=440.218 eta_seconds=2278.07 bootstraps=416
node=1291/7910 op=scatter seconds=447.734 eta_seconds=2295.55 bootstraps=422
node=1301/7910 op=gather seconds=451.249 eta_seconds=2292.32 bootstraps=424
node=1311/7910 op=mul seconds=453.327 eta_seconds=2281.85 bootstraps=426
node=1321/7910 op=cheb seconds=456.946 eta_seconds=2279.2 bootstraps=430
node=1331/7910 op=sum seconds=458.577 eta_seconds=2266.7 bootstraps=432
node=1341/7910 op=addp seconds=460.095 eta_seconds=2253.81 bootstraps=434
node=1351/7910 op=scatter seconds=463.53 eta_seconds=2250.4 bootstraps=438
node=1361/7910 op=mul seconds=467.912 eta_seconds=2251.55 bootstraps=442
node=1371/7910 op=scatter seconds=472.114 eta_seconds=2251.75 bootstraps=446
node=1381/7910 op=sum seconds=474.165 eta_seconds=2241.72 bootstraps=448
node=1391/7910 op=scatter seconds=480.974 eta_seconds=2254.11 bootstraps=456
node=1401/7910 op=gather seconds=484.58 eta_seconds=2251.34 bootstraps=458
node=1411/7910 op=cheb seconds=488.827 eta_seconds=2251.51 bootstraps=462
node=1421/7910 op=cheb seconds=490.863 eta_seconds=2241.53 bootstraps=464
node=1431/7910 op=gather seconds=494.386 eta_seconds=2238.38 bootstraps=464
node=1441/7910 op=repeat seconds=496.829 eta_seconds=2230.39 bootstraps=464
node=1451/7910 op=addp seconds=498.008 eta_seconds=2216.84 bootstraps=464
node=1461/7910 op=repeat seconds=498.754 eta_seconds=2201.55 bootstraps=464
node=1471/7910 op=mul seconds=499.605 eta_seconds=2186.92 bootstraps=464
node=1481/7910 op=scatter seconds=504.016 eta_seconds=2187.92 bootstraps=468
node=1491/7910 op=mul seconds=505.145 eta_seconds=2174.73 bootstraps=468
node=1501/7910 op=addp seconds=509.904 eta_seconds=2177.2 bootstraps=472
node=1511/7910 op=repeat seconds=512.513 eta_seconds=2170.46 bootstraps=474
node=1521/7910 op=mul seconds=513.617 eta_seconds=2157.46 bootstraps=474
node=1531/7910 op=mul seconds=517.983 eta_seconds=2158.21 bootstraps=478
node=1541/7910 op=scatter seconds=522.087 eta_seconds=2157.8 bootstraps=480
node=1551/7910 op=gather seconds=525.989 eta_seconds=2156.52 bootstraps=484
node=1561/7910 op=mul seconds=526.763 eta_seconds=2142.48 bootstraps=484
node=1571/7910 op=cheb seconds=530.528 eta_seconds=2140.68 bootstraps=488
node=1581/7910 op=sum seconds=532.145 eta_seconds=2130.26 bootstraps=490
node=1591/7910 op=addp seconds=533.731 eta_seconds=2119.83 bootstraps=492
node=1601/7910 op=scatter seconds=535.033 eta_seconds=2108.39 bootstraps=492
node=1611/7910 op=mul seconds=540.242 eta_seconds=2112.34 bootstraps=496
node=1621/7910 op=scatter seconds=542.842 eta_seconds=2106.06 bootstraps=498
node=1631/7910 op=mulp seconds=544.706 eta_seconds=2097 bootstraps=500
node=1641/7910 op=repeat seconds=548.184 eta_seconds=2094.19 bootstraps=502
node=1651/7910 op=mulp seconds=551.122 eta_seconds=2089.32 bootstraps=504
node=1661/7910 op=mul seconds=555.194 eta_seconds=2088.75 bootstraps=508
node=1671/7910 op=mul seconds=557.573 eta_seconds=2081.81 bootstraps=510
node=1681/7910 op=gather seconds=561.073 eta_seconds=2079.07 bootstraps=512
node=1691/7910 op=mul seconds=565.388 eta_seconds=2079.33 bootstraps=516
node=1701/7910 op=repeat seconds=568.558 eta_seconds=2075.35 bootstraps=520
node=1711/7910 op=mulp seconds=570.13 eta_seconds=2065.6 bootstraps=522
node=1721/7910 op=add seconds=573.405 eta_seconds=2062.06 bootstraps=526
node=1731/7910 op=add seconds=577.365 eta_seconds=2060.97 bootstraps=530
node=1741/7910 op=scatter seconds=580.843 eta_seconds=2058.14 bootstraps=534
node=1751/7910 op=mul seconds=585.893 eta_seconds=2060.83 bootstraps=540
node=1761/7910 op=add seconds=589.368 eta_seconds=2057.93 bootstraps=544
node=1771/7910 op=add seconds=595.247 eta_seconds=2063.37 bootstraps=550
node=1781/7910 op=linear_ref seconds=600.14 eta_seconds=2065.28 bootstraps=554
node=1791/7910 op=mulp seconds=603.651 eta_seconds=2062.39 bootstraps=558
node=1801/7910 op=gather seconds=607.226 eta_seconds=2059.71 bootstraps=560
node=1811/7910 op=cheb seconds=610.795 eta_seconds=2057.01 bootstraps=564
node=1821/7910 op=sum seconds=612.951 eta_seconds=2049.56 bootstraps=566
node=1831/7910 op=addp seconds=614.543 eta_seconds=2040.31 bootstraps=568
node=1841/7910 op=gather seconds=616.634 eta_seconds=2032.78 bootstraps=570
node=1851/7910 op=add seconds=621.132 eta_seconds=2033.19 bootstraps=576
node=1861/7910 op=add seconds=624.003 eta_seconds=2028.26 bootstraps=578
node=1871/7910 op=add seconds=628.632 eta_seconds=2029.02 bootstraps=582
node=1881/7910 op=sum seconds=631.66 eta_seconds=2024.6 bootstraps=586
node=1891/7910 op=add seconds=637.284 eta_seconds=2028.46 bootstraps=592
node=1901/7910 op=cheb seconds=640.9 eta_seconds=2025.86 bootstraps=596
node=1911/7910 op=add seconds=646.355 eta_seconds=2029.03 bootstraps=600
node=1921/7910 op=linear_ref seconds=651.239 eta_seconds=2030.33 bootstraps=604
node=1931/7910 op=cheb seconds=651.551 eta_seconds=2017.41 bootstraps=604
node=1941/7910 op=add seconds=657.133 eta_seconds=2020.83 bootstraps=610
node=1951/7910 op=mulp seconds=659.037 eta_seconds=2012.92 bootstraps=612
node=1961/7910 op=addp seconds=660.625 eta_seconds=2004.11 bootstraps=614
node=1971/7910 op=mul seconds=663.977 eta_seconds=2000.69 bootstraps=618
node=1981/7910 op=gather seconds=668.751 eta_seconds=2001.53 bootstraps=622
node=1991/7910 op=add seconds=674.608 eta_seconds=2005.53 bootstraps=630
node=2001/7910 op=mul seconds=677.051 eta_seconds=1999.35 bootstraps=632
node=2011/7910 op=sum seconds=683.234 eta_seconds=2004.18 bootstraps=638
node=2021/7910 op=scatter seconds=688.666 eta_seconds=2006.71 bootstraps=644
node=2031/7910 op=gather seconds=692.269 eta_seconds=2003.87 bootstraps=646
node=2041/7910 op=cheb seconds=696.694 eta_seconds=2003.38 bootstraps=650
node=2051/7910 op=gather seconds=700.124 eta_seconds=2000.01 bootstraps=652
node=2061/7910 op=repeat seconds=703.744 eta_seconds=1997.19 bootstraps=656
node=2071/7910 op=addp seconds=705.789 eta_seconds=1989.91 bootstraps=658
node=2081/7910 op=repeat seconds=708.819 eta_seconds=1985.44 bootstraps=662
node=2091/7910 op=mul seconds=712.082 eta_seconds=1981.64 bootstraps=666
node=2101/7910 op=scatter seconds=714.413 eta_seconds=1975.26 bootstraps=668
node=2111/7910 op=mul seconds=719.205 eta_seconds=1975.69 bootstraps=674
node=2121/7910 op=addp seconds=723.131 eta_seconds=1973.7 bootstraps=678
node=2131/7910 op=repeat seconds=727.906 eta_seconds=1973.99 bootstraps=684
node=2141/7910 op=mul seconds=731.817 eta_seconds=1971.91 bootstraps=688
node=2151/7910 op=mul seconds=735.305 eta_seconds=1968.67 bootstraps=692
node=2161/7910 op=scatter seconds=742.899 eta_seconds=1976.37 bootstraps=698
node=2171/7910 op=gather seconds=746.464 eta_seconds=1973.26 bootstraps=700
node=2181/7910 op=mul seconds=748.543 eta_seconds=1966.26 bootstraps=702
node=2191/7910 op=cheb seconds=752.219 eta_seconds=1963.46 bootstraps=706
node=2201/7910 op=sum seconds=753.806 eta_seconds=1955.24 bootstraps=708
node=2211/7910 op=addp seconds=755.33 eta_seconds=1946.91 bootstraps=710
node=2221/7910 op=scatter seconds=760.17 eta_seconds=1947.14 bootstraps=716
node=2231/7910 op=mul seconds=763.512 eta_seconds=1943.52 bootstraps=718
node=2241/7910 op=scatter seconds=767.725 eta_seconds=1942.09 bootstraps=722
node=2251/7910 op=mulp seconds=770.74 eta_seconds=1937.63 bootstraps=726
node=2261/7910 op=repeat seconds=776.594 eta_seconds=1940.28 bootstraps=732
node=2271/7910 op=mulp seconds=780.022 eta_seconds=1936.83 bootstraps=736
node=2281/7910 op=mul seconds=783.649 eta_seconds=1933.87 bootstraps=738
node=2291/7910 op=mul seconds=787.993 eta_seconds=1932.66 bootstraps=742
node=2301/7910 op=gather seconds=791.441 eta_seconds=1929.24 bootstraps=744
node=2311/7910 op=mul seconds=795.802 eta_seconds=1928.04 bootstraps=748
node=2321/7910 op=repeat seconds=798.882 eta_seconds=1923.72 bootstraps=752
node=2331/7910 op=mulp seconds=800.446 eta_seconds=1915.78 bootstraps=754
node=2341/7910 op=add seconds=803.708 eta_seconds=1911.94 bootstraps=758
node=2351/7910 op=add seconds=807.62 eta_seconds=1909.64 bootstraps=762
node=2361/7910 op=scatter seconds=811.078 eta_seconds=1906.26 bootstraps=766
node=2371/7910 op=mul seconds=816.094 eta_seconds=1906.51 bootstraps=772
node=2381/7910 op=add seconds=819.568 eta_seconds=1903.15 bootstraps=776
node=2391/7910 op=add seconds=825.401 eta_seconds=1905.22 bootstraps=782
node=2401/7910 op=linear_ref seconds=830.227 eta_seconds=1904.92 bootstraps=786
node=2411/7910 op=mulp seconds=834.609 eta_seconds=1903.57 bootstraps=790
node=2421/7910 op=gather seconds=838.122 eta_seconds=1900.23 bootstraps=792
node=2431/7910 op=cheb seconds=842.071 eta_seconds=1897.86 bootstraps=796
node=2441/7910 op=sum seconds=844.18 eta_seconds=1891.37 bootstraps=798
node=2451/7910 op=addp seconds=845.761 eta_seconds=1883.72 bootstraps=800
node=2461/7910 op=gather seconds=847.818 eta_seconds=1877.19 bootstraps=802
node=2471/7910 op=add seconds=853.693 eta_seconds=1879.09 bootstraps=810
node=2481/7910 op=add seconds=855.489 eta_seconds=1872.01 bootstraps=810
node=2491/7910 op=add seconds=860.056 eta_seconds=1870.99 bootstraps=814
node=2501/7910 op=sum seconds=863.083 eta_seconds=1866.62 bootstraps=818
node=2511/7910 op=add seconds=868.614 eta_seconds=1867.64 bootstraps=824
node=2521/7910 op=cheb seconds=873.086 eta_seconds=1866.35 bootstraps=828
node=2531/7910 op=add seconds=879.408 eta_seconds=1868.96 bootstraps=832
node=2541/7910 op=linear_ref seconds=884.257 eta_seconds=1868.39 bootstraps=836
node=2551/7910 op=cheb seconds=884.561 eta_seconds=1858.24 bootstraps=836
node=2561/7910 op=add seconds=890.766 eta_seconds=1860.49 bootstraps=842
node=2571/7910 op=mulp seconds=892.667 eta_seconds=1853.73 bootstraps=844
node=2581/7910 op=addp seconds=894.316 eta_seconds=1846.5 bootstraps=846
node=2591/7910 op=mul seconds=897.629 eta_seconds=1842.72 bootstraps=850
node=2601/7910 op=gather seconds=905.106 eta_seconds=1847.45 bootstraps=858
node=2611/7910 op=add seconds=908.314 eta_seconds=1843.41 bootstraps=862
node=2621/7910 op=mul seconds=910.678 eta_seconds=1837.69 bootstraps=864
node=2631/7910 op=sum seconds=916.824 eta_seconds=1839.57 bootstraps=870
node=2641/7910 op=scatter seconds=923.233 eta_seconds=1841.92 bootstraps=876
node=2651/7910 op=gather seconds=926.803 eta_seconds=1838.57 bootstraps=878
node=2661/7910 op=cheb seconds=931.308 eta_seconds=1837.07 bootstraps=882
node=2671/7910 op=gather seconds=934.757 eta_seconds=1833.47 bootstraps=884
node=2681/7910 op=repeat seconds=938.445 eta_seconds=1830.34 bootstraps=888
node=2691/7910 op=addp seconds=940.477 eta_seconds=1823.99 bootstraps=890
node=2701/7910 op=repeat seconds=943.441 eta_seconds=1819.47 bootstraps=894
node=2711/7910 op=mul seconds=946.717 eta_seconds=1815.56 bootstraps=898
node=2721/7910 op=scatter seconds=950.698 eta_seconds=1813 bootstraps=902
node=2731/7910 op=mul seconds=951.726 eta_seconds=1804.83 bootstraps=902
node=2741/7910 op=addp seconds=956.313 eta_seconds=1803.42 bootstraps=906
node=2751/7910 op=repeat seconds=961.04 eta_seconds=1802.26 bootstraps=912
node=2761/7910 op=mul seconds=964.957 eta_seconds=1799.55 bootstraps=916
node=2771/7910 op=mul seconds=968.448 eta_seconds=1796.05 bootstraps=920
node=2781/7910 op=scatter seconds=976.042 eta_seconds=1800.12 bootstraps=926
node=2791/7910 op=gather seconds=979.601 eta_seconds=1796.7 bootstraps=928
node=2801/7910 op=mul seconds=981.68 eta_seconds=1790.58 bootstraps=930
node=2811/7910 op=cheb seconds=985.31 eta_seconds=1787.3 bootstraps=934
node=2821/7910 op=sum seconds=986.895 eta_seconds=1780.33 bootstraps=936
node=2831/7910 op=addp seconds=988.41 eta_seconds=1773.27 bootstraps=938
node=2841/7910 op=scatter seconds=991.866 eta_seconds=1769.72 bootstraps=942
node=2851/7910 op=mul seconds=996.26 eta_seconds=1767.83 bootstraps=946
node=2861/7910 op=scatter seconds=1000.48 eta_seconds=1765.62 bootstraps=950
node=2871/7910 op=mulp seconds=1003.49 eta_seconds=1761.27 bootstraps=954
node=2881/7910 op=repeat seconds=1009.39 eta_seconds=1761.97 bootstraps=960
node=2891/7910 op=mulp seconds=1012.81 eta_seconds=1758.32 bootstraps=964
node=2901/7910 op=mul seconds=1017.86 eta_seconds=1757.49 bootstraps=968
node=2911/7910 op=mul seconds=1020.55 eta_seconds=1752.57 bootstraps=970
client_token=315 logit_margin=1.89751
node=2921/7910 op=mul seconds=1022.77 eta_seconds=1746.87 bootstraps=972
node=2931/7910 op=gather seconds=1025.77 eta_seconds=1742.52 bootstraps=972
node=2941/7910 op=mul seconds=1028.75 eta_seconds=1738.13 bootstraps=972
node=2951/7910 op=repeat seconds=1029.46 eta_seconds=1729.95 bootstraps=972
node=2961/7910 op=mulp seconds=1029.87 eta_seconds=1721.33 bootstraps=972
node=2971/7910 op=add seconds=1030.61 eta_seconds=1713.28 bootstraps=972
node=2981/7910 op=add seconds=1035.3 eta_seconds=1711.84 bootstraps=976
node=2991/7910 op=scatter seconds=1037.85 eta_seconds=1706.85 bootstraps=978
node=3001/7910 op=mul seconds=1040.84 eta_seconds=1702.6 bootstraps=980
node=3011/7910 op=mul seconds=1043.04 eta_seconds=1697.06 bootstraps=982
node=3021/7910 op=mul seconds=1046.1 eta_seconds=1692.95 bootstraps=984
node=3031/7910 op=sum seconds=1049.56 eta_seconds=1689.48 bootstraps=986
node=3041/7910 op=cheb seconds=1054.25 eta_seconds=1687.98 bootstraps=990
node=3051/7910 op=repeat seconds=1056.69 eta_seconds=1682.87 bootstraps=992
node=3061/7910 op=gather seconds=1059.03 eta_seconds=1677.63 bootstraps=994
node=3071/7910 op=repeat seconds=1061.78 eta_seconds=1673.06 bootstraps=996
node=3081/7910 op=cheb seconds=1063.64 eta_seconds=1667.09 bootstraps=998
node=3091/7910 op=mul seconds=1065.18 eta_seconds=1660.66 bootstraps=1000
node=3101/7910 op=mulp seconds=1067.6 eta_seconds=1655.62 bootstraps=1002
node=3111/7910 op=scatter seconds=1070.57 eta_seconds=1651.44 bootstraps=1004
node=3121/7910 op=add seconds=1072.93 eta_seconds=1646.36 bootstraps=1006
node=3131/7910 op=mul seconds=1077.28 eta_seconds=1644.31 bootstraps=1010
node=3141/7910 op=repeat seconds=1080.11 eta_seconds=1639.94 bootstraps=1012
node=3151/7910 op=sum seconds=1083.17 eta_seconds=1635.92 bootstraps=1014
node=3161/7910 op=scatter seconds=1086.42 eta_seconds=1632.2 bootstraps=1016
node=3171/7910 op=gather seconds=1090.24 eta_seconds=1629.34 bootstraps=1020
node=3181/7910 op=cheb seconds=1092.75 eta_seconds=1624.52 bootstraps=1022
node=3191/7910 op=gather seconds=1096.15 eta_seconds=1621.03 bootstraps=1024
node=3201/7910 op=repeat seconds=1100.18 eta_seconds=1618.48 bootstraps=1028
node=3211/7910 op=addp seconds=1102.22 eta_seconds=1612.99 bootstraps=1030
node=3221/7910 op=repeat seconds=1105.25 eta_seconds=1608.97 bootstraps=1034
node=3231/7910 op=mul seconds=1108.48 eta_seconds=1605.25 bootstraps=1038
node=3241/7910 op=scatter seconds=1110.77 eta_seconds=1600.18 bootstraps=1040
node=3251/7910 op=mul seconds=1115.52 eta_seconds=1598.65 bootstraps=1046
node=3261/7910 op=addp seconds=1119.4 eta_seconds=1595.85 bootstraps=1050
node=3271/7910 op=mul seconds=1123.71 eta_seconds=1593.67 bootstraps=1056
node=3281/7910 op=mul seconds=1126.17 eta_seconds=1588.86 bootstraps=1058
node=3291/7910 op=mul seconds=1131.97 eta_seconds=1588.75 bootstraps=1064
node=3301/7910 op=gather seconds=1136.79 eta_seconds=1587.24 bootstraps=1068
node=3311/7910 op=addp seconds=1140.25 eta_seconds=1583.81 bootstraps=1072
node=3321/7910 op=gather seconds=1143.74 eta_seconds=1580.43 bootstraps=1074
node=3331/7910 op=cheb seconds=1147.37 eta_seconds=1577.25 bootstraps=1078
node=3341/7910 op=mulp seconds=1149.4 eta_seconds=1571.86 bootstraps=1080
node=3351/7910 op=cheb seconds=1151.03 eta_seconds=1565.96 bootstraps=1082
node=3361/7910 op=mul seconds=1154.3 eta_seconds=1562.31 bootstraps=1086
node=3371/7910 op=gather seconds=1157.7 eta_seconds=1558.82 bootstraps=1090
node=3381/7910 op=mul seconds=1160.26 eta_seconds=1554.22 bootstraps=1092
node=3391/7910 op=mulp seconds=1164.86 eta_seconds=1552.34 bootstraps=1096
node=3401/7910 op=sum seconds=1167.9 eta_seconds=1548.39 bootstraps=1100
node=3411/7910 op=add seconds=1171.79 eta_seconds=1545.56 bootstraps=1104
node=3421/7910 op=add seconds=1177.68 eta_seconds=1545.34 bootstraps=1110
node=3431/7910 op=linear_ref seconds=1182.58 eta_seconds=1543.8 bootstraps=1114
node=3441/7910 op=mulp seconds=1186.02 eta_seconds=1540.34 bootstraps=1118
node=3451/7910 op=gather seconds=1189.53 eta_seconds=1536.98 bootstraps=1120
node=3461/7910 op=cheb seconds=1193.51 eta_seconds=1534.22 bootstraps=1124
node=3471/7910 op=sum seconds=1195.59 eta_seconds=1529.01 bootstraps=1126
node=3481/7910 op=addp seconds=1197.23 eta_seconds=1523.28 bootstraps=1128
node=3491/7910 op=gather seconds=1201.99 eta_seconds=1521.51 bootstraps=1134
node=3501/7910 op=add seconds=1205.16 eta_seconds=1517.73 bootstraps=1138
node=3511/7910 op=add seconds=1209.31 eta_seconds=1515.16 bootstraps=1142
node=3521/7910 op=add seconds=1213.49 eta_seconds=1512.64 bootstraps=1146
node=3531/7910 op=mul seconds=1216.17 eta_seconds=1508.24 bootstraps=1150
node=3541/7910 op=mul seconds=1221.31 eta_seconds=1506.89 bootstraps=1154
node=3551/7910 op=linear_ref seconds=1226.24 eta_seconds=1505.26 bootstraps=1158
node=3561/7910 op=mulp seconds=1230.44 eta_seconds=1502.72 bootstraps=1164
node=3571/7910 op=sum seconds=1236.63 eta_seconds=1502.58 bootstraps=1168
node=3581/7910 op=gather seconds=1240.12 eta_seconds=1499.16 bootstraps=1170
node=3591/7910 op=cheb seconds=1243.56 eta_seconds=1495.67 bootstraps=1174
node=3601/7910 op=mul seconds=1245.77 eta_seconds=1490.7 bootstraps=1176
node=3611/7910 op=mulp seconds=1247.39 eta_seconds=1485.06 bootstraps=1178
node=3621/7910 op=gather seconds=1249.22 eta_seconds=1479.67 bootstraps=1180
node=3631/7910 op=scatter seconds=1252.61 eta_seconds=1476.16 bootstraps=1184
node=3641/7910 op=mulp seconds=1259.17 eta_seconds=1476.35 bootstraps=1192
node=3651/7910 op=scatter seconds=1261.72 eta_seconds=1471.83 bootstraps=1194
node=3661/7910 op=mulp seconds=1265.69 eta_seconds=1468.98 bootstraps=1200
node=3671/7910 op=repeat seconds=1269.87 eta_seconds=1466.35 bootstraps=1204
node=3681/7910 op=mul seconds=1273.73 eta_seconds=1463.35 bootstraps=1208
node=3691/7910 op=mul seconds=1277.2 eta_seconds=1459.91 bootstraps=1212
node=3701/7910 op=scatter seconds=1284.72 eta_seconds=1461.06 bootstraps=1218
node=3711/7910 op=gather seconds=1288.24 eta_seconds=1457.65 bootstraps=1220
node=3721/7910 op=mul seconds=1290.32 eta_seconds=1452.6 bootstraps=1222
node=3731/7910 op=cheb seconds=1293.97 eta_seconds=1449.34 bootstraps=1226
node=3741/7910 op=sum seconds=1295.57 eta_seconds=1443.79 bootstraps=1228
node=3751/7910 op=addp seconds=1297.09 eta_seconds=1438.17 bootstraps=1230
node=3761/7910 op=scatter seconds=1301.91 eta_seconds=1436.22 bootstraps=1236
node=3771/7910 op=mul seconds=1305.23 eta_seconds=1432.6 bootstraps=1238
node=3781/7910 op=scatter seconds=1309.42 eta_seconds=1429.94 bootstraps=1242
node=3791/7910 op=add seconds=1312.42 eta_seconds=1425.98 bootstraps=1246
node=3801/7910 op=mul seconds=1316.15 eta_seconds=1422.8 bootstraps=1250
node=3811/7910 op=cheb seconds=1320.47 eta_seconds=1420.26 bootstraps=1254
node=3821/7910 op=repeat seconds=1323.91 eta_seconds=1416.77 bootstraps=1258
node=3831/7910 op=mul seconds=1330.12 eta_seconds=1416.23 bootstraps=1262
node=3841/7910 op=gather seconds=1334.91 eta_seconds=1414.15 bootstraps=1266
node=3851/7910 op=cheb seconds=1337.34 eta_seconds=1409.58 bootstraps=1268
node=3861/7910 op=cheb seconds=1340.8 eta_seconds=1406.08 bootstraps=1272
node=3871/7910 op=mul seconds=1342.45 eta_seconds=1400.72 bootstraps=1274
node=3881/7910 op=repeat seconds=1344.04 eta_seconds=1395.29 bootstraps=1276
node=3891/7910 op=add seconds=1347.25 eta_seconds=1391.57 bootstraps=1280
node=3901/7910 op=mul seconds=1353.01 eta_seconds=1390.47 bootstraps=1286
node=3911/7910 op=gather seconds=1356.42 eta_seconds=1386.95 bootstraps=1290
node=3921/7910 op=mul seconds=1359.56 eta_seconds=1383.14 bootstraps=1294
node=3931/7910 op=sum seconds=1363.31 eta_seconds=1379.96 bootstraps=1298
node=3941/7910 op=add seconds=1368.86 eta_seconds=1378.59 bootstraps=1304
node=3951/7910 op=cheb seconds=1372.4 eta_seconds=1375.18 bootstraps=1308
node=3961/7910 op=add seconds=1378.65 eta_seconds=1374.47 bootstraps=1312
node=3971/7910 op=linear_ref seconds=1383.45 eta_seconds=1372.3 bootstraps=1316
node=3981/7910 op=cheb seconds=1383.75 eta_seconds=1365.67 bootstraps=1316
node=3991/7910 op=add seconds=1389.29 eta_seconds=1364.22 bootstraps=1322
node=4001/7910 op=mulp seconds=1391.12 eta_seconds=1359.13 bootstraps=1324
node=4011/7910 op=addp seconds=1392.63 eta_seconds=1353.75 bootstraps=1326
node=4021/7910 op=mul seconds=1395.87 eta_seconds=1350.05 bootstraps=1330
node=4031/7910 op=gather seconds=1400.8 eta_seconds=1347.98 bootstraps=1334
node=4041/7910 op=add seconds=1404.13 eta_seconds=1344.37 bootstraps=1338
node=4051/7910 op=mul seconds=1406.67 eta_seconds=1340 bootstraps=1340
node=4061/7910 op=mul seconds=1410.06 eta_seconds=1336.45 bootstraps=1344
node=4071/7910 op=mul seconds=1415.91 eta_seconds=1335.22 bootstraps=1350
node=4081/7910 op=addp seconds=1420.25 eta_seconds=1332.55 bootstraps=1354
node=4091/7910 op=linear_ref seconds=1426.6 eta_seconds=1331.75 bootstraps=1358
node=4101/7910 op=mulp seconds=1429.48 eta_seconds=1327.7 bootstraps=1362
node=4111/7910 op=addp seconds=1431.59 eta_seconds=1322.94 bootstraps=1362
node=4121/7910 op=mulp seconds=1437.91 eta_seconds=1322.07 bootstraps=1368
node=4131/7910 op=mul seconds=1439.79 eta_seconds=1317.11 bootstraps=1370
node=4141/7910 op=repeat seconds=1441.43 eta_seconds=1311.94 bootstraps=1372
node=4151/7910 op=mul seconds=1444.74 eta_seconds=1308.31 bootstraps=1376
node=4161/7910 op=gather seconds=1450.54 eta_seconds=1306.92 bootstraps=1382
node=4171/7910 op=scatter seconds=1454.04 eta_seconds=1303.44 bootstraps=1386
node=4181/7910 op=mul seconds=1457.7 eta_seconds=1300.11 bootstraps=1390
node=4191/7910 op=add seconds=1461.61 eta_seconds=1297 bootstraps=1394
node=4201/7910 op=repeat seconds=1468.51 eta_seconds=1296.53 bootstraps=1400
node=4211/7910 op=mulp seconds=1472.82 eta_seconds=1293.74 bootstraps=1404
node=4221/7910 op=mul seconds=1476.44 eta_seconds=1290.35 bootstraps=1406
node=4231/7910 op=mul seconds=1480.77 eta_seconds=1287.58 bootstraps=1410
node=4241/7910 op=gather seconds=1484.16 eta_seconds=1283.99 bootstraps=1412
node=4251/7910 op=mul seconds=1488.14 eta_seconds=1280.9 bootstraps=1416
node=4261/7910 op=repeat seconds=1491.28 eta_seconds=1277.09 bootstraps=1420
node=4271/7910 op=mulp seconds=1492.77 eta_seconds=1271.88 bootstraps=1422
node=4281/7910 op=add seconds=1496.03 eta_seconds=1268.19 bootstraps=1426
node=4291/7910 op=add seconds=1500.23 eta_seconds=1265.29 bootstraps=1430
node=4301/7910 op=scatter seconds=1502.66 eta_seconds=1260.89 bootstraps=1432
node=4311/7910 op=mul seconds=1506.81 eta_seconds=1257.95 bootstraps=1436
node=4321/7910 op=mul seconds=1510.2 eta_seconds=1254.36 bootstraps=1440
node=4331/7910 op=mul seconds=1513.94 eta_seconds=1251.07 bootstraps=1444
node=4341/7910 op=sum seconds=1519.46 eta_seconds=1249.24 bootstraps=1450
node=4351/7910 op=cheb seconds=1523.08 eta_seconds=1245.84 bootstraps=1452
node=4361/7910 op=repeat seconds=1527.4 eta_seconds=1243 bootstraps=1456
node=4371/7910 op=gather seconds=1530.77 eta_seconds=1239.4 bootstraps=1458
node=4381/7910 op=repeat seconds=1534.74 eta_seconds=1236.27 bootstraps=1462
node=4391/7910 op=cheb seconds=1537.92 eta_seconds=1232.51 bootstraps=1466
node=4401/7910 op=mul seconds=1539.41 eta_seconds=1227.4 bootstraps=1468
node=4411/7910 op=mulp seconds=1542.68 eta_seconds=1223.72 bootstraps=1472
node=4421/7910 op=scatter seconds=1545.25 eta_seconds=1219.49 bootstraps=1474
node=4431/7910 op=add seconds=1547.29 eta_seconds=1214.85 bootstraps=1476
node=4441/7910 op=mul seconds=1551.82 eta_seconds=1212.17 bootstraps=1480
node=4451/7910 op=repeat seconds=1556.51 eta_seconds=1209.61 bootstraps=1486
node=4461/7910 op=sum seconds=1558.95 eta_seconds=1205.29 bootstraps=1488
node=4471/7910 op=scatter seconds=1565.72 eta_seconds=1204.32 bootstraps=1496
node=4481/7910 op=gather seconds=1569.23 eta_seconds=1200.82 bootstraps=1498
node=4491/7910 op=cheb seconds=1573.41 eta_seconds=1197.84 bootstraps=1502
client_token=279 logit_margin=2.90222
node=4501/7910 op=cheb seconds=1575.53 eta_seconds=1193.28 bootstraps=1504
node=4511/7910 op=gather seconds=1578.48 eta_seconds=1189.37 bootstraps=1504
node=4521/7910 op=repeat seconds=1580.82 eta_seconds=1185.01 bootstraps=1504
node=4531/7910 op=addp seconds=1581.95 eta_seconds=1179.74 bootstraps=1504
node=4541/7910 op=repeat seconds=1582.68 eta_seconds=1174.2 bootstraps=1504
node=4551/7910 op=mul seconds=1583.48 eta_seconds=1168.73 bootstraps=1504
node=4561/7910 op=scatter seconds=1587.76 eta_seconds=1165.84 bootstraps=1508
node=4571/7910 op=mul seconds=1588.82 eta_seconds=1160.59 bootstraps=1508
node=4581/7910 op=addp seconds=1593.51 eta_seconds=1158 bootstraps=1512
node=4591/7910 op=sum seconds=1593.99 eta_seconds=1152.36 bootstraps=1512
node=4601/7910 op=add seconds=1598.23 eta_seconds=1149.43 bootstraps=1516
node=4611/7910 op=repeat seconds=1601.59 eta_seconds=1145.88 bootstraps=1518
node=4621/7910 op=mulp seconds=1604.57 eta_seconds=1142.05 bootstraps=1520
node=4631/7910 op=mul seconds=1609.23 eta_seconds=1139.42 bootstraps=1524
node=4641/7910 op=mul seconds=1611.66 eta_seconds=1135.21 bootstraps=1526
node=4651/7910 op=gather seconds=1614.01 eta_seconds=1130.95 bootstraps=1528
node=4661/7910 op=mul seconds=1616.73 eta_seconds=1126.96 bootstraps=1530
node=4671/7910 op=repeat seconds=1618.58 eta_seconds=1122.37 bootstraps=1532
node=4681/7910 op=mulp seconds=1620.11 eta_seconds=1117.57 bootstraps=1534
node=4691/7910 op=add seconds=1622.52 eta_seconds=1113.39 bootstraps=1536
node=4701/7910 op=add seconds=1626.81 eta_seconds=1110.5 bootstraps=1540
node=4711/7910 op=scatter seconds=1628.09 eta_seconds=1105.55 bootstraps=1540
node=4721/7910 op=mul seconds=1632.19 eta_seconds=1102.53 bootstraps=1544
node=4731/7910 op=repeat seconds=1634.8 eta_seconds=1098.51 bootstraps=1546
node=4741/7910 op=sum seconds=1638.29 eta_seconds=1095.07 bootstraps=1548
node=4751/7910 op=add seconds=1641.03 eta_seconds=1091.14 bootstraps=1550
node=4761/7910 op=cheb seconds=1645.44 eta_seconds=1088.32 bootstraps=1554
node=4771/7910 op=add seconds=1648.62 eta_seconds=1084.68 bootstraps=1556
node=4781/7910 op=linear_ref seconds=1653.41 eta_seconds=1082.1 bootstraps=1560
node=4791/7910 op=cheb seconds=1653.68 eta_seconds=1076.56 bootstraps=1560
node=4801/7910 op=add seconds=1659.18 eta_seconds=1074.44 bootstraps=1566
node=4811/7910 op=mulp seconds=1661.03 eta_seconds=1069.95 bootstraps=1568
node=4821/7910 op=addp seconds=1662.6 eta_seconds=1065.29 bootstraps=1570
node=4831/7910 op=mul seconds=1665.81 eta_seconds=1061.69 bootstraps=1574
node=4841/7910 op=gather seconds=1670.2 eta_seconds=1058.84 bootstraps=1578
node=4851/7910 op=add seconds=1674.63 eta_seconds=1056.01 bootstraps=1584
node=4861/7910 op=mul seconds=1678.03 eta_seconds=1052.52 bootstraps=1588
node=4871/7910 op=add seconds=1681.39 eta_seconds=1049.01 bootstraps=1592
node=4881/7910 op=repeat seconds=1685.52 eta_seconds=1045.98 bootstraps=1596
node=4891/7910 op=mul seconds=1689.4 eta_seconds=1042.79 bootstraps=1600
node=4901/7910 op=mul seconds=1693.64 eta_seconds=1039.82 bootstraps=1604
node=4911/7910 op=scatter seconds=1700.26 eta_seconds=1038.3 bootstraps=1610
node=4921/7910 op=gather seconds=1703.78 eta_seconds=1034.87 bootstraps=1612
node=4931/7910 op=mul seconds=1705.84 eta_seconds=1030.56 bootstraps=1614
node=4941/7910 op=cheb seconds=1709.43 eta_seconds=1027.18 bootstraps=1618
node=4951/7910 op=sum seconds=1711.01 eta_seconds=1022.6 bootstraps=1620
node=4961/7910 op=addp seconds=1712.52 eta_seconds=1017.99 bootstraps=1622
node=4971/7910 op=scatter seconds=1715.93 eta_seconds=1014.51 bootstraps=1626
node=4981/7910 op=mul seconds=1720.27 eta_seconds=1011.58 bootstraps=1630
node=4991/7910 op=scatter seconds=1724.44 eta_seconds=1008.54 bootstraps=1634
node=5001/7910 op=mul seconds=1726.12 eta_seconds=1004.06 bootstraps=1636
node=5011/7910 op=sum seconds=1729.86 eta_seconds=1000.77 bootstraps=1640
node=5021/7910 op=add seconds=1733.67 eta_seconds=997.527 bootstraps=1644
node=5031/7910 op=add seconds=1739.46 eta_seconds=995.409 bootstraps=1650
node=5041/7910 op=linear_ref seconds=1744.26 eta_seconds=992.717 bootstraps=1654
node=5051/7910 op=mulp seconds=1747.69 eta_seconds=989.238 bootstraps=1658
node=5061/7910 op=gather seconds=1751.18 eta_seconds=985.794 bootstraps=1660
node=5071/7910 op=cheb seconds=1755.2 eta_seconds=982.646 bootstraps=1664
node=5081/7910 op=sum seconds=1757.26 eta_seconds=978.408 bootstraps=1666
node=5091/7910 op=addp seconds=1758.9 eta_seconds=973.943 bootstraps=1668
node=5101/7910 op=gather seconds=1763.66 eta_seconds=971.204 bootstraps=1674
node=5111/7910 op=add seconds=1766.83 eta_seconds=967.589 bootstraps=1678
node=5121/7910 op=add seconds=1770.97 eta_seconds=964.507 bootstraps=1682
node=5131/7910 op=add seconds=1775.16 eta_seconds=961.441 bootstraps=1686
node=5141/7910 op=mulp seconds=1777.85 eta_seconds=957.568 bootstraps=1690
node=5151/7910 op=repeat seconds=1782.94 eta_seconds=954.987 bootstraps=1694
node=5161/7910 op=sum seconds=1787.68 eta_seconds=952.207 bootstraps=1698
node=5171/7910 op=scatter seconds=1793.85 eta_seconds=950.173 bootstraps=1704
node=5181/7910 op=gather seconds=1797.38 eta_seconds=946.736 bootstraps=1706
node=5191/7910 op=cheb seconds=1801.77 eta_seconds=943.749 bootstraps=1710
node=5201/7910 op=gather seconds=1805.16 eta_seconds=940.236 bootstraps=1712
node=5211/7910 op=repeat seconds=1808.76 eta_seconds=936.836 bootstraps=1716
node=5221/7910 op=addp seconds=1810.79 eta_seconds=932.623 bootstraps=1718
node=5231/7910 op=repeat seconds=1813.82 eta_seconds=928.926 bootstraps=1722
node=5241/7910 op=mul seconds=1817.05 eta_seconds=925.339 bootstraps=1726
node=5251/7910 op=scatter seconds=1819.34 eta_seconds=921.275 bootstraps=1728
node=5261/7910 op=mul seconds=1824.09 eta_seconds=918.461 bootstraps=1734
node=5271/7910 op=addp seconds=1827.96 eta_seconds=915.193 bootstraps=1738
node=5281/7910 op=sum seconds=1830.96 eta_seconds=911.493 bootstraps=1742
node=5291/7910 op=add seconds=1834.76 eta_seconds=908.192 bootstraps=1746
node=5301/7910 op=repeat seconds=1840.62 eta_seconds=905.9 bootstraps=1752
node=5311/7910 op=mulp seconds=1844.03 eta_seconds=902.398 bootstraps=1756
node=5321/7910 op=mul seconds=1847.65 eta_seconds=898.997 bootstraps=1758
node=5331/7910 op=mul seconds=1851.91 eta_seconds=895.906 bootstraps=1762
node=5341/7910 op=gather seconds=1855.32 eta_seconds=892.402 bootstraps=1764
node=5351/7910 op=mul seconds=1859.31 eta_seconds=889.174 bootstraps=1768
node=5361/7910 op=repeat seconds=1862.44 eta_seconds=885.536 bootstraps=1772
node=5371/7910 op=mulp seconds=1863.94 eta_seconds=881.128 bootstraps=1774
node=5381/7910 op=add seconds=1867.17 eta_seconds=877.546 bootstraps=1778
node=5391/7910 op=add seconds=1871.43 eta_seconds=874.444 bootstraps=1782
node=5401/7910 op=scatter seconds=1873.88 eta_seconds=870.497 bootstraps=1784
node=5411/7910 op=mul seconds=1878.02 eta_seconds=867.337 bootstraps=1788
node=5421/7910 op=repeat seconds=1881.39 eta_seconds=863.823 bootstraps=1792
node=5431/7910 op=sum seconds=1883.82 eta_seconds=859.876 bootstraps=1794
node=5441/7910 op=add seconds=1889.3 eta_seconds=857.32 bootstraps=1800
node=5451/7910 op=cheb seconds=1893.6 eta_seconds=854.222 bootstraps=1804
node=5461/7910 op=add seconds=1899.76 eta_seconds=851.954 bootstraps=1808
node=5471/7910 op=linear_ref seconds=1904.54 eta_seconds=849.055 bootstraps=1812
node=5481/7910 op=cheb seconds=1904.81 eta_seconds=844.148 bootstraps=1812
node=5491/7910 op=add seconds=1910.38 eta_seconds=841.596 bootstraps=1818
node=5501/7910 op=mulp seconds=1912.13 eta_seconds=837.362 bootstraps=1820
node=5511/7910 op=addp seconds=1913.71 eta_seconds=833.06 bootstraps=1822
node=5521/7910 op=mul seconds=1916.92 eta_seconds=829.473 bootstraps=1826
node=5531/7910 op=gather seconds=1921.3 eta_seconds=826.392 bootstraps=1830
node=5541/7910 op=add seconds=1925.74 eta_seconds=823.33 bootstraps=1836
node=5551/7910 op=mul seconds=1929.14 eta_seconds=819.826 bootstraps=1840
node=5561/7910 op=add seconds=1932.53 eta_seconds=816.313 bootstraps=1844
node=5571/7910 op=repeat seconds=1936.7 eta_seconds=813.13 bootstraps=1848
node=5581/7910 op=mul seconds=1940.57 eta_seconds=809.816 bootstraps=1852
node=5591/7910 op=mul seconds=1944.01 eta_seconds=806.325 bootstraps=1856
node=5601/7910 op=scatter seconds=1951.45 eta_seconds=804.481 bootstraps=1862
node=5611/7910 op=gather seconds=1954.93 eta_seconds=800.996 bootstraps=1864
node=5621/7910 op=mul seconds=1957.38 eta_seconds=797.091 bootstraps=1866
node=5631/7910 op=cheb seconds=1960.95 eta_seconds=793.642 bootstraps=1870
node=5641/7910 op=sum seconds=1962.53 eta_seconds=789.395 bootstraps=1872
node=5651/7910 op=addp seconds=1964.04 eta_seconds=785.128 bootstraps=1874
node=5661/7910 op=scatter seconds=1968.82 eta_seconds=782.17 bootstraps=1880
node=5671/7910 op=mul seconds=1972.09 eta_seconds=778.61 bootstraps=1882
node=5681/7910 op=scatter seconds=1976.24 eta_seconds=775.4 bootstraps=1886
node=5691/7910 op=mul seconds=1977.93 eta_seconds=771.222 bootstraps=1888
node=5701/7910 op=sum seconds=1981.63 eta_seconds=767.836 bootstraps=1892
node=5711/7910 op=add seconds=1985.41 eta_seconds=764.477 bootstraps=1896
node=5721/7910 op=add seconds=1992 eta_seconds=762.192 bootstraps=1902
node=5731/7910 op=linear_ref seconds=1996.77 eta_seconds=759.197 bootstraps=1906
node=5741/7910 op=mulp seconds=2001.02 eta_seconds=756.005 bootstraps=1910
node=5751/7910 op=gather seconds=2004.52 eta_seconds=752.523 bootstraps=1912
node=5761/7910 op=cheb seconds=2009.11 eta_seconds=749.45 bootstraps=1916
node=5771/7910 op=sum seconds=2011.27 eta_seconds=745.47 bootstraps=1918
node=5781/7910 op=addp seconds=2012.92 eta_seconds=741.309 bootstraps=1920
node=5791/7910 op=gather seconds=2017.84 eta_seconds=738.352 bootstraps=1926
node=5801/7910 op=add seconds=2021.05 eta_seconds=734.767 bootstraps=1930
node=5811/7910 op=add seconds=2025.26 eta_seconds=731.549 bootstraps=1934
node=5821/7910 op=add seconds=2029.39 eta_seconds=728.295 bootstraps=1938
node=5831/7910 op=mulp seconds=2032.06 eta_seconds=724.517 bootstraps=1942
node=5841/7910 op=repeat seconds=2037.16 eta_seconds=721.604 bootstraps=1946
node=5851/7910 op=sum seconds=2041.9 eta_seconds=718.557 bootstraps=1950
node=5861/7910 op=scatter seconds=2048.17 eta_seconds=716.037 bootstraps=1956
node=5871/7910 op=gather seconds=2051.68 eta_seconds=712.548 bootstraps=1958
node=5881/7910 op=cheb seconds=2056.05 eta_seconds=709.357 bootstraps=1962
node=5891/7910 op=gather seconds=2059.44 eta_seconds=705.823 bootstraps=1964
node=5901/7910 op=repeat seconds=2063.1 eta_seconds=702.385 bootstraps=1968
node=5911/7910 op=addp seconds=2065.12 eta_seconds=698.389 bootstraps=1970
node=5921/7910 op=repeat seconds=2068.08 eta_seconds=694.714 bootstraps=1974
node=5931/7910 op=mul seconds=2071.32 eta_seconds=691.139 bootstraps=1978
node=5941/7910 op=scatter seconds=2075.24 eta_seconds=687.786 bootstraps=1982
node=5951/7910 op=mul seconds=2076.22 eta_seconds=683.467 bootstraps=1982
node=5961/7910 op=addp seconds=2080.73 eta_seconds=680.313 bootstraps=1986
node=5971/7910 op=sum seconds=2083.73 eta_seconds=676.663 bootstraps=1990
node=5981/7910 op=add seconds=2087.48 eta_seconds=673.257 bootstraps=1994
node=5991/7910 op=repeat seconds=2093.29 eta_seconds=670.511 bootstraps=2000
node=6001/7910 op=mulp seconds=2097.48 eta_seconds=667.237 bootstraps=2004
node=6011/7910 op=mul seconds=2101.08 eta_seconds=663.776 bootstraps=2006
node=6021/7910 op=mul seconds=2105.33 eta_seconds=660.517 bootstraps=2010
node=6031/7910 op=gather seconds=2108.73 eta_seconds=656.991 bootstraps=2012
node=6041/7910 op=mul seconds=2112.65 eta_seconds=653.625 bootstraps=2016
node=6051/7910 op=repeat seconds=2115.8 eta_seconds=650.021 bootstraps=2020
node=6061/7910 op=mulp seconds=2117.3 eta_seconds=645.915 bootstraps=2022
node=6071/7910 op=add seconds=2120.54 eta_seconds=642.343 bootstraps=2026
node=6081/7910 op=add seconds=2124.39 eta_seconds=638.959 bootstraps=2030
node=6091/7910 op=scatter seconds=2126.79 eta_seconds=635.138 bootstraps=2032
node=6101/7910 op=mul seconds=2130.91 eta_seconds=631.832 bootstraps=2036
node=6111/7910 op=repeat seconds=2134.27 eta_seconds=628.302 bootstraps=2040
node=6121/7910 op=sum seconds=2136.68 eta_seconds=624.494 bootstraps=2042
node=6131/7910 op=add seconds=2142.15 eta_seconds=621.577 bootstraps=2048
node=6141/7910 op=cheb seconds=2146.49 eta_seconds=618.325 bootstraps=2052
node=6151/7910 op=add seconds=2152.42 eta_seconds=615.526 bootstraps=2056
client_token=1614 logit_margin=0.20132
node=6161/7910 op=feedback seconds=2155.57 eta_seconds=611.928 bootstraps=2060
node=6171/7910 op=linear_ref seconds=2158.85 eta_seconds=608.367 bootstraps=2060
node=6181/7910 op=cheb seconds=2159.33 eta_seconds=604.024 bootstraps=2060
node=6191/7910 op=add seconds=2162.06 eta_seconds=600.32 bootstraps=2060
node=6201/7910 op=mulp seconds=2162.76 eta_seconds=596.058 bootstraps=2060
node=6211/7910 op=addp seconds=2163.19 eta_seconds=591.735 bootstraps=2060
node=6221/7910 op=mul seconds=2163.83 eta_seconds=587.48 bootstraps=2060
node=6231/7910 op=gather seconds=2169.08 eta_seconds=584.478 bootstraps=2064
node=6241/7910 op=add seconds=2172.54 eta_seconds=580.991 bootstraps=2068
node=6251/7910 op=mul seconds=2173.76 eta_seconds=576.91 bootstraps=2068
node=6261/7910 op=mul seconds=2175.92 eta_seconds=573.086 bootstraps=2070
node=6271/7910 op=mul seconds=2180.21 eta_seconds=569.824 bootstraps=2074
node=6281/7910 op=mul seconds=2183.13 eta_seconds=566.204 bootstraps=2076
node=6291/7910 op=mul seconds=2186.9 eta_seconds=562.801 bootstraps=2078
node=6301/7910 op=gather seconds=2190.14 eta_seconds=559.267 bootstraps=2080
node=6311/7910 op=addp seconds=2193.8 eta_seconds=555.837 bootstraps=2084
node=6321/7910 op=gather seconds=2196.31 eta_seconds=552.117 bootstraps=2086
node=6331/7910 op=cheb seconds=2198.7 eta_seconds=548.373 bootstraps=2088
node=6341/7910 op=mulp seconds=2200.78 eta_seconds=544.556 bootstraps=2090
node=6351/7910 op=cheb seconds=2202.47 eta_seconds=540.648 bootstraps=2092
node=6361/7910 op=mul seconds=2204.86 eta_seconds=536.917 bootstraps=2094
node=6371/7910 op=gather seconds=2207.14 eta_seconds=533.164 bootstraps=2096
node=6381/7910 op=mul seconds=2210.19 eta_seconds=529.599 bootstraps=2098
node=6391/7910 op=mulp seconds=2214.51 eta_seconds=526.34 bootstraps=2102
node=6401/7910 op=mulp seconds=2214.56 eta_seconds=522.069 bootstraps=2102
node=6411/7910 op=repeat seconds=2218.27 eta_seconds=518.668 bootstraps=2104
node=6421/7910 op=sum seconds=2221.77 eta_seconds=515.218 bootstraps=2106
node=6431/7910 op=add seconds=2224.49 eta_seconds=511.587 bootstraps=2108
node=6441/7910 op=cheb seconds=2228.78 eta_seconds=508.319 bootstraps=2112
node=6451/7910 op=add seconds=2231.71 eta_seconds=504.738 bootstraps=2114
node=6461/7910 op=linear_ref seconds=2236.22 eta_seconds=501.513 bootstraps=2118
node=6471/7910 op=cheb seconds=2236.45 eta_seconds=497.334 bootstraps=2118
node=6481/7910 op=add seconds=2241.86 eta_seconds=494.31 bootstraps=2124
node=6491/7910 op=mulp seconds=2243.67 eta_seconds=490.49 bootstraps=2126
node=6501/7910 op=addp seconds=2245.23 eta_seconds=486.622 bootstraps=2128
node=6511/7910 op=mul seconds=2248.36 eta_seconds=483.099 bootstraps=2132
node=6521/7910 op=gather seconds=2252.5 eta_seconds=479.792 bootstraps=2136
node=6531/7910 op=add seconds=2256.87 eta_seconds=476.531 bootstraps=2142
node=6541/7910 op=mul seconds=2260.16 eta_seconds=473.041 bootstraps=2146
node=6551/7910 op=mul seconds=2263.45 eta_seconds=469.55 bootstraps=2150
node=6561/7910 op=mul seconds=2268.38 eta_seconds=466.398 bootstraps=2156
node=6571/7910 op=mul seconds=2270.76 eta_seconds=462.722 bootstraps=2158
node=6581/7910 op=mul seconds=2277.05 eta_seconds=459.84 bootstraps=2164
node=6591/7910 op=gather seconds=2281.58 eta_seconds=456.593 bootstraps=2168
node=6601/7910 op=addp seconds=2284.92 eta_seconds=453.108 bootstraps=2172
node=6611/7910 op=gather seconds=2288.13 eta_seconds=449.595 bootstraps=2174
node=6621/7910 op=cheb seconds=2291.7 eta_seconds=446.157 bootstraps=2178
node=6631/7910 op=mulp seconds=2293.67 eta_seconds=442.408 bootstraps=2180
node=6641/7910 op=cheb seconds=2295.3 eta_seconds=438.598 bootstraps=2182
node=6651/7910 op=mul seconds=2298.56 eta_seconds=435.105 bootstraps=2186
node=6661/7910 op=gather seconds=2301.94 eta_seconds=431.634 bootstraps=2190
node=6671/7910 op=mul seconds=2304.4 eta_seconds=427.994 bootstraps=2192
node=6681/7910 op=mulp seconds=2308.87 eta_seconds=424.726 bootstraps=2196
node=6691/7910 op=mulp seconds=2311.53 eta_seconds=421.126 bootstraps=2200
node=6701/7910 op=repeat seconds=2315.59 eta_seconds=417.781 bootstraps=2204
node=6711/7910 op=sum seconds=2318.02 eta_seconds=414.141 bootstraps=2206
node=6721/7910 op=add seconds=2323.53 eta_seconds=411.051 bootstraps=2212
node=6731/7910 op=cheb seconds=2327.87 eta_seconds=407.75 bootstraps=2216
node=6741/7910 op=add seconds=2333.24 eta_seconds=404.622 bootstraps=2220
node=6751/7910 op=linear_ref seconds=2338.04 eta_seconds=401.391 bootstraps=2224
node=6761/7910 op=cheb seconds=2338.34 eta_seconds=397.389 bootstraps=2224
node=6771/7910 op=add seconds=2343.86 eta_seconds=394.278 bootstraps=2230
node=6781/7910 op=mulp seconds=2345.75 eta_seconds=390.554 bootstraps=2232
node=6791/7910 op=addp seconds=2347.33 eta_seconds=386.786 bootstraps=2234
node=6801/7910 op=mul seconds=2350.61 eta_seconds=383.3 bootstraps=2238
node=6811/7910 op=gather seconds=2355.27 eta_seconds=380.038 bootstraps=2242
node=6821/7910 op=add seconds=2361.08 eta_seconds=376.956 bootstraps=2250
node=6831/7910 op=mul seconds=2363.45 eta_seconds=373.323 bootstraps=2252
node=6841/7910 op=mul seconds=2367.29 eta_seconds=369.921 bootstraps=2256
node=6851/7910 op=mul seconds=2373.3 eta_seconds=366.855 bootstraps=2262
node=6861/7910 op=mul seconds=2376.28 eta_seconds=363.318 bootstraps=2264
node=6871/7910 op=mul seconds=2383.31 eta_seconds=360.393 bootstraps=2270
node=6881/7910 op=gather seconds=2388.14 eta_seconds=357.128 bootstraps=2274
node=6891/7910 op=addp seconds=2392.42 eta_seconds=353.777 bootstraps=2278
node=6901/7910 op=gather seconds=2395.92 eta_seconds=350.31 bootstraps=2280
node=6911/7910 op=cheb seconds=2399.55 eta_seconds=346.86 bootstraps=2284
node=6921/7910 op=mulp seconds=2401.57 eta_seconds=343.181 bootstraps=2286
node=6931/7910 op=cheb seconds=2404.6 eta_seconds=339.649 bootstraps=2290
node=6941/7910 op=mul seconds=2406.55 eta_seconds=335.966 bootstraps=2292
node=6951/7910 op=gather seconds=2409.94 eta_seconds=332.489 bootstraps=2296
node=6961/7910 op=mul seconds=2414.87 eta_seconds=329.222 bootstraps=2302
node=6971/7910 op=mulp seconds=2418.69 eta_seconds=325.8 bootstraps=2306
node=6981/7910 op=mulp seconds=2421.35 eta_seconds=322.223 bootstraps=2310
node=6991/7910 op=repeat seconds=2425.36 eta_seconds=318.825 bootstraps=2314
node=7001/7910 op=sum seconds=2427.7 eta_seconds=315.209 bootstraps=2316
node=7011/7910 op=add seconds=2433.09 eta_seconds=311.988 bootstraps=2322
node=7021/7910 op=cheb seconds=2437.44 eta_seconds=308.629 bootstraps=2326
node=7031/7910 op=add seconds=2443.61 eta_seconds=305.495 bootstraps=2330
node=7041/7910 op=linear_ref seconds=2448.43 eta_seconds=302.185 bootstraps=2334
node=7051/7910 op=cheb seconds=2448.69 eta_seconds=298.316 bootstraps=2334
node=7061/7910 op=add seconds=2453.9 eta_seconds=295.052 bootstraps=2340
node=7071/7910 op=mulp seconds=2455.73 eta_seconds=291.381 bootstraps=2342
node=7081/7910 op=addp seconds=2457.23 eta_seconds=287.678 bootstraps=2344
node=7091/7910 op=mul seconds=2460.45 eta_seconds=284.178 bootstraps=2348
node=7101/7910 op=gather seconds=2465.32 eta_seconds=280.868 bootstraps=2352
node=7111/7910 op=add seconds=2468.63 eta_seconds=277.378 bootstraps=2356
node=7121/7910 op=mul seconds=2471.16 eta_seconds=273.802 bootstraps=2358
node=7131/7910 op=mul seconds=2474.51 eta_seconds=270.319 bootstraps=2362
node=7141/7910 op=mul seconds=2479.52 eta_seconds=267.015 bootstraps=2368
node=7151/7910 op=mul seconds=2482.01 eta_seconds=263.438 bootstraps=2370
node=7161/7910 op=mul seconds=2488.59 eta_seconds=260.292 bootstraps=2376
node=7171/7910 op=gather seconds=2493.38 eta_seconds=256.952 bootstraps=2380
node=7181/7910 op=addp seconds=2497.66 eta_seconds=253.557 bootstraps=2384
node=7191/7910 op=gather seconds=2501.13 eta_seconds=250.078 bootstraps=2386
node=7201/7910 op=cheb seconds=2505.14 eta_seconds=246.652 bootstraps=2390
node=7211/7910 op=mulp seconds=2507.07 eta_seconds=243.024 bootstraps=2392
node=7221/7910 op=cheb seconds=2510.11 eta_seconds=239.505 bootstraps=2396
node=7231/7910 op=mul seconds=2512.04 eta_seconds=235.884 bootstraps=2398
node=7241/7910 op=gather seconds=2515.45 eta_seconds=232.403 bootstraps=2402
node=7251/7910 op=mul seconds=2520.42 eta_seconds=229.066 bootstraps=2408
node=7261/7910 op=mulp seconds=2524.3 eta_seconds=225.626 bootstraps=2412
node=7271/7910 op=mulp seconds=2526.96 eta_seconds=222.078 bootstraps=2416
node=7281/7910 op=repeat seconds=2531.06 eta_seconds=218.656 bootstraps=2420
node=7291/7910 op=sum seconds=2533.49 eta_seconds=215.091 bootstraps=2422
node=7301/7910 op=add seconds=2538.99 eta_seconds=211.785 bootstraps=2428
node=7311/7910 op=cheb seconds=2543.3 eta_seconds=208.376 bootstraps=2432
node=7321/7910 op=add seconds=2549.48 eta_seconds=205.114 bootstraps=2436
node=7331/7910 op=linear_ref seconds=2554.26 eta_seconds=201.734 bootstraps=2440
node=7341/7910 op=cheb seconds=2554.55 eta_seconds=198.003 bootstraps=2440
node=7351/7910 op=add seconds=2560.01 eta_seconds=194.674 bootstraps=2446
node=7361/7910 op=mulp seconds=2561.84 eta_seconds=191.068 bootstraps=2448
node=7371/7910 op=addp seconds=2563.35 eta_seconds=187.443 bootstraps=2450
node=7381/7910 op=mul seconds=2566.56 eta_seconds=183.947 bootstraps=2454
node=7391/7910 op=gather seconds=2571.44 eta_seconds=180.568 bootstraps=2458
node=7401/7910 op=add seconds=2574.76 eta_seconds=177.077 bootstraps=2462
node=7411/7910 op=mul seconds=2577.29 eta_seconds=173.535 bootstraps=2464
node=7421/7910 op=mul seconds=2580.67 eta_seconds=170.051 bootstraps=2468
node=7431/7910 op=mul seconds=2585.69 eta_seconds=166.673 bootstraps=2474
node=7441/7910 op=mul seconds=2588.19 eta_seconds=163.131 bootstraps=2476
node=7451/7910 op=mul seconds=2594.97 eta_seconds=159.856 bootstraps=2482
node=7461/7910 op=gather seconds=2599.75 eta_seconds=156.452 bootstraps=2486
node=7471/7910 op=addp seconds=2604.03 eta_seconds=153.014 bootstraps=2490
node=7481/7910 op=gather seconds=2607.54 eta_seconds=149.53 bootstraps=2492
node=7491/7910 op=cheb seconds=2612.31 eta_seconds=146.117 bootstraps=2496
node=7501/7910 op=mulp seconds=2614.34 eta_seconds=142.549 bootstraps=2498
node=7511/7910 op=cheb seconds=2617.51 eta_seconds=139.047 bootstraps=2502
node=7521/7910 op=mul seconds=2620.86 eta_seconds=135.556 bootstraps=2506
node=7531/7910 op=gather seconds=2624.36 eta_seconds=132.072 bootstraps=2510
node=7541/7910 op=mul seconds=2628.41 eta_seconds=128.615 bootstraps=2514
node=7551/7910 op=mulp seconds=2632.66 eta_seconds=125.165 bootstraps=2518
node=7561/7910 op=mulp seconds=2635.33 eta_seconds=121.641 bootstraps=2522
node=7571/7910 op=repeat seconds=2641.86 eta_seconds=118.292 bootstraps=2528
node=7581/7910 op=sum seconds=2646.7 eta_seconds=114.861 bootstraps=2532
node=7591/7910 op=add seconds=2651.49 eta_seconds=111.425 bootstraps=2536
node=7601/7910 op=cheb seconds=2656.06 eta_seconds=107.976 bootstraps=2540
node=7611/7910 op=add seconds=2662.45 eta_seconds=104.595 bootstraps=2544
node=7621/7910 op=linear_ref seconds=2667.34 eta_seconds=101.15 bootstraps=2548
node=7631/7910 op=cheb seconds=2667.62 eta_seconds=97.5319 bootstraps=2548
node=7641/7910 op=add seconds=2672.86 eta_seconds=94.0976 bootstraps=2554
node=7651/7910 op=mulp seconds=2674.71 eta_seconds=90.5436 bootstraps=2556
node=7661/7910 op=addp seconds=2676.22 eta_seconds=86.9831 bootstraps=2558
node=7671/7910 op=mul seconds=2679.5 eta_seconds=83.4832 bootstraps=2562
node=7681/7910 op=gather seconds=2684.51 eta_seconds=80.0354 bootstraps=2566
node=7691/7910 op=add seconds=2687.88 eta_seconds=76.5369 bootstraps=2570
node=7701/7910 op=mul seconds=2690.44 eta_seconds=73.0168 bootstraps=2572
node=7711/7910 op=mul seconds=2693.82 eta_seconds=69.5202 bootstraps=2576
node=7721/7910 op=mul seconds=2698.87 eta_seconds=66.0648 bootstraps=2582
node=7731/7910 op=mul seconds=2701.37 eta_seconds=62.5462 bootstraps=2584
node=7741/7910 op=mul seconds=2708.15 eta_seconds=59.1237 bootstraps=2590
node=7751/7910 op=gather seconds=2713.01 eta_seconds=55.6534 bootstraps=2594
node=7761/7910 op=addp seconds=2717.45 eta_seconds=52.1712 bootstraps=2598
node=7771/7910 op=gather seconds=2720.98 eta_seconds=48.6703 bootstraps=2600
node=7781/7910 op=cheb seconds=2724.66 eta_seconds=45.1718 bootstraps=2604
node=7791/7910 op=mulp seconds=2726.7 eta_seconds=41.6477 bootstraps=2606
node=7801/7910 op=cheb seconds=2728.35 eta_seconds=38.122 bootstraps=2608
node=7811/7910 op=mul seconds=2731.66 eta_seconds=34.6223 bootstraps=2612
node=7821/7910 op=gather seconds=2735.11 eta_seconds=31.1245 bootstraps=2616
node=7831/7910 op=mul seconds=2737.64 eta_seconds=27.6177 bootstraps=2618
node=7841/7910 op=mulp seconds=2742.25 eta_seconds=24.1316 bootstraps=2622
node=7851/7910 op=mulp seconds=2744.91 eta_seconds=20.6279 bootstraps=2626
node=7861/7910 op=repeat seconds=2750.35 eta_seconds=17.1437 bootstraps=2632
node=7871/7910 op=sum seconds=2752.81 eta_seconds=13.6399 bootstraps=2634
node=7881/7910 op=add seconds=2758.37 eta_seconds=10.1501 bootstraps=2640
node=7891/7910 op=cheb seconds=2762.87 eta_seconds=6.65246 bootstraps=2644
node=7901/7910 op=add seconds=2768.94 eta_seconds=3.15409 bootstraps=2648
node=7910/7910 op=mulp seconds=2771.84 eta_seconds=0 bootstraps=2652
client_token=315 logit_margin=0.674854
passed=1 polynomial_error=0.000229014 exact_error=0.000216663 eval_seconds=2771.84
