GPU 0: NVIDIA GB10
 SMs: 48, SharedMem: 100 KB, Blocks/SM: 24, Threads/SM: 1536, L2 size: 24 MB, Bus: 256-bit
Adding bootstrap precomputation to GPU for 32768 slots.
Plaintexts loaded: 248 ~ 6262MB
Rotation keys loaded: 85 ~ 15300MB
setup_seconds=26.0791
planned_logical_refreshes=4
node=1/127 op=public seconds=0.196548 eta_seconds=24.7651 bootstraps=0
node=11/127 op=mulp seconds=0.926357 eta_seconds=9.76885 bootstraps=0
node=21/127 op=addp seconds=2.80273 eta_seconds=14.1471 bootstraps=0
node=31/127 op=mulp seconds=3.80765 eta_seconds=11.7914 bootstraps=0
node=41/127 op=mul seconds=4.39452 eta_seconds=9.21777 bootstraps=0
node=51/127 op=repeat seconds=4.95308 eta_seconds=7.38106 bootstraps=0
node=61/127 op=mul seconds=5.49637 eta_seconds=5.94689 bootstraps=0
node=71/127 op=gather seconds=6.48593 eta_seconds=5.11566 bootstraps=0
node=81/127 op=scatter seconds=7.00535 eta_seconds=3.97835 bootstraps=0
node=91/127 op=mul seconds=7.43462 eta_seconds=2.94117 bootstraps=0
node=101/127 op=linear seconds=9.93657 eta_seconds=2.55793 bootstraps=2
node=111/127 op=mulp seconds=11.4096 eta_seconds=1.64462 bootstraps=4
node=121/127 op=sum seconds=13.9146 eta_seconds=0.689982 bootstraps=6
node=127/127 op=mulp seconds=15.444 eta_seconds=0 bootstraps=8
passed=1 polynomial_error=9.24421e-06 exact_error=9.13161e-06 eval_seconds=15.4445
