GPU 0: NVIDIA GB10
 SMs: 48, SharedMem: 100 KB, Blocks/SM: 24, Threads/SM: 1536, L2 size: 24 MB, Bus: 256-bit
Adding bootstrap precomputation to GPU for 32768 slots.
Plaintexts loaded: 248 ~ 6262MB
Rotation keys loaded: 85 ~ 15300MB
setup_seconds=26.4414
planned_logical_refreshes=4
node=1/127 op=public seconds=0.202745 eta_seconds=25.5459 bootstraps=0
node=11/127 op=mulp seconds=0.909988 eta_seconds=9.59623 bootstraps=0
node=21/127 op=addp seconds=2.55503 eta_seconds=12.8968 bootstraps=0
node=31/127 op=mulp seconds=3.49887 eta_seconds=10.8352 bootstraps=0
node=41/127 op=mul seconds=4.03456 eta_seconds=8.46273 bootstraps=0
node=51/127 op=repeat seconds=4.51882 eta_seconds=6.73392 bootstraps=0
node=61/127 op=mul seconds=4.94853 eta_seconds=5.35415 bootstraps=0
node=71/127 op=gather seconds=5.65374 eta_seconds=4.45929 bootstraps=0
node=81/127 op=scatter seconds=5.99486 eta_seconds=3.40449 bootstraps=0
node=91/127 op=mul seconds=6.31996 eta_seconds=2.5002 bootstraps=0
node=101/127 op=linear seconds=8.69199 eta_seconds=2.23754 bootstraps=2
node=111/127 op=mulp seconds=10.16 eta_seconds=1.4645 bootstraps=4
node=121/127 op=sum seconds=12.5415 eta_seconds=0.62189 bootstraps=6
node=127/127 op=mulp seconds=14.0734 eta_seconds=0 bootstraps=8
passed=1 polynomial_error=1.32873e-05 exact_error=1.37564e-05 eval_seconds=14.0738
