GPU 0: NVIDIA GB10
 SMs: 48, SharedMem: 100 KB, Blocks/SM: 24, Threads/SM: 1536, L2 size: 24 MB, Bus: 256-bit
Adding bootstrap precomputation to GPU for 32768 slots.
Plaintexts loaded: 248 ~ 6262MB
Rotation keys loaded: 85 ~ 15300MB
setup_seconds=26.2555
planned_logical_refreshes=16
node=10/402 op=mul seconds=0.883742 eta_seconds=34.6427 bootstraps=0
node=20/402 op=addp seconds=2.40585 eta_seconds=45.9518 bootstraps=0
node=30/402 op=cheb seconds=3.57386 eta_seconds=44.3159 bootstraps=0
node=40/402 op=sum seconds=4.03756 eta_seconds=36.5399 bootstraps=0
node=50/402 op=addp seconds=4.50629 eta_seconds=31.7243 bootstraps=0
node=60/402 op=scatter seconds=5.0056 eta_seconds=28.5319 bootstraps=0
node=70/402 op=mul seconds=5.78128 eta_seconds=27.4198 bootstraps=0
node=80/402 op=scatter seconds=6.17556 eta_seconds=24.8566 bootstraps=0
node=90/402 op=scatter seconds=6.65541 eta_seconds=23.0721 bootstraps=0
node=100/402 op=gather seconds=8.6415 eta_seconds=26.0973 bootstraps=0
node=110/402 op=mul seconds=10.02 eta_seconds=26.5985 bootstraps=0
node=120/402 op=cheb seconds=11.0704 eta_seconds=26.0155 bootstraps=0
node=130/402 op=sum seconds=11.5008 eta_seconds=24.0632 bootstraps=0
node=140/402 op=addp seconds=11.9685 eta_seconds=22.3982 bootstraps=0
node=150/402 op=scatter seconds=12.4338 eta_seconds=20.8887 bootstraps=0
node=160/402 op=mul seconds=13.2087 eta_seconds=19.9782 bootstraps=0
node=170/402 op=scatter seconds=13.6057 eta_seconds=18.5678 bootstraps=0
node=180/402 op=mulp seconds=13.7818 eta_seconds=16.9976 bootstraps=0
node=190/402 op=mul seconds=15.7028 eta_seconds=17.521 bootstraps=2
node=200/402 op=mul seconds=16.4584 eta_seconds=16.623 bootstraps=2
node=210/402 op=add seconds=17.1952 eta_seconds=15.7213 bootstraps=2
node=220/402 op=mul seconds=19.2443 eta_seconds=15.9203 bootstraps=4
node=230/402 op=linear seconds=22.0171 eta_seconds=16.465 bootstraps=6
node=240/402 op=cheb seconds=22.2387 eta_seconds=15.0111 bootstraps=6
node=250/402 op=cheb seconds=24.195 eta_seconds=14.7106 bootstraps=8
client_token=6864 logit_margin=5.73049
node=260/402 op=cheb seconds=24.8273 eta_seconds=13.5595 bootstraps=8
node=270/402 op=gather seconds=26.4576 eta_seconds=12.9348 bootstraps=8
node=280/402 op=repeat seconds=28.3532 eta_seconds=12.3539 bootstraps=8
node=290/402 op=addp seconds=28.9268 eta_seconds=11.1717 bootstraps=8
node=300/402 op=repeat seconds=29.6509 eta_seconds=10.0813 bootstraps=8
node=310/402 op=mul seconds=30.1019 eta_seconds=8.93346 bootstraps=8
node=320/402 op=scatter seconds=30.5224 eta_seconds=7.82135 bootstraps=8
node=330/402 op=mul seconds=30.9831 eta_seconds=6.75995 bootstraps=8
node=340/402 op=addp seconds=31.4929 eta_seconds=5.74283 bootstraps=8
node=350/402 op=mul seconds=31.6739 eta_seconds=4.70584 bootstraps=8
node=360/402 op=repeat seconds=33.5052 eta_seconds=3.90894 bootstraps=10
node=370/402 op=mul seconds=34.0781 eta_seconds=2.9473 bootstraps=10
node=380/402 op=gather seconds=36.1463 eta_seconds=2.09268 bootstraps=12
node=390/402 op=addp seconds=38.0881 eta_seconds=1.17194 bootstraps=14
node=394/402 op=mulp seconds=39.5757 eta_seconds=0.803568 bootstraps=16
client_token=6864 logit_margin=5.21148
passed=1 polynomial_error=1.47505e-05 exact_error=2.30742e-05 eval_seconds=39.5771
