GPU 0: NVIDIA GB10
 SMs: 48, SharedMem: 100 KB, Blocks/SM: 24, Threads/SM: 1536, L2 size: 24 MB, Bus: 256-bit
Adding bootstrap precomputation to GPU for 32768 slots.
Plaintexts loaded: 248 ~ 6262MB
Rotation keys loaded: 85 ~ 15300MB
setup_seconds=26.7051
planned_logical_refreshes=4
node=1/127 op=public seconds=0.192975 eta_seconds=24.3148 bootstraps=0
node=11/127 op=mulp seconds=0.913099 eta_seconds=9.62904 bootstraps=0
node=21/127 op=addp seconds=2.62852 eta_seconds=13.2678 bootstraps=0
node=31/127 op=mulp seconds=3.64116 eta_seconds=11.2758 bootstraps=0
node=41/127 op=mul seconds=4.21662 eta_seconds=8.84461 bootstraps=0
node=51/127 op=repeat seconds=4.75798 eta_seconds=7.09033 bootstraps=0
node=61/127 op=mul seconds=5.20645 eta_seconds=5.63321 bootstraps=0
node=71/127 op=gather seconds=5.94619 eta_seconds=4.68995 bootstraps=0
node=81/127 op=scatter seconds=6.30575 eta_seconds=3.58104 bootstraps=0
node=91/127 op=mul seconds=6.64871 eta_seconds=2.63026 bootstraps=0
node=101/127 op=linear seconds=9.06879 eta_seconds=2.33454 bootstraps=2
node=111/127 op=mulp seconds=10.5474 eta_seconds=1.52034 bootstraps=4
node=121/127 op=sum seconds=12.9843 eta_seconds=0.643849 bootstraps=6
node=127/127 op=mulp seconds=14.5187 eta_seconds=0 bootstraps=8
passed=1 polynomial_error=1.18197e-05 exact_error=1.17694e-05 eval_seconds=14.5192
