{
  "command": [
    "/home/kataiwa/fhemamba/mamba3-20260924/packed_plaintext_probe-gpu-ntt-final",
    "/home/kataiwa/fhemamba/mamba3-20260924/gpu-ntt-probe-final/native.json"
  ],
  "started_utc": "2026-09-24T02:13:49.664965+00:00",
  "binary_sha256": "55c97cf885e5901091dc177e04a401856c8106d4bc6a8fa0ab660d7e14e7bdae",
  "allowed_cpus": [
    15,
    16,
    17,
    18,
    19
  ],
  "omp_num_threads": "4",
  "passed": true,
  "timed_out": false,
  "returncode": 0,
  "wall_seconds": 41.82546588592231,
  "native_sha256": "b3627360b3443066fcca2f78fbfef0309ebb36128f2bcebc1d0fd6b1f5489bdd",
  "campaign_used_seconds": 392.1062383549288
}
gpu-encoding-layer-c1 {"schema": "fhemamba-packed-run-v1", "started_utc": "2026-09-24T02:14:31.785403+00:00", "command": ["/home/kataiwa/fhemamba/mamba3-20260924/packed_fideslib-gpu-ntt-final", "/home/kataiwa/fhemamba/mamba3-20260924/lm-layer1/program.txt", "/home/kataiwa/fhemamba/mamba3-20260924/gpu-encoding-layer-c1/native.json", "0.001", "0.001", "--client-head", "/home/kataiwa/fhemamba/mamba3-20260924/lm-layer1/client_head.f32", "--planned-refresh", "--batch-refresh", "--profile-evaluation", "--inplace-ops", "--fast-plaintext-upload", "--gpu-plaintext-ntt"], "binary_sha256": "0b50a6aafce942a6e2b3794bfa0e7c1ad8ccdb2d1836160007b7d17d25e8bdfb", "manifest_sha256": "f3979518293ac0f29c4638c783b1157d3a02c7a2786d2a76ef0e484d36a8eec4", "program_sha256": "9c2df86c380a8053406e163f4485eaafabd2d85f14e9ce0df62294c8fbe27917", "timeout_seconds": 300.0, "architecture": "mamba3", "tokens": 3, "timed_out": false, "returncode": 0, "wall_seconds": 85.11707505676895, "passed": true, "native_sha256": "98c7cd20b0ca86d5447a30c7848f3d5396ba125d62f82fbbd26b1f5befbc077f", "complete_backbone": false, "expected_text": "The capital capital capital", "campaign_budget_seconds": 21600, "campaign_used_seconds": 477.51202219352126}
gpu-encoding-layer-c1 {'eval_seconds': 55.624991574, 'host_encoding_seconds': 11.377660574, 'plaintext_upload_seconds': 3.959275563, 'max_abs_error_vs_exact': 2.03527453801e-05, 'generated_token_ids': [6864, 6864]}
gpu-encoding-synthetic-c1 {"schema": "fhemamba-packed-run-v1", "started_utc": "2026-09-24T02:15:56.986342+00:00", "command": ["/home/kataiwa/fhemamba/mamba3-20260924/packed_fideslib-gpu-ntt-final", "/home/kataiwa/fhemamba/mamba3-20260924/payload/program.txt", "/home/kataiwa/fhemamba/mamba3-20260924/gpu-encoding-synthetic-c1/native.json", "0.001", "0.001", "--planned-refresh", "--batch-refresh", "--profile-evaluation", "--inplace-ops", "--cache-plaintexts", "--fast-plaintext-upload", "--gpu-plaintext-ntt"], "binary_sha256": "0b50a6aafce942a6e2b3794bfa0e7c1ad8ccdb2d1836160007b7d17d25e8bdfb", "manifest_sha256": "461351e19053c34e36713abcafa206bbbe1549c4c561564a036ccc1e4ac6d872", "program_sha256": "7e4ad8f9b91b3e885e3b1dae9d2cfd29a2fac92d94b68b4ac72cfe59fc372831", "timeout_seconds": 180.0, "architecture": "mamba3", "tokens": 4, "timed_out": false, "returncode": 0, "wall_seconds": 47.82437778543681, "passed": true, "native_sha256": "9bf0473280df4169adf6cef56c0b7cb0b313a7a66abd8a73a886a7a3c7bd7834", "campaign_budget_seconds": 21600, "campaign_used_seconds": 525.3471895046532}
gpu-encoding-synthetic-c1 {'eval_seconds': 28.024689274, 'host_encoding_seconds': 1.118741248, 'plaintext_upload_seconds': 1.965362341, 'max_abs_error_vs_exact': 7.72198950894e-08, 'generated_token_ids': []}
gpu-encoding-final-prefix-a1 {"schema": "fhemamba-packed-run-v1", "started_utc": "2026-09-24T02:16:44.898972+00:00", "command": ["/home/kataiwa/fhemamba/mamba3-20260924/packed_fideslib-gpu-ntt-final", "/home/kataiwa/fhemamba/mamba3-20260924/lm-layer1-prefix/program.txt", "/home/kataiwa/fhemamba/mamba3-20260924/gpu-encoding-final-prefix-a1/native.json", "0.001", "0.001", "--planned-refresh", "--batch-refresh", "--profile-evaluation", "--inplace-ops"], "binary_sha256": "0b50a6aafce942a6e2b3794bfa0e7c1ad8ccdb2d1836160007b7d17d25e8bdfb", "manifest_sha256": "f836bff8529a8c0252a4e910253e6f4dc8dc2dde7786be3e70b71b5b1136ef1e", "program_sha256": "327df6348ae284e613ea8a0493def98cb70499034807b7a92fec4d9da8fcc607", "timeout_seconds": 150, "architecture": "mamba3", "tokens": 1, "timed_out": false, "returncode": 0, "wall_seconds": 48.88185130059719, "passed": true, "native_sha256": "511463096f78ad42307df296724f0f49e31e739bb4c819366205857ec1ea2d4c", "campaign_budget_seconds": 21600, "campaign_used_seconds": 574.3356516100466}
gpu-encoding-final-prefix-a1 {'eval_seconds': 19.71109085, 'host_encoding_seconds': 6.174795433, 'plaintext_upload_seconds': 0, 'max_abs_error_vs_exact': 1.13248956805e-05, 'generated_token_ids': []}
gpu-encoding-final-prefix-c2 {"schema": "fhemamba-packed-run-v1", "started_utc": "2026-09-24T02:17:33.929215+00:00", "command": ["/home/kataiwa/fhemamba/mamba3-20260924/packed_fideslib-gpu-ntt-final", "/home/kataiwa/fhemamba/mamba3-20260924/lm-layer1-prefix/program.txt", "/home/kataiwa/fhemamba/mamba3-20260924/gpu-encoding-final-prefix-c2/native.json", "0.001", "0.001", "--planned-refresh", "--batch-refresh", "--profile-evaluation", "--inplace-ops", "--fast-plaintext-upload", "--gpu-plaintext-ntt"], "binary_sha256": "0b50a6aafce942a6e2b3794bfa0e7c1ad8ccdb2d1836160007b7d17d25e8bdfb", "manifest_sha256": "f836bff8529a8c0252a4e910253e6f4dc8dc2dde7786be3e70b71b5b1136ef1e", "program_sha256": "327df6348ae284e613ea8a0493def98cb70499034807b7a92fec4d9da8fcc607", "timeout_seconds": 150, "architecture": "mamba3", "tokens": 1, "timed_out": false, "returncode": 0, "wall_seconds": 45.74182250071317, "passed": true, "native_sha256": "958d337325021081a54cd29855de1b02afd8620a02c0325a00a8df3f0a21e951", "campaign_budget_seconds": 21600, "campaign_used_seconds": 620.1837294800207}
gpu-encoding-final-prefix-c2 {'eval_seconds': 16.402926612, 'host_encoding_seconds': 3.494569322, 'plaintext_upload_seconds': 1.202544481, 'max_abs_error_vs_exact': 2.02141582941e-05, 'generated_token_ids': []}
gpu-encoding-final-prefix-c3 {"schema": "fhemamba-packed-run-v1", "started_utc": "2026-09-24T02:18:19.781101+00:00", "command": ["/home/kataiwa/fhemamba/mamba3-20260924/packed_fideslib-gpu-ntt-final", "/home/kataiwa/fhemamba/mamba3-20260924/lm-layer1-prefix/program.txt", "/home/kataiwa/fhemamba/mamba3-20260924/gpu-encoding-final-prefix-c3/native.json", "0.001", "0.001", "--planned-refresh", "--batch-refresh", "--profile-evaluation", "--inplace-ops", "--fast-plaintext-upload", "--gpu-plaintext-ntt"], "binary_sha256": "0b50a6aafce942a6e2b3794bfa0e7c1ad8ccdb2d1836160007b7d17d25e8bdfb", "manifest_sha256": "f836bff8529a8c0252a4e910253e6f4dc8dc2dde7786be3e70b71b5b1136ef1e", "program_sha256": "327df6348ae284e613ea8a0493def98cb70499034807b7a92fec4d9da8fcc607", "timeout_seconds": 150, "architecture": "mamba3", "tokens": 1, "timed_out": false, "returncode": 0, "wall_seconds": 45.87087017390877, "passed": true, "native_sha256": "94009b5d784b7d3367f1293d709e9013d4581aa55a9b8e6b5b66f5c064de71ca", "campaign_budget_seconds": 21600, "campaign_used_seconds": 666.1611293042079}
gpu-encoding-final-prefix-c3 {'eval_seconds': 16.442527884, 'host_encoding_seconds': 3.507484725, 'plaintext_upload_seconds': 1.207857111, 'max_abs_error_vs_exact': 1.01515698915e-05, 'generated_token_ids': []}
gpu-encoding-final-prefix-a4 {"schema": "fhemamba-packed-run-v1", "started_utc": "2026-09-24T02:19:05.801548+00:00", "command": ["/home/kataiwa/fhemamba/mamba3-20260924/packed_fideslib-gpu-ntt-final", "/home/kataiwa/fhemamba/mamba3-20260924/lm-layer1-prefix/program.txt", "/home/kataiwa/fhemamba/mamba3-20260924/gpu-encoding-final-prefix-a4/native.json", "0.001", "0.001", "--planned-refresh", "--batch-refresh", "--profile-evaluation", "--inplace-ops"], "binary_sha256": "0b50a6aafce942a6e2b3794bfa0e7c1ad8ccdb2d1836160007b7d17d25e8bdfb", "manifest_sha256": "f836bff8529a8c0252a4e910253e6f4dc8dc2dde7786be3e70b71b5b1136ef1e", "program_sha256": "327df6348ae284e613ea8a0493def98cb70499034807b7a92fec4d9da8fcc607", "timeout_seconds": 150, "architecture": "mamba3", "tokens": 1, "timed_out": false, "returncode": 0, "wall_seconds": 48.94782524369657, "passed": true, "native_sha256": "62b4d59ea0fb3133ccc3a3a805f06c6c6f4662ecb95c456f70154cd3bcdec0a4", "campaign_budget_seconds": 21600, "campaign_used_seconds": 715.2154268659651}
gpu-encoding-final-prefix-a4 {'eval_seconds': 19.711557919, 'host_encoding_seconds': 6.194903229, 'plaintext_upload_seconds': 0, 'max_abs_error_vs_exact': 1.24178214892e-05, 'generated_token_ids': []}
gpu-encoding-full-a1 {"schema": "fhemamba-packed-run-v1", "started_utc": "2026-09-24T02:19:55.633104+00:00", "command": ["/home/kataiwa/fhemamba/mamba3-20260924/packed_fideslib-gpu-ntt-final", "/home/kataiwa/fhemamba/mamba3-20260924/lm-full/program.txt", "/home/kataiwa/fhemamba/mamba3-20260924/gpu-encoding-full-a1/native.json", "0.001", "0.001", "--client-head", "/home/kataiwa/fhemamba/mamba3-20260924/lm-full/client_head.f32", "--planned-refresh", "--batch-refresh", "--profile-evaluation", "--inplace-ops"], "binary_sha256": "0b50a6aafce942a6e2b3794bfa0e7c1ad8ccdb2d1836160007b7d17d25e8bdfb", "manifest_sha256": "6627d2fa2e0169f8d88bfc26dff711b06a0f511f25a9246e256270314c9843a7", "program_sha256": "9a76a6b65c86112811638d579f9046c2cb46516437f64acdbdc9fbf1355be199", "timeout_seconds": 2400.0, "architecture": "mamba3", "tokens": 5, "timed_out": false, "returncode": 0, "wall_seconds": 1352.7959508541971, "passed": true, "native_sha256": "ab3bd66440f8664f9350a1042239a7db5427e8f163fe4e2003d9f4e66569a888", "complete_backbone": true, "expected_text": "The capital of the state of", "campaign_budget_seconds": 21600, "campaign_used_seconds": 2069.359938269481}
gpu-encoding-full-a1 {'eval_seconds': 1312.19848751, 'host_encoding_seconds': 378.837731831, 'plaintext_upload_seconds': 0, 'max_abs_error_vs_exact': 0.000118052882629, 'generated_token_ids': [315, 279, 1614, 315]}
gpu-encoding-full-c2 {"schema": "fhemamba-packed-run-v1", "started_utc": "2026-09-24T02:42:29.827266+00:00", "command": ["/home/kataiwa/fhemamba/mamba3-20260924/packed_fideslib-gpu-ntt-final", "/home/kataiwa/fhemamba/mamba3-20260924/lm-full/program.txt", "/home/kataiwa/fhemamba/mamba3-20260924/gpu-encoding-full-c2/native.json", "0.001", "0.001", "--client-head", "/home/kataiwa/fhemamba/mamba3-20260924/lm-full/client_head.f32", "--planned-refresh", "--batch-refresh", "--profile-evaluation", "--inplace-ops", "--fast-plaintext-upload", "--gpu-plaintext-ntt"], "binary_sha256": "0b50a6aafce942a6e2b3794bfa0e7c1ad8ccdb2d1836160007b7d17d25e8bdfb", "manifest_sha256": "6627d2fa2e0169f8d88bfc26dff711b06a0f511f25a9246e256270314c9843a7", "program_sha256": "9a76a6b65c86112811638d579f9046c2cb46516437f64acdbdc9fbf1355be199", "timeout_seconds": 2400.0, "architecture": "mamba3", "tokens": 5, "timed_out": false, "returncode": 0, "wall_seconds": 1155.9236730989069, "passed": true, "native_sha256": "ed8312e05ec1ef6d5b8234cc85f58710d39b1a0ba406e92b5440cf5a131fd2a3", "complete_backbone": true, "expected_text": "The capital of the state of", "campaign_budget_seconds": 21600, "campaign_used_seconds": 3226.6348105072975}
gpu-encoding-full-c2 {'eval_seconds': 1115.5139722, 'host_encoding_seconds': 218.560430586, 'plaintext_upload_seconds': 73.496719771, 'max_abs_error_vs_exact': 8.83435443022e-05, 'generated_token_ids': [315, 279, 1614, 315]}
