GPU 0: NVIDIA GB10
 SMs: 48, SharedMem: 100 KB, Blocks/SM: 24, Threads/SM: 1536, L2 size: 24 MB, Bus: 256-bit
Adding bootstrap precomputation to GPU for 32768 slots.
Plaintexts loaded: 248 ~ 6262MB
Rotation keys loaded: 85 ~ 15300MB
setup_seconds=26.6282
planned_logical_refreshes=4
node=1/127 op=public seconds=0.191747 eta_seconds=24.1601 bootstraps=0
node=11/127 op=mulp seconds=0.929556 eta_seconds=9.80259 bootstraps=0
node=21/127 op=addp seconds=3.07226 eta_seconds=15.5076 bootstraps=0
node=31/127 op=mulp seconds=4.15134 eta_seconds=12.8558 bootstraps=0
node=41/127 op=mul seconds=4.74733 eta_seconds=9.95782 bootstraps=0
node=51/127 op=repeat seconds=5.31556 eta_seconds=7.92123 bootstraps=0
node=61/127 op=mul seconds=5.91189 eta_seconds=6.39647 bootstraps=0
node=71/127 op=gather seconds=6.98083 eta_seconds=5.50601 bootstraps=0
node=81/127 op=scatter seconds=7.55306 eta_seconds=4.28939 bootstraps=0
node=91/127 op=mul seconds=8.01729 eta_seconds=3.17167 bootstraps=0
node=101/127 op=linear seconds=10.7548 eta_seconds=2.76856 bootstraps=2
node=111/127 op=mulp seconds=12.2351 eta_seconds=1.76362 bootstraps=4
node=121/127 op=sum seconds=14.8958 eta_seconds=0.738636 bootstraps=6
node=127/127 op=mulp seconds=16.4421 eta_seconds=0 bootstraps=8
passed=1 polynomial_error=9.31782e-06 exact_error=1.01516e-05 eval_seconds=16.4425
