GPU 0: NVIDIA GB10
 SMs: 48, SharedMem: 100 KB, Blocks/SM: 24, Threads/SM: 1536, L2 size: 24 MB, Bus: 256-bit
Adding bootstrap precomputation to GPU for 32768 slots.
Plaintexts loaded: 248 ~ 6262MB
Rotation keys loaded: 85 ~ 15300MB
setup_seconds=26.3993
planned_logical_refreshes=4
node=1/127 op=public seconds=0.179923 eta_seconds=22.6703 bootstraps=0
node=11/127 op=mulp seconds=0.999737 eta_seconds=10.5427 bootstraps=0
node=21/127 op=addp seconds=3.85358 eta_seconds=19.4514 bootstraps=0
node=31/127 op=mulp seconds=5.13447 eta_seconds=15.9003 bootstraps=0
node=41/127 op=mul seconds=5.83471 eta_seconds=12.2387 bootstraps=0
node=51/127 op=repeat seconds=6.45421 eta_seconds=9.61804 bootstraps=0
node=61/127 op=mul seconds=7.2583 eta_seconds=7.85324 bootstraps=0
node=71/127 op=gather seconds=8.72959 eta_seconds=6.88531 bootstraps=0
node=81/127 op=scatter seconds=9.48959 eta_seconds=5.38915 bootstraps=0
node=91/127 op=mul seconds=10.152 eta_seconds=4.01617 bootstraps=0
node=101/127 op=linear seconds=13.3018 eta_seconds=3.42422 bootstraps=2
node=111/127 op=mulp seconds=14.8124 eta_seconds=2.13512 bootstraps=4
node=121/127 op=sum seconds=17.9519 eta_seconds=0.890174 bootstraps=6
node=127/127 op=mulp seconds=19.5404 eta_seconds=0 bootstraps=8
passed=1 polynomial_error=1.58444e-05 exact_error=1.5846e-05 eval_seconds=19.5409
