GPU 0: NVIDIA GB10
 SMs: 48, SharedMem: 100 KB, Blocks/SM: 24, Threads/SM: 1536, L2 size: 24 MB, Bus: 256-bit
Adding bootstrap precomputation to GPU for 32768 slots.
Plaintexts loaded: 248 ~ 6262MB
Rotation keys loaded: 85 ~ 15300MB
setup_seconds=26.5209
planned_logical_refreshes=623
node=1/7910 op=public seconds=0.195375 eta_seconds=1545.22 bootstraps=0
node=11/7910 op=public seconds=1.5431 eta_seconds=1108.08 bootstraps=0
node=21/7910 op=mul seconds=2.39026 eta_seconds=897.942 bootstraps=0
node=31/7910 op=gather seconds=4.21659 eta_seconds=1071.69 bootstraps=0
node=41/7910 op=mul seconds=5.2149 eta_seconds=1000.88 bootstraps=0
node=51/7910 op=repeat seconds=5.90107 eta_seconds=909.343 bootstraps=0
node=61/7910 op=mulp seconds=6.27412 eta_seconds=807.304 bootstraps=0
node=71/7910 op=add seconds=6.82824 eta_seconds=753.895 bootstraps=0
node=81/7910 op=add seconds=7.55876 eta_seconds=730.587 bootstraps=0
node=91/7910 op=scatter seconds=8.20143 eta_seconds=704.692 bootstraps=0
node=111/7910 op=mul seconds=10.7583 eta_seconds=755.891 bootstraps=2
node=121/7910 op=mul seconds=11.608 eta_seconds=747.226 bootstraps=2
node=131/7910 op=scatter seconds=14.493 eta_seconds=860.62 bootstraps=4
node=141/7910 op=gather seconds=18.0564 eta_seconds=994.896 bootstraps=8
node=161/7910 op=cheb seconds=20.246 eta_seconds=974.451 bootstraps=10
node=171/7910 op=sum seconds=20.4791 eta_seconds=926.827 bootstraps=10
node=181/7910 op=addp seconds=20.6246 eta_seconds=880.705 bootstraps=10
node=191/7910 op=scatter seconds=22.7662 eta_seconds=920.066 bootstraps=12
node=201/7910 op=mul seconds=24.0451 eta_seconds=922.208 bootstraps=12
node=211/7910 op=scatter seconds=24.6755 eta_seconds=900.363 bootstraps=12
node=221/7910 op=sum seconds=24.9961 eta_seconds=869.66 bootstraps=12
node=231/7910 op=scatter seconds=27.0407 eta_seconds=898.899 bootstraps=14
node=241/7910 op=gather seconds=29.2696 eta_seconds=931.404 bootstraps=16
node=251/7910 op=cheb seconds=32.8042 eta_seconds=1000.98 bootstraps=20
node=271/7910 op=repeat seconds=35.4776 eta_seconds=1000.05 bootstraps=22
node=281/7910 op=addp seconds=35.9021 eta_seconds=974.724 bootstraps=22
node=291/7910 op=repeat seconds=36.1775 eta_seconds=947.204 bootstraps=22
node=301/7910 op=mul seconds=36.489 eta_seconds=922.409 bootstraps=22
node=311/7910 op=scatter seconds=38.9097 eta_seconds=950.723 bootstraps=24
node=321/7910 op=mul seconds=39.7305 eta_seconds=939.298 bootstraps=24
node=341/7910 op=add seconds=40.9144 eta_seconds=908.157 bootstraps=24
node=351/7910 op=cheb seconds=43.2812 eta_seconds=932.086 bootstraps=26
node=361/7910 op=add seconds=45.7541 eta_seconds=956.781 bootstraps=28
node=371/7910 op=linear seconds=47.8073 eta_seconds=971.481 bootstraps=30
node=381/7910 op=cheb seconds=49.5536 eta_seconds=979.236 bootstraps=32
node=391/7910 op=add seconds=50.0164 eta_seconds=961.825 bootstraps=32
node=401/7910 op=mulp seconds=50.2963 eta_seconds=941.832 bootstraps=32
node=411/7910 op=addp seconds=50.443 eta_seconds=920.369 bootstraps=32
node=421/7910 op=mul seconds=50.7371 eta_seconds=902.542 bootstraps=32
node=431/7910 op=gather seconds=55.2991 eta_seconds=959.586 bootstraps=36
node=441/7910 op=add seconds=55.7013 eta_seconds=943.386 bootstraps=36
node=451/7910 op=mulp seconds=56.2489 eta_seconds=930.29 bootstraps=36
node=461/7910 op=add seconds=58.7319 eta_seconds=949.011 bootstraps=38
node=471/7910 op=linear seconds=60.775 eta_seconds=959.884 bootstraps=40
node=481/7910 op=mulp seconds=62.7958 eta_seconds=969.876 bootstraps=42
node=491/7910 op=gather seconds=64.8385 eta_seconds=979.709 bootstraps=44
node=501/7910 op=cheb seconds=66.7934 eta_seconds=987.769 bootstraps=46
node=511/7910 op=sum seconds=67.2498 eta_seconds=973.74 bootstraps=46
node=521/7910 op=addp seconds=67.4768 eta_seconds=956.979 bootstraps=46
node=531/7910 op=gather seconds=67.874 eta_seconds=943.206 bootstraps=46
node=541/7910 op=add seconds=69.9017 eta_seconds=952.136 bootstraps=48
node=551/7910 op=add seconds=71.0939 eta_seconds=949.509 bootstraps=48
node=561/7910 op=add seconds=72.0233 eta_seconds=943.492 bootstraps=48
node=571/7910 op=repeat seconds=72.2823 eta_seconds=929.036 bootstraps=48
node=581/7910 op=mulp seconds=74.5376 eta_seconds=940.252 bootstraps=50
node=591/7910 op=mul seconds=78.1345 eta_seconds=967.625 bootstraps=54
node=601/7910 op=mul seconds=80.1602 eta_seconds=974.86 bootstraps=56
node=611/7910 op=gather seconds=80.8609 eta_seconds=965.963 bootstraps=56
node=621/7910 op=mul seconds=83.0502 eta_seconds=974.803 bootstraps=58
node=631/7910 op=repeat seconds=83.3263 eta_seconds=961.224 bootstraps=58
node=641/7910 op=mulp seconds=83.4975 eta_seconds=946.87 bootstraps=58
node=651/7910 op=add seconds=83.8017 eta_seconds=934.434 bootstraps=58
node=661/7910 op=add seconds=87.7479 eta_seconds=962.307 bootstraps=62
node=671/7910 op=scatter seconds=88.5593 eta_seconds=955.411 bootstraps=62
node=691/7910 op=mul seconds=89.6722 eta_seconds=936.821 bootstraps=62
node=701/7910 op=mul seconds=91.9444 eta_seconds=945.545 bootstraps=64
node=711/7910 op=scatter seconds=94.4208 eta_seconds=956.027 bootstraps=66
node=721/7910 op=gather seconds=96.6427 eta_seconds=963.612 bootstraps=68
node=741/7910 op=cheb seconds=99.033 eta_seconds=958.121 bootstraps=70
node=751/7910 op=sum seconds=99.2341 eta_seconds=945.961 bootstraps=70
node=761/7910 op=addp seconds=99.3617 eta_seconds=933.425 bootstraps=70
node=771/7910 op=scatter seconds=101.425 eta_seconds=939.135 bootstraps=72
node=781/7910 op=mul seconds=102.866 eta_seconds=938.961 bootstraps=72
node=791/7910 op=scatter seconds=103.593 eta_seconds=932.338 bootstraps=72
node=801/7910 op=sum seconds=103.94 eta_seconds=922.486 bootstraps=72
node=811/7910 op=scatter seconds=106.288 eta_seconds=930.384 bootstraps=74
node=821/7910 op=gather seconds=106.916 eta_seconds=923.178 bootstraps=74
node=831/7910 op=cheb seconds=110.417 eta_seconds=940.602 bootstraps=78
node=851/7910 op=repeat seconds=112.899 eta_seconds=936.489 bootstraps=80
node=861/7910 op=addp seconds=113.257 eta_seconds=927.234 bootstraps=80
node=871/7910 op=repeat seconds=116.333 eta_seconds=940.144 bootstraps=84
node=881/7910 op=mul seconds=116.999 eta_seconds=933.469 bootstraps=84
node=891/7910 op=scatter seconds=117.728 eta_seconds=927.425 bootstraps=84
node=901/7910 op=mul seconds=118.211 eta_seconds=919.576 bootstraps=84
node=921/7910 op=add seconds=120.99 eta_seconds=918.134 bootstraps=86
node=931/7910 op=cheb seconds=123.266 eta_seconds=924.029 bootstraps=88
node=941/7910 op=add seconds=125.772 eta_seconds=931.465 bootstraps=90
node=951/7910 op=linear seconds=127.981 eta_seconds=936.507 bootstraps=92
node=961/7910 op=cheb seconds=128.094 eta_seconds=926.249 bootstraps=92
node=971/7910 op=add seconds=129.934 eta_seconds=928.539 bootstraps=94
node=981/7910 op=mulp seconds=131.624 eta_seconds=929.683 bootstraps=96
node=991/7910 op=addp seconds=133.151 eta_seconds=929.636 bootstraps=98
node=1001/7910 op=mul seconds=133.778 eta_seconds=923.348 bootstraps=98
node=1011/7910 op=gather seconds=134.796 eta_seconds=919.838 bootstraps=98
node=1021/7910 op=add seconds=136.775 eta_seconds=922.861 bootstraps=100
node=1031/7910 op=mulp seconds=137.37 eta_seconds=916.556 bootstraps=100
node=1041/7910 op=add seconds=138.298 eta_seconds=912.557 bootstraps=100
node=1051/7910 op=linear seconds=140.504 eta_seconds=916.95 bootstraps=102
node=1061/7910 op=mulp seconds=142.456 eta_seconds=919.587 bootstraps=104
node=1071/7910 op=gather seconds=144.664 eta_seconds=923.766 bootstraps=106
node=1081/7910 op=cheb seconds=146.572 eta_seconds=925.936 bootstraps=108
node=1091/7910 op=sum seconds=147.089 eta_seconds=919.338 bootstraps=108
node=1101/7910 op=addp seconds=147.314 eta_seconds=911.048 bootstraps=108
node=1111/7910 op=gather seconds=147.758 eta_seconds=904.238 bootstraps=108
node=1121/7910 op=add seconds=149.812 eta_seconds=907.293 bootstraps=110
node=1131/7910 op=add seconds=151.003 eta_seconds=905.081 bootstraps=110
node=1141/7910 op=add seconds=151.938 eta_seconds=901.374 bootstraps=110
node=1151/7910 op=repeat seconds=152.197 eta_seconds=893.745 bootstraps=110
node=1161/7910 op=mulp seconds=154.543 eta_seconds=898.374 bootstraps=112
node=1171/7910 op=mul seconds=156.676 eta_seconds=901.654 bootstraps=114
node=1181/7910 op=mul seconds=158.694 eta_seconds=904.19 bootstraps=116
node=1191/7910 op=gather seconds=159.395 eta_seconds=899.222 bootstraps=116
node=1201/7910 op=mul seconds=161.64 eta_seconds=902.952 bootstraps=118
node=1211/7910 op=repeat seconds=161.908 eta_seconds=895.643 bootstraps=118
node=1221/7910 op=mulp seconds=162.047 eta_seconds=887.739 bootstraps=118
node=1231/7910 op=add seconds=163.857 eta_seconds=889.032 bootstraps=120
node=1241/7910 op=add seconds=164.948 eta_seconds=886.412 bootstraps=120
node=1251/7910 op=scatter seconds=165.759 eta_seconds=882.328 bootstraps=120
node=1271/7910 op=mul seconds=166.882 eta_seconds=871.698 bootstraps=120
node=1281/7910 op=mul seconds=169.148 eta_seconds=875.32 bootstraps=122
node=1291/7910 op=scatter seconds=171.632 eta_seconds=879.963 bootstraps=124
node=1301/7910 op=gather seconds=173.853 eta_seconds=883.161 bootstraps=126
node=1321/7910 op=cheb seconds=176.196 eta_seconds=878.845 bootstraps=128
node=1331/7910 op=sum seconds=176.398 eta_seconds=871.919 bootstraps=128
node=1341/7910 op=addp seconds=176.525 eta_seconds=864.723 bootstraps=128
node=1351/7910 op=scatter seconds=178.605 eta_seconds=867.111 bootstraps=130
node=1361/7910 op=mul seconds=180.065 eta_seconds=866.456 bootstraps=130
node=1371/7910 op=scatter seconds=180.796 eta_seconds=862.31 bootstraps=130
node=1381/7910 op=sum seconds=181.148 eta_seconds=856.418 bootstraps=130
node=1391/7910 op=scatter seconds=184.819 eta_seconds=866.165 bootstraps=134
node=1401/7910 op=gather seconds=185.537 eta_seconds=861.997 bootstraps=134
node=1411/7910 op=cheb seconds=189.171 eta_seconds=871.313 bootstraps=138
node=1421/7910 op=cheb seconds=189.749 eta_seconds=866.489 bootstraps=138
node=1431/7910 op=gather seconds=191.663 eta_seconds=867.774 bootstraps=138
node=1441/7910 op=repeat seconds=195.241 eta_seconds=876.484 bootstraps=140
node=1451/7910 op=addp seconds=195.927 eta_seconds=872.154 bootstraps=140
node=1461/7910 op=repeat seconds=196.573 eta_seconds=867.694 bootstraps=140
node=1471/7910 op=mul seconds=197.134 eta_seconds=862.913 bootstraps=140
node=1481/7910 op=scatter seconds=197.699 eta_seconds=858.207 bootstraps=140
node=1491/7910 op=mul seconds=198.368 eta_seconds=854.007 bootstraps=140
node=1501/7910 op=addp seconds=199.101 eta_seconds=850.124 bootstraps=140
node=1511/7910 op=repeat seconds=200.907 eta_seconds=850.831 bootstraps=142
node=1521/7910 op=mul seconds=201.597 eta_seconds=846.813 bootstraps=142
node=1531/7910 op=mul seconds=203.735 eta_seconds=848.875 bootstraps=144
node=1541/7910 op=scatter seconds=206.219 eta_seconds=852.308 bootstraps=146
node=1551/7910 op=gather seconds=209.66 eta_seconds=859.591 bootstraps=150
node=1561/7910 op=mul seconds=210.306 eta_seconds=855.37 bootstraps=150
node=1571/7910 op=cheb seconds=213.694 eta_seconds=862.259 bootstraps=154
node=1581/7910 op=sum seconds=213.925 eta_seconds=856.375 bootstraps=154
node=1591/7910 op=addp seconds=214.07 eta_seconds=850.226 bootstraps=154
node=1601/7910 op=scatter seconds=216.212 eta_seconds=852.02 bootstraps=156
node=1611/7910 op=mul seconds=217.488 eta_seconds=850.378 bootstraps=156
node=1621/7910 op=scatter seconds=218.116 eta_seconds=846.225 bootstraps=156
node=1631/7910 op=mulp seconds=218.341 eta_seconds=840.568 bootstraps=156
node=1641/7910 op=repeat seconds=220.35 eta_seconds=841.788 bootstraps=158
node=1651/7910 op=mulp seconds=222.216 eta_seconds=842.428 bootstraps=160
node=1661/7910 op=mul seconds=224.559 eta_seconds=844.835 bootstraps=162
node=1671/7910 op=mul seconds=226.586 eta_seconds=846.002 bootstraps=164
node=1681/7910 op=gather seconds=227.294 eta_seconds=842.245 bootstraps=164
node=1691/7910 op=mul seconds=231.766 eta_seconds=852.368 bootstraps=168
node=1701/7910 op=repeat seconds=232.041 eta_seconds=846.997 bootstraps=168
node=1711/7910 op=mulp seconds=232.212 eta_seconds=841.311 bootstraps=168
node=1721/7910 op=add seconds=232.519 eta_seconds=836.177 bootstraps=168
node=1731/7910 op=add seconds=235.173 eta_seconds=839.478 bootstraps=170
node=1741/7910 op=scatter seconds=235.981 eta_seconds=836.166 bootstraps=170
node=1751/7910 op=mul seconds=236.724 eta_seconds=832.658 bootstraps=170
node=1761/7910 op=add seconds=236.99 eta_seconds=827.513 bootstraps=170
node=1771/7910 op=add seconds=239.466 eta_seconds=830.087 bootstraps=172
node=1781/7910 op=linear_ref seconds=240.079 eta_seconds=826.188 bootstraps=172
node=1791/7910 op=mulp seconds=242.1 eta_seconds=827.143 bootstraps=174
node=1801/7910 op=gather seconds=244.143 eta_seconds=828.134 bootstraps=176
node=1811/7910 op=cheb seconds=246.57 eta_seconds=830.388 bootstraps=178
node=1821/7910 op=sum seconds=247.059 eta_seconds=826.106 bootstraps=178
node=1831/7910 op=addp seconds=247.236 eta_seconds=820.834 bootstraps=178
node=1841/7910 op=gather seconds=247.626 eta_seconds=816.318 bootstraps=178
node=1851/7910 op=add seconds=249.764 eta_seconds=817.569 bootstraps=180
node=1861/7910 op=add seconds=250.964 eta_seconds=815.734 bootstraps=180
node=1871/7910 op=add seconds=251.894 eta_seconds=813.035 bootstraps=180
node=1881/7910 op=sum seconds=252.055 eta_seconds=807.89 bootstraps=180
node=1891/7910 op=add seconds=252.425 eta_seconds=803.462 bootstraps=180
node=1901/7910 op=cheb seconds=256.119 eta_seconds=809.584 bootstraps=184
node=1911/7910 op=add seconds=258.684 eta_seconds=812.06 bootstraps=186
node=1921/7910 op=linear_ref seconds=260.731 eta_seconds=812.867 bootstraps=188
node=1931/7910 op=cheb seconds=262.579 eta_seconds=813.029 bootstraps=190
node=1941/7910 op=add seconds=265.312 eta_seconds=815.894 bootstraps=192
node=1951/7910 op=mulp seconds=265.627 eta_seconds=811.314 bootstraps=192
node=1961/7910 op=addp seconds=265.807 eta_seconds=806.366 bootstraps=192
node=1971/7910 op=mul seconds=267.6 eta_seconds=806.329 bootstraps=194
node=1981/7910 op=gather seconds=269.28 eta_seconds=805.936 bootstraps=194
node=1991/7910 op=add seconds=269.681 eta_seconds=801.728 bootstraps=194
node=2001/7910 op=mul seconds=270.236 eta_seconds=798.014 bootstraps=194
node=2011/7910 op=sum seconds=270.628 eta_seconds=793.852 bootstraps=194
node=2021/7910 op=scatter seconds=272.973 eta_seconds=795.417 bootstraps=196
node=2031/7910 op=gather seconds=275.022 eta_seconds=796.089 bootstraps=198
node=2041/7910 op=cheb seconds=278.563 eta_seconds=801.022 bootstraps=202
node=2051/7910 op=gather seconds=279.295 eta_seconds=797.851 bootstraps=202
node=2061/7910 op=repeat seconds=281.815 eta_seconds=799.774 bootstraps=204
node=2071/7910 op=addp seconds=282.239 eta_seconds=795.747 bootstraps=204
node=2081/7910 op=repeat seconds=282.515 eta_seconds=791.341 bootstraps=204
node=2091/7910 op=mul seconds=282.828 eta_seconds=787.075 bootstraps=204
node=2101/7910 op=scatter seconds=285.378 eta_seconds=789.034 bootstraps=206
node=2111/7910 op=mul seconds=286.2 eta_seconds=786.202 bootstraps=206
node=2121/7910 op=addp seconds=287.124 eta_seconds=783.668 bootstraps=206
node=2131/7910 op=repeat seconds=287.395 eta_seconds=779.378 bootstraps=206
node=2141/7910 op=mul seconds=287.772 eta_seconds=775.411 bootstraps=206
node=2151/7910 op=mul seconds=290.038 eta_seconds=776.537 bootstraps=208
node=2161/7910 op=scatter seconds=292.531 eta_seconds=778.232 bootstraps=210
node=2171/7910 op=gather seconds=294.754 eta_seconds=779.177 bootstraps=212
node=2181/7910 op=mul seconds=297.015 eta_seconds=780.193 bootstraps=214
node=2191/7910 op=cheb seconds=297.732 eta_seconds=777.146 bootstraps=214
node=2201/7910 op=sum seconds=297.93 eta_seconds=772.778 bootstraps=214
node=2211/7910 op=addp seconds=298.057 eta_seconds=768.261 bootstraps=214
node=2221/7910 op=scatter seconds=300.193 eta_seconds=768.932 bootstraps=216
node=2231/7910 op=mul seconds=301.629 eta_seconds=767.795 bootstraps=216
node=2241/7910 op=scatter seconds=302.356 eta_seconds=764.863 bootstraps=216
node=2251/7910 op=mulp seconds=302.585 eta_seconds=760.696 bootstraps=216
node=2261/7910 op=repeat seconds=303.086 eta_seconds=757.247 bootstraps=216
node=2271/7910 op=mulp seconds=305.364 eta_seconds=758.234 bootstraps=218
node=2281/7910 op=mul seconds=307.519 eta_seconds=758.888 bootstraps=220
node=2291/7910 op=mul seconds=309.502 eta_seconds=759.097 bootstraps=222
node=2301/7910 op=gather seconds=310.255 eta_seconds=756.288 bootstraps=222
node=2311/7910 op=mul seconds=313.064 eta_seconds=758.479 bootstraps=224
node=2321/7910 op=repeat seconds=314.791 eta_seconds=758.021 bootstraps=226
node=2331/7910 op=mulp seconds=316.334 eta_seconds=757.111 bootstraps=228
node=2341/7910 op=add seconds=316.995 eta_seconds=754.1 bootstraps=228
node=2351/7910 op=add seconds=317.927 eta_seconds=751.746 bootstraps=228
node=2361/7910 op=scatter seconds=319.875 eta_seconds=751.795 bootstraps=230
node=2371/7910 op=mul seconds=320.741 eta_seconds=749.298 bootstraps=230
node=2381/7910 op=add seconds=321.008 eta_seconds=745.423 bootstraps=230
node=2391/7910 op=add seconds=323.434 eta_seconds=746.564 bootstraps=232
node=2401/7910 op=linear_ref seconds=324.013 eta_seconds=743.436 bootstraps=232
node=2411/7910 op=mulp seconds=326.075 eta_seconds=743.711 bootstraps=234
node=2421/7910 op=gather seconds=328.287 eta_seconds=744.307 bootstraps=236
node=2431/7910 op=cheb seconds=332.132 eta_seconds=748.56 bootstraps=240
node=2441/7910 op=sum seconds=334.038 eta_seconds=748.404 bootstraps=242
node=2451/7910 op=addp seconds=335.544 eta_seconds=747.342 bootstraps=244
node=2461/7910 op=gather seconds=337.666 eta_seconds=747.639 bootstraps=246
node=2471/7910 op=add seconds=337.93 eta_seconds=743.828 bootstraps=246
node=2481/7910 op=add seconds=338.697 eta_seconds=741.147 bootstraps=246
node=2491/7910 op=add seconds=341.253 eta_seconds=742.373 bootstraps=248
node=2501/7910 op=sum seconds=341.483 eta_seconds=738.538 bootstraps=248
node=2511/7910 op=add seconds=342.006 eta_seconds=735.361 bootstraps=248
node=2521/7910 op=cheb seconds=344.042 eta_seconds=735.439 bootstraps=250
node=2531/7910 op=add seconds=346.704 eta_seconds=736.832 bootstraps=252
node=2541/7910 op=linear_ref seconds=348.911 eta_seconds=737.231 bootstraps=254
node=2551/7910 op=cheb seconds=350.785 eta_seconds=736.909 bootstraps=256
node=2561/7910 op=add seconds=354.157 eta_seconds=739.706 bootstraps=258
node=2571/7910 op=mulp seconds=354.473 eta_seconds=736.107 bootstraps=258
node=2581/7910 op=addp seconds=354.698 eta_seconds=732.347 bootstraps=258
node=2591/7910 op=mul seconds=356.49 eta_seconds=731.829 bootstraps=260
node=2601/7910 op=gather seconds=358.171 eta_seconds=731.077 bootstraps=260
node=2611/7910 op=add seconds=358.572 eta_seconds=727.718 bootstraps=260
node=2621/7910 op=mul seconds=359.128 eta_seconds=724.695 bootstraps=260
node=2631/7910 op=sum seconds=359.522 eta_seconds=721.368 bootstraps=260
node=2641/7910 op=scatter seconds=361.944 eta_seconds=722.106 bootstraps=262
node=2651/7910 op=gather seconds=362.56 eta_seconds=719.238 bootstraps=262
node=2661/7910 op=cheb seconds=366.102 eta_seconds=722.161 bootstraps=266
node=2671/7910 op=gather seconds=366.835 eta_seconds=719.524 bootstraps=266
node=2681/7910 op=repeat seconds=369.425 eta_seconds=720.523 bootstraps=268
node=2691/7910 op=addp seconds=369.837 eta_seconds=717.272 bootstraps=268
node=2701/7910 op=repeat seconds=370.079 eta_seconds=713.715 bootstraps=268
node=2711/7910 op=mul seconds=371.993 eta_seconds=713.387 bootstraps=270
node=2721/7910 op=scatter seconds=372.876 eta_seconds=711.081 bootstraps=270
node=2731/7910 op=mul seconds=373.699 eta_seconds=708.673 bootstraps=270
node=2741/7910 op=addp seconds=374.621 eta_seconds=706.464 bootstraps=270
node=2751/7910 op=repeat seconds=374.891 eta_seconds=703.039 bootstraps=270
node=2761/7910 op=mul seconds=375.269 eta_seconds=699.841 bootstraps=270
node=2771/7910 op=mul seconds=377.538 eta_seconds=700.168 bootstraps=272
node=2781/7910 op=scatter seconds=380.02 eta_seconds=700.872 bootstraps=274
node=2791/7910 op=gather seconds=382.235 eta_seconds=701.061 bootstraps=276
node=2801/7910 op=mul seconds=384.511 eta_seconds=701.344 bootstraps=278
node=2811/7910 op=cheb seconds=385.182 eta_seconds=698.7 bootstraps=278
node=2821/7910 op=sum seconds=385.385 eta_seconds=695.223 bootstraps=278
node=2831/7910 op=addp seconds=385.513 eta_seconds=691.636 bootstraps=278
node=2841/7910 op=scatter seconds=387.659 eta_seconds=691.673 bootstraps=280
node=2851/7910 op=mul seconds=389.118 eta_seconds=690.477 bootstraps=280
node=2861/7910 op=scatter seconds=389.846 eta_seconds=687.988 bootstraps=280
node=2871/7910 op=mulp seconds=390.073 eta_seconds=684.632 bootstraps=280
node=2881/7910 op=repeat seconds=390.58 eta_seconds=681.786 bootstraps=280
node=2891/7910 op=mulp seconds=394.179 eta_seconds=684.325 bootstraps=284
node=2901/7910 op=mul seconds=396.52 eta_seconds=684.65 bootstraps=286
node=2911/7910 op=mul seconds=398.51 eta_seconds=684.353 bootstraps=288
client_token=315 logit_margin=1.89754
node=2921/7910 op=mul seconds=399.283 eta_seconds=681.966 bootstraps=288
node=2931/7910 op=gather seconds=401.145 eta_seconds=681.44 bootstraps=288
node=2941/7910 op=mul seconds=404.898 eta_seconds=684.099 bootstraps=290
node=2951/7910 op=repeat seconds=405.585 eta_seconds=681.564 bootstraps=290
node=2961/7910 op=mulp seconds=405.959 eta_seconds=678.518 bootstraps=290
node=2971/7910 op=add seconds=406.512 eta_seconds=675.787 bootstraps=290
node=2981/7910 op=add seconds=407.242 eta_seconds=673.364 bootstraps=290
node=2991/7910 op=scatter seconds=407.881 eta_seconds=670.802 bootstraps=290
node=3001/7910 op=mul seconds=408.481 eta_seconds=668.188 bootstraps=290
node=3011/7910 op=mul seconds=410.289 eta_seconds=667.554 bootstraps=292
node=3021/7910 op=mul seconds=411.047 eta_seconds=665.213 bootstraps=292
node=3031/7910 op=sum seconds=412.074 eta_seconds=663.315 bootstraps=292
node=3041/7910 op=cheb seconds=415.732 eta_seconds=665.635 bootstraps=296
node=3051/7910 op=repeat seconds=417.791 eta_seconds=665.372 bootstraps=298
node=3061/7910 op=gather seconds=418.37 eta_seconds=662.749 bootstraps=298
node=3071/7910 op=repeat seconds=421.114 eta_seconds=663.552 bootstraps=300
node=3081/7910 op=cheb seconds=421.432 eta_seconds=660.531 bootstraps=300
node=3091/7910 op=mul seconds=421.611 eta_seconds=657.309 bootstraps=300
node=3101/7910 op=mulp seconds=423.54 eta_seconds=656.822 bootstraps=302
node=3111/7910 op=scatter seconds=424.628 eta_seconds=655.027 bootstraps=302
node=3121/7910 op=add seconds=425.25 eta_seconds=652.523 bootstraps=302
node=3131/7910 op=mul seconds=426.187 eta_seconds=650.51 bootstraps=302
node=3141/7910 op=repeat seconds=426.456 eta_seconds=647.491 bootstraps=302
node=3151/7910 op=sum seconds=426.844 eta_seconds=644.668 bootstraps=302
node=3161/7910 op=scatter seconds=429.236 eta_seconds=644.873 bootstraps=304
node=3171/7910 op=gather seconds=431.341 eta_seconds=644.632 bootstraps=306
node=3181/7910 op=cheb seconds=434.884 eta_seconds=646.516 bootstraps=310
node=3191/7910 op=gather seconds=435.619 eta_seconds=644.213 bootstraps=310
node=3201/7910 op=repeat seconds=439.853 eta_seconds=647.069 bootstraps=314
node=3211/7910 op=addp seconds=440.278 eta_seconds=644.306 bootstraps=314
node=3221/7910 op=repeat seconds=440.553 eta_seconds=641.339 bootstraps=314
node=3231/7910 op=mul seconds=440.867 eta_seconds=638.445 bootstraps=314
node=3241/7910 op=scatter seconds=443.287 eta_seconds=638.601 bootstraps=316
node=3251/7910 op=mul seconds=444.11 eta_seconds=636.453 bootstraps=316
node=3261/7910 op=addp seconds=445.037 eta_seconds=634.461 bootstraps=316
node=3271/7910 op=mul seconds=445.198 eta_seconds=631.389 bootstraps=316
node=3281/7910 op=mul seconds=445.573 eta_seconds=628.636 bootstraps=316
node=3291/7910 op=mul seconds=448.062 eta_seconds=628.866 bootstraps=318
node=3301/7910 op=gather seconds=448.672 eta_seconds=626.455 bootstraps=318
node=3311/7910 op=addp seconds=450.691 eta_seconds=626.012 bootstraps=320
node=3321/7910 op=gather seconds=452.737 eta_seconds=625.598 bootstraps=322
node=3331/7910 op=cheb seconds=455.285 eta_seconds=625.862 bootstraps=324
node=3341/7910 op=mulp seconds=455.66 eta_seconds=623.14 bootstraps=324
node=3351/7910 op=cheb seconds=455.897 eta_seconds=620.242 bootstraps=324
node=3361/7910 op=mul seconds=458.065 eta_seconds=619.976 bootstraps=326
node=3371/7910 op=gather seconds=458.674 eta_seconds=617.598 bootstraps=326
node=3381/7910 op=mul seconds=459.615 eta_seconds=615.675 bootstraps=326
node=3391/7910 op=mulp seconds=460.546 eta_seconds=613.745 bootstraps=326
node=3401/7910 op=sum seconds=460.72 eta_seconds=610.816 bootstraps=326
node=3411/7910 op=add seconds=461.088 eta_seconds=608.161 bootstraps=326
node=3421/7910 op=add seconds=463.566 eta_seconds=608.287 bootstraps=328
node=3431/7910 op=linear_ref seconds=465.609 eta_seconds=607.83 bootstraps=330
node=3441/7910 op=mulp seconds=467.629 eta_seconds=607.334 bootstraps=332
node=3451/7910 op=gather seconds=469.672 eta_seconds=606.858 bootstraps=334
node=3461/7910 op=cheb seconds=473.912 eta_seconds=609.198 bootstraps=338
node=3471/7910 op=sum seconds=474.366 eta_seconds=606.658 bootstraps=338
node=3481/7910 op=addp seconds=474.592 eta_seconds=603.84 bootstraps=338
node=3491/7910 op=gather seconds=474.989 eta_seconds=601.254 bootstraps=338
node=3501/7910 op=add seconds=477.05 eta_seconds=600.774 bootstraps=340
node=3511/7910 op=add seconds=478.236 eta_seconds=599.191 bootstraps=340
node=3521/7910 op=add seconds=479.165 eta_seconds=597.289 bootstraps=340
node=3531/7910 op=mul seconds=479.193 eta_seconds=594.275 bootstraps=340
node=3541/7910 op=mul seconds=479.696 eta_seconds=591.864 bootstraps=340
node=3551/7910 op=linear_ref seconds=482.219 eta_seconds=591.944 bootstraps=342
node=3561/7910 op=mulp seconds=483.741 eta_seconds=590.786 bootstraps=344
node=3571/7910 op=sum seconds=486.315 eta_seconds=590.904 bootstraps=346
node=3581/7910 op=gather seconds=488.52 eta_seconds=590.563 bootstraps=348
node=3591/7910 op=cheb seconds=490.796 eta_seconds=590.294 bootstraps=350
node=3601/7910 op=mul seconds=491.436 eta_seconds=588.059 bootstraps=350
node=3611/7910 op=mulp seconds=491.639 eta_seconds=585.311 bootstraps=350
node=3621/7910 op=gather seconds=491.928 eta_seconds=582.679 bootstraps=350
node=3631/7910 op=scatter seconds=494.192 eta_seconds=582.387 bootstraps=352
node=3641/7910 op=mulp seconds=495.391 eta_seconds=580.837 bootstraps=352
node=3651/7910 op=scatter seconds=496.322 eta_seconds=578.974 bootstraps=352
node=3661/7910 op=mulp seconds=496.351 eta_seconds=576.071 bootstraps=352
node=3671/7910 op=repeat seconds=496.853 eta_seconds=573.729 bootstraps=352
node=3681/7910 op=mul seconds=497.232 eta_seconds=571.256 bootstraps=352
node=3691/7910 op=mul seconds=499.497 eta_seconds=570.95 bootstraps=354
node=3701/7910 op=scatter seconds=501.986 eta_seconds=570.889 bootstraps=356
node=3711/7910 op=gather seconds=504.2 eta_seconds=570.503 bootstraps=358
node=3721/7910 op=mul seconds=506.467 eta_seconds=570.167 bootstraps=360
node=3731/7910 op=cheb seconds=507.187 eta_seconds=568.088 bootstraps=360
node=3741/7910 op=sum seconds=507.389 eta_seconds=565.438 bootstraps=360
node=3751/7910 op=addp seconds=509.019 eta_seconds=564.386 bootstraps=362
node=3761/7910 op=scatter seconds=509.83 eta_seconds=562.426 bootstraps=362
node=3771/7910 op=mul seconds=511.175 eta_seconds=561.059 bootstraps=362
node=3781/7910 op=scatter seconds=511.905 eta_seconds=559.02 bootstraps=362
node=3791/7910 op=add seconds=512.129 eta_seconds=556.439 bootstraps=362
node=3801/7910 op=mul seconds=512.527 eta_seconds=554.058 bootstraps=362
node=3811/7910 op=cheb seconds=513.017 eta_seconds=551.787 bootstraps=362
node=3821/7910 op=repeat seconds=516.6 eta_seconds=552.834 bootstraps=366
node=3831/7910 op=mul seconds=519.198 eta_seconds=552.808 bootstraps=368
node=3841/7910 op=gather seconds=521.406 eta_seconds=552.356 bootstraps=370
node=3851/7910 op=cheb seconds=523.737 eta_seconds=552.025 bootstraps=372
node=3861/7910 op=cheb seconds=524.309 eta_seconds=549.839 bootstraps=372
node=3871/7910 op=mul seconds=526.039 eta_seconds=548.869 bootstraps=374
node=3881/7910 op=repeat seconds=527.619 eta_seconds=547.74 bootstraps=376
node=3891/7910 op=add seconds=528.243 eta_seconds=545.62 bootstraps=376
node=3901/7910 op=mul seconds=529.436 eta_seconds=544.093 bootstraps=376
node=3911/7910 op=gather seconds=531.58 eta_seconds=543.541 bootstraps=378
node=3921/7910 op=mul seconds=531.988 eta_seconds=541.214 bootstraps=378
node=3931/7910 op=sum seconds=532.379 eta_seconds=538.88 bootstraps=378
node=3941/7910 op=add seconds=532.748 eta_seconds=536.533 bootstraps=378
node=3951/7910 op=cheb seconds=535.016 eta_seconds=536.1 bootstraps=380
node=3961/7910 op=add seconds=537.52 eta_seconds=535.891 bootstraps=382
node=3971/7910 op=linear_ref seconds=539.724 eta_seconds=535.375 bootstraps=384
node=3981/7910 op=cheb seconds=539.847 eta_seconds=532.795 bootstraps=384
node=3991/7910 op=add seconds=545.244 eta_seconds=535.407 bootstraps=390
node=4001/7910 op=mulp seconds=546.939 eta_seconds=534.363 bootstraps=392
node=4011/7910 op=addp seconds=548.471 eta_seconds=533.155 bootstraps=394
node=4021/7910 op=mul seconds=549.101 eta_seconds=531.075 bootstraps=394
node=4031/7910 op=gather seconds=550.121 eta_seconds=529.377 bootstraps=394
node=4041/7910 op=add seconds=552.09 eta_seconds=528.591 bootstraps=396
node=4051/7910 op=mul seconds=552.703 eta_seconds=526.507 bootstraps=396
node=4061/7910 op=mul seconds=553.068 eta_seconds=524.196 bootstraps=396
node=4071/7910 op=mul seconds=553.787 eta_seconds=522.227 bootstraps=396
node=4081/7910 op=addp seconds=554.375 eta_seconds=520.143 bootstraps=396
node=4091/7910 op=linear_ref seconds=558.476 eta_seconds=521.344 bootstraps=400
node=4101/7910 op=mulp seconds=560.038 eta_seconds=520.162 bootstraps=402
node=4111/7910 op=addp seconds=560.746 eta_seconds=518.189 bootstraps=402
node=4121/7910 op=mulp seconds=565.907 eta_seconds=520.316 bootstraps=406
node=4131/7910 op=mul seconds=566.218 eta_seconds=517.971 bootstraps=406
node=4141/7910 op=repeat seconds=566.447 eta_seconds=515.561 bootstraps=406
node=4151/7910 op=mul seconds=568.265 eta_seconds=514.601 bootstraps=408
node=4161/7910 op=gather seconds=569.652 eta_seconds=513.248 bootstraps=408
node=4171/7910 op=scatter seconds=570.349 eta_seconds=511.277 bootstraps=408
node=4181/7910 op=mul seconds=570.902 eta_seconds=509.182 bootstraps=408
node=4191/7910 op=add seconds=571.169 eta_seconds=506.843 bootstraps=408
node=4201/7910 op=repeat seconds=571.673 eta_seconds=504.721 bootstraps=408
node=4211/7910 op=mulp seconds=574.023 eta_seconds=504.23 bootstraps=410
node=4221/7910 op=mul seconds=576.158 eta_seconds=503.541 bootstraps=412
node=4231/7910 op=mul seconds=578.183 eta_seconds=502.75 bootstraps=414
node=4241/7910 op=gather seconds=578.892 eta_seconds=500.815 bootstraps=414
node=4251/7910 op=mul seconds=581.705 eta_seconds=500.696 bootstraps=416
node=4261/7910 op=repeat seconds=581.97 eta_seconds=498.383 bootstraps=416
node=4271/7910 op=mulp seconds=582.111 eta_seconds=495.973 bootstraps=416
node=4281/7910 op=add seconds=584.028 eta_seconds=495.08 bootstraps=418
node=4291/7910 op=add seconds=585.129 eta_seconds=493.494 bootstraps=418
node=4301/7910 op=scatter seconds=585.938 eta_seconds=491.665 bootstraps=418
node=4311/7910 op=mul seconds=586.678 eta_seconds=489.783 bootstraps=418
node=4321/7910 op=mul seconds=586.946 eta_seconds=487.515 bootstraps=418
node=4331/7910 op=mul seconds=587.335 eta_seconds=485.355 bootstraps=418
node=4341/7910 op=sum seconds=589.715 eta_seconds=484.841 bootstraps=420
node=4351/7910 op=cheb seconds=591.849 eta_seconds=484.116 bootstraps=422
node=4361/7910 op=repeat seconds=593.871 eta_seconds=483.295 bootstraps=424
node=4371/7910 op=gather seconds=594.57 eta_seconds=481.397 bootstraps=424
node=4381/7910 op=repeat seconds=597.329 eta_seconds=481.163 bootstraps=426
node=4391/7910 op=cheb seconds=597.599 eta_seconds=478.923 bootstraps=426
node=4401/7910 op=mul seconds=597.745 eta_seconds=476.593 bootstraps=426
node=4411/7910 op=mulp seconds=598.056 eta_seconds=474.404 bootstraps=426
node=4421/7910 op=scatter seconds=600.773 eta_seconds=474.123 bootstraps=428
node=4431/7910 op=add seconds=601.397 eta_seconds=472.187 bootstraps=428
node=4441/7910 op=mul seconds=602.33 eta_seconds=470.498 bootstraps=428
node=4451/7910 op=repeat seconds=602.599 eta_seconds=468.297 bootstraps=428
node=4461/7910 op=sum seconds=602.991 eta_seconds=466.199 bootstraps=428
node=4471/7910 op=scatter seconds=606.658 eta_seconds=466.629 bootstraps=432
node=4481/7910 op=gather seconds=607.374 eta_seconds=464.782 bootstraps=432
node=4491/7910 op=cheb seconds=610.998 eta_seconds=465.153 bootstraps=436
client_token=279 logit_margin=2.90219
node=4501/7910 op=cheb seconds=611.661 eta_seconds=463.265 bootstraps=436
node=4511/7910 op=gather seconds=613.567 eta_seconds=462.317 bootstraps=436
node=4521/7910 op=repeat seconds=617.138 eta_seconds=462.615 bootstraps=438
node=4531/7910 op=addp seconds=617.824 eta_seconds=460.743 bootstraps=438
node=4541/7910 op=repeat seconds=618.465 eta_seconds=458.843 bootstraps=438
node=4551/7910 op=mul seconds=619.029 eta_seconds=456.893 bootstraps=438
node=4561/7910 op=scatter seconds=619.593 eta_seconds=454.948 bootstraps=438
node=4571/7910 op=mul seconds=620.258 eta_seconds=453.082 bootstraps=438
node=4581/7910 op=addp seconds=620.992 eta_seconds=451.273 bootstraps=438
node=4591/7910 op=sum seconds=621.133 eta_seconds=449.04 bootstraps=438
node=4601/7910 op=add seconds=623.307 eta_seconds=448.277 bootstraps=440
node=4611/7910 op=repeat seconds=624.285 eta_seconds=446.653 bootstraps=440
node=4621/7910 op=mulp seconds=625.088 eta_seconds=444.907 bootstraps=440
node=4631/7910 op=mul seconds=628.748 eta_seconds=445.188 bootstraps=444
node=4641/7910 op=mul seconds=630.803 eta_seconds=444.322 bootstraps=446
node=4651/7910 op=gather seconds=631.381 eta_seconds=442.415 bootstraps=446
node=4661/7910 op=mul seconds=634.113 eta_seconds=442.015 bootstraps=448
node=4671/7910 op=repeat seconds=634.439 eta_seconds=439.937 bootstraps=448
node=4681/7910 op=mulp seconds=634.611 eta_seconds=437.761 bootstraps=448
node=4691/7910 op=add seconds=636.502 eta_seconds=436.773 bootstraps=450
node=4701/7910 op=add seconds=637.588 eta_seconds=435.231 bootstraps=450
node=4711/7910 op=scatter seconds=638.398 eta_seconds=433.504 bootstraps=450
node=4721/7910 op=mul seconds=639.134 eta_seconds=431.73 bootstraps=450
node=4731/7910 op=repeat seconds=639.404 eta_seconds=429.648 bootstraps=450
node=4741/7910 op=sum seconds=639.792 eta_seconds=427.653 bootstraps=450
node=4751/7910 op=add seconds=640.162 eta_seconds=425.652 bootstraps=450
node=4761/7910 op=cheb seconds=643.979 eta_seconds=425.938 bootstraps=454
node=4771/7910 op=add seconds=646.565 eta_seconds=425.396 bootstraps=456
node=4781/7910 op=linear_ref seconds=648.764 eta_seconds=424.594 bootstraps=458
node=4791/7910 op=cheb seconds=648.864 eta_seconds=422.418 bootstraps=458
node=4801/7910 op=add seconds=653.288 eta_seconds=423.052 bootstraps=462
node=4811/7910 op=mulp seconds=653.566 eta_seconds=420.994 bootstraps=462
node=4821/7910 op=addp seconds=653.744 eta_seconds=418.879 bootstraps=462
node=4831/7910 op=mul seconds=654.037 eta_seconds=416.846 bootstraps=462
node=4841/7910 op=gather seconds=657.26 eta_seconds=416.677 bootstraps=464
node=4851/7910 op=add seconds=657.658 eta_seconds=414.714 bootstraps=464
node=4861/7910 op=mul seconds=658.213 eta_seconds=412.856 bootstraps=464
node=4871/7910 op=add seconds=658.478 eta_seconds=410.822 bootstraps=464
node=4881/7910 op=repeat seconds=658.979 eta_seconds=408.942 bootstraps=464
node=4891/7910 op=mul seconds=659.354 eta_seconds=406.99 bootstraps=464
node=4901/7910 op=mul seconds=661.679 eta_seconds=406.242 bootstraps=466
node=4911/7910 op=scatter seconds=664.121 eta_seconds=405.559 bootstraps=468
node=4921/7910 op=gather seconds=666.179 eta_seconds=404.635 bootstraps=470
node=4931/7910 op=mul seconds=668.469 eta_seconds=403.847 bootstraps=472
node=4941/7910 op=cheb seconds=669.069 eta_seconds=402.037 bootstraps=472
node=4951/7910 op=sum seconds=669.269 eta_seconds=399.993 bootstraps=472
node=4961/7910 op=addp seconds=669.396 eta_seconds=397.914 bootstraps=472
node=4971/7910 op=scatter seconds=671.542 eta_seconds=397.035 bootstraps=474
node=4981/7910 op=mul seconds=672.999 eta_seconds=395.747 bootstraps=474
node=4991/7910 op=scatter seconds=673.724 eta_seconds=394.03 bootstraps=474
node=5001/7910 op=mul seconds=673.952 eta_seconds=392.027 bootstraps=474
node=5011/7910 op=sum seconds=674.345 eta_seconds=390.127 bootstraps=474
node=5021/7910 op=add seconds=674.714 eta_seconds=388.219 bootstraps=474
node=5031/7910 op=add seconds=677.238 eta_seconds=387.551 bootstraps=476
node=5041/7910 op=linear_ref seconds=679.277 eta_seconds=386.599 bootstraps=478
node=5051/7910 op=mulp seconds=681.287 eta_seconds=385.627 bootstraps=480
node=5061/7910 op=gather seconds=683.321 eta_seconds=384.663 bootstraps=482
node=5071/7910 op=cheb seconds=687.591 eta_seconds=384.948 bootstraps=486
node=5081/7910 op=sum seconds=688.041 eta_seconds=383.088 bootstraps=486
node=5091/7910 op=addp seconds=688.264 eta_seconds=381.107 bootstraps=486
node=5101/7910 op=gather seconds=688.658 eta_seconds=379.228 bootstraps=486
node=5111/7910 op=add seconds=690.687 eta_seconds=378.249 bootstraps=488
node=5121/7910 op=add seconds=691.877 eta_seconds=376.81 bootstraps=488
node=5131/7910 op=add seconds=692.809 eta_seconds=375.232 bootstraps=488
node=5141/7910 op=mulp seconds=692.838 eta_seconds=373.17 bootstraps=488
node=5151/7910 op=repeat seconds=693.34 eta_seconds=371.37 bootstraps=488
node=5161/7910 op=sum seconds=693.729 eta_seconds=369.514 bootstraps=488
node=5171/7910 op=scatter seconds=696.123 eta_seconds=368.726 bootstraps=490
node=5181/7910 op=gather seconds=698.174 eta_seconds=367.751 bootstraps=492
node=5191/7910 op=cheb seconds=701.711 eta_seconds=367.55 bootstraps=496
node=5201/7910 op=gather seconds=702.438 eta_seconds=365.873 bootstraps=496
node=5211/7910 op=repeat seconds=704.949 eta_seconds=365.123 bootstraps=498
node=5221/7910 op=addp seconds=705.37 eta_seconds=363.291 bootstraps=498
node=5231/7910 op=repeat seconds=705.644 eta_seconds=361.388 bootstraps=498
node=5241/7910 op=mul seconds=705.954 eta_seconds=359.51 bootstraps=498
node=5251/7910 op=scatter seconds=708.466 eta_seconds=358.753 bootstraps=500
node=5261/7910 op=mul seconds=709.288 eta_seconds=357.138 bootstraps=500
node=5271/7910 op=addp seconds=710.212 eta_seconds=355.577 bootstraps=500
node=5281/7910 op=sum seconds=710.373 eta_seconds=353.639 bootstraps=500
node=5291/7910 op=add seconds=710.742 eta_seconds=351.811 bootstraps=500
node=5301/7910 op=repeat seconds=711.246 eta_seconds=350.055 bootstraps=500
node=5311/7910 op=mulp seconds=713.565 eta_seconds=349.192 bootstraps=502
node=5321/7910 op=mul seconds=715.697 eta_seconds=348.232 bootstraps=504
node=5331/7910 op=mul seconds=717.715 eta_seconds=347.212 bootstraps=506
node=5341/7910 op=gather seconds=718.42 eta_seconds=345.557 bootstraps=506
node=5351/7910 op=mul seconds=721.243 eta_seconds=344.919 bootstraps=508
node=5361/7910 op=repeat seconds=721.508 eta_seconds=343.056 bootstraps=508
node=5371/7910 op=mulp seconds=721.647 eta_seconds=341.14 bootstraps=508
node=5381/7910 op=add seconds=723.562 eta_seconds=340.065 bootstraps=510
node=5391/7910 op=add seconds=724.648 eta_seconds=338.599 bootstraps=510
node=5401/7910 op=scatter seconds=725.459 eta_seconds=337.007 bootstraps=510
node=5411/7910 op=mul seconds=726.2 eta_seconds=335.386 bootstraps=510
node=5421/7910 op=repeat seconds=726.469 eta_seconds=333.551 bootstraps=510
node=5431/7910 op=sum seconds=726.858 eta_seconds=331.777 bootstraps=510
node=5441/7910 op=add seconds=727.228 eta_seconds=329.999 bootstraps=510
node=5451/7910 op=cheb seconds=729.618 eta_seconds=329.138 bootstraps=512
node=5461/7910 op=add seconds=732.16 eta_seconds=328.339 bootstraps=514
node=5471/7910 op=linear_ref seconds=734.363 eta_seconds=327.383 bootstraps=516
node=5481/7910 op=cheb seconds=734.47 eta_seconds=325.493 bootstraps=516
node=5491/7910 op=add seconds=737.274 eta_seconds=324.798 bootstraps=518
node=5501/7910 op=mulp seconds=739.004 eta_seconds=323.625 bootstraps=520
node=5511/7910 op=addp seconds=740.576 eta_seconds=322.381 bootstraps=522
node=5521/7910 op=mul seconds=741.211 eta_seconds=320.731 bootstraps=522
node=5531/7910 op=gather seconds=742.4 eta_seconds=319.322 bootstraps=522
node=5541/7910 op=add seconds=744.337 eta_seconds=318.234 bootstraps=524
node=5551/7910 op=mul seconds=744.95 eta_seconds=316.58 bootstraps=524
node=5561/7910 op=add seconds=745.218 eta_seconds=314.785 bootstraps=524
node=5571/7910 op=repeat seconds=745.721 eta_seconds=313.093 bootstraps=524
node=5581/7910 op=mul seconds=747.402 eta_seconds=311.897 bootstraps=526
node=5591/7910 op=mul seconds=748.276 eta_seconds=310.365 bootstraps=526
node=5601/7910 op=scatter seconds=750.754 eta_seconds=309.497 bootstraps=528
node=5611/7910 op=gather seconds=752.967 eta_seconds=308.514 bootstraps=530
node=5621/7910 op=mul seconds=755.334 eta_seconds=307.589 bootstraps=532
node=5631/7910 op=cheb seconds=758.679 eta_seconds=307.055 bootstraps=536
node=5641/7910 op=sum seconds=760.192 eta_seconds=305.775 bootstraps=538
node=5651/7910 op=addp seconds=761.714 eta_seconds=304.497 bootstraps=540
node=5661/7910 op=scatter seconds=762.452 eta_seconds=302.907 bootstraps=540
node=5671/7910 op=mul seconds=763.348 eta_seconds=301.382 bootstraps=540
node=5681/7910 op=scatter seconds=765.701 eta_seconds=300.431 bootstraps=542
node=5691/7910 op=mul seconds=765.935 eta_seconds=298.649 bootstraps=542
node=5701/7910 op=sum seconds=766.482 eta_seconds=296.993 bootstraps=542
node=5711/7910 op=add seconds=766.995 eta_seconds=295.329 bootstraps=542
node=5721/7910 op=add seconds=767.896 eta_seconds=293.816 bootstraps=542
node=5731/7910 op=linear_ref seconds=770.054 eta_seconds=292.784 bootstraps=544
node=5741/7910 op=mulp seconds=772.109 eta_seconds=291.71 bootstraps=546
node=5751/7910 op=gather seconds=774.31 eta_seconds=290.686 bootstraps=548
node=5761/7910 op=cheb seconds=779.187 eta_seconds=290.657 bootstraps=552
node=5771/7910 op=sum seconds=779.703 eta_seconds=288.994 bootstraps=552
node=5781/7910 op=addp seconds=779.928 eta_seconds=287.228 bootstraps=552
node=5791/7910 op=gather seconds=780.372 eta_seconds=285.548 bootstraps=552
node=5801/7910 op=add seconds=782.402 eta_seconds=284.448 bootstraps=554
node=5811/7910 op=add seconds=783.59 eta_seconds=283.042 bootstraps=554
node=5821/7910 op=add seconds=784.519 eta_seconds=281.543 bootstraps=554
node=5831/7910 op=mulp seconds=784.547 eta_seconds=279.724 bootstraps=554
node=5841/7910 op=repeat seconds=785.05 eta_seconds=278.081 bootstraps=554
node=5851/7910 op=sum seconds=785.441 eta_seconds=276.401 bootstraps=554
node=5861/7910 op=scatter seconds=787.901 eta_seconds=275.45 bootstraps=556
node=5871/7910 op=gather seconds=788.521 eta_seconds=273.854 bootstraps=556
node=5881/7910 op=cheb seconds=792.06 eta_seconds=273.268 bootstraps=560
node=5891/7910 op=gather seconds=792.79 eta_seconds=271.71 bootstraps=560
node=5901/7910 op=repeat seconds=795.368 eta_seconds=270.784 bootstraps=562
node=5911/7910 op=addp seconds=795.779 eta_seconds=269.119 bootstraps=562
node=5921/7910 op=repeat seconds=796.02 eta_seconds=267.401 bootstraps=562
node=5931/7910 op=mul seconds=797.928 eta_seconds=266.245 bootstraps=564
node=5941/7910 op=scatter seconds=798.812 eta_seconds=264.747 bootstraps=564
node=5951/7910 op=mul seconds=799.635 eta_seconds=263.23 bootstraps=564
node=5961/7910 op=addp seconds=800.558 eta_seconds=261.749 bootstraps=564
node=5971/7910 op=sum seconds=800.719 eta_seconds=260.022 bootstraps=564
node=5981/7910 op=add seconds=801.087 eta_seconds=258.367 bootstraps=564
node=5991/7910 op=repeat seconds=801.587 eta_seconds=256.76 bootstraps=564
node=6001/7910 op=mulp seconds=803.915 eta_seconds=255.736 bootstraps=566
node=6011/7910 op=mul seconds=806.044 eta_seconds=254.646 bootstraps=568
node=6021/7910 op=mul seconds=808.062 eta_seconds=253.517 bootstraps=570
node=6031/7910 op=gather seconds=808.77 eta_seconds=251.978 bootstraps=570
node=6041/7910 op=mul seconds=811.532 eta_seconds=251.077 bootstraps=572
node=6051/7910 op=repeat seconds=811.807 eta_seconds=249.405 bootstraps=572
node=6061/7910 op=mulp seconds=811.946 eta_seconds=247.696 bootstraps=572
node=6071/7910 op=add seconds=812.25 eta_seconds=246.043 bootstraps=572
node=6081/7910 op=add seconds=814.961 eta_seconds=245.118 bootstraps=574
node=6091/7910 op=scatter seconds=815.774 eta_seconds=243.621 bootstraps=574
node=6101/7910 op=mul seconds=816.519 eta_seconds=242.105 bootstraps=574
node=6111/7910 op=repeat seconds=816.791 eta_seconds=240.453 bootstraps=574
node=6121/7910 op=sum seconds=817.18 eta_seconds=238.839 bootstraps=574
node=6131/7910 op=add seconds=817.551 eta_seconds=237.224 bootstraps=574
node=6141/7910 op=cheb seconds=821.305 eta_seconds=236.588 bootstraps=578
node=6151/7910 op=add seconds=823.971 eta_seconds=235.631 bootstraps=580
client_token=1614 logit_margin=0.201364
node=6161/7910 op=feedback seconds=825.757 eta_seconds=234.418 bootstraps=582
node=6171/7910 op=linear_ref seconds=827.934 eta_seconds=233.313 bootstraps=582
node=6181/7910 op=cheb seconds=828.325 eta_seconds=231.706 bootstraps=582
node=6191/7910 op=add seconds=830.588 eta_seconds=230.622 bootstraps=582
node=6201/7910 op=mulp seconds=831.275 eta_seconds=229.1 bootstraps=582
node=6211/7910 op=addp seconds=831.666 eta_seconds=227.5 bootstraps=582
node=6221/7910 op=mul seconds=832.192 eta_seconds=225.94 bootstraps=582
node=6231/7910 op=gather seconds=833.401 eta_seconds=224.568 bootstraps=582
node=6241/7910 op=add seconds=833.7 eta_seconds=222.952 bootstraps=582
node=6251/7910 op=mul seconds=834.162 eta_seconds=221.385 bootstraps=582
node=6261/7910 op=mul seconds=835.959 eta_seconds=220.172 bootstraps=584
node=6271/7910 op=mul seconds=836.608 eta_seconds=218.657 bootstraps=584
node=6281/7910 op=mul seconds=837.138 eta_seconds=217.115 bootstraps=584
node=6291/7910 op=mul seconds=838.134 eta_seconds=215.695 bootstraps=584
node=6301/7910 op=gather seconds=840.28 eta_seconds=214.571 bootstraps=586
node=6311/7910 op=addp seconds=842.297 eta_seconds=213.41 bootstraps=588
node=6321/7910 op=gather seconds=844.396 eta_seconds=212.268 bootstraps=590
node=6331/7910 op=cheb seconds=846.941 eta_seconds=211.234 bootstraps=592
node=6341/7910 op=mulp seconds=847.318 eta_seconds=209.658 bootstraps=592
node=6351/7910 op=cheb seconds=847.636 eta_seconds=208.072 bootstraps=592
node=6361/7910 op=mul seconds=849.545 eta_seconds=206.877 bootstraps=594
node=6371/7910 op=gather seconds=850.276 eta_seconds=205.396 bootstraps=594
node=6381/7910 op=mul seconds=851.274 eta_seconds=203.98 bootstraps=594
node=6391/7910 op=mulp seconds=852.199 eta_seconds=202.549 bootstraps=594
node=6401/7910 op=mulp seconds=852.236 eta_seconds=200.91 bootstraps=594
node=6411/7910 op=repeat seconds=852.743 eta_seconds=199.386 bootstraps=594
node=6421/7910 op=sum seconds=853.134 eta_seconds=197.838 bootstraps=594
node=6431/7910 op=add seconds=853.505 eta_seconds=196.289 bootstraps=594
node=6441/7910 op=cheb seconds=857.278 eta_seconds=195.52 bootstraps=598
node=6451/7910 op=add seconds=859.865 eta_seconds=194.473 bootstraps=600
node=6461/7910 op=linear_ref seconds=862.069 eta_seconds=193.335 bootstraps=602
node=6471/7910 op=cheb seconds=862.168 eta_seconds=191.726 bootstraps=602
node=6481/7910 op=add seconds=866.608 eta_seconds=191.079 bootstraps=606
node=6491/7910 op=mulp seconds=866.887 eta_seconds=189.511 bootstraps=606
node=6501/7910 op=addp seconds=867.066 eta_seconds=187.924 bootstraps=606
node=6511/7910 op=mul seconds=867.357 eta_seconds=186.367 bootstraps=606
node=6521/7910 op=gather seconds=870.577 eta_seconds=185.436 bootstraps=608
node=6531/7910 op=add seconds=870.976 eta_seconds=183.904 bootstraps=608
node=6541/7910 op=mul seconds=871.537 eta_seconds=182.408 bootstraps=608
node=6551/7910 op=mul seconds=871.807 eta_seconds=180.856 bootstraps=608
node=6561/7910 op=mul seconds=872.199 eta_seconds=179.332 bootstraps=608
node=6571/7910 op=mul seconds=872.569 eta_seconds=177.807 bootstraps=608
node=6581/7910 op=mul seconds=875.053 eta_seconds=176.713 bootstraps=610
node=6591/7910 op=gather seconds=875.664 eta_seconds=175.239 bootstraps=610
node=6601/7910 op=addp seconds=877.682 eta_seconds=174.047 bootstraps=612
node=6611/7910 op=gather seconds=879.724 eta_seconds=172.858 bootstraps=614
node=6621/7910 op=cheb seconds=882.264 eta_seconds=171.762 bootstraps=616
node=6631/7910 op=mulp seconds=882.636 eta_seconds=170.245 bootstraps=616
node=6641/7910 op=cheb seconds=882.871 eta_seconds=168.704 bootstraps=616
node=6651/7910 op=mul seconds=883.194 eta_seconds=167.184 bootstraps=616
node=6661/7910 op=gather seconds=885.536 eta_seconds=166.046 bootstraps=618
node=6671/7910 op=mul seconds=886.526 eta_seconds=164.654 bootstraps=618
node=6681/7910 op=mulp seconds=887.453 eta_seconds=163.251 bootstraps=618
node=6691/7910 op=mulp seconds=887.487 eta_seconds=161.687 bootstraps=618
node=6701/7910 op=repeat seconds=887.99 eta_seconds=160.212 bootstraps=618
node=6711/7910 op=sum seconds=888.379 eta_seconds=158.719 bootstraps=618
node=6721/7910 op=add seconds=888.751 eta_seconds=157.227 bootstraps=618
node=6731/7910 op=cheb seconds=892.452 eta_seconds=156.322 bootstraps=622
node=6741/7910 op=add seconds=895.015 eta_seconds=155.21 bootstraps=624
node=6751/7910 op=linear_ref seconds=897.065 eta_seconds=154.007 bootstraps=626
node=6761/7910 op=cheb seconds=898.918 eta_seconds=152.767 bootstraps=628
node=6771/7910 op=add seconds=901.671 eta_seconds=151.677 bootstraps=630
node=6781/7910 op=mulp seconds=901.985 eta_seconds=150.176 bootstraps=630
node=6791/7910 op=addp seconds=902.163 eta_seconds=148.656 bootstraps=630
node=6801/7910 op=mul seconds=903.956 eta_seconds=147.403 bootstraps=632
node=6811/7910 op=gather seconds=905.643 eta_seconds=146.131 bootstraps=632
node=6821/7910 op=add seconds=906.044 eta_seconds=144.654 bootstraps=632
node=6831/7910 op=mul seconds=906.6 eta_seconds=143.203 bootstraps=632
node=6841/7910 op=mul seconds=906.869 eta_seconds=141.711 bootstraps=632
node=6851/7910 op=mul seconds=907.26 eta_seconds=140.241 bootstraps=632
node=6861/7910 op=mul seconds=907.631 eta_seconds=138.771 bootstraps=632
node=6871/7910 op=mul seconds=910.11 eta_seconds=137.623 bootstraps=634
node=6881/7910 op=gather seconds=912.152 eta_seconds=136.405 bootstraps=636
node=6891/7910 op=addp seconds=914.21 eta_seconds=135.188 bootstraps=638
node=6901/7910 op=gather seconds=916.424 eta_seconds=133.991 bootstraps=640
node=6911/7910 op=cheb seconds=918.939 eta_seconds=132.835 bootstraps=642
node=6921/7910 op=mulp seconds=919.376 eta_seconds=131.377 bootstraps=642
node=6931/7910 op=cheb seconds=919.645 eta_seconds=129.899 bootstraps=642
node=6941/7910 op=mul seconds=919.966 eta_seconds=128.432 bootstraps=642
node=6951/7910 op=gather seconds=922.326 eta_seconds=127.249 bootstraps=644
node=6961/7910 op=mul seconds=923.318 eta_seconds=125.877 bootstraps=644
node=6971/7910 op=mulp seconds=924.245 eta_seconds=124.497 bootstraps=644
node=6981/7910 op=mulp seconds=924.28 eta_seconds=122.999 bootstraps=644
node=6991/7910 op=repeat seconds=924.786 eta_seconds=121.568 bootstraps=644
node=7001/7910 op=sum seconds=925.176 eta_seconds=120.124 bootstraps=644
node=7011/7910 op=add seconds=925.547 eta_seconds=118.68 bootstraps=644
node=7021/7910 op=cheb seconds=927.906 eta_seconds=117.492 bootstraps=646
node=7031/7910 op=add seconds=930.411 eta_seconds=116.318 bootstraps=648
node=7041/7910 op=linear_ref seconds=932.614 eta_seconds=115.103 bootstraps=650
node=7051/7910 op=cheb seconds=932.713 eta_seconds=113.629 bootstraps=650
node=7061/7910 op=add seconds=935.499 eta_seconds=112.482 bootstraps=652
node=7071/7910 op=mulp seconds=935.767 eta_seconds=111.032 bootstraps=652
node=7081/7910 op=addp seconds=935.915 eta_seconds=109.571 bootstraps=652
node=7091/7910 op=mul seconds=937.82 eta_seconds=108.317 bootstraps=654
node=7101/7910 op=gather seconds=939.51 eta_seconds=107.036 bootstraps=654
node=7111/7910 op=add seconds=939.915 eta_seconds=105.61 bootstraps=654
node=7121/7910 op=mul seconds=940.476 eta_seconds=104.204 bootstraps=654
node=7131/7910 op=mul seconds=940.746 eta_seconds=102.768 bootstraps=654
node=7141/7910 op=mul seconds=941.138 eta_seconds=101.349 bootstraps=654
node=7151/7910 op=mul seconds=941.507 eta_seconds=99.9307 bootstraps=654
node=7161/7910 op=mul seconds=943.995 eta_seconds=98.7365 bootstraps=656
node=7171/7910 op=gather seconds=944.615 eta_seconds=97.3464 bootstraps=656
node=7181/7910 op=addp seconds=946.669 eta_seconds=96.1039 bootstraps=658
node=7191/7910 op=gather seconds=948.882 eta_seconds=94.875 bootstraps=660
node=7201/7910 op=cheb seconds=951.452 eta_seconds=93.6786 bootstraps=662
node=7211/7910 op=mulp seconds=951.819 eta_seconds=92.2648 bootstraps=662
node=7221/7910 op=cheb seconds=954.971 eta_seconds=91.1197 bootstraps=666
node=7231/7910 op=mul seconds=955.654 eta_seconds=89.7371 bootstraps=666
node=7241/7910 op=gather seconds=956.261 eta_seconds=88.3495 bootstraps=666
node=7251/7910 op=mul seconds=956.865 eta_seconds=86.9637 bootstraps=666
node=7261/7910 op=mulp seconds=959.383 eta_seconds=85.7513 bootstraps=668
node=7271/7910 op=mulp seconds=959.428 eta_seconds=84.3177 bootstraps=668
node=7281/7910 op=repeat seconds=959.93 eta_seconds=82.9276 bootstraps=668
node=7291/7910 op=sum seconds=960.322 eta_seconds=81.5305 bootstraps=668
node=7301/7910 op=add seconds=960.692 eta_seconds=80.1344 bootstraps=668
node=7311/7910 op=cheb seconds=962.97 eta_seconds=78.8974 bootstraps=670
node=7321/7910 op=add seconds=965.481 eta_seconds=77.6763 bootstraps=672
node=7331/7910 op=linear_ref seconds=967.688 eta_seconds=76.4276 bootstraps=674
node=7341/7910 op=cheb seconds=967.813 eta_seconds=75.0151 bootstraps=674
node=7351/7910 op=add seconds=973.216 eta_seconds=74.0073 bootstraps=680
node=7361/7910 op=mulp seconds=974.904 eta_seconds=72.7106 bootstraps=682
node=7371/7910 op=addp seconds=976.434 eta_seconds=71.4012 bootstraps=684
node=7381/7910 op=mul seconds=977.063 eta_seconds=70.0266 bootstraps=684
node=7391/7910 op=gather seconds=978.089 eta_seconds=68.6819 bootstraps=684
node=7401/7910 op=add seconds=980.057 eta_seconds=67.4029 bootstraps=686
node=7411/7910 op=mul seconds=980.668 eta_seconds=66.0307 bootstraps=686
node=7421/7910 op=mul seconds=981.017 eta_seconds=64.6432 bootstraps=686
node=7431/7910 op=mul seconds=981.569 eta_seconds=63.2716 bootstraps=686
node=7441/7910 op=mul seconds=982.088 eta_seconds=61.9002 bootstraps=686
node=7451/7910 op=mul seconds=982.957 eta_seconds=60.5526 bootstraps=686
node=7461/7910 op=gather seconds=985.09 eta_seconds=59.2823 bootstraps=688
node=7471/7910 op=addp seconds=987.146 eta_seconds=58.0052 bootstraps=690
node=7481/7910 op=gather seconds=989.357 eta_seconds=56.7349 bootstraps=692
node=7491/7910 op=cheb seconds=994.388 eta_seconds=55.6199 bootstraps=696
node=7501/7910 op=mulp seconds=994.723 eta_seconds=54.2383 bootstraps=696
node=7511/7910 op=cheb seconds=995.089 eta_seconds=52.8612 bootstraps=696
node=7521/7910 op=mul seconds=996.901 eta_seconds=51.5616 bootstraps=698
node=7531/7910 op=gather seconds=997.63 eta_seconds=50.206 bootstraps=698
node=7541/7910 op=mul seconds=998.616 eta_seconds=48.8648 bootstraps=698
node=7551/7910 op=mulp seconds=999.543 eta_seconds=47.5216 bootstraps=698
node=7561/7910 op=mulp seconds=999.575 eta_seconds=46.1383 bootstraps=698
node=7571/7910 op=repeat seconds=1000.08 eta_seconds=44.7796 bootstraps=698
node=7581/7910 op=sum seconds=1000.47 eta_seconds=43.4183 bootstraps=698
node=7591/7910 op=add seconds=1000.84 eta_seconds=42.0587 bootstraps=698
node=7601/7910 op=cheb seconds=1003.27 eta_seconds=40.7855 bootstraps=700
node=7611/7910 op=add seconds=1005.78 eta_seconds=39.5123 bootstraps=702
node=7621/7910 op=linear_ref seconds=1007.98 eta_seconds=38.2243 bootstraps=704
node=7631/7910 op=cheb seconds=1008.09 eta_seconds=36.857 bootstraps=704
node=7641/7910 op=add seconds=1010.88 eta_seconds=35.5877 bootstraps=706
node=7651/7910 op=mulp seconds=1011.15 eta_seconds=34.2291 bootstraps=706
node=7661/7910 op=addp seconds=1011.29 eta_seconds=32.8694 bootstraps=706
node=7671/7910 op=mul seconds=1013.2 eta_seconds=31.5677 bootstraps=708
node=7681/7910 op=gather seconds=1014.89 eta_seconds=30.2576 bootstraps=708
node=7691/7910 op=add seconds=1015.29 eta_seconds=28.9101 bootstraps=708
node=7701/7910 op=mul seconds=1015.85 eta_seconds=27.5694 bootstraps=708
node=7711/7910 op=mul seconds=1016.12 eta_seconds=26.2232 bootstraps=708
node=7721/7910 op=mul seconds=1016.51 eta_seconds=24.8828 bootstraps=708
node=7731/7910 op=mul seconds=1016.88 eta_seconds=23.5444 bootstraps=708
node=7741/7910 op=mul seconds=1019.37 eta_seconds=22.2546 bootstraps=710
node=7751/7910 op=gather seconds=1019.98 eta_seconds=20.9233 bootstraps=710
node=7761/7910 op=addp seconds=1022.03 eta_seconds=19.6215 bootstraps=712
node=7771/7910 op=gather seconds=1024.24 eta_seconds=18.3207 bootstraps=714
node=7781/7910 op=cheb seconds=1026.75 eta_seconds=17.0224 bootstraps=716
node=7791/7910 op=mulp seconds=1027.19 eta_seconds=15.6893 bootstraps=716
node=7801/7910 op=cheb seconds=1027.43 eta_seconds=14.3558 bootstraps=716
node=7811/7910 op=mul seconds=1027.75 eta_seconds=13.0261 bootstraps=716
node=7821/7910 op=gather seconds=1030.09 eta_seconds=11.7221 bootstraps=718
node=7831/7910 op=mul seconds=1031.09 eta_seconds=10.4017 bootstraps=718
node=7841/7910 op=mulp seconds=1032.01 eta_seconds=9.0816 bootstraps=718
node=7851/7910 op=mulp seconds=1032.05 eta_seconds=7.7558 bootstraps=718
node=7861/7910 op=repeat seconds=1032.56 eta_seconds=6.43623 bootstraps=718
node=7871/7910 op=sum seconds=1032.95 eta_seconds=5.11815 bootstraps=718
node=7881/7910 op=add seconds=1033.32 eta_seconds=3.80234 bootstraps=718
node=7891/7910 op=cheb seconds=1037.03 eta_seconds=2.49696 bootstraps=722
node=7901/7910 op=add seconds=1039.71 eta_seconds=1.18433 bootstraps=724
node=7910/7910 op=mulp seconds=1041.27 eta_seconds=0 bootstraps=726
client_token=315 logit_margin=0.674927
passed=1 polynomial_error=6.41835e-05 exact_error=6.72106e-05 eval_seconds=1041.35
