GPU 0: NVIDIA GB10
 SMs: 48, SharedMem: 100 KB, Blocks/SM: 24, Threads/SM: 1536, L2 size: 24 MB, Bus: 256-bit
Adding bootstrap precomputation to GPU for 32768 slots.
Plaintexts loaded: 248 ~ 6262MB
Rotation keys loaded: 85 ~ 15300MB
setup_seconds=26.7568
planned_logical_refreshes=4
node=1/127 op=public seconds=0.190101 eta_seconds=23.9527 bootstraps=0
node=11/127 op=mulp seconds=0.930929 eta_seconds=9.81707 bootstraps=0
node=21/127 op=addp seconds=2.92995 eta_seconds=14.7893 bootstraps=0
node=31/127 op=mulp seconds=3.96436 eta_seconds=12.2767 bootstraps=0
node=41/127 op=mul seconds=4.56094 eta_seconds=9.56684 bootstraps=0
node=51/127 op=repeat seconds=5.12533 eta_seconds=7.63775 bootstraps=0
node=61/127 op=mul seconds=5.70332 eta_seconds=6.17081 bootstraps=0
node=71/127 op=gather seconds=6.75795 eta_seconds=5.33021 bootstraps=0
node=81/127 op=scatter seconds=7.31373 eta_seconds=4.15347 bootstraps=0
node=91/127 op=mul seconds=7.77906 eta_seconds=3.07743 bootstraps=0
node=101/127 op=linear seconds=10.3695 eta_seconds=2.66937 bootstraps=2
node=111/127 op=mulp seconds=11.8484 eta_seconds=1.70787 bootstraps=4
node=121/127 op=sum seconds=14.4486 eta_seconds=0.716462 bootstraps=6
node=127/127 op=mulp seconds=15.9939 eta_seconds=0 bootstraps=8
passed=1 polynomial_error=1.07319e-05 exact_error=1.1231e-05 eval_seconds=15.9943
