GPU 0: NVIDIA GB10
 SMs: 48, SharedMem: 100 KB, Blocks/SM: 24, Threads/SM: 1536, L2 size: 24 MB, Bus: 256-bit
Adding bootstrap precomputation to GPU for 32768 slots.
Plaintexts loaded: 248 ~ 6262MB
Rotation keys loaded: 85 ~ 15300MB
setup_seconds=26.577
planned_logical_refreshes=4
node=1/127 op=public seconds=0.191725 eta_seconds=24.1574 bootstraps=0
node=11/127 op=mulp seconds=1.01404 eta_seconds=10.6935 bootstraps=0
node=21/127 op=addp seconds=3.83115 eta_seconds=19.3382 bootstraps=0
node=31/127 op=mulp seconds=5.12003 eta_seconds=15.8556 bootstraps=0
node=41/127 op=mul seconds=5.80552 eta_seconds=12.1774 bootstraps=0
node=51/127 op=repeat seconds=6.43812 eta_seconds=9.59407 bootstraps=0
node=61/127 op=mul seconds=7.24148 eta_seconds=7.83505 bootstraps=0
node=71/127 op=gather seconds=8.5812 eta_seconds=6.76827 bootstraps=0
node=81/127 op=scatter seconds=9.31916 eta_seconds=5.29236 bootstraps=0
node=91/127 op=mul seconds=9.86783 eta_seconds=3.90376 bootstraps=0
node=101/127 op=linear seconds=13.0552 eta_seconds=3.36074 bootstraps=2
node=111/127 op=mulp seconds=14.5619 eta_seconds=2.09901 bootstraps=4
node=121/127 op=sum seconds=17.7286 eta_seconds=0.879103 bootstraps=6
node=127/127 op=mulp seconds=19.3237 eta_seconds=0 bootstraps=8
passed=1 polynomial_error=2.32985e-05 exact_error=2.43786e-05 eval_seconds=19.3242
