GPU 0: NVIDIA GB10
 SMs: 48, SharedMem: 100 KB, Blocks/SM: 24, Threads/SM: 1536, L2 size: 24 MB, Bus: 256-bit
Adding bootstrap precomputation to GPU for 32768 slots.
Plaintexts loaded: 248 ~ 6262MB
Rotation keys loaded: 85 ~ 15300MB
setup_seconds=26.5662
planned_logical_refreshes=623
node=1/7910 op=public seconds=0.192265 eta_seconds=1520.62 bootstraps=0
node=11/7910 op=public seconds=1.53524 eta_seconds=1102.44 bootstraps=0
node=21/7910 op=mul seconds=2.34613 eta_seconds=881.362 bootstraps=0
node=31/7910 op=gather seconds=3.98236 eta_seconds=1012.16 bootstraps=0
node=41/7910 op=mul seconds=4.89271 eta_seconds=939.043 bootstraps=0
node=51/7910 op=repeat seconds=5.55025 eta_seconds=855.283 bootstraps=0
node=61/7910 op=mulp seconds=5.87428 eta_seconds=755.856 bootstraps=0
node=71/7910 op=add seconds=6.34446 eta_seconds=700.482 bootstraps=0
node=81/7910 op=add seconds=6.87259 eta_seconds=664.265 bootstraps=0
node=91/7910 op=scatter seconds=7.32619 eta_seconds=629.489 bootstraps=0
node=111/7910 op=mul seconds=9.65935 eta_seconds=678.678 bootstraps=2
node=121/7910 op=mul seconds=10.426 eta_seconds=671.143 bootstraps=2
node=131/7910 op=scatter seconds=13.1377 eta_seconds=780.14 bootstraps=4
node=141/7910 op=gather seconds=16.5716 eta_seconds=913.081 bootstraps=8
node=161/7910 op=cheb seconds=18.6294 eta_seconds=896.643 bootstraps=10
node=171/7910 op=sum seconds=18.8319 eta_seconds=852.279 bootstraps=10
node=181/7910 op=addp seconds=18.9581 eta_seconds=809.544 bootstraps=10
node=191/7910 op=scatter seconds=20.8573 eta_seconds=842.918 bootstraps=12
node=201/7910 op=mul seconds=21.7921 eta_seconds=835.796 bootstraps=12
node=211/7910 op=scatter seconds=22.2571 eta_seconds=812.119 bootstraps=12
node=221/7910 op=sum seconds=22.5072 eta_seconds=783.069 bootstraps=12
node=231/7910 op=scatter seconds=24.4735 eta_seconds=813.559 bootstraps=14
node=241/7910 op=gather seconds=26.5943 eta_seconds=846.273 bootstraps=16
node=251/7910 op=cheb seconds=30.0059 eta_seconds=915.599 bootstraps=20
node=271/7910 op=repeat seconds=32.5417 eta_seconds=917.291 bootstraps=22
node=281/7910 op=addp seconds=32.9296 eta_seconds=894.021 bootstraps=22
node=291/7910 op=repeat seconds=33.165 eta_seconds=868.329 bootstraps=22
node=301/7910 op=mul seconds=33.4115 eta_seconds=844.613 bootstraps=22
node=311/7910 op=scatter seconds=35.5783 eta_seconds=869.324 bootstraps=24
node=321/7910 op=mul seconds=36.1719 eta_seconds=855.166 bootstraps=24
node=341/7910 op=add seconds=37.0818 eta_seconds=823.085 bootstraps=24
node=351/7910 op=cheb seconds=39.3265 eta_seconds=846.919 bootstraps=26
node=361/7910 op=add seconds=41.6866 eta_seconds=871.723 bootstraps=28
node=371/7910 op=linear seconds=43.6545 eta_seconds=887.092 bootstraps=30
node=381/7910 op=cheb seconds=45.36 eta_seconds=896.366 bootstraps=32
node=391/7910 op=add seconds=45.7773 eta_seconds=880.306 bootstraps=32
node=401/7910 op=mulp seconds=46.0233 eta_seconds=861.817 bootstraps=32
node=411/7910 op=addp seconds=46.1492 eta_seconds=842.026 bootstraps=32
node=421/7910 op=mul seconds=46.3752 eta_seconds=824.95 bootstraps=32
node=431/7910 op=gather seconds=50.3924 eta_seconds=874.443 bootstraps=36
node=441/7910 op=add seconds=50.6578 eta_seconds=857.966 bootstraps=36
node=451/7910 op=mulp seconds=51.0833 eta_seconds=844.856 bootstraps=36
node=461/7910 op=add seconds=53.457 eta_seconds=863.778 bootstraps=38
node=471/7910 op=linear seconds=55.4399 eta_seconds=875.621 bootstraps=40
node=481/7910 op=mulp seconds=57.3811 eta_seconds=886.246 bootstraps=42
node=491/7910 op=gather seconds=59.3424 eta_seconds=896.663 bootstraps=44
node=501/7910 op=cheb seconds=61.243 eta_seconds=905.687 bootstraps=46
node=511/7910 op=sum seconds=61.6502 eta_seconds=892.661 bootstraps=46
node=521/7910 op=addp seconds=61.839 eta_seconds=877.021 bootstraps=46
node=531/7910 op=gather seconds=62.1625 eta_seconds=863.837 bootstraps=46
node=541/7910 op=add seconds=63.9847 eta_seconds=871.541 bootstraps=48
node=551/7910 op=add seconds=64.8656 eta_seconds=866.326 bootstraps=48
node=561/7910 op=add seconds=65.5302 eta_seconds=858.433 bootstraps=48
node=571/7910 op=repeat seconds=65.7768 eta_seconds=845.421 bootstraps=48
node=581/7910 op=mulp seconds=67.9239 eta_seconds=856.823 bootstraps=50
node=591/7910 op=mul seconds=71.4013 eta_seconds=884.241 bootstraps=54
node=601/7910 op=mul seconds=73.3474 eta_seconds=892.007 bootstraps=56
node=611/7910 op=gather seconds=73.9755 eta_seconds=883.71 bootstraps=56
node=621/7910 op=mul seconds=76.0794 eta_seconds=892.983 bootstraps=58
node=631/7910 op=repeat seconds=76.3244 eta_seconds=880.452 bootstraps=58
node=641/7910 op=mulp seconds=76.4703 eta_seconds=867.181 bootstraps=58
node=651/7910 op=add seconds=76.71 eta_seconds=855.357 bootstraps=58
node=661/7910 op=add seconds=80.321 eta_seconds=880.858 bootstraps=62
node=671/7910 op=scatter seconds=80.9016 eta_seconds=872.797 bootstraps=62
node=691/7910 op=mul seconds=81.8091 eta_seconds=854.675 bootstraps=62
node=701/7910 op=mul seconds=83.9838 eta_seconds=863.679 bootstraps=64
node=711/7910 op=scatter seconds=86.3523 eta_seconds=874.333 bootstraps=66
node=721/7910 op=gather seconds=88.475 eta_seconds=882.173 bootstraps=68
node=741/7910 op=cheb seconds=90.7604 eta_seconds=878.086 bootstraps=70
node=751/7910 op=sum seconds=90.9386 eta_seconds=866.884 bootstraps=70
node=761/7910 op=addp seconds=91.0496 eta_seconds=855.339 bootstraps=70
node=771/7910 op=scatter seconds=92.9279 eta_seconds=860.457 bootstraps=72
node=781/7910 op=mul seconds=93.9701 eta_seconds=857.763 bootstraps=72
node=791/7910 op=scatter seconds=94.498 eta_seconds=850.482 bootstraps=72
node=801/7910 op=sum seconds=94.774 eta_seconds=841.134 bootstraps=72
node=811/7910 op=scatter seconds=97.0211 eta_seconds=849.264 bootstraps=74
node=821/7910 op=gather seconds=97.6045 eta_seconds=842.775 bootstraps=74
node=831/7910 op=cheb seconds=100.996 eta_seconds=860.35 bootstraps=78
node=851/7910 op=repeat seconds=103.347 eta_seconds=857.256 bootstraps=80
node=861/7910 op=addp seconds=103.675 eta_seconds=848.79 bootstraps=80
node=871/7910 op=repeat seconds=106.694 eta_seconds=862.248 bootstraps=84
node=881/7910 op=mul seconds=107.188 eta_seconds=855.195 bootstraps=84
node=891/7910 op=scatter seconds=107.719 eta_seconds=848.575 bootstraps=84
node=901/7910 op=mul seconds=108.072 eta_seconds=840.707 bootstraps=84
node=921/7910 op=add seconds=110.493 eta_seconds=838.474 bootstraps=86
node=931/7910 op=cheb seconds=112.686 eta_seconds=844.725 bootstraps=88
node=941/7910 op=add seconds=115.092 eta_seconds=852.366 bootstraps=90
node=951/7910 op=linear seconds=117.221 eta_seconds=857.773 bootstraps=92
node=961/7910 op=cheb seconds=117.318 eta_seconds=848.325 bootstraps=92
node=971/7910 op=add seconds=119.116 eta_seconds=851.232 bootstraps=94
node=981/7910 op=mulp seconds=120.783 eta_seconds=853.117 bootstraps=96
node=991/7910 op=addp seconds=122.289 eta_seconds=853.803 bootstraps=98
node=1001/7910 op=mul seconds=122.748 eta_seconds=847.215 bootstraps=98
node=1011/7910 op=gather seconds=123.502 eta_seconds=842.767 bootstraps=98
node=1021/7910 op=add seconds=125.268 eta_seconds=845.222 bootstraps=100
node=1031/7910 op=mulp seconds=125.726 eta_seconds=838.862 bootstraps=100
node=1041/7910 op=add seconds=126.577 eta_seconds=835.214 bootstraps=100
node=1051/7910 op=linear seconds=128.695 eta_seconds=839.883 bootstraps=102
node=1061/7910 op=mulp seconds=130.567 eta_seconds=842.839 bootstraps=104
node=1071/7910 op=gather seconds=132.691 eta_seconds=847.313 bootstraps=106
node=1081/7910 op=cheb seconds=134.545 eta_seconds=849.959 bootstraps=108
node=1091/7910 op=sum seconds=135.007 eta_seconds=843.824 bootstraps=108
node=1101/7910 op=addp seconds=135.2 eta_seconds=836.127 bootstraps=108
node=1111/7910 op=gather seconds=135.563 eta_seconds=829.608 bootstraps=108
node=1121/7910 op=add seconds=137.394 eta_seconds=832.085 bootstraps=110
node=1131/7910 op=add seconds=138.282 eta_seconds=828.834 bootstraps=110
node=1141/7910 op=add seconds=138.946 eta_seconds=824.298 bootstraps=110
node=1151/7910 op=repeat seconds=139.194 eta_seconds=817.385 bootstraps=110
node=1161/7910 op=mulp seconds=141.436 eta_seconds=822.179 bootstraps=112
node=1171/7910 op=mul seconds=143.497 eta_seconds=825.813 bootstraps=114
node=1181/7910 op=mul seconds=145.462 eta_seconds=828.802 bootstraps=116
node=1191/7910 op=gather seconds=146.09 eta_seconds=824.166 bootstraps=116
node=1201/7910 op=mul seconds=148.254 eta_seconds=828.172 bootstraps=118
node=1211/7910 op=repeat seconds=148.492 eta_seconds=821.427 bootstraps=118
node=1221/7910 op=mulp seconds=148.61 eta_seconds=814.13 bootstraps=118
node=1231/7910 op=add seconds=150.344 eta_seconds=815.718 bootstraps=120
node=1241/7910 op=add seconds=151.147 eta_seconds=812.249 bootstraps=120
node=1251/7910 op=scatter seconds=151.723 eta_seconds=807.613 bootstraps=120
node=1271/7910 op=mul seconds=152.625 eta_seconds=797.229 bootstraps=120
node=1281/7910 op=mul seconds=154.811 eta_seconds=801.126 bootstraps=122
node=1291/7910 op=scatter seconds=157.199 eta_seconds=805.964 bootstraps=124
node=1301/7910 op=gather seconds=159.328 eta_seconds=809.374 bootstraps=126
node=1321/7910 op=cheb seconds=161.591 eta_seconds=805.998 bootstraps=128
node=1331/7910 op=sum seconds=161.771 eta_seconds=799.618 bootstraps=128
node=1341/7910 op=addp seconds=161.884 eta_seconds=793.004 bootstraps=128
node=1351/7910 op=scatter seconds=163.756 eta_seconds=795.02 bootstraps=130
node=1361/7910 op=mul seconds=164.807 eta_seconds=793.037 bootstraps=130
node=1371/7910 op=scatter seconds=165.336 eta_seconds=788.571 bootstraps=130
node=1381/7910 op=sum seconds=165.611 eta_seconds=782.965 bootstraps=130
node=1391/7910 op=scatter seconds=169.178 eta_seconds=792.861 bootstraps=134
node=1401/7910 op=gather seconds=169.837 eta_seconds=789.058 bootstraps=134
node=1411/7910 op=cheb seconds=173.345 eta_seconds=798.419 bootstraps=138
node=1421/7910 op=cheb seconds=173.892 eta_seconds=794.08 bootstraps=138
node=1431/7910 op=gather seconds=175.628 eta_seconds=795.176 bootstraps=138
node=1441/7910 op=repeat seconds=178.825 eta_seconds=802.788 bootstraps=140
node=1451/7910 op=addp seconds=179.463 eta_seconds=798.863 bootstraps=140
node=1461/7910 op=repeat seconds=180.019 eta_seconds=794.622 bootstraps=140
node=1471/7910 op=mul seconds=180.447 eta_seconds=789.868 bootstraps=140
node=1481/7910 op=scatter seconds=180.865 eta_seconds=785.132 bootstraps=140
node=1491/7910 op=mul seconds=181.354 eta_seconds=780.758 bootstraps=140
node=1501/7910 op=addp seconds=181.892 eta_seconds=776.644 bootstraps=140
node=1511/7910 op=repeat seconds=183.664 eta_seconds=777.809 bootstraps=142
node=1521/7910 op=mul seconds=184.298 eta_seconds=774.15 bootstraps=142
node=1531/7910 op=mul seconds=186.351 eta_seconds=776.443 bootstraps=144
node=1541/7910 op=scatter seconds=188.728 eta_seconds=780.02 bootstraps=146
node=1551/7910 op=gather seconds=192.088 eta_seconds=787.548 bootstraps=150
node=1561/7910 op=mul seconds=192.622 eta_seconds=783.444 bootstraps=150
node=1571/7910 op=cheb seconds=195.918 eta_seconds=790.533 bootstraps=154
node=1581/7910 op=sum seconds=196.12 eta_seconds=785.102 bootstraps=154
node=1591/7910 op=addp seconds=196.247 eta_seconds=779.436 bootstraps=154
node=1601/7910 op=scatter seconds=198.156 eta_seconds=780.867 bootstraps=156
node=1611/7910 op=mul seconds=199.094 eta_seconds=778.458 bootstraps=156
node=1621/7910 op=scatter seconds=199.56 eta_seconds=774.233 bootstraps=156
node=1631/7910 op=mulp seconds=199.722 eta_seconds=768.887 bootstraps=156
node=1641/7910 op=repeat seconds=201.702 eta_seconds=770.547 bootstraps=158
node=1651/7910 op=mulp seconds=203.51 eta_seconds=771.515 bootstraps=160
node=1661/7910 op=mul seconds=205.759 eta_seconds=774.103 bootstraps=162
node=1671/7910 op=mul seconds=207.721 eta_seconds=775.565 bootstraps=164
node=1681/7910 op=gather seconds=208.36 eta_seconds=772.084 bootstraps=164
node=1691/7910 op=mul seconds=212.611 eta_seconds=781.92 bootstraps=168
node=1701/7910 op=repeat seconds=212.858 eta_seconds=776.976 bootstraps=168
node=1711/7910 op=mulp seconds=213.006 eta_seconds=771.726 bootstraps=168
node=1721/7910 op=add seconds=213.248 eta_seconds=766.875 bootstraps=168
node=1731/7910 op=add seconds=215.533 eta_seconds=769.368 bootstraps=170
node=1741/7910 op=scatter seconds=216.111 eta_seconds=765.761 bootstraps=170
node=1751/7910 op=mul seconds=216.664 eta_seconds=762.1 bootstraps=170
node=1761/7910 op=add seconds=216.922 eta_seconds=757.442 bootstraps=170
node=1771/7910 op=add seconds=219.17 eta_seconds=759.733 bootstraps=172
node=1781/7910 op=linear_ref seconds=219.742 eta_seconds=756.203 bootstraps=172
node=1791/7910 op=mulp seconds=221.683 eta_seconds=757.387 bootstraps=174
node=1801/7910 op=gather seconds=223.65 eta_seconds=758.622 bootstraps=176
node=1811/7910 op=cheb seconds=225.94 eta_seconds=760.912 bootstraps=178
node=1821/7910 op=sum seconds=226.383 eta_seconds=756.97 bootstraps=178
node=1831/7910 op=addp seconds=226.534 eta_seconds=752.102 bootstraps=178
node=1841/7910 op=gather seconds=226.848 eta_seconds=747.821 bootstraps=178
node=1851/7910 op=add seconds=228.764 eta_seconds=748.829 bootstraps=180
node=1861/7910 op=add seconds=229.653 eta_seconds=746.465 bootstraps=180
node=1871/7910 op=add seconds=230.319 eta_seconds=743.398 bootstraps=180
node=1881/7910 op=sum seconds=230.473 eta_seconds=738.714 bootstraps=180
node=1891/7910 op=add seconds=230.701 eta_seconds=734.315 bootstraps=180
node=1901/7910 op=cheb seconds=234.282 eta_seconds=740.558 bootstraps=184
node=1911/7910 op=add seconds=236.75 eta_seconds=743.203 bootstraps=186
node=1921/7910 op=linear_ref seconds=238.743 eta_seconds=744.317 bootstraps=188
node=1931/7910 op=cheb seconds=240.554 eta_seconds=744.832 bootstraps=190
node=1941/7910 op=add seconds=243.048 eta_seconds=747.427 bootstraps=192
node=1951/7910 op=mulp seconds=243.323 eta_seconds=743.189 bootstraps=192
node=1961/7910 op=addp seconds=243.476 eta_seconds=738.622 bootstraps=192
node=1971/7910 op=mul seconds=245.204 eta_seconds=738.848 bootstraps=194
node=1981/7910 op=gather seconds=246.465 eta_seconds=737.654 bootstraps=194
node=1991/7910 op=add seconds=246.728 eta_seconds=733.493 bootstraps=194
node=2001/7910 op=mul seconds=247.158 eta_seconds=729.862 bootstraps=194
node=2011/7910 op=sum seconds=247.466 eta_seconds=725.908 bootstraps=194
node=2021/7910 op=scatter seconds=249.653 eta_seconds=727.464 bootstraps=196
node=2031/7910 op=gather seconds=251.633 eta_seconds=728.384 bootstraps=198
node=2041/7910 op=cheb seconds=255.064 eta_seconds=733.45 bootstraps=202
node=2051/7910 op=gather seconds=255.731 eta_seconds=730.537 bootstraps=202
node=2061/7910 op=repeat seconds=258.109 eta_seconds=732.498 bootstraps=204
node=2071/7910 op=addp seconds=258.496 eta_seconds=728.806 bootstraps=204
node=2081/7910 op=repeat seconds=258.732 eta_seconds=724.723 bootstraps=204
node=2091/7910 op=mul seconds=258.977 eta_seconds=720.702 bootstraps=204
node=2101/7910 op=scatter seconds=261.205 eta_seconds=722.199 bootstraps=206
node=2111/7910 op=mul seconds=261.795 eta_seconds=719.161 bootstraps=206
node=2121/7910 op=addp seconds=262.46 eta_seconds=716.351 bootstraps=206
node=2131/7910 op=repeat seconds=262.719 eta_seconds=712.461 bootstraps=206
node=2141/7910 op=mul seconds=262.942 eta_seconds=708.506 bootstraps=206
node=2151/7910 op=mul seconds=265.124 eta_seconds=709.832 bootstraps=208
node=2161/7910 op=scatter seconds=267.502 eta_seconds=711.646 bootstraps=210
node=2171/7910 op=gather seconds=269.635 eta_seconds=712.775 bootstraps=212
node=2181/7910 op=mul seconds=271.792 eta_seconds=713.938 bootstraps=214
node=2191/7910 op=cheb seconds=272.432 eta_seconds=711.108 bootstraps=214
node=2201/7910 op=sum seconds=272.61 eta_seconds=707.103 bootstraps=214
node=2211/7910 op=addp seconds=272.724 eta_seconds=702.963 bootstraps=214
node=2221/7910 op=scatter seconds=274.7 eta_seconds=703.634 bootstraps=216
node=2231/7910 op=mul seconds=275.748 eta_seconds=701.916 bootstraps=216
node=2241/7910 op=scatter seconds=276.28 eta_seconds=698.899 bootstraps=216
node=2251/7910 op=mulp seconds=276.445 eta_seconds=694.981 bootstraps=216
node=2261/7910 op=repeat seconds=276.799 eta_seconds=691.569 bootstraps=216
node=2271/7910 op=mulp seconds=278.985 eta_seconds=692.733 bootstraps=218
node=2281/7910 op=mul seconds=281.047 eta_seconds=693.562 bootstraps=220
node=2291/7910 op=mul seconds=282.964 eta_seconds=694.009 bootstraps=222
node=2301/7910 op=gather seconds=283.639 eta_seconds=691.408 bootstraps=222
node=2311/7910 op=mul seconds=286.215 eta_seconds=693.431 bootstraps=224
node=2321/7910 op=repeat seconds=287.905 eta_seconds=693.28 bootstraps=226
node=2331/7910 op=mulp seconds=289.411 eta_seconds=692.675 bootstraps=228
node=2341/7910 op=add seconds=289.905 eta_seconds=689.654 bootstraps=228
node=2351/7910 op=add seconds=290.571 eta_seconds=687.063 bootstraps=228
node=2361/7910 op=scatter seconds=292.349 eta_seconds=687.101 bootstraps=230
node=2371/7910 op=mul seconds=293.012 eta_seconds=684.519 bootstraps=230
node=2381/7910 op=add seconds=293.267 eta_seconds=681.006 bootstraps=230
node=2391/7910 op=add seconds=295.48 eta_seconds=682.039 bootstraps=232
node=2401/7910 op=linear_ref seconds=296.021 eta_seconds=679.21 bootstraps=232
node=2411/7910 op=mulp seconds=297.999 eta_seconds=679.675 bootstraps=234
node=2421/7910 op=gather seconds=300.119 eta_seconds=680.444 bootstraps=236
node=2431/7910 op=cheb seconds=303.703 eta_seconds=684.487 bootstraps=240
node=2441/7910 op=sum seconds=305.547 eta_seconds=684.571 bootstraps=242
node=2451/7910 op=addp seconds=307.021 eta_seconds=683.814 bootstraps=244
node=2461/7910 op=gather seconds=308.953 eta_seconds=684.066 bootstraps=246
node=2471/7910 op=add seconds=309.127 eta_seconds=680.43 bootstraps=246
node=2481/7910 op=add seconds=309.724 eta_seconds=677.748 bootstraps=246
node=2491/7910 op=add seconds=311.938 eta_seconds=678.599 bootstraps=248
node=2501/7910 op=sum seconds=312.158 eta_seconds=675.115 bootstraps=248
node=2511/7910 op=add seconds=312.479 eta_seconds=671.874 bootstraps=248
node=2521/7910 op=cheb seconds=314.442 eta_seconds=672.166 bootstraps=250
node=2531/7910 op=add seconds=316.961 eta_seconds=673.62 bootstraps=252
node=2541/7910 op=linear_ref seconds=319.083 eta_seconds=674.205 bootstraps=254
node=2551/7910 op=cheb seconds=320.911 eta_seconds=674.153 bootstraps=256
node=2561/7910 op=add seconds=323.898 eta_seconds=676.505 bootstraps=258
node=2571/7910 op=mulp seconds=324.174 eta_seconds=673.187 bootstraps=258
node=2581/7910 op=addp seconds=324.37 eta_seconds=669.728 bootstraps=258
node=2591/7910 op=mul seconds=326.091 eta_seconds=669.423 bootstraps=260
node=2601/7910 op=gather seconds=327.283 eta_seconds=668.03 bootstraps=260
node=2611/7910 op=add seconds=327.551 eta_seconds=664.761 bootstraps=260
node=2621/7910 op=mul seconds=327.984 eta_seconds=661.85 bootstraps=260
node=2631/7910 op=sum seconds=328.296 eta_seconds=658.712 bootstraps=260
node=2641/7910 op=scatter seconds=330.546 eta_seconds=659.465 bootstraps=262
node=2651/7910 op=gather seconds=331.121 eta_seconds=656.871 bootstraps=262
node=2661/7910 op=cheb seconds=334.575 eta_seconds=659.972 bootstraps=266
node=2671/7910 op=gather seconds=335.245 eta_seconds=657.563 bootstraps=266
node=2681/7910 op=repeat seconds=337.688 eta_seconds=658.624 bootstraps=268
node=2691/7910 op=addp seconds=338.071 eta_seconds=655.664 bootstraps=268
node=2701/7910 op=repeat seconds=338.283 eta_seconds=652.394 bootstraps=268
node=2711/7910 op=mul seconds=340.119 eta_seconds=652.261 bootstraps=270
node=2721/7910 op=scatter seconds=340.783 eta_seconds=649.88 bootstraps=270
node=2731/7910 op=mul seconds=341.374 eta_seconds=647.374 bootstraps=270
node=2741/7910 op=addp seconds=342.04 eta_seconds=645.022 bootstraps=270
node=2751/7910 op=repeat seconds=342.298 eta_seconds=641.917 bootstraps=270
node=2761/7910 op=mul seconds=342.521 eta_seconds=638.768 bootstraps=270
node=2771/7910 op=mul seconds=344.691 eta_seconds=639.252 bootstraps=272
node=2781/7910 op=scatter seconds=347.061 eta_seconds=640.084 bootstraps=274
node=2791/7910 op=gather seconds=349.191 eta_seconds=640.454 bootstraps=276
node=2801/7910 op=mul seconds=351.349 eta_seconds=640.857 bootstraps=278
node=2811/7910 op=cheb seconds=351.949 eta_seconds=638.416 bootstraps=278
node=2821/7910 op=sum seconds=352.13 eta_seconds=635.232 bootstraps=278
node=2831/7910 op=addp seconds=352.243 eta_seconds=631.947 bootstraps=278
node=2841/7910 op=scatter seconds=354.212 eta_seconds=631.995 bootstraps=280
node=2851/7910 op=mul seconds=355.267 eta_seconds=630.409 bootstraps=280
node=2861/7910 op=scatter seconds=355.797 eta_seconds=627.9 bootstraps=280
node=2871/7910 op=mulp seconds=355.96 eta_seconds=624.759 bootstraps=280
node=2881/7910 op=repeat seconds=356.314 eta_seconds=621.972 bootstraps=280
node=2891/7910 op=mulp seconds=359.833 eta_seconds=624.697 bootstraps=284
node=2901/7910 op=mul seconds=362.08 eta_seconds=625.184 bootstraps=286
node=2911/7910 op=mul seconds=364.01 eta_seconds=625.106 bootstraps=288
client_token=315 logit_margin=1.89751
node=2921/7910 op=mul seconds=364.714 eta_seconds=622.923 bootstraps=288
node=2931/7910 op=gather seconds=366.385 eta_seconds=622.393 bootstraps=288
node=2941/7910 op=mul seconds=369.794 eta_seconds=624.79 bootstraps=290
node=2951/7910 op=repeat seconds=370.412 eta_seconds=622.457 bootstraps=290
node=2961/7910 op=mulp seconds=370.736 eta_seconds=619.646 bootstraps=290
node=2971/7910 op=add seconds=371.154 eta_seconds=617.008 bootstraps=290
node=2981/7910 op=add seconds=371.693 eta_seconds=614.584 bootstraps=290
node=2991/7910 op=scatter seconds=372.152 eta_seconds=612.042 bootstraps=290
node=3001/7910 op=mul seconds=372.604 eta_seconds=609.502 bootstraps=290
node=3011/7910 op=mul seconds=374.379 eta_seconds=609.128 bootstraps=292
node=3021/7910 op=mul seconds=374.99 eta_seconds=606.861 bootstraps=292
node=3031/7910 op=sum seconds=375.822 eta_seconds=604.96 bootstraps=292
node=3041/7910 op=cheb seconds=379.361 eta_seconds=607.402 bootstraps=296
node=3051/7910 op=repeat seconds=381.338 eta_seconds=607.317 bootstraps=298
node=3061/7910 op=gather seconds=381.859 eta_seconds=604.911 bootstraps=298
node=3071/7910 op=repeat seconds=384.435 eta_seconds=605.758 bootstraps=300
node=3081/7910 op=cheb seconds=384.714 eta_seconds=602.981 bootstraps=300
node=3091/7910 op=mul seconds=384.867 eta_seconds=600.024 bootstraps=300
node=3101/7910 op=mulp seconds=386.701 eta_seconds=599.693 bootstraps=302
node=3111/7910 op=scatter seconds=387.48 eta_seconds=597.724 bootstraps=302
node=3121/7910 op=add seconds=387.933 eta_seconds=595.262 bootstraps=302
node=3131/7910 op=mul seconds=388.599 eta_seconds=593.137 bootstraps=302
node=3141/7910 op=repeat seconds=388.857 eta_seconds=590.404 bootstraps=302
node=3151/7910 op=sum seconds=389.033 eta_seconds=587.562 bootstraps=302
node=3161/7910 op=scatter seconds=391.278 eta_seconds=587.845 bootstraps=304
node=3171/7910 op=gather seconds=393.314 eta_seconds=587.8 bootstraps=306
node=3181/7910 op=cheb seconds=396.782 eta_seconds=589.871 bootstraps=310
node=3191/7910 op=gather seconds=397.449 eta_seconds=587.767 bootstraps=310
node=3201/7910 op=repeat seconds=401.451 eta_seconds=590.576 bootstraps=314
node=3211/7910 op=addp seconds=401.843 eta_seconds=588.06 bootstraps=314
node=3221/7910 op=repeat seconds=402.081 eta_seconds=585.333 bootstraps=314
node=3231/7910 op=mul seconds=402.329 eta_seconds=582.636 bootstraps=314
node=3241/7910 op=scatter seconds=404.471 eta_seconds=582.683 bootstraps=316
node=3251/7910 op=mul seconds=405.064 eta_seconds=580.496 bootstraps=316
node=3261/7910 op=addp seconds=405.731 eta_seconds=578.425 bootstraps=316
node=3271/7910 op=mul seconds=405.882 eta_seconds=575.631 bootstraps=316
node=3281/7910 op=mul seconds=406.112 eta_seconds=572.963 bootstraps=316
node=3291/7910 op=mul seconds=408.361 eta_seconds=573.145 bootstraps=318
node=3301/7910 op=gather seconds=408.937 eta_seconds=570.975 bootstraps=318
node=3311/7910 op=addp seconds=410.889 eta_seconds=570.728 bootstraps=320
node=3321/7910 op=gather seconds=412.874 eta_seconds=570.515 bootstraps=322
node=3331/7910 op=cheb seconds=415.263 eta_seconds=570.847 bootstraps=324
node=3341/7910 op=mulp seconds=415.609 eta_seconds=568.367 bootstraps=324
node=3351/7910 op=cheb seconds=415.812 eta_seconds=565.708 bootstraps=324
node=3361/7910 op=mul seconds=417.809 eta_seconds=565.491 bootstraps=326
node=3371/7910 op=gather seconds=418.264 eta_seconds=563.186 bootstraps=326
node=3381/7910 op=mul seconds=418.935 eta_seconds=561.183 bootstraps=326
node=3391/7910 op=mulp seconds=419.601 eta_seconds=559.179 bootstraps=326
node=3401/7910 op=sum seconds=419.756 eta_seconds=556.507 bootstraps=326
node=3411/7910 op=add seconds=419.987 eta_seconds=553.95 bootstraps=326
node=3421/7910 op=add seconds=422.251 eta_seconds=554.074 bootstraps=328
node=3431/7910 op=linear_ref seconds=424.244 eta_seconds=553.829 bootstraps=330
node=3441/7910 op=mulp seconds=426.193 eta_seconds=553.519 bootstraps=332
node=3451/7910 op=gather seconds=428.167 eta_seconds=553.23 bootstraps=334
node=3461/7910 op=cheb seconds=432.171 eta_seconds=555.542 bootstraps=338
node=3471/7910 op=sum seconds=432.584 eta_seconds=553.224 bootstraps=338
node=3481/7910 op=addp seconds=432.776 eta_seconds=550.637 bootstraps=338
node=3491/7910 op=gather seconds=433.1 eta_seconds=548.23 bootstraps=338
node=3501/7910 op=add seconds=434.958 eta_seconds=547.767 bootstraps=340
node=3511/7910 op=add seconds=435.855 eta_seconds=546.092 bootstraps=340
node=3521/7910 op=add seconds=436.523 eta_seconds=544.136 bootstraps=340
node=3531/7910 op=mul seconds=436.551 eta_seconds=541.393 bootstraps=340
node=3541/7910 op=mul seconds=436.906 eta_seconds=539.069 bootstraps=340
node=3551/7910 op=linear_ref seconds=439.203 eta_seconds=539.14 bootstraps=342
node=3561/7910 op=mulp seconds=440.706 eta_seconds=538.228 bootstraps=344
node=3571/7910 op=sum seconds=443.16 eta_seconds=538.468 bootstraps=346
node=3581/7910 op=gather seconds=445.287 eta_seconds=538.299 bootstraps=348
node=3591/7910 op=cheb seconds=447.45 eta_seconds=538.161 bootstraps=350
node=3601/7910 op=mul seconds=448.034 eta_seconds=536.123 bootstraps=350
node=3611/7910 op=mulp seconds=448.213 eta_seconds=533.61 bootstraps=350
node=3621/7910 op=gather seconds=448.46 eta_seconds=531.192 bootstraps=350
node=3631/7910 op=scatter seconds=450.487 eta_seconds=530.882 bootstraps=352
node=3641/7910 op=mulp seconds=451.395 eta_seconds=529.251 bootstraps=352
node=3651/7910 op=scatter seconds=452.07 eta_seconds=527.354 bootstraps=352
node=3661/7910 op=mulp seconds=452.098 eta_seconds=524.711 bootstraps=352
node=3671/7910 op=repeat seconds=452.459 eta_seconds=522.466 bootstraps=352
node=3681/7910 op=mul seconds=452.682 eta_seconds=520.073 bootstraps=352
node=3691/7910 op=mul seconds=454.871 eta_seconds=519.941 bootstraps=354
node=3701/7910 op=scatter seconds=457.253 eta_seconds=520.016 bootstraps=356
node=3711/7910 op=gather seconds=459.382 eta_seconds=519.792 bootstraps=358
node=3721/7910 op=mul seconds=461.529 eta_seconds=519.577 bootstraps=360
node=3731/7910 op=cheb seconds=462.17 eta_seconds=517.665 bootstraps=360
node=3741/7910 op=sum seconds=462.349 eta_seconds=515.246 bootstraps=360
node=3751/7910 op=addp seconds=463.972 eta_seconds=514.439 bootstraps=362
node=3761/7910 op=scatter seconds=464.55 eta_seconds=512.475 bootstraps=362
node=3771/7910 op=mul seconds=465.542 eta_seconds=510.973 bootstraps=362
node=3781/7910 op=scatter seconds=466.075 eta_seconds=508.972 bootstraps=362
node=3791/7910 op=add seconds=466.235 eta_seconds=506.574 bootstraps=362
node=3801/7910 op=mul seconds=466.546 eta_seconds=504.351 bootstraps=362
node=3811/7910 op=cheb seconds=466.816 eta_seconds=502.093 bootstraps=362
node=3821/7910 op=repeat seconds=470.308 eta_seconds=503.295 bootstraps=366
node=3831/7910 op=mul seconds=472.787 eta_seconds=503.393 bootstraps=368
node=3841/7910 op=gather seconds=474.914 eta_seconds=503.105 bootstraps=370
node=3851/7910 op=cheb seconds=477.057 eta_seconds=502.823 bootstraps=372
node=3861/7910 op=cheb seconds=477.608 eta_seconds=500.864 bootstraps=372
node=3871/7910 op=mul seconds=479.277 eta_seconds=500.078 bootstraps=374
node=3881/7910 op=repeat seconds=480.835 eta_seconds=499.171 bootstraps=376
node=3891/7910 op=add seconds=481.294 eta_seconds=497.126 bootstraps=376
node=3901/7910 op=mul seconds=482.162 eta_seconds=495.51 bootstraps=376
node=3911/7910 op=gather seconds=484.118 eta_seconds=495.011 bootstraps=378
node=3921/7910 op=mul seconds=484.409 eta_seconds=492.81 bootstraps=378
node=3931/7910 op=sum seconds=484.722 eta_seconds=490.641 bootstraps=378
node=3941/7910 op=add seconds=484.886 eta_seconds=488.331 bootstraps=378
node=3951/7910 op=cheb seconds=487.084 eta_seconds=488.071 bootstraps=380
node=3961/7910 op=add seconds=489.483 eta_seconds=488 bootstraps=382
node=3971/7910 op=linear_ref seconds=491.607 eta_seconds=487.646 bootstraps=384
node=3981/7910 op=cheb seconds=491.71 eta_seconds=485.287 bootstraps=384
node=3991/7910 op=add seconds=496.892 eta_seconds=487.928 bootstraps=390
node=4001/7910 op=mulp seconds=498.529 eta_seconds=487.065 bootstraps=392
node=4011/7910 op=addp seconds=500.034 eta_seconds=486.071 bootstraps=394
node=4021/7910 op=mul seconds=500.501 eta_seconds=484.071 bootstraps=394
node=4031/7910 op=gather seconds=501.262 eta_seconds=482.36 bootstraps=394
node=4041/7910 op=add seconds=503.035 eta_seconds=481.624 bootstraps=396
node=4051/7910 op=mul seconds=503.525 eta_seconds=479.661 bootstraps=396
node=4061/7910 op=mul seconds=503.878 eta_seconds=477.574 bootstraps=396
node=4071/7910 op=mul seconds=504.295 eta_seconds=475.556 bootstraps=396
node=4081/7910 op=addp seconds=504.826 eta_seconds=473.653 bootstraps=396
node=4091/7910 op=linear_ref seconds=508.79 eta_seconds=474.961 bootstraps=400
node=4101/7910 op=mulp seconds=510.334 eta_seconds=473.997 bootstraps=402
node=4111/7910 op=addp seconds=510.969 eta_seconds=472.189 bootstraps=402
node=4121/7910 op=mulp seconds=515.736 eta_seconds=474.186 bootstraps=406
node=4131/7910 op=mul seconds=516.011 eta_seconds=472.042 bootstraps=406
node=4141/7910 op=repeat seconds=516.207 eta_seconds=469.834 bootstraps=406
node=4151/7910 op=mul seconds=517.939 eta_seconds=469.027 bootstraps=408
node=4161/7910 op=gather seconds=518.979 eta_seconds=467.593 bootstraps=408
node=4171/7910 op=scatter seconds=519.447 eta_seconds=465.647 bootstraps=408
node=4181/7910 op=mul seconds=519.876 eta_seconds=463.673 bootstraps=408
node=4191/7910 op=add seconds=520.13 eta_seconds=461.552 bootstraps=408
node=4201/7910 op=repeat seconds=520.353 eta_seconds=459.412 bootstraps=408
node=4211/7910 op=mulp seconds=522.591 eta_seconds=459.051 bootstraps=410
node=4221/7910 op=mul seconds=524.65 eta_seconds=458.525 bootstraps=412
node=4231/7910 op=mul seconds=526.605 eta_seconds=457.901 bootstraps=414
node=4241/7910 op=gather seconds=527.245 eta_seconds=456.134 bootstraps=414
node=4251/7910 op=mul seconds=529.915 eta_seconds=456.118 bootstraps=416
node=4261/7910 op=repeat seconds=530.153 eta_seconds=454.008 bootstraps=416
node=4271/7910 op=mulp seconds=530.273 eta_seconds=451.806 bootstraps=416
node=4281/7910 op=add seconds=532.116 eta_seconds=451.074 bootstraps=418
node=4291/7910 op=add seconds=532.882 eta_seconds=449.429 bootstraps=418
node=4301/7910 op=scatter seconds=533.456 eta_seconds=447.627 bootstraps=418
node=4311/7910 op=mul seconds=534.006 eta_seconds=445.81 bootstraps=418
node=4321/7910 op=mul seconds=534.262 eta_seconds=443.755 bootstraps=418
node=4331/7910 op=mul seconds=534.434 eta_seconds=441.64 bootstraps=418
node=4341/7910 op=sum seconds=536.66 eta_seconds=441.221 bootstraps=420
node=4351/7910 op=cheb seconds=538.716 eta_seconds=440.655 bootstraps=422
node=4361/7910 op=repeat seconds=540.68 eta_seconds=440.007 bootstraps=424
node=4371/7910 op=gather seconds=541.308 eta_seconds=438.273 bootstraps=424
node=4381/7910 op=repeat seconds=543.924 eta_seconds=438.144 bootstraps=426
node=4391/7910 op=cheb seconds=544.161 eta_seconds=436.097 bootstraps=426
node=4401/7910 op=mul seconds=544.288 eta_seconds=433.971 bootstraps=426
node=4411/7910 op=mulp seconds=544.536 eta_seconds=431.95 bootstraps=426
node=4421/7910 op=scatter seconds=546.922 eta_seconds=431.624 bootstraps=428
node=4431/7910 op=add seconds=547.378 eta_seconds=429.774 bootstraps=428
node=4441/7910 op=mul seconds=548.051 eta_seconds=428.099 bootstraps=428
node=4451/7910 op=repeat seconds=548.311 eta_seconds=426.108 bootstraps=428
node=4461/7910 op=sum seconds=548.485 eta_seconds=424.058 bootstraps=428
node=4471/7910 op=scatter seconds=552.003 eta_seconds=424.589 bootstraps=432
node=4481/7910 op=gather seconds=552.664 eta_seconds=422.916 bootstraps=432
node=4491/7910 op=cheb seconds=556.177 eta_seconds=423.417 bootstraps=436
client_token=279 logit_margin=2.90222
node=4501/7910 op=cheb seconds=556.808 eta_seconds=421.719 bootstraps=436
node=4511/7910 op=gather seconds=558.543 eta_seconds=420.857 bootstraps=436
node=4521/7910 op=repeat seconds=561.728 eta_seconds=421.079 bootstraps=438
node=4531/7910 op=addp seconds=562.373 eta_seconds=419.391 bootstraps=438
node=4541/7910 op=repeat seconds=562.933 eta_seconds=417.644 bootstraps=438
node=4551/7910 op=mul seconds=563.363 eta_seconds=415.807 bootstraps=438
node=4561/7910 op=scatter seconds=563.78 eta_seconds=413.966 bootstraps=438
node=4571/7910 op=mul seconds=564.277 eta_seconds=412.19 bootstraps=438
node=4581/7910 op=addp seconds=564.811 eta_seconds=410.446 bootstraps=438
node=4591/7910 op=sum seconds=564.948 eta_seconds=408.421 bootstraps=438
node=4601/7910 op=add seconds=567.085 eta_seconds=407.843 bootstraps=440
node=4611/7910 op=repeat seconds=567.564 eta_seconds=406.071 bootstraps=440
node=4621/7910 op=mulp seconds=568.297 eta_seconds=404.486 bootstraps=440
node=4631/7910 op=mul seconds=571.844 eta_seconds=404.897 bootstraps=444
node=4641/7910 op=mul seconds=573.836 eta_seconds=404.195 bootstraps=446
node=4651/7910 op=gather seconds=574.367 eta_seconds=402.465 bootstraps=446
node=4661/7910 op=mul seconds=576.952 eta_seconds=402.171 bootstraps=448
node=4671/7910 op=repeat seconds=577.237 eta_seconds=400.272 bootstraps=448
node=4681/7910 op=mulp seconds=577.383 eta_seconds=398.284 bootstraps=448
node=4691/7910 op=add seconds=579.217 eta_seconds=397.463 bootstraps=450
node=4701/7910 op=add seconds=579.996 eta_seconds=395.918 bootstraps=450
node=4711/7910 op=scatter seconds=580.575 eta_seconds=394.239 bootstraps=450
node=4721/7910 op=mul seconds=581.124 eta_seconds=392.545 bootstraps=450
node=4731/7910 op=repeat seconds=581.383 eta_seconds=390.661 bootstraps=450
node=4741/7910 op=sum seconds=581.556 eta_seconds=388.726 bootstraps=450
node=4751/7910 op=add seconds=581.716 eta_seconds=386.79 bootstraps=450
node=4761/7910 op=cheb seconds=585.413 eta_seconds=387.201 bootstraps=454
node=4771/7910 op=add seconds=587.884 eta_seconds=386.789 bootstraps=456
node=4781/7910 op=linear_ref seconds=590.01 eta_seconds=386.141 bootstraps=458
node=4791/7910 op=cheb seconds=590.106 eta_seconds=384.166 bootstraps=458
node=4801/7910 op=add seconds=594.318 eta_seconds=384.864 bootstraps=462
node=4811/7910 op=mulp seconds=594.567 eta_seconds=382.989 bootstraps=462
node=4821/7910 op=addp seconds=594.722 eta_seconds=381.061 bootstraps=462
node=4831/7910 op=mul seconds=594.952 eta_seconds=379.188 bootstraps=462
node=4841/7910 op=gather seconds=597.741 eta_seconds=378.944 bootstraps=464
node=4851/7910 op=add seconds=598.005 eta_seconds=377.097 bootstraps=464
node=4861/7910 op=mul seconds=598.437 eta_seconds=375.362 bootstraps=464
node=4871/7910 op=add seconds=598.696 eta_seconds=373.524 bootstraps=464
node=4881/7910 op=repeat seconds=598.919 eta_seconds=371.671 bootstraps=464
node=4891/7910 op=mul seconds=599.141 eta_seconds=369.824 bootstraps=464
node=4901/7910 op=mul seconds=601.373 eta_seconds=369.217 bootstraps=466
node=4911/7910 op=scatter seconds=603.715 eta_seconds=368.671 bootstraps=468
node=4921/7910 op=gather seconds=605.707 eta_seconds=367.905 bootstraps=470
node=4931/7910 op=mul seconds=607.892 eta_seconds=367.25 bootstraps=472
node=4941/7910 op=cheb seconds=608.429 eta_seconds=365.599 bootstraps=472
node=4951/7910 op=sum seconds=608.609 eta_seconds=363.739 bootstraps=472
node=4961/7910 op=addp seconds=608.722 eta_seconds=361.847 bootstraps=472
node=4971/7910 op=scatter seconds=610.694 eta_seconds=361.06 bootstraps=474
node=4981/7910 op=mul seconds=611.786 eta_seconds=359.751 bootstraps=474
node=4991/7910 op=scatter seconds=612.319 eta_seconds=358.116 bootstraps=474
node=5001/7910 op=mul seconds=612.479 eta_seconds=356.269 bootstraps=474
node=5011/7910 op=sum seconds=612.791 eta_seconds=354.516 bootstraps=474
node=5021/7910 op=add seconds=612.952 eta_seconds=352.682 bootstraps=474
node=5031/7910 op=add seconds=615.252 eta_seconds=352.079 bootstraps=476
node=5041/7910 op=linear_ref seconds=617.244 eta_seconds=351.294 bootstraps=478
node=5051/7910 op=mulp seconds=619.201 eta_seconds=350.484 bootstraps=480
node=5061/7910 op=gather seconds=621.184 eta_seconds=349.685 bootstraps=482
node=5071/7910 op=cheb seconds=625.201 eta_seconds=350.019 bootstraps=486
node=5081/7910 op=sum seconds=625.612 eta_seconds=348.328 bootstraps=486
node=5091/7910 op=addp seconds=625.805 eta_seconds=346.522 bootstraps=486
node=5101/7910 op=gather seconds=626.129 eta_seconds=344.794 bootstraps=486
node=5111/7910 op=add seconds=627.966 eta_seconds=343.901 bootstraps=488
node=5121/7910 op=add seconds=628.88 eta_seconds=342.501 bootstraps=488
node=5131/7910 op=add seconds=629.549 eta_seconds=340.97 bootstraps=488
node=5141/7910 op=mulp seconds=629.578 eta_seconds=339.098 bootstraps=488
node=5151/7910 op=repeat seconds=629.934 eta_seconds=337.408 bootstraps=488
node=5161/7910 op=sum seconds=630.104 eta_seconds=335.624 bootstraps=488
node=5171/7910 op=scatter seconds=632.338 eta_seconds=334.94 bootstraps=490
node=5181/7910 op=gather seconds=634.339 eta_seconds=334.127 bootstraps=492
node=5191/7910 op=cheb seconds=637.783 eta_seconds=334.065 bootstraps=496
node=5201/7910 op=gather seconds=638.455 eta_seconds=332.547 bootstraps=496
node=5211/7910 op=repeat seconds=640.831 eta_seconds=331.914 bootstraps=498
node=5221/7910 op=addp seconds=641.233 eta_seconds=330.258 bootstraps=498
node=5231/7910 op=repeat seconds=641.47 eta_seconds=328.522 bootstraps=498
node=5241/7910 op=mul seconds=641.715 eta_seconds=326.796 bootstraps=498
node=5251/7910 op=scatter seconds=643.983 eta_seconds=326.1 bootstraps=500
node=5261/7910 op=mul seconds=644.579 eta_seconds=324.556 bootstraps=500
node=5271/7910 op=addp seconds=645.243 eta_seconds=323.05 bootstraps=500
node=5281/7910 op=sum seconds=645.396 eta_seconds=321.293 bootstraps=500
node=5291/7910 op=add seconds=645.623 eta_seconds=319.578 bootstraps=500
node=5301/7910 op=repeat seconds=645.841 eta_seconds=317.864 bootstraps=500
node=5311/7910 op=mulp seconds=648.079 eta_seconds=317.145 bootstraps=502
node=5321/7910 op=mul seconds=650.141 eta_seconds=316.334 bootstraps=504
node=5331/7910 op=mul seconds=652.098 eta_seconds=315.468 bootstraps=506
node=5341/7910 op=gather seconds=652.735 eta_seconds=313.963 bootstraps=506
node=5351/7910 op=mul seconds=655.408 eta_seconds=313.435 bootstraps=508
node=5361/7910 op=repeat seconds=655.654 eta_seconds=311.744 bootstraps=508
node=5371/7910 op=mulp seconds=655.772 eta_seconds=309.999 bootstraps=508
node=5381/7910 op=add seconds=657.615 eta_seconds=309.071 bootstraps=510
node=5391/7910 op=add seconds=658.443 eta_seconds=307.664 bootstraps=510
node=5401/7910 op=scatter seconds=659.02 eta_seconds=306.144 bootstraps=510
node=5411/7910 op=mul seconds=659.57 eta_seconds=304.614 bootstraps=510
node=5421/7910 op=repeat seconds=659.83 eta_seconds=302.954 bootstraps=510
node=5431/7910 op=sum seconds=660.005 eta_seconds=301.262 bootstraps=510
node=5441/7910 op=add seconds=660.169 eta_seconds=299.569 bootstraps=510
node=5451/7910 op=cheb seconds=662.45 eta_seconds=298.838 bootstraps=512
node=5461/7910 op=add seconds=664.879 eta_seconds=298.167 bootstraps=514
node=5471/7910 op=linear_ref seconds=667.013 eta_seconds=297.358 bootstraps=516
node=5481/7910 op=cheb seconds=667.101 eta_seconds=295.637 bootstraps=516
node=5491/7910 op=add seconds=669.67 eta_seconds=295.016 bootstraps=518
node=5501/7910 op=mulp seconds=671.368 eta_seconds=294.006 bootstraps=520
node=5511/7910 op=addp seconds=672.922 eta_seconds=292.931 bootstraps=522
node=5521/7910 op=mul seconds=673.407 eta_seconds=291.391 bootstraps=522
node=5531/7910 op=gather seconds=674.288 eta_seconds=290.025 bootstraps=522
node=5541/7910 op=add seconds=676.028 eta_seconds=289.029 bootstraps=524
node=5551/7910 op=mul seconds=676.518 eta_seconds=287.499 bootstraps=524
node=5561/7910 op=add seconds=676.78 eta_seconds=285.876 bootstraps=524
node=5571/7910 op=repeat seconds=677.001 eta_seconds=284.241 bootstraps=524
node=5581/7910 op=mul seconds=678.524 eta_seconds=283.154 bootstraps=526
node=5591/7910 op=mul seconds=679.327 eta_seconds=281.767 bootstraps=526
node=5601/7910 op=scatter seconds=681.704 eta_seconds=281.031 bootstraps=528
node=5611/7910 op=gather seconds=683.843 eta_seconds=280.192 bootstraps=530
node=5621/7910 op=mul seconds=686.014 eta_seconds=279.361 bootstraps=532
node=5631/7910 op=cheb seconds=689.284 eta_seconds=278.97 bootstraps=536
node=5641/7910 op=sum seconds=690.777 eta_seconds=277.854 bootstraps=538
node=5651/7910 op=addp seconds=692.287 eta_seconds=276.743 bootstraps=540
node=5661/7910 op=scatter seconds=692.858 eta_seconds=275.258 bootstraps=540
node=5671/7910 op=mul seconds=693.55 eta_seconds=273.825 bootstraps=540
node=5681/7910 op=scatter seconds=695.667 eta_seconds=272.952 bootstraps=542
node=5691/7910 op=mul seconds=695.875 eta_seconds=271.331 bootstraps=542
node=5701/7910 op=sum seconds=696.31 eta_seconds=269.803 bootstraps=542
node=5711/7910 op=add seconds=696.708 eta_seconds=268.265 bootstraps=542
node=5721/7910 op=add seconds=697.367 eta_seconds=266.83 bootstraps=542
node=5731/7910 op=linear_ref seconds=699.461 eta_seconds=265.944 bootstraps=544
node=5741/7910 op=mulp seconds=701.455 eta_seconds=265.016 bootstraps=546
node=5751/7910 op=gather seconds=703.577 eta_seconds=264.132 bootstraps=548
node=5761/7910 op=cheb seconds=708.04 eta_seconds=264.117 bootstraps=552
node=5771/7910 op=sum seconds=708.503 eta_seconds=262.604 bootstraps=552
node=5781/7910 op=addp seconds=708.696 eta_seconds=260.995 bootstraps=552
node=5791/7910 op=gather seconds=709.059 eta_seconds=259.454 bootstraps=552
node=5801/7910 op=add seconds=710.886 eta_seconds=258.448 bootstraps=554
node=5811/7910 op=add seconds=711.792 eta_seconds=257.107 bootstraps=554
node=5821/7910 op=add seconds=712.46 eta_seconds=255.683 bootstraps=554
node=5831/7910 op=mulp seconds=712.488 eta_seconds=254.032 bootstraps=554
node=5841/7910 op=repeat seconds=712.846 eta_seconds=252.505 bootstraps=554
node=5851/7910 op=sum seconds=713.017 eta_seconds=250.915 bootstraps=554
node=5861/7910 op=scatter seconds=715.316 eta_seconds=250.074 bootstraps=556
node=5871/7910 op=gather seconds=715.887 eta_seconds=248.628 bootstraps=556
node=5881/7910 op=cheb seconds=719.328 eta_seconds=248.175 bootstraps=560
node=5891/7910 op=gather seconds=719.997 eta_seconds=246.762 bootstraps=560
node=5901/7910 op=repeat seconds=722.433 eta_seconds=245.953 bootstraps=562
node=5911/7910 op=addp seconds=722.829 eta_seconds=244.448 bootstraps=562
node=5921/7910 op=repeat seconds=723.039 eta_seconds=242.885 bootstraps=562
node=5931/7910 op=mul seconds=724.886 eta_seconds=241.873 bootstraps=564
node=5941/7910 op=scatter seconds=725.533 eta_seconds=240.46 bootstraps=564
node=5951/7910 op=mul seconds=726.124 eta_seconds=239.032 bootstraps=564
node=5961/7910 op=addp seconds=726.79 eta_seconds=237.63 bootstraps=564
node=5971/7910 op=sum seconds=726.944 eta_seconds=236.065 bootstraps=564
node=5981/7910 op=add seconds=727.176 eta_seconds=234.53 bootstraps=564
node=5991/7910 op=repeat seconds=727.394 eta_seconds=232.994 bootstraps=564
node=6001/7910 op=mulp seconds=729.642 eta_seconds=232.109 bootstraps=566
node=6011/7910 op=mul seconds=731.711 eta_seconds=231.163 bootstraps=568
node=6021/7910 op=mul seconds=733.692 eta_seconds=230.185 bootstraps=570
node=6031/7910 op=gather seconds=734.333 eta_seconds=228.787 bootstraps=570
node=6041/7910 op=mul seconds=736.959 eta_seconds=228.005 bootstraps=572
node=6051/7910 op=repeat seconds=737.208 eta_seconds=226.486 bootstraps=572
node=6061/7910 op=mulp seconds=737.329 eta_seconds=224.933 bootstraps=572
node=6071/7910 op=add seconds=737.57 eta_seconds=223.421 bootstraps=572
node=6081/7910 op=add seconds=740.014 eta_seconds=222.576 bootstraps=574
node=6091/7910 op=scatter seconds=740.624 eta_seconds=221.178 bootstraps=574
node=6101/7910 op=mul seconds=741.175 eta_seconds=219.765 bootstraps=574
node=6111/7910 op=repeat seconds=741.439 eta_seconds=218.27 bootstraps=574
node=6121/7910 op=sum seconds=741.618 eta_seconds=216.754 bootstraps=574
node=6131/7910 op=add seconds=741.779 eta_seconds=215.238 bootstraps=574
node=6141/7910 op=cheb seconds=745.43 eta_seconds=214.731 bootstraps=578
node=6151/7910 op=add seconds=747.967 eta_seconds=213.896 bootstraps=580
client_token=1614 logit_margin=0.201338
node=6161/7910 op=feedback seconds=749.747 eta_seconds=212.84 bootstraps=582
node=6171/7910 op=linear_ref seconds=751.742 eta_seconds=211.842 bootstraps=582
node=6181/7910 op=cheb seconds=752.08 eta_seconds=210.378 bootstraps=582
node=6191/7910 op=add seconds=754.03 eta_seconds=209.365 bootstraps=582
node=6201/7910 op=mulp seconds=754.648 eta_seconds=207.981 bootstraps=582
node=6211/7910 op=addp seconds=754.993 eta_seconds=206.526 bootstraps=582
node=6221/7910 op=mul seconds=755.393 eta_seconds=205.089 bootstraps=582
node=6231/7910 op=gather seconds=756.293 eta_seconds=203.79 bootstraps=582
node=6241/7910 op=add seconds=756.491 eta_seconds=202.305 bootstraps=582
node=6251/7910 op=mul seconds=756.859 eta_seconds=200.869 bootstraps=582
node=6261/7910 op=mul seconds=758.639 eta_seconds=199.808 bootstraps=584
node=6271/7910 op=mul seconds=759.146 eta_seconds=198.412 bootstraps=584
node=6281/7910 op=mul seconds=759.391 eta_seconds=196.951 bootstraps=584
node=6291/7910 op=mul seconds=760.198 eta_seconds=195.638 bootstraps=584
node=6301/7910 op=gather seconds=762.273 eta_seconds=194.651 bootstraps=586
node=6311/7910 op=addp seconds=764.229 eta_seconds=193.631 bootstraps=588
node=6321/7910 op=gather seconds=766.252 eta_seconds=192.624 bootstraps=590
node=6331/7910 op=cheb seconds=768.659 eta_seconds=191.71 bootstraps=592
node=6341/7910 op=mulp seconds=769.002 eta_seconds=190.28 bootstraps=592
node=6351/7910 op=cheb seconds=769.274 eta_seconds=188.836 bootstraps=592
node=6361/7910 op=mul seconds=771.116 eta_seconds=187.779 bootstraps=594
node=6371/7910 op=gather seconds=771.652 eta_seconds=186.403 bootstraps=594
node=6381/7910 op=mul seconds=772.348 eta_seconds=185.068 bootstraps=594
node=6391/7910 op=mulp seconds=773.012 eta_seconds=183.728 bootstraps=594
node=6401/7910 op=mulp seconds=773.047 eta_seconds=182.242 bootstraps=594
node=6411/7910 op=repeat seconds=773.399 eta_seconds=180.834 bootstraps=594
node=6421/7910 op=sum seconds=773.568 eta_seconds=179.387 bootstraps=594
node=6431/7910 op=add seconds=773.73 eta_seconds=177.942 bootstraps=594
node=6441/7910 op=cheb seconds=777.371 eta_seconds=177.295 bootstraps=598
node=6451/7910 op=add seconds=779.851 eta_seconds=176.376 bootstraps=600
node=6461/7910 op=linear_ref seconds=781.981 eta_seconds=175.374 bootstraps=602
node=6471/7910 op=cheb seconds=782.065 eta_seconds=173.913 bootstraps=602
node=6481/7910 op=add seconds=786.265 eta_seconds=173.364 bootstraps=606
node=6491/7910 op=mulp seconds=786.517 eta_seconds=171.941 bootstraps=606
node=6501/7910 op=addp seconds=786.67 eta_seconds=170.5 bootstraps=606
node=6511/7910 op=mul seconds=786.897 eta_seconds=169.078 bootstraps=606
node=6521/7910 op=gather seconds=789.61 eta_seconds=168.19 bootstraps=608
node=6531/7910 op=add seconds=789.875 eta_seconds=166.78 bootstraps=608
node=6541/7910 op=mul seconds=790.309 eta_seconds=165.408 bootstraps=608
node=6551/7910 op=mul seconds=790.565 eta_seconds=164.002 bootstraps=608
node=6561/7910 op=mul seconds=790.737 eta_seconds=162.583 bootstraps=608
node=6571/7910 op=mul seconds=790.899 eta_seconds=161.165 bootstraps=608
node=6581/7910 op=mul seconds=793.157 eta_seconds=160.174 bootstraps=610
node=6591/7910 op=gather seconds=793.729 eta_seconds=158.842 bootstraps=610
node=6601/7910 op=addp seconds=795.683 eta_seconds=157.787 bootstraps=612
node=6611/7910 op=gather seconds=797.669 eta_seconds=156.735 bootstraps=614
node=6621/7910 op=cheb seconds=800.066 eta_seconds=155.76 bootstraps=616
node=6631/7910 op=mulp seconds=800.409 eta_seconds=154.384 bootstraps=616
node=6641/7910 op=cheb seconds=800.612 eta_seconds=152.985 bootstraps=616
node=6651/7910 op=mul seconds=800.872 eta_seconds=151.601 bootstraps=616
node=6661/7910 op=gather seconds=802.992 eta_seconds=150.569 bootstraps=618
node=6671/7910 op=mul seconds=803.694 eta_seconds=149.27 bootstraps=618
node=6681/7910 op=mulp seconds=804.36 eta_seconds=147.966 bootstraps=618
node=6691/7910 op=mulp seconds=804.394 eta_seconds=146.549 bootstraps=618
node=6701/7910 op=repeat seconds=804.747 eta_seconds=145.193 bootstraps=618
node=6711/7910 op=sum seconds=804.917 eta_seconds=143.808 bootstraps=618
node=6721/7910 op=add seconds=805.078 eta_seconds=142.425 bootstraps=618
node=6731/7910 op=cheb seconds=808.675 eta_seconds=141.647 bootstraps=622
node=6741/7910 op=add seconds=811.128 eta_seconds=140.663 bootstraps=624
node=6751/7910 op=linear_ref seconds=813.107 eta_seconds=139.593 bootstraps=626
node=6761/7910 op=cheb seconds=814.919 eta_seconds=138.492 bootstraps=628
node=6771/7910 op=add seconds=817.427 eta_seconds=137.505 bootstraps=630
node=6781/7910 op=mulp seconds=817.704 eta_seconds=136.143 bootstraps=630
node=6791/7910 op=addp seconds=817.859 eta_seconds=134.764 bootstraps=630
node=6801/7910 op=mul seconds=819.588 eta_seconds=133.646 bootstraps=632
node=6811/7910 op=gather seconds=820.785 eta_seconds=132.439 bootstraps=632
node=6821/7910 op=add seconds=821.051 eta_seconds=131.084 bootstraps=632
node=6831/7910 op=mul seconds=821.483 eta_seconds=129.758 bootstraps=632
node=6841/7910 op=mul seconds=821.74 eta_seconds=128.408 bootstraps=632
node=6851/7910 op=mul seconds=821.914 eta_seconds=127.048 bootstraps=632
node=6861/7910 op=mul seconds=822.076 eta_seconds=125.69 bootstraps=632
node=6871/7910 op=mul seconds=824.324 eta_seconds=124.65 bootstraps=634
node=6881/7910 op=gather seconds=826.314 eta_seconds=123.569 bootstraps=636
node=6891/7910 op=addp seconds=828.292 eta_seconds=122.483 bootstraps=638
node=6901/7910 op=gather seconds=830.424 eta_seconds=121.417 bootstraps=640
node=6911/7910 op=cheb seconds=832.814 eta_seconds=120.385 bootstraps=642
node=6921/7910 op=mulp seconds=833.214 eta_seconds=119.065 bootstraps=642
node=6931/7910 op=cheb seconds=833.444 eta_seconds=117.724 bootstraps=642
node=6941/7910 op=mul seconds=833.701 eta_seconds=116.389 bootstraps=642
node=6951/7910 op=gather seconds=835.819 eta_seconds=115.314 bootstraps=644
node=6961/7910 op=mul seconds=836.525 eta_seconds=114.044 bootstraps=644
node=6971/7910 op=mulp seconds=837.189 eta_seconds=112.77 bootstraps=644
node=6981/7910 op=mulp seconds=837.224 eta_seconds=111.414 bootstraps=644
node=6991/7910 op=repeat seconds=837.579 eta_seconds=110.104 bootstraps=644
node=7001/7910 op=sum seconds=837.75 eta_seconds=108.772 bootstraps=644
node=7011/7910 op=add seconds=837.912 eta_seconds=107.443 bootstraps=644
node=7021/7910 op=cheb seconds=840.175 eta_seconds=106.383 bootstraps=646
node=7031/7910 op=add seconds=842.577 eta_seconds=105.337 bootstraps=648
node=7041/7910 op=linear_ref seconds=844.706 eta_seconds=104.254 bootstraps=650
node=7051/7910 op=cheb seconds=844.79 eta_seconds=102.918 bootstraps=650
node=7061/7910 op=add seconds=847.414 eta_seconds=101.891 bootstraps=652
node=7071/7910 op=mulp seconds=847.654 eta_seconds=100.577 bootstraps=652
node=7081/7910 op=addp seconds=847.782 eta_seconds=99.2531 bootstraps=652
node=7091/7910 op=mul seconds=849.608 eta_seconds=98.1285 bootstraps=654
node=7101/7910 op=gather seconds=850.801 eta_seconds=96.9298 bootstraps=654
node=7111/7910 op=add seconds=851.068 eta_seconds=95.6269 bootstraps=654
node=7121/7910 op=mul seconds=851.502 eta_seconds=94.3456 bootstraps=654
node=7131/7910 op=mul seconds=851.76 eta_seconds=93.0474 bootstraps=654
node=7141/7910 op=mul seconds=851.932 eta_seconds=91.7429 bootstraps=654
node=7151/7910 op=mul seconds=852.094 eta_seconds=90.4404 bootstraps=654
node=7161/7910 op=mul seconds=854.35 eta_seconds=89.3602 bootstraps=656
node=7171/7910 op=gather seconds=854.935 eta_seconds=88.1044 bootstraps=656
node=7181/7910 op=addp seconds=856.909 eta_seconds=86.9916 bootstraps=658
node=7191/7910 op=gather seconds=859.045 eta_seconds=85.8925 bootstraps=660
node=7201/7910 op=cheb seconds=861.401 eta_seconds=84.8123 bootstraps=662
node=7211/7910 op=mulp seconds=861.741 eta_seconds=83.5331 bootstraps=662
node=7221/7910 op=cheb seconds=864.841 eta_seconds=82.5198 bootstraps=666
node=7231/7910 op=mul seconds=865.351 eta_seconds=81.2575 bootstraps=666
node=7241/7910 op=gather seconds=865.804 eta_seconds=79.9921 bootstraps=666
node=7251/7910 op=mul seconds=866.242 eta_seconds=78.7276 bootstraps=666
node=7261/7910 op=mulp seconds=868.418 eta_seconds=77.6206 bootstraps=668
node=7271/7910 op=mulp seconds=868.462 eta_seconds=76.3234 bootstraps=668
node=7281/7910 op=repeat seconds=868.814 eta_seconds=75.0561 bootstraps=668
node=7291/7910 op=sum seconds=868.983 eta_seconds=73.776 bootstraps=668
node=7301/7910 op=add seconds=869.145 eta_seconds=72.4982 bootstraps=668
node=7311/7910 op=cheb seconds=871.343 eta_seconds=71.3903 bootstraps=670
node=7321/7910 op=add seconds=873.746 eta_seconds=70.2959 bootstraps=672
node=7331/7910 op=linear_ref seconds=875.886 eta_seconds=69.1772 bootstraps=674
node=7341/7910 op=cheb seconds=875.987 eta_seconds=67.8977 bootstraps=674
node=7351/7910 op=add seconds=881.178 eta_seconds=67.0084 bootstraps=680
node=7361/7910 op=mulp seconds=882.82 eta_seconds=65.8427 bootstraps=682
node=7371/7910 op=addp seconds=884.335 eta_seconds=64.6665 bootstraps=684
node=7381/7910 op=mul seconds=884.796 eta_seconds=63.4138 bootstraps=684
node=7391/7910 op=gather seconds=885.553 eta_seconds=62.184 bootstraps=684
node=7401/7910 op=add seconds=887.328 eta_seconds=61.0255 bootstraps=686
node=7411/7910 op=mul seconds=887.8 eta_seconds=59.7777 bootstraps=686
node=7421/7910 op=mul seconds=888.132 eta_seconds=58.5227 bootstraps=686
node=7431/7910 op=mul seconds=888.469 eta_seconds=57.2705 bootstraps=686
node=7441/7910 op=mul seconds=888.866 eta_seconds=56.0245 bootstraps=686
node=7451/7910 op=mul seconds=889.498 eta_seconds=54.7953 bootstraps=686
node=7461/7910 op=gather seconds=891.584 eta_seconds=53.6552 bootstraps=688
node=7471/7910 op=addp seconds=893.563 eta_seconds=52.5062 bootstraps=690
node=7481/7910 op=gather seconds=895.691 eta_seconds=51.3637 bootstraps=692
node=7491/7910 op=cheb seconds=900.306 eta_seconds=50.3575 bootstraps=696
node=7501/7910 op=mulp seconds=900.612 eta_seconds=49.1068 bootstraps=696
node=7511/7910 op=cheb seconds=900.928 eta_seconds=47.8592 bootstraps=696
node=7521/7910 op=mul seconds=902.669 eta_seconds=46.6877 bootstraps=698
node=7531/7910 op=gather seconds=903.193 eta_seconds=45.4535 bootstraps=698
node=7541/7910 op=mul seconds=903.889 eta_seconds=44.2296 bootstraps=698
node=7551/7910 op=mulp seconds=904.552 eta_seconds=43.0055 bootstraps=698
node=7561/7910 op=mulp seconds=904.584 eta_seconds=41.7537 bootstraps=698
node=7571/7910 op=repeat seconds=904.936 eta_seconds=40.5195 bootstraps=698
node=7581/7910 op=sum seconds=905.108 eta_seconds=39.2799 bootstraps=698
node=7591/7910 op=add seconds=905.269 eta_seconds=38.0425 bootstraps=698
node=7601/7910 op=cheb seconds=907.582 eta_seconds=36.8955 bootstraps=700
node=7611/7910 op=add seconds=909.982 eta_seconds=35.7489 bootstraps=702
node=7621/7910 op=linear_ref seconds=912.108 eta_seconds=34.5885 bootstraps=704
node=7631/7910 op=cheb seconds=912.191 eta_seconds=33.351 bootstraps=704
node=7641/7910 op=add seconds=914.823 eta_seconds=32.2062 bootstraps=706
node=7651/7910 op=mulp seconds=915.061 eta_seconds=30.9764 bootstraps=706
node=7661/7910 op=addp seconds=915.191 eta_seconds=29.7458 bootstraps=706
node=7671/7910 op=mul seconds=917.026 eta_seconds=28.5711 bootstraps=708
node=7681/7910 op=gather seconds=918.228 eta_seconds=27.3759 bootstraps=708
node=7691/7910 op=add seconds=918.492 eta_seconds=26.1539 bootstraps=708
node=7701/7910 op=mul seconds=918.928 eta_seconds=24.9391 bootstraps=708
node=7711/7910 op=mul seconds=919.187 eta_seconds=23.7217 bootstraps=708
node=7721/7910 op=mul seconds=919.36 eta_seconds=22.5047 bootstraps=708
node=7731/7910 op=mul seconds=919.524 eta_seconds=21.2902 bootstraps=708
node=7741/7910 op=mul seconds=921.77 eta_seconds=20.1239 bootstraps=710
node=7751/7910 op=gather seconds=922.341 eta_seconds=18.9204 bootstraps=710
node=7761/7910 op=addp seconds=924.31 eta_seconds=17.7454 bootstraps=712
node=7771/7910 op=gather seconds=926.434 eta_seconds=16.5711 bootstraps=714
node=7781/7910 op=cheb seconds=928.811 eta_seconds=15.3986 bootstraps=716
node=7791/7910 op=mulp seconds=929.211 eta_seconds=14.1928 bootstraps=716
node=7801/7910 op=cheb seconds=929.415 eta_seconds=12.9863 bootstraps=716
node=7811/7910 op=mul seconds=929.675 eta_seconds=11.7831 bootstraps=716
node=7821/7910 op=gather seconds=931.827 eta_seconds=10.6038 bootstraps=718
node=7831/7910 op=mul seconds=932.531 eta_seconds=9.40748 bootstraps=718
node=7841/7910 op=mulp seconds=933.194 eta_seconds=8.21201 bootstraps=718
node=7851/7910 op=mulp seconds=933.229 eta_seconds=7.01318 bootstraps=718
node=7861/7910 op=repeat seconds=933.586 eta_seconds=5.81932 bootstraps=718
node=7871/7910 op=sum seconds=933.759 eta_seconds=4.62668 bootstraps=718
node=7881/7910 op=add seconds=933.92 eta_seconds=3.43658 bootstraps=718
node=7891/7910 op=cheb seconds=937.528 eta_seconds=2.25739 bootstraps=722
node=7901/7910 op=add seconds=940.08 eta_seconds=1.07084 bootstraps=724
node=7910/7910 op=mulp seconds=941.621 eta_seconds=0 bootstraps=726
client_token=315 logit_margin=0.67484
passed=1 polynomial_error=6.1047e-05 exact_error=6.47003e-05 eval_seconds=941.694
