GPU 0: NVIDIA GB10
 SMs: 48, SharedMem: 100 KB, Blocks/SM: 24, Threads/SM: 1536, L2 size: 24 MB, Bus: 256-bit
Adding bootstrap precomputation to GPU for 32768 slots.
Plaintexts loaded: 248 ~ 6262MB
Rotation keys loaded: 85 ~ 15300MB
setup_seconds=26.6482
planned_logical_refreshes=15
node=1/402 op=public seconds=0.18245 eta_seconds=73.1624 bootstraps=0
node=11/402 op=mulp seconds=0.879674 eta_seconds=31.2684 bootstraps=0
node=21/402 op=addp seconds=2.52168 eta_seconds=45.7505 bootstraps=0
node=31/402 op=mulp seconds=3.44998 eta_seconds=41.2884 bootstraps=0
node=41/402 op=mul seconds=3.97322 eta_seconds=34.9837 bootstraps=0
node=51/402 op=repeat seconds=4.45214 eta_seconds=30.6412 bootstraps=0
node=61/402 op=mul seconds=4.8848 eta_seconds=27.3068 bootstraps=0
node=71/402 op=gather seconds=5.58858 eta_seconds=26.0538 bootstraps=0
node=81/402 op=scatter seconds=5.92876 eta_seconds=23.4955 bootstraps=0
node=91/402 op=mul seconds=6.25383 eta_seconds=21.373 bootstraps=0
node=101/402 op=linear seconds=8.66845 eta_seconds=25.8337 bootstraps=2
node=111/402 op=mulp seconds=10.1391 eta_seconds=26.5808 bootstraps=4
node=121/402 op=sum seconds=12.5229 eta_seconds=29.0821 bootstraps=6
node=131/402 op=sum seconds=14.2837 eta_seconds=29.5487 bootstraps=8
node=141/402 op=gather seconds=16.2045 eta_seconds=29.9955 bootstraps=8
node=151/402 op=cheb seconds=17.7578 eta_seconds=29.518 bootstraps=8
node=161/402 op=mul seconds=18.6614 eta_seconds=27.9341 bootstraps=8
node=171/402 op=mulp seconds=19.0326 eta_seconds=25.7107 bootstraps=8
node=181/402 op=gather seconds=20.996 eta_seconds=25.636 bootstraps=10
node=191/402 op=scatter seconds=21.3609 eta_seconds=23.5976 bootstraps=10
node=201/402 op=mulp seconds=22.1409 eta_seconds=22.1409 bootstraps=10
node=211/402 op=scatter seconds=22.7309 eta_seconds=20.5763 bootstraps=10
node=221/402 op=mul seconds=22.7664 eta_seconds=18.6458 bootstraps=10
node=231/402 op=mul seconds=24.9898 eta_seconds=18.499 bootstraps=12
node=241/402 op=addp seconds=25.6682 eta_seconds=17.1476 bootstraps=12
node=251/402 op=linear_ref seconds=29.6825 eta_seconds=17.8568 bootstraps=16
node=261/402 op=mulp seconds=31.2259 eta_seconds=16.8692 bootstraps=18
client_token=6864 logit_margin=5.73049
node=271/402 op=mulp seconds=31.9516 eta_seconds=15.4452 bootstraps=18
node=281/402 op=addp seconds=33.6296 eta_seconds=14.4811 bootstraps=18
node=291/402 op=mulp seconds=35.7203 eta_seconds=13.6253 bootstraps=18
node=301/402 op=mul seconds=36.2453 eta_seconds=12.1621 bootstraps=18
node=311/402 op=repeat seconds=36.7215 eta_seconds=10.7449 bootstraps=18
node=321/402 op=mul seconds=37.1191 eta_seconds=9.36651 bootstraps=18
node=331/402 op=gather seconds=37.8265 eta_seconds=8.11385 bootstraps=18
node=341/402 op=scatter seconds=38.1688 eta_seconds=6.82785 bootstraps=18
node=351/402 op=mul seconds=38.5118 eta_seconds=5.59573 bootstraps=18
node=361/402 op=add seconds=40.3149 eta_seconds=4.5787 bootstraps=20
node=371/402 op=repeat seconds=41.0217 eta_seconds=3.42769 bootstraps=20
node=381/402 op=mulp seconds=42.8504 eta_seconds=2.36183 bootstraps=22
node=391/402 op=mul seconds=44.9952 eta_seconds=1.26585 bootstraps=24
node=401/402 op=mul seconds=46.943 eta_seconds=0.117065 bootstraps=26
node=402/402 op=mulp seconds=46.9466 eta_seconds=0 bootstraps=26
client_token=6864 logit_margin=5.21144
passed=1 polynomial_error=1.97741e-05 exact_error=2.37427e-05 eval_seconds=46.9477
