GPU 0: NVIDIA GB10
 SMs: 48, SharedMem: 100 KB, Blocks/SM: 24, Threads/SM: 1536, L2 size: 24 MB, Bus: 256-bit
Adding bootstrap precomputation to GPU for 32768 slots.
Plaintexts loaded: 248 ~ 6262MB
Rotation keys loaded: 85 ~ 15300MB
setup_seconds=26.4025
planned_logical_refreshes=4
node=1/127 op=public seconds=0.193438 eta_seconds=24.3732 bootstraps=0
node=11/127 op=mulp seconds=0.935741 eta_seconds=9.86782 bootstraps=0
node=21/127 op=addp seconds=3.1318 eta_seconds=15.8081 bootstraps=0
node=31/127 op=mulp seconds=4.22238 eta_seconds=13.0757 bootstraps=0
node=41/127 op=mul seconds=4.82391 eta_seconds=10.1184 bootstraps=0
node=51/127 op=repeat seconds=5.39217 eta_seconds=8.0354 bootstraps=0
node=61/127 op=mul seconds=5.99393 eta_seconds=6.48523 bootstraps=0
node=71/127 op=gather seconds=7.09087 eta_seconds=5.5928 bootstraps=0
node=81/127 op=scatter seconds=7.6747 eta_seconds=4.35847 bootstraps=0
node=91/127 op=mul seconds=8.15703 eta_seconds=3.22696 bootstraps=0
node=101/127 op=linear seconds=10.9121 eta_seconds=2.80905 bootstraps=2
node=111/127 op=mulp seconds=12.3811 eta_seconds=1.78466 bootstraps=4
node=121/127 op=sum seconds=15.0848 eta_seconds=0.748008 bootstraps=6
node=127/127 op=mulp seconds=16.6261 eta_seconds=0 bootstraps=8
passed=1 polynomial_error=2.23845e-05 exact_error=2.15635e-05 eval_seconds=16.6265
