GPU 0: NVIDIA GB10
 SMs: 48, SharedMem: 100 KB, Blocks/SM: 24, Threads/SM: 1536, L2 size: 24 MB, Bus: 256-bit
Adding bootstrap precomputation to GPU for 32768 slots.
Plaintexts loaded: 248 ~ 6262MB
Rotation keys loaded: 85 ~ 15300MB
setup_seconds=26.6764
planned_logical_refreshes=15
node=1/402 op=public seconds=0.207915 eta_seconds=83.3741 bootstraps=0
node=11/402 op=mulp seconds=0.907956 eta_seconds=32.2737 bootstraps=0
node=21/402 op=addp seconds=2.54968 eta_seconds=46.2585 bootstraps=0
node=31/402 op=mulp seconds=3.4949 eta_seconds=41.8261 bootstraps=0
node=41/402 op=mul seconds=4.02895 eta_seconds=35.4744 bootstraps=0
node=51/402 op=repeat seconds=4.51154 eta_seconds=31.05 bootstraps=0
node=61/402 op=mul seconds=4.94303 eta_seconds=27.6324 bootstraps=0
node=71/402 op=gather seconds=5.64661 eta_seconds=26.3244 bootstraps=0
node=81/402 op=scatter seconds=5.98833 eta_seconds=23.7315 bootstraps=0
node=91/402 op=mul seconds=6.31311 eta_seconds=21.5756 bootstraps=0
node=101/402 op=linear seconds=8.72149 eta_seconds=25.9918 bootstraps=2
node=111/402 op=mulp seconds=10.1774 eta_seconds=26.6814 bootstraps=4
node=121/402 op=sum seconds=12.5616 eta_seconds=29.1721 bootstraps=6
node=131/402 op=sum seconds=14.3264 eta_seconds=29.637 bootstraps=8
node=141/402 op=gather seconds=16.2537 eta_seconds=30.0866 bootstraps=8
node=151/402 op=cheb seconds=17.8378 eta_seconds=29.651 bootstraps=8
node=161/402 op=mul seconds=18.7656 eta_seconds=28.0901 bootstraps=8
node=171/402 op=mulp seconds=19.1461 eta_seconds=25.8641 bootstraps=8
node=181/402 op=gather seconds=21.1123 eta_seconds=25.778 bootstraps=10
node=191/402 op=scatter seconds=21.4782 eta_seconds=23.7273 bootstraps=10
node=201/402 op=mulp seconds=22.2619 eta_seconds=22.2619 bootstraps=10
node=211/402 op=scatter seconds=22.8541 eta_seconds=20.6878 bootstraps=10
node=221/402 op=mul seconds=22.8898 eta_seconds=18.7468 bootstraps=10
node=231/402 op=mul seconds=25.1115 eta_seconds=18.589 bootstraps=12
node=241/402 op=addp seconds=25.7969 eta_seconds=17.2336 bootstraps=12
node=251/402 op=linear_ref seconds=29.8096 eta_seconds=17.9333 bootstraps=16
node=261/402 op=mulp seconds=31.3222 eta_seconds=16.9212 bootstraps=18
client_token=6864 logit_margin=5.73049
node=271/402 op=mulp seconds=32.0584 eta_seconds=15.4969 bootstraps=18
node=281/402 op=addp seconds=33.7348 eta_seconds=14.5264 bootstraps=18
node=291/402 op=mulp seconds=35.8606 eta_seconds=13.6788 bootstraps=18
node=301/402 op=mul seconds=36.4008 eta_seconds=12.2142 bootstraps=18
node=311/402 op=repeat seconds=36.8856 eta_seconds=10.7929 bootstraps=18
node=321/402 op=mul seconds=37.2828 eta_seconds=9.40782 bootstraps=18
node=331/402 op=gather seconds=37.9917 eta_seconds=8.14927 bootstraps=18
node=341/402 op=scatter seconds=38.3324 eta_seconds=6.85712 bootstraps=18
node=351/402 op=mul seconds=38.6794 eta_seconds=5.62008 bootstraps=18
node=361/402 op=add seconds=40.4816 eta_seconds=4.59763 bootstraps=20
node=371/402 op=repeat seconds=41.1848 eta_seconds=3.44132 bootstraps=20
node=381/402 op=mulp seconds=43.0116 eta_seconds=2.37072 bootstraps=22
node=391/402 op=mul seconds=45.1689 eta_seconds=1.27074 bootstraps=24
node=401/402 op=mul seconds=47.1189 eta_seconds=0.117503 bootstraps=26
node=402/402 op=mulp seconds=47.1226 eta_seconds=0 bootstraps=26
client_token=6864 logit_margin=5.21149
passed=1 polynomial_error=1.63115e-05 exact_error=2.06855e-05 eval_seconds=47.1237
