GPU 0: NVIDIA GB10
 SMs: 48, SharedMem: 100 KB, Blocks/SM: 24, Threads/SM: 1536, L2 size: 24 MB, Bus: 256-bit
Adding bootstrap precomputation to GPU for 32768 slots.
Plaintexts loaded: 248 ~ 6262MB
Rotation keys loaded: 85 ~ 15300MB
setup_seconds=26.4371
node=1/402 op=public seconds=0.178187 eta_seconds=71.4528 bootstraps=0
node=11/402 op=mulp seconds=1.1184 eta_seconds=39.7541 bootstraps=0
node=21/402 op=addp seconds=4.58379 eta_seconds=83.1631 bootstraps=0
node=31/402 op=mulp seconds=7.72506 eta_seconds=92.4516 bootstraps=0
node=41/402 op=mul seconds=8.39861 eta_seconds=73.9487 bootstraps=0
node=51/402 op=repeat seconds=9.02286 eta_seconds=62.0985 bootstraps=0
node=61/402 op=mul seconds=9.78371 eta_seconds=54.6926 bootstraps=0
node=71/402 op=gather seconds=14.597 eta_seconds=68.051 bootstraps=4
node=81/402 op=scatter seconds=18.2608 eta_seconds=72.3668 bootstraps=8
node=91/402 op=mul seconds=19.3004 eta_seconds=65.9608 bootstraps=8
node=101/402 op=linear seconds=22.7068 eta_seconds=67.6707 bootstraps=10
node=111/402 op=mulp seconds=24.3417 eta_seconds=63.8147 bootstraps=12
node=121/402 op=sum seconds=28.9818 eta_seconds=67.3047 bootstraps=16
node=131/402 op=sum seconds=30.7843 eta_seconds=63.6835 bootstraps=18
node=141/402 op=gather seconds=34.5432 eta_seconds=63.9417 bootstraps=18
node=151/402 op=cheb seconds=36.5352 eta_seconds=60.7307 bootstraps=18
node=161/402 op=mul seconds=38.1131 eta_seconds=57.0512 bootstraps=18
node=171/402 op=mulp seconds=38.62 eta_seconds=52.1709 bootstraps=18
node=181/402 op=gather seconds=39.5742 eta_seconds=48.3199 bootstraps=18
node=191/402 op=scatter seconds=43.2671 eta_seconds=47.7976 bootstraps=22
node=201/402 op=mulp seconds=44.9448 eta_seconds=44.9448 bootstraps=22
node=211/402 op=scatter seconds=49.3089 eta_seconds=44.635 bootstraps=26
node=221/402 op=mul seconds=49.3751 eta_seconds=40.4384 bootstraps=26
node=231/402 op=mul seconds=52.5573 eta_seconds=38.9061 bootstraps=28
node=241/402 op=addp seconds=55.1979 eta_seconds=36.8749 bootstraps=30
node=251/402 op=linear_ref seconds=61.6188 eta_seconds=37.0694 bootstraps=36
node=261/402 op=mulp seconds=63.1881 eta_seconds=34.1361 bootstraps=38
client_token=6864 logit_margin=5.73048
node=271/402 op=mulp seconds=64.1171 eta_seconds=30.9939 bootstraps=38
node=281/402 op=addp seconds=67.6498 eta_seconds=29.1303 bootstraps=38
node=291/402 op=mulp seconds=70.7724 eta_seconds=26.9957 bootstraps=38
node=301/402 op=mul seconds=71.4458 eta_seconds=23.9735 bootstraps=38
node=311/402 op=repeat seconds=72.0777 eta_seconds=21.0903 bootstraps=38
node=321/402 op=mul seconds=72.9018 eta_seconds=18.3958 bootstraps=38
node=331/402 op=gather seconds=77.9681 eta_seconds=16.7243 bootstraps=42
node=341/402 op=scatter seconds=81.8457 eta_seconds=14.641 bootstraps=46
node=351/402 op=mul seconds=83.0659 eta_seconds=12.0694 bootstraps=46
node=361/402 op=add seconds=86.5438 eta_seconds=9.82908 bootstraps=50
node=371/402 op=repeat seconds=89.9355 eta_seconds=7.51483 bootstraps=52
node=381/402 op=mulp seconds=92.8028 eta_seconds=5.11511 bootstraps=54
node=391/402 op=mul seconds=98.3623 eta_seconds=2.76723 bootstraps=60
node=401/402 op=mul seconds=100.823 eta_seconds=0.251429 bootstraps=62
node=402/402 op=mulp seconds=100.831 eta_seconds=0 bootstraps=62
client_token=6864 logit_margin=5.21147
passed=1 polynomial_error=1.71316e-06 exact_error=2.03944e-05 eval_seconds=100.831
