GPU 0: NVIDIA GB10
 SMs: 48, SharedMem: 100 KB, Blocks/SM: 24, Threads/SM: 1536, L2 size: 24 MB, Bus: 256-bit
Adding bootstrap precomputation to GPU for 32768 slots.
Plaintexts loaded: 248 ~ 6262MB
Rotation keys loaded: 85 ~ 15300MB
setup_seconds=26.6126
planned_logical_refreshes=4
node=1/127 op=public seconds=0.186492 eta_seconds=23.498 bootstraps=0
node=11/127 op=mulp seconds=0.90648 eta_seconds=9.55925 bootstraps=0
node=21/127 op=addp seconds=2.63277 eta_seconds=13.2892 bootstraps=0
node=31/127 op=mulp seconds=3.60681 eta_seconds=11.1695 bootstraps=0
node=41/127 op=mul seconds=4.18338 eta_seconds=8.77489 bootstraps=0
node=51/127 op=repeat seconds=4.7272 eta_seconds=7.04445 bootstraps=0
node=61/127 op=mul seconds=5.15565 eta_seconds=5.57824 bootstraps=0
node=71/127 op=gather seconds=5.9883 eta_seconds=4.72317 bootstraps=0
node=81/127 op=scatter seconds=6.40186 eta_seconds=3.63562 bootstraps=0
node=91/127 op=mul seconds=6.7989 eta_seconds=2.68968 bootstraps=0
node=101/127 op=linear seconds=9.24171 eta_seconds=2.37905 bootstraps=2
node=111/127 op=mulp seconds=10.728 eta_seconds=1.54637 bootstraps=4
node=121/127 op=sum seconds=13.1527 eta_seconds=0.6522 bootstraps=6
node=127/127 op=mulp seconds=14.6827 eta_seconds=0 bootstraps=8
passed=1 polynomial_error=1.23894e-05 exact_error=1.26342e-05 eval_seconds=14.6832
