GPU 0: NVIDIA GB10
 SMs: 48, SharedMem: 100 KB, Blocks/SM: 24, Threads/SM: 1536, L2 size: 24 MB, Bus: 256-bit
Adding bootstrap precomputation to GPU for 32768 slots.
Plaintexts loaded: 248 ~ 6262MB
Rotation keys loaded: 85 ~ 15300MB
setup_seconds=26.598
planned_logical_refreshes=4
node=1/127 op=public seconds=0.186168 eta_seconds=23.4572 bootstraps=0
node=11/127 op=mulp seconds=0.925593 eta_seconds=9.76079 bootstraps=0
node=21/127 op=addp seconds=3.05268 eta_seconds=15.4088 bootstraps=0
node=31/127 op=mulp seconds=4.13166 eta_seconds=12.7948 bootstraps=0
node=41/127 op=mul seconds=4.72554 eta_seconds=9.9121 bootstraps=0
node=51/127 op=repeat seconds=5.28359 eta_seconds=7.87358 bootstraps=0
node=61/127 op=mul seconds=5.8703 eta_seconds=6.35147 bootstraps=0
node=71/127 op=gather seconds=6.92628 eta_seconds=5.46298 bootstraps=0
node=81/127 op=scatter seconds=7.4893 eta_seconds=4.25318 bootstraps=0
node=91/127 op=mul seconds=7.95148 eta_seconds=3.14564 bootstraps=0
node=101/127 op=linear seconds=10.6577 eta_seconds=2.74357 bootstraps=2
node=111/127 op=mulp seconds=12.1408 eta_seconds=1.75003 bootstraps=4
node=121/127 op=sum seconds=14.7768 eta_seconds=0.732732 bootstraps=6
node=127/127 op=mulp seconds=16.3168 eta_seconds=0 bootstraps=8
passed=1 polynomial_error=1.40786e-05 exact_error=1.40742e-05 eval_seconds=16.3172
