[ 12%] Building CXX object CMakeFiles/fideslib_plaintext_encoder.dir/src/fideslib_plaintext_encoder.cpp.o
[ 25%] Building CXX object CMakeFiles/stage1_mamba2_payload.dir/src/stage1_mamba2_payload.cpp.o
[ 37%] Linking CXX static library libstage1_mamba2_payload.a
[ 37%] Built target stage1_mamba2_payload
[ 50%] Building CXX object CMakeFiles/stage1_mamba2_plan.dir/src/stage1_mamba2_plan.cpp.o
[ 62%] Linking CXX static library libstage1_mamba2_plan.a
[ 62%] Built target stage1_mamba2_plan
[ 75%] Linking CXX static library libfideslib_plaintext_encoder.a
[ 75%] Built target fideslib_plaintext_encoder
[ 87%] Building CXX object CMakeFiles/packed_fideslib.dir/src/packed_fideslib.cpp.o
[100%] Linking CXX executable packed_fideslib
[100%] Built target packed_fideslib
[  5%] Building CXX object CMakeFiles/stage1_mamba2_process.dir/src/stage1_mamba2_process.cpp.o
[ 11%] Building CXX object CMakeFiles/stage1_mamba2_config.dir/src/stage1_mamba2_config.cpp.o
[ 22%] Built target stage1_mamba2_payload
[ 33%] Built target fideslib_plaintext_encoder
[ 38%] Building CXX object CMakeFiles/fideslib_handoff.dir/src/fideslib_handoff.cpp.o
[ 44%] Building CXX object CMakeFiles/stage1_mamba2_depth.dir/src/stage1_mamba2_depth.cpp.o
[ 50%] Linking CXX static library libstage1_mamba2_process.a
[ 50%] Built target stage1_mamba2_process
[ 61%] Built target stage1_mamba2_plan
[ 66%] Linking CXX static library libstage1_mamba2_config.a
[ 72%] Linking CXX static library libstage1_mamba2_depth.a
[ 72%] Built target stage1_mamba2_config
[ 72%] Built target stage1_mamba2_depth
[ 77%] Building CXX object CMakeFiles/stage1_mamba2_artifact.dir/src/stage1_mamba2_artifact.cpp.o
[ 83%] Linking CXX static library libstage1_mamba2_artifact.a
[ 83%] Built target stage1_mamba2_artifact
[ 88%] Linking CXX static library libfideslib_handoff.a
[ 88%] Built target fideslib_handoff
[ 94%] Building CXX object CMakeFiles/stage1_mamba2_decode_fideslib.dir/src/stage1_mamba2_decode_fideslib.cpp.o
/home/kataiwa/fhemamba/layout-batch-20260925/layout-r1/source/native/fideslib_stage0/src/stage1_mamba2_decode_fideslib.cpp: In lambda function:
/home/kataiwa/fhemamba/layout-batch-20260925/layout-r1/source/native/fideslib_stage0/src/stage1_mamba2_decode_fideslib.cpp:2470:79: note: parameter passing for argument of type ‘std::pair<double, double>’ when C++17 is enabled changed to match C++14 in GCC 10.1
 2470 |       return std::pair<double, double>{2.0 / (hi - lo), -(lo + hi) / (hi - lo)};
      |                                                                               ^
[100%] Linking CXX executable stage1_mamba2_decode_fideslib
[100%] Built target stage1_mamba2_decode_fideslib
