GPU 0: NVIDIA GB10
 SMs: 48, SharedMem: 100 KB, Blocks/SM: 24, Threads/SM: 1536, L2 size: 24 MB, Bus: 256-bit
Adding bootstrap precomputation to GPU for 32768 slots.
Plaintexts loaded: 248 ~ 4960MB
Rotation keys loaded: 85 ~ 15300MB
setup_seconds=26.2717
planned_logical_refreshes=1212
node=10/7814 op=public seconds=1.38199 eta_seconds=1078.5 bootstraps=0
node=20/7814 op=repeat seconds=2.30633 eta_seconds=898.779 bootstraps=0
node=30/7814 op=gather seconds=3.94773 eta_seconds=1024.3 bootstraps=0
node=40/7814 op=cheb seconds=5.0148 eta_seconds=974.627 bootstraps=0
node=50/7814 op=mul seconds=5.52898 eta_seconds=858.54 bootstraps=0
node=60/7814 op=repeat seconds=5.89154 eta_seconds=761.383 bootstraps=0
node=70/7814 op=add seconds=6.30019 eta_seconds=696.981 bootstraps=0
node=80/7814 op=mulp seconds=7.1114 eta_seconds=687.495 bootstraps=0
node=90/7814 op=mul seconds=7.57714 eta_seconds=650.287 bootstraps=0
node=100/7814 op=repeat seconds=8.34111 eta_seconds=643.433 bootstraps=0
node=110/7814 op=gather seconds=10.0016 eta_seconds=700.473 bootstraps=0
node=120/7814 op=repeat seconds=12.1635 eta_seconds=779.882 bootstraps=0
node=130/7814 op=cheb seconds=12.7859 eta_seconds=755.746 bootstraps=0
node=140/7814 op=mul seconds=13.1328 eta_seconds=719.866 bootstraps=0
node=150/7814 op=mulp seconds=13.5572 eta_seconds=692.685 bootstraps=0
node=160/7814 op=gather seconds=14.214 eta_seconds=679.96 bootstraps=0
node=170/7814 op=scatter seconds=14.5732 eta_seconds=655.278 bootstraps=0
node=180/7814 op=add seconds=14.8703 eta_seconds=630.667 bootstraps=0
node=190/7814 op=repeat seconds=16.5425 eta_seconds=663.791 bootstraps=2
node=200/7814 op=mul seconds=16.8092 eta_seconds=639.928 bootstraps=2
node=210/7814 op=mul seconds=17.0259 eta_seconds=616.5 bootstraps=2
node=220/7814 op=mul seconds=18.9317 eta_seconds=653.487 bootstraps=4
node=230/7814 op=mulp seconds=20.303 eta_seconds=669.471 bootstraps=4
node=240/7814 op=mul seconds=22.0497 eta_seconds=695.853 bootstraps=6
node=250/7814 op=linear_ref seconds=23.396 eta_seconds=707.868 bootstraps=6
node=260/7814 op=mulp seconds=24.5342 eta_seconds=712.814 bootstraps=8
node=270/7814 op=mul seconds=25.1933 eta_seconds=703.919 bootstraps=8
node=280/7814 op=repeat seconds=25.481 eta_seconds=685.621 bootstraps=8
node=290/7814 op=gather seconds=26.132 eta_seconds=677.99 bootstraps=8
node=300/7814 op=addp seconds=26.1779 eta_seconds=655.669 bootstraps=8
node=310/7814 op=cheb seconds=28.527 eta_seconds=690.537 bootstraps=10
node=320/7814 op=repeat seconds=29.0137 eta_seconds=679.465 bootstraps=10
node=330/7814 op=mul seconds=29.3559 eta_seconds=665.756 bootstraps=10
node=340/7814 op=add seconds=29.9382 eta_seconds=658.111 bootstraps=10
node=350/7814 op=mulp seconds=30.9931 eta_seconds=660.95 bootstraps=10
node=360/7814 op=add seconds=33.0954 eta_seconds=685.259 bootstraps=12
node=370/7814 op=linear seconds=34.0359 eta_seconds=684.766 bootstraps=12
node=380/7814 op=cheb seconds=34.3257 eta_seconds=671.519 bootstraps=12
node=390/7814 op=mul seconds=34.9468 eta_seconds=665.243 bootstraps=12
node=400/7814 op=gather seconds=35.3301 eta_seconds=654.844 bootstraps=12
node=410/7814 op=scatter seconds=35.723 eta_seconds=645.105 bootstraps=12
node=420/7814 op=gather seconds=36.212 eta_seconds=637.504 bootstraps=12
node=430/7814 op=gather seconds=38.555 eta_seconds=662.071 bootstraps=14
node=440/7814 op=add seconds=39.3766 eta_seconds=659.916 bootstraps=14
node=450/7814 op=mul seconds=39.822 eta_seconds=651.665 bootstraps=14
node=460/7814 op=scatter seconds=40.5734 eta_seconds=648.645 bootstraps=14
node=470/7814 op=addp seconds=42.3131 eta_seconds=661.165 bootstraps=16
node=480/7814 op=cheb seconds=44.3102 eta_seconds=677.022 bootstraps=18
node=490/7814 op=gather seconds=45.1956 eta_seconds=675.536 bootstraps=18
node=500/7814 op=mulp seconds=45.2992 eta_seconds=662.637 bootstraps=18
node=510/7814 op=mulp seconds=46.0889 eta_seconds=660.066 bootstraps=18
node=520/7814 op=cheb seconds=48.2572 eta_seconds=676.9 bootstraps=20
node=530/7814 op=addp seconds=48.6153 eta_seconds=668.139 bootstraps=20
node=540/7814 op=mul seconds=48.9816 eta_seconds=659.801 bootstraps=20
node=550/7814 op=mul seconds=49.575 eta_seconds=654.75 bootstraps=20
node=560/7814 op=mulp seconds=50.1653 eta_seconds=649.82 bootstraps=20
node=570/7814 op=addp seconds=51.0201 eta_seconds=648.403 bootstraps=20
node=580/7814 op=mulp seconds=51.1146 eta_seconds=637.522 bootstraps=20
node=590/7814 op=add seconds=53.437 eta_seconds=654.286 bootstraps=22
node=600/7814 op=mul seconds=54.3088 eta_seconds=652.972 bootstraps=22
node=610/7814 op=repeat seconds=55.7745 eta_seconds=658.688 bootstraps=22
node=620/7814 op=cheb seconds=56.2152 eta_seconds=652.278 bootstraps=22
node=630/7814 op=mul seconds=56.6355 eta_seconds=645.825 bootstraps=22
node=640/7814 op=gather seconds=57.241 eta_seconds=641.635 bootstraps=22
node=650/7814 op=mulp seconds=57.512 eta_seconds=633.87 bootstraps=22
node=660/7814 op=gather seconds=59.9294 eta_seconds=649.599 bootstraps=24
node=670/7814 op=add seconds=60.7719 eta_seconds=647.992 bootstraps=24
node=680/7814 op=mul seconds=61.2666 eta_seconds=642.759 bootstraps=24
node=690/7814 op=add seconds=62.011 eta_seconds=640.241 bootstraps=24
node=700/7814 op=sum seconds=63.7185 eta_seconds=647.562 bootstraps=26
node=710/7814 op=gather seconds=64.6625 eta_seconds=646.989 bootstraps=26
node=720/7814 op=gather seconds=66.3661 eta_seconds=653.891 bootstraps=28
node=730/7814 op=sum seconds=66.4335 eta_seconds=644.677 bootstraps=28
node=740/7814 op=sum seconds=67.1874 eta_seconds=642.275 bootstraps=28
node=750/7814 op=add seconds=69.1583 eta_seconds=651.379 bootstraps=30
node=760/7814 op=mulp seconds=69.5736 eta_seconds=645.753 bootstraps=30
node=770/7814 op=add seconds=69.9657 eta_seconds=640.05 bootstraps=30
node=780/7814 op=mulp seconds=70.596 eta_seconds=636.631 bootstraps=30
node=790/7814 op=repeat seconds=71.203 eta_seconds=633.076 bootstraps=30
node=800/7814 op=gather seconds=71.8771 eta_seconds=630.182 bootstraps=30
node=810/7814 op=addp seconds=71.9317 eta_seconds=621.988 bootstraps=30
node=820/7814 op=scatter seconds=74.3127 eta_seconds=633.833 bootstraps=32
node=830/7814 op=cheb seconds=75.2607 eta_seconds=633.278 bootstraps=32
node=840/7814 op=cheb seconds=75.8731 eta_seconds=629.927 bootstraps=32
node=850/7814 op=repeat seconds=76.2446 eta_seconds=624.667 bootstraps=32
node=860/7814 op=mul seconds=76.613 eta_seconds=619.497 bootstraps=32
node=870/7814 op=add seconds=77.2324 eta_seconds=616.439 bootstraps=32
node=880/7814 op=mul seconds=77.5298 eta_seconds=610.899 bootstraps=32
node=890/7814 op=addp seconds=79.5613 eta_seconds=618.969 bootstraps=34
node=900/7814 op=add seconds=80.3979 eta_seconds=617.635 bootstraps=34
node=910/7814 op=repeat seconds=80.868 eta_seconds=613.53 bootstraps=34
node=920/7814 op=gather seconds=82.5376 eta_seconds=618.494 bootstraps=36
node=930/7814 op=linear seconds=85.0102 eta_seconds=629.258 bootstraps=38
node=940/7814 op=mulp seconds=85.2311 eta_seconds=623.275 bootstraps=38
node=950/7814 op=gather seconds=87.545 eta_seconds=632.535 bootstraps=40
node=960/7814 op=addp seconds=87.6099 eta_seconds=625.498 bootstraps=40
node=970/7814 op=mul seconds=88.3492 eta_seconds=623.363 bootstraps=40
node=980/7814 op=mul seconds=90.4547 eta_seconds=630.783 bootstraps=42
node=990/7814 op=repeat seconds=90.9677 eta_seconds=627.034 bootstraps=42
node=1000/7814 op=mul seconds=91.3422 eta_seconds=622.406 bootstraps=42
node=1010/7814 op=cheb seconds=92.3159 eta_seconds=621.899 bootstraps=42
node=1020/7814 op=gather seconds=93.142 eta_seconds=620.399 bootstraps=42
node=1030/7814 op=sum seconds=93.2077 eta_seconds=613.904 bootstraps=42
node=1040/7814 op=scatter seconds=95.0236 eta_seconds=618.932 bootstraps=44
node=1050/7814 op=scatter seconds=95.3604 eta_seconds=614.303 bootstraps=44
node=1060/7814 op=mul seconds=95.8444 eta_seconds=610.692 bootstraps=44
node=1070/7814 op=cheb seconds=98.6445 eta_seconds=621.737 bootstraps=46
node=1080/7814 op=cheb seconds=99.8345 eta_seconds=622.486 bootstraps=46
node=1090/7814 op=repeat seconds=100.555 eta_seconds=620.306 bootstraps=46
node=1100/7814 op=addp seconds=100.781 eta_seconds=615.133 bootstraps=46
node=1110/7814 op=mul seconds=101.673 eta_seconds=614.07 bootstraps=46
node=1120/7814 op=cheb seconds=103.48 eta_seconds=618.478 bootstraps=48
node=1130/7814 op=mulp seconds=104.086 eta_seconds=615.674 bootstraps=48
node=1140/7814 op=mulp seconds=104.635 eta_seconds=612.576 bootstraps=48
node=1150/7814 op=sum seconds=105.114 eta_seconds=609.114 bootstraps=48
node=1160/7814 op=add seconds=105.619 eta_seconds=605.853 bootstraps=48
node=1170/7814 op=mulp seconds=107.183 eta_seconds=608.653 bootstraps=50
node=1180/7814 op=cheb seconds=108.068 eta_seconds=607.562 bootstraps=50
node=1190/7814 op=mulp seconds=108.128 eta_seconds=601.883 bootstraps=50
node=1200/7814 op=cheb seconds=110.78 eta_seconds=610.582 bootstraps=52
node=1210/7814 op=mul seconds=111.412 eta_seconds=608.069 bootstraps=52
node=1220/7814 op=gather seconds=111.815 eta_seconds=604.351 bootstraps=52
node=1230/7814 op=scatter seconds=112.245 eta_seconds=600.828 bootstraps=52
node=1240/7814 op=gather seconds=112.742 eta_seconds=597.714 bootstraps=52
node=1250/7814 op=sum seconds=113.785 eta_seconds=597.51 bootstraps=52
node=1260/7814 op=add seconds=115.59 eta_seconds=601.251 bootstraps=54
node=1270/7814 op=linear seconds=116.533 eta_seconds=600.467 bootstraps=54
node=1280/7814 op=mulp seconds=116.756 eta_seconds=596.002 bootstraps=54
node=1290/7814 op=addp seconds=117.613 eta_seconds=594.813 bootstraps=54
node=1300/7814 op=mulp seconds=117.708 eta_seconds=589.807 bootstraps=54
node=1310/7814 op=cheb seconds=120.605 eta_seconds=598.789 bootstraps=56
node=1320/7814 op=cheb seconds=121.443 eta_seconds=597.461 bootstraps=56
node=1330/7814 op=repeat seconds=121.687 eta_seconds=593.247 bootstraps=56
node=1340/7814 op=add seconds=122.031 eta_seconds=589.574 bootstraps=56
node=1350/7814 op=mul seconds=122.631 eta_seconds=587.175 bootstraps=56
node=1360/7814 op=add seconds=122.911 eta_seconds=583.286 bootstraps=56
node=1370/7814 op=addp seconds=124.933 eta_seconds=587.641 bootstraps=58
node=1380/7814 op=add seconds=125.762 eta_seconds=586.341 bootstraps=58
node=1390/7814 op=repeat seconds=126.524 eta_seconds=584.74 bootstraps=58
node=1400/7814 op=addp seconds=127.002 eta_seconds=581.849 bootstraps=58
node=1410/7814 op=gather seconds=128.94 eta_seconds=585.625 bootstraps=60
node=1420/7814 op=sum seconds=129.058 eta_seconds=581.124 bootstraps=60
node=1430/7814 op=gather seconds=130.042 eta_seconds=580.55 bootstraps=60
node=1440/7814 op=cheb seconds=132.428 eta_seconds=586.178 bootstraps=62
node=1450/7814 op=repeat seconds=132.633 eta_seconds=582.124 bootstraps=62
node=1460/7814 op=mul seconds=133.88 eta_seconds=582.652 bootstraps=62
node=1470/7814 op=addp seconds=134.823 eta_seconds=581.849 bootstraps=62
node=1480/7814 op=add seconds=136.316 eta_seconds=583.394 bootstraps=64
node=1490/7814 op=scatter seconds=136.566 eta_seconds=579.627 bootstraps=64
node=1500/7814 op=add seconds=137.045 eta_seconds=576.869 bootstraps=64
node=1510/7814 op=gather seconds=138.041 eta_seconds=576.3 bootstraps=64
node=1520/7814 op=addp seconds=138.165 eta_seconds=572.113 bootstraps=64
node=1530/7814 op=sum seconds=140.427 eta_seconds=576.76 bootstraps=66
node=1540/7814 op=cheb seconds=141.669 eta_seconds=577.164 bootstraps=66
node=1550/7814 op=cheb seconds=142.458 eta_seconds=575.714 bootstraps=66
node=1560/7814 op=repeat seconds=142.826 eta_seconds=572.587 bootstraps=66
node=1570/7814 op=gather seconds=143.972 eta_seconds=572.587 bootstraps=66
node=1580/7814 op=add seconds=146.245 eta_seconds=577.018 bootstraps=68
node=1590/7814 op=mul seconds=146.296 eta_seconds=572.67 bootstraps=68
node=1600/7814 op=mulp seconds=146.847 eta_seconds=570.316 bootstraps=68
node=1610/7814 op=mul seconds=147.113 eta_seconds=566.889 bootstraps=68
node=1620/7814 op=sum seconds=147.525 eta_seconds=564.057 bootstraps=68
node=1630/7814 op=linear seconds=149.461 eta_seconds=567.036 bootstraps=70
node=1640/7814 op=cheb seconds=149.642 eta_seconds=563.348 bootstraps=70
node=1650/7814 op=mulp seconds=149.825 eta_seconds=559.711 bootstraps=70
node=1660/7814 op=repeat seconds=150.871 eta_seconds=559.313 bootstraps=70
node=1670/7814 op=add seconds=152.941 eta_seconds=562.676 bootstraps=72
node=1680/7814 op=mulp seconds=153.347 eta_seconds=559.898 bootstraps=72
node=1690/7814 op=add seconds=153.655 eta_seconds=556.795 bootstraps=72
node=1700/7814 op=mulp seconds=154.137 eta_seconds=554.348 bootstraps=72
node=1710/7814 op=linear_ref seconds=155.12 eta_seconds=553.714 bootstraps=72
node=1720/7814 op=scatter seconds=156.843 eta_seconds=555.699 bootstraps=74
node=1730/7814 op=repeat seconds=157.542 eta_seconds=554.037 bootstraps=74
node=1740/7814 op=addp seconds=158.018 eta_seconds=551.611 bootstraps=74
node=1750/7814 op=gather seconds=159.019 eta_seconds=551.022 bootstraps=74
node=1760/7814 op=mulp seconds=159.328 eta_seconds=548.051 bootstraps=74
node=1770/7814 op=cheb seconds=160.938 eta_seconds=549.553 bootstraps=76
node=1780/7814 op=cheb seconds=162.965 eta_seconds=552.433 bootstraps=76
node=1790/7814 op=mulp seconds=163.237 eta_seconds=549.352 bootstraps=76
node=1800/7814 op=gather seconds=163.702 eta_seconds=546.948 bootstraps=76
node=1810/7814 op=gather seconds=164.06 eta_seconds=544.207 bootstraps=76
node=1820/7814 op=scatter seconds=164.402 eta_seconds=541.441 bootstraps=76
node=1830/7814 op=mulp seconds=166.269 eta_seconds=543.689 bootstraps=78
node=1840/7814 op=scatter seconds=167.137 eta_seconds=542.651 bootstraps=78
node=1850/7814 op=add seconds=167.588 eta_seconds=540.266 bootstraps=78
node=1860/7814 op=mul seconds=168.268 eta_seconds=538.638 bootstraps=78
node=1870/7814 op=gather seconds=170.206 eta_seconds=541.02 bootstraps=80
node=1880/7814 op=cheb seconds=170.468 eta_seconds=538.062 bootstraps=80
node=1890/7814 op=mulp seconds=170.546 eta_seconds=534.558 bootstraps=80
node=1900/7814 op=mulp seconds=173.012 eta_seconds=538.524 bootstraps=82
node=1910/7814 op=mul seconds=173.512 eta_seconds=536.343 bootstraps=82
node=1920/7814 op=mulp seconds=173.828 eta_seconds=533.617 bootstraps=82
node=1930/7814 op=mul seconds=174.318 eta_seconds=531.445 bootstraps=82
node=1940/7814 op=cheb seconds=174.936 eta_seconds=529.678 bootstraps=82
node=1950/7814 op=scatter seconds=176.932 eta_seconds=532.066 bootstraps=84
node=1960/7814 op=sum seconds=177.581 eta_seconds=530.388 bootstraps=84
node=1970/7814 op=sum seconds=178.258 eta_seconds=528.803 bootstraps=84
node=1980/7814 op=gather seconds=179.251 eta_seconds=528.157 bootstraps=84
node=1990/7814 op=repeat seconds=179.517 eta_seconds=525.379 bootstraps=84
node=2000/7814 op=addp seconds=179.582 eta_seconds=522.045 bootstraps=84
node=2010/7814 op=mul seconds=182.788 eta_seconds=527.812 bootstraps=86
node=2020/7814 op=mulp seconds=183.481 eta_seconds=526.282 bootstraps=86
node=2030/7814 op=gather seconds=183.904 eta_seconds=523.991 bootstraps=86
node=2040/7814 op=gather seconds=184.262 eta_seconds=521.532 bootstraps=86
node=2050/7814 op=scatter seconds=184.602 eta_seconds=519.047 bootstraps=86
node=2060/7814 op=sum seconds=186.681 eta_seconds=521.439 bootstraps=88
node=2070/7814 op=scatter seconds=187.535 eta_seconds=520.387 bootstraps=88
node=2080/7814 op=repeat seconds=188.048 eta_seconds=518.397 bootstraps=88
node=2090/7814 op=linear_ref seconds=188.729 eta_seconds=516.883 bootstraps=88
node=2100/7814 op=mulp seconds=189.895 eta_seconds=516.695 bootstraps=90
node=2110/7814 op=mul seconds=190.743 eta_seconds=515.638 bootstraps=90
node=2120/7814 op=repeat seconds=190.935 eta_seconds=512.824 bootstraps=90
node=2130/7814 op=repeat seconds=193.88 eta_seconds=517.378 bootstraps=92
node=2140/7814 op=cheb seconds=194.449 eta_seconds=515.564 bootstraps=92
node=2150/7814 op=gather seconds=194.997 eta_seconds=513.703 bootstraps=92
node=2160/7814 op=linear_ref seconds=196.541 eta_seconds=514.463 bootstraps=92
node=2170/7814 op=add seconds=197.746 eta_seconds=514.322 bootstraps=94
node=2180/7814 op=mul seconds=198.322 eta_seconds=512.545 bootstraps=94
node=2190/7814 op=add seconds=198.587 eta_seconds=509.979 bootstraps=94
node=2200/7814 op=mul seconds=199.452 eta_seconds=508.966 bootstraps=94
node=2210/7814 op=gather seconds=200.452 eta_seconds=508.296 bootstraps=94
node=2220/7814 op=sum seconds=200.551 eta_seconds=505.351 bootstraps=94
node=2230/7814 op=mul seconds=202.173 eta_seconds=506.249 bootstraps=96
node=2240/7814 op=repeat seconds=205.029 eta_seconds=510.192 bootstraps=96
node=2250/7814 op=mulp seconds=205.619 eta_seconds=508.473 bootstraps=96
node=2260/7814 op=gather seconds=206.214 eta_seconds=506.775 bootstraps=96
node=2270/7814 op=mul seconds=207.034 eta_seconds=505.637 bootstraps=96
node=2280/7814 op=addp seconds=209.337 eta_seconds=508.102 bootstraps=98
node=2290/7814 op=scatter seconds=209.859 eta_seconds=506.228 bootstraps=98
node=2300/7814 op=add seconds=210.022 eta_seconds=503.505 bootstraps=98
node=2310/7814 op=sum seconds=210.505 eta_seconds=501.567 bootstraps=98
node=2320/7814 op=add seconds=211.021 eta_seconds=499.719 bootstraps=98
node=2330/7814 op=mulp seconds=212.583 eta_seconds=500.345 bootstraps=100
node=2340/7814 op=cheb seconds=213.471 eta_seconds=499.377 bootstraps=100
node=2350/7814 op=mulp seconds=213.532 eta_seconds=496.485 bootstraps=100
node=2360/7814 op=cheb seconds=216.273 eta_seconds=499.811 bootstraps=102
node=2370/7814 op=mul seconds=216.891 eta_seconds=498.208 bootstraps=102
node=2380/7814 op=gather seconds=217.248 eta_seconds=496.02 bootstraps=102
node=2390/7814 op=cheb seconds=218.634 eta_seconds=496.181 bootstraps=102
node=2400/7814 op=mul seconds=220.352 eta_seconds=497.078 bootstraps=104
node=2410/7814 op=add seconds=220.917 eta_seconds=495.367 bootstraps=104
node=2420/7814 op=add seconds=221.126 eta_seconds=492.874 bootstraps=104
node=2430/7814 op=cheb seconds=221.645 eta_seconds=491.085 bootstraps=104
node=2440/7814 op=gather seconds=222.536 eta_seconds=490.126 bootstraps=104
node=2450/7814 op=sum seconds=222.653 eta_seconds=487.474 bootstraps=104
node=2460/7814 op=addp seconds=224.92 eta_seconds=489.521 bootstraps=106
node=2470/7814 op=cheb seconds=226.19 eta_seconds=489.375 bootstraps=106
node=2480/7814 op=cheb seconds=227.133 eta_seconds=488.518 bootstraps=106
node=2490/7814 op=repeat seconds=227.337 eta_seconds=486.082 bootstraps=106
node=2500/7814 op=mulp seconds=228.58 eta_seconds=485.869 bootstraps=106
node=2510/7814 op=scatter seconds=230.758 eta_seconds=487.626 bootstraps=108
node=2520/7814 op=add seconds=230.815 eta_seconds=484.894 bootstraps=108
node=2530/7814 op=mul seconds=231.412 eta_seconds=483.312 bootstraps=108
node=2540/7814 op=add seconds=231.682 eta_seconds=481.06 bootstraps=108
node=2550/7814 op=repeat seconds=232.15 eta_seconds=479.23 bootstraps=108
node=2560/7814 op=gather seconds=234.037 eta_seconds=480.324 bootstraps=110
node=2570/7814 op=mulp seconds=234.161 eta_seconds=477.798 bootstraps=110
node=2580/7814 op=scatter seconds=235.014 eta_seconds=476.769 bootstraps=110
node=2590/7814 op=gather seconds=235.765 eta_seconds=475.535 bootstraps=110
node=2600/7814 op=cheb seconds=238.085 eta_seconds=477.453 bootstraps=112
node=2610/7814 op=repeat seconds=238.291 eta_seconds=475.122 bootstraps=112
node=2620/7814 op=add seconds=238.639 eta_seconds=473.088 bootstraps=112
node=2630/7814 op=mul seconds=239.265 eta_seconds=471.617 bootstraps=112
node=2640/7814 op=mul seconds=240.453 eta_seconds=471.252 bootstraps=112
node=2650/7814 op=scatter seconds=242.186 eta_seconds=471.942 bootstraps=114
node=2660/7814 op=add seconds=242.673 eta_seconds=470.203 bootstraps=114
node=2670/7814 op=gather seconds=243.674 eta_seconds=469.46 bootstraps=114
node=2680/7814 op=addp seconds=243.8 eta_seconds=467.041 bootstraps=114
node=2690/7814 op=sum seconds=246.084 eta_seconds=468.748 bootstraps=116
node=2700/7814 op=cheb seconds=247.332 eta_seconds=468.466 bootstraps=116
node=2710/7814 op=cheb seconds=248.06 eta_seconds=467.195 bootstraps=116
node=2720/7814 op=repeat seconds=248.439 eta_seconds=465.274 bootstraps=116
node=2730/7814 op=mul seconds=248.812 eta_seconds=463.355 bootstraps=116
node=2740/7814 op=add seconds=249.446 eta_seconds=461.931 bootstraps=116
node=2750/7814 op=cheb seconds=249.874 eta_seconds=460.132 bootstraps=116
node=2760/7814 op=scatter seconds=252.107 eta_seconds=461.649 bootstraps=118
node=2770/7814 op=mul seconds=252.752 eta_seconds=460.246 bootstraps=118
node=2780/7814 op=sum seconds=253.162 eta_seconds=458.423 bootstraps=118
node=2790/7814 op=linear_ref seconds=255.158 eta_seconds=459.467 bootstraps=120
node=2800/7814 op=mulp seconds=255.359 eta_seconds=457.275 bootstraps=120
node=2810/7814 op=sum seconds=257.652 eta_seconds=458.823 bootstraps=122
client_token=315 logit_margin=1.89749
node=2820/7814 op=sum seconds=259.115 eta_seconds=458.872 bootstraps=124
node=2830/7814 op=gather seconds=261.071 eta_seconds=459.78 bootstraps=124
node=2840/7814 op=cheb seconds=262.561 eta_seconds=459.851 bootstraps=124
node=2850/7814 op=mul seconds=263.585 eta_seconds=459.101 bootstraps=124
node=2860/7814 op=mulp seconds=263.959 eta_seconds=457.221 bootstraps=124
node=2870/7814 op=gather seconds=264.469 eta_seconds=455.587 bootstraps=124
node=2880/7814 op=scatter seconds=264.833 eta_seconds=453.71 bootstraps=124
node=2890/7814 op=mul seconds=265.484 eta_seconds=452.333 bootstraps=124
node=2900/7814 op=mul seconds=265.962 eta_seconds=450.668 bootstraps=124
node=2910/7814 op=scatter seconds=267.352 eta_seconds=450.547 bootstraps=126
node=2920/7814 op=mul seconds=267.757 eta_seconds=448.768 bootstraps=126
node=2930/7814 op=mul seconds=267.976 eta_seconds=446.687 bootstraps=126
node=2940/7814 op=mul seconds=269.847 eta_seconds=447.358 bootstraps=128
node=2950/7814 op=scatter seconds=271.951 eta_seconds=448.396 bootstraps=130
node=2960/7814 op=gather seconds=273.682 eta_seconds=448.802 bootstraps=132
node=2970/7814 op=mulp seconds=273.757 eta_seconds=446.491 bootstraps=132
node=2980/7814 op=cheb seconds=275.798 eta_seconds=447.384 bootstraps=134
node=2990/7814 op=cheb seconds=276.698 eta_seconds=446.419 bootstraps=134
node=3000/7814 op=repeat seconds=276.941 eta_seconds=444.399 bootstraps=134
node=3010/7814 op=add seconds=277.266 eta_seconds=442.52 bootstraps=134
node=3020/7814 op=mul seconds=277.851 eta_seconds=441.065 bootstraps=134
node=3030/7814 op=scatter seconds=279.754 eta_seconds=441.697 bootstraps=136
node=3040/7814 op=mul seconds=280.185 eta_seconds=440.001 bootstraps=136
node=3050/7814 op=sum seconds=280.709 eta_seconds=438.458 bootstraps=136
node=3060/7814 op=add seconds=281.218 eta_seconds=436.898 bootstraps=136
node=3070/7814 op=repeat seconds=282.758 eta_seconds=436.939 bootstraps=138
node=3080/7814 op=mul seconds=285.015 eta_seconds=438.071 bootstraps=140
node=3090/7814 op=gather seconds=286.873 eta_seconds=438.572 bootstraps=142
node=3100/7814 op=mul seconds=286.992 eta_seconds=436.413 bootstraps=142
node=3110/7814 op=mul seconds=289.289 eta_seconds=437.561 bootstraps=144
node=3120/7814 op=cheb seconds=290.136 eta_seconds=436.506 bootstraps=144
node=3130/7814 op=repeat seconds=290.384 eta_seconds=434.555 bootstraps=144
node=3140/7814 op=add seconds=290.729 eta_seconds=432.761 bootstraps=144
node=3150/7814 op=mul seconds=291.332 eta_seconds=431.356 bootstraps=144
node=3160/7814 op=scatter seconds=293.128 eta_seconds=431.715 bootstraps=146
node=3170/7814 op=mul seconds=293.734 eta_seconds=430.316 bootstraps=146
node=3180/7814 op=mul seconds=294.149 eta_seconds=428.644 bootstraps=146
node=3190/7814 op=mul seconds=294.778 eta_seconds=427.289 bootstraps=146
node=3200/7814 op=cheb seconds=296.207 eta_seconds=427.093 bootstraps=148
node=3210/7814 op=add seconds=298.529 eta_seconds=428.171 bootstraps=150
node=3220/7814 op=linear_ref seconds=300.179 eta_seconds=428.268 bootstraps=152
node=3230/7814 op=mul seconds=300.239 eta_seconds=426.097 bootstraps=152
node=3240/7814 op=cheb seconds=302.27 eta_seconds=426.724 bootstraps=154
node=3250/7814 op=cheb seconds=302.892 eta_seconds=425.354 bootstraps=154
node=3260/7814 op=repeat seconds=303.271 eta_seconds=423.649 bootstraps=154
node=3270/7814 op=mul seconds=303.646 eta_seconds=421.947 bootstraps=154
node=3280/7814 op=add seconds=304.272 eta_seconds=420.6 bootstraps=154
node=3290/7814 op=mul seconds=304.571 eta_seconds=418.808 bootstraps=154
node=3300/7814 op=scatter seconds=306.393 eta_seconds=419.109 bootstraps=156
node=3310/7814 op=add seconds=306.877 eta_seconds=417.575 bootstraps=156
node=3320/7814 op=repeat seconds=307.177 eta_seconds=415.799 bootstraps=156
node=3330/7814 op=addp seconds=308.845 eta_seconds=415.874 bootstraps=158
node=3340/7814 op=linear_ref seconds=312.056 eta_seconds=418.006 bootstraps=162
node=3350/7814 op=mulp seconds=313.097 eta_seconds=417.213 bootstraps=164
node=3360/7814 op=addp seconds=313.769 eta_seconds=415.93 bootstraps=164
node=3370/7814 op=cheb seconds=315.301 eta_seconds=415.786 bootstraps=166
node=3380/7814 op=cheb seconds=316.862 eta_seconds=415.67 bootstraps=166
node=3390/7814 op=repeat seconds=317.332 eta_seconds=414.123 bootstraps=166
node=3400/7814 op=gather seconds=318.108 eta_seconds=412.98 bootstraps=166
node=3410/7814 op=cheb seconds=318.674 eta_seconds=411.566 bootstraps=166
node=3420/7814 op=scatter seconds=320.67 eta_seconds=411.995 bootstraps=168
node=3430/7814 op=scatter seconds=320.934 eta_seconds=410.197 bootstraps=168
node=3440/7814 op=mul seconds=321.367 eta_seconds=408.621 bootstraps=168
node=3450/7814 op=mul seconds=321.781 eta_seconds=407.029 bootstraps=168
node=3460/7814 op=mulp seconds=323.269 eta_seconds=406.795 bootstraps=170
node=3470/7814 op=mul seconds=325.188 eta_seconds=407.094 bootstraps=172
node=3480/7814 op=mul seconds=326.823 eta_seconds=407.027 bootstraps=174
node=3490/7814 op=gather seconds=327.689 eta_seconds=405.997 bootstraps=174
node=3500/7814 op=addp seconds=327.781 eta_seconds=404.014 bootstraps=174
node=3510/7814 op=mulp seconds=330.319 eta_seconds=405.041 bootstraps=176
node=3520/7814 op=mul seconds=330.786 eta_seconds=403.521 bootstraps=176
node=3530/7814 op=mulp seconds=331.184 eta_seconds=401.924 bootstraps=176
node=3540/7814 op=mul seconds=331.785 eta_seconds=400.579 bootstraps=176
node=3550/7814 op=mul seconds=332.062 eta_seconds=398.849 bootstraps=176
node=3560/7814 op=scatter seconds=333.872 eta_seconds=398.959 bootstraps=178
node=3570/7814 op=repeat seconds=334.572 eta_seconds=397.737 bootstraps=178
node=3580/7814 op=sum seconds=334.928 eta_seconds=396.113 bootstraps=178
node=3590/7814 op=sum seconds=335.609 eta_seconds=394.878 bootstraps=178
node=3600/7814 op=cheb seconds=338.515 eta_seconds=396.251 bootstraps=182
node=3610/7814 op=repeat seconds=340.148 eta_seconds=396.117 bootstraps=184
node=3620/7814 op=gather seconds=340.996 eta_seconds=395.065 bootstraps=184
node=3630/7814 op=mulp seconds=341.1 eta_seconds=393.157 bootstraps=184
node=3640/7814 op=mul seconds=343.709 eta_seconds=394.132 bootstraps=186
node=3650/7814 op=repeat seconds=344.118 eta_seconds=392.578 bootstraps=186
node=3660/7814 op=scatter seconds=344.777 eta_seconds=391.313 bootstraps=186
node=3670/7814 op=mul seconds=346.742 eta_seconds=391.525 bootstraps=188
node=3680/7814 op=scatter seconds=347.343 eta_seconds=390.194 bootstraps=188
node=3690/7814 op=scatter seconds=347.553 eta_seconds=388.43 bootstraps=188
node=3700/7814 op=mul seconds=347.809 eta_seconds=386.726 bootstraps=188
node=3710/7814 op=mul seconds=348.107 eta_seconds=385.075 bootstraps=188
node=3720/7814 op=scatter seconds=349.888 eta_seconds=385.065 bootstraps=190
node=3730/7814 op=gather seconds=350.653 eta_seconds=383.932 bootstraps=190
node=3740/7814 op=cheb seconds=353.252 eta_seconds=384.799 bootstraps=194
node=3750/7814 op=gather seconds=354.191 eta_seconds=383.849 bootstraps=194
node=3760/7814 op=addp seconds=354.48 eta_seconds=382.197 bootstraps=194
node=3770/7814 op=mul seconds=356.666 eta_seconds=382.588 bootstraps=196
node=3780/7814 op=repeat seconds=357.165 eta_seconds=381.164 bootstraps=196
node=3790/7814 op=addp seconds=357.372 eta_seconds=379.437 bootstraps=196
node=3800/7814 op=gather seconds=357.774 eta_seconds=377.922 bootstraps=196
node=3810/7814 op=add seconds=358.137 eta_seconds=376.373 bootstraps=196
node=3820/7814 op=scatter seconds=360.129 eta_seconds=376.533 bootstraps=198
node=3830/7814 op=sum seconds=360.546 eta_seconds=375.043 bootstraps=198
node=3840/7814 op=add seconds=360.987 eta_seconds=373.583 bootstraps=198
node=3850/7814 op=mul seconds=361.663 eta_seconds=372.372 bootstraps=198
node=3860/7814 op=gather seconds=363.509 eta_seconds=372.361 bootstraps=200
node=3870/7814 op=addp seconds=365.036 eta_seconds=372.016 bootstraps=202
node=3880/7814 op=gather seconds=366.917 eta_seconds=372.023 bootstraps=204
node=3890/7814 op=sum seconds=367.188 eta_seconds=370.397 bootstraps=204
node=3900/7814 op=cheb seconds=369.33 eta_seconds=370.655 bootstraps=206
node=3910/7814 op=mul seconds=370.025 eta_seconds=369.457 bootstraps=206
node=3920/7814 op=gather seconds=370.33 eta_seconds=367.873 bootstraps=206
node=3930/7814 op=scatter seconds=370.692 eta_seconds=366.354 bootstraps=206
node=3940/7814 op=gather seconds=371.096 eta_seconds=364.879 bootstraps=206
node=3950/7814 op=add seconds=373.213 eta_seconds=365.087 bootstraps=208
node=3960/7814 op=mul seconds=373.5 eta_seconds=363.502 bootstraps=208
node=3970/7814 op=mul seconds=374.269 eta_seconds=362.391 bootstraps=208
node=3980/7814 op=add seconds=374.95 eta_seconds=361.195 bootstraps=208
node=3990/7814 op=linear_ref seconds=376.805 eta_seconds=361.129 bootstraps=210
node=4000/7814 op=mulp seconds=378.336 eta_seconds=360.743 bootstraps=212
node=4010/7814 op=gather seconds=380.188 eta_seconds=360.657 bootstraps=214
node=4020/7814 op=mul seconds=380.273 eta_seconds=358.895 bootstraps=214
node=4030/7814 op=repeat seconds=383.725 eta_seconds=360.302 bootstraps=216
node=4040/7814 op=mulp seconds=384.306 eta_seconds=359.003 bootstraps=216
node=4050/7814 op=gather seconds=384.91 eta_seconds=357.729 bootstraps=216
node=4060/7814 op=mul seconds=385.718 eta_seconds=356.646 bootstraps=216
node=4070/7814 op=scatter seconds=387.424 eta_seconds=356.392 bootstraps=218
node=4080/7814 op=mul seconds=387.798 eta_seconds=354.911 bootstraps=218
node=4090/7814 op=add seconds=388.066 eta_seconds=353.34 bootstraps=218
node=4100/7814 op=repeat seconds=388.762 eta_seconds=352.161 bootstraps=218
node=4110/7814 op=linear_ref seconds=389.478 eta_seconds=351.004 bootstraps=218
node=4120/7814 op=mulp seconds=390.575 eta_seconds=350.19 bootstraps=220
node=4130/7814 op=sum seconds=392.898 eta_seconds=350.469 bootstraps=222
node=4140/7814 op=gather seconds=394.745 eta_seconds=350.313 bootstraps=224
node=4150/7814 op=mulp seconds=394.87 eta_seconds=348.627 bootstraps=224
node=4160/7814 op=cheb seconds=396.99 eta_seconds=348.702 bootstraps=226
node=4170/7814 op=repeat seconds=397.794 eta_seconds=347.617 bootstraps=226
node=4180/7814 op=addp seconds=397.98 eta_seconds=345.995 bootstraps=226
node=4190/7814 op=addp seconds=399.211 eta_seconds=345.284 bootstraps=226
node=4200/7814 op=add seconds=400.527 eta_seconds=344.644 bootstraps=228
node=4210/7814 op=mul seconds=401.057 eta_seconds=343.327 bootstraps=228
node=4220/7814 op=mul seconds=401.331 eta_seconds=341.797 bootstraps=228
node=4230/7814 op=mul seconds=401.737 eta_seconds=340.384 bootstraps=228
node=4240/7814 op=mul seconds=401.954 eta_seconds=338.816 bootstraps=228
node=4250/7814 op=mul seconds=403.779 eta_seconds=338.604 bootstraps=230
node=4260/7814 op=scatter seconds=405.964 eta_seconds=338.684 bootstraps=232
node=4270/7814 op=gather seconds=407.837 eta_seconds=338.495 bootstraps=234
node=4280/7814 op=sum seconds=407.968 eta_seconds=336.86 bootstraps=234
node=4290/7814 op=cheb seconds=409.97 eta_seconds=336.768 bootstraps=236
node=4300/7814 op=cheb seconds=410.829 eta_seconds=335.733 bootstraps=236
node=4310/7814 op=repeat seconds=411.033 eta_seconds=334.167 bootstraps=236
node=4320/7814 op=add seconds=411.381 eta_seconds=332.723 bootstraps=236
node=4330/7814 op=mul seconds=412.008 eta_seconds=331.51 bootstraps=236
node=4340/7814 op=scatter seconds=413.873 eta_seconds=331.289 bootstraps=238
node=4350/7814 op=mul seconds=414.287 eta_seconds=329.906 bootstraps=238
node=4360/7814 op=sum seconds=414.692 eta_seconds=328.52 bootstraps=238
node=4370/7814 op=add seconds=414.911 eta_seconds=326.992 bootstraps=238
node=4380/7814 op=repeat seconds=416.732 eta_seconds=326.725 bootstraps=240
node=4390/7814 op=mul seconds=419.013 eta_seconds=326.811 bootstraps=242
client_token=279 logit_margin=2.90222
node=4400/7814 op=mul seconds=420.414 eta_seconds=326.203 bootstraps=244
node=4410/7814 op=gather seconds=422.423 eta_seconds=326.061 bootstraps=244
node=4420/7814 op=cheb seconds=423.889 eta_seconds=325.493 bootstraps=244
node=4430/7814 op=cheb seconds=424.863 eta_seconds=324.545 bootstraps=244
node=4440/7814 op=mul seconds=425.339 eta_seconds=323.219 bootstraps=244
node=4450/7814 op=repeat seconds=425.701 eta_seconds=321.811 bootstraps=244
node=4460/7814 op=add seconds=426.075 eta_seconds=320.416 bootstraps=244
node=4470/7814 op=mulp seconds=426.923 eta_seconds=319.381 bootstraps=244
node=4480/7814 op=mulp seconds=427.39 eta_seconds=318.062 bootstraps=244
node=4490/7814 op=cheb seconds=427.589 eta_seconds=316.549 bootstraps=244
node=4500/7814 op=add seconds=429.164 eta_seconds=316.055 bootstraps=246
node=4510/7814 op=repeat seconds=429.465 eta_seconds=314.623 bootstraps=246
node=4520/7814 op=linear_ref seconds=431.247 eta_seconds=314.276 bootstraps=248
node=4530/7814 op=mulp seconds=431.496 eta_seconds=312.811 bootstraps=248
node=4540/7814 op=sum seconds=433.634 eta_seconds=312.713 bootstraps=250
node=4550/7814 op=gather seconds=435.344 eta_seconds=312.3 bootstraps=252
node=4560/7814 op=addp seconds=435.411 eta_seconds=310.708 bootstraps=252
node=4570/7814 op=cheb seconds=437.599 eta_seconds=310.628 bootstraps=254
node=4580/7814 op=repeat seconds=438.352 eta_seconds=309.526 bootstraps=254
node=4590/7814 op=addp seconds=438.581 eta_seconds=308.058 bootstraps=254
node=4600/7814 op=gather seconds=439.048 eta_seconds=306.761 bootstraps=254
node=4610/7814 op=add seconds=439.488 eta_seconds=305.449 bootstraps=254
node=4620/7814 op=add seconds=441.386 eta_seconds=305.148 bootstraps=256
node=4630/7814 op=mul seconds=441.821 eta_seconds=303.836 bootstraps=256
node=4640/7814 op=sum seconds=442.333 eta_seconds=302.579 bootstraps=256
node=4650/7814 op=add seconds=442.812 eta_seconds=301.303 bootstraps=256
node=4660/7814 op=mul seconds=444.368 eta_seconds=300.759 bootstraps=258
node=4670/7814 op=gather seconds=445.237 eta_seconds=299.749 bootstraps=258
node=4680/7814 op=addp seconds=446.899 eta_seconds=299.27 bootstraps=260
node=4690/7814 op=gather seconds=448.76 eta_seconds=298.918 bootstraps=262
node=4700/7814 op=mul seconds=448.872 eta_seconds=297.402 bootstraps=262
node=4710/7814 op=repeat seconds=451.731 eta_seconds=297.701 bootstraps=264
node=4720/7814 op=cheb seconds=452.18 eta_seconds=296.408 bootstraps=264
node=4730/7814 op=mul seconds=452.606 eta_seconds=295.103 bootstraps=264
node=4740/7814 op=gather seconds=453.213 eta_seconds=293.919 bootstraps=264
node=4750/7814 op=mulp seconds=453.487 eta_seconds=292.523 bootstraps=264
node=4760/7814 op=add seconds=455.376 eta_seconds=292.168 bootstraps=266
node=4770/7814 op=add seconds=455.663 eta_seconds=290.783 bootstraps=266
node=4780/7814 op=repeat seconds=456.336 eta_seconds=289.649 bootstraps=266
node=4790/7814 op=sum seconds=456.774 eta_seconds=288.368 bootstraps=266
node=4800/7814 op=sum seconds=458.255 eta_seconds=287.746 bootstraps=268
node=4810/7814 op=cheb seconds=460.039 eta_seconds=287.309 bootstraps=270
node=4820/7814 op=repeat seconds=461.668 eta_seconds=286.771 bootstraps=272
node=4830/7814 op=gather seconds=462.329 eta_seconds=285.629 bootstraps=272
node=4840/7814 op=addp seconds=462.384 eta_seconds=284.118 bootstraps=272
node=4850/7814 op=mul seconds=464.901 eta_seconds=284.117 bootstraps=274
node=4860/7814 op=repeat seconds=465.333 eta_seconds=282.838 bootstraps=274
node=4870/7814 op=mul seconds=465.736 eta_seconds=281.546 bootstraps=274
node=4880/7814 op=mul seconds=466.361 eta_seconds=280.39 bootstraps=274
node=4890/7814 op=addp seconds=466.651 eta_seconds=279.036 bootstraps=274
node=4900/7814 op=scatter seconds=468.276 eta_seconds=278.481 bootstraps=276
node=4910/7814 op=sum seconds=468.871 eta_seconds=277.312 bootstraps=276
node=4920/7814 op=add seconds=469.17 eta_seconds=275.971 bootstraps=276
node=4930/7814 op=repeat seconds=469.47 eta_seconds=274.635 bootstraps=276
node=4940/7814 op=addp seconds=471.132 eta_seconds=274.096 bootstraps=278
node=4950/7814 op=linear_ref seconds=474.344 eta_seconds=274.449 bootstraps=282
node=4960/7814 op=mulp seconds=475.372 eta_seconds=273.531 bootstraps=284
node=4970/7814 op=addp seconds=476.047 eta_seconds=272.41 bootstraps=284
node=4980/7814 op=cheb seconds=477.611 eta_seconds=271.797 bootstraps=286
node=4990/7814 op=cheb seconds=479.138 eta_seconds=271.159 bootstraps=286
node=5000/7814 op=repeat seconds=479.62 eta_seconds=269.93 bootstraps=286
node=5010/7814 op=gather seconds=480.385 eta_seconds=268.862 bootstraps=286
node=5020/7814 op=cheb seconds=480.953 eta_seconds=267.686 bootstraps=286
node=5030/7814 op=scatter seconds=482.971 eta_seconds=267.314 bootstraps=288
node=5040/7814 op=scatter seconds=483.238 eta_seconds=265.973 bootstraps=288
node=5050/7814 op=repeat seconds=483.67 eta_seconds=264.725 bootstraps=288
node=5060/7814 op=sum seconds=484.067 eta_seconds=263.463 bootstraps=288
node=5070/7814 op=add seconds=484.538 eta_seconds=262.243 bootstraps=288
node=5080/7814 op=repeat seconds=485.993 eta_seconds=261.556 bootstraps=290
node=5090/7814 op=mul seconds=488.244 eta_seconds=261.292 bootstraps=292
node=5100/7814 op=gather seconds=490.105 eta_seconds=260.813 bootstraps=294
node=5110/7814 op=mul seconds=490.227 eta_seconds=259.408 bootstraps=294
node=5120/7814 op=mul seconds=492.168 eta_seconds=258.965 bootstraps=296
node=5130/7814 op=cheb seconds=492.927 eta_seconds=257.898 bootstraps=296
node=5140/7814 op=addp seconds=493.291 eta_seconds=256.626 bootstraps=296
node=5150/7814 op=mul seconds=493.662 eta_seconds=255.362 bootstraps=296
node=5160/7814 op=mul seconds=494.269 eta_seconds=254.223 bootstraps=296
node=5170/7814 op=mul seconds=494.556 eta_seconds=252.922 bootstraps=296
node=5180/7814 op=scatter seconds=496.45 eta_seconds=252.442 bootstraps=298
node=5190/7814 op=add seconds=497.06 eta_seconds=251.308 bootstraps=298
node=5200/7814 op=repeat seconds=497.52 eta_seconds=250.1 bootstraps=298
node=5210/7814 op=linear_ref seconds=498.291 eta_seconds=249.05 bootstraps=298
node=5220/7814 op=mulp seconds=499.365 eta_seconds=248.152 bootstraps=300
node=5230/7814 op=sum seconds=501.808 eta_seconds=247.93 bootstraps=302
node=5240/7814 op=gather seconds=503.662 eta_seconds=247.41 bootstraps=304
node=5250/7814 op=mulp seconds=503.789 eta_seconds=246.041 bootstraps=304
node=5260/7814 op=cheb seconds=505.931 eta_seconds=245.656 bootstraps=306
node=5270/7814 op=repeat seconds=506.738 eta_seconds=244.619 bootstraps=306
node=5280/7814 op=addp seconds=506.926 eta_seconds=243.286 bootstraps=306
node=5290/7814 op=addp seconds=508.162 eta_seconds=242.457 bootstraps=306
node=5300/7814 op=add seconds=509.51 eta_seconds=241.681 bootstraps=308
node=5310/7814 op=mul seconds=510.081 eta_seconds=240.535 bootstraps=308
node=5320/7814 op=mul seconds=510.354 eta_seconds=239.253 bootstraps=308
node=5330/7814 op=sum seconds=510.762 eta_seconds=238.036 bootstraps=308
node=5340/7814 op=add seconds=510.98 eta_seconds=236.735 bootstraps=308
node=5350/7814 op=mul seconds=512.813 eta_seconds=236.181 bootstraps=310
node=5360/7814 op=gather seconds=513.575 eta_seconds=235.133 bootstraps=310
node=5370/7814 op=addp seconds=515.258 eta_seconds=234.505 bootstraps=312
node=5380/7814 op=gather seconds=517.12 eta_seconds=233.953 bootstraps=314
node=5390/7814 op=mulp seconds=517.42 eta_seconds=232.695 bootstraps=314
node=5400/7814 op=cheb seconds=519.619 eta_seconds=232.289 bootstraps=316
node=5410/7814 op=cheb seconds=520.099 eta_seconds=231.112 bootstraps=316
node=5420/7814 op=repeat seconds=520.325 eta_seconds=229.826 bootstraps=316
node=5430/7814 op=add seconds=520.61 eta_seconds=228.57 bootstraps=316
node=5440/7814 op=mul seconds=521.093 eta_seconds=227.404 bootstraps=316
node=5450/7814 op=add seconds=523.035 eta_seconds=226.872 bootstraps=318
node=5460/7814 op=add seconds=523.323 eta_seconds=225.623 bootstraps=318
node=5470/7814 op=repeat seconds=523.989 eta_seconds=224.54 bootstraps=318
node=5480/7814 op=sum seconds=524.342 eta_seconds=223.324 bootstraps=318
node=5490/7814 op=sum seconds=524.921 eta_seconds=222.207 bootstraps=318
node=5500/7814 op=cheb seconds=527.756 eta_seconds=222.041 bootstraps=322
node=5510/7814 op=repeat seconds=529.284 eta_seconds=221.319 bootstraps=324
node=5520/7814 op=gather seconds=530.177 eta_seconds=220.331 bootstraps=324
node=5530/7814 op=addp seconds=530.435 eta_seconds=219.08 bootstraps=324
node=5540/7814 op=repeat seconds=532.877 eta_seconds=218.73 bootstraps=326
node=5550/7814 op=cheb seconds=533.367 eta_seconds=217.575 bootstraps=326
node=5560/7814 op=mul seconds=533.711 eta_seconds=216.364 bootstraps=326
node=5570/7814 op=gather seconds=534.22 eta_seconds=215.223 bootstraps=326
node=5580/7814 op=mul seconds=534.446 eta_seconds=213.97 bootstraps=326
node=5590/7814 op=scatter seconds=536.62 eta_seconds=213.496 bootstraps=328
node=5600/7814 op=sum seconds=536.94 eta_seconds=212.283 bootstraps=328
node=5610/7814 op=add seconds=537.46 eta_seconds=211.152 bootstraps=328
node=5620/7814 op=repeat seconds=538.024 eta_seconds=210.04 bootstraps=328
node=5630/7814 op=addp seconds=539.344 eta_seconds=209.223 bootstraps=330
node=5640/7814 op=linear_ref seconds=541.91 eta_seconds=208.885 bootstraps=332
node=5650/7814 op=mulp seconds=542.991 eta_seconds=207.97 bootstraps=334
node=5660/7814 op=addp seconds=543.85 eta_seconds=206.97 bootstraps=334
node=5670/7814 op=cheb seconds=545.419 eta_seconds=206.24 bootstraps=336
node=5680/7814 op=cheb seconds=547.606 eta_seconds=205.738 bootstraps=336
node=5690/7814 op=repeat seconds=548.153 eta_seconds=204.618 bootstraps=336
node=5700/7814 op=gather seconds=549.194 eta_seconds=203.683 bootstraps=336
node=5710/7814 op=mulp seconds=550.804 eta_seconds=202.958 bootstraps=338
node=5720/7814 op=mul seconds=551.376 eta_seconds=201.85 bootstraps=338
node=5730/7814 op=scatter seconds=551.645 eta_seconds=200.633 bootstraps=338
node=5740/7814 op=repeat seconds=552.033 eta_seconds=199.463 bootstraps=338
node=5750/7814 op=sum seconds=552.447 eta_seconds=198.305 bootstraps=338
node=5760/7814 op=add seconds=552.95 eta_seconds=197.18 bootstraps=338
node=5770/7814 op=repeat seconds=554.414 eta_seconds=196.399 bootstraps=340
node=5780/7814 op=mul seconds=556.69 eta_seconds=195.901 bootstraps=342
node=5790/7814 op=gather seconds=558.556 eta_seconds=195.254 bootstraps=344
node=5800/7814 op=mul seconds=558.677 eta_seconds=193.996 bootstraps=344
node=5810/7814 op=mul seconds=560.642 eta_seconds=193.378 bootstraps=346
node=5820/7814 op=cheb seconds=561.46 eta_seconds=192.363 bootstraps=346
node=5830/7814 op=addp seconds=561.81 eta_seconds=191.189 bootstraps=346
node=5840/7814 op=scatter seconds=563.065 eta_seconds=190.324 bootstraps=346
node=5850/7814 op=mul seconds=564.388 eta_seconds=189.48 bootstraps=348
node=5860/7814 op=mulp seconds=564.915 eta_seconds=188.369 bootstraps=348
node=5870/7814 op=mul seconds=565.184 eta_seconds=187.175 bootstraps=348
node=5880/7814 op=add seconds=565.515 eta_seconds=186.004 bootstraps=348
node=5890/7814 op=repeat seconds=565.812 eta_seconds=184.825 bootstraps=348
node=5900/7814 op=linear_ref seconds=567.647 eta_seconds=184.148 bootstraps=350
node=5910/7814 op=mulp seconds=567.846 eta_seconds=182.941 bootstraps=350
node=5920/7814 op=sum seconds=570.066 eta_seconds=182.382 bootstraps=352
node=5930/7814 op=gather seconds=571.917 eta_seconds=181.702 bootstraps=354
node=5940/7814 op=mulp seconds=572.045 eta_seconds=180.474 bootstraps=354
node=5950/7814 op=cheb seconds=574.192 eta_seconds=179.881 bootstraps=356
node=5960/7814 op=repeat seconds=574.944 eta_seconds=178.85 bootstraps=356
node=5970/7814 op=addp seconds=575.132 eta_seconds=177.646 bootstraps=356
node=5980/7814 op=gather seconds=575.629 eta_seconds=176.539 bootstraps=356
node=5990/7814 op=add seconds=576.1 eta_seconds=175.427 bootstraps=356
node=6000/7814 op=add seconds=577.957 eta_seconds=174.736 bootstraps=358
node=6010/7814 op=mul seconds=578.376 eta_seconds=173.609 bootstraps=358
node=6020/7814 op=sum seconds=578.786 eta_seconds=172.482 bootstraps=358
node=6030/7814 op=add seconds=579.009 eta_seconds=171.302 bootstraps=358
node=6040/7814 op=mul seconds=580.845 eta_seconds=170.599 bootstraps=360
node=6050/7814 op=gather seconds=581.59 eta_seconds=169.574 bootstraps=360
node=6060/7814 op=addp seconds=583.354 eta_seconds=168.845 bootstraps=362
client_token=1614 logit_margin=0.201377
node=6070/7814 op=addp seconds=584.921 eta_seconds=168.056 bootstraps=364
node=6080/7814 op=gather seconds=586.88 eta_seconds=167.377 bootstraps=364
node=6090/7814 op=cheb seconds=588.749 eta_seconds=166.667 bootstraps=364
node=6100/7814 op=mulp seconds=589.418 eta_seconds=165.617 bootstraps=364
node=6110/7814 op=cheb seconds=589.962 eta_seconds=164.533 bootstraps=364
node=6120/7814 op=mul seconds=590.411 eta_seconds=163.424 bootstraps=364
node=6130/7814 op=gather seconds=590.766 eta_seconds=162.292 bootstraps=364
node=6140/7814 op=add seconds=591.256 eta_seconds=161.199 bootstraps=364
node=6150/7814 op=mul seconds=591.738 eta_seconds=160.106 bootstraps=364
node=6160/7814 op=scatter seconds=593.189 eta_seconds=159.275 bootstraps=366
node=6170/7814 op=mul seconds=593.596 eta_seconds=158.164 bootstraps=366
node=6180/7814 op=mul seconds=593.812 eta_seconds=157.005 bootstraps=366
node=6190/7814 op=mul seconds=594.111 eta_seconds=155.87 bootstraps=366
node=6200/7814 op=cheb seconds=595.951 eta_seconds=155.14 bootstraps=368
node=6210/7814 op=add seconds=598.092 eta_seconds=154.483 bootstraps=370
node=6220/7814 op=linear_ref seconds=599.817 eta_seconds=153.715 bootstraps=372
node=6230/7814 op=mul seconds=599.88 eta_seconds=152.522 bootstraps=372
node=6240/7814 op=cheb seconds=601.885 eta_seconds=151.822 bootstraps=374
node=6250/7814 op=cheb seconds=602.517 eta_seconds=150.774 bootstraps=374
node=6260/7814 op=repeat seconds=603.006 eta_seconds=149.692 bootstraps=374
node=6270/7814 op=mul seconds=603.359 eta_seconds=148.578 bootstraps=374
node=6280/7814 op=add seconds=603.941 eta_seconds=147.523 bootstraps=374
node=6290/7814 op=cheb seconds=604.355 eta_seconds=146.429 bootstraps=374
node=6300/7814 op=add seconds=606.246 eta_seconds=145.691 bootstraps=376
node=6310/7814 op=repeat seconds=606.703 eta_seconds=144.609 bootstraps=376
node=6320/7814 op=sum seconds=607.104 eta_seconds=143.515 bootstraps=376
node=6330/7814 op=add seconds=607.583 eta_seconds=142.441 bootstraps=376
node=6340/7814 op=mul seconds=609.083 eta_seconds=141.607 bootstraps=378
node=6350/7814 op=gather seconds=609.955 eta_seconds=140.626 bootstraps=378
node=6360/7814 op=addp seconds=611.616 eta_seconds=139.825 bootstraps=380
node=6370/7814 op=gather seconds=613.475 eta_seconds=139.067 bootstraps=382
node=6380/7814 op=mul seconds=613.586 eta_seconds=137.913 bootstraps=382
node=6390/7814 op=repeat seconds=616.424 eta_seconds=137.369 bootstraps=384
node=6400/7814 op=cheb seconds=616.874 eta_seconds=136.291 bootstraps=384
node=6410/7814 op=mul seconds=617.296 eta_seconds=135.208 bootstraps=384
node=6420/7814 op=gather seconds=617.903 eta_seconds=134.168 bootstraps=384
node=6430/7814 op=mulp seconds=618.177 eta_seconds=133.057 bootstraps=384
node=6440/7814 op=add seconds=620.036 eta_seconds=132.287 bootstraps=386
node=6450/7814 op=mul seconds=620.321 eta_seconds=131.181 bootstraps=386
node=6460/7814 op=mul seconds=620.892 eta_seconds=130.137 bootstraps=386
node=6470/7814 op=mul seconds=621.336 eta_seconds=129.069 bootstraps=386
node=6480/7814 op=mul seconds=621.96 eta_seconds=128.039 bootstraps=386
node=6490/7814 op=cheb seconds=623.323 eta_seconds=127.162 bootstraps=388
node=6500/7814 op=add seconds=625.591 eta_seconds=126.466 bootstraps=390
node=6510/7814 op=linear_ref seconds=627.244 eta_seconds=125.641 bootstraps=392
node=6520/7814 op=mul seconds=627.299 eta_seconds=124.498 bootstraps=392
node=6530/7814 op=cheb seconds=629.314 eta_seconds=123.743 bootstraps=394
node=6540/7814 op=cheb seconds=629.93 eta_seconds=122.711 bootstraps=394
node=6550/7814 op=repeat seconds=630.302 eta_seconds=121.634 bootstraps=394
node=6560/7814 op=mul seconds=630.675 eta_seconds=120.559 bootstraps=394
node=6570/7814 op=add seconds=631.298 eta_seconds=119.533 bootstraps=394
node=6580/7814 op=mul seconds=631.597 eta_seconds=118.448 bootstraps=394
node=6590/7814 op=scatter seconds=633.406 eta_seconds=117.646 bootstraps=396
node=6600/7814 op=repeat seconds=633.987 eta_seconds=116.615 bootstraps=396
node=6610/7814 op=sum seconds=634.226 eta_seconds=115.523 bootstraps=396
node=6620/7814 op=add seconds=634.44 eta_seconds=114.429 bootstraps=396
node=6630/7814 op=mul seconds=636.222 eta_seconds=113.618 bootstraps=398
node=6640/7814 op=gather seconds=637.869 eta_seconds=112.78 bootstraps=400
node=6650/7814 op=addp seconds=639.493 eta_seconds=111.935 bootstraps=402
node=6660/7814 op=gather seconds=641.13 eta_seconds=111.091 bootstraps=404
node=6670/7814 op=sum seconds=641.197 eta_seconds=109.974 bootstraps=404
node=6680/7814 op=repeat seconds=644.13 eta_seconds=109.348 bootstraps=406
node=6690/7814 op=cheb seconds=644.622 eta_seconds=108.304 bootstraps=406
node=6700/7814 op=mul seconds=645.018 eta_seconds=107.246 bootstraps=406
node=6710/7814 op=mulp seconds=645.863 eta_seconds=106.264 bootstraps=406
node=6720/7814 op=add seconds=647.454 eta_seconds=105.404 bootstraps=408
node=6730/7814 op=add seconds=647.978 eta_seconds=104.37 bootstraps=408
node=6740/7814 op=mul seconds=648.254 eta_seconds=103.297 bootstraps=408
node=6750/7814 op=mul seconds=648.782 eta_seconds=102.267 bootstraps=408
node=6760/7814 op=mul seconds=649.248 eta_seconds=101.229 bootstraps=408
node=6770/7814 op=mul seconds=649.831 eta_seconds=100.21 bootstraps=408
node=6780/7814 op=cheb seconds=651.188 eta_seconds=99.311 bootstraps=410
node=6790/7814 op=add seconds=653.49 eta_seconds=98.5528 bootstraps=412
node=6800/7814 op=linear_ref seconds=655.357 eta_seconds=97.7253 bootstraps=414
node=6810/7814 op=cheb seconds=655.482 eta_seconds=96.6379 bootstraps=414
node=6820/7814 op=cheb seconds=657.432 eta_seconds=95.8192 bootstraps=416
node=6830/7814 op=cheb seconds=658.105 eta_seconds=94.8133 bootstraps=416
node=6840/7814 op=repeat seconds=658.526 eta_seconds=93.7726 bootstraps=416
node=6850/7814 op=mul seconds=658.902 eta_seconds=92.7272 bootstraps=416
node=6860/7814 op=add seconds=659.507 eta_seconds=91.7156 bootstraps=416
node=6870/7814 op=mul seconds=659.793 eta_seconds=90.6615 bootstraps=416
node=6880/7814 op=scatter seconds=661.626 eta_seconds=89.8196 bootstraps=418
node=6890/7814 op=repeat seconds=662.326 eta_seconds=88.8229 bootstraps=418
node=6900/7814 op=sum seconds=662.69 eta_seconds=87.7824 bootstraps=418
node=6910/7814 op=add seconds=663.027 eta_seconds=86.7405 bootstraps=418
node=6920/7814 op=mul seconds=663.794 eta_seconds=85.756 bootstraps=418
node=6930/7814 op=gather seconds=665.643 eta_seconds=84.9103 bootstraps=420
node=6940/7814 op=addp seconds=667.3 eta_seconds=84.0375 bootstraps=422
node=6950/7814 op=gather seconds=669.157 eta_seconds=83.1873 bootstraps=424
node=6960/7814 op=mul seconds=669.269 eta_seconds=82.1201 bootstraps=424
node=6970/7814 op=repeat seconds=671.59 eta_seconds=81.3231 bootstraps=426
node=6980/7814 op=mulp seconds=672.162 eta_seconds=80.3128 bootstraps=426
node=6990/7814 op=gather seconds=672.67 eta_seconds=79.2962 bootstraps=426
node=7000/7814 op=mul seconds=673.582 eta_seconds=78.3279 bootstraps=426
node=7010/7814 op=scatter seconds=675.266 eta_seconds=77.4484 bootstraps=428
node=7020/7814 op=add seconds=675.427 eta_seconds=76.3945 bootstraps=428
node=7030/7814 op=mul seconds=675.707 eta_seconds=75.3563 bootstraps=428
node=7040/7814 op=mul seconds=676.119 eta_seconds=74.3346 bootstraps=428
node=7050/7814 op=mul seconds=676.334 eta_seconds=73.2935 bootstraps=428
node=7060/7814 op=mul seconds=676.629 eta_seconds=72.2632 bootstraps=428
node=7070/7814 op=cheb seconds=678.392 eta_seconds=71.3895 bootstraps=430
node=7080/7814 op=add seconds=680.659 eta_seconds=70.5655 bootstraps=432
node=7090/7814 op=linear_ref seconds=682.519 eta_seconds=69.6959 bootstraps=434
node=7100/7814 op=cheb seconds=682.651 eta_seconds=68.6497 bootstraps=434
node=7110/7814 op=addp seconds=682.893 eta_seconds=67.617 bootstraps=434
node=7120/7814 op=mul seconds=685.308 eta_seconds=66.7982 bootstraps=436
node=7130/7814 op=repeat seconds=685.715 eta_seconds=65.7825 bootstraps=436
node=7140/7814 op=mul seconds=686.034 eta_seconds=64.7601 bootstraps=436
node=7150/7814 op=mul seconds=686.515 eta_seconds=63.7547 bootstraps=436
node=7160/7814 op=mul seconds=686.742 eta_seconds=62.7275 bootstraps=436
node=7170/7814 op=add seconds=688.628 eta_seconds=61.8517 bootstraps=438
node=7180/7814 op=repeat seconds=689.092 eta_seconds=60.8474 bootstraps=438
node=7190/7814 op=sum seconds=689.447 eta_seconds=59.8352 bootstraps=438
node=7200/7814 op=add seconds=689.785 eta_seconds=58.8234 bootstraps=438
node=7210/7814 op=mul seconds=690.462 eta_seconds=57.8418 bootstraps=438
node=7220/7814 op=gather seconds=692.314 eta_seconds=56.9577 bootstraps=440
node=7230/7814 op=addp seconds=693.845 eta_seconds=56.045 bootstraps=442
node=7240/7814 op=gather seconds=695.702 eta_seconds=55.1565 bootstraps=444
node=7250/7814 op=sum seconds=695.976 eta_seconds=54.1421 bootstraps=444
node=7260/7814 op=cheb seconds=698.109 eta_seconds=53.2717 bootstraps=446
node=7270/7814 op=mul seconds=698.775 eta_seconds=52.288 bootstraps=446
node=7280/7814 op=gather seconds=699.077 eta_seconds=51.2785 bootstraps=446
node=7290/7814 op=scatter seconds=699.424 eta_seconds=50.2741 bootstraps=446
node=7300/7814 op=gather seconds=699.826 eta_seconds=49.2754 bootstraps=446
node=7310/7814 op=add seconds=701.842 eta_seconds=48.3897 bootstraps=448
node=7320/7814 op=mul seconds=702.13 eta_seconds=47.3842 bootstraps=448
node=7330/7814 op=mul seconds=702.657 eta_seconds=46.3965 bootstraps=448
node=7340/7814 op=mul seconds=703.175 eta_seconds=45.4094 bootstraps=448
node=7350/7814 op=mul seconds=703.734 eta_seconds=44.4262 bootstraps=448
node=7360/7814 op=cheb seconds=705.135 eta_seconds=43.4961 bootstraps=450
node=7370/7814 op=add seconds=707.571 eta_seconds=42.6271 bootstraps=452
node=7380/7814 op=linear_ref seconds=709.432 eta_seconds=41.72 bootstraps=454
node=7390/7814 op=mul seconds=709.526 eta_seconds=40.7089 bootstraps=454
node=7400/7814 op=cheb seconds=712.619 eta_seconds=39.8681 bootstraps=456
node=7410/7814 op=cheb seconds=713.321 eta_seconds=38.8909 bootstraps=456
node=7420/7814 op=addp seconds=713.81 eta_seconds=37.9031 bootstraps=456
node=7430/7814 op=scatter seconds=714.947 eta_seconds=36.9502 bootstraps=456
node=7440/7814 op=add seconds=716.461 eta_seconds=36.0157 bootstraps=458
node=7450/7814 op=mul seconds=716.994 eta_seconds=35.0316 bootstraps=458
node=7460/7814 op=add seconds=717.258 eta_seconds=34.0361 bootstraps=458
node=7470/7814 op=repeat seconds=717.697 eta_seconds=33.0506 bootstraps=458
node=7480/7814 op=sum seconds=718.088 eta_seconds=32.0643 bootstraps=458
node=7490/7814 op=add seconds=718.558 eta_seconds=31.0831 bootstraps=458
node=7500/7814 op=mul seconds=720.053 eta_seconds=30.1462 bootstraps=460
node=7510/7814 op=gather seconds=720.901 eta_seconds=29.1816 bootstraps=460
node=7520/7814 op=addp seconds=722.569 eta_seconds=28.2494 bootstraps=462
node=7530/7814 op=gather seconds=724.437 eta_seconds=27.3227 bootstraps=464
node=7540/7814 op=mul seconds=724.548 eta_seconds=26.3297 bootstraps=464
node=7550/7814 op=repeat seconds=726.864 eta_seconds=25.4162 bootstraps=466
node=7560/7814 op=mulp seconds=727.438 eta_seconds=24.4404 bootstraps=466
node=7570/7814 op=gather seconds=727.948 eta_seconds=23.4636 bootstraps=466
node=7580/7814 op=mul seconds=728.859 eta_seconds=22.5004 bootstraps=466
node=7590/7814 op=scatter seconds=730.548 eta_seconds=21.5603 bootstraps=468
node=7600/7814 op=add seconds=730.708 eta_seconds=20.5752 bootstraps=468
node=7610/7814 op=mul seconds=730.985 eta_seconds=19.5954 bootstraps=468
node=7620/7814 op=mul seconds=731.392 eta_seconds=18.6207 bootstraps=468
node=7630/7814 op=mul seconds=731.609 eta_seconds=17.643 bootstraps=468
node=7640/7814 op=mul seconds=731.902 eta_seconds=16.669 bootstraps=468
node=7650/7814 op=cheb seconds=733.701 eta_seconds=15.729 bootstraps=470
node=7660/7814 op=add seconds=735.927 eta_seconds=14.7954 bootstraps=472
node=7670/7814 op=linear_ref seconds=737.782 eta_seconds=13.8514 bootstraps=474
node=7680/7814 op=cheb seconds=737.906 eta_seconds=12.8749 bootstraps=474
node=7690/7814 op=cheb seconds=739.846 eta_seconds=11.9299 bootstraps=476
node=7700/7814 op=cheb seconds=740.53 eta_seconds=10.9637 bootstraps=476
node=7710/7814 op=repeat seconds=740.931 eta_seconds=9.9944 bootstraps=476
node=7720/7814 op=mul seconds=741.307 eta_seconds=9.02627 bootstraps=476
node=7730/7814 op=add seconds=741.934 eta_seconds=8.06242 bootstraps=476
node=7740/7814 op=cheb seconds=742.363 eta_seconds=7.09753 bootstraps=476
node=7750/7814 op=add seconds=744.203 eta_seconds=6.14568 bootstraps=478
node=7760/7814 op=repeat seconds=744.54 eta_seconds=5.18108 bootstraps=478
node=7770/7814 op=sum seconds=744.781 eta_seconds=4.21755 bootstraps=478
node=7780/7814 op=add seconds=744.997 eta_seconds=3.25577 bootstraps=478
node=7790/7814 op=mul seconds=746.783 eta_seconds=2.30074 bootstraps=480
node=7800/7814 op=gather seconds=747.537 eta_seconds=1.34173 bootstraps=480
node=7810/7814 op=addp seconds=749.291 eta_seconds=0.38376 bootstraps=482
node=7814/7814 op=mulp seconds=750.334 eta_seconds=0 bootstraps=484
client_token=315 logit_margin=0.674905
passed=1 polynomial_error=4.14178e-07 exact_error=4.72544e-05 eval_seconds=750.413
