GPU 0: NVIDIA GB10
 SMs: 48, SharedMem: 100 KB, Blocks/SM: 24, Threads/SM: 1536, L2 size: 24 MB, Bus: 256-bit
Adding bootstrap precomputation to GPU for 32768 slots.
Plaintexts loaded: 248 ~ 6262MB
Rotation keys loaded: 85 ~ 15300MB
setup_seconds=26.6031
planned_logical_refreshes=4
node=1/127 op=public seconds=0.179643 eta_seconds=22.6351 bootstraps=0
node=11/127 op=mulp seconds=0.911732 eta_seconds=9.61463 bootstraps=0
node=21/127 op=addp seconds=2.78551 eta_seconds=14.0602 bootstraps=0
node=31/127 op=mulp seconds=3.79296 eta_seconds=11.746 bootstraps=0
node=41/127 op=mul seconds=4.38178 eta_seconds=9.19105 bootstraps=0
node=51/127 op=repeat seconds=4.93623 eta_seconds=7.35594 bootstraps=0
node=61/127 op=mul seconds=5.4805 eta_seconds=5.92972 bootstraps=0
node=71/127 op=gather seconds=6.46576 eta_seconds=5.09975 bootstraps=0
node=81/127 op=scatter seconds=6.98659 eta_seconds=3.9677 bootstraps=0
node=91/127 op=mul seconds=7.41943 eta_seconds=2.93516 bootstraps=0
node=101/127 op=linear seconds=9.93413 eta_seconds=2.5573 bootstraps=2
node=111/127 op=mulp seconds=11.4101 eta_seconds=1.6447 bootstraps=4
node=121/127 op=sum seconds=13.9143 eta_seconds=0.689967 bootstraps=6
node=127/127 op=mulp seconds=15.4502 eta_seconds=0 bootstraps=8
passed=1 polynomial_error=8.58192e-06 exact_error=8.90109e-06 eval_seconds=15.4506
