GPU 0: NVIDIA GB10
 SMs: 48, SharedMem: 100 KB, Blocks/SM: 24, Threads/SM: 1536, L2 size: 24 MB, Bus: 256-bit
Adding bootstrap precomputation to GPU for 32768 slots.
Plaintexts loaded: 248 ~ 6262MB
Rotation keys loaded: 85 ~ 15300MB
setup_seconds=26.6501
planned_logical_refreshes=4
node=1/127 op=public seconds=0.18639 eta_seconds=23.4851 bootstraps=0
node=11/127 op=mulp seconds=0.924257 eta_seconds=9.74671 bootstraps=0
node=21/127 op=addp seconds=3.07556 eta_seconds=15.5242 bootstraps=0
node=31/127 op=mulp seconds=4.16508 eta_seconds=12.8983 bootstraps=0
node=41/127 op=mul seconds=4.76148 eta_seconds=9.9875 bootstraps=0
node=51/127 op=repeat seconds=5.32996 eta_seconds=7.94268 bootstraps=0
node=61/127 op=mul seconds=5.9239 eta_seconds=6.40947 bootstraps=0
node=71/127 op=gather seconds=6.99839 eta_seconds=5.51986 bootstraps=0
node=81/127 op=scatter seconds=7.57007 eta_seconds=4.29905 bootstraps=0
node=91/127 op=mul seconds=8.038 eta_seconds=3.17987 bootstraps=0
node=101/127 op=linear seconds=10.7727 eta_seconds=2.77316 bootstraps=2
node=111/127 op=mulp seconds=12.2564 eta_seconds=1.76668 bootstraps=4
node=121/127 op=sum seconds=14.9169 eta_seconds=0.739681 bootstraps=6
node=127/127 op=mulp seconds=16.4666 eta_seconds=0 bootstraps=8
passed=1 polynomial_error=3.08375e-05 exact_error=3.08464e-05 eval_seconds=16.467
