GPU 0: NVIDIA GB10
 SMs: 48, SharedMem: 100 KB, Blocks/SM: 24, Threads/SM: 1536, L2 size: 24 MB, Bus: 256-bit
Adding bootstrap precomputation to GPU for 32768 slots.
Plaintexts loaded: 248 ~ 4960MB
Rotation keys loaded: 85 ~ 15300MB
setup_seconds=26.4807
planned_logical_refreshes=1212
node=10/7814 op=public seconds=1.4188 eta_seconds=1107.23 bootstraps=0
node=20/7814 op=repeat seconds=2.34236 eta_seconds=912.817 bootstraps=0
node=30/7814 op=gather seconds=3.3837 eta_seconds=877.957 bootstraps=0
node=40/7814 op=cheb seconds=4.31891 eta_seconds=839.381 bootstraps=0
node=50/7814 op=mul seconds=4.80336 eta_seconds=745.865 bootstraps=0
node=60/7814 op=repeat seconds=5.15609 eta_seconds=666.339 bootstraps=0
node=70/7814 op=add seconds=5.39426 eta_seconds=596.759 bootstraps=0
node=80/7814 op=mulp seconds=5.91507 eta_seconds=571.84 bootstraps=0
node=90/7814 op=mul seconds=6.21878 eta_seconds=533.709 bootstraps=0
node=100/7814 op=repeat seconds=6.95382 eta_seconds=536.418 bootstraps=0
node=110/7814 op=gather seconds=7.99228 eta_seconds=559.75 bootstraps=0
node=120/7814 op=repeat seconds=10.0228 eta_seconds=642.631 bootstraps=0
node=130/7814 op=cheb seconds=10.6132 eta_seconds=627.323 bootstraps=0
node=140/7814 op=mul seconds=10.9512 eta_seconds=600.283 bootstraps=0
node=150/7814 op=mulp seconds=11.2382 eta_seconds=574.199 bootstraps=0
node=160/7814 op=gather seconds=11.6518 eta_seconds=557.394 bootstraps=0
node=170/7814 op=scatter seconds=11.8921 eta_seconds=534.723 bootstraps=0
node=180/7814 op=add seconds=12.0852 eta_seconds=512.545 bootstraps=0
node=190/7814 op=repeat seconds=13.5636 eta_seconds=544.256 bootstraps=2
node=200/7814 op=mul seconds=13.8272 eta_seconds=526.401 bootstraps=2
node=210/7814 op=mul seconds=14.0463 eta_seconds=508.61 bootstraps=2
node=220/7814 op=mul seconds=15.6082 eta_seconds=538.768 bootstraps=4
node=230/7814 op=mulp seconds=16.4909 eta_seconds=543.77 bootstraps=4
node=240/7814 op=mul seconds=18.0318 eta_seconds=569.055 bootstraps=6
node=250/7814 op=linear_ref seconds=18.9483 eta_seconds=573.301 bootstraps=6
node=260/7814 op=mulp seconds=20.0567 eta_seconds=582.724 bootstraps=8
node=270/7814 op=mul seconds=20.4818 eta_seconds=572.278 bootstraps=8
node=280/7814 op=repeat seconds=20.7639 eta_seconds=558.697 bootstraps=8
node=290/7814 op=gather seconds=21.1856 eta_seconds=549.656 bootstraps=8
node=300/7814 op=addp seconds=21.2322 eta_seconds=531.796 bootstraps=8
node=310/7814 op=cheb seconds=23.3184 eta_seconds=564.457 bootstraps=10
node=320/7814 op=repeat seconds=23.783 eta_seconds=556.967 bootstraps=10
node=330/7814 op=mul seconds=24.0113 eta_seconds=544.548 bootstraps=10
node=340/7814 op=add seconds=24.3708 eta_seconds=535.727 bootstraps=10
node=350/7814 op=mulp seconds=25.3168 eta_seconds=539.898 bootstraps=10
node=360/7814 op=add seconds=27.1163 eta_seconds=561.458 bootstraps=12
node=370/7814 op=linear seconds=27.7657 eta_seconds=558.617 bootstraps=12
node=380/7814 op=cheb seconds=28.0427 eta_seconds=548.605 bootstraps=12
node=390/7814 op=mul seconds=28.5709 eta_seconds=543.872 bootstraps=12
node=400/7814 op=gather seconds=28.8809 eta_seconds=535.308 bootstraps=12
node=410/7814 op=scatter seconds=29.1345 eta_seconds=526.126 bootstraps=12
node=420/7814 op=gather seconds=29.4397 eta_seconds=518.278 bootstraps=12
node=430/7814 op=gather seconds=31.4244 eta_seconds=539.623 bootstraps=14
node=440/7814 op=add seconds=32.0262 eta_seconds=536.73 bootstraps=14
node=450/7814 op=mul seconds=32.3246 eta_seconds=528.975 bootstraps=14
node=460/7814 op=scatter seconds=32.8484 eta_seconds=525.146 bootstraps=14
node=470/7814 op=addp seconds=34.3489 eta_seconds=536.72 bootstraps=16
node=480/7814 op=cheb seconds=36.05 eta_seconds=550.814 bootstraps=18
node=490/7814 op=gather seconds=36.6437 eta_seconds=547.711 bootstraps=18
node=500/7814 op=mulp seconds=36.7387 eta_seconds=537.414 bootstraps=18
node=510/7814 op=mulp seconds=37.3216 eta_seconds=534.503 bootstraps=18
node=520/7814 op=cheb seconds=39.2393 eta_seconds=550.407 bootstraps=20
node=530/7814 op=addp seconds=39.5752 eta_seconds=543.898 bootstraps=20
node=540/7814 op=mul seconds=39.8158 eta_seconds=536.334 bootstraps=20
node=550/7814 op=mul seconds=40.1883 eta_seconds=530.777 bootstraps=20
node=560/7814 op=mulp seconds=40.6663 eta_seconds=526.773 bootstraps=20
node=570/7814 op=addp seconds=41.2285 eta_seconds=523.964 bootstraps=20
node=580/7814 op=mulp seconds=41.3138 eta_seconds=515.283 bootstraps=20
node=590/7814 op=add seconds=43.3086 eta_seconds=530.273 bootstraps=22
node=600/7814 op=mul seconds=43.8861 eta_seconds=527.657 bootstraps=22
node=610/7814 op=repeat seconds=45.2387 eta_seconds=534.262 bootstraps=22
node=620/7814 op=cheb seconds=45.664 eta_seconds=529.849 bootstraps=22
node=630/7814 op=mul seconds=45.9541 eta_seconds=524.022 bootstraps=22
node=640/7814 op=gather seconds=46.3264 eta_seconds=519.29 bootstraps=22
node=650/7814 op=mulp seconds=46.5012 eta_seconds=512.515 bootstraps=22
node=660/7814 op=gather seconds=48.5563 eta_seconds=526.321 bootstraps=24
node=670/7814 op=add seconds=49.1681 eta_seconds=524.264 bootstraps=24
node=680/7814 op=mul seconds=49.5343 eta_seconds=519.673 bootstraps=24
node=690/7814 op=add seconds=50.0627 eta_seconds=516.88 bootstraps=24
node=700/7814 op=sum seconds=51.5086 eta_seconds=523.474 bootstraps=26
node=710/7814 op=gather seconds=52.1751 eta_seconds=522.045 bootstraps=26
node=720/7814 op=gather seconds=53.6277 eta_seconds=528.382 bootstraps=28
node=730/7814 op=sum seconds=53.6881 eta_seconds=520.995 bootstraps=28
node=740/7814 op=sum seconds=54.2256 eta_seconds=518.367 bootstraps=28
node=750/7814 op=add seconds=55.997 eta_seconds=527.417 bootstraps=30
node=760/7814 op=mulp seconds=56.3934 eta_seconds=523.42 bootstraps=30
node=770/7814 op=add seconds=56.659 eta_seconds=518.319 bootstraps=30
node=780/7814 op=mulp seconds=57.0515 eta_seconds=514.488 bootstraps=30
node=790/7814 op=repeat seconds=57.536 eta_seconds=511.561 bootstraps=30
node=800/7814 op=gather seconds=57.9632 eta_seconds=508.192 bootstraps=30
node=810/7814 op=addp seconds=58.0129 eta_seconds=501.632 bootstraps=30
node=820/7814 op=scatter seconds=60.0351 eta_seconds=512.056 bootstraps=32
node=830/7814 op=cheb seconds=60.8582 eta_seconds=512.088 bootstraps=32
node=840/7814 op=cheb seconds=61.3805 eta_seconds=509.605 bootstraps=32
node=850/7814 op=repeat seconds=61.7367 eta_seconds=505.805 bootstraps=32
node=860/7814 op=mul seconds=61.9834 eta_seconds=501.201 bootstraps=32
node=870/7814 op=add seconds=62.3748 eta_seconds=497.851 bootstraps=32
node=880/7814 op=mul seconds=62.5679 eta_seconds=493.007 bootstraps=32
node=890/7814 op=addp seconds=64.1972 eta_seconds=499.44 bootstraps=34
node=900/7814 op=add seconds=64.7961 eta_seconds=497.778 bootstraps=34
node=910/7814 op=repeat seconds=65.165 eta_seconds=494.394 bootstraps=34
node=920/7814 op=gather seconds=66.5657 eta_seconds=498.809 bootstraps=36
node=930/7814 op=linear seconds=68.4586 eta_seconds=506.741 bootstraps=38
node=940/7814 op=mulp seconds=68.6804 eta_seconds=502.244 bootstraps=38
node=950/7814 op=gather seconds=70.508 eta_seconds=509.439 bootstraps=40
node=960/7814 op=addp seconds=70.5655 eta_seconds=503.808 bootstraps=40
node=970/7814 op=mul seconds=71.0887 eta_seconds=501.578 bootstraps=40
node=980/7814 op=mul seconds=72.9897 eta_seconds=508.991 bootstraps=42
node=990/7814 op=repeat seconds=73.4832 eta_seconds=506.515 bootstraps=42
node=1000/7814 op=mul seconds=73.738 eta_seconds=502.451 bootstraps=42
node=1010/7814 op=cheb seconds=74.3919 eta_seconds=501.151 bootstraps=42
node=1020/7814 op=gather seconds=74.9845 eta_seconds=499.456 bootstraps=42
node=1030/7814 op=sum seconds=75.0469 eta_seconds=494.29 bootstraps=42
node=1040/7814 op=scatter seconds=76.5756 eta_seconds=498.773 bootstraps=44
node=1050/7814 op=scatter seconds=76.8671 eta_seconds=495.17 bootstraps=44
node=1060/7814 op=mul seconds=77.2216 eta_seconds=492.033 bootstraps=44
node=1070/7814 op=cheb seconds=79.7806 eta_seconds=502.841 bootstraps=46
node=1080/7814 op=cheb seconds=80.6945 eta_seconds=503.145 bootstraps=46
node=1090/7814 op=repeat seconds=81.3248 eta_seconds=501.677 bootstraps=46
node=1100/7814 op=addp seconds=81.5422 eta_seconds=497.704 bootstraps=46
node=1110/7814 op=mul seconds=82.1017 eta_seconds=495.865 bootstraps=46
node=1120/7814 op=cheb seconds=83.7053 eta_seconds=500.288 bootstraps=48
node=1130/7814 op=mulp seconds=84.108 eta_seconds=497.503 bootstraps=48
node=1140/7814 op=mulp seconds=84.4491 eta_seconds=494.398 bootstraps=48
node=1150/7814 op=sum seconds=84.8544 eta_seconds=491.713 bootstraps=48
node=1160/7814 op=add seconds=85.2392 eta_seconds=488.95 bootstraps=48
node=1170/7814 op=mulp seconds=86.6091 eta_seconds=491.822 bootstraps=50
node=1180/7814 op=cheb seconds=87.2027 eta_seconds=490.257 bootstraps=50
node=1190/7814 op=mulp seconds=87.2529 eta_seconds=485.683 bootstraps=50
node=1200/7814 op=cheb seconds=89.5084 eta_seconds=493.341 bootstraps=52
node=1210/7814 op=mul seconds=90.0036 eta_seconds=491.226 bootstraps=52
node=1220/7814 op=gather seconds=90.3274 eta_seconds=488.212 bootstraps=52
node=1230/7814 op=scatter seconds=90.5992 eta_seconds=484.963 bootstraps=52
node=1240/7814 op=gather seconds=90.9024 eta_seconds=481.929 bootstraps=52
node=1250/7814 op=sum seconds=91.6892 eta_seconds=481.478 bootstraps=52
node=1260/7814 op=add seconds=93.2398 eta_seconds=484.995 bootstraps=54
node=1270/7814 op=linear seconds=93.8871 eta_seconds=483.777 bootstraps=54
node=1280/7814 op=mulp seconds=94.1015 eta_seconds=480.359 bootstraps=54
node=1290/7814 op=addp seconds=94.6611 eta_seconds=478.736 bootstraps=54
node=1300/7814 op=mulp seconds=94.7461 eta_seconds=474.751 bootstraps=54
node=1310/7814 op=cheb seconds=97.2346 eta_seconds=482.759 bootstraps=56
node=1320/7814 op=cheb seconds=97.9519 eta_seconds=481.894 bootstraps=56
node=1330/7814 op=repeat seconds=98.1857 eta_seconds=478.674 bootstraps=56
node=1340/7814 op=add seconds=98.4076 eta_seconds=475.441 bootstraps=56
node=1350/7814 op=mul seconds=98.7841 eta_seconds=472.993 bootstraps=56
node=1360/7814 op=add seconds=98.9685 eta_seconds=469.664 bootstraps=56
node=1370/7814 op=addp seconds=100.708 eta_seconds=473.696 bootstraps=58
node=1380/7814 op=add seconds=101.308 eta_seconds=472.332 bootstraps=58
node=1390/7814 op=repeat seconds=101.864 eta_seconds=470.771 bootstraps=58
node=1400/7814 op=addp seconds=102.176 eta_seconds=468.114 bootstraps=58
node=1410/7814 op=gather seconds=103.78 eta_seconds=471.351 bootstraps=60
node=1420/7814 op=sum seconds=103.888 eta_seconds=467.787 bootstraps=60
node=1430/7814 op=gather seconds=104.579 eta_seconds=466.877 bootstraps=60
node=1440/7814 op=cheb seconds=106.684 eta_seconds=472.223 bootstraps=62
node=1450/7814 op=repeat seconds=106.873 eta_seconds=469.062 bootstraps=62
node=1460/7814 op=mul seconds=107.638 eta_seconds=468.448 bootstraps=62
node=1470/7814 op=addp seconds=108.355 eta_seconds=467.623 bootstraps=62
node=1480/7814 op=add seconds=109.646 eta_seconds=469.256 bootstraps=64
node=1490/7814 op=scatter seconds=109.849 eta_seconds=466.231 bootstraps=64
node=1500/7814 op=add seconds=110.225 eta_seconds=463.974 bootstraps=64
node=1510/7814 op=gather seconds=110.924 eta_seconds=463.088 bootstraps=64
node=1520/7814 op=addp seconds=111.037 eta_seconds=459.779 bootstraps=64
node=1530/7814 op=sum seconds=112.855 eta_seconds=463.517 bootstraps=66
node=1540/7814 op=cheb seconds=113.866 eta_seconds=463.892 bootstraps=66
node=1550/7814 op=cheb seconds=114.499 eta_seconds=462.724 bootstraps=66
node=1560/7814 op=repeat seconds=114.848 eta_seconds=460.424 bootstraps=66
node=1570/7814 op=gather seconds=115.56 eta_seconds=459.591 bootstraps=66
node=1580/7814 op=add seconds=117.509 eta_seconds=463.638 bootstraps=68
node=1590/7814 op=mul seconds=117.555 eta_seconds=460.166 bootstraps=68
node=1600/7814 op=mulp seconds=117.902 eta_seconds=457.902 bootstraps=68
node=1610/7814 op=mul seconds=118.169 eta_seconds=455.355 bootstraps=68
node=1620/7814 op=sum seconds=118.48 eta_seconds=453.005 bootstraps=68
node=1630/7814 op=linear seconds=120.061 eta_seconds=455.497 bootstraps=70
node=1640/7814 op=cheb seconds=120.229 eta_seconds=452.618 bootstraps=70
node=1650/7814 op=mulp seconds=120.372 eta_seconds=449.681 bootstraps=70
node=1660/7814 op=repeat seconds=121.083 eta_seconds=448.882 bootstraps=70
node=1670/7814 op=add seconds=122.848 eta_seconds=451.963 bootstraps=72
node=1680/7814 op=mulp seconds=123.243 eta_seconds=449.982 bootstraps=72
node=1690/7814 op=add seconds=123.453 eta_seconds=447.354 bootstraps=72
node=1700/7814 op=mulp seconds=123.76 eta_seconds=445.098 bootstraps=72
node=1710/7814 op=linear_ref seconds=124.461 eta_seconds=444.275 bootstraps=72
node=1720/7814 op=scatter seconds=125.851 eta_seconds=445.892 bootstraps=74
node=1730/7814 op=repeat seconds=126.408 eta_seconds=444.545 bootstraps=74
node=1740/7814 op=addp seconds=126.719 eta_seconds=442.352 bootstraps=74
node=1750/7814 op=gather seconds=127.406 eta_seconds=441.48 bootstraps=74
node=1760/7814 op=mulp seconds=127.66 eta_seconds=439.123 bootstraps=74
node=1770/7814 op=cheb seconds=129.146 eta_seconds=440.992 bootstraps=76
node=1780/7814 op=cheb seconds=130.861 eta_seconds=443.606 bootstraps=76
node=1790/7814 op=mulp seconds=131.128 eta_seconds=441.293 bootstraps=76
node=1800/7814 op=gather seconds=131.488 eta_seconds=439.315 bootstraps=76
node=1810/7814 op=gather seconds=131.714 eta_seconds=436.913 bootstraps=76
node=1820/7814 op=scatter seconds=131.934 eta_seconds=434.511 bootstraps=76
node=1830/7814 op=mulp seconds=133.565 eta_seconds=436.751 bootstraps=78
node=1840/7814 op=scatter seconds=134.207 eta_seconds=435.734 bootstraps=78
node=1850/7814 op=add seconds=134.52 eta_seconds=433.664 bootstraps=78
node=1860/7814 op=mul seconds=135.032 eta_seconds=432.247 bootstraps=78
node=1870/7814 op=gather seconds=136.617 eta_seconds=434.251 bootstraps=80
node=1880/7814 op=cheb seconds=136.864 eta_seconds=431.994 bootstraps=80
node=1890/7814 op=mulp seconds=136.934 eta_seconds=429.204 bootstraps=80
node=1900/7814 op=mulp seconds=138.883 eta_seconds=432.292 bootstraps=82
node=1910/7814 op=mul seconds=139.364 eta_seconds=430.787 bootstraps=82
node=1920/7814 op=mulp seconds=139.577 eta_seconds=428.472 bootstraps=82
node=1930/7814 op=mul seconds=139.883 eta_seconds=426.463 bootstraps=82
node=1940/7814 op=cheb seconds=140.416 eta_seconds=425.155 bootstraps=82
node=1950/7814 op=scatter seconds=142.008 eta_seconds=427.044 bootstraps=84
node=1960/7814 op=sum seconds=142.521 eta_seconds=425.673 bootstraps=84
node=1970/7814 op=sum seconds=142.966 eta_seconds=424.107 bootstraps=84
node=1980/7814 op=gather seconds=143.643 eta_seconds=423.238 bootstraps=84
node=1990/7814 op=repeat seconds=143.901 eta_seconds=421.145 bootstraps=84
node=2000/7814 op=addp seconds=143.961 eta_seconds=418.493 bootstraps=84
node=2010/7814 op=mul seconds=146.745 eta_seconds=423.737 bootstraps=86
node=2020/7814 op=mulp seconds=147.301 eta_seconds=422.507 bootstraps=86
node=2030/7814 op=gather seconds=147.618 eta_seconds=420.603 bootstraps=86
node=2040/7814 op=gather seconds=147.844 eta_seconds=418.455 bootstraps=86
node=2050/7814 op=scatter seconds=148.062 eta_seconds=416.308 bootstraps=86
node=2060/7814 op=sum seconds=149.906 eta_seconds=418.719 bootstraps=88
node=2070/7814 op=scatter seconds=150.522 eta_seconds=417.681 bootstraps=88
node=2080/7814 op=repeat seconds=150.895 eta_seconds=415.978 bootstraps=88
node=2090/7814 op=linear_ref seconds=151.411 eta_seconds=414.677 bootstraps=88
node=2100/7814 op=mulp seconds=152.515 eta_seconds=414.987 bootstraps=90
node=2110/7814 op=mul seconds=153.072 eta_seconds=413.802 bootstraps=90
node=2120/7814 op=repeat seconds=153.253 eta_seconds=411.614 bootstraps=90
node=2130/7814 op=repeat seconds=155.676 eta_seconds=415.428 bootstraps=92
node=2140/7814 op=cheb seconds=156.226 eta_seconds=414.217 bootstraps=92
node=2150/7814 op=gather seconds=156.582 eta_seconds=412.502 bootstraps=92
node=2160/7814 op=linear_ref seconds=157.693 eta_seconds=412.776 bootstraps=92
node=2170/7814 op=add seconds=158.817 eta_seconds=413.069 bootstraps=94
node=2180/7814 op=mul seconds=159.166 eta_seconds=411.35 bootstraps=94
node=2190/7814 op=add seconds=159.43 eta_seconds=409.423 bootstraps=94
node=2200/7814 op=mul seconds=159.998 eta_seconds=408.286 bootstraps=94
node=2210/7814 op=gather seconds=160.698 eta_seconds=407.491 bootstraps=94
node=2220/7814 op=sum seconds=160.787 eta_seconds=405.155 bootstraps=94
node=2230/7814 op=mul seconds=162.253 eta_seconds=406.287 bootstraps=96
node=2240/7814 op=repeat seconds=164.787 eta_seconds=410.056 bootstraps=96
node=2250/7814 op=mulp seconds=165.278 eta_seconds=408.714 bootstraps=96
node=2260/7814 op=gather seconds=165.748 eta_seconds=407.329 bootstraps=96
node=2270/7814 op=mul seconds=166.254 eta_seconds=406.04 bootstraps=96
node=2280/7814 op=addp seconds=168.261 eta_seconds=408.401 bootstraps=98
node=2290/7814 op=scatter seconds=168.606 eta_seconds=406.716 bootstraps=98
node=2300/7814 op=add seconds=168.719 eta_seconds=404.485 bootstraps=98
node=2310/7814 op=sum seconds=169.127 eta_seconds=402.977 bootstraps=98
node=2320/7814 op=add seconds=169.512 eta_seconds=401.422 bootstraps=98
node=2330/7814 op=mulp seconds=170.889 eta_seconds=402.211 bootstraps=100
node=2340/7814 op=cheb seconds=171.488 eta_seconds=401.165 bootstraps=100
node=2350/7814 op=mulp seconds=171.54 eta_seconds=398.849 bootstraps=100
node=2360/7814 op=cheb seconds=173.864 eta_seconds=401.803 bootstraps=102
node=2370/7814 op=mul seconds=174.348 eta_seconds=400.486 bootstraps=102
node=2380/7814 op=gather seconds=174.625 eta_seconds=398.702 bootstraps=102
node=2390/7814 op=cheb seconds=175.609 eta_seconds=398.536 bootstraps=102
node=2400/7814 op=mul seconds=177.046 eta_seconds=399.386 bootstraps=104
node=2410/7814 op=add seconds=177.384 eta_seconds=397.752 bootstraps=104
node=2420/7814 op=add seconds=177.591 eta_seconds=395.838 bootstraps=104
node=2430/7814 op=cheb seconds=178.003 eta_seconds=394.391 bootstraps=104
node=2440/7814 op=gather seconds=178.599 eta_seconds=393.358 bootstraps=104
node=2450/7814 op=sum seconds=178.707 eta_seconds=391.258 bootstraps=104
node=2460/7814 op=addp seconds=180.516 eta_seconds=392.88 bootstraps=106
node=2470/7814 op=cheb seconds=181.575 eta_seconds=392.848 bootstraps=106
node=2480/7814 op=cheb seconds=182.359 eta_seconds=392.219 bootstraps=106
node=2490/7814 op=repeat seconds=182.553 eta_seconds=390.326 bootstraps=106
node=2500/7814 op=mulp seconds=183.32 eta_seconds=389.666 bootstraps=106
node=2510/7814 op=scatter seconds=185.199 eta_seconds=391.352 bootstraps=108
node=2520/7814 op=add seconds=185.251 eta_seconds=389.173 bootstraps=108
node=2530/7814 op=mul seconds=185.633 eta_seconds=387.702 bootstraps=108
node=2540/7814 op=add seconds=185.9 eta_seconds=385.998 bootstraps=108
node=2550/7814 op=repeat seconds=186.263 eta_seconds=384.505 bootstraps=108
node=2560/7814 op=gather seconds=187.811 eta_seconds=385.454 bootstraps=110
node=2570/7814 op=mulp seconds=187.923 eta_seconds=383.45 bootstraps=110
node=2580/7814 op=scatter seconds=188.448 eta_seconds=382.301 bootstraps=110
node=2590/7814 op=gather seconds=188.992 eta_seconds=381.195 bootstraps=110
node=2600/7814 op=cheb seconds=191.038 eta_seconds=383.104 bootstraps=112
node=2610/7814 op=repeat seconds=191.231 eta_seconds=381.29 bootstraps=112
node=2620/7814 op=add seconds=191.453 eta_seconds=379.545 bootstraps=112
node=2630/7814 op=mul seconds=191.84 eta_seconds=378.137 bootstraps=112
node=2640/7814 op=mul seconds=192.705 eta_seconds=377.672 bootstraps=112
node=2650/7814 op=scatter seconds=194.152 eta_seconds=378.34 bootstraps=114
node=2660/7814 op=add seconds=194.536 eta_seconds=376.932 bootstraps=114
node=2670/7814 op=gather seconds=195.238 eta_seconds=376.144 bootstraps=114
node=2680/7814 op=addp seconds=195.353 eta_seconds=374.233 bootstraps=114
node=2690/7814 op=sum seconds=197.176 eta_seconds=375.588 bootstraps=116
node=2700/7814 op=cheb seconds=198.197 eta_seconds=375.399 bootstraps=116
node=2710/7814 op=cheb seconds=198.768 eta_seconds=374.359 bootstraps=116
node=2720/7814 op=repeat seconds=199.125 eta_seconds=372.921 bootstraps=116
node=2730/7814 op=mul seconds=199.369 eta_seconds=371.28 bootstraps=116
node=2740/7814 op=add seconds=199.759 eta_seconds=369.919 bootstraps=116
node=2750/7814 op=cheb seconds=200.076 eta_seconds=368.43 bootstraps=116
node=2760/7814 op=scatter seconds=201.965 eta_seconds=369.829 bootstraps=118
node=2770/7814 op=mul seconds=202.454 eta_seconds=368.656 bootstraps=118
node=2780/7814 op=sum seconds=202.762 eta_seconds=367.16 bootstraps=118
node=2790/7814 op=linear_ref seconds=204.378 eta_seconds=368.028 bootstraps=120
node=2800/7814 op=mulp seconds=204.567 eta_seconds=366.321 bootstraps=120
node=2810/7814 op=sum seconds=206.446 eta_seconds=367.635 bootstraps=122
client_token=315 logit_margin=1.89748
node=2820/7814 op=sum seconds=207.801 eta_seconds=367.999 bootstraps=124
node=2830/7814 op=gather seconds=209.099 eta_seconds=368.25 bootstraps=124
node=2840/7814 op=cheb seconds=210.552 eta_seconds=368.763 bootstraps=124
node=2850/7814 op=mul seconds=211.425 eta_seconds=368.251 bootstraps=124
node=2860/7814 op=mulp seconds=211.776 eta_seconds=366.832 bootstraps=124
node=2870/7814 op=gather seconds=212.205 eta_seconds=365.554 bootstraps=124
node=2880/7814 op=scatter seconds=212.447 eta_seconds=363.963 bootstraps=124
node=2890/7814 op=mul seconds=212.844 eta_seconds=362.644 bootstraps=124
node=2900/7814 op=mul seconds=213.155 eta_seconds=361.188 bootstraps=124
node=2910/7814 op=scatter seconds=214.425 eta_seconds=361.354 bootstraps=126
node=2920/7814 op=mul seconds=214.733 eta_seconds=359.899 bootstraps=126
node=2930/7814 op=mul seconds=214.951 eta_seconds=358.3 bootstraps=126
node=2940/7814 op=mul seconds=216.479 eta_seconds=358.884 bootstraps=128
node=2950/7814 op=scatter seconds=218.166 eta_seconds=359.715 bootstraps=130
node=2960/7814 op=gather seconds=219.645 eta_seconds=360.188 bootstraps=132
node=2970/7814 op=mulp seconds=219.709 eta_seconds=358.341 bootstraps=132
node=2980/7814 op=cheb seconds=221.628 eta_seconds=359.514 bootstraps=134
node=2990/7814 op=cheb seconds=222.416 eta_seconds=358.842 bootstraps=134
node=3000/7814 op=repeat seconds=222.649 eta_seconds=357.277 bootstraps=134
node=3010/7814 op=add seconds=222.854 eta_seconds=355.678 bootstraps=134
node=3020/7814 op=mul seconds=223.223 eta_seconds=354.348 bootstraps=134
node=3030/7814 op=scatter seconds=224.821 eta_seconds=354.966 bootstraps=136
node=3040/7814 op=mul seconds=225.188 eta_seconds=353.634 bootstraps=136
node=3050/7814 op=sum seconds=225.584 eta_seconds=352.354 bootstraps=136
node=3060/7814 op=add seconds=225.976 eta_seconds=351.075 bootstraps=136
node=3070/7814 op=repeat seconds=227.35 eta_seconds=351.318 bootstraps=138
node=3080/7814 op=mul seconds=229.155 eta_seconds=352.214 bootstraps=140
node=3090/7814 op=gather seconds=230.701 eta_seconds=352.696 bootstraps=142
node=3100/7814 op=mul seconds=230.812 eta_seconds=350.983 bootstraps=142
node=3110/7814 op=mul seconds=232.991 eta_seconds=352.408 bootstraps=144
node=3120/7814 op=cheb seconds=233.704 eta_seconds=351.605 bootstraps=144
node=3130/7814 op=repeat seconds=233.939 eta_seconds=350.086 bootstraps=144
node=3140/7814 op=add seconds=234.158 eta_seconds=348.552 bootstraps=144
node=3150/7814 op=mul seconds=234.533 eta_seconds=347.257 bootstraps=144
node=3160/7814 op=scatter seconds=236.092 eta_seconds=347.712 bootstraps=146
node=3170/7814 op=mul seconds=236.573 eta_seconds=346.575 bootstraps=146
node=3180/7814 op=mul seconds=236.857 eta_seconds=345.156 bootstraps=146
node=3190/7814 op=mul seconds=237.366 eta_seconds=344.068 bootstraps=146
node=3200/7814 op=cheb seconds=238.634 eta_seconds=344.08 bootstraps=148
node=3210/7814 op=add seconds=240.453 eta_seconds=344.873 bootstraps=150
node=3220/7814 op=linear_ref seconds=241.856 eta_seconds=345.058 bootstraps=152
node=3230/7814 op=mul seconds=241.908 eta_seconds=343.314 bootstraps=152
node=3240/7814 op=cheb seconds=243.804 eta_seconds=344.184 bootstraps=154
node=3250/7814 op=cheb seconds=244.325 eta_seconds=343.108 bootstraps=154
node=3260/7814 op=repeat seconds=244.678 eta_seconds=341.798 bootstraps=154
node=3270/7814 op=mul seconds=244.922 eta_seconds=340.344 bootstraps=154
node=3280/7814 op=add seconds=245.312 eta_seconds=339.098 bootstraps=154
node=3290/7814 op=mul seconds=245.504 eta_seconds=337.586 bootstraps=154
node=3300/7814 op=scatter seconds=247.041 eta_seconds=337.923 bootstraps=156
node=3310/7814 op=add seconds=247.448 eta_seconds=336.709 bootstraps=156
node=3320/7814 op=repeat seconds=247.748 eta_seconds=335.356 bootstraps=156
node=3330/7814 op=addp seconds=249.08 eta_seconds=335.398 bootstraps=158
node=3340/7814 op=linear_ref seconds=251.79 eta_seconds=337.278 bootstraps=162
node=3350/7814 op=mulp seconds=252.814 eta_seconds=336.884 bootstraps=164
node=3360/7814 op=addp seconds=253.248 eta_seconds=335.704 bootstraps=164
node=3370/7814 op=cheb seconds=254.665 eta_seconds=335.825 bootstraps=166
node=3380/7814 op=cheb seconds=256.129 eta_seconds=335.999 bootstraps=166
node=3390/7814 op=repeat seconds=256.586 eta_seconds=334.848 bootstraps=166
node=3400/7814 op=gather seconds=257.07 eta_seconds=333.738 bootstraps=166
node=3410/7814 op=cheb seconds=257.475 eta_seconds=332.527 bootstraps=166
node=3420/7814 op=scatter seconds=259.161 eta_seconds=332.969 bootstraps=168
node=3430/7814 op=scatter seconds=259.425 eta_seconds=331.58 bootstraps=168
node=3440/7814 op=mul seconds=259.724 eta_seconds=330.242 bootstraps=168
node=3450/7814 op=mul seconds=260.071 eta_seconds=328.971 bootstraps=168
node=3460/7814 op=mulp seconds=261.344 eta_seconds=328.871 bootstraps=170
node=3470/7814 op=mul seconds=262.99 eta_seconds=329.231 bootstraps=172
node=3480/7814 op=mul seconds=264.389 eta_seconds=329.271 bootstraps=174
node=3490/7814 op=gather seconds=264.95 eta_seconds=328.264 bootstraps=174
node=3500/7814 op=addp seconds=265.036 eta_seconds=326.676 bootstraps=174
node=3510/7814 op=mulp seconds=267.308 eta_seconds=327.776 bootstraps=176
node=3520/7814 op=mul seconds=267.748 eta_seconds=326.622 bootstraps=176
node=3530/7814 op=mulp seconds=268.014 eta_seconds=325.261 bootstraps=176
node=3540/7814 op=mul seconds=268.388 eta_seconds=324.037 bootstraps=176
node=3550/7814 op=mul seconds=268.568 eta_seconds=322.585 bootstraps=176
node=3560/7814 op=scatter seconds=270.069 eta_seconds=322.718 bootstraps=178
node=3570/7814 op=repeat seconds=270.663 eta_seconds=321.763 bootstraps=178
node=3580/7814 op=sum seconds=271.02 eta_seconds=320.53 bootstraps=178
node=3590/7814 op=sum seconds=271.459 eta_seconds=319.399 bootstraps=178
node=3600/7814 op=cheb seconds=274.02 eta_seconds=320.756 bootstraps=182
node=3610/7814 op=repeat seconds=275.422 eta_seconds=320.741 bootstraps=184
node=3620/7814 op=gather seconds=275.974 eta_seconds=319.734 bootstraps=184
node=3630/7814 op=mulp seconds=276.07 eta_seconds=318.203 bootstraps=184
node=3640/7814 op=mul seconds=278.42 eta_seconds=319.265 bootstraps=186
node=3650/7814 op=repeat seconds=278.808 eta_seconds=318.07 bootstraps=186
node=3660/7814 op=scatter seconds=279.24 eta_seconds=316.93 bootstraps=186
node=3670/7814 op=mul seconds=280.87 eta_seconds=317.145 bootstraps=188
node=3680/7814 op=scatter seconds=281.247 eta_seconds=315.944 bootstraps=188
node=3690/7814 op=scatter seconds=281.456 eta_seconds=314.56 bootstraps=188
node=3700/7814 op=mul seconds=281.659 eta_seconds=313.174 bootstraps=188
node=3710/7814 op=mul seconds=281.911 eta_seconds=311.85 bootstraps=188
node=3720/7814 op=scatter seconds=283.36 eta_seconds=311.849 bootstraps=190
node=3730/7814 op=gather seconds=283.894 eta_seconds=310.838 bootstraps=190
node=3740/7814 op=cheb seconds=286.234 eta_seconds=311.796 bootstraps=194
node=3750/7814 op=gather seconds=286.853 eta_seconds=310.872 bootstraps=194
node=3760/7814 op=addp seconds=287.101 eta_seconds=309.549 bootstraps=194
node=3770/7814 op=mul seconds=289.174 eta_seconds=310.19 bootstraps=196
node=3780/7814 op=repeat seconds=289.658 eta_seconds=309.122 bootstraps=196
node=3790/7814 op=addp seconds=289.858 eta_seconds=307.754 bootstraps=196
node=3800/7814 op=gather seconds=290.106 eta_seconds=306.443 bootstraps=196
node=3810/7814 op=add seconds=290.339 eta_seconds=305.123 bootstraps=196
node=3820/7814 op=scatter seconds=291.966 eta_seconds=305.265 bootstraps=198
node=3830/7814 op=sum seconds=292.302 eta_seconds=304.055 bootstraps=198
node=3840/7814 op=add seconds=292.677 eta_seconds=302.89 bootstraps=198
node=3850/7814 op=mul seconds=293.189 eta_seconds=301.87 bootstraps=198
node=3860/7814 op=gather seconds=294.706 eta_seconds=301.882 bootstraps=200
node=3870/7814 op=addp seconds=296.044 eta_seconds=301.704 bootstraps=202
node=3880/7814 op=gather seconds=297.559 eta_seconds=301.701 bootstraps=204
node=3890/7814 op=sum seconds=297.824 eta_seconds=300.427 bootstraps=204
node=3900/7814 op=cheb seconds=299.874 eta_seconds=300.95 bootstraps=206
node=3910/7814 op=mul seconds=300.429 eta_seconds=299.968 bootstraps=206
node=3920/7814 op=gather seconds=300.668 eta_seconds=298.674 bootstraps=206
node=3930/7814 op=scatter seconds=300.89 eta_seconds=297.368 bootstraps=206
node=3940/7814 op=gather seconds=301.142 eta_seconds=296.097 bootstraps=206
node=3950/7814 op=add seconds=302.922 eta_seconds=296.326 bootstraps=208
node=3960/7814 op=mul seconds=303.208 eta_seconds=295.091 bootstraps=208
node=3970/7814 op=mul seconds=303.764 eta_seconds=294.123 bootstraps=208
node=3980/7814 op=add seconds=304.274 eta_seconds=293.113 bootstraps=208
node=3990/7814 op=linear_ref seconds=305.784 eta_seconds=293.062 bootstraps=210
node=4000/7814 op=mulp seconds=307.122 eta_seconds=292.841 bootstraps=212
node=4010/7814 op=gather seconds=308.657 eta_seconds=292.8 bootstraps=214
node=4020/7814 op=mul seconds=308.734 eta_seconds=291.377 bootstraps=214
node=4030/7814 op=repeat seconds=312.023 eta_seconds=292.976 bootstraps=216
node=4040/7814 op=mulp seconds=312.515 eta_seconds=291.939 bootstraps=216
node=4050/7814 op=gather seconds=312.981 eta_seconds=290.879 bootstraps=216
node=4060/7814 op=mul seconds=313.487 eta_seconds=289.859 bootstraps=216
node=4070/7814 op=scatter seconds=315.034 eta_seconds=289.801 bootstraps=218
node=4080/7814 op=mul seconds=315.266 eta_seconds=288.53 bootstraps=218
node=4090/7814 op=add seconds=315.532 eta_seconds=287.296 bootstraps=218
node=4100/7814 op=repeat seconds=316.035 eta_seconds=286.282 bootstraps=218
node=4110/7814 op=linear_ref seconds=316.549 eta_seconds=285.279 bootstraps=218
node=4120/7814 op=mulp seconds=317.624 eta_seconds=284.783 bootstraps=220
node=4130/7814 op=sum seconds=319.471 eta_seconds=284.972 bootstraps=222
node=4140/7814 op=gather seconds=320.995 eta_seconds=284.864 bootstraps=224
node=4150/7814 op=mulp seconds=321.11 eta_seconds=283.505 bootstraps=224
node=4160/7814 op=cheb seconds=323.089 eta_seconds=283.79 bootstraps=226
node=4170/7814 op=repeat seconds=323.762 eta_seconds=282.923 bootstraps=226
node=4180/7814 op=addp seconds=323.936 eta_seconds=281.623 bootstraps=226
node=4190/7814 op=addp seconds=324.697 eta_seconds=280.836 bootstraps=226
node=4200/7814 op=add seconds=325.95 eta_seconds=280.472 bootstraps=228
node=4210/7814 op=mul seconds=326.296 eta_seconds=279.328 bootstraps=228
node=4220/7814 op=mul seconds=326.569 eta_seconds=278.125 bootstraps=228
node=4230/7814 op=mul seconds=326.876 eta_seconds=276.956 bootstraps=228
node=4240/7814 op=mul seconds=327.092 eta_seconds=275.714 bootstraps=228
node=4250/7814 op=mul seconds=328.569 eta_seconds=275.534 bootstraps=230
node=4260/7814 op=scatter seconds=330.327 eta_seconds=275.582 bootstraps=232
node=4270/7814 op=gather seconds=331.865 eta_seconds=275.44 bootstraps=234
node=4280/7814 op=sum seconds=331.986 eta_seconds=274.121 bootstraps=234
node=4290/7814 op=cheb seconds=333.838 eta_seconds=274.23 bootstraps=236
node=4300/7814 op=cheb seconds=334.554 eta_seconds=273.401 bootstraps=236
node=4310/7814 op=repeat seconds=334.746 eta_seconds=272.146 bootstraps=236
node=4320/7814 op=add seconds=334.967 eta_seconds=270.92 bootstraps=236
node=4330/7814 op=mul seconds=335.36 eta_seconds=269.837 bootstraps=236
node=4340/7814 op=scatter seconds=336.933 eta_seconds=269.702 bootstraps=238
node=4350/7814 op=mul seconds=337.298 eta_seconds=268.598 bootstraps=238
node=4360/7814 op=sum seconds=337.604 eta_seconds=267.451 bootstraps=238
node=4370/7814 op=add seconds=337.824 eta_seconds=266.239 bootstraps=238
node=4380/7814 op=repeat seconds=339.309 eta_seconds=266.024 bootstraps=240
node=4390/7814 op=mul seconds=341.173 eta_seconds=266.099 bootstraps=242
client_token=279 logit_margin=2.90222
node=4400/7814 op=mul seconds=342.469 eta_seconds=265.725 bootstraps=244
node=4410/7814 op=gather seconds=343.832 eta_seconds=265.398 bootstraps=244
node=4420/7814 op=cheb seconds=345.246 eta_seconds=265.105 bootstraps=244
node=4430/7814 op=cheb seconds=346.075 eta_seconds=264.36 bootstraps=244
node=4440/7814 op=mul seconds=346.522 eta_seconds=263.326 bootstraps=244
node=4450/7814 op=repeat seconds=346.873 eta_seconds=262.22 bootstraps=244
node=4460/7814 op=add seconds=347.11 eta_seconds=261.033 bootstraps=244
node=4470/7814 op=mulp seconds=347.631 eta_seconds=260.062 bootstraps=244
node=4480/7814 op=mulp seconds=347.933 eta_seconds=258.93 bootstraps=244
node=4490/7814 op=cheb seconds=348.119 eta_seconds=257.717 bootstraps=244
node=4500/7814 op=add seconds=349.463 eta_seconds=257.36 bootstraps=246
node=4510/7814 op=repeat seconds=349.763 eta_seconds=256.235 bootstraps=246
node=4520/7814 op=linear_ref seconds=351.211 eta_seconds=255.949 bootstraps=248
node=4530/7814 op=mulp seconds=351.447 eta_seconds=254.779 bootstraps=248
node=4540/7814 op=sum seconds=353.162 eta_seconds=254.681 bootstraps=250
node=4550/7814 op=gather seconds=354.616 eta_seconds=254.388 bootstraps=252
node=4560/7814 op=addp seconds=354.674 eta_seconds=253.094 bootstraps=252
node=4570/7814 op=cheb seconds=356.715 eta_seconds=253.213 bootstraps=254
node=4580/7814 op=repeat seconds=357.363 eta_seconds=252.339 bootstraps=254
node=4590/7814 op=addp seconds=357.578 eta_seconds=251.161 bootstraps=254
node=4600/7814 op=gather seconds=357.866 eta_seconds=250.039 bootstraps=254
node=4610/7814 op=add seconds=358.143 eta_seconds=248.913 bootstraps=254
node=4620/7814 op=add seconds=359.745 eta_seconds=248.707 bootstraps=256
node=4630/7814 op=mul seconds=360.112 eta_seconds=247.645 bootstraps=256
node=4640/7814 op=sum seconds=360.495 eta_seconds=246.597 bootstraps=256
node=4650/7814 op=add seconds=360.859 eta_seconds=245.539 bootstraps=256
node=4660/7814 op=mul seconds=362.206 eta_seconds=245.15 bootstraps=258
node=4670/7814 op=gather seconds=362.852 eta_seconds=244.284 bootstraps=258
node=4680/7814 op=addp seconds=364.279 eta_seconds=243.942 bootstraps=260
node=4690/7814 op=gather seconds=365.81 eta_seconds=243.666 bootstraps=262
node=4700/7814 op=mul seconds=365.916 eta_seconds=242.438 bootstraps=262
node=4710/7814 op=repeat seconds=368.552 eta_seconds=242.884 bootstraps=264
node=4720/7814 op=cheb seconds=368.976 eta_seconds=241.867 bootstraps=264
node=4730/7814 op=mul seconds=369.265 eta_seconds=240.764 bootstraps=264
node=4740/7814 op=gather seconds=369.637 eta_seconds=239.718 bootstraps=264
node=4750/7814 op=mulp seconds=369.809 eta_seconds=238.547 bootstraps=264
node=4760/7814 op=add seconds=371.424 eta_seconds=238.304 bootstraps=266
node=4770/7814 op=add seconds=371.704 eta_seconds=237.205 bootstraps=266
node=4780/7814 op=repeat seconds=372.194 eta_seconds=236.242 bootstraps=266
node=4790/7814 op=sum seconds=372.568 eta_seconds=235.208 bootstraps=266
node=4800/7814 op=sum seconds=373.837 eta_seconds=234.739 bootstraps=268
node=4810/7814 op=cheb seconds=375.354 eta_seconds=234.421 bootstraps=270
node=4820/7814 op=repeat seconds=376.749 eta_seconds=234.022 bootstraps=272
node=4830/7814 op=gather seconds=377.175 eta_seconds=233.021 bootstraps=272
node=4840/7814 op=addp seconds=377.227 eta_seconds=231.792 bootstraps=272
node=4850/7814 op=mul seconds=379.54 eta_seconds=231.95 bootstraps=274
node=4860/7814 op=repeat seconds=379.941 eta_seconds=230.935 bootstraps=274
node=4870/7814 op=mul seconds=380.212 eta_seconds=229.845 bootstraps=274
node=4880/7814 op=mul seconds=380.599 eta_seconds=228.827 bootstraps=274
node=4890/7814 op=addp seconds=380.782 eta_seconds=227.691 bootstraps=274
node=4900/7814 op=scatter seconds=382.195 eta_seconds=227.289 bootstraps=276
node=4910/7814 op=sum seconds=382.666 eta_seconds=226.326 bootstraps=276
node=4920/7814 op=add seconds=382.919 eta_seconds=225.237 bootstraps=276
node=4930/7814 op=repeat seconds=383.219 eta_seconds=224.179 bootstraps=276
node=4940/7814 op=addp seconds=384.547 eta_seconds=223.723 bootstraps=278
node=4950/7814 op=linear_ref seconds=387.271 eta_seconds=224.07 bootstraps=282
node=4960/7814 op=mulp seconds=388.294 eta_seconds=223.426 bootstraps=284
node=4970/7814 op=addp seconds=388.727 eta_seconds=222.443 bootstraps=284
node=4980/7814 op=cheb seconds=390.15 eta_seconds=222.025 bootstraps=286
node=4990/7814 op=cheb seconds=391.57 eta_seconds=221.602 bootstraps=286
node=5000/7814 op=repeat seconds=392.03 eta_seconds=220.634 bootstraps=286
node=5010/7814 op=gather seconds=392.514 eta_seconds=219.683 bootstraps=286
node=5020/7814 op=cheb seconds=392.924 eta_seconds=218.691 bootstraps=286
node=5030/7814 op=scatter seconds=394.653 eta_seconds=218.432 bootstraps=288
node=5040/7814 op=scatter seconds=394.92 eta_seconds=217.363 bootstraps=288
node=5050/7814 op=repeat seconds=395.217 eta_seconds=216.313 bootstraps=288
node=5060/7814 op=sum seconds=395.556 eta_seconds=215.289 bootstraps=288
node=5070/7814 op=add seconds=395.914 eta_seconds=214.278 bootstraps=288
node=5080/7814 op=repeat seconds=397.216 eta_seconds=213.778 bootstraps=290
node=5090/7814 op=mul seconds=399.012 eta_seconds=213.538 bootstraps=292
node=5100/7814 op=gather seconds=400.549 eta_seconds=213.155 bootstraps=294
node=5110/7814 op=mul seconds=400.659 eta_seconds=212.012 bootstraps=294
node=5120/7814 op=mul seconds=402.484 eta_seconds=211.776 bootstraps=296
node=5130/7814 op=cheb seconds=403.104 eta_seconds=210.903 bootstraps=296
node=5140/7814 op=addp seconds=403.443 eta_seconds=209.885 bootstraps=296
node=5150/7814 op=mul seconds=403.684 eta_seconds=208.818 bootstraps=296
node=5160/7814 op=mul seconds=404.057 eta_seconds=207.823 bootstraps=296
node=5170/7814 op=mul seconds=404.242 eta_seconds=206.734 bootstraps=296
node=5180/7814 op=scatter seconds=405.867 eta_seconds=206.381 bootstraps=298
node=5190/7814 op=add seconds=406.334 eta_seconds=205.437 bootstraps=298
node=5200/7814 op=repeat seconds=406.788 eta_seconds=204.489 bootstraps=298
node=5210/7814 op=linear_ref seconds=407.33 eta_seconds=203.587 bootstraps=298
node=5220/7814 op=mulp seconds=408.378 eta_seconds=202.937 bootstraps=300
node=5230/7814 op=sum seconds=410.294 eta_seconds=202.715 bootstraps=302
node=5240/7814 op=gather seconds=411.821 eta_seconds=202.295 bootstraps=304
node=5250/7814 op=mulp seconds=411.938 eta_seconds=201.183 bootstraps=304
node=5260/7814 op=cheb seconds=413.914 eta_seconds=200.976 bootstraps=306
node=5270/7814 op=repeat seconds=414.585 eta_seconds=200.134 bootstraps=306
node=5280/7814 op=addp seconds=414.758 eta_seconds=199.052 bootstraps=306
node=5290/7814 op=addp seconds=415.517 eta_seconds=198.254 bootstraps=306
node=5300/7814 op=add seconds=416.762 eta_seconds=197.687 bootstraps=308
node=5310/7814 op=mul seconds=417.107 eta_seconds=196.692 bootstraps=308
node=5320/7814 op=mul seconds=417.378 eta_seconds=195.665 bootstraps=308
node=5330/7814 op=sum seconds=417.683 eta_seconds=194.658 bootstraps=308
node=5340/7814 op=add seconds=417.899 eta_seconds=193.611 bootstraps=308
node=5350/7814 op=mul seconds=419.395 eta_seconds=193.157 bootstraps=310
node=5360/7814 op=gather seconds=419.928 eta_seconds=192.258 bootstraps=310
node=5370/7814 op=addp seconds=421.356 eta_seconds=191.768 bootstraps=312
node=5380/7814 op=gather seconds=422.878 eta_seconds=191.317 bootstraps=314
node=5390/7814 op=mulp seconds=423.131 eta_seconds=190.291 bootstraps=314
node=5400/7814 op=cheb seconds=425.215 eta_seconds=190.087 bootstraps=316
node=5410/7814 op=cheb seconds=425.677 eta_seconds=189.155 bootstraps=316
node=5420/7814 op=repeat seconds=425.894 eta_seconds=188.116 bootstraps=316
node=5430/7814 op=add seconds=426.073 eta_seconds=187.064 bootstraps=316
node=5440/7814 op=mul seconds=426.377 eta_seconds=186.07 bootstraps=316
node=5450/7814 op=add seconds=427.946 eta_seconds=185.626 bootstraps=318
node=5460/7814 op=add seconds=428.232 eta_seconds=184.626 bootstraps=318
node=5470/7814 op=repeat seconds=428.758 eta_seconds=183.731 bootstraps=318
node=5480/7814 op=sum seconds=429.112 eta_seconds=182.764 bootstraps=318
node=5490/7814 op=sum seconds=429.526 eta_seconds=181.825 bootstraps=318
node=5500/7814 op=cheb seconds=432.025 eta_seconds=181.765 bootstraps=322
node=5510/7814 op=repeat seconds=433.325 eta_seconds=181.194 bootstraps=324
node=5520/7814 op=gather seconds=433.903 eta_seconds=180.321 bootstraps=324
node=5530/7814 op=addp seconds=434.147 eta_seconds=179.311 bootstraps=324
node=5540/7814 op=repeat seconds=436.371 eta_seconds=179.117 bootstraps=326
node=5550/7814 op=cheb seconds=436.828 eta_seconds=178.194 bootstraps=326
node=5560/7814 op=mul seconds=437.067 eta_seconds=177.185 bootstraps=326
node=5570/7814 op=gather seconds=437.371 eta_seconds=176.205 bootstraps=326
node=5580/7814 op=mul seconds=437.514 eta_seconds=175.163 bootstraps=326
node=5590/7814 op=scatter seconds=439.376 eta_seconds=174.807 bootstraps=328
node=5600/7814 op=sum seconds=439.621 eta_seconds=173.807 bootstraps=328
node=5610/7814 op=add seconds=440.011 eta_seconds=172.867 bootstraps=328
node=5620/7814 op=repeat seconds=440.5 eta_seconds=171.967 bootstraps=328
node=5630/7814 op=addp seconds=441.637 eta_seconds=171.32 bootstraps=330
node=5640/7814 op=linear_ref seconds=443.674 eta_seconds=171.019 bootstraps=332
node=5650/7814 op=mulp seconds=444.718 eta_seconds=170.331 bootstraps=334
node=5660/7814 op=addp seconds=445.279 eta_seconds=169.458 bootstraps=334
node=5670/7814 op=cheb seconds=446.716 eta_seconds=168.917 bootstraps=336
node=5680/7814 op=cheb seconds=448.804 eta_seconds=168.617 bootstraps=336
node=5690/7814 op=repeat seconds=449.334 eta_seconds=167.73 bootstraps=336
node=5700/7814 op=gather seconds=449.983 eta_seconds=166.888 bootstraps=336
node=5710/7814 op=mulp seconds=451.487 eta_seconds=166.362 bootstraps=338
node=5720/7814 op=mul seconds=451.832 eta_seconds=165.408 bootstraps=338
node=5730/7814 op=scatter seconds=452.101 eta_seconds=164.429 bootstraps=338
node=5740/7814 op=repeat seconds=452.367 eta_seconds=163.451 bootstraps=338
node=5750/7814 op=sum seconds=452.715 eta_seconds=162.505 bootstraps=338
node=5760/7814 op=add seconds=453.1 eta_seconds=161.574 bootstraps=338
node=5770/7814 op=repeat seconds=454.404 eta_seconds=160.971 bootstraps=340
node=5780/7814 op=mul seconds=456.205 eta_seconds=160.54 bootstraps=342
node=5790/7814 op=gather seconds=457.749 eta_seconds=160.015 bootstraps=344
node=5800/7814 op=mul seconds=457.86 eta_seconds=158.988 bootstraps=344
node=5810/7814 op=mul seconds=459.71 eta_seconds=158.564 bootstraps=346
node=5820/7814 op=cheb seconds=460.399 eta_seconds=157.738 bootstraps=346
node=5830/7814 op=addp seconds=460.729 eta_seconds=156.79 bootstraps=346
node=5840/7814 op=scatter seconds=461.516 eta_seconds=155.999 bootstraps=346
node=5850/7814 op=mul seconds=462.767 eta_seconds=155.363 bootstraps=348
node=5860/7814 op=mulp seconds=463.109 eta_seconds=154.422 bootstraps=348
node=5870/7814 op=mul seconds=463.376 eta_seconds=153.459 bootstraps=348
node=5880/7814 op=add seconds=463.605 eta_seconds=152.485 bootstraps=348
node=5890/7814 op=repeat seconds=463.903 eta_seconds=151.536 bootstraps=348
node=5900/7814 op=linear_ref seconds=465.395 eta_seconds=150.977 bootstraps=350
node=5910/7814 op=mulp seconds=465.586 eta_seconds=149.996 bootstraps=350
node=5920/7814 op=sum seconds=467.368 eta_seconds=149.526 bootstraps=352
node=5930/7814 op=gather seconds=468.899 eta_seconds=148.972 bootstraps=354
node=5940/7814 op=mulp seconds=469.016 eta_seconds=147.969 bootstraps=354
node=5950/7814 op=cheb seconds=471.003 eta_seconds=147.555 bootstraps=356
node=5960/7814 op=repeat seconds=471.619 eta_seconds=146.708 bootstraps=356
node=5970/7814 op=addp seconds=471.793 eta_seconds=145.726 bootstraps=356
node=5980/7814 op=gather seconds=472.095 eta_seconds=144.786 bootstraps=356
node=5990/7814 op=add seconds=472.395 eta_seconds=143.848 bootstraps=356
node=6000/7814 op=add seconds=473.966 eta_seconds=143.296 bootstraps=358
node=6010/7814 op=mul seconds=474.335 eta_seconds=142.38 bootstraps=358
node=6020/7814 op=sum seconds=474.645 eta_seconds=141.447 bootstraps=358
node=6030/7814 op=add seconds=474.866 eta_seconds=140.491 bootstraps=358
node=6040/7814 op=mul seconds=476.356 eta_seconds=139.91 bootstraps=360
node=6050/7814 op=gather seconds=476.89 eta_seconds=139.047 bootstraps=360
node=6060/7814 op=addp seconds=478.428 eta_seconds=138.476 bootstraps=362
client_token=1614 logit_margin=0.201378
node=6070/7814 op=addp seconds=479.828 eta_seconds=137.862 bootstraps=364
node=6080/7814 op=gather seconds=481.151 eta_seconds=137.223 bootstraps=364
node=6090/7814 op=cheb seconds=482.973 eta_seconds=136.723 bootstraps=364
node=6100/7814 op=mulp seconds=483.502 eta_seconds=135.856 bootstraps=364
node=6110/7814 op=cheb seconds=484.027 eta_seconds=134.989 bootstraps=364
node=6120/7814 op=mul seconds=484.336 eta_seconds=134.063 bootstraps=364
node=6130/7814 op=gather seconds=484.561 eta_seconds=133.116 bootstraps=364
node=6140/7814 op=add seconds=484.867 eta_seconds=132.193 bootstraps=364
node=6150/7814 op=mul seconds=485.182 eta_seconds=131.275 bootstraps=364
node=6160/7814 op=scatter seconds=486.513 eta_seconds=130.632 bootstraps=366
node=6170/7814 op=mul seconds=486.821 eta_seconds=129.714 bootstraps=366
node=6180/7814 op=mul seconds=487.04 eta_seconds=128.774 bootstraps=366
node=6190/7814 op=mul seconds=487.339 eta_seconds=127.858 bootstraps=366
node=6200/7814 op=cheb seconds=488.833 eta_seconds=127.254 bootstraps=368
node=6210/7814 op=add seconds=490.547 eta_seconds=126.705 bootstraps=370
node=6220/7814 op=linear_ref seconds=492.018 eta_seconds=126.09 bootstraps=372
node=6230/7814 op=mul seconds=492.069 eta_seconds=125.11 bootstraps=372
node=6240/7814 op=cheb seconds=493.956 eta_seconds=124.597 bootstraps=374
node=6250/7814 op=cheb seconds=494.493 eta_seconds=123.742 bootstraps=374
node=6260/7814 op=repeat seconds=494.963 eta_seconds=122.871 bootstraps=374
node=6270/7814 op=mul seconds=495.193 eta_seconds=121.942 bootstraps=374
node=6280/7814 op=add seconds=495.555 eta_seconds=121.048 bootstraps=374
node=6290/7814 op=cheb seconds=495.864 eta_seconds=120.143 bootstraps=374
node=6300/7814 op=add seconds=497.511 eta_seconds=119.561 bootstraps=376
node=6310/7814 op=repeat seconds=497.828 eta_seconds=118.658 bootstraps=376
node=6320/7814 op=sum seconds=498.176 eta_seconds=117.765 bootstraps=376
node=6330/7814 op=add seconds=498.541 eta_seconds=116.878 bootstraps=376
node=6340/7814 op=mul seconds=499.87 eta_seconds=116.216 bootstraps=378
node=6350/7814 op=gather seconds=500.51 eta_seconds=115.393 bootstraps=378
node=6360/7814 op=addp seconds=501.951 eta_seconds=114.754 bootstraps=380
node=6370/7814 op=gather seconds=503.489 eta_seconds=114.135 bootstraps=382
node=6380/7814 op=mul seconds=503.595 eta_seconds=113.19 bootstraps=382
node=6390/7814 op=repeat seconds=506.206 eta_seconds=112.807 bootstraps=384
node=6400/7814 op=cheb seconds=506.623 eta_seconds=111.932 bootstraps=384
node=6410/7814 op=mul seconds=506.913 eta_seconds=111.03 bootstraps=384
node=6420/7814 op=gather seconds=507.286 eta_seconds=110.149 bootstraps=384
node=6430/7814 op=mulp seconds=507.459 eta_seconds=109.226 bootstraps=384
node=6440/7814 op=add seconds=509.073 eta_seconds=108.613 bootstraps=386
node=6450/7814 op=mul seconds=509.36 eta_seconds=107.716 bootstraps=386
node=6460/7814 op=mul seconds=509.782 eta_seconds=106.849 bootstraps=386
node=6470/7814 op=mul seconds=510.123 eta_seconds=105.967 bootstraps=386
node=6480/7814 op=mul seconds=510.628 eta_seconds=105.12 bootstraps=386
node=6490/7814 op=cheb seconds=511.844 eta_seconds=104.419 bootstraps=388
node=6500/7814 op=add seconds=513.633 eta_seconds=103.833 bootstraps=390
node=6510/7814 op=linear_ref seconds=515.034 eta_seconds=103.165 bootstraps=392
node=6520/7814 op=mul seconds=515.084 eta_seconds=102.227 bootstraps=392
node=6530/7814 op=cheb seconds=516.973 eta_seconds=101.653 bootstraps=394
node=6540/7814 op=cheb seconds=517.496 eta_seconds=100.809 bootstraps=394
node=6550/7814 op=repeat seconds=517.846 eta_seconds=99.9324 bootstraps=394
node=6560/7814 op=mul seconds=518.089 eta_seconds=99.0372 bootstraps=394
node=6570/7814 op=add seconds=518.478 eta_seconds=98.1715 bootstraps=394
node=6580/7814 op=mul seconds=518.672 eta_seconds=97.2707 bootstraps=394
node=6590/7814 op=scatter seconds=520.209 eta_seconds=96.6216 bootstraps=396
node=6600/7814 op=repeat seconds=520.684 eta_seconds=95.7743 bootstraps=396
node=6610/7814 op=sum seconds=520.925 eta_seconds=94.8856 bootstraps=396
node=6620/7814 op=add seconds=521.141 eta_seconds=93.9944 bootstraps=396
node=6630/7814 op=mul seconds=522.593 eta_seconds=93.3259 bootstraps=398
node=6640/7814 op=gather seconds=523.991 eta_seconds=92.6455 bootstraps=400
node=6650/7814 op=addp seconds=525.376 eta_seconds=91.9605 bootstraps=402
node=6660/7814 op=gather seconds=526.76 eta_seconds=91.2735 bootstraps=404
node=6670/7814 op=sum seconds=526.821 eta_seconds=90.3573 bootstraps=404
node=6680/7814 op=repeat seconds=529.564 eta_seconds=89.899 bootstraps=406
node=6690/7814 op=cheb seconds=530.037 eta_seconds=89.0525 bootstraps=406
node=6700/7814 op=mul seconds=530.311 eta_seconds=88.1741 bootstraps=406
node=6710/7814 op=mulp seconds=530.836 eta_seconds=87.3388 bootstraps=406
node=6720/7814 op=add seconds=532.34 eta_seconds=86.6637 bootstraps=408
node=6730/7814 op=add seconds=532.682 eta_seconds=85.799 bootstraps=408
node=6740/7814 op=mul seconds=532.955 eta_seconds=84.9249 bootstraps=408
node=6750/7814 op=mul seconds=533.353 eta_seconds=84.0722 bootstraps=408
node=6760/7814 op=mul seconds=533.71 eta_seconds=83.2145 bootstraps=408
node=6770/7814 op=mul seconds=534.18 eta_seconds=82.3757 bootstraps=408
node=6780/7814 op=cheb seconds=535.403 eta_seconds=81.6529 bootstraps=410
node=6790/7814 op=add seconds=537.245 eta_seconds=81.0219 bootstraps=412
node=6800/7814 op=linear_ref seconds=538.777 eta_seconds=80.3412 bootstraps=414
node=6810/7814 op=cheb seconds=538.888 eta_seconds=79.4485 bootstraps=414
node=6820/7814 op=cheb seconds=540.722 eta_seconds=78.809 bootstraps=416
node=6830/7814 op=cheb seconds=541.276 eta_seconds=77.9818 bootstraps=416
node=6840/7814 op=repeat seconds=541.672 eta_seconds=77.1328 bootstraps=416
node=6850/7814 op=mul seconds=541.916 eta_seconds=76.2639 bootstraps=416
node=6860/7814 op=add seconds=542.292 eta_seconds=75.4149 bootstraps=416
node=6870/7814 op=mul seconds=542.481 eta_seconds=74.5418 bootstraps=416
node=6880/7814 op=scatter seconds=544.055 eta_seconds=73.8586 bootstraps=418
node=6890/7814 op=repeat seconds=544.616 eta_seconds=73.037 bootstraps=418
node=6900/7814 op=sum seconds=544.969 eta_seconds=72.1886 bootstraps=418
node=6910/7814 op=add seconds=545.306 eta_seconds=71.3396 bootstraps=418
node=6920/7814 op=mul seconds=545.85 eta_seconds=70.5187 bootstraps=418
node=6930/7814 op=gather seconds=547.389 eta_seconds=69.8257 bootstraps=420
node=6940/7814 op=addp seconds=548.83 eta_seconds=69.1177 bootstraps=422
node=6950/7814 op=gather seconds=550.376 eta_seconds=68.4208 bootstraps=424
node=6960/7814 op=mul seconds=550.481 eta_seconds=67.5447 bootstraps=424
node=6970/7814 op=repeat seconds=552.666 eta_seconds=66.9226 bootstraps=426
node=6980/7814 op=mulp seconds=553.124 eta_seconds=66.0896 bootstraps=426
node=6990/7814 op=gather seconds=553.496 eta_seconds=65.2476 bootstraps=426
node=7000/7814 op=mul seconds=554.066 eta_seconds=64.4299 bootstraps=426
node=7010/7814 op=scatter seconds=555.547 eta_seconds=63.7175 bootstraps=428
node=7020/7814 op=add seconds=555.66 eta_seconds=62.8482 bootstraps=428
node=7030/7814 op=mul seconds=555.934 eta_seconds=61.9989 bootstraps=428
node=7040/7814 op=mul seconds=556.241 eta_seconds=61.1549 bootstraps=428
node=7050/7814 op=mul seconds=556.458 eta_seconds=60.3027 bootstraps=428
node=7060/7814 op=mul seconds=556.753 eta_seconds=59.4606 bootstraps=428
node=7070/7814 op=cheb seconds=558.17 eta_seconds=58.7381 bootstraps=430
node=7080/7814 op=add seconds=559.991 eta_seconds=58.0555 bootstraps=432
node=7090/7814 op=linear_ref seconds=561.509 eta_seconds=57.3389 bootstraps=434
node=7100/7814 op=cheb seconds=561.628 eta_seconds=56.4792 bootstraps=434
node=7110/7814 op=addp seconds=561.828 eta_seconds=55.6296 bootstraps=434
node=7120/7814 op=mul seconds=564.121 eta_seconds=54.986 bootstraps=436
node=7130/7814 op=repeat seconds=564.51 eta_seconds=54.1549 bootstraps=436
node=7140/7814 op=mul seconds=564.727 eta_seconds=53.3089 bootstraps=436
node=7150/7814 op=mul seconds=565.029 eta_seconds=52.4727 bootstraps=436
node=7160/7814 op=mul seconds=565.177 eta_seconds=51.6237 bootstraps=436
node=7170/7814 op=add seconds=566.827 eta_seconds=50.9117 bootstraps=438
node=7180/7814 op=repeat seconds=567.149 eta_seconds=50.0798 bootstraps=438
node=7190/7814 op=sum seconds=567.502 eta_seconds=49.2519 bootstraps=438
node=7200/7814 op=add seconds=567.835 eta_seconds=48.4237 bootstraps=438
node=7210/7814 op=mul seconds=568.343 eta_seconds=47.6115 bootstraps=438
node=7220/7814 op=gather seconds=569.859 eta_seconds=46.8831 bootstraps=440
node=7230/7814 op=addp seconds=571.197 eta_seconds=46.1382 bootstraps=442
node=7240/7814 op=gather seconds=572.712 eta_seconds=45.4056 bootstraps=444
node=7250/7814 op=sum seconds=572.975 eta_seconds=44.5735 bootstraps=444
node=7260/7814 op=cheb seconds=575.006 eta_seconds=43.8778 bootstraps=446
node=7270/7814 op=mul seconds=575.561 eta_seconds=43.0681 bootstraps=446
node=7280/7814 op=gather seconds=575.797 eta_seconds=42.2356 bootstraps=446
node=7290/7814 op=scatter seconds=576.017 eta_seconds=41.4037 bootstraps=446
node=7300/7814 op=gather seconds=576.267 eta_seconds=40.5755 bootstraps=446
node=7310/7814 op=add seconds=578.002 eta_seconds=39.8513 bootstraps=448
node=7320/7814 op=mul seconds=578.288 eta_seconds=39.0266 bootstraps=448
node=7330/7814 op=mul seconds=578.681 eta_seconds=38.2103 bootstraps=448
node=7340/7814 op=mul seconds=579.069 eta_seconds=37.3949 bootstraps=448
node=7350/7814 op=mul seconds=579.56 eta_seconds=36.5872 bootstraps=448
node=7360/7814 op=cheb seconds=580.792 eta_seconds=35.826 bootstraps=450
node=7370/7814 op=add seconds=582.718 eta_seconds=35.1054 bootstraps=452
node=7380/7814 op=linear_ref seconds=584.251 eta_seconds=34.3584 bootstraps=454
node=7390/7814 op=mul seconds=584.325 eta_seconds=33.5256 bootstraps=454
node=7400/7814 op=cheb seconds=587.294 eta_seconds=32.8567 bootstraps=456
node=7410/7814 op=cheb seconds=587.904 eta_seconds=32.0531 bootstraps=456
node=7420/7814 op=addp seconds=588.375 eta_seconds=31.2425 bootstraps=456
node=7430/7814 op=scatter seconds=589.085 eta_seconds=30.4453 bootstraps=456
node=7440/7814 op=add seconds=590.529 eta_seconds=29.6852 bootstraps=458
node=7450/7814 op=mul seconds=590.879 eta_seconds=28.8698 bootstraps=458
node=7460/7814 op=add seconds=591.143 eta_seconds=28.0516 bootstraps=458
node=7470/7814 op=repeat seconds=591.444 eta_seconds=27.2365 bootstraps=458
node=7480/7814 op=sum seconds=591.783 eta_seconds=26.4245 bootstraps=458
node=7490/7814 op=add seconds=592.142 eta_seconds=25.6147 bootstraps=458
node=7500/7814 op=mul seconds=593.445 eta_seconds=24.8456 bootstraps=460
node=7510/7814 op=gather seconds=594.044 eta_seconds=24.0465 bootstraps=460
node=7520/7814 op=addp seconds=595.478 eta_seconds=23.2807 bootstraps=462
node=7530/7814 op=gather seconds=597.018 eta_seconds=22.517 bootstraps=464
node=7540/7814 op=mul seconds=597.122 eta_seconds=21.6991 bootstraps=464
node=7550/7814 op=repeat seconds=599.317 eta_seconds=20.9563 bootstraps=466
node=7560/7814 op=mulp seconds=599.777 eta_seconds=20.1513 bootstraps=466
node=7570/7814 op=gather seconds=600.15 eta_seconds=19.3443 bootstraps=466
node=7580/7814 op=mul seconds=600.717 eta_seconds=18.5446 bootstraps=466
node=7590/7814 op=scatter seconds=602.204 eta_seconds=17.7726 bootstraps=468
node=7600/7814 op=add seconds=602.317 eta_seconds=16.96 bootstraps=468
node=7610/7814 op=mul seconds=602.594 eta_seconds=16.1536 bootstraps=468
node=7620/7814 op=mul seconds=602.903 eta_seconds=15.3495 bootstraps=468
node=7630/7814 op=mul seconds=603.123 eta_seconds=14.5445 bootstraps=468
node=7640/7814 op=mul seconds=603.42 eta_seconds=13.7428 bootstraps=468
node=7650/7814 op=cheb seconds=604.866 eta_seconds=12.9671 bootstraps=470
node=7660/7814 op=add seconds=606.651 eta_seconds=12.1964 bootstraps=472
node=7670/7814 op=linear_ref seconds=608.182 eta_seconds=11.4183 bootstraps=474
node=7680/7814 op=cheb seconds=608.293 eta_seconds=10.6134 bootstraps=474
node=7690/7814 op=cheb seconds=610.126 eta_seconds=9.83819 bootstraps=476
node=7700/7814 op=cheb seconds=610.693 eta_seconds=9.04143 bootstraps=476
node=7710/7814 op=repeat seconds=611.08 eta_seconds=8.24284 bootstraps=476
node=7720/7814 op=mul seconds=611.326 eta_seconds=7.44361 bootstraps=476
node=7730/7814 op=add seconds=611.714 eta_seconds=6.64735 bootstraps=476
node=7740/7814 op=cheb seconds=612.03 eta_seconds=5.85145 bootstraps=476
node=7750/7814 op=add seconds=613.643 eta_seconds=5.0675 bootstraps=478
node=7760/7814 op=repeat seconds=613.879 eta_seconds=4.27184 bootstraps=478
node=7770/7814 op=sum seconds=614.12 eta_seconds=3.47764 bootstraps=478
node=7780/7814 op=add seconds=614.339 eta_seconds=2.68477 bootstraps=478
node=7790/7814 op=mul seconds=615.789 eta_seconds=1.89717 bootstraps=480
node=7800/7814 op=gather seconds=616.327 eta_seconds=1.10623 bootstraps=480
node=7810/7814 op=addp seconds=617.862 eta_seconds=0.316447 bootstraps=482
node=7814/7814 op=mulp seconds=618.875 eta_seconds=0 bootstraps=484
client_token=315 logit_margin=0.674904
passed=1 polynomial_error=5.00072e-07 exact_error=4.70075e-05 eval_seconds=618.954
