GPU 0: NVIDIA GB10
 SMs: 48, SharedMem: 100 KB, Blocks/SM: 24, Threads/SM: 1536, L2 size: 24 MB, Bus: 256-bit
Adding bootstrap precomputation to GPU for 32768 slots.
Plaintexts loaded: 248 ~ 6262MB
Rotation keys loaded: 85 ~ 15300MB
setup_seconds=26.6053
planned_logical_refreshes=623
node=1/7910 op=public seconds=0.188184 eta_seconds=1488.35 bootstraps=0
node=11/7910 op=public seconds=1.52891 eta_seconds=1097.9 bootstraps=0
node=21/7910 op=mul seconds=2.46508 eta_seconds=926.049 bootstraps=0
node=31/7910 op=gather seconds=5.34092 eta_seconds=1357.45 bootstraps=0
node=41/7910 op=mul seconds=6.65074 eta_seconds=1276.45 bootstraps=0
node=51/7910 op=repeat seconds=7.45622 eta_seconds=1148.99 bootstraps=0
node=61/7910 op=mulp seconds=7.90013 eta_seconds=1016.53 bootstraps=0
node=71/7910 op=add seconds=8.7256 eta_seconds=963.38 bootstraps=0
node=81/7910 op=add seconds=9.87651 eta_seconds=954.608 bootstraps=0
node=91/7910 op=scatter seconds=10.8477 eta_seconds=932.071 bootstraps=0
node=111/7910 op=mul seconds=14.0844 eta_seconds=989.589 bootstraps=2
node=121/7910 op=mul seconds=15.3477 eta_seconds=987.959 bootstraps=2
node=131/7910 op=scatter seconds=19.1369 eta_seconds=1136.38 bootstraps=4
node=141/7910 op=gather seconds=23.1408 eta_seconds=1275.04 bootstraps=8
node=161/7910 op=cheb seconds=25.6158 eta_seconds=1232.9 bootstraps=10
node=171/7910 op=sum seconds=25.896 eta_seconds=1171.98 bootstraps=10
node=181/7910 op=addp seconds=26.092 eta_seconds=1114.17 bootstraps=10
node=191/7910 op=scatter seconds=28.6384 eta_seconds=1157.38 bootstraps=12
node=201/7910 op=mul seconds=30.6269 eta_seconds=1174.64 bootstraps=12
node=211/7910 op=scatter seconds=31.6167 eta_seconds=1153.64 bootstraps=12
node=221/7910 op=sum seconds=32.1545 eta_seconds=1118.71 bootstraps=12
node=231/7910 op=scatter seconds=34.5949 eta_seconds=1150.02 bootstraps=14
node=241/7910 op=gather seconds=37.2717 eta_seconds=1186.04 bootstraps=16
node=251/7910 op=cheb seconds=41.1923 eta_seconds=1256.94 bootstraps=20
node=271/7910 op=repeat seconds=44.4552 eta_seconds=1253.11 bootstraps=22
node=281/7910 op=addp seconds=45.1155 eta_seconds=1224.86 bootstraps=22
node=291/7910 op=repeat seconds=45.459 eta_seconds=1190.21 bootstraps=22
node=301/7910 op=mul seconds=45.9306 eta_seconds=1161.08 bootstraps=22
node=311/7910 op=scatter seconds=48.9173 eta_seconds=1195.25 bootstraps=24
node=321/7910 op=mul seconds=50.1646 eta_seconds=1185.98 bootstraps=24
node=341/7910 op=add seconds=52.0752 eta_seconds=1155.89 bootstraps=24
node=351/7910 op=cheb seconds=54.9485 eta_seconds=1183.35 bootstraps=26
node=361/7910 op=add seconds=58.0504 eta_seconds=1213.91 bootstraps=28
node=371/7910 op=linear seconds=60.4631 eta_seconds=1228.66 bootstraps=30
node=381/7910 op=cheb seconds=62.3529 eta_seconds=1232.17 bootstraps=32
node=391/7910 op=add seconds=63.0015 eta_seconds=1211.53 bootstraps=32
node=401/7910 op=mulp seconds=63.3593 eta_seconds=1186.45 bootstraps=32
node=411/7910 op=addp seconds=63.5589 eta_seconds=1159.68 bootstraps=32
node=421/7910 op=mul seconds=64.0063 eta_seconds=1138.58 bootstraps=32
node=431/7910 op=gather seconds=69.5822 eta_seconds=1207.44 bootstraps=36
node=441/7910 op=add seconds=70.1843 eta_seconds=1188.68 bootstraps=36
node=451/7910 op=mulp seconds=71.0659 eta_seconds=1175.35 bootstraps=36
node=461/7910 op=add seconds=74.2215 eta_seconds=1199.3 bootstraps=38
node=471/7910 op=linear seconds=76.6374 eta_seconds=1210.41 bootstraps=40
node=481/7910 op=mulp seconds=79.0046 eta_seconds=1220.22 bootstraps=42
node=491/7910 op=gather seconds=81.4228 eta_seconds=1230.3 bootstraps=44
node=501/7910 op=cheb seconds=83.5271 eta_seconds=1235.23 bootstraps=46
node=511/7910 op=sum seconds=84.1625 eta_seconds=1218.63 bootstraps=46
node=521/7910 op=addp seconds=84.4452 eta_seconds=1197.63 bootstraps=46
node=531/7910 op=gather seconds=85.0113 eta_seconds=1181.35 bootstraps=46
node=541/7910 op=add seconds=87.3721 eta_seconds=1190.1 bootstraps=48
node=551/7910 op=add seconds=89.2192 eta_seconds=1191.59 bootstraps=48
node=561/7910 op=add seconds=90.6943 eta_seconds=1188.08 bootstraps=48
node=571/7910 op=repeat seconds=91.1543 eta_seconds=1171.6 bootstraps=48
node=581/7910 op=mulp seconds=93.8976 eta_seconds=1184.47 bootstraps=50
node=591/7910 op=mul seconds=97.9263 eta_seconds=1212.73 bootstraps=54
node=601/7910 op=mul seconds=100.287 eta_seconds=1219.63 bootstraps=56
node=611/7910 op=gather seconds=101.411 eta_seconds=1211.45 bootstraps=56
node=621/7910 op=mul seconds=103.934 eta_seconds=1219.92 bootstraps=58
node=631/7910 op=repeat seconds=104.289 eta_seconds=1203.04 bootstraps=58
node=641/7910 op=mulp seconds=104.508 eta_seconds=1185.13 bootstraps=58
node=651/7910 op=add seconds=104.971 eta_seconds=1170.48 bootstraps=58
node=661/7910 op=add seconds=109.644 eta_seconds=1202.44 bootstraps=62
node=671/7910 op=scatter seconds=110.862 eta_seconds=1196.02 bootstraps=62
node=691/7910 op=mul seconds=112.635 eta_seconds=1176.72 bootstraps=62
node=701/7910 op=mul seconds=115.386 eta_seconds=1186.62 bootstraps=64
node=711/7910 op=scatter seconds=118.486 eta_seconds=1199.69 bootstraps=66
node=721/7910 op=gather seconds=121.185 eta_seconds=1208.32 bootstraps=68
node=741/7910 op=cheb seconds=123.975 eta_seconds=1199.43 bootstraps=70
node=751/7910 op=sum seconds=124.227 eta_seconds=1184.2 bootstraps=70
node=761/7910 op=addp seconds=124.408 eta_seconds=1168.71 bootstraps=70
node=771/7910 op=scatter seconds=126.814 eta_seconds=1174.22 bootstraps=72
node=781/7910 op=mul seconds=129.041 eta_seconds=1177.89 bootstraps=72
node=791/7910 op=scatter seconds=130.176 eta_seconds=1171.59 bootstraps=72
node=801/7910 op=sum seconds=130.758 eta_seconds=1160.49 bootstraps=72
node=811/7910 op=scatter seconds=133.677 eta_seconds=1170.13 bootstraps=74
node=821/7910 op=gather seconds=134.667 eta_seconds=1162.8 bootstraps=74
node=831/7910 op=cheb seconds=138.551 eta_seconds=1180.27 bootstraps=78
node=851/7910 op=repeat seconds=141.59 eta_seconds=1174.48 bootstraps=80
node=861/7910 op=addp seconds=142.165 eta_seconds=1163.9 bootstraps=80
node=871/7910 op=repeat seconds=145.379 eta_seconds=1174.88 bootstraps=84
node=881/7910 op=mul seconds=146.372 eta_seconds=1167.82 bootstraps=84
node=891/7910 op=scatter seconds=147.51 eta_seconds=1162.03 bootstraps=84
node=901/7910 op=mul seconds=148.265 eta_seconds=1153.37 bootstraps=84
node=921/7910 op=add seconds=151.918 eta_seconds=1152.83 bootstraps=86
node=931/7910 op=cheb seconds=154.71 eta_seconds=1159.75 bootstraps=88
node=941/7910 op=add seconds=157.833 eta_seconds=1168.9 bootstraps=90
node=951/7910 op=linear seconds=160.529 eta_seconds=1174.68 bootstraps=92
node=961/7910 op=cheb seconds=160.688 eta_seconds=1161.94 bootstraps=92
node=971/7910 op=add seconds=162.791 eta_seconds=1163.34 bootstraps=94
node=981/7910 op=mulp seconds=164.601 eta_seconds=1162.61 bootstraps=96
node=991/7910 op=addp seconds=166.216 eta_seconds=1160.49 bootstraps=98
node=1001/7910 op=mul seconds=167.157 eta_seconds=1153.73 bootstraps=98
node=1011/7910 op=gather seconds=168.756 eta_seconds=1151.58 bootstraps=98
node=1021/7910 op=add seconds=171.068 eta_seconds=1154.25 bootstraps=100
node=1031/7910 op=mulp seconds=172.018 eta_seconds=1147.73 bootstraps=100
node=1041/7910 op=add seconds=173.482 eta_seconds=1144.72 bootstraps=100
node=1051/7910 op=linear seconds=176.169 eta_seconds=1149.71 bootstraps=102
node=1061/7910 op=mulp seconds=178.383 eta_seconds=1151.5 bootstraps=104
node=1071/7910 op=gather seconds=181.063 eta_seconds=1156.2 bootstraps=106
node=1081/7910 op=cheb seconds=183.125 eta_seconds=1156.86 bootstraps=108
node=1091/7910 op=sum seconds=183.822 eta_seconds=1148.93 bootstraps=108
node=1101/7910 op=addp seconds=184.108 eta_seconds=1138.59 bootstraps=108
node=1111/7910 op=gather seconds=184.723 eta_seconds=1130.45 bootstraps=108
node=1121/7910 op=add seconds=187.076 eta_seconds=1132.97 bootstraps=110
node=1131/7910 op=add seconds=188.927 eta_seconds=1132.39 bootstraps=110
node=1141/7910 op=add seconds=190.388 eta_seconds=1129.48 bootstraps=110
node=1151/7910 op=repeat seconds=190.849 eta_seconds=1120.72 bootstraps=110
node=1161/7910 op=mulp seconds=193.674 eta_seconds=1125.84 bootstraps=112
node=1171/7910 op=mul seconds=196.174 eta_seconds=1128.96 bootstraps=114
node=1181/7910 op=mul seconds=198.533 eta_seconds=1131.18 bootstraps=116
node=1191/7910 op=gather seconds=199.666 eta_seconds=1126.41 bootstraps=116
node=1201/7910 op=mul seconds=202.246 eta_seconds=1129.78 bootstraps=118
node=1211/7910 op=repeat seconds=202.587 eta_seconds=1120.67 bootstraps=118
node=1221/7910 op=mulp seconds=202.774 eta_seconds=1110.86 bootstraps=118
node=1231/7910 op=add seconds=204.83 eta_seconds=1111.34 bootstraps=120
node=1241/7910 op=add seconds=206.528 eta_seconds=1109.86 bootstraps=120
node=1251/7910 op=scatter seconds=207.747 eta_seconds=1105.83 bootstraps=120
node=1271/7910 op=mul seconds=209.521 eta_seconds=1094.42 bootstraps=120
node=1281/7910 op=mul seconds=212.282 eta_seconds=1098.53 bootstraps=122
node=1291/7910 op=scatter seconds=215.389 eta_seconds=1104.31 bootstraps=124
node=1301/7910 op=gather seconds=218.1 eta_seconds=1107.94 bootstraps=126
node=1321/7910 op=cheb seconds=220.849 eta_seconds=1101.57 bootstraps=128
node=1331/7910 op=sum seconds=221.1 eta_seconds=1092.87 bootstraps=128
node=1341/7910 op=addp seconds=221.283 eta_seconds=1083.97 bootstraps=128
node=1351/7910 op=scatter seconds=223.728 eta_seconds=1086.18 bootstraps=130
node=1361/7910 op=mul seconds=225.979 eta_seconds=1087.39 bootstraps=130
node=1371/7910 op=scatter seconds=227.113 eta_seconds=1083.22 bootstraps=130
node=1381/7910 op=sum seconds=227.691 eta_seconds=1076.46 bootstraps=130
node=1391/7910 op=scatter seconds=231.924 eta_seconds=1086.93 bootstraps=134
node=1401/7910 op=gather seconds=233.025 eta_seconds=1082.63 bootstraps=134
node=1411/7910 op=cheb seconds=237.024 eta_seconds=1091.72 bootstraps=138
node=1421/7910 op=cheb seconds=237.7 eta_seconds=1085.46 bootstraps=138
node=1431/7910 op=gather seconds=240.66 eta_seconds=1089.61 bootstraps=138
node=1441/7910 op=repeat seconds=244.418 eta_seconds=1097.25 bootstraps=140
node=1451/7910 op=addp seconds=245.38 eta_seconds=1092.29 bootstraps=140
node=1461/7910 op=repeat seconds=246.125 eta_seconds=1086.42 bootstraps=140
node=1471/7910 op=mul seconds=246.97 eta_seconds=1081.06 bootstraps=140
node=1481/7910 op=scatter seconds=247.858 eta_seconds=1075.95 bootstraps=140
node=1491/7910 op=mul seconds=248.883 eta_seconds=1071.48 bootstraps=140
node=1501/7910 op=addp seconds=250.063 eta_seconds=1067.73 bootstraps=140
node=1511/7910 op=repeat seconds=252.197 eta_seconds=1068.04 bootstraps=142
node=1521/7910 op=mul seconds=253.302 eta_seconds=1064 bootstraps=142
node=1531/7910 op=mul seconds=255.838 eta_seconds=1065.96 bootstraps=144
node=1541/7910 op=scatter seconds=258.974 eta_seconds=1070.35 bootstraps=146
node=1551/7910 op=gather seconds=262.796 eta_seconds=1077.45 bootstraps=150
node=1561/7910 op=mul seconds=263.53 eta_seconds=1071.84 bootstraps=150
node=1571/7910 op=cheb seconds=267.164 eta_seconds=1078.01 bootstraps=154
node=1581/7910 op=sum seconds=267.443 eta_seconds=1070.62 bootstraps=154
node=1591/7910 op=addp seconds=267.638 eta_seconds=1062.98 bootstraps=154
node=1601/7910 op=scatter seconds=270.195 eta_seconds=1064.75 bootstraps=156
node=1611/7910 op=mul seconds=272.171 eta_seconds=1064.19 bootstraps=156
node=1621/7910 op=scatter seconds=273.163 eta_seconds=1059.79 bootstraps=156
node=1631/7910 op=mulp seconds=273.529 eta_seconds=1053.03 bootstraps=156
node=1641/7910 op=repeat seconds=276.06 eta_seconds=1054.61 bootstraps=158
node=1651/7910 op=mulp seconds=278.192 eta_seconds=1054.64 bootstraps=160
node=1661/7910 op=mul seconds=280.979 eta_seconds=1057.1 bootstraps=162
node=1671/7910 op=mul seconds=283.34 eta_seconds=1057.9 bootstraps=164
node=1681/7910 op=gather seconds=284.478 eta_seconds=1054.14 bootstraps=164
node=1691/7910 op=mul seconds=289.381 eta_seconds=1064.26 bootstraps=168
node=1701/7910 op=repeat seconds=289.735 eta_seconds=1057.59 bootstraps=168
node=1711/7910 op=mulp seconds=289.954 eta_seconds=1050.51 bootstraps=168
node=1721/7910 op=add seconds=290.413 eta_seconds=1044.37 bootstraps=168
node=1731/7910 op=add seconds=293.731 eta_seconds=1048.5 bootstraps=170
node=1741/7910 op=scatter seconds=294.941 eta_seconds=1045.08 bootstraps=170
node=1751/7910 op=mul seconds=296.118 eta_seconds=1041.57 bootstraps=170
node=1761/7910 op=add seconds=296.585 eta_seconds=1035.61 bootstraps=170
node=1771/7910 op=add seconds=299.734 eta_seconds=1039 bootstraps=172
node=1781/7910 op=linear_ref seconds=300.673 eta_seconds=1034.71 bootstraps=172
node=1791/7910 op=mulp seconds=303.036 eta_seconds=1035.33 bootstraps=174
node=1801/7910 op=gather seconds=305.454 eta_seconds=1036.1 bootstraps=176
node=1811/7910 op=cheb seconds=308.086 eta_seconds=1037.56 bootstraps=178
node=1821/7910 op=sum seconds=308.775 eta_seconds=1032.47 bootstraps=178
node=1831/7910 op=addp seconds=309.01 eta_seconds=1025.93 bootstraps=178
node=1841/7910 op=gather seconds=309.585 eta_seconds=1020.57 bootstraps=178
node=1851/7910 op=add seconds=312.074 eta_seconds=1021.53 bootstraps=180
node=1861/7910 op=add seconds=313.939 eta_seconds=1020.43 bootstraps=180
node=1871/7910 op=add seconds=315.4 eta_seconds=1018.01 bootstraps=180
node=1881/7910 op=sum seconds=315.681 eta_seconds=1011.82 bootstraps=180
node=1891/7910 op=add seconds=316.337 eta_seconds=1006.89 bootstraps=180
node=1901/7910 op=cheb seconds=320.551 eta_seconds=1013.25 bootstraps=184
node=1911/7910 op=add seconds=323.807 eta_seconds=1016.49 bootstraps=186
node=1921/7910 op=linear_ref seconds=326.237 eta_seconds=1017.09 bootstraps=188
node=1931/7910 op=cheb seconds=328.239 eta_seconds=1016.33 bootstraps=190
node=1941/7910 op=add seconds=331.188 eta_seconds=1018.47 bootstraps=192
node=1951/7910 op=mulp seconds=331.576 eta_seconds=1012.74 bootstraps=192
node=1961/7910 op=addp seconds=331.809 eta_seconds=1006.59 bootstraps=192
node=1971/7910 op=mul seconds=333.841 eta_seconds=1005.93 bootstraps=194
node=1981/7910 op=gather seconds=336.433 eta_seconds=1006.92 bootstraps=194
node=1991/7910 op=add seconds=337.039 eta_seconds=1001.98 bootstraps=194
node=2001/7910 op=mul seconds=337.934 eta_seconds=997.928 bootstraps=194
node=2011/7910 op=sum seconds=338.634 eta_seconds=993.337 bootstraps=194
node=2021/7910 op=scatter seconds=341.552 eta_seconds=995.25 bootstraps=196
node=2031/7910 op=gather seconds=343.992 eta_seconds=995.73 bootstraps=198
node=2041/7910 op=cheb seconds=347.92 eta_seconds=1000.46 bootstraps=202
node=2051/7910 op=gather seconds=349.076 eta_seconds=997.19 bootstraps=202
node=2061/7910 op=repeat seconds=351.812 eta_seconds=998.421 bootstraps=204
node=2071/7910 op=addp seconds=352.475 eta_seconds=993.771 bootstraps=204
node=2081/7910 op=repeat seconds=352.816 eta_seconds=988.257 bootstraps=204
node=2091/7910 op=mul seconds=353.286 eta_seconds=983.152 bootstraps=204
node=2101/7910 op=scatter seconds=356.392 eta_seconds=985.38 bootstraps=206
node=2111/7910 op=mul seconds=357.644 eta_seconds=982.461 bootstraps=206
node=2121/7910 op=addp seconds=359.113 eta_seconds=980.154 bootstraps=206
node=2131/7910 op=repeat seconds=359.59 eta_seconds=975.162 bootstraps=206
node=2141/7910 op=mul seconds=360.195 eta_seconds=970.559 bootstraps=206
node=2151/7910 op=mul seconds=362.949 eta_seconds=971.745 bootstraps=208
node=2161/7910 op=scatter seconds=366.042 eta_seconds=973.798 bootstraps=210
node=2171/7910 op=gather seconds=368.729 eta_seconds=974.73 bootstraps=212
node=2181/7910 op=mul seconds=371.159 eta_seconds=974.951 bootstraps=214
node=2191/7910 op=cheb seconds=372.152 eta_seconds=971.399 bootstraps=214
node=2201/7910 op=sum seconds=372.402 eta_seconds=965.944 bootstraps=214
node=2211/7910 op=addp seconds=372.585 eta_seconds=960.363 bootstraps=214
node=2221/7910 op=scatter seconds=375.108 eta_seconds=960.823 bootstraps=216
node=2231/7910 op=mul seconds=377.328 eta_seconds=960.487 bootstraps=216
node=2241/7910 op=scatter seconds=378.475 eta_seconds=957.418 bootstraps=216
node=2251/7910 op=mulp seconds=378.843 eta_seconds=952.408 bootstraps=216
node=2261/7910 op=repeat seconds=379.742 eta_seconds=948.766 bootstraps=216
node=2271/7910 op=mulp seconds=382.506 eta_seconds=949.779 bootstraps=218
node=2281/7910 op=mul seconds=385.058 eta_seconds=950.236 bootstraps=220
node=2291/7910 op=mul seconds=387.38 eta_seconds=950.104 bootstraps=222
node=2301/7910 op=gather seconds=388.584 eta_seconds=947.226 bootstraps=222
node=2311/7910 op=mul seconds=391.713 eta_seconds=949.027 bootstraps=224
node=2321/7910 op=repeat seconds=393.598 eta_seconds=947.79 bootstraps=226
node=2331/7910 op=mulp seconds=395.21 eta_seconds=945.892 bootstraps=228
node=2341/7910 op=add seconds=396.196 eta_seconds=942.509 bootstraps=228
node=2351/7910 op=add seconds=397.664 eta_seconds=940.286 bootstraps=228
node=2361/7910 op=scatter seconds=399.94 eta_seconds=939.969 bootstraps=230
node=2371/7910 op=mul seconds=401.312 eta_seconds=937.522 bootstraps=230
node=2381/7910 op=add seconds=401.784 eta_seconds=932.995 bootstraps=230
node=2391/7910 op=add seconds=404.889 eta_seconds=934.58 bootstraps=232
node=2401/7910 op=linear_ref seconds=405.789 eta_seconds=931.066 bootstraps=232
node=2411/7910 op=mulp seconds=408.176 eta_seconds=930.966 bootstraps=234
node=2421/7910 op=gather seconds=410.892 eta_seconds=931.593 bootstraps=236
node=2431/7910 op=cheb seconds=414.826 eta_seconds=934.936 bootstraps=240
node=2441/7910 op=sum seconds=416.998 eta_seconds=934.273 bootstraps=242
node=2451/7910 op=addp seconds=418.549 eta_seconds=932.215 bootstraps=244
node=2461/7910 op=gather seconds=421.055 eta_seconds=932.276 bootstraps=246
node=2471/7910 op=add seconds=421.453 eta_seconds=927.675 bootstraps=246
node=2481/7910 op=add seconds=422.66 eta_seconds=924.878 bootstraps=246
node=2491/7910 op=add seconds=425.905 eta_seconds=926.526 bootstraps=248
node=2501/7910 op=sum seconds=426.317 eta_seconds=922.011 bootstraps=248
node=2511/7910 op=add seconds=427.248 eta_seconds=918.642 bootstraps=248
node=2521/7910 op=cheb seconds=429.579 eta_seconds=918.286 bootstraps=250
node=2531/7910 op=add seconds=432.903 eta_seconds=920.025 bootstraps=252
node=2541/7910 op=linear_ref seconds=435.551 eta_seconds=920.296 bootstraps=254
node=2551/7910 op=cheb seconds=437.579 eta_seconds=919.241 bootstraps=256
node=2561/7910 op=add seconds=441.17 eta_seconds=921.445 bootstraps=258
node=2571/7910 op=mulp seconds=441.558 eta_seconds=916.95 bootstraps=258
node=2581/7910 op=addp seconds=441.835 eta_seconds=912.259 bootstraps=258
node=2591/7910 op=mul seconds=443.86 eta_seconds=911.189 bootstraps=260
node=2601/7910 op=gather seconds=446.423 eta_seconds=911.211 bootstraps=260
node=2611/7910 op=add seconds=447.024 eta_seconds=907.232 bootstraps=260
node=2621/7910 op=mul seconds=447.905 eta_seconds=903.842 bootstraps=260
node=2631/7910 op=sum seconds=448.6 eta_seconds=900.098 bootstraps=260
node=2641/7910 op=scatter seconds=451.563 eta_seconds=900.902 bootstraps=262
node=2651/7910 op=gather seconds=452.5 eta_seconds=897.661 bootstraps=262
node=2661/7910 op=cheb seconds=456.421 eta_seconds=900.321 bootstraps=266
node=2671/7910 op=gather seconds=457.572 eta_seconds=897.498 bootstraps=266
node=2681/7910 op=repeat seconds=460.378 eta_seconds=897.916 bootstraps=268
node=2691/7910 op=addp seconds=461.013 eta_seconds=894.101 bootstraps=268
node=2701/7910 op=repeat seconds=461.319 eta_seconds=889.675 bootstraps=268
node=2711/7910 op=mul seconds=463.489 eta_seconds=888.853 bootstraps=270
node=2721/7910 op=scatter seconds=464.846 eta_seconds=886.47 bootstraps=270
node=2731/7910 op=mul seconds=466.088 eta_seconds=883.878 bootstraps=270
node=2741/7910 op=addp seconds=467.551 eta_seconds=881.711 bootstraps=270
node=2751/7910 op=repeat seconds=468.022 eta_seconds=877.69 bootstraps=270
node=2761/7910 op=mul seconds=468.617 eta_seconds=873.926 bootstraps=270
node=2771/7910 op=mul seconds=471.362 eta_seconds=874.171 bootstraps=272
node=2781/7910 op=scatter seconds=474.454 eta_seconds=875.035 bootstraps=274
node=2791/7910 op=gather seconds=477.159 eta_seconds=875.163 bootstraps=276
node=2801/7910 op=mul seconds=479.594 eta_seconds=874.776 bootstraps=278
node=2811/7910 op=cheb seconds=480.536 eta_seconds=871.667 bootstraps=278
node=2821/7910 op=sum seconds=480.789 eta_seconds=867.329 bootstraps=278
node=2831/7910 op=addp seconds=480.969 eta_seconds=862.89 bootstraps=278
node=2841/7910 op=scatter seconds=483.483 eta_seconds=862.645 bootstraps=280
node=2851/7910 op=mul seconds=485.73 eta_seconds=861.912 bootstraps=280
node=2861/7910 op=scatter seconds=486.872 eta_seconds=859.216 bootstraps=280
node=2871/7910 op=mulp seconds=487.237 eta_seconds=855.168 bootstraps=280
node=2881/7910 op=repeat seconds=488.125 eta_seconds=852.059 bootstraps=280
node=2891/7910 op=mulp seconds=492.21 eta_seconds=854.515 bootstraps=284
node=2901/7910 op=mul seconds=494.974 eta_seconds=854.644 bootstraps=286
node=2911/7910 op=mul seconds=497.283 eta_seconds=853.975 bootstraps=288
client_token=315 logit_margin=1.89748
node=2921/7910 op=mul seconds=498.117 eta_seconds=850.772 bootstraps=288
node=2931/7910 op=gather seconds=501.03 eta_seconds=851.118 bootstraps=288
node=2941/7910 op=mul seconds=505.157 eta_seconds=853.493 bootstraps=290
node=2951/7910 op=repeat seconds=505.957 eta_seconds=850.234 bootstraps=290
node=2961/7910 op=mulp seconds=506.404 eta_seconds=846.402 bootstraps=290
node=2971/7910 op=add seconds=507.229 eta_seconds=843.219 bootstraps=290
node=2981/7910 op=add seconds=508.385 eta_seconds=840.6 bootstraps=290
node=2991/7910 op=scatter seconds=509.352 eta_seconds=837.681 bootstraps=290
node=3001/7910 op=mul seconds=510.297 eta_seconds=834.739 bootstraps=290
node=3011/7910 op=mul seconds=512.42 eta_seconds=833.724 bootstraps=292
node=3021/7910 op=mul seconds=513.763 eta_seconds=831.442 bootstraps=292
node=3031/7910 op=sum seconds=515.337 eta_seconds=829.538 bootstraps=292
node=3041/7910 op=cheb seconds=519.459 eta_seconds=831.715 bootstraps=296
node=3051/7910 op=repeat seconds=521.841 eta_seconds=831.08 bootstraps=298
node=3061/7910 op=gather seconds=522.754 eta_seconds=828.107 bootstraps=298
node=3071/7910 op=repeat seconds=525.843 eta_seconds=828.575 bootstraps=300
node=3081/7910 op=cheb seconds=526.235 eta_seconds=824.794 bootstraps=300
node=3091/7910 op=mul seconds=526.46 eta_seconds=820.773 bootstraps=300
node=3101/7910 op=mulp seconds=528.587 eta_seconds=819.728 bootstraps=302
node=3111/7910 op=scatter seconds=530.261 eta_seconds=817.976 bootstraps=302
node=3121/7910 op=add seconds=531.176 eta_seconds=815.059 bootstraps=302
node=3131/7910 op=mul seconds=532.634 eta_seconds=812.985 bootstraps=302
node=3141/7910 op=repeat seconds=533.099 eta_seconds=809.407 bootstraps=302
node=3151/7910 op=sum seconds=533.785 eta_seconds=806.183 bootstraps=302
node=3161/7910 op=scatter seconds=536.76 eta_seconds=806.414 bootstraps=304
node=3171/7910 op=gather seconds=539.215 eta_seconds=805.847 bootstraps=306
node=3181/7910 op=cheb seconds=543.128 eta_seconds=807.436 bootstraps=310
node=3191/7910 op=gather seconds=544.278 eta_seconds=804.904 bootstraps=310
node=3201/7910 op=repeat seconds=548.732 eta_seconds=807.241 bootstraps=314
node=3211/7910 op=addp seconds=549.383 eta_seconds=803.972 bootstraps=314
node=3221/7910 op=repeat seconds=549.722 eta_seconds=800.262 bootstraps=314
node=3231/7910 op=mul seconds=550.193 eta_seconds=796.767 bootstraps=314
node=3241/7910 op=scatter seconds=553.165 eta_seconds=796.891 bootstraps=316
node=3251/7910 op=mul seconds=554.406 eta_seconds=794.517 bootstraps=316
node=3261/7910 op=addp seconds=555.872 eta_seconds=792.472 bootstraps=316
node=3271/7910 op=mul seconds=556.144 eta_seconds=788.734 bootstraps=316
node=3281/7910 op=mul seconds=556.799 eta_seconds=785.56 bootstraps=316
node=3291/7910 op=mul seconds=559.948 eta_seconds=785.901 bootstraps=318
node=3301/7910 op=gather seconds=560.886 eta_seconds=783.133 bootstraps=318
node=3311/7910 op=addp seconds=563.261 eta_seconds=782.374 bootstraps=320
node=3321/7910 op=gather seconds=565.69 eta_seconds=781.678 bootstraps=322
node=3331/7910 op=cheb seconds=568.459 eta_seconds=781.439 bootstraps=324
node=3341/7910 op=mulp seconds=569.011 eta_seconds=778.154 bootstraps=324
node=3351/7910 op=cheb seconds=569.322 eta_seconds=774.557 bootstraps=324
node=3361/7910 op=mul seconds=571.881 eta_seconds=774.021 bootstraps=326
node=3371/7910 op=gather seconds=572.818 eta_seconds=771.291 bootstraps=326
node=3381/7910 op=mul seconds=574.273 eta_seconds=769.264 bootstraps=326
node=3391/7910 op=mulp seconds=575.733 eta_seconds=767.247 bootstraps=326
node=3401/7910 op=sum seconds=576.015 eta_seconds=763.673 bootstraps=326
node=3411/7910 op=add seconds=576.68 eta_seconds=760.623 bootstraps=326
node=3421/7910 op=add seconds=579.841 eta_seconds=760.861 bootstraps=328
node=3431/7910 op=linear_ref seconds=582.266 eta_seconds=760.119 bootstraps=330
node=3441/7910 op=mulp seconds=584.644 eta_seconds=759.306 bootstraps=332
node=3451/7910 op=gather seconds=587.076 eta_seconds=758.555 bootstraps=334
node=3461/7910 op=cheb seconds=591.585 eta_seconds=760.463 bootstraps=338
node=3471/7910 op=sum seconds=592.217 eta_seconds=757.375 bootstraps=338
node=3481/7910 op=addp seconds=592.5 eta_seconds=753.859 bootstraps=338
node=3491/7910 op=gather seconds=593.066 eta_seconds=750.719 bootstraps=338
node=3501/7910 op=add seconds=595.419 eta_seconds=749.844 bootstraps=340
node=3511/7910 op=add seconds=597.27 eta_seconds=748.331 bootstraps=340
node=3521/7910 op=add seconds=598.74 eta_seconds=746.342 bootstraps=340
node=3531/7910 op=mul seconds=598.784 eta_seconds=742.587 bootstraps=340
node=3541/7910 op=mul seconds=599.683 eta_seconds=739.909 bootstraps=340
node=3551/7910 op=linear_ref seconds=602.922 eta_seconds=740.112 bootstraps=342
node=3561/7910 op=mulp seconds=604.487 eta_seconds=738.252 bootstraps=344
node=3571/7910 op=sum seconds=607.741 eta_seconds=738.445 bootstraps=346
node=3581/7910 op=gather seconds=610.414 eta_seconds=737.918 bootstraps=348
node=3591/7910 op=cheb seconds=612.87 eta_seconds=737.117 bootstraps=350
node=3601/7910 op=mul seconds=613.779 eta_seconds=734.456 bootstraps=350
node=3611/7910 op=mulp seconds=614.037 eta_seconds=731.029 bootstraps=350
node=3621/7910 op=gather seconds=614.444 eta_seconds=727.796 bootstraps=350
node=3631/7910 op=scatter seconds=617.143 eta_seconds=727.28 bootstraps=352
node=3641/7910 op=mulp seconds=619.003 eta_seconds=725.769 bootstraps=352
node=3651/7910 op=scatter seconds=620.464 eta_seconds=723.79 bootstraps=352
node=3661/7910 op=mulp seconds=620.508 eta_seconds=720.169 bootstraps=352
node=3671/7910 op=repeat seconds=621.414 eta_seconds=717.563 bootstraps=352
node=3681/7910 op=mul seconds=622.018 eta_seconds=714.62 bootstraps=352
node=3691/7910 op=mul seconds=624.779 eta_seconds=714.154 bootstraps=354
node=3701/7910 op=scatter seconds=627.874 eta_seconds=714.056 bootstraps=356
node=3711/7910 op=gather seconds=630.559 eta_seconds=713.478 bootstraps=358
node=3721/7910 op=mul seconds=632.995 eta_seconds=712.609 bootstraps=360
node=3731/7910 op=cheb seconds=633.985 eta_seconds=710.111 bootstraps=360
node=3741/7910 op=sum seconds=634.237 eta_seconds=706.799 bootstraps=360
node=3751/7910 op=addp seconds=636.004 eta_seconds=705.183 bootstraps=362
node=3761/7910 op=scatter seconds=637.219 eta_seconds=702.957 bootstraps=362
node=3771/7910 op=mul seconds=639.302 eta_seconds=701.69 bootstraps=362
node=3781/7910 op=scatter seconds=640.443 eta_seconds=699.389 bootstraps=362
node=3791/7910 op=add seconds=640.807 eta_seconds=696.25 bootstraps=362
node=3801/7910 op=mul seconds=641.524 eta_seconds=693.508 bootstraps=362
node=3811/7910 op=cheb seconds=642.336 eta_seconds=690.877 bootstraps=362
node=3821/7910 op=repeat seconds=646.418 eta_seconds=691.757 bootstraps=366
node=3831/7910 op=mul seconds=649.703 eta_seconds=691.761 bootstraps=368
node=3841/7910 op=gather seconds=652.417 eta_seconds=691.144 bootstraps=370
node=3851/7910 op=cheb seconds=654.915 eta_seconds=690.289 bootstraps=372
node=3861/7910 op=cheb seconds=655.733 eta_seconds=687.662 bootstraps=372
node=3871/7910 op=mul seconds=657.548 eta_seconds=686.085 bootstraps=374
node=3881/7910 op=repeat seconds=659.199 eta_seconds=684.338 bootstraps=376
node=3891/7910 op=add seconds=660.131 eta_seconds=681.847 bootstraps=376
node=3901/7910 op=mul seconds=662.021 eta_seconds=680.349 bootstraps=376
node=3911/7910 op=gather seconds=664.602 eta_seconds=679.556 bootstraps=378
node=3921/7910 op=mul seconds=665.263 eta_seconds=676.801 bootstraps=378
node=3931/7910 op=sum seconds=665.97 eta_seconds=674.102 bootstraps=378
node=3941/7910 op=add seconds=666.623 eta_seconds=671.359 bootstraps=378
node=3951/7910 op=cheb seconds=669.419 eta_seconds=670.774 bootstraps=380
node=3961/7910 op=add seconds=672.543 eta_seconds=670.505 bootstraps=382
node=3971/7910 op=linear_ref seconds=675.248 eta_seconds=669.806 bootstraps=384
node=3981/7910 op=cheb seconds=675.42 eta_seconds=666.598 bootstraps=384
node=3991/7910 op=add seconds=681.148 eta_seconds=668.859 bootstraps=390
node=4001/7910 op=mulp seconds=682.919 eta_seconds=667.216 bootstraps=392
node=4011/7910 op=addp seconds=684.532 eta_seconds=665.418 bootstraps=394
node=4021/7910 op=mul seconds=685.475 eta_seconds=662.972 bootstraps=394
node=4031/7910 op=gather seconds=687.076 eta_seconds=661.168 bootstraps=394
node=4041/7910 op=add seconds=689.384 eta_seconds=660.041 bootstraps=396
node=4051/7910 op=mul seconds=690.364 eta_seconds=657.644 bootstraps=396
node=4061/7910 op=mul seconds=691.008 eta_seconds=654.935 bootstraps=396
node=4071/7910 op=mul seconds=692.285 eta_seconds=652.833 bootstraps=396
node=4081/7910 op=addp seconds=693.121 eta_seconds=650.321 bootstraps=396
node=4091/7910 op=linear_ref seconds=697.958 eta_seconds=651.553 bootstraps=400
node=4101/7910 op=mulp seconds=699.589 eta_seconds=649.777 bootstraps=402
node=4111/7910 op=addp seconds=700.728 eta_seconds=647.547 bootstraps=402
node=4121/7910 op=mulp seconds=706.288 eta_seconds=649.387 bootstraps=406
node=4131/7910 op=mul seconds=706.67 eta_seconds=646.455 bootstraps=406
node=4141/7910 op=repeat seconds=706.944 eta_seconds=643.437 bootstraps=406
node=4151/7910 op=mul seconds=708.948 eta_seconds=641.998 bootstraps=408
node=4161/7910 op=gather seconds=711.068 eta_seconds=640.662 bootstraps=408
node=4171/7910 op=scatter seconds=712.122 eta_seconds=638.366 bootstraps=408
node=4181/7910 op=mul seconds=713.01 eta_seconds=635.928 bootstraps=408
node=4191/7910 op=add seconds=713.488 eta_seconds=633.134 bootstraps=408
node=4201/7910 op=repeat seconds=714.392 eta_seconds=630.726 bootstraps=408
node=4211/7910 op=mulp seconds=717.233 eta_seconds=630.028 bootstraps=410
node=4221/7910 op=mul seconds=719.739 eta_seconds=629.026 bootstraps=412
node=4231/7910 op=mul seconds=722.104 eta_seconds=627.894 bootstraps=414
node=4241/7910 op=gather seconds=723.258 eta_seconds=625.709 bootstraps=414
node=4251/7910 op=mul seconds=726.485 eta_seconds=625.314 bootstraps=416
node=4261/7910 op=repeat seconds=726.828 eta_seconds=622.435 bootstraps=416
node=4271/7910 op=mulp seconds=727.019 eta_seconds=619.439 bootstraps=416
node=4281/7910 op=add seconds=729.189 eta_seconds=618.133 bootstraps=418
node=4291/7910 op=add seconds=730.89 eta_seconds=616.428 bootstraps=418
node=4301/7910 op=scatter seconds=732.111 eta_seconds=614.319 bootstraps=418
node=4311/7910 op=mul seconds=733.299 eta_seconds=612.188 bootstraps=418
node=4321/7910 op=mul seconds=733.774 eta_seconds=609.469 bootstraps=418
node=4331/7910 op=mul seconds=734.468 eta_seconds=606.941 bootstraps=418
node=4341/7910 op=sum seconds=737.442 eta_seconds=606.296 bootstraps=420
node=4351/7910 op=cheb seconds=739.95 eta_seconds=605.259 bootstraps=422
node=4361/7910 op=repeat seconds=742.322 eta_seconds=604.104 bootstraps=424
node=4371/7910 op=gather seconds=743.464 eta_seconds=601.949 bootstraps=424
node=4381/7910 op=repeat seconds=746.63 eta_seconds=601.428 bootstraps=426
node=4391/7910 op=cheb seconds=746.976 eta_seconds=598.635 bootstraps=426
node=4401/7910 op=mul seconds=747.168 eta_seconds=595.731 bootstraps=426
node=4411/7910 op=mulp seconds=747.642 eta_seconds=593.062 bootstraps=426
node=4421/7910 op=scatter seconds=751.084 eta_seconds=592.747 bootstraps=428
node=4431/7910 op=add seconds=752.015 eta_seconds=590.445 bootstraps=428
node=4441/7910 op=mul seconds=753.494 eta_seconds=588.577 bootstraps=428
node=4451/7910 op=repeat seconds=753.964 eta_seconds=585.927 bootstraps=428
node=4461/7910 op=sum seconds=754.651 eta_seconds=583.455 bootstraps=428
node=4471/7910 op=scatter seconds=758.903 eta_seconds=583.732 bootstraps=432
node=4481/7910 op=gather seconds=759.995 eta_seconds=581.572 bootstraps=432
node=4491/7910 op=cheb seconds=763.99 eta_seconds=581.626 bootstraps=436
client_token=279 logit_margin=2.90224
node=4501/7910 op=cheb seconds=764.753 eta_seconds=579.214 bootstraps=436
node=4511/7910 op=gather seconds=767.726 eta_seconds=578.475 bootstraps=436
node=4521/7910 op=repeat seconds=771.494 eta_seconds=578.322 bootstraps=438
node=4531/7910 op=addp seconds=772.452 eta_seconds=576.057 bootstraps=438
node=4541/7910 op=repeat seconds=773.194 eta_seconds=573.638 bootstraps=438
node=4551/7910 op=mul seconds=774.041 eta_seconds=571.304 bootstraps=438
node=4561/7910 op=scatter seconds=774.932 eta_seconds=569.009 bootstraps=438
node=4571/7910 op=mul seconds=775.953 eta_seconds=566.814 bootstraps=438
node=4581/7910 op=addp seconds=777.133 eta_seconds=564.741 bootstraps=438
node=4591/7910 op=sum seconds=777.361 eta_seconds=561.983 bootstraps=438
node=4601/7910 op=add seconds=780.155 eta_seconds=561.08 bootstraps=440
node=4611/7910 op=repeat seconds=781.906 eta_seconds=559.425 bootstraps=440
node=4621/7910 op=mulp seconds=783.105 eta_seconds=557.376 bootstraps=440
node=4631/7910 op=mul seconds=787.236 eta_seconds=557.406 bootstraps=444
node=4641/7910 op=mul seconds=789.631 eta_seconds=556.196 bootstraps=446
node=4651/7910 op=gather seconds=790.568 eta_seconds=553.958 bootstraps=446
node=4661/7910 op=mul seconds=793.668 eta_seconds=553.234 bootstraps=448
node=4671/7910 op=repeat seconds=794.069 eta_seconds=550.63 bootstraps=448
node=4681/7910 op=mulp seconds=794.288 eta_seconds=547.908 bootstraps=448
node=4691/7910 op=add seconds=796.428 eta_seconds=546.515 bootstraps=450
node=4701/7910 op=add seconds=798.132 eta_seconds=544.822 bootstraps=450
node=4711/7910 op=scatter seconds=799.355 eta_seconds=542.801 bootstraps=450
node=4721/7910 op=mul seconds=800.532 eta_seconds=540.754 bootstraps=450
node=4731/7910 op=repeat seconds=801.007 eta_seconds=538.238 bootstraps=450
node=4741/7910 op=sum seconds=801.717 eta_seconds=535.887 bootstraps=450
node=4751/7910 op=add seconds=802.379 eta_seconds=533.512 bootstraps=450
node=4761/7910 op=cheb seconds=806.743 eta_seconds=533.593 bootstraps=454
node=4771/7910 op=add seconds=810.012 eta_seconds=532.934 bootstraps=456
node=4781/7910 op=linear_ref seconds=812.694 eta_seconds=531.88 bootstraps=458
node=4791/7910 op=cheb seconds=812.838 eta_seconds=529.168 bootstraps=458
node=4801/7910 op=add seconds=817.689 eta_seconds=529.514 bootstraps=462
node=4811/7910 op=mulp seconds=818.044 eta_seconds=526.942 bootstraps=462
node=4821/7910 op=addp seconds=818.275 eta_seconds=524.3 bootstraps=462
node=4831/7910 op=mul seconds=818.734 eta_seconds=521.813 bootstraps=462
node=4841/7910 op=gather seconds=822.96 eta_seconds=521.723 bootstraps=464
node=4851/7910 op=add seconds=823.564 eta_seconds=519.332 bootstraps=464
node=4861/7910 op=mul seconds=824.457 eta_seconds=517.13 bootstraps=464
node=4871/7910 op=add seconds=824.936 eta_seconds=514.675 bootstraps=464
node=4881/7910 op=repeat seconds=825.836 eta_seconds=512.489 bootstraps=464
node=4891/7910 op=mul seconds=826.436 eta_seconds=510.123 bootstraps=464
node=4901/7910 op=mul seconds=829.271 eta_seconds=509.136 bootstraps=466
node=4911/7910 op=scatter seconds=832.362 eta_seconds=508.299 bootstraps=468
node=4921/7910 op=gather seconds=834.781 eta_seconds=507.044 bootstraps=470
node=4931/7910 op=mul seconds=837.258 eta_seconds=505.818 bootstraps=472
node=4941/7910 op=cheb seconds=838.092 eta_seconds=503.601 bootstraps=472
node=4951/7910 op=sum seconds=838.343 eta_seconds=501.042 bootstraps=472
node=4961/7910 op=addp seconds=838.524 eta_seconds=498.45 bootstraps=472
node=4971/7910 op=scatter seconds=841.039 eta_seconds=497.247 bootstraps=474
node=4981/7910 op=mul seconds=843.298 eta_seconds=495.889 bootstraps=474
node=4991/7910 op=scatter seconds=844.437 eta_seconds=493.871 bootstraps=474
node=5001/7910 op=mul seconds=844.797 eta_seconds=491.405 bootstraps=474
node=5011/7910 op=sum seconds=845.504 eta_seconds=489.147 bootstraps=474
node=5021/7910 op=add seconds=846.158 eta_seconds=486.865 bootstraps=474
node=5031/7910 op=add seconds=849.431 eta_seconds=486.088 bootstraps=476
node=5041/7910 op=linear_ref seconds=851.855 eta_seconds=484.819 bootstraps=478
node=5051/7910 op=mulp seconds=854.238 eta_seconds=483.521 bootstraps=480
node=5061/7910 op=gather seconds=856.652 eta_seconds=482.237 bootstraps=482
node=5071/7910 op=cheb seconds=861.123 eta_seconds=482.1 bootstraps=486
node=5081/7910 op=sum seconds=861.752 eta_seconds=479.806 bootstraps=486
node=5091/7910 op=addp seconds=862.037 eta_seconds=477.329 bootstraps=486
node=5101/7910 op=gather seconds=862.601 eta_seconds=475.014 bootstraps=486
node=5111/7910 op=add seconds=864.96 eta_seconds=473.689 bootstraps=488
node=5121/7910 op=add seconds=866.798 eta_seconds=472.076 bootstraps=488
node=5131/7910 op=add seconds=868.256 eta_seconds=470.256 bootstraps=488
node=5141/7910 op=mulp seconds=868.301 eta_seconds=467.677 bootstraps=488
node=5151/7910 op=repeat seconds=869.193 eta_seconds=465.561 bootstraps=488
node=5161/7910 op=sum seconds=869.884 eta_seconds=463.343 bootstraps=488
node=5171/7910 op=scatter seconds=872.873 eta_seconds=462.348 bootstraps=490
node=5181/7910 op=gather seconds=875.301 eta_seconds=461.049 bootstraps=492
node=5191/7910 op=cheb seconds=879.23 eta_seconds=460.533 bootstraps=496
node=5201/7910 op=gather seconds=880.394 eta_seconds=458.563 bootstraps=496
node=5211/7910 op=repeat seconds=883.133 eta_seconds=457.412 bootstraps=498
node=5221/7910 op=addp seconds=883.789 eta_seconds=455.182 bootstraps=498
node=5231/7910 op=repeat seconds=884.129 eta_seconds=452.797 bootstraps=498
node=5241/7910 op=mul seconds=884.602 eta_seconds=450.487 bootstraps=498
node=5251/7910 op=scatter seconds=887.74 eta_seconds=449.534 bootstraps=500
node=5261/7910 op=mul seconds=888.991 eta_seconds=447.622 bootstraps=500
node=5271/7910 op=addp seconds=890.457 eta_seconds=445.82 bootstraps=500
node=5281/7910 op=sum seconds=890.734 eta_seconds=443.428 bootstraps=500
node=5291/7910 op=add seconds=891.399 eta_seconds=441.235 bootstraps=500
node=5301/7910 op=repeat seconds=892.302 eta_seconds=439.166 bootstraps=500
node=5311/7910 op=mulp seconds=895.147 eta_seconds=438.051 bootstraps=502
node=5321/7910 op=mul seconds=897.658 eta_seconds=436.767 bootstraps=504
node=5331/7910 op=mul seconds=900.021 eta_seconds=435.407 bootstraps=506
node=5341/7910 op=gather seconds=901.17 eta_seconds=433.459 bootstraps=506
node=5351/7910 op=mul seconds=904.381 eta_seconds=432.501 bootstraps=508
node=5361/7910 op=repeat seconds=904.725 eta_seconds=430.171 bootstraps=508
node=5371/7910 op=mulp seconds=904.914 eta_seconds=427.774 bootstraps=508
node=5381/7910 op=add seconds=907.092 eta_seconds=426.322 bootstraps=510
node=5391/7910 op=add seconds=908.796 eta_seconds=424.644 bootstraps=510
node=5401/7910 op=scatter seconds=910.011 eta_seconds=422.74 bootstraps=510
node=5411/7910 op=mul seconds=911.19 eta_seconds=420.821 bootstraps=510
node=5421/7910 op=repeat seconds=911.664 eta_seconds=418.582 bootstraps=510
node=5431/7910 op=sum seconds=912.367 eta_seconds=416.453 bootstraps=510
node=5441/7910 op=add seconds=913.028 eta_seconds=414.311 bootstraps=510
node=5451/7910 op=cheb seconds=915.967 eta_seconds=413.202 bootstraps=512
node=5461/7910 op=add seconds=919.159 eta_seconds=412.199 bootstraps=514
node=5471/7910 op=linear_ref seconds=921.859 eta_seconds=410.969 bootstraps=516
node=5481/7910 op=cheb seconds=922.015 eta_seconds=408.607 bootstraps=516
node=5491/7910 op=add seconds=925.088 eta_seconds=407.537 bootstraps=518
node=5501/7910 op=mulp seconds=926.95 eta_seconds=405.93 bootstraps=520
node=5511/7910 op=addp seconds=928.608 eta_seconds=404.234 bootstraps=522
node=5521/7910 op=mul seconds=929.55 eta_seconds=402.227 bootstraps=522
node=5531/7910 op=gather seconds=931.406 eta_seconds=400.617 bootstraps=522
node=5541/7910 op=add seconds=933.657 eta_seconds=399.176 bootstraps=524
node=5551/7910 op=mul seconds=934.629 eta_seconds=397.188 bootstraps=524
node=5561/7910 op=add seconds=935.096 eta_seconds=394.99 bootstraps=524
node=5571/7910 op=repeat seconds=935.981 eta_seconds=392.974 bootstraps=524
node=5581/7910 op=mul seconds=937.887 eta_seconds=391.388 bootstraps=526
node=5591/7910 op=mul seconds=939.232 eta_seconds=389.569 bootstraps=526
node=5601/7910 op=scatter seconds=942.315 eta_seconds=388.467 bootstraps=528
node=5611/7910 op=gather seconds=945.033 eta_seconds=387.209 bootstraps=530
node=5621/7910 op=mul seconds=947.504 eta_seconds=385.845 bootstraps=532
node=5631/7910 op=cheb seconds=951.184 eta_seconds=384.967 bootstraps=536
node=5641/7910 op=sum seconds=952.741 eta_seconds=383.224 bootstraps=538
node=5651/7910 op=addp seconds=954.351 eta_seconds=381.504 bootstraps=540
node=5661/7910 op=scatter seconds=955.457 eta_seconds=379.584 bootstraps=540
node=5671/7910 op=mul seconds=956.848 eta_seconds=377.779 bootstraps=540
node=5681/7910 op=scatter seconds=959.756 eta_seconds=376.57 bootstraps=542
node=5691/7910 op=mul seconds=960.124 eta_seconds=374.366 bootstraps=542
node=5701/7910 op=sum seconds=961.111 eta_seconds=372.407 bootstraps=542
node=5711/7910 op=add seconds=962.025 eta_seconds=370.424 bootstraps=542
node=5721/7910 op=add seconds=963.438 eta_seconds=368.636 bootstraps=542
node=5731/7910 op=linear_ref seconds=966.065 eta_seconds=367.31 bootstraps=544
node=5741/7910 op=mulp seconds=968.469 eta_seconds=365.896 bootstraps=546
node=5751/7910 op=gather seconds=971.164 eta_seconds=364.587 bootstraps=548
node=5761/7910 op=cheb seconds=976.235 eta_seconds=364.161 bootstraps=552
node=5771/7910 op=sum seconds=976.933 eta_seconds=362.097 bootstraps=552
node=5781/7910 op=addp seconds=977.217 eta_seconds=359.885 bootstraps=552
node=5791/7910 op=gather seconds=977.827 eta_seconds=357.799 bootstraps=552
node=5801/7910 op=add seconds=980.192 eta_seconds=356.357 bootstraps=554
node=5811/7910 op=add seconds=982.05 eta_seconds=354.728 bootstraps=554
node=5821/7910 op=add seconds=983.514 eta_seconds=352.957 bootstraps=554
node=5831/7910 op=mulp seconds=983.558 eta_seconds=350.68 bootstraps=554
node=5841/7910 op=repeat seconds=984.462 eta_seconds=348.716 bootstraps=554
node=5851/7910 op=sum seconds=985.159 eta_seconds=346.683 bootstraps=554
node=5861/7910 op=scatter seconds=988.229 eta_seconds=345.484 bootstraps=556
node=5871/7910 op=gather seconds=989.181 eta_seconds=343.543 bootstraps=556
node=5881/7910 op=cheb seconds=993.115 eta_seconds=342.634 bootstraps=560
node=5891/7910 op=gather seconds=994.276 eta_seconds=340.765 bootstraps=560
node=5901/7910 op=repeat seconds=997.084 eta_seconds=339.458 bootstraps=562
node=5911/7910 op=addp seconds=997.726 eta_seconds=337.414 bootstraps=562
node=5921/7910 op=repeat seconds=998.034 eta_seconds=335.262 bootstraps=562
node=5931/7910 op=mul seconds=1000.22 eta_seconds=333.745 bootstraps=564
node=5941/7910 op=scatter seconds=1001.6 eta_seconds=331.957 bootstraps=564
node=5951/7910 op=mul seconds=1002.86 eta_seconds=330.129 bootstraps=564
node=5961/7910 op=addp seconds=1004.32 eta_seconds=328.373 bootstraps=564
node=5971/7910 op=sum seconds=1004.6 eta_seconds=326.23 bootstraps=564
node=5981/7910 op=add seconds=1005.27 eta_seconds=324.221 bootstraps=564
node=5991/7910 op=repeat seconds=1006.17 eta_seconds=322.292 bootstraps=564
node=6001/7910 op=mulp seconds=1009.03 eta_seconds=320.986 bootstraps=566
node=6011/7910 op=mul seconds=1011.53 eta_seconds=319.562 bootstraps=568
node=6021/7910 op=mul seconds=1013.89 eta_seconds=318.093 bootstraps=570
node=6031/7910 op=gather seconds=1015.03 eta_seconds=316.241 bootstraps=570
node=6041/7910 op=mul seconds=1018.19 eta_seconds=315.013 bootstraps=572
node=6051/7910 op=repeat seconds=1018.54 eta_seconds=312.919 bootstraps=572
node=6061/7910 op=mulp seconds=1018.73 eta_seconds=310.78 bootstraps=572
node=6071/7910 op=add seconds=1019.2 eta_seconds=308.731 bootstraps=572
node=6081/7910 op=add seconds=1022.63 eta_seconds=307.581 bootstraps=574
node=6091/7910 op=scatter seconds=1023.86 eta_seconds=305.762 bootstraps=574
node=6101/7910 op=mul seconds=1025.05 eta_seconds=303.935 bootstraps=574
node=6111/7910 op=repeat seconds=1025.53 eta_seconds=301.903 bootstraps=574
node=6121/7910 op=sum seconds=1026.23 eta_seconds=299.938 bootstraps=574
node=6131/7910 op=add seconds=1026.89 eta_seconds=297.966 bootstraps=574
node=6141/7910 op=cheb seconds=1031.21 eta_seconds=297.054 bootstraps=578
node=6151/7910 op=add seconds=1034.55 eta_seconds=295.85 bootstraps=580
client_token=1614 logit_margin=0.201355
node=6161/7910 op=feedback seconds=1036.41 eta_seconds=294.217 bootstraps=582
node=6171/7910 op=linear_ref seconds=1039.71 eta_seconds=292.993 bootstraps=582
node=6181/7910 op=cheb seconds=1040.21 eta_seconds=290.977 bootstraps=582
node=6191/7910 op=add seconds=1042.77 eta_seconds=289.536 bootstraps=582
node=6201/7910 op=mulp seconds=1043.57 eta_seconds=287.609 bootstraps=582
node=6211/7910 op=addp seconds=1044.04 eta_seconds=285.595 bootstraps=582
node=6221/7910 op=mul seconds=1044.84 eta_seconds=283.674 bootstraps=582
node=6231/7910 op=gather seconds=1046.74 eta_seconds=282.054 bootstraps=582
node=6241/7910 op=add seconds=1047.2 eta_seconds=280.048 bootstraps=582
node=6251/7910 op=mul seconds=1047.95 eta_seconds=278.124 bootstraps=582
node=6261/7910 op=mul seconds=1050.08 eta_seconds=276.565 bootstraps=584
node=6271/7910 op=mul seconds=1051.26 eta_seconds=274.761 bootstraps=584
node=6281/7910 op=mul seconds=1052.21 eta_seconds=272.895 bootstraps=584
node=6291/7910 op=mul seconds=1053.84 eta_seconds=271.206 bootstraps=584
node=6301/7910 op=gather seconds=1056.4 eta_seconds=269.759 bootstraps=586
node=6311/7910 op=addp seconds=1058.79 eta_seconds=268.262 bootstraps=588
node=6321/7910 op=gather seconds=1061.27 eta_seconds=266.788 bootstraps=590
node=6331/7910 op=cheb seconds=1064.06 eta_seconds=265.384 bootstraps=592
node=6341/7910 op=mulp seconds=1064.61 eta_seconds=263.425 bootstraps=592
node=6351/7910 op=cheb seconds=1065.01 eta_seconds=261.431 bootstraps=592
node=6361/7910 op=mul seconds=1067.15 eta_seconds=259.868 bootstraps=594
node=6371/7910 op=gather seconds=1068.27 eta_seconds=258.054 bootstraps=594
node=6381/7910 op=mul seconds=1069.79 eta_seconds=256.34 bootstraps=594
node=6391/7910 op=mulp seconds=1071.26 eta_seconds=254.615 bootstraps=594
node=6401/7910 op=mulp seconds=1071.31 eta_seconds=252.556 bootstraps=594
node=6411/7910 op=repeat seconds=1072.22 eta_seconds=250.704 bootstraps=594
node=6421/7910 op=sum seconds=1072.92 eta_seconds=248.806 bootstraps=594
node=6431/7910 op=add seconds=1073.59 eta_seconds=246.905 bootstraps=594
node=6441/7910 op=cheb seconds=1077.88 eta_seconds=245.833 bootstraps=598
node=6451/7910 op=add seconds=1081.18 eta_seconds=244.527 bootstraps=600
node=6461/7910 op=linear_ref seconds=1083.87 eta_seconds=243.077 bootstraps=602
node=6471/7910 op=cheb seconds=1084.01 eta_seconds=241.059 bootstraps=602
node=6481/7910 op=add seconds=1088.84 eta_seconds=240.079 bootstraps=606
node=6491/7910 op=mulp seconds=1089.2 eta_seconds=238.11 bootstraps=606
node=6501/7910 op=addp seconds=1089.43 eta_seconds=236.118 bootstraps=606
node=6511/7910 op=mul seconds=1089.88 eta_seconds=234.179 bootstraps=606
node=6521/7910 op=gather seconds=1094.13 eta_seconds=233.054 bootstraps=608
node=6531/7910 op=add seconds=1094.74 eta_seconds=231.15 bootstraps=608
node=6541/7910 op=mul seconds=1095.64 eta_seconds=229.312 bootstraps=608
node=6551/7910 op=mul seconds=1096.11 eta_seconds=227.388 bootstraps=608
node=6561/7910 op=mul seconds=1096.82 eta_seconds=225.515 bootstraps=608
node=6571/7910 op=mul seconds=1097.48 eta_seconds=223.638 bootstraps=608
node=6581/7910 op=mul seconds=1100.66 eta_seconds=222.272 bootstraps=610
node=6591/7910 op=gather seconds=1101.6 eta_seconds=220.454 bootstraps=610
node=6601/7910 op=addp seconds=1103.98 eta_seconds=218.923 bootstraps=612
node=6611/7910 op=gather seconds=1106.41 eta_seconds=217.4 bootstraps=614
node=6621/7910 op=cheb seconds=1109.2 eta_seconds=215.942 bootstraps=616
node=6631/7910 op=mulp seconds=1109.75 eta_seconds=214.051 bootstraps=616
node=6641/7910 op=cheb seconds=1110.07 eta_seconds=212.118 bootstraps=616
node=6651/7910 op=mul seconds=1110.56 eta_seconds=210.223 bootstraps=616
node=6661/7910 op=gather seconds=1113.4 eta_seconds=208.772 bootstraps=618
node=6671/7910 op=mul seconds=1114.93 eta_seconds=207.076 bootstraps=618
node=6681/7910 op=mulp seconds=1116.4 eta_seconds=205.367 bootstraps=618
node=6691/7910 op=mulp seconds=1116.45 eta_seconds=203.401 bootstraps=618
node=6701/7910 op=repeat seconds=1117.35 eta_seconds=201.594 bootstraps=618
node=6711/7910 op=sum seconds=1118.05 eta_seconds=199.753 bootstraps=618
node=6721/7910 op=add seconds=1118.71 eta_seconds=197.91 bootstraps=618
node=6731/7910 op=cheb seconds=1122.94 eta_seconds=196.694 bootstraps=622
node=6741/7910 op=add seconds=1126.22 eta_seconds=195.305 bootstraps=624
node=6751/7910 op=linear_ref seconds=1128.68 eta_seconds=193.77 bootstraps=626
node=6761/7910 op=cheb seconds=1130.69 eta_seconds=192.155 bootstraps=628
node=6771/7910 op=add seconds=1133.65 eta_seconds=190.7 bootstraps=630
node=6781/7910 op=mulp seconds=1134.04 eta_seconds=188.812 bootstraps=630
node=6791/7910 op=addp seconds=1134.27 eta_seconds=186.902 bootstraps=630
node=6801/7910 op=mul seconds=1136.29 eta_seconds=185.288 bootstraps=632
node=6811/7910 op=gather seconds=1138.9 eta_seconds=183.77 bootstraps=632
node=6821/7910 op=add seconds=1139.52 eta_seconds=181.929 bootstraps=632
node=6831/7910 op=mul seconds=1140.42 eta_seconds=180.137 bootstraps=632
node=6841/7910 op=mul seconds=1140.9 eta_seconds=178.282 bootstraps=632
node=6851/7910 op=mul seconds=1141.6 eta_seconds=176.465 bootstraps=632
node=6861/7910 op=mul seconds=1142.27 eta_seconds=174.645 bootstraps=632
node=6871/7910 op=mul seconds=1145.43 eta_seconds=173.206 bootstraps=634
node=6881/7910 op=gather seconds=1147.86 eta_seconds=171.654 bootstraps=636
node=6891/7910 op=addp seconds=1150.26 eta_seconds=170.094 bootstraps=638
node=6901/7910 op=gather seconds=1152.97 eta_seconds=168.576 bootstraps=640
node=6911/7910 op=cheb seconds=1155.71 eta_seconds=167.061 bootstraps=642
node=6921/7910 op=mulp seconds=1156.38 eta_seconds=165.245 bootstraps=642
node=6931/7910 op=cheb seconds=1156.73 eta_seconds=163.388 bootstraps=642
node=6941/7910 op=mul seconds=1157.22 eta_seconds=161.555 bootstraps=642
node=6951/7910 op=gather seconds=1160.06 eta_seconds=160.049 bootstraps=644
node=6961/7910 op=mul seconds=1161.6 eta_seconds=158.362 bootstraps=644
node=6971/7910 op=mulp seconds=1163.06 eta_seconds=156.666 bootstraps=644
node=6981/7910 op=mulp seconds=1163.11 eta_seconds=154.782 bootstraps=644
node=6991/7910 op=repeat seconds=1164.02 eta_seconds=153.016 bootstraps=644
node=7001/7910 op=sum seconds=1164.72 eta_seconds=151.226 bootstraps=644
node=7011/7910 op=add seconds=1165.39 eta_seconds=149.434 bootstraps=644
node=7021/7910 op=cheb seconds=1168.27 eta_seconds=147.926 bootstraps=646
node=7031/7910 op=add seconds=1171.4 eta_seconds=146.446 bootstraps=648
node=7041/7910 op=linear_ref seconds=1174.09 eta_seconds=144.906 bootstraps=650
node=7051/7910 op=cheb seconds=1174.24 eta_seconds=143.053 bootstraps=650
node=7061/7910 op=add seconds=1177.42 eta_seconds=141.571 bootstraps=652
node=7071/7910 op=mulp seconds=1177.76 eta_seconds=139.746 bootstraps=652
node=7081/7910 op=addp seconds=1177.96 eta_seconds=137.909 bootstraps=652
node=7091/7910 op=mul seconds=1180.13 eta_seconds=136.303 bootstraps=654
node=7101/7910 op=gather seconds=1182.75 eta_seconds=134.747 bootstraps=654
node=7111/7910 op=add seconds=1183.35 eta_seconds=132.963 bootstraps=654
node=7121/7910 op=mul seconds=1184.27 eta_seconds=131.216 bootstraps=654
node=7131/7910 op=mul seconds=1184.74 eta_seconds=129.423 bootstraps=654
node=7141/7910 op=mul seconds=1185.44 eta_seconds=127.658 bootstraps=654
node=7151/7910 op=mul seconds=1186.11 eta_seconds=125.892 bootstraps=654
node=7161/7910 op=mul seconds=1189.28 eta_seconds=124.392 bootstraps=656
node=7171/7910 op=gather seconds=1190.26 eta_seconds=122.661 bootstraps=656
node=7181/7910 op=addp seconds=1192.66 eta_seconds=121.076 bootstraps=658
node=7191/7910 op=gather seconds=1195.38 eta_seconds=119.522 bootstraps=660
node=7201/7910 op=cheb seconds=1198.12 eta_seconds=117.965 bootstraps=662
node=7211/7910 op=mulp seconds=1198.7 eta_seconds=116.196 bootstraps=662
node=7221/7910 op=cheb seconds=1202.02 eta_seconds=114.692 bootstraps=666
node=7231/7910 op=mul seconds=1203.03 eta_seconds=112.966 bootstraps=666
node=7241/7910 op=gather seconds=1203.98 eta_seconds=111.236 bootstraps=666
node=7251/7910 op=mul seconds=1204.95 eta_seconds=109.511 bootstraps=666
node=7261/7910 op=mulp seconds=1208.15 eta_seconds=107.987 bootstraps=668
node=7271/7910 op=mulp seconds=1208.21 eta_seconds=106.182 bootstraps=668
node=7281/7910 op=repeat seconds=1209.12 eta_seconds=104.455 bootstraps=668
node=7291/7910 op=sum seconds=1209.83 eta_seconds=102.713 bootstraps=668
node=7301/7910 op=add seconds=1210.5 eta_seconds=100.972 bootstraps=668
node=7311/7910 op=cheb seconds=1213.3 eta_seconds=99.4076 bootstraps=670
node=7321/7910 op=add seconds=1216.46 eta_seconds=97.8681 bootstraps=672
node=7331/7910 op=linear_ref seconds=1219.16 eta_seconds=96.2886 bootstraps=674
node=7341/7910 op=cheb seconds=1219.33 eta_seconds=94.5102 bootstraps=674
node=7351/7910 op=add seconds=1225.07 eta_seconds=93.1591 bootstraps=680
node=7361/7910 op=mulp seconds=1226.84 eta_seconds=91.5008 bootstraps=682
node=7371/7910 op=addp seconds=1228.45 eta_seconds=89.8299 bootstraps=684
node=7381/7910 op=mul seconds=1229.4 eta_seconds=88.1115 bootstraps=684
node=7391/7910 op=gather seconds=1231.01 eta_seconds=86.4419 bootstraps=684
node=7401/7910 op=add seconds=1233.32 eta_seconds=84.8212 bootstraps=686
node=7411/7910 op=mul seconds=1234.31 eta_seconds=83.109 bootstraps=686
node=7421/7910 op=mul seconds=1234.93 eta_seconds=81.3748 bootstraps=686
node=7431/7910 op=mul seconds=1235.93 eta_seconds=79.6676 bootstraps=686
node=7441/7910 op=mul seconds=1236.85 eta_seconds=77.9579 bootstraps=686
node=7451/7910 op=mul seconds=1238.24 eta_seconds=76.2789 bootstraps=686
node=7461/7910 op=gather seconds=1240.84 eta_seconds=74.6733 bootstraps=688
node=7471/7910 op=addp seconds=1243.25 eta_seconds=73.054 bootstraps=690
node=7481/7910 op=gather seconds=1245.95 eta_seconds=71.4495 bootstraps=692
node=7491/7910 op=cheb seconds=1251.23 eta_seconds=69.9858 bootstraps=696
node=7501/7910 op=mulp seconds=1251.72 eta_seconds=68.2512 bootstraps=696
node=7511/7910 op=cheb seconds=1252.16 eta_seconds=66.5173 bootstraps=696
node=7521/7910 op=mul seconds=1254.19 eta_seconds=64.8691 bootstraps=698
node=7531/7910 op=gather seconds=1255.31 eta_seconds=63.174 bootstraps=698
node=7541/7910 op=mul seconds=1256.83 eta_seconds=61.4999 bootstraps=698
node=7551/7910 op=mulp seconds=1258.3 eta_seconds=59.8236 bootstraps=698
node=7561/7910 op=mulp seconds=1258.34 eta_seconds=58.0824 bootstraps=698
node=7571/7910 op=repeat seconds=1259.23 eta_seconds=56.3836 bootstraps=698
node=7581/7910 op=sum seconds=1259.92 eta_seconds=54.6782 bootstraps=698
node=7591/7910 op=add seconds=1260.58 eta_seconds=52.9739 bootstraps=698
node=7601/7910 op=cheb seconds=1263.53 eta_seconds=51.3656 bootstraps=700
node=7611/7910 op=add seconds=1266.66 eta_seconds=49.7611 bootstraps=702
node=7621/7910 op=linear_ref seconds=1269.35 eta_seconds=48.1355 bootstraps=704
node=7631/7910 op=cheb seconds=1269.49 eta_seconds=46.4145 bootstraps=704
node=7641/7910 op=add seconds=1272.67 eta_seconds=44.8039 bootstraps=706
node=7651/7910 op=mulp seconds=1273.01 eta_seconds=43.0936 bootstraps=706
node=7661/7910 op=addp seconds=1273.21 eta_seconds=41.3822 bootstraps=706
node=7671/7910 op=mul seconds=1275.37 eta_seconds=39.7358 bootstraps=708
node=7681/7910 op=gather seconds=1277.98 eta_seconds=38.1015 bootstraps=708
node=7691/7910 op=add seconds=1278.59 eta_seconds=36.4075 bootstraps=708
node=7701/7910 op=mul seconds=1279.48 eta_seconds=34.7243 bootstraps=708
node=7711/7910 op=mul seconds=1279.95 eta_seconds=33.0321 bootstraps=708
node=7721/7910 op=mul seconds=1280.65 eta_seconds=31.3486 bootstraps=708
node=7731/7910 op=mul seconds=1281.31 eta_seconds=29.6668 bootstraps=708
node=7741/7910 op=mul seconds=1284.48 eta_seconds=28.0425 bootstraps=710
node=7751/7910 op=gather seconds=1285.43 eta_seconds=26.3687 bootstraps=710
node=7761/7910 op=addp seconds=1287.84 eta_seconds=24.7246 bootstraps=712
node=7771/7910 op=gather seconds=1290.54 eta_seconds=23.0839 bootstraps=714
node=7781/7910 op=cheb seconds=1293.29 eta_seconds=21.4413 bootstraps=716
node=7791/7910 op=mulp seconds=1293.96 eta_seconds=19.764 bootstraps=716
node=7801/7910 op=cheb seconds=1294.28 eta_seconds=18.0844 bootstraps=716
node=7811/7910 op=mul seconds=1294.77 eta_seconds=16.4104 bootstraps=716
node=7821/7910 op=gather seconds=1297.6 eta_seconds=14.7662 bootstraps=718
node=7831/7910 op=mul seconds=1299.14 eta_seconds=13.1058 bootstraps=718
node=7841/7910 op=mulp seconds=1300.6 eta_seconds=11.4452 bootstraps=718
node=7851/7910 op=mulp seconds=1300.65 eta_seconds=9.77435 bootstraps=718
node=7861/7910 op=repeat seconds=1301.55 eta_seconds=8.11298 bootstraps=718
node=7871/7910 op=sum seconds=1302.25 eta_seconds=6.45253 bootstraps=718
node=7881/7910 op=add seconds=1302.92 eta_seconds=4.79439 bootstraps=718
node=7891/7910 op=cheb seconds=1307.16 eta_seconds=3.14739 bootstraps=722
node=7901/7910 op=add seconds=1310.5 eta_seconds=1.49279 bootstraps=724
node=7910/7910 op=mulp seconds=1312.13 eta_seconds=0 bootstraps=726
client_token=315 logit_margin=0.674876
passed=1 polynomial_error=0.000116286 exact_error=0.000118053 eval_seconds=1312.2
