GPU 0: NVIDIA GB10
 SMs: 48, SharedMem: 100 KB, Blocks/SM: 24, Threads/SM: 1536, L2 size: 24 MB, Bus: 256-bit
Adding bootstrap precomputation to GPU for 32768 slots.
Plaintexts loaded: 248 ~ 6262MB
Rotation keys loaded: 85 ~ 15300MB
setup_seconds=26.7742
planned_logical_refreshes=623
node=1/7910 op=public seconds=0.203284 eta_seconds=1607.77 bootstraps=0
node=11/7910 op=public seconds=1.56271 eta_seconds=1122.17 bootstraps=0
node=21/7910 op=mul seconds=2.38225 eta_seconds=894.933 bootstraps=0
node=31/7910 op=gather seconds=4.05125 eta_seconds=1029.67 bootstraps=0
node=41/7910 op=mul seconds=4.97534 eta_seconds=954.902 bootstraps=0
node=51/7910 op=repeat seconds=5.64269 eta_seconds=869.527 bootstraps=0
node=61/7910 op=mulp seconds=5.96997 eta_seconds=768.169 bootstraps=0
node=71/7910 op=add seconds=6.44226 eta_seconds=711.28 bootstraps=0
node=81/7910 op=add seconds=6.97028 eta_seconds=673.708 bootstraps=0
node=91/7910 op=scatter seconds=7.42754 eta_seconds=638.197 bootstraps=0
node=111/7910 op=mul seconds=9.77663 eta_seconds=686.918 bootstraps=2
node=121/7910 op=mul seconds=10.5552 eta_seconds=679.456 bootstraps=2
node=131/7910 op=scatter seconds=13.2981 eta_seconds=789.662 bootstraps=4
node=141/7910 op=gather seconds=16.7669 eta_seconds=923.846 bootstraps=8
node=161/7910 op=cheb seconds=18.848 eta_seconds=907.161 bootstraps=10
node=171/7910 op=sum seconds=19.0532 eta_seconds=862.298 bootstraps=10
node=181/7910 op=addp seconds=19.1789 eta_seconds=818.971 bootstraps=10
node=191/7910 op=scatter seconds=21.0873 eta_seconds=852.214 bootstraps=12
node=201/7910 op=mul seconds=22.025 eta_seconds=844.731 bootstraps=12
node=211/7910 op=scatter seconds=22.4956 eta_seconds=820.823 bootstraps=12
node=221/7910 op=sum seconds=22.7489 eta_seconds=791.475 bootstraps=12
node=231/7910 op=scatter seconds=24.7357 eta_seconds=822.275 bootstraps=14
node=241/7910 op=gather seconds=26.8756 eta_seconds=855.223 bootstraps=16
node=251/7910 op=cheb seconds=30.3229 eta_seconds=925.27 bootstraps=20
node=271/7910 op=repeat seconds=32.8648 eta_seconds=926.398 bootstraps=22
node=281/7910 op=addp seconds=33.2534 eta_seconds=902.811 bootstraps=22
node=291/7910 op=repeat seconds=33.4925 eta_seconds=876.904 bootstraps=22
node=301/7910 op=mul seconds=33.7363 eta_seconds=852.822 bootstraps=22
node=311/7910 op=scatter seconds=35.9085 eta_seconds=877.39 bootstraps=24
node=321/7910 op=mul seconds=36.4979 eta_seconds=862.874 bootstraps=24
node=341/7910 op=add seconds=37.4074 eta_seconds=830.313 bootstraps=24
node=351/7910 op=cheb seconds=39.6605 eta_seconds=854.112 bootstraps=26
node=361/7910 op=add seconds=42.0397 eta_seconds=879.106 bootstraps=28
node=371/7910 op=linear seconds=44.0165 eta_seconds=894.449 bootstraps=30
node=381/7910 op=cheb seconds=45.726 eta_seconds=903.599 bootstraps=32
node=391/7910 op=add seconds=46.1401 eta_seconds=887.283 bootstraps=32
node=401/7910 op=mulp seconds=46.3881 eta_seconds=868.648 bootstraps=32
node=411/7910 op=addp seconds=46.5179 eta_seconds=848.754 bootstraps=32
node=421/7910 op=mul seconds=46.7459 eta_seconds=831.544 bootstraps=32
node=431/7910 op=gather seconds=50.7704 eta_seconds=881.001 bootstraps=36
node=441/7910 op=add seconds=51.0342 eta_seconds=864.342 bootstraps=36
node=451/7910 op=mulp seconds=51.4601 eta_seconds=851.089 bootstraps=36
node=461/7910 op=add seconds=53.8401 eta_seconds=869.967 bootstraps=38
node=471/7910 op=linear seconds=55.8198 eta_seconds=881.621 bootstraps=40
node=481/7910 op=mulp seconds=57.7593 eta_seconds=892.086 bootstraps=42
node=491/7910 op=gather seconds=59.7315 eta_seconds=902.542 bootstraps=44
node=501/7910 op=cheb seconds=61.6257 eta_seconds=911.347 bootstraps=46
node=511/7910 op=sum seconds=62.0427 eta_seconds=898.344 bootstraps=46
node=521/7910 op=addp seconds=62.2364 eta_seconds=882.658 bootstraps=46
node=531/7910 op=gather seconds=62.5634 eta_seconds=869.407 bootstraps=46
node=541/7910 op=add seconds=64.4039 eta_seconds=877.25 bootstraps=48
node=551/7910 op=add seconds=65.2979 eta_seconds=872.101 bootstraps=48
node=561/7910 op=add seconds=65.9712 eta_seconds=864.211 bootstraps=48
node=571/7910 op=repeat seconds=66.2203 eta_seconds=851.123 bootstraps=48
node=581/7910 op=mulp seconds=68.3818 eta_seconds=862.599 bootstraps=50
node=591/7910 op=mul seconds=71.8745 eta_seconds=890.101 bootstraps=54
node=601/7910 op=mul seconds=73.8312 eta_seconds=897.89 bootstraps=56
node=611/7910 op=gather seconds=74.459 eta_seconds=889.486 bootstraps=56
node=621/7910 op=mul seconds=76.572 eta_seconds=898.766 bootstraps=58
node=631/7910 op=repeat seconds=76.817 eta_seconds=886.135 bootstraps=58
node=641/7910 op=mulp seconds=76.9624 eta_seconds=872.761 bootstraps=58
node=651/7910 op=add seconds=77.2015 eta_seconds=860.838 bootstraps=58
node=661/7910 op=add seconds=80.84 eta_seconds=886.55 bootstraps=62
node=671/7910 op=scatter seconds=81.4174 eta_seconds=878.361 bootstraps=62
node=691/7910 op=mul seconds=82.3158 eta_seconds=859.967 bootstraps=62
node=701/7910 op=mul seconds=84.489 eta_seconds=868.875 bootstraps=64
node=711/7910 op=scatter seconds=86.8633 eta_seconds=879.506 bootstraps=66
node=721/7910 op=gather seconds=88.9881 eta_seconds=887.289 bootstraps=68
node=741/7910 op=cheb seconds=91.2809 eta_seconds=883.121 bootstraps=70
node=751/7910 op=sum seconds=91.462 eta_seconds=871.872 bootstraps=70
node=761/7910 op=addp seconds=91.5773 eta_seconds=860.297 bootstraps=70
node=771/7910 op=scatter seconds=93.4558 eta_seconds=865.345 bootstraps=72
node=781/7910 op=mul seconds=94.4986 eta_seconds=862.587 bootstraps=72
node=791/7910 op=scatter seconds=95.0296 eta_seconds=855.267 bootstraps=72
node=801/7910 op=sum seconds=95.3056 eta_seconds=845.852 bootstraps=72
node=811/7910 op=scatter seconds=97.556 eta_seconds=853.946 bootstraps=74
node=821/7910 op=gather seconds=98.1403 eta_seconds=847.402 bootstraps=74
node=831/7910 op=cheb seconds=101.542 eta_seconds=865 bootstraps=78
node=851/7910 op=repeat seconds=103.912 eta_seconds=861.947 bootstraps=80
node=861/7910 op=addp seconds=104.243 eta_seconds=853.434 bootstraps=80
node=871/7910 op=repeat seconds=107.282 eta_seconds=867.001 bootstraps=84
node=881/7910 op=mul seconds=107.783 eta_seconds=859.939 bootstraps=84
node=891/7910 op=scatter seconds=108.318 eta_seconds=853.296 bootstraps=84
node=901/7910 op=mul seconds=108.673 eta_seconds=845.382 bootstraps=84
node=921/7910 op=add seconds=111.098 eta_seconds=843.068 bootstraps=86
node=931/7910 op=cheb seconds=113.293 eta_seconds=849.273 bootstraps=88
node=941/7910 op=add seconds=115.688 eta_seconds=856.782 bootstraps=90
node=951/7910 op=linear seconds=117.817 eta_seconds=862.134 bootstraps=92
node=961/7910 op=cheb seconds=117.913 eta_seconds=852.63 bootstraps=92
node=971/7910 op=add seconds=119.714 eta_seconds=855.504 bootstraps=94
node=981/7910 op=mulp seconds=121.388 eta_seconds=857.387 bootstraps=96
node=991/7910 op=addp seconds=122.904 eta_seconds=858.098 bootstraps=98
node=1001/7910 op=mul seconds=123.367 eta_seconds=851.488 bootstraps=98
node=1011/7910 op=gather seconds=124.127 eta_seconds=847.034 bootstraps=98
node=1021/7910 op=add seconds=125.899 eta_seconds=849.478 bootstraps=100
node=1031/7910 op=mulp seconds=126.357 eta_seconds=843.073 bootstraps=100
node=1041/7910 op=add seconds=127.214 eta_seconds=839.417 bootstraps=100
node=1051/7910 op=linear seconds=129.327 eta_seconds=844.007 bootstraps=102
node=1061/7910 op=mulp seconds=131.213 eta_seconds=847.012 bootstraps=104
node=1071/7910 op=gather seconds=133.345 eta_seconds=851.489 bootstraps=106
node=1081/7910 op=cheb seconds=135.204 eta_seconds=854.125 bootstraps=108
node=1091/7910 op=sum seconds=135.671 eta_seconds=847.976 bootstraps=108
node=1101/7910 op=addp seconds=135.866 eta_seconds=840.248 bootstraps=108
node=1111/7910 op=gather seconds=136.233 eta_seconds=833.707 bootstraps=108
node=1121/7910 op=add seconds=138.067 eta_seconds=836.16 bootstraps=110
node=1131/7910 op=add seconds=138.956 eta_seconds=832.877 bootstraps=110
node=1141/7910 op=add seconds=139.625 eta_seconds=828.328 bootstraps=110
node=1151/7910 op=repeat seconds=139.872 eta_seconds=821.369 bootstraps=110
node=1161/7910 op=mulp seconds=142.11 eta_seconds=826.096 bootstraps=112
node=1171/7910 op=mul seconds=144.175 eta_seconds=829.714 bootstraps=114
node=1181/7910 op=mul seconds=146.136 eta_seconds=832.643 bootstraps=116
node=1191/7910 op=gather seconds=146.765 eta_seconds=827.97 bootstraps=116
node=1201/7910 op=mul seconds=148.932 eta_seconds=831.962 bootstraps=118
node=1211/7910 op=repeat seconds=149.168 eta_seconds=825.168 bootstraps=118
node=1221/7910 op=mulp seconds=149.288 eta_seconds=817.842 bootstraps=118
node=1231/7910 op=add seconds=151.022 eta_seconds=819.394 bootstraps=120
node=1241/7910 op=add seconds=151.824 eta_seconds=815.884 bootstraps=120
node=1251/7910 op=scatter seconds=152.397 eta_seconds=811.198 bootstraps=120
node=1271/7910 op=mul seconds=153.292 eta_seconds=800.715 bootstraps=120
node=1281/7910 op=mul seconds=155.47 eta_seconds=804.537 bootstraps=122
node=1291/7910 op=scatter seconds=157.847 eta_seconds=809.286 bootstraps=124
node=1301/7910 op=gather seconds=159.976 eta_seconds=812.668 bootstraps=126
node=1321/7910 op=cheb seconds=162.23 eta_seconds=809.183 bootstraps=128
node=1331/7910 op=sum seconds=162.41 eta_seconds=802.778 bootstraps=128
node=1341/7910 op=addp seconds=162.523 eta_seconds=796.134 bootstraps=128
node=1351/7910 op=scatter seconds=164.404 eta_seconds=798.171 bootstraps=130
node=1361/7910 op=mul seconds=165.471 eta_seconds=796.231 bootstraps=130
node=1371/7910 op=scatter seconds=166.006 eta_seconds=791.767 bootstraps=130
node=1381/7910 op=sum seconds=166.285 eta_seconds=786.151 bootstraps=130
node=1391/7910 op=scatter seconds=169.875 eta_seconds=796.127 bootstraps=134
node=1401/7910 op=gather seconds=170.536 eta_seconds=792.304 bootstraps=134
node=1411/7910 op=cheb seconds=174.044 eta_seconds=801.638 bootstraps=138
node=1421/7910 op=cheb seconds=174.586 eta_seconds=797.248 bootstraps=138
node=1431/7910 op=gather seconds=176.325 eta_seconds=798.327 bootstraps=138
node=1441/7910 op=repeat seconds=179.513 eta_seconds=805.88 bootstraps=140
node=1451/7910 op=addp seconds=180.162 eta_seconds=801.977 bootstraps=140
node=1461/7910 op=repeat seconds=180.724 eta_seconds=797.734 bootstraps=140
node=1471/7910 op=mul seconds=181.157 eta_seconds=792.976 bootstraps=140
node=1481/7910 op=scatter seconds=181.58 eta_seconds=788.234 bootstraps=140
node=1491/7910 op=mul seconds=182.08 eta_seconds=783.886 bootstraps=140
node=1501/7910 op=addp seconds=182.623 eta_seconds=779.766 bootstraps=140
node=1511/7910 op=repeat seconds=184.413 eta_seconds=780.98 bootstraps=142
node=1521/7910 op=mul seconds=185.061 eta_seconds=777.353 bootstraps=142
node=1531/7910 op=mul seconds=187.127 eta_seconds=779.677 bootstraps=144
node=1541/7910 op=scatter seconds=189.506 eta_seconds=783.235 bootstraps=146
node=1551/7910 op=gather seconds=192.872 eta_seconds=790.765 bootstraps=150
node=1561/7910 op=mul seconds=193.411 eta_seconds=786.652 bootstraps=150
node=1571/7910 op=cheb seconds=196.719 eta_seconds=793.764 bootstraps=154
node=1581/7910 op=sum seconds=196.925 eta_seconds=788.321 bootstraps=154
node=1591/7910 op=addp seconds=197.053 eta_seconds=782.64 bootstraps=154
node=1601/7910 op=scatter seconds=198.974 eta_seconds=784.091 bootstraps=156
node=1611/7910 op=mul seconds=199.923 eta_seconds=781.697 bootstraps=156
node=1621/7910 op=scatter seconds=200.39 eta_seconds=777.455 bootstraps=156
node=1631/7910 op=mulp seconds=200.553 eta_seconds=772.084 bootstraps=156
node=1641/7910 op=repeat seconds=202.531 eta_seconds=773.714 bootstraps=158
node=1651/7910 op=mulp seconds=204.335 eta_seconds=774.641 bootstraps=160
node=1661/7910 op=mul seconds=206.576 eta_seconds=777.18 bootstraps=162
node=1671/7910 op=mul seconds=208.533 eta_seconds=778.599 bootstraps=164
node=1681/7910 op=gather seconds=209.169 eta_seconds=775.081 bootstraps=164
node=1691/7910 op=mul seconds=213.429 eta_seconds=784.931 bootstraps=168
node=1701/7910 op=repeat seconds=213.68 eta_seconds=779.977 bootstraps=168
node=1711/7910 op=mulp seconds=213.827 eta_seconds=774.703 bootstraps=168
node=1721/7910 op=add seconds=214.068 eta_seconds=769.822 bootstraps=168
node=1731/7910 op=add seconds=216.356 eta_seconds=772.306 bootstraps=170
node=1741/7910 op=scatter seconds=216.941 eta_seconds=768.701 bootstraps=170
node=1751/7910 op=mul seconds=217.49 eta_seconds=765.005 bootstraps=170
node=1761/7910 op=add seconds=217.748 eta_seconds=760.325 bootstraps=170
node=1771/7910 op=add seconds=219.995 eta_seconds=762.59 bootstraps=172
node=1781/7910 op=linear_ref seconds=220.564 eta_seconds=759.032 bootstraps=172
node=1791/7910 op=mulp seconds=222.515 eta_seconds=760.228 bootstraps=174
node=1801/7910 op=gather seconds=224.493 eta_seconds=761.48 bootstraps=176
node=1811/7910 op=cheb seconds=226.795 eta_seconds=763.788 bootstraps=178
node=1821/7910 op=sum seconds=227.238 eta_seconds=759.83 bootstraps=178
node=1831/7910 op=addp seconds=227.391 eta_seconds=754.948 bootstraps=178
node=1841/7910 op=gather seconds=227.708 eta_seconds=750.657 bootstraps=178
node=1851/7910 op=add seconds=229.633 eta_seconds=751.672 bootstraps=180
node=1861/7910 op=add seconds=230.551 eta_seconds=749.382 bootstraps=180
node=1871/7910 op=add seconds=231.221 eta_seconds=746.308 bootstraps=180
node=1881/7910 op=sum seconds=231.374 eta_seconds=741.601 bootstraps=180
node=1891/7910 op=add seconds=231.601 eta_seconds=737.18 bootstraps=180
node=1901/7910 op=cheb seconds=235.174 eta_seconds=743.377 bootstraps=184
node=1911/7910 op=add seconds=237.627 eta_seconds=745.957 bootstraps=186
node=1921/7910 op=linear_ref seconds=239.605 eta_seconds=747.003 bootstraps=188
node=1931/7910 op=cheb seconds=241.405 eta_seconds=747.469 bootstraps=190
node=1941/7910 op=add seconds=243.915 eta_seconds=750.092 bootstraps=192
node=1951/7910 op=mulp seconds=244.189 eta_seconds=745.835 bootstraps=192
node=1961/7910 op=addp seconds=244.343 eta_seconds=741.252 bootstraps=192
node=1971/7910 op=mul seconds=246.06 eta_seconds=741.424 bootstraps=194
node=1981/7910 op=gather seconds=247.3 eta_seconds=740.154 bootstraps=194
node=1991/7910 op=add seconds=247.564 eta_seconds=735.977 bootstraps=194
node=2001/7910 op=mul seconds=247.995 eta_seconds=732.336 bootstraps=194
node=2011/7910 op=sum seconds=248.306 eta_seconds=728.373 bootstraps=194
node=2021/7910 op=scatter seconds=250.496 eta_seconds=729.92 bootstraps=196
node=2031/7910 op=gather seconds=252.487 eta_seconds=730.858 bootstraps=198
node=2041/7910 op=cheb seconds=255.93 eta_seconds=735.939 bootstraps=202
node=2051/7910 op=gather seconds=256.601 eta_seconds=733.019 bootstraps=202
node=2061/7910 op=repeat seconds=258.973 eta_seconds=734.951 bootstraps=204
node=2071/7910 op=addp seconds=259.37 eta_seconds=731.271 bootstraps=204
node=2081/7910 op=repeat seconds=259.609 eta_seconds=727.18 bootstraps=204
node=2091/7910 op=mul seconds=259.854 eta_seconds=723.143 bootstraps=204
node=2101/7910 op=scatter seconds=262.093 eta_seconds=724.654 bootstraps=206
node=2111/7910 op=mul seconds=262.691 eta_seconds=721.623 bootstraps=206
node=2121/7910 op=addp seconds=263.355 eta_seconds=718.794 bootstraps=206
node=2131/7910 op=repeat seconds=263.616 eta_seconds=714.893 bootstraps=206
node=2141/7910 op=mul seconds=263.84 eta_seconds=710.925 bootstraps=206
node=2151/7910 op=mul seconds=266.011 eta_seconds=712.208 bootstraps=208
node=2161/7910 op=scatter seconds=268.373 eta_seconds=713.965 bootstraps=210
node=2171/7910 op=gather seconds=270.499 eta_seconds=715.061 bootstraps=212
node=2181/7910 op=mul seconds=272.645 eta_seconds=716.178 bootstraps=214
node=2191/7910 op=cheb seconds=273.295 eta_seconds=713.361 bootstraps=214
node=2201/7910 op=sum seconds=273.479 eta_seconds=709.356 bootstraps=214
node=2211/7910 op=addp seconds=273.593 eta_seconds=705.204 bootstraps=214
node=2221/7910 op=scatter seconds=275.558 eta_seconds=705.829 bootstraps=216
node=2231/7910 op=mul seconds=276.614 eta_seconds=704.12 bootstraps=216
node=2241/7910 op=scatter seconds=277.145 eta_seconds=701.086 bootstraps=216
node=2251/7910 op=mulp seconds=277.308 eta_seconds=697.15 bootstraps=216
node=2261/7910 op=repeat seconds=277.66 eta_seconds=693.721 bootstraps=216
node=2271/7910 op=mulp seconds=279.847 eta_seconds=694.873 bootstraps=218
node=2281/7910 op=mul seconds=281.913 eta_seconds=695.698 bootstraps=220
node=2291/7910 op=mul seconds=283.835 eta_seconds=696.145 bootstraps=222
node=2301/7910 op=gather seconds=284.51 eta_seconds=693.531 bootstraps=222
node=2311/7910 op=mul seconds=287.093 eta_seconds=695.559 bootstraps=224
node=2321/7910 op=repeat seconds=288.782 eta_seconds=695.391 bootstraps=226
node=2331/7910 op=mulp seconds=290.29 eta_seconds=694.778 bootstraps=228
node=2341/7910 op=add seconds=290.795 eta_seconds=691.771 bootstraps=228
node=2351/7910 op=add seconds=291.462 eta_seconds=689.17 bootstraps=228
node=2361/7910 op=scatter seconds=293.235 eta_seconds=689.184 bootstraps=230
node=2371/7910 op=mul seconds=293.922 eta_seconds=686.644 bootstraps=230
node=2381/7910 op=add seconds=294.183 eta_seconds=683.132 bootstraps=230
node=2391/7910 op=add seconds=296.393 eta_seconds=684.145 bootstraps=232
node=2401/7910 op=linear_ref seconds=296.934 eta_seconds=681.304 bootstraps=232
node=2411/7910 op=mulp seconds=298.906 eta_seconds=681.745 bootstraps=234
node=2421/7910 op=gather seconds=301.03 eta_seconds=682.508 bootstraps=236
node=2431/7910 op=cheb seconds=304.627 eta_seconds=686.57 bootstraps=240
node=2441/7910 op=sum seconds=306.471 eta_seconds=686.64 bootstraps=242
node=2451/7910 op=addp seconds=307.941 eta_seconds=685.863 bootstraps=244
node=2461/7910 op=gather seconds=309.891 eta_seconds=686.142 bootstraps=246
node=2471/7910 op=add seconds=310.066 eta_seconds=682.496 bootstraps=246
node=2481/7910 op=add seconds=310.668 eta_seconds=679.813 bootstraps=246
node=2491/7910 op=add seconds=312.9 eta_seconds=680.693 bootstraps=248
node=2501/7910 op=sum seconds=313.119 eta_seconds=677.193 bootstraps=248
node=2511/7910 op=add seconds=313.446 eta_seconds=673.953 bootstraps=248
node=2521/7910 op=cheb seconds=315.411 eta_seconds=674.236 bootstraps=250
node=2531/7910 op=add seconds=317.951 eta_seconds=675.724 bootstraps=252
node=2541/7910 op=linear_ref seconds=320.072 eta_seconds=676.296 bootstraps=254
node=2551/7910 op=cheb seconds=321.904 eta_seconds=676.238 bootstraps=256
node=2561/7910 op=add seconds=324.888 eta_seconds=678.573 bootstraps=258
node=2571/7910 op=mulp seconds=325.168 eta_seconds=675.251 bootstraps=258
node=2581/7910 op=addp seconds=325.362 eta_seconds=671.777 bootstraps=258
node=2591/7910 op=mul seconds=327.085 eta_seconds=671.465 bootstraps=260
node=2601/7910 op=gather seconds=328.283 eta_seconds=670.071 bootstraps=260
node=2611/7910 op=add seconds=328.548 eta_seconds=666.786 bootstraps=260
node=2621/7910 op=mul seconds=328.981 eta_seconds=663.861 bootstraps=260
node=2631/7910 op=sum seconds=329.297 eta_seconds=660.722 bootstraps=260
node=2641/7910 op=scatter seconds=331.542 eta_seconds=661.452 bootstraps=262
node=2651/7910 op=gather seconds=332.113 eta_seconds=658.839 bootstraps=262
node=2661/7910 op=cheb seconds=335.551 eta_seconds=661.897 bootstraps=266
node=2671/7910 op=gather seconds=336.216 eta_seconds=659.468 bootstraps=266
node=2681/7910 op=repeat seconds=338.653 eta_seconds=660.506 bootstraps=268
node=2691/7910 op=addp seconds=339.039 eta_seconds=657.542 bootstraps=268
node=2701/7910 op=repeat seconds=339.252 eta_seconds=654.263 bootstraps=268
node=2711/7910 op=mul seconds=341.08 eta_seconds=654.103 bootstraps=270
node=2721/7910 op=scatter seconds=341.753 eta_seconds=651.73 bootstraps=270
node=2731/7910 op=mul seconds=342.343 eta_seconds=649.21 bootstraps=270
node=2741/7910 op=addp seconds=343.006 eta_seconds=646.843 bootstraps=270
node=2751/7910 op=repeat seconds=343.269 eta_seconds=643.738 bootstraps=270
node=2761/7910 op=mul seconds=343.493 eta_seconds=640.582 bootstraps=270
node=2771/7910 op=mul seconds=345.665 eta_seconds=641.058 bootstraps=272
node=2781/7910 op=scatter seconds=348.044 eta_seconds=641.898 bootstraps=274
node=2791/7910 op=gather seconds=350.167 eta_seconds=642.245 bootstraps=276
node=2801/7910 op=mul seconds=352.31 eta_seconds=642.611 bootstraps=278
node=2811/7910 op=cheb seconds=352.918 eta_seconds=640.174 bootstraps=278
node=2821/7910 op=sum seconds=353.1 eta_seconds=636.982 bootstraps=278
node=2831/7910 op=addp seconds=353.213 eta_seconds=633.688 bootstraps=278
node=2841/7910 op=scatter seconds=355.178 eta_seconds=633.719 bootstraps=280
node=2851/7910 op=mul seconds=356.256 eta_seconds=632.163 bootstraps=280
node=2861/7910 op=scatter seconds=356.786 eta_seconds=629.645 bootstraps=280
node=2871/7910 op=mulp seconds=356.949 eta_seconds=626.495 bootstraps=280
node=2881/7910 op=repeat seconds=357.3 eta_seconds=623.694 bootstraps=280
node=2891/7910 op=mulp seconds=360.798 eta_seconds=626.373 bootstraps=284
node=2901/7910 op=mul seconds=363.042 eta_seconds=626.845 bootstraps=286
node=2911/7910 op=mul seconds=364.979 eta_seconds=626.772 bootstraps=288
client_token=315 logit_margin=1.89754
node=2921/7910 op=mul seconds=365.689 eta_seconds=624.588 bootstraps=288
node=2931/7910 op=gather seconds=367.364 eta_seconds=624.056 bootstraps=288
node=2941/7910 op=mul seconds=370.795 eta_seconds=626.481 bootstraps=290
node=2951/7910 op=repeat seconds=371.416 eta_seconds=624.146 bootstraps=290
node=2961/7910 op=mulp seconds=371.742 eta_seconds=621.327 bootstraps=290
node=2971/7910 op=add seconds=372.161 eta_seconds=618.681 bootstraps=290
node=2981/7910 op=add seconds=372.707 eta_seconds=616.261 bootstraps=290
node=2991/7910 op=scatter seconds=373.167 eta_seconds=613.71 bootstraps=290
node=3001/7910 op=mul seconds=373.616 eta_seconds=611.157 bootstraps=290
node=3011/7910 op=mul seconds=375.391 eta_seconds=610.774 bootstraps=292
node=3021/7910 op=mul seconds=376.008 eta_seconds=608.508 bootstraps=292
node=3031/7910 op=sum seconds=376.846 eta_seconds=606.609 bootstraps=292
node=3041/7910 op=cheb seconds=380.4 eta_seconds=609.065 bootstraps=296
node=3051/7910 op=repeat seconds=382.385 eta_seconds=608.984 bootstraps=298
node=3061/7910 op=gather seconds=382.911 eta_seconds=606.577 bootstraps=298
node=3071/7910 op=repeat seconds=385.485 eta_seconds=607.413 bootstraps=300
node=3081/7910 op=cheb seconds=385.764 eta_seconds=604.627 bootstraps=300
node=3091/7910 op=mul seconds=385.919 eta_seconds=601.664 bootstraps=300
node=3101/7910 op=mulp seconds=387.751 eta_seconds=601.321 bootstraps=302
node=3111/7910 op=scatter seconds=388.542 eta_seconds=599.362 bootstraps=302
node=3121/7910 op=add seconds=388.997 eta_seconds=596.894 bootstraps=302
node=3131/7910 op=mul seconds=389.665 eta_seconds=594.765 bootstraps=302
node=3141/7910 op=repeat seconds=389.924 eta_seconds=592.023 bootstraps=302
node=3151/7910 op=sum seconds=390.097 eta_seconds=589.169 bootstraps=302
node=3161/7910 op=scatter seconds=392.34 eta_seconds=589.441 bootstraps=304
node=3171/7910 op=gather seconds=394.36 eta_seconds=589.364 bootstraps=306
node=3181/7910 op=cheb seconds=397.803 eta_seconds=591.389 bootstraps=310
node=3191/7910 op=gather seconds=398.466 eta_seconds=589.27 bootstraps=310
node=3201/7910 op=repeat seconds=402.456 eta_seconds=592.054 bootstraps=314
node=3211/7910 op=addp seconds=402.864 eta_seconds=589.554 bootstraps=314
node=3221/7910 op=repeat seconds=403.102 eta_seconds=586.819 bootstraps=314
node=3231/7910 op=mul seconds=403.35 eta_seconds=584.114 bootstraps=314
node=3241/7910 op=scatter seconds=405.524 eta_seconds=584.2 bootstraps=316
node=3251/7910 op=mul seconds=406.125 eta_seconds=582.017 bootstraps=316
node=3261/7910 op=addp seconds=406.792 eta_seconds=579.938 bootstraps=316
node=3271/7910 op=mul seconds=406.943 eta_seconds=577.136 bootstraps=316
node=3281/7910 op=mul seconds=407.177 eta_seconds=574.466 bootstraps=316
node=3291/7910 op=mul seconds=409.423 eta_seconds=574.635 bootstraps=318
node=3301/7910 op=gather seconds=409.995 eta_seconds=572.454 bootstraps=318
node=3311/7910 op=addp seconds=411.937 eta_seconds=572.183 bootstraps=320
node=3321/7910 op=gather seconds=413.921 eta_seconds=571.961 bootstraps=322
node=3331/7910 op=cheb seconds=416.304 eta_seconds=572.278 bootstraps=324
node=3341/7910 op=mulp seconds=416.65 eta_seconds=569.791 bootstraps=324
node=3351/7910 op=cheb seconds=416.853 eta_seconds=567.124 bootstraps=324
node=3361/7910 op=mul seconds=418.866 eta_seconds=566.921 bootstraps=326
node=3371/7910 op=gather seconds=419.32 eta_seconds=564.608 bootstraps=326
node=3381/7910 op=mul seconds=420.006 eta_seconds=562.617 bootstraps=326
node=3391/7910 op=mulp seconds=420.668 eta_seconds=560.602 bootstraps=326
node=3401/7910 op=sum seconds=420.825 eta_seconds=557.924 bootstraps=326
node=3411/7910 op=add seconds=421.062 eta_seconds=555.368 bootstraps=326
node=3421/7910 op=add seconds=423.315 eta_seconds=555.47 bootstraps=328
node=3431/7910 op=linear_ref seconds=425.305 eta_seconds=555.214 bootstraps=330
node=3441/7910 op=mulp seconds=427.246 eta_seconds=554.886 bootstraps=332
node=3451/7910 op=gather seconds=429.211 eta_seconds=554.579 bootstraps=334
node=3461/7910 op=cheb seconds=433.2 eta_seconds=556.865 bootstraps=338
node=3471/7910 op=sum seconds=433.62 eta_seconds=554.549 bootstraps=338
node=3481/7910 op=addp seconds=433.813 eta_seconds=551.955 bootstraps=338
node=3491/7910 op=gather seconds=434.136 eta_seconds=549.54 bootstraps=338
node=3501/7910 op=add seconds=435.996 eta_seconds=549.074 bootstraps=340
node=3511/7910 op=add seconds=436.918 eta_seconds=547.423 bootstraps=340
node=3521/7910 op=add seconds=437.588 eta_seconds=545.463 bootstraps=340
node=3531/7910 op=mul seconds=437.616 eta_seconds=542.713 bootstraps=340
node=3541/7910 op=mul seconds=437.972 eta_seconds=540.384 bootstraps=340
node=3551/7910 op=linear_ref seconds=440.266 eta_seconds=540.444 bootstraps=342
node=3561/7910 op=mulp seconds=441.761 eta_seconds=539.516 bootstraps=344
node=3571/7910 op=sum seconds=444.212 eta_seconds=539.747 bootstraps=346
node=3581/7910 op=gather seconds=446.34 eta_seconds=539.572 bootstraps=348
node=3591/7910 op=cheb seconds=448.494 eta_seconds=539.417 bootstraps=350
node=3601/7910 op=mul seconds=449.082 eta_seconds=537.377 bootstraps=350
node=3611/7910 op=mulp seconds=449.262 eta_seconds=534.859 bootstraps=350
node=3621/7910 op=gather seconds=449.512 eta_seconds=532.438 bootstraps=350
node=3631/7910 op=scatter seconds=451.538 eta_seconds=532.121 bootstraps=352
node=3641/7910 op=mulp seconds=452.468 eta_seconds=530.51 bootstraps=352
node=3651/7910 op=scatter seconds=453.136 eta_seconds=528.597 bootstraps=352
node=3661/7910 op=mulp seconds=453.165 eta_seconds=525.949 bootstraps=352
node=3671/7910 op=repeat seconds=453.524 eta_seconds=523.696 bootstraps=352
node=3681/7910 op=mul seconds=453.745 eta_seconds=521.295 bootstraps=352
node=3691/7910 op=mul seconds=455.915 eta_seconds=521.134 bootstraps=354
node=3701/7910 op=scatter seconds=458.286 eta_seconds=521.19 bootstraps=356
node=3711/7910 op=gather seconds=460.416 eta_seconds=520.962 bootstraps=358
node=3721/7910 op=mul seconds=462.568 eta_seconds=520.746 bootstraps=360
node=3731/7910 op=cheb seconds=463.233 eta_seconds=518.856 bootstraps=360
node=3741/7910 op=sum seconds=463.415 eta_seconds=516.433 bootstraps=360
node=3751/7910 op=addp seconds=465.028 eta_seconds=515.609 bootstraps=362
node=3761/7910 op=scatter seconds=465.605 eta_seconds=513.638 bootstraps=362
node=3771/7910 op=mul seconds=466.583 eta_seconds=512.116 bootstraps=362
node=3781/7910 op=scatter seconds=467.114 eta_seconds=510.107 bootstraps=362
node=3791/7910 op=add seconds=467.274 eta_seconds=507.703 bootstraps=362
node=3801/7910 op=mul seconds=467.595 eta_seconds=505.485 bootstraps=362
node=3811/7910 op=cheb seconds=467.863 eta_seconds=503.22 bootstraps=362
node=3821/7910 op=repeat seconds=471.359 eta_seconds=504.42 bootstraps=366
node=3831/7910 op=mul seconds=473.832 eta_seconds=504.506 bootstraps=368
node=3841/7910 op=gather seconds=475.963 eta_seconds=504.216 bootstraps=370
node=3851/7910 op=cheb seconds=478.102 eta_seconds=503.926 bootstraps=372
node=3861/7910 op=cheb seconds=478.664 eta_seconds=501.972 bootstraps=372
node=3871/7910 op=mul seconds=480.327 eta_seconds=501.173 bootstraps=374
node=3881/7910 op=repeat seconds=481.884 eta_seconds=500.26 bootstraps=376
node=3891/7910 op=add seconds=482.35 eta_seconds=498.218 bootstraps=376
node=3901/7910 op=mul seconds=483.221 eta_seconds=496.599 bootstraps=376
node=3911/7910 op=gather seconds=485.186 eta_seconds=496.103 bootstraps=378
node=3921/7910 op=mul seconds=485.473 eta_seconds=493.892 bootstraps=378
node=3931/7910 op=sum seconds=485.787 eta_seconds=491.718 bootstraps=378
node=3941/7910 op=add seconds=485.95 eta_seconds=489.402 bootstraps=378
node=3951/7910 op=cheb seconds=488.14 eta_seconds=489.128 bootstraps=380
node=3961/7910 op=add seconds=490.53 eta_seconds=489.044 bootstraps=382
node=3971/7910 op=linear_ref seconds=492.65 eta_seconds=488.68 bootstraps=384
node=3981/7910 op=cheb seconds=492.751 eta_seconds=486.315 bootstraps=384
node=3991/7910 op=add seconds=497.925 eta_seconds=488.942 bootstraps=390
node=4001/7910 op=mulp seconds=499.569 eta_seconds=488.082 bootstraps=392
node=4011/7910 op=addp seconds=501.076 eta_seconds=487.085 bootstraps=394
node=4021/7910 op=mul seconds=501.547 eta_seconds=485.083 bootstraps=394
node=4031/7910 op=gather seconds=502.311 eta_seconds=483.37 bootstraps=394
node=4041/7910 op=add seconds=504.073 eta_seconds=482.618 bootstraps=396
node=4051/7910 op=mul seconds=504.576 eta_seconds=480.661 bootstraps=396
node=4061/7910 op=mul seconds=504.932 eta_seconds=478.573 bootstraps=396
node=4071/7910 op=mul seconds=505.347 eta_seconds=476.548 bootstraps=396
node=4081/7910 op=addp seconds=505.881 eta_seconds=474.643 bootstraps=396
node=4091/7910 op=linear_ref seconds=509.829 eta_seconds=475.932 bootstraps=400
node=4101/7910 op=mulp seconds=511.367 eta_seconds=474.957 bootstraps=402
node=4111/7910 op=addp seconds=512.002 eta_seconds=473.144 bootstraps=402
node=4121/7910 op=mulp seconds=516.748 eta_seconds=475.117 bootstraps=406
node=4131/7910 op=mul seconds=517.023 eta_seconds=472.968 bootstraps=406
node=4141/7910 op=repeat seconds=517.219 eta_seconds=470.756 bootstraps=406
node=4151/7910 op=mul seconds=518.948 eta_seconds=469.941 bootstraps=408
node=4161/7910 op=gather seconds=520.002 eta_seconds=468.515 bootstraps=408
node=4171/7910 op=scatter seconds=520.471 eta_seconds=466.565 bootstraps=408
node=4181/7910 op=mul seconds=520.898 eta_seconds=464.585 bootstraps=408
node=4191/7910 op=add seconds=521.16 eta_seconds=462.465 bootstraps=408
node=4201/7910 op=repeat seconds=521.379 eta_seconds=460.318 bootstraps=408
node=4211/7910 op=mulp seconds=523.609 eta_seconds=459.945 bootstraps=410
node=4221/7910 op=mul seconds=525.667 eta_seconds=459.414 bootstraps=412
node=4231/7910 op=mul seconds=527.632 eta_seconds=458.794 bootstraps=414
node=4241/7910 op=gather seconds=528.268 eta_seconds=457.019 bootstraps=414
node=4251/7910 op=mul seconds=530.942 eta_seconds=457.003 bootstraps=416
node=4261/7910 op=repeat seconds=531.189 eta_seconds=454.895 bootstraps=416
node=4271/7910 op=mulp seconds=531.309 eta_seconds=452.689 bootstraps=416
node=4281/7910 op=add seconds=533.157 eta_seconds=451.956 bootstraps=418
node=4291/7910 op=add seconds=533.958 eta_seconds=450.336 bootstraps=418
node=4301/7910 op=scatter seconds=534.537 eta_seconds=448.534 bootstraps=418
node=4311/7910 op=mul seconds=535.086 eta_seconds=446.712 bootstraps=418
node=4321/7910 op=mul seconds=535.347 eta_seconds=444.656 bootstraps=418
node=4331/7910 op=mul seconds=535.521 eta_seconds=442.537 bootstraps=418
node=4341/7910 op=sum seconds=537.751 eta_seconds=442.118 bootstraps=420
node=4351/7910 op=cheb seconds=539.814 eta_seconds=441.553 bootstraps=422
node=4361/7910 op=repeat seconds=541.784 eta_seconds=440.906 bootstraps=424
node=4371/7910 op=gather seconds=542.418 eta_seconds=439.171 bootstraps=424
node=4381/7910 op=repeat seconds=545.052 eta_seconds=439.052 bootstraps=426
node=4391/7910 op=cheb seconds=545.293 eta_seconds=437.004 bootstraps=426
node=4401/7910 op=mul seconds=545.422 eta_seconds=434.875 bootstraps=426
node=4411/7910 op=mulp seconds=545.67 eta_seconds=432.849 bootstraps=426
node=4421/7910 op=scatter seconds=548.083 eta_seconds=432.541 bootstraps=428
node=4431/7910 op=add seconds=548.548 eta_seconds=430.692 bootstraps=428
node=4441/7910 op=mul seconds=549.214 eta_seconds=429.008 bootstraps=428
node=4451/7910 op=repeat seconds=549.477 eta_seconds=427.014 bootstraps=428
node=4461/7910 op=sum seconds=549.651 eta_seconds=424.96 bootstraps=428
node=4471/7910 op=scatter seconds=553.148 eta_seconds=425.47 bootstraps=432
node=4481/7910 op=gather seconds=553.81 eta_seconds=423.793 bootstraps=432
node=4491/7910 op=cheb seconds=557.309 eta_seconds=424.279 bootstraps=436
client_token=279 logit_margin=2.90225
node=4501/7910 op=cheb seconds=557.957 eta_seconds=422.589 bootstraps=436
node=4511/7910 op=gather seconds=559.688 eta_seconds=421.72 bootstraps=436
node=4521/7910 op=repeat seconds=562.886 eta_seconds=421.947 bootstraps=438
node=4531/7910 op=addp seconds=563.558 eta_seconds=420.274 bootstraps=438
node=4541/7910 op=repeat seconds=564.116 eta_seconds=418.522 bootstraps=438
node=4551/7910 op=mul seconds=564.544 eta_seconds=416.678 bootstraps=438
node=4561/7910 op=scatter seconds=564.963 eta_seconds=414.835 bootstraps=438
node=4571/7910 op=mul seconds=565.463 eta_seconds=413.057 bootstraps=438
node=4581/7910 op=addp seconds=565.997 eta_seconds=411.308 bootstraps=438
node=4591/7910 op=sum seconds=566.133 eta_seconds=409.278 bootstraps=438
node=4601/7910 op=add seconds=568.283 eta_seconds=408.704 bootstraps=440
node=4611/7910 op=repeat seconds=568.76 eta_seconds=406.927 bootstraps=440
node=4621/7910 op=mulp seconds=569.494 eta_seconds=405.338 bootstraps=440
node=4631/7910 op=mul seconds=573.039 eta_seconds=405.743 bootstraps=444
node=4641/7910 op=mul seconds=575.02 eta_seconds=405.029 bootstraps=446
node=4651/7910 op=gather seconds=575.546 eta_seconds=403.291 bootstraps=446
node=4661/7910 op=mul seconds=578.138 eta_seconds=402.997 bootstraps=448
node=4671/7910 op=repeat seconds=578.425 eta_seconds=401.096 bootstraps=448
node=4681/7910 op=mulp seconds=578.571 eta_seconds=399.104 bootstraps=448
node=4691/7910 op=add seconds=580.386 eta_seconds=398.266 bootstraps=450
node=4701/7910 op=add seconds=581.198 eta_seconds=396.738 bootstraps=450
node=4711/7910 op=scatter seconds=581.773 eta_seconds=395.052 bootstraps=450
node=4721/7910 op=mul seconds=582.323 eta_seconds=393.355 bootstraps=450
node=4731/7910 op=repeat seconds=582.593 eta_seconds=391.474 bootstraps=450
node=4741/7910 op=sum seconds=582.767 eta_seconds=389.536 bootstraps=450
node=4751/7910 op=add seconds=582.927 eta_seconds=387.596 bootstraps=450
node=4761/7910 op=cheb seconds=586.603 eta_seconds=387.988 bootstraps=454
node=4771/7910 op=add seconds=589.07 eta_seconds=387.569 bootstraps=456
node=4781/7910 op=linear_ref seconds=591.201 eta_seconds=386.921 bootstraps=458
node=4791/7910 op=cheb seconds=591.285 eta_seconds=384.934 bootstraps=458
node=4801/7910 op=add seconds=595.508 eta_seconds=385.635 bootstraps=462
node=4811/7910 op=mulp seconds=595.76 eta_seconds=383.758 bootstraps=462
node=4821/7910 op=addp seconds=595.919 eta_seconds=381.828 bootstraps=462
node=4831/7910 op=mul seconds=596.148 eta_seconds=379.95 bootstraps=462
node=4841/7910 op=gather seconds=598.953 eta_seconds=379.712 bootstraps=464
node=4851/7910 op=add seconds=599.218 eta_seconds=377.862 bootstraps=464
node=4861/7910 op=mul seconds=599.657 eta_seconds=376.127 bootstraps=464
node=4871/7910 op=add seconds=599.919 eta_seconds=374.287 bootstraps=464
node=4881/7910 op=repeat seconds=600.143 eta_seconds=372.431 bootstraps=464
node=4891/7910 op=mul seconds=600.367 eta_seconds=370.58 bootstraps=464
node=4901/7910 op=mul seconds=602.616 eta_seconds=369.98 bootstraps=466
node=4911/7910 op=scatter seconds=604.964 eta_seconds=369.434 bootstraps=468
node=4921/7910 op=gather seconds=606.949 eta_seconds=368.659 bootstraps=470
node=4931/7910 op=mul seconds=609.121 eta_seconds=367.993 bootstraps=472
node=4941/7910 op=cheb seconds=609.654 eta_seconds=366.335 bootstraps=472
node=4951/7910 op=sum seconds=609.834 eta_seconds=364.472 bootstraps=472
node=4961/7910 op=addp seconds=609.947 eta_seconds=362.575 bootstraps=472
node=4971/7910 op=scatter seconds=611.912 eta_seconds=361.78 bootstraps=474
node=4981/7910 op=mul seconds=613.011 eta_seconds=360.471 bootstraps=474
node=4991/7910 op=scatter seconds=613.544 eta_seconds=358.833 bootstraps=474
node=5001/7910 op=mul seconds=613.707 eta_seconds=356.983 bootstraps=474
node=5011/7910 op=sum seconds=614.024 eta_seconds=355.23 bootstraps=474
node=5021/7910 op=add seconds=614.188 eta_seconds=353.393 bootstraps=474
node=5031/7910 op=add seconds=616.479 eta_seconds=352.781 bootstraps=476
node=5041/7910 op=linear_ref seconds=618.456 eta_seconds=351.984 bootstraps=478
node=5051/7910 op=mulp seconds=620.403 eta_seconds=351.164 bootstraps=480
node=5061/7910 op=gather seconds=622.375 eta_seconds=350.355 bootstraps=482
node=5071/7910 op=cheb seconds=626.377 eta_seconds=350.677 bootstraps=486
node=5081/7910 op=sum seconds=626.791 eta_seconds=348.985 bootstraps=486
node=5091/7910 op=addp seconds=626.982 eta_seconds=347.174 bootstraps=486
node=5101/7910 op=gather seconds=627.305 eta_seconds=345.442 bootstraps=486
node=5111/7910 op=add seconds=629.131 eta_seconds=344.539 bootstraps=488
node=5121/7910 op=add seconds=630.048 eta_seconds=343.137 bootstraps=488
node=5131/7910 op=add seconds=630.718 eta_seconds=341.603 bootstraps=488
node=5141/7910 op=mulp seconds=630.746 eta_seconds=339.727 bootstraps=488
node=5151/7910 op=repeat seconds=631.099 eta_seconds=338.032 bootstraps=488
node=5161/7910 op=sum seconds=631.271 eta_seconds=336.246 bootstraps=488
node=5171/7910 op=scatter seconds=633.509 eta_seconds=335.56 bootstraps=490
node=5181/7910 op=gather seconds=635.491 eta_seconds=334.734 bootstraps=492
node=5191/7910 op=cheb seconds=638.912 eta_seconds=334.656 bootstraps=496
node=5201/7910 op=gather seconds=639.577 eta_seconds=333.131 bootstraps=496
node=5211/7910 op=repeat seconds=641.959 eta_seconds=332.498 bootstraps=498
node=5221/7910 op=addp seconds=642.371 eta_seconds=330.844 bootstraps=498
node=5231/7910 op=repeat seconds=642.608 eta_seconds=329.105 bootstraps=498
node=5241/7910 op=mul seconds=642.855 eta_seconds=327.377 bootstraps=498
node=5251/7910 op=scatter seconds=645.127 eta_seconds=326.679 bootstraps=500
node=5261/7910 op=mul seconds=645.725 eta_seconds=325.133 bootstraps=500
node=5271/7910 op=addp seconds=646.392 eta_seconds=323.625 bootstraps=500
node=5281/7910 op=sum seconds=646.546 eta_seconds=321.865 bootstraps=500
node=5291/7910 op=add seconds=646.779 eta_seconds=320.15 bootstraps=500
node=5301/7910 op=repeat seconds=646.995 eta_seconds=318.432 bootstraps=500
node=5311/7910 op=mulp seconds=649.221 eta_seconds=317.704 bootstraps=502
node=5321/7910 op=mul seconds=651.282 eta_seconds=316.889 bootstraps=504
node=5331/7910 op=mul seconds=653.247 eta_seconds=316.024 bootstraps=506
node=5341/7910 op=gather seconds=653.887 eta_seconds=314.517 bootstraps=506
node=5351/7910 op=mul seconds=656.573 eta_seconds=313.992 bootstraps=508
node=5361/7910 op=repeat seconds=656.818 eta_seconds=312.298 bootstraps=508
node=5371/7910 op=mulp seconds=656.938 eta_seconds=310.55 bootstraps=508
node=5381/7910 op=add seconds=658.773 eta_seconds=309.615 bootstraps=510
node=5391/7910 op=add seconds=659.614 eta_seconds=308.211 bootstraps=510
node=5401/7910 op=scatter seconds=660.193 eta_seconds=306.689 bootstraps=510
node=5411/7910 op=mul seconds=660.747 eta_seconds=305.157 bootstraps=510
node=5421/7910 op=repeat seconds=661.015 eta_seconds=303.499 bootstraps=510
node=5431/7910 op=sum seconds=661.189 eta_seconds=301.802 bootstraps=510
node=5441/7910 op=add seconds=661.354 eta_seconds=300.107 bootstraps=510
node=5451/7910 op=cheb seconds=663.644 eta_seconds=299.376 bootstraps=512
node=5461/7910 op=add seconds=666.071 eta_seconds=298.701 bootstraps=514
node=5471/7910 op=linear_ref seconds=668.195 eta_seconds=297.885 bootstraps=516
node=5481/7910 op=cheb seconds=668.285 eta_seconds=296.162 bootstraps=516
node=5491/7910 op=add seconds=670.845 eta_seconds=295.533 bootstraps=518
node=5501/7910 op=mulp seconds=672.551 eta_seconds=294.524 bootstraps=520
node=5511/7910 op=addp seconds=674.094 eta_seconds=293.441 bootstraps=522
node=5521/7910 op=mul seconds=674.571 eta_seconds=291.895 bootstraps=522
node=5531/7910 op=gather seconds=675.443 eta_seconds=290.522 bootstraps=522
node=5541/7910 op=add seconds=677.178 eta_seconds=289.521 bootstraps=524
node=5551/7910 op=mul seconds=677.682 eta_seconds=287.993 bootstraps=524
node=5561/7910 op=add seconds=677.943 eta_seconds=286.367 bootstraps=524
node=5571/7910 op=repeat seconds=678.164 eta_seconds=284.729 bootstraps=524
node=5581/7910 op=mul seconds=679.683 eta_seconds=283.638 bootstraps=526
node=5591/7910 op=mul seconds=680.484 eta_seconds=282.247 bootstraps=526
node=5601/7910 op=scatter seconds=682.859 eta_seconds=281.507 bootstraps=528
node=5611/7910 op=gather seconds=684.979 eta_seconds=280.657 bootstraps=530
node=5621/7910 op=mul seconds=687.144 eta_seconds=279.821 bootstraps=532
node=5631/7910 op=cheb seconds=690.416 eta_seconds=279.428 bootstraps=536
node=5641/7910 op=sum seconds=691.905 eta_seconds=278.307 bootstraps=538
node=5651/7910 op=addp seconds=693.421 eta_seconds=277.197 bootstraps=540
node=5661/7910 op=scatter seconds=693.993 eta_seconds=275.709 bootstraps=540
node=5671/7910 op=mul seconds=694.683 eta_seconds=274.272 bootstraps=540
node=5681/7910 op=scatter seconds=696.802 eta_seconds=273.397 bootstraps=542
node=5691/7910 op=mul seconds=696.969 eta_seconds=271.758 bootstraps=542
node=5701/7910 op=sum seconds=697.407 eta_seconds=270.228 bootstraps=542
node=5711/7910 op=add seconds=697.805 eta_seconds=268.687 bootstraps=542
node=5721/7910 op=add seconds=698.46 eta_seconds=267.249 bootstraps=542
node=5731/7910 op=linear_ref seconds=700.54 eta_seconds=266.354 bootstraps=544
node=5741/7910 op=mulp seconds=702.523 eta_seconds=265.419 bootstraps=546
node=5751/7910 op=gather seconds=704.636 eta_seconds=264.53 bootstraps=548
node=5761/7910 op=cheb seconds=709.112 eta_seconds=264.517 bootstraps=552
node=5771/7910 op=sum seconds=709.578 eta_seconds=263.003 bootstraps=552
node=5781/7910 op=addp seconds=709.772 eta_seconds=261.391 bootstraps=552
node=5791/7910 op=gather seconds=710.141 eta_seconds=259.849 bootstraps=552
node=5801/7910 op=add seconds=711.97 eta_seconds=258.842 bootstraps=554
node=5811/7910 op=add seconds=712.9 eta_seconds=257.508 bootstraps=554
node=5821/7910 op=add seconds=713.576 eta_seconds=256.083 bootstraps=554
node=5831/7910 op=mulp seconds=713.604 eta_seconds=254.43 bootstraps=554
node=5841/7910 op=repeat seconds=713.975 eta_seconds=252.904 bootstraps=554
node=5851/7910 op=sum seconds=714.147 eta_seconds=251.313 bootstraps=554
node=5861/7910 op=scatter seconds=716.453 eta_seconds=250.471 bootstraps=556
node=5871/7910 op=gather seconds=717.027 eta_seconds=249.024 bootstraps=556
node=5881/7910 op=cheb seconds=720.471 eta_seconds=248.569 bootstraps=560
node=5891/7910 op=gather seconds=721.131 eta_seconds=247.151 bootstraps=560
node=5901/7910 op=repeat seconds=723.561 eta_seconds=246.337 bootstraps=562
node=5911/7910 op=addp seconds=723.966 eta_seconds=244.833 bootstraps=562
node=5921/7910 op=repeat seconds=724.198 eta_seconds=243.275 bootstraps=562
node=5931/7910 op=mul seconds=726.043 eta_seconds=242.259 bootstraps=564
node=5941/7910 op=scatter seconds=726.708 eta_seconds=240.85 bootstraps=564
node=5951/7910 op=mul seconds=727.296 eta_seconds=239.417 bootstraps=564
node=5961/7910 op=addp seconds=727.957 eta_seconds=238.012 bootstraps=564
node=5971/7910 op=sum seconds=728.111 eta_seconds=236.444 bootstraps=564
node=5981/7910 op=add seconds=728.346 eta_seconds=234.907 bootstraps=564
node=5991/7910 op=repeat seconds=728.563 eta_seconds=233.369 bootstraps=564
node=6001/7910 op=mulp seconds=730.793 eta_seconds=232.475 bootstraps=566
node=6011/7910 op=mul seconds=732.847 eta_seconds=231.522 bootstraps=568
node=6021/7910 op=mul seconds=734.793 eta_seconds=230.531 bootstraps=570
node=6031/7910 op=gather seconds=735.423 eta_seconds=229.126 bootstraps=570
node=6041/7910 op=mul seconds=738.04 eta_seconds=228.339 bootstraps=572
node=6051/7910 op=repeat seconds=738.289 eta_seconds=226.819 bootstraps=572
node=6061/7910 op=mulp seconds=738.409 eta_seconds=225.263 bootstraps=572
node=6071/7910 op=add seconds=738.647 eta_seconds=223.748 bootstraps=572
node=6081/7910 op=add seconds=741.096 eta_seconds=222.902 bootstraps=574
node=6091/7910 op=scatter seconds=741.678 eta_seconds=221.493 bootstraps=574
node=6101/7910 op=mul seconds=742.233 eta_seconds=220.079 bootstraps=574
node=6111/7910 op=repeat seconds=742.497 eta_seconds=218.582 bootstraps=574
node=6121/7910 op=sum seconds=742.676 eta_seconds=217.064 bootstraps=574
node=6131/7910 op=add seconds=742.837 eta_seconds=215.545 bootstraps=574
node=6141/7910 op=cheb seconds=746.485 eta_seconds=215.035 bootstraps=578
node=6151/7910 op=add seconds=749.014 eta_seconds=214.195 bootstraps=580
client_token=1614 logit_margin=0.201387
node=6161/7910 op=feedback seconds=750.795 eta_seconds=213.137 bootstraps=582
node=6171/7910 op=linear_ref seconds=752.769 eta_seconds=212.132 bootstraps=582
node=6181/7910 op=cheb seconds=753.112 eta_seconds=210.667 bootstraps=582
node=6191/7910 op=add seconds=755.041 eta_seconds=209.646 bootstraps=582
node=6201/7910 op=mulp seconds=755.657 eta_seconds=208.259 bootstraps=582
node=6211/7910 op=addp seconds=755.999 eta_seconds=206.801 bootstraps=582
node=6221/7910 op=mul seconds=756.391 eta_seconds=205.36 bootstraps=582
node=6231/7910 op=gather seconds=757.289 eta_seconds=204.059 bootstraps=582
node=6241/7910 op=add seconds=757.485 eta_seconds=202.571 bootstraps=582
node=6251/7910 op=mul seconds=757.847 eta_seconds=201.131 bootstraps=582
node=6261/7910 op=mul seconds=759.613 eta_seconds=200.064 bootstraps=584
node=6271/7910 op=mul seconds=760.139 eta_seconds=198.671 bootstraps=584
node=6281/7910 op=mul seconds=760.383 eta_seconds=197.208 bootstraps=584
node=6291/7910 op=mul seconds=761.183 eta_seconds=195.892 bootstraps=584
node=6301/7910 op=gather seconds=763.246 eta_seconds=194.9 bootstraps=586
node=6311/7910 op=addp seconds=765.188 eta_seconds=193.874 bootstraps=588
node=6321/7910 op=gather seconds=767.195 eta_seconds=192.861 bootstraps=590
node=6331/7910 op=cheb seconds=769.594 eta_seconds=191.943 bootstraps=592
node=6341/7910 op=mulp seconds=769.948 eta_seconds=190.514 bootstraps=592
node=6351/7910 op=cheb seconds=770.219 eta_seconds=189.068 bootstraps=592
node=6361/7910 op=mul seconds=772.049 eta_seconds=188.006 bootstraps=594
node=6371/7910 op=gather seconds=772.586 eta_seconds=186.628 bootstraps=594
node=6381/7910 op=mul seconds=773.277 eta_seconds=185.291 bootstraps=594
node=6391/7910 op=mulp seconds=773.939 eta_seconds=183.948 bootstraps=594
node=6401/7910 op=mulp seconds=773.975 eta_seconds=182.46 bootstraps=594
node=6411/7910 op=repeat seconds=774.34 eta_seconds=181.054 bootstraps=594
node=6421/7910 op=sum seconds=774.513 eta_seconds=179.606 bootstraps=594
node=6431/7910 op=add seconds=774.674 eta_seconds=178.159 bootstraps=594
node=6441/7910 op=cheb seconds=778.328 eta_seconds=177.513 bootstraps=598
node=6451/7910 op=add seconds=780.801 eta_seconds=176.591 bootstraps=600
node=6461/7910 op=linear_ref seconds=782.915 eta_seconds=175.583 bootstraps=602
node=6471/7910 op=cheb seconds=782.998 eta_seconds=174.121 bootstraps=602
node=6481/7910 op=add seconds=787.201 eta_seconds=173.57 bootstraps=606
node=6491/7910 op=mulp seconds=787.45 eta_seconds=172.145 bootstraps=606
node=6501/7910 op=addp seconds=787.604 eta_seconds=170.702 bootstraps=606
node=6511/7910 op=mul seconds=787.83 eta_seconds=169.279 bootstraps=606
node=6521/7910 op=gather seconds=790.544 eta_seconds=168.389 bootstraps=608
node=6531/7910 op=add seconds=790.805 eta_seconds=166.976 bootstraps=608
node=6541/7910 op=mul seconds=791.238 eta_seconds=165.602 bootstraps=608
node=6551/7910 op=mul seconds=791.496 eta_seconds=164.195 bootstraps=608
node=6561/7910 op=mul seconds=791.668 eta_seconds=162.774 bootstraps=608
node=6571/7910 op=mul seconds=791.83 eta_seconds=161.354 bootstraps=608
node=6581/7910 op=mul seconds=794.07 eta_seconds=160.359 bootstraps=610
node=6591/7910 op=gather seconds=794.635 eta_seconds=159.023 bootstraps=610
node=6601/7910 op=addp seconds=796.579 eta_seconds=157.964 bootstraps=612
node=6611/7910 op=gather seconds=798.554 eta_seconds=156.908 bootstraps=614
node=6621/7910 op=cheb seconds=800.938 eta_seconds=155.93 bootstraps=616
node=6631/7910 op=mulp seconds=801.28 eta_seconds=154.552 bootstraps=616
node=6641/7910 op=cheb seconds=801.484 eta_seconds=153.152 bootstraps=616
node=6651/7910 op=mul seconds=801.74 eta_seconds=151.765 bootstraps=616
node=6661/7910 op=gather seconds=803.851 eta_seconds=150.73 bootstraps=618
node=6671/7910 op=mul seconds=804.553 eta_seconds=149.429 bootstraps=618
node=6681/7910 op=mulp seconds=805.224 eta_seconds=148.125 bootstraps=618
node=6691/7910 op=mulp seconds=805.257 eta_seconds=146.706 bootstraps=618
node=6701/7910 op=repeat seconds=805.611 eta_seconds=145.349 bootstraps=618
node=6711/7910 op=sum seconds=805.782 eta_seconds=143.962 bootstraps=618
node=6721/7910 op=add seconds=805.943 eta_seconds=142.578 bootstraps=618
node=6731/7910 op=cheb seconds=809.535 eta_seconds=141.798 bootstraps=622
node=6741/7910 op=add seconds=811.987 eta_seconds=140.812 bootstraps=624
node=6751/7910 op=linear_ref seconds=813.958 eta_seconds=139.739 bootstraps=626
node=6761/7910 op=cheb seconds=815.748 eta_seconds=138.633 bootstraps=628
node=6771/7910 op=add seconds=818.25 eta_seconds=137.644 bootstraps=630
node=6781/7910 op=mulp seconds=818.527 eta_seconds=136.28 bootstraps=630
node=6791/7910 op=addp seconds=818.68 eta_seconds=134.9 bootstraps=630
node=6801/7910 op=mul seconds=820.399 eta_seconds=133.778 bootstraps=632
node=6811/7910 op=gather seconds=821.582 eta_seconds=132.568 bootstraps=632
node=6821/7910 op=add seconds=821.844 eta_seconds=131.211 bootstraps=632
node=6831/7910 op=mul seconds=822.273 eta_seconds=129.883 bootstraps=632
node=6841/7910 op=mul seconds=822.529 eta_seconds=128.531 bootstraps=632
node=6851/7910 op=mul seconds=822.704 eta_seconds=127.17 bootstraps=632
node=6861/7910 op=mul seconds=822.866 eta_seconds=125.811 bootstraps=632
node=6871/7910 op=mul seconds=825.1 eta_seconds=124.768 bootstraps=634
node=6881/7910 op=gather seconds=827.077 eta_seconds=123.683 bootstraps=636
node=6891/7910 op=addp seconds=829.046 eta_seconds=122.594 bootstraps=638
node=6901/7910 op=gather seconds=831.163 eta_seconds=121.525 bootstraps=640
node=6911/7910 op=cheb seconds=833.532 eta_seconds=120.489 bootstraps=642
node=6921/7910 op=mulp seconds=833.931 eta_seconds=119.167 bootstraps=642
node=6931/7910 op=cheb seconds=834.164 eta_seconds=117.825 bootstraps=642
node=6941/7910 op=mul seconds=834.417 eta_seconds=116.489 bootstraps=642
node=6951/7910 op=gather seconds=836.534 eta_seconds=115.413 bootstraps=644
node=6961/7910 op=mul seconds=837.233 eta_seconds=114.141 bootstraps=644
node=6971/7910 op=mulp seconds=837.894 eta_seconds=112.865 bootstraps=644
node=6981/7910 op=mulp seconds=837.927 eta_seconds=111.508 bootstraps=644
node=6991/7910 op=repeat seconds=838.28 eta_seconds=110.196 bootstraps=644
node=7001/7910 op=sum seconds=838.452 eta_seconds=108.863 bootstraps=644
node=7011/7910 op=add seconds=838.614 eta_seconds=107.533 bootstraps=644
node=7021/7910 op=cheb seconds=840.878 eta_seconds=106.472 bootstraps=646
node=7031/7910 op=add seconds=843.262 eta_seconds=105.423 bootstraps=648
node=7041/7910 op=linear_ref seconds=845.383 eta_seconds=104.337 bootstraps=650
node=7051/7910 op=cheb seconds=845.465 eta_seconds=103 bootstraps=650
node=7061/7910 op=add seconds=848.084 eta_seconds=101.972 bootstraps=652
node=7071/7910 op=mulp seconds=848.322 eta_seconds=100.657 bootstraps=652
node=7081/7910 op=addp seconds=848.45 eta_seconds=99.3313 bootstraps=652
node=7091/7910 op=mul seconds=850.269 eta_seconds=98.2048 bootstraps=654
node=7101/7910 op=gather seconds=851.453 eta_seconds=97.0041 bootstraps=654
node=7111/7910 op=add seconds=851.714 eta_seconds=95.6996 bootstraps=654
node=7121/7910 op=mul seconds=852.146 eta_seconds=94.417 bootstraps=654
node=7131/7910 op=mul seconds=852.403 eta_seconds=93.1176 bootstraps=654
node=7141/7910 op=mul seconds=852.574 eta_seconds=91.812 bootstraps=654
node=7151/7910 op=mul seconds=852.736 eta_seconds=90.5086 bootstraps=654
node=7161/7910 op=mul seconds=854.979 eta_seconds=89.426 bootstraps=656
node=7171/7910 op=gather seconds=855.555 eta_seconds=88.1683 bootstraps=656
node=7181/7910 op=addp seconds=857.527 eta_seconds=87.0544 bootstraps=658
node=7191/7910 op=gather seconds=859.655 eta_seconds=85.9536 bootstraps=660
node=7201/7910 op=cheb seconds=862.003 eta_seconds=84.8716 bootstraps=662
node=7211/7910 op=mulp seconds=862.338 eta_seconds=83.5909 bootstraps=662
node=7221/7910 op=cheb seconds=865.431 eta_seconds=82.5761 bootstraps=666
node=7231/7910 op=mul seconds=865.949 eta_seconds=81.3137 bootstraps=666
node=7241/7910 op=gather seconds=866.403 eta_seconds=80.0475 bootstraps=666
node=7251/7910 op=mul seconds=866.843 eta_seconds=78.7821 bootstraps=666
node=7261/7910 op=mulp seconds=869.026 eta_seconds=77.675 bootstraps=668
node=7271/7910 op=mulp seconds=869.071 eta_seconds=76.3769 bootstraps=668
node=7281/7910 op=repeat seconds=869.426 eta_seconds=75.109 bootstraps=668
node=7291/7910 op=sum seconds=869.596 eta_seconds=73.828 bootstraps=668
node=7301/7910 op=add seconds=869.757 eta_seconds=72.5493 bootstraps=668
node=7311/7910 op=cheb seconds=871.938 eta_seconds=71.439 bootstraps=670
node=7321/7910 op=add seconds=874.328 eta_seconds=70.3427 bootstraps=672
node=7331/7910 op=linear_ref seconds=876.449 eta_seconds=69.2217 bootstraps=674
node=7341/7910 op=cheb seconds=876.551 eta_seconds=67.9414 bootstraps=674
node=7351/7910 op=add seconds=881.696 eta_seconds=67.0477 bootstraps=680
node=7361/7910 op=mulp seconds=883.336 eta_seconds=65.8812 bootstraps=682
node=7371/7910 op=addp seconds=884.837 eta_seconds=64.7032 bootstraps=684
node=7381/7910 op=mul seconds=885.292 eta_seconds=63.4493 bootstraps=684
node=7391/7910 op=gather seconds=886.045 eta_seconds=62.2185 bootstraps=684
node=7401/7910 op=add seconds=887.807 eta_seconds=61.0585 bootstraps=686
node=7411/7910 op=mul seconds=888.279 eta_seconds=59.8099 bootstraps=686
node=7421/7910 op=mul seconds=888.609 eta_seconds=58.554 bootstraps=686
node=7431/7910 op=mul seconds=888.948 eta_seconds=57.3013 bootstraps=686
node=7441/7910 op=mul seconds=889.343 eta_seconds=56.0546 bootstraps=686
node=7451/7910 op=mul seconds=889.973 eta_seconds=54.8245 bootstraps=686
node=7461/7910 op=gather seconds=892.036 eta_seconds=53.6823 bootstraps=688
node=7471/7910 op=addp seconds=894.008 eta_seconds=52.5324 bootstraps=690
node=7481/7910 op=gather seconds=896.135 eta_seconds=51.3891 bootstraps=692
node=7491/7910 op=cheb seconds=900.749 eta_seconds=50.3823 bootstraps=696
node=7501/7910 op=mulp seconds=901.059 eta_seconds=49.1312 bootstraps=696
node=7511/7910 op=cheb seconds=901.372 eta_seconds=47.8828 bootstraps=696
node=7521/7910 op=mul seconds=903.108 eta_seconds=46.7104 bootstraps=698
node=7531/7910 op=gather seconds=903.627 eta_seconds=45.4753 bootstraps=698
node=7541/7910 op=mul seconds=904.319 eta_seconds=44.2506 bootstraps=698
node=7551/7910 op=mulp seconds=904.979 eta_seconds=43.0257 bootstraps=698
node=7561/7910 op=mulp seconds=905.011 eta_seconds=41.7734 bootstraps=698
node=7571/7910 op=repeat seconds=905.362 eta_seconds=40.5386 bootstraps=698
node=7581/7910 op=sum seconds=905.532 eta_seconds=39.2982 bootstraps=698
node=7591/7910 op=add seconds=905.694 eta_seconds=38.0604 bootstraps=698
node=7601/7910 op=cheb seconds=908 eta_seconds=36.9125 bootstraps=700
node=7611/7910 op=add seconds=910.395 eta_seconds=35.7651 bootstraps=702
node=7621/7910 op=linear_ref seconds=912.511 eta_seconds=34.6038 bootstraps=704
node=7631/7910 op=cheb seconds=912.594 eta_seconds=33.3657 bootstraps=704
node=7641/7910 op=add seconds=915.211 eta_seconds=32.2199 bootstraps=706
node=7651/7910 op=mulp seconds=915.449 eta_seconds=30.9896 bootstraps=706
node=7661/7910 op=addp seconds=915.576 eta_seconds=29.7583 bootstraps=706
node=7671/7910 op=mul seconds=917.404 eta_seconds=28.5829 bootstraps=708
node=7681/7910 op=gather seconds=918.59 eta_seconds=27.3867 bootstraps=708
node=7691/7910 op=add seconds=918.852 eta_seconds=26.1642 bootstraps=708
node=7701/7910 op=mul seconds=919.283 eta_seconds=24.9487 bootstraps=708
node=7711/7910 op=mul seconds=919.539 eta_seconds=23.7308 bootstraps=708
node=7721/7910 op=mul seconds=919.711 eta_seconds=22.5133 bootstraps=708
node=7731/7910 op=mul seconds=919.874 eta_seconds=21.2983 bootstraps=708
node=7741/7910 op=mul seconds=922.115 eta_seconds=20.1314 bootstraps=710
node=7751/7910 op=gather seconds=922.681 eta_seconds=18.9274 bootstraps=710
node=7761/7910 op=addp seconds=924.646 eta_seconds=17.7519 bootstraps=712
node=7771/7910 op=gather seconds=926.771 eta_seconds=16.5772 bootstraps=714
node=7781/7910 op=cheb seconds=929.148 eta_seconds=15.4042 bootstraps=716
node=7791/7910 op=mulp seconds=929.548 eta_seconds=14.198 bootstraps=716
node=7801/7910 op=cheb seconds=929.75 eta_seconds=12.991 bootstraps=716
node=7811/7910 op=mul seconds=930.008 eta_seconds=11.7873 bootstraps=716
node=7821/7910 op=gather seconds=932.15 eta_seconds=10.6075 bootstraps=718
node=7831/7910 op=mul seconds=932.852 eta_seconds=9.41071 bootstraps=718
node=7841/7910 op=mulp seconds=933.51 eta_seconds=8.21479 bootstraps=718
node=7851/7910 op=mulp seconds=933.544 eta_seconds=7.01555 bootstraps=718
node=7861/7910 op=repeat seconds=933.896 eta_seconds=5.82126 bootstraps=718
node=7871/7910 op=sum seconds=934.068 eta_seconds=4.62821 bootstraps=718
node=7881/7910 op=add seconds=934.229 eta_seconds=3.43771 bootstraps=718
node=7891/7910 op=cheb seconds=937.813 eta_seconds=2.25807 bootstraps=722
node=7901/7910 op=add seconds=940.343 eta_seconds=1.07114 bootstraps=724
node=7910/7910 op=mulp seconds=941.877 eta_seconds=0 bootstraps=726
client_token=315 logit_margin=0.674913
passed=1 polynomial_error=0.000116066 exact_error=0.000128417 eval_seconds=941.951
