GPU 0: NVIDIA GB10
 SMs: 48, SharedMem: 100 KB, Blocks/SM: 24, Threads/SM: 1536, L2 size: 24 MB, Bus: 256-bit
Adding bootstrap precomputation to GPU for 32768 slots.
Plaintexts loaded: 248 ~ 6262MB
Rotation keys loaded: 85 ~ 15300MB
setup_seconds=27.2916
planned_logical_refreshes=4
node=1/127 op=public seconds=0.158649 eta_seconds=19.9898 bootstraps=0
node=11/127 op=mulp seconds=1.04666 eta_seconds=11.0375 bootstraps=0
node=21/127 op=addp seconds=4.41657 eta_seconds=22.2932 bootstraps=0
node=31/127 op=mulp seconds=5.84928 eta_seconds=18.1139 bootstraps=0
node=41/127 op=mul seconds=6.59521 eta_seconds=13.8339 bootstraps=0
node=51/127 op=repeat seconds=7.25548 eta_seconds=10.8121 bootstraps=0
node=61/127 op=mul seconds=8.19277 eta_seconds=8.86431 bootstraps=0
node=71/127 op=gather seconds=9.95176 eta_seconds=7.84927 bootstraps=0
node=81/127 op=scatter seconds=10.8551 eta_seconds=6.16463 bootstraps=0
node=91/127 op=mul seconds=11.6565 eta_seconds=4.61138 bootstraps=0
node=101/127 op=linear seconds=15.1549 eta_seconds=3.90127 bootstraps=2
node=111/127 op=mulp seconds=16.6863 eta_seconds=2.40523 bootstraps=4
node=121/127 op=sum seconds=20.4351 eta_seconds=1.01331 bootstraps=6
node=127/127 op=mulp seconds=22.0732 eta_seconds=0 bootstraps=8
passed=1 polynomial_error=1.58376e-05 exact_error=1.58465e-05 eval_seconds=22.0737
