GPU 0: NVIDIA GB10
 SMs: 48, SharedMem: 100 KB, Blocks/SM: 24, Threads/SM: 1536, L2 size: 24 MB, Bus: 256-bit
Adding bootstrap precomputation to GPU for 32768 slots.
Plaintexts loaded: 248 ~ 6262MB
Rotation keys loaded: 85 ~ 15300MB
setup_seconds=26.6274
planned_logical_refreshes=15
node=1/402 op=public seconds=0.207316 eta_seconds=83.1336 bootstraps=0
node=11/402 op=mulp seconds=0.904493 eta_seconds=32.1506 bootstraps=0
node=21/402 op=addp seconds=2.54373 eta_seconds=46.1506 bootstraps=0
node=31/402 op=mulp seconds=3.4691 eta_seconds=41.5173 bootstraps=0
node=41/402 op=mul seconds=3.98844 eta_seconds=35.1177 bootstraps=0
node=51/402 op=repeat seconds=4.46054 eta_seconds=30.699 bootstraps=0
node=61/402 op=mul seconds=4.89189 eta_seconds=27.3465 bootstraps=0
node=71/402 op=gather seconds=5.59566 eta_seconds=26.0868 bootstraps=0
node=81/402 op=scatter seconds=5.93762 eta_seconds=23.5306 bootstraps=0
node=91/402 op=mul seconds=6.26189 eta_seconds=21.4005 bootstraps=0
node=101/402 op=linear seconds=8.68095 eta_seconds=25.8709 bootstraps=2
node=111/402 op=mulp seconds=10.149 eta_seconds=26.6069 bootstraps=4
node=121/402 op=sum seconds=12.5309 eta_seconds=29.1008 bootstraps=6
node=131/402 op=sum seconds=14.2915 eta_seconds=29.5649 bootstraps=8
node=141/402 op=gather seconds=16.2232 eta_seconds=30.0301 bootstraps=8
node=151/402 op=cheb seconds=17.7708 eta_seconds=29.5396 bootstraps=8
node=161/402 op=mul seconds=18.6743 eta_seconds=27.9535 bootstraps=8
node=171/402 op=mulp seconds=19.0483 eta_seconds=25.7318 bootstraps=8
node=181/402 op=gather seconds=21.0037 eta_seconds=25.6454 bootstraps=10
node=191/402 op=scatter seconds=21.3682 eta_seconds=23.6057 bootstraps=10
node=201/402 op=mulp seconds=22.1437 eta_seconds=22.1437 bootstraps=10
node=211/402 op=scatter seconds=22.7341 eta_seconds=20.5792 bootstraps=10
node=221/402 op=mul seconds=22.7699 eta_seconds=18.6486 bootstraps=10
node=231/402 op=mul seconds=24.9867 eta_seconds=18.4966 bootstraps=12
node=241/402 op=addp seconds=25.6629 eta_seconds=17.1441 bootstraps=12
node=251/402 op=linear_ref seconds=29.6622 eta_seconds=17.8446 bootstraps=16
node=261/402 op=mulp seconds=31.1703 eta_seconds=16.8391 bootstraps=18
client_token=6864 logit_margin=5.73048
node=271/402 op=mulp seconds=31.8998 eta_seconds=15.4202 bootstraps=18
node=281/402 op=addp seconds=33.5697 eta_seconds=14.4553 bootstraps=18
node=291/402 op=mulp seconds=35.6507 eta_seconds=13.5987 bootstraps=18
node=301/402 op=mul seconds=36.1743 eta_seconds=12.1382 bootstraps=18
node=311/402 op=repeat seconds=36.6476 eta_seconds=10.7232 bootstraps=18
node=321/402 op=mul seconds=37.0442 eta_seconds=9.34761 bootstraps=18
node=331/402 op=gather seconds=37.7496 eta_seconds=8.09735 bootstraps=18
node=341/402 op=scatter seconds=38.0918 eta_seconds=6.81408 bootstraps=18
node=351/402 op=mul seconds=38.4356 eta_seconds=5.58466 bootstraps=18
node=361/402 op=add seconds=40.2378 eta_seconds=4.56994 bootstraps=20
node=371/402 op=repeat seconds=40.945 eta_seconds=3.42128 bootstraps=20
node=381/402 op=mulp seconds=42.7732 eta_seconds=2.35758 bootstraps=22
node=391/402 op=mul seconds=44.9131 eta_seconds=1.26354 bootstraps=24
node=401/402 op=mul seconds=46.8608 eta_seconds=0.11686 bootstraps=26
node=402/402 op=mulp seconds=46.8644 eta_seconds=0 bootstraps=26
client_token=6864 logit_margin=5.21144
passed=1 polynomial_error=1.2523e-05 exact_error=1.8914e-05 eval_seconds=46.8655
