GPU 0: NVIDIA GB10
 SMs: 48, SharedMem: 100 KB, Blocks/SM: 24, Threads/SM: 1536, L2 size: 24 MB, Bus: 256-bit
Adding bootstrap precomputation to GPU for 32768 slots.
Plaintexts loaded: 248 ~ 6262MB
Rotation keys loaded: 85 ~ 15300MB
setup_seconds=26.6143
planned_logical_refreshes=15
node=1/402 op=public seconds=0.196587 eta_seconds=78.8315 bootstraps=0
node=11/402 op=mulp seconds=0.891249 eta_seconds=31.6799 bootstraps=0
node=21/402 op=addp seconds=2.40451 eta_seconds=43.6246 bootstraps=0
node=31/402 op=mulp seconds=3.3547 eta_seconds=40.1482 bootstraps=0
node=41/402 op=mul seconds=3.91703 eta_seconds=34.489 bootstraps=0
node=51/402 op=repeat seconds=4.46042 eta_seconds=30.6982 bootstraps=0
node=61/402 op=mul seconds=4.89435 eta_seconds=27.3602 bootstraps=0
node=71/402 op=gather seconds=5.60297 eta_seconds=26.1209 bootstraps=0
node=81/402 op=scatter seconds=5.94756 eta_seconds=23.5699 bootstraps=0
node=91/402 op=mul seconds=6.29122 eta_seconds=21.5008 bootstraps=0
node=101/402 op=linear seconds=8.74413 eta_seconds=26.0592 bootstraps=2
node=111/402 op=mulp seconds=10.2095 eta_seconds=26.7655 bootstraps=4
node=121/402 op=sum seconds=12.9619 eta_seconds=30.1017 bootstraps=6
node=131/402 op=sum seconds=14.6019 eta_seconds=30.2069 bootstraps=8
node=141/402 op=gather seconds=16.4925 eta_seconds=30.5286 bootstraps=8
node=151/402 op=cheb seconds=17.957 eta_seconds=29.8491 bootstraps=8
node=161/402 op=mul seconds=18.9615 eta_seconds=28.3833 bootstraps=8
node=171/402 op=mulp seconds=19.3817 eta_seconds=26.1822 bootstraps=8
node=181/402 op=gather seconds=21.3577 eta_seconds=26.0777 bootstraps=10
node=191/402 op=scatter seconds=21.7333 eta_seconds=24.0091 bootstraps=10
node=201/402 op=mulp seconds=22.517 eta_seconds=22.517 bootstraps=10
node=211/402 op=scatter seconds=23.1224 eta_seconds=20.9307 bootstraps=10
node=221/402 op=mul seconds=23.1901 eta_seconds=18.9928 bootstraps=10
node=231/402 op=mul seconds=25.2908 eta_seconds=18.7218 bootstraps=12
node=241/402 op=addp seconds=25.9777 eta_seconds=17.3544 bootstraps=12
node=251/402 op=linear_ref seconds=29.986 eta_seconds=18.0394 bootstraps=16
node=261/402 op=mulp seconds=31.4919 eta_seconds=17.0129 bootstraps=18
client_token=6864 logit_margin=5.73048
node=271/402 op=mulp seconds=32.2264 eta_seconds=15.5781 bootstraps=18
node=281/402 op=addp seconds=33.749 eta_seconds=14.5325 bootstraps=18
node=291/402 op=mulp seconds=35.9134 eta_seconds=13.6989 bootstraps=18
node=301/402 op=mul seconds=36.4864 eta_seconds=12.2429 bootstraps=18
node=311/402 op=repeat seconds=37.0333 eta_seconds=10.8361 bootstraps=18
node=321/402 op=mul seconds=37.4355 eta_seconds=9.44635 bootstraps=18
node=331/402 op=gather seconds=38.1526 eta_seconds=8.1838 bootstraps=18
node=341/402 op=scatter seconds=38.4984 eta_seconds=6.88682 bootstraps=18
node=351/402 op=mul seconds=38.8753 eta_seconds=5.64855 bootstraps=18
node=361/402 op=add seconds=40.5333 eta_seconds=4.60351 bootstraps=20
node=371/402 op=repeat seconds=41.2496 eta_seconds=3.44673 bootstraps=20
node=381/402 op=mulp seconds=43.1031 eta_seconds=2.37576 bootstraps=22
node=391/402 op=mul seconds=45.2465 eta_seconds=1.27292 bootstraps=24
node=401/402 op=mul seconds=47.2 eta_seconds=0.117706 bootstraps=26
node=402/402 op=mulp seconds=47.2037 eta_seconds=0 bootstraps=26
client_token=6864 logit_margin=5.21146
passed=1 polynomial_error=3.8167e-05 exact_error=3.81759e-05 eval_seconds=47.2049
