GPU 0: NVIDIA GB10
 SMs: 48, SharedMem: 100 KB, Blocks/SM: 24, Threads/SM: 1536, L2 size: 24 MB, Bus: 256-bit
Adding bootstrap precomputation to GPU for 32768 slots.
Plaintexts loaded: 248 ~ 6262MB
Rotation keys loaded: 85 ~ 15300MB
setup_seconds=26.5767
planned_logical_refreshes=4
node=1/127 op=public seconds=0.200165 eta_seconds=25.2207 bootstraps=0
node=11/127 op=mulp seconds=0.943034 eta_seconds=9.94472 bootstraps=0
node=21/127 op=addp seconds=3.10397 eta_seconds=15.6677 bootstraps=0
node=31/127 op=mulp seconds=4.19504 eta_seconds=12.9911 bootstraps=0
node=41/127 op=mul seconds=4.7977 eta_seconds=10.0635 bootstraps=0
node=51/127 op=repeat seconds=5.36306 eta_seconds=7.99201 bootstraps=0
node=61/127 op=mul seconds=5.96133 eta_seconds=6.44997 bootstraps=0
node=71/127 op=gather seconds=7.04206 eta_seconds=5.5543 bootstraps=0
node=81/127 op=scatter seconds=7.61914 eta_seconds=4.32692 bootstraps=0
node=91/127 op=mul seconds=8.09031 eta_seconds=3.20056 bootstraps=0
node=101/127 op=linear seconds=10.8392 eta_seconds=2.7903 bootstraps=2
node=111/127 op=mulp seconds=12.3217 eta_seconds=1.7761 bootstraps=4
node=121/127 op=sum seconds=15.0038 eta_seconds=0.743988 bootstraps=6
node=127/127 op=mulp seconds=16.5591 eta_seconds=0 bootstraps=8
passed=1 polynomial_error=2.40977e-05 exact_error=2.40888e-05 eval_seconds=16.5595
