GPU 0: NVIDIA GB10
 SMs: 48, SharedMem: 100 KB, Blocks/SM: 24, Threads/SM: 1536, L2 size: 24 MB, Bus: 256-bit
Adding bootstrap precomputation to GPU for 32768 slots.
Plaintexts loaded: 248 ~ 6262MB
Rotation keys loaded: 85 ~ 15300MB
setup_seconds=26.5873
planned_logical_refreshes=4
node=1/127 op=public seconds=0.192293 eta_seconds=24.2289 bootstraps=0
node=11/127 op=mulp seconds=0.92637 eta_seconds=9.76899 bootstraps=0
node=21/127 op=addp seconds=2.94683 eta_seconds=14.8745 bootstraps=0
node=31/127 op=mulp seconds=4.01226 eta_seconds=12.4251 bootstraps=0
node=41/127 op=mul seconds=4.60345 eta_seconds=9.65602 bootstraps=0
node=51/127 op=repeat seconds=5.16503 eta_seconds=7.6969 bootstraps=0
node=61/127 op=mul seconds=5.72433 eta_seconds=6.19353 bootstraps=0
node=71/127 op=gather seconds=6.72543 eta_seconds=5.30456 bootstraps=0
node=81/127 op=scatter seconds=7.26126 eta_seconds=4.12368 bootstraps=0
node=91/127 op=mul seconds=7.69384 eta_seconds=3.04372 bootstraps=0
node=101/127 op=linear seconds=10.3446 eta_seconds=2.66297 bootstraps=2
node=111/127 op=mulp seconds=11.8246 eta_seconds=1.70444 bootstraps=4
node=121/127 op=sum seconds=14.4016 eta_seconds=0.71413 bootstraps=6
node=127/127 op=mulp seconds=15.9477 eta_seconds=0 bootstraps=8
passed=1 polynomial_error=1.15845e-05 exact_error=1.31469e-05 eval_seconds=15.9481
