GPU 0: NVIDIA GB10
 SMs: 48, SharedMem: 100 KB, Blocks/SM: 24, Threads/SM: 1536, L2 size: 24 MB, Bus: 256-bit
Adding bootstrap precomputation to GPU for 32768 slots.
Plaintexts loaded: 248 ~ 4960MB
Rotation keys loaded: 85 ~ 15300MB
setup_seconds=26.7734
planned_logical_refreshes=20
node=10/394 op=mul seconds=0.863793 eta_seconds=33.1697 bootstraps=0
node=20/394 op=addp seconds=1.9086 eta_seconds=35.6908 bootstraps=0
node=30/394 op=cheb seconds=2.88872 eta_seconds=35.0497 bootstraps=0
node=40/394 op=sum seconds=3.28335 eta_seconds=29.0576 bootstraps=0
node=50/394 op=addp seconds=3.73274 eta_seconds=25.6813 bootstraps=0
node=60/394 op=scatter seconds=4.06707 eta_seconds=22.64 bootstraps=0
node=70/394 op=add seconds=4.51569 eta_seconds=20.9012 bootstraps=0
node=80/394 op=mul seconds=4.93756 eta_seconds=19.3799 bootstraps=0
node=90/394 op=gather seconds=6.31698 eta_seconds=21.3373 bootstraps=0
node=100/394 op=cheb seconds=7.77742 eta_seconds=22.8656 bootstraps=0
node=110/394 op=cheb seconds=8.57161 eta_seconds=22.1303 bootstraps=0
node=120/394 op=mul seconds=8.98302 eta_seconds=20.5112 bootstraps=0
node=130/394 op=repeat seconds=9.4689 eta_seconds=19.2291 bootstraps=0
node=140/394 op=add seconds=9.70845 eta_seconds=17.6139 bootstraps=0
node=150/394 op=mulp seconds=10.2161 eta_seconds=16.6182 bootstraps=0
node=160/394 op=mul seconds=10.4002 eta_seconds=15.2103 bootstraps=0
node=170/394 op=add seconds=11.9376 eta_seconds=15.7295 bootstraps=2
node=180/394 op=scatter seconds=12.3582 eta_seconds=14.6926 bootstraps=2
node=190/394 op=repeat seconds=12.9106 eta_seconds=13.8619 bootstraps=2
node=200/394 op=linear seconds=14.4013 eta_seconds=13.9692 bootstraps=4
node=210/394 op=mulp seconds=14.6366 eta_seconds=12.8245 bootstraps=4
node=220/394 op=addp seconds=15.5247 eta_seconds=12.2786 bootstraps=4
node=230/394 op=linear seconds=17.4473 eta_seconds=12.4407 bootstraps=6
node=240/394 op=add seconds=17.9914 eta_seconds=11.5445 bootstraps=6
node=250/394 op=cheb seconds=19.16 eta_seconds=11.0362 bootstraps=8
client_token=6864 logit_margin=5.73048
node=260/394 op=cheb seconds=19.7855 eta_seconds=10.1971 bootstraps=8
node=270/394 op=gather seconds=20.9122 eta_seconds=9.6041 bootstraps=8
node=280/394 op=repeat seconds=22.7222 eta_seconds=9.25116 bootstraps=8
node=290/394 op=addp seconds=23.1479 eta_seconds=8.30132 bootstraps=8
node=300/394 op=repeat seconds=23.8302 eta_seconds=7.4668 bootstraps=8
node=310/394 op=mul seconds=24.1195 eta_seconds=6.53561 bootstraps=8
node=320/394 op=scatter seconds=24.4208 eta_seconds=5.6473 bootstraps=8
node=330/394 op=gather seconds=24.7258 eta_seconds=4.7953 bootstraps=8
node=340/394 op=mulp seconds=24.8283 eta_seconds=3.94332 bootstraps=8
node=350/394 op=sum seconds=26.4513 eta_seconds=3.3253 bootstraps=10
node=360/394 op=add seconds=26.7059 eta_seconds=2.52222 bootstraps=10
node=370/394 op=mul seconds=28.1692 eta_seconds=1.82719 bootstraps=12
node=380/394 op=gather seconds=28.7386 eta_seconds=1.05879 bootstraps=12
node=390/394 op=addp seconds=30.1315 eta_seconds=0.309041 bootstraps=14
node=394/394 op=mulp seconds=31.1163 eta_seconds=0 bootstraps=16
client_token=6864 logit_margin=5.21147
passed=1 polynomial_error=1.07952e-06 exact_error=1.96729e-05 eval_seconds=31.1176
