GPU 0: NVIDIA GB10
 SMs: 48, SharedMem: 100 KB, Blocks/SM: 24, Threads/SM: 1536, L2 size: 24 MB, Bus: 256-bit
Adding bootstrap precomputation to GPU for 32768 slots.
Plaintexts loaded: 248 ~ 6262MB
Rotation keys loaded: 85 ~ 15300MB
setup_seconds=26.5761
planned_logical_refreshes=4
node=1/127 op=public seconds=0.184762 eta_seconds=23.28 bootstraps=0
node=11/127 op=mulp seconds=0.925441 eta_seconds=9.7592 bootstraps=0
node=21/127 op=addp seconds=3.06651 eta_seconds=15.4786 bootstraps=0
node=31/127 op=mulp seconds=4.15083 eta_seconds=12.8542 bootstraps=0
node=41/127 op=mul seconds=4.74767 eta_seconds=9.95853 bootstraps=0
node=51/127 op=repeat seconds=5.30827 eta_seconds=7.91037 bootstraps=0
node=61/127 op=mul seconds=5.89492 eta_seconds=6.37811 bootstraps=0
node=71/127 op=gather seconds=6.95179 eta_seconds=5.4831 bootstraps=0
node=81/127 op=scatter seconds=7.51592 eta_seconds=4.2683 bootstraps=0
node=91/127 op=mul seconds=7.97741 eta_seconds=3.1559 bootstraps=0
node=101/127 op=linear seconds=10.683 eta_seconds=2.75009 bootstraps=2
node=111/127 op=mulp seconds=12.158 eta_seconds=1.75251 bootstraps=4
node=121/127 op=sum seconds=14.8199 eta_seconds=0.734872 bootstraps=6
node=127/127 op=mulp seconds=16.356 eta_seconds=0 bootstraps=8
passed=1 polynomial_error=1.26114e-05 exact_error=1.22261e-05 eval_seconds=16.3564
