GPU 0: NVIDIA GB10
 SMs: 48, SharedMem: 100 KB, Blocks/SM: 24, Threads/SM: 1536, L2 size: 24 MB, Bus: 256-bit
Adding bootstrap precomputation to GPU for 32768 slots.
Plaintexts loaded: 248 ~ 6262MB
Rotation keys loaded: 85 ~ 15300MB
setup_seconds=26.508
planned_logical_refreshes=853
node=10/7985 op=public seconds=1.39726 eta_seconds=1114.32 bootstraps=0
node=20/7985 op=mul seconds=2.0998 eta_seconds=836.246 bootstraps=0
node=30/7985 op=mulp seconds=3.04566 eta_seconds=807.607 bootstraps=0
node=40/7985 op=repeat seconds=4.61834 eta_seconds=917.318 bootstraps=0
node=50/7985 op=gather seconds=6.60006 eta_seconds=1047.43 bootstraps=0
node=60/7985 op=sum seconds=6.74727 eta_seconds=891.202 bootstraps=0
node=70/7985 op=mul seconds=6.82565 eta_seconds=771.786 bootstraps=0
node=80/7985 op=gather seconds=7.60527 eta_seconds=751.496 bootstraps=0
node=90/7985 op=add seconds=8.124 eta_seconds=712.655 bootstraps=0
node=100/7985 op=mul seconds=8.51893 eta_seconds=671.718 bootstraps=0
node=110/7985 op=mulp seconds=8.86857 eta_seconds=634.909 bootstraps=0
node=120/7985 op=mul seconds=9.38027 eta_seconds=614.798 bootstraps=0
node=130/7985 op=gather seconds=9.63135 eta_seconds=581.956 bootstraps=0
node=140/7985 op=mul seconds=10.0114 eta_seconds=560.997 bootstraps=0
node=150/7985 op=mul seconds=11.3637 eta_seconds=593.562 bootstraps=0
node=160/7985 op=mulp seconds=11.4995 eta_seconds=562.4 bootstraps=0
node=170/7985 op=mul seconds=11.8133 eta_seconds=543.065 bootstraps=0
node=180/7985 op=scatter seconds=14.2713 eta_seconds=618.819 bootstraps=2
node=190/7985 op=add seconds=14.6909 eta_seconds=602.713 bootstraps=2
node=200/7985 op=sum seconds=15.5587 eta_seconds=605.623 bootstraps=2
node=210/7985 op=mul seconds=16.1341 eta_seconds=597.347 bootstraps=2
node=220/7985 op=scatter seconds=18.0694 eta_seconds=637.768 bootstraps=4
node=230/7985 op=gather seconds=18.595 eta_seconds=626.974 bootstraps=4
node=240/7985 op=mulp seconds=19.046 eta_seconds=614.631 bootstraps=4
node=250/7985 op=mul seconds=21.5813 eta_seconds=667.726 bootstraps=6
node=260/7985 op=sum seconds=22.0539 eta_seconds=655.255 bootstraps=6
node=270/7985 op=gather seconds=24.484 eta_seconds=699.607 bootstraps=8
node=280/7985 op=mulp seconds=24.5267 eta_seconds=674.921 bootstraps=8
node=290/7985 op=gather seconds=25.0303 eta_seconds=664.166 bootstraps=8
node=300/7985 op=gather seconds=25.0647 eta_seconds=642.074 bootstraps=8
node=310/7985 op=gather seconds=27.2704 eta_seconds=675.161 bootstraps=10
node=320/7985 op=gather seconds=27.647 eta_seconds=662.232 bootstraps=10
node=330/7985 op=add seconds=27.947 eta_seconds=648.287 bootstraps=10
node=340/7985 op=mul seconds=28.4114 eta_seconds=638.839 bootstraps=10
node=350/7985 op=mulp seconds=28.8774 eta_seconds=629.94 bootstraps=10
node=360/7985 op=gather seconds=31.5443 eta_seconds=668.126 bootstraps=12
node=370/7985 op=mul seconds=31.8123 eta_seconds=654.731 bootstraps=12
node=380/7985 op=mulp seconds=31.9945 eta_seconds=640.31 bootstraps=12
node=390/7985 op=mul seconds=32.2423 eta_seconds=627.899 bootstraps=12
node=400/7985 op=scatter seconds=32.3592 eta_seconds=613.611 bootstraps=12
node=410/7985 op=gather seconds=32.9524 eta_seconds=608.816 bootstraps=12
node=420/7985 op=scatter seconds=33.2353 eta_seconds=598.631 bootstraps=12
node=430/7985 op=mul seconds=35.6518 eta_seconds=626.394 bootstraps=14
node=440/7985 op=mul seconds=36.0319 eta_seconds=617.865 bootstraps=14
node=450/7985 op=scatter seconds=36.5885 eta_seconds=612.654 bootstraps=14
node=460/7985 op=mul seconds=37.0521 eta_seconds=606.125 bootstraps=14
node=470/7985 op=gather seconds=39.3083 eta_seconds=628.515 bootstraps=16
node=480/7985 op=linear_ref seconds=40.2058 eta_seconds=628.635 bootstraps=16
node=490/7985 op=scatter seconds=42.5447 eta_seconds=650.76 bootstraps=18
node=500/7985 op=mulp seconds=42.9653 eta_seconds=643.191 bootstraps=18
node=510/7985 op=gather seconds=45.2734 eta_seconds=663.566 bootstraps=20
node=520/7985 op=linear_ref seconds=45.8654 eta_seconds=658.433 bootstraps=20
node=530/7985 op=addp seconds=45.9138 eta_seconds=645.825 bootstraps=20
node=540/7985 op=sum seconds=45.9485 eta_seconds=633.494 bootstraps=20
node=550/7985 op=gather seconds=48.1912 eta_seconds=651.457 bootstraps=22
node=560/7985 op=gather seconds=50.3078 eta_seconds=667.028 bootstraps=24
node=570/7985 op=mulp seconds=50.3655 eta_seconds=655.193 bootstraps=24
node=580/7985 op=repeat seconds=50.4522 eta_seconds=644.136 bootstraps=24
node=590/7985 op=mul seconds=51.2943 eta_seconds=642.917 bootstraps=24
node=600/7985 op=cheb seconds=52.4254 eta_seconds=645.269 bootstraps=24
node=610/7985 op=gather seconds=52.6212 eta_seconds=636.199 bootstraps=24
node=620/7985 op=mul seconds=55.0786 eta_seconds=654.281 bootstraps=26
node=630/7985 op=scatter seconds=55.3284 eta_seconds=645.938 bootstraps=26
node=640/7985 op=scatter seconds=55.4169 eta_seconds=635.996 bootstraps=26
node=650/7985 op=scatter seconds=55.641 eta_seconds=627.887 bootstraps=26
node=660/7985 op=cheb seconds=55.9516 eta_seconds=620.978 bootstraps=26
node=670/7985 op=mul seconds=56.0569 eta_seconds=612.024 bootstraps=26
node=680/7985 op=mul seconds=57.9403 eta_seconds=622.432 bootstraps=28
node=690/7985 op=mul seconds=58.3239 eta_seconds=616.627 bootstraps=28
node=700/7985 op=add seconds=58.8994 eta_seconds=612.975 bootstraps=28
node=710/7985 op=mul seconds=60.6776 eta_seconds=621.732 bootstraps=30
node=720/7985 op=gather seconds=61.6765 eta_seconds=622.334 bootstraps=30
node=730/7985 op=mulp seconds=63.8302 eta_seconds=634.367 bootstraps=32
node=740/7985 op=cheb_batch seconds=65.9766 eta_seconds=645.946 bootstraps=34
node=750/7985 op=gather seconds=66.5613 eta_seconds=642.095 bootstraps=34
node=760/7985 op=mul seconds=66.6293 eta_seconds=633.417 bootstraps=34
node=770/7985 op=mul seconds=67.204 eta_seconds=629.711 bootstraps=34
node=780/7985 op=addp seconds=67.2391 eta_seconds=621.099 bootstraps=34
node=790/7985 op=gather seconds=69.5117 eta_seconds=633.085 bootstraps=36
node=800/7985 op=gather seconds=70.1735 eta_seconds=630.246 bootstraps=36
node=810/7985 op=scatter seconds=70.7533 eta_seconds=626.734 bootstraps=36
node=820/7985 op=repeat seconds=72.8704 eta_seconds=636.727 bootstraps=38
node=830/7985 op=mulp seconds=72.9351 eta_seconds=628.736 bootstraps=38
node=840/7985 op=cheb seconds=73.805 eta_seconds=627.781 bootstraps=38
node=850/7985 op=repeat seconds=73.873 eta_seconds=620.099 bootstraps=38
node=860/7985 op=gather seconds=76.2385 eta_seconds=631.627 bootstraps=40
node=870/7985 op=scatter seconds=76.4339 eta_seconds=625.088 bootstraps=40
node=880/7985 op=add seconds=76.507 eta_seconds=617.707 bootstraps=40
node=890/7985 op=mulp seconds=76.717 eta_seconds=611.581 bootstraps=40
node=900/7985 op=mul seconds=76.9575 eta_seconds=605.827 bootstraps=40
node=910/7985 op=scatter seconds=77.2317 eta_seconds=600.455 bootstraps=40
node=920/7985 op=mul seconds=79.0376 eta_seconds=606.957 bootstraps=42
node=930/7985 op=mul seconds=79.6407 eta_seconds=604.156 bootstraps=42
node=940/7985 op=scatter seconds=80.1169 eta_seconds=600.451 bootstraps=42
node=950/7985 op=linear seconds=82.3926 eta_seconds=610.139 bootstraps=44
node=960/7985 op=gather seconds=84.66 eta_seconds=619.517 bootstraps=46
node=970/7985 op=mul seconds=85.1445 eta_seconds=615.762 bootstraps=46
node=980/7985 op=gather seconds=87.267 eta_seconds=623.781 bootstraps=48
node=990/7985 op=gather seconds=87.7854 eta_seconds=620.262 bootstraps=48
node=1000/7985 op=linear_ref seconds=88.3971 eta_seconds=617.453 bootstraps=48
node=1010/7985 op=mul seconds=88.4322 eta_seconds=610.707 bootstraps=48
node=1020/7985 op=mulp seconds=88.47 eta_seconds=604.112 bootstraps=48
node=1030/7985 op=gather seconds=90.8991 eta_seconds=613.79 bootstraps=50
node=1040/7985 op=mul seconds=91.184 eta_seconds=608.917 bootstraps=50
node=1050/7985 op=gather seconds=91.575 eta_seconds=604.831 bootstraps=50
node=1060/7985 op=scatter seconds=92.119 eta_seconds=601.815 bootstraps=50
node=1070/7985 op=gather seconds=94.746 eta_seconds=612.307 bootstraps=52
node=1080/7985 op=mulp seconds=95.0016 eta_seconds=607.395 bootstraps=52
node=1090/7985 op=add seconds=95.1718 eta_seconds=602.027 bootstraps=52
node=1100/7985 op=mul seconds=95.423 eta_seconds=597.261 bootstraps=52
node=1110/7985 op=scatter seconds=95.5404 eta_seconds=591.748 bootstraps=52
node=1120/7985 op=repeat seconds=96.2607 eta_seconds=590.026 bootstraps=52
node=1130/7985 op=add seconds=96.4757 eta_seconds=585.258 bootstraps=52
node=1140/7985 op=sum seconds=99.0645 eta_seconds=594.822 bootstraps=54
node=1150/7985 op=mul seconds=99.5149 eta_seconds=591.465 bootstraps=54
node=1160/7985 op=scatter seconds=99.9722 eta_seconds=588.198 bootstraps=54
node=1170/7985 op=add seconds=100.595 eta_seconds=585.945 bootstraps=54
node=1180/7985 op=mulp seconds=102.435 eta_seconds=590.739 bootstraps=56
node=1190/7985 op=gather seconds=103.132 eta_seconds=588.89 bootstraps=56
node=1200/7985 op=mul seconds=105.528 eta_seconds=596.674 bootstraps=58
node=1210/7985 op=add seconds=106.319 eta_seconds=595.298 bootstraps=58
node=1220/7985 op=mul seconds=108.105 eta_seconds=599.453 bootstraps=60
node=1230/7985 op=addp seconds=108.625 eta_seconds=596.556 bootstraps=60
node=1240/7985 op=addp seconds=109.201 eta_seconds=594 bootstraps=60
node=1250/7985 op=mulp seconds=109.236 eta_seconds=588.561 bootstraps=60
node=1260/7985 op=mulp seconds=109.263 eta_seconds=583.168 bootstraps=60
node=1270/7985 op=gather seconds=113.612 eta_seconds=600.714 bootstraps=64
node=1280/7985 op=mulp seconds=113.641 eta_seconds=595.282 bootstraps=64
node=1290/7985 op=mul seconds=113.724 eta_seconds=590.218 bootstraps=64
node=1300/7985 op=gather seconds=114.304 eta_seconds=587.788 bootstraps=64
node=1310/7985 op=gather seconds=114.776 eta_seconds=584.83 bootstraps=64
node=1320/7985 op=mul seconds=115.519 eta_seconds=583.283 bootstraps=64
node=1330/7985 op=gather seconds=115.914 eta_seconds=580.006 bootstraps=64
node=1340/7985 op=mulp seconds=118.153 eta_seconds=585.913 bootstraps=66
node=1350/7985 op=mul seconds=118.396 eta_seconds=581.892 bootstraps=66
node=1360/7985 op=scatter seconds=118.507 eta_seconds=577.285 bootstraps=66
node=1370/7985 op=mul seconds=118.71 eta_seconds=573.188 bootstraps=66
node=1380/7985 op=mulp seconds=118.954 eta_seconds=569.339 bootstraps=66
node=1390/7985 op=mul seconds=119.193 eta_seconds=565.522 bootstraps=66
node=1400/7985 op=scatter seconds=121.279 eta_seconds=570.443 bootstraps=68
node=1410/7985 op=mul seconds=121.673 eta_seconds=567.374 bootstraps=68
node=1420/7985 op=cheb_batch seconds=123.743 eta_seconds=572.095 bootstraps=70
node=1430/7985 op=mul seconds=124.295 eta_seconds=569.758 bootstraps=70
node=1440/7985 op=add seconds=127.114 eta_seconds=577.75 bootstraps=72
node=1450/7985 op=scatter seconds=127.516 eta_seconds=574.701 bootstraps=72
node=1460/7985 op=linear seconds=129.815 eta_seconds=580.166 bootstraps=74
node=1470/7985 op=sum seconds=129.837 eta_seconds=575.433 bootstraps=74
node=1480/7985 op=mul seconds=130.398 eta_seconds=573.133 bootstraps=74
node=1490/7985 op=mul seconds=130.435 eta_seconds=568.575 bootstraps=74
node=1500/7985 op=cheb_batch seconds=132.702 eta_seconds=573.716 bootstraps=76
node=1510/7985 op=gather seconds=133.049 eta_seconds=570.525 bootstraps=76
node=1520/7985 op=repeat seconds=133.373 eta_seconds=567.274 bootstraps=76
node=1530/7985 op=gather seconds=134.182 eta_seconds=566.107 bootstraps=76
node=1540/7985 op=gather seconds=134.684 eta_seconds=563.662 bootstraps=76
node=1550/7985 op=gather seconds=134.957 eta_seconds=560.291 bootstraps=76
node=1560/7985 op=mulp seconds=137.786 eta_seconds=567.482 bootstraps=78
node=1570/7985 op=gather seconds=139.989 eta_seconds=571.994 bootstraps=80
node=1580/7985 op=add seconds=140.01 eta_seconds=567.574 bootstraps=80
node=1590/7985 op=mul seconds=140.254 eta_seconds=564.103 bootstraps=80
node=1600/7985 op=mul seconds=140.458 eta_seconds=560.515 bootstraps=80
node=1610/7985 op=scatter seconds=140.706 eta_seconds=557.144 bootstraps=80
node=1620/7985 op=add seconds=140.81 eta_seconds=553.246 bootstraps=80
node=1630/7985 op=sum seconds=141.137 eta_seconds=550.26 bootstraps=80
node=1640/7985 op=sum seconds=143.151 eta_seconds=553.836 bootstraps=82
node=1650/7985 op=add seconds=143.42 eta_seconds=550.645 bootstraps=82
node=1660/7985 op=gather seconds=145.372 eta_seconds=553.904 bootstraps=84
node=1670/7985 op=mulp seconds=145.963 eta_seconds=551.952 bootstraps=84
node=1680/7985 op=mul seconds=148.809 eta_seconds=558.478 bootstraps=86
node=1690/7985 op=sum seconds=149.225 eta_seconds=555.84 bootstraps=86
node=1700/7985 op=gather seconds=151.469 eta_seconds=559.991 bootstraps=88
node=1710/7985 op=mulp seconds=151.532 eta_seconds=556.059 bootstraps=88
node=1720/7985 op=addp seconds=152.236 eta_seconds=554.511 bootstraps=88
node=1730/7985 op=addp seconds=152.28 eta_seconds=550.584 bootstraps=88
node=1740/7985 op=gather seconds=154.907 eta_seconds=555.972 bootstraps=90
node=1750/7985 op=gather seconds=155.411 eta_seconds=553.709 bootstraps=90
node=1760/7985 op=repeat seconds=155.712 eta_seconds=550.744 bootstraps=90
node=1770/7985 op=gather seconds=155.907 eta_seconds=547.437 bootstraps=90
node=1780/7985 op=gather seconds=156.625 eta_seconds=545.986 bootstraps=90
node=1790/7985 op=scatter seconds=157.099 eta_seconds=543.703 bootstraps=90
node=1800/7985 op=gather seconds=157.293 eta_seconds=540.475 bootstraps=90
node=1810/7985 op=mul seconds=159.675 eta_seconds=544.747 bootstraps=92
node=1820/7985 op=scatter seconds=159.964 eta_seconds=541.857 bootstraps=92
node=1830/7985 op=scatter seconds=160.066 eta_seconds=538.364 bootstraps=92
node=1840/7985 op=mulp seconds=160.315 eta_seconds=535.399 bootstraps=92
node=1850/7985 op=mul seconds=160.59 eta_seconds=532.552 bootstraps=92
node=1860/7985 op=mul seconds=161.487 eta_seconds=531.777 bootstraps=92
node=1870/7985 op=repeat seconds=161.881 eta_seconds=529.36 bootstraps=92
node=1880/7985 op=addp seconds=163.918 eta_seconds=532.296 bootstraps=94
node=1890/7985 op=mul seconds=164.072 eta_seconds=529.112 bootstraps=94
node=1900/7985 op=gather seconds=166.058 eta_seconds=531.822 bootstraps=96
node=1910/7985 op=linear_ref seconds=167.159 eta_seconds=531.67 bootstraps=96
node=1920/7985 op=scatter seconds=169.503 eta_seconds=535.437 bootstraps=98
node=1930/7985 op=mulp seconds=169.924 eta_seconds=533.104 bootstraps=98
node=1940/7985 op=gather seconds=172.162 eta_seconds=536.454 bootstraps=100
node=1950/7985 op=addp seconds=172.194 eta_seconds=532.918 bootstraps=100
node=1960/7985 op=mul seconds=172.834 eta_seconds=531.287 bootstraps=100
node=1970/7985 op=sum seconds=172.891 eta_seconds=527.889 bootstraps=100
node=1980/7985 op=gather seconds=175.279 eta_seconds=531.591 bootstraps=102
node=1990/7985 op=mulp seconds=175.457 eta_seconds=528.576 bootstraps=102
node=2000/7985 op=cheb_batch seconds=175.747 eta_seconds=525.923 bootstraps=102
node=2010/7985 op=gather seconds=175.937 eta_seconds=522.995 bootstraps=102
node=2020/7985 op=mul seconds=176.711 eta_seconds=521.822 bootstraps=102
node=2030/7985 op=mul seconds=177.197 eta_seconds=519.807 bootstraps=102
node=2040/7985 op=mul seconds=177.678 eta_seconds=517.791 bootstraps=102
node=2050/7985 op=mul seconds=179.883 eta_seconds=520.783 bootstraps=104
node=2060/7985 op=mulp seconds=180.126 eta_seconds=518.082 bootstraps=104
node=2070/7985 op=mul seconds=180.235 eta_seconds=515.02 bootstraps=104
node=2080/7985 op=mul seconds=180.978 eta_seconds=513.786 bootstraps=104
node=2090/7985 op=mul seconds=181.925 eta_seconds=513.134 bootstraps=104
node=2100/7985 op=add seconds=182.114 eta_seconds=510.354 bootstraps=104
node=2110/7985 op=linear seconds=184.272 eta_seconds=513.081 bootstraps=106
node=2120/7985 op=repeat seconds=184.491 eta_seconds=510.396 bootstraps=106
node=2130/7985 op=mul seconds=184.869 eta_seconds=508.173 bootstraps=106
node=2140/7985 op=repeat seconds=186.643 eta_seconds=509.779 bootstraps=108
node=2150/7985 op=gather seconds=187.716 eta_seconds=509.452 bootstraps=108
node=2160/7985 op=sum seconds=190.103 eta_seconds=512.663 bootstraps=110
node=2170/7985 op=addp seconds=190.54 eta_seconds=510.595 bootstraps=110
node=2180/7985 op=gather seconds=192.855 eta_seconds=513.543 bootstraps=112
node=2190/7985 op=gather seconds=193.445 eta_seconds=511.879 bootstraps=112
node=2200/7985 op=addp seconds=193.493 eta_seconds=508.799 bootstraps=112
node=2210/7985 op=mulp seconds=193.528 eta_seconds=505.711 bootstraps=112
node=2220/7985 op=gather seconds=195.875 eta_seconds=508.657 bootstraps=114
node=2230/7985 op=gather seconds=198.184 eta_seconds=511.457 bootstraps=116
node=2240/7985 op=mulp seconds=198.206 eta_seconds=508.346 bootstraps=116
node=2250/7985 op=mul seconds=198.277 eta_seconds=505.385 bootstraps=116
node=2260/7985 op=gather seconds=198.784 eta_seconds=503.557 bootstraps=116
node=2270/7985 op=gather seconds=199.289 eta_seconds=501.735 bootstraps=116
node=2280/7985 op=gather seconds=200.767 eta_seconds=502.359 bootstraps=116
node=2290/7985 op=mul seconds=203.209 eta_seconds=505.36 bootstraps=118
node=2300/7985 op=add seconds=203.448 eta_seconds=502.871 bootstraps=118
node=2310/7985 op=add seconds=203.537 eta_seconds=500.031 bootstraps=118
node=2320/7985 op=mul seconds=203.763 eta_seconds=497.55 bootstraps=118
node=2330/7985 op=mul seconds=204.076 eta_seconds=495.3 bootstraps=118
node=2340/7985 op=add seconds=204.178 eta_seconds=492.558 bootstraps=118
node=2350/7985 op=add seconds=206.052 eta_seconds=494.086 bootstraps=120
node=2360/7985 op=add seconds=206.525 eta_seconds=492.248 bootstraps=120
node=2370/7985 op=mulp seconds=208.352 eta_seconds=493.626 bootstraps=122
node=2380/7985 op=mulp seconds=208.705 eta_seconds=491.508 bootstraps=122
node=2390/7985 op=cheb_batch seconds=211.577 eta_seconds=495.302 bootstraps=124
node=2400/7985 op=addp seconds=212.022 eta_seconds=493.393 bootstraps=124
node=2410/7985 op=gather seconds=214.171 eta_seconds=495.437 bootstraps=126
node=2420/7985 op=gather seconds=214.722 eta_seconds=493.771 bootstraps=126
node=2430/7985 op=mulp seconds=214.791 eta_seconds=491.013 bootstraps=126
node=2440/7985 op=sum seconds=215.34 eta_seconds=489.37 bootstraps=126
node=2450/7985 op=gather seconds=215.36 eta_seconds=486.539 bootstraps=126
node=2460/7985 op=cheb_batch seconds=217.962 eta_seconds=489.529 bootstraps=128
node=2470/7985 op=mul seconds=218.232 eta_seconds=487.267 bootstraps=128
node=2480/7985 op=gather seconds=218.539 eta_seconds=485.103 bootstraps=128
node=2490/7985 op=mulp seconds=219.205 eta_seconds=483.748 bootstraps=128
node=2500/7985 op=repeat seconds=219.712 eta_seconds=482.048 bootstraps=128
node=2510/7985 op=cheb_batch seconds=222.678 eta_seconds=485.723 bootstraps=130
node=2520/7985 op=add seconds=222.723 eta_seconds=483.009 bootstraps=130
node=2530/7985 op=mul seconds=224.918 eta_seconds=484.951 bootstraps=132
node=2540/7985 op=add seconds=225.176 eta_seconds=482.71 bootstraps=132
node=2550/7985 op=add seconds=225.271 eta_seconds=480.137 bootstraps=132
node=2560/7985 op=scatter seconds=225.511 eta_seconds=477.889 bootstraps=132
node=2570/7985 op=mul seconds=225.773 eta_seconds=475.704 bootstraps=132
node=2580/7985 op=mul seconds=225.884 eta_seconds=473.218 bootstraps=132
node=2590/7985 op=mul seconds=227.885 eta_seconds=474.687 bootstraps=134
node=2600/7985 op=repeat seconds=228.462 eta_seconds=473.181 bootstraps=134
node=2610/7985 op=scatter seconds=229.024 eta_seconds=471.65 bootstraps=134
node=2620/7985 op=linear seconds=231.316 eta_seconds=473.668 bootstraps=136
node=2630/7985 op=gather seconds=233.81 eta_seconds=476.065 bootstraps=138
node=2640/7985 op=mul seconds=234.267 eta_seconds=474.302 bootstraps=138
node=2650/7985 op=gather seconds=236.412 eta_seconds=475.947 bootstraps=140
node=2660/7985 op=gather seconds=236.963 eta_seconds=474.371 bootstraps=140
node=2670/7985 op=linear_ref seconds=237.544 eta_seconds=472.863 bootstraps=140
node=2680/7985 op=mulp seconds=237.582 eta_seconds=470.288 bootstraps=140
node=2690/7985 op=mulp seconds=237.605 eta_seconds=467.701 bootstraps=140
node=2700/7985 op=repeat seconds=240.111 eta_seconds=469.995 bootstraps=142
node=2710/7985 op=repeat seconds=240.639 eta_seconds=468.402 bootstraps=142
node=2720/7985 op=gather seconds=243.173 eta_seconds=470.701 bootstraps=144
node=2730/7985 op=mulp seconds=243.201 eta_seconds=468.141 bootstraps=144
node=2740/7985 op=addp seconds=243.278 eta_seconds=465.691 bootstraps=144
node=2750/7985 op=addp seconds=244.142 eta_seconds=464.757 bootstraps=144
node=2760/7985 op=scatter seconds=244.624 eta_seconds=463.102 bootstraps=144
node=2770/7985 op=add seconds=246.592 eta_seconds=464.251 bootstraps=146
node=2780/7985 op=mul seconds=246.859 eta_seconds=462.194 bootstraps=146
node=2790/7985 op=add seconds=246.975 eta_seconds=459.869 bootstraps=146
node=2800/7985 op=mul seconds=247.197 eta_seconds=457.755 bootstraps=146
node=2810/7985 op=add seconds=247.46 eta_seconds=455.731 bootstraps=146
node=2820/7985 op=scatter seconds=247.662 eta_seconds=453.607 bootstraps=146
node=2830/7985 op=mul seconds=249.575 eta_seconds=454.614 bootstraps=148
node=2840/7985 op=add seconds=250.146 eta_seconds=453.17 bootstraps=148
node=2850/7985 op=mulp seconds=250.722 eta_seconds=451.74 bootstraps=148
node=2860/7985 op=gather seconds=252.997 eta_seconds=453.36 bootstraps=150
node=2870/7985 op=mul seconds=255.898 eta_seconds=456.069 bootstraps=152
node=2880/7985 op=add seconds=256.688 eta_seconds=454.998 bootstraps=152
node=2890/7985 op=mul seconds=258.476 eta_seconds=455.688 bootstraps=154
client_token=315 logit_margin=1.89744
node=2900/7985 op=addp seconds=258.871 eta_seconds=453.917 bootstraps=154
node=2910/7985 op=gather seconds=260.721 eta_seconds=454.694 bootstraps=154
node=2920/7985 op=mul seconds=262.402 eta_seconds=455.159 bootstraps=154
node=2930/7985 op=cheb_batch seconds=263.327 eta_seconds=454.307 bootstraps=154
node=2940/7985 op=gather seconds=263.911 eta_seconds=452.867 bootstraps=154
node=2950/7985 op=repeat seconds=264.07 eta_seconds=450.709 bootstraps=154
node=2960/7985 op=add seconds=264.417 eta_seconds=448.884 bootstraps=154
node=2970/7985 op=mul seconds=265.017 eta_seconds=447.495 bootstraps=154
node=2980/7985 op=mul seconds=265.325 eta_seconds=445.621 bootstraps=154
node=2990/7985 op=add seconds=267.375 eta_seconds=446.668 bootstraps=156
node=3000/7985 op=sum seconds=267.764 eta_seconds=444.935 bootstraps=156
node=3010/7985 op=add seconds=268.126 eta_seconds=443.165 bootstraps=156
node=3020/7985 op=repeat seconds=269.955 eta_seconds=443.817 bootstraps=158
node=3030/7985 op=mul seconds=272.328 eta_seconds=445.341 bootstraps=160
node=3040/7985 op=gather seconds=274.352 eta_seconds=446.273 bootstraps=162
node=3050/7985 op=sum seconds=274.375 eta_seconds=443.947 bootstraps=162
node=3060/7985 op=mul seconds=276.69 eta_seconds=445.326 bootstraps=164
node=3070/7985 op=mulp seconds=277.241 eta_seconds=443.857 bootstraps=164
node=3080/7985 op=addp seconds=277.468 eta_seconds=441.876 bootstraps=164
node=3090/7985 op=scatter seconds=278.322 eta_seconds=440.901 bootstraps=164
node=3100/7985 op=mulp seconds=280.287 eta_seconds=441.677 bootstraps=166
node=3110/7985 op=mul seconds=280.529 eta_seconds=439.736 bootstraps=166
node=3120/7985 op=scatter seconds=280.639 eta_seconds=437.598 bootstraps=166
node=3130/7985 op=mul seconds=280.782 eta_seconds=435.526 bootstraps=166
node=3140/7985 op=mul seconds=282.695 eta_seconds=436.196 bootstraps=168
node=3150/7985 op=mulp seconds=284.569 eta_seconds=436.791 bootstraps=170
node=3160/7985 op=mul seconds=286.76 eta_seconds=437.853 bootstraps=172
node=3170/7985 op=mul seconds=288.727 eta_seconds=438.555 bootstraps=174
node=3180/7985 op=gather seconds=289.307 eta_seconds=437.144 bootstraps=174
node=3190/7985 op=addp seconds=289.39 eta_seconds=434.993 bootstraps=174
node=3200/7985 op=gather seconds=292.287 eta_seconds=437.06 bootstraps=176
node=3210/7985 op=mulp seconds=292.373 eta_seconds=434.917 bootstraps=176
node=3220/7985 op=gather seconds=293.059 eta_seconds=433.673 bootstraps=176
node=3230/7985 op=gather seconds=295.26 eta_seconds=434.664 bootstraps=178
node=3240/7985 op=add seconds=295.455 eta_seconds=432.696 bootstraps=178
node=3250/7985 op=scatter seconds=295.565 eta_seconds=430.616 bootstraps=178
node=3260/7985 op=sum seconds=295.726 eta_seconds=428.622 bootstraps=178
node=3270/7985 op=repeat seconds=297.677 eta_seconds=429.219 bootstraps=180
node=3280/7985 op=mul seconds=298.142 eta_seconds=427.669 bootstraps=180
node=3290/7985 op=gather seconds=300.233 eta_seconds=428.448 bootstraps=182
node=3300/7985 op=addp seconds=302.189 eta_seconds=429.016 bootstraps=184
node=3310/7985 op=gather seconds=304.149 eta_seconds=429.576 bootstraps=186
node=3320/7985 op=sum seconds=304.191 eta_seconds=427.425 bootstraps=186
node=3330/7985 op=cheb_batch seconds=306.922 eta_seconds=429.046 bootstraps=188
node=3340/7985 op=repeat seconds=307.135 eta_seconds=427.138 bootstraps=188
node=3350/7985 op=gather seconds=307.353 eta_seconds=425.248 bootstraps=188
node=3360/7985 op=mul seconds=308.102 eta_seconds=424.099 bootstraps=188
node=3370/7985 op=mul seconds=310.037 eta_seconds=424.575 bootstraps=190
node=3380/7985 op=add seconds=310.277 eta_seconds=422.729 bootstraps=190
node=3390/7985 op=add seconds=310.364 eta_seconds=420.686 bootstraps=190
node=3400/7985 op=repeat seconds=312.253 eta_seconds=421.083 bootstraps=192
node=3410/7985 op=add seconds=312.533 eta_seconds=419.308 bootstraps=192
node=3420/7985 op=repeat seconds=314.423 eta_seconds=419.691 bootstraps=194
node=3430/7985 op=mul seconds=317.119 eta_seconds=421.13 bootstraps=196
node=3440/7985 op=gather seconds=317.647 eta_seconds=419.682 bootstraps=196
node=3450/7985 op=sum seconds=319.298 eta_seconds=419.714 bootstraps=198
node=3460/7985 op=mul seconds=320.25 eta_seconds=418.824 bootstraps=198
node=3470/7985 op=mulp seconds=320.859 eta_seconds=417.486 bootstraps=198
node=3480/7985 op=repeat seconds=320.927 eta_seconds=415.453 bootstraps=198
node=3490/7985 op=mul seconds=321.403 eta_seconds=413.956 bootstraps=198
node=3500/7985 op=mul seconds=323.934 eta_seconds=415.099 bootstraps=200
node=3510/7985 op=add seconds=324.174 eta_seconds=413.299 bootstraps=200
node=3520/7985 op=add seconds=324.262 eta_seconds=411.316 bootstraps=200
node=3530/7985 op=sum seconds=324.435 eta_seconds=409.449 bootstraps=200
node=3540/7985 op=add seconds=326.157 eta_seconds=409.538 bootstraps=202
node=3550/7985 op=sum seconds=326.766 eta_seconds=408.227 bootstraps=202
node=3560/7985 op=cheb seconds=330.355 eta_seconds=410.624 bootstraps=206
node=3570/7985 op=repeat seconds=332.265 eta_seconds=410.91 bootstraps=208
node=3580/7985 op=gather seconds=332.849 eta_seconds=409.553 bootstraps=208
node=3590/7985 op=mulp seconds=332.932 eta_seconds=407.587 bootstraps=208
node=3600/7985 op=gather seconds=335.592 eta_seconds=408.77 bootstraps=210
node=3610/7985 op=repeat seconds=335.703 eta_seconds=406.842 bootstraps=210
node=3620/7985 op=scatter seconds=336.16 eta_seconds=405.343 bootstraps=210
node=3630/7985 op=mul seconds=336.593 eta_seconds=403.819 bootstraps=210
node=3640/7985 op=mul seconds=338.527 eta_seconds=404.094 bootstraps=212
node=3650/7985 op=mulp seconds=338.771 eta_seconds=402.349 bootstraps=212
node=3660/7985 op=mul seconds=338.881 eta_seconds=400.454 bootstraps=212
node=3670/7985 op=mul seconds=340.761 eta_seconds=400.65 bootstraps=214
node=3680/7985 op=add seconds=341.365 eta_seconds=399.342 bootstraps=214
node=3690/7985 op=linear_ref seconds=343.481 eta_seconds=399.797 bootstraps=216
node=3700/7985 op=mulp seconds=345.463 eta_seconds=400.084 bootstraps=218
node=3710/7985 op=gather seconds=347.564 eta_seconds=400.494 bootstraps=220
node=3720/7985 op=mul seconds=347.599 eta_seconds=398.524 bootstraps=220
node=3730/7985 op=cheb_batch seconds=350.129 eta_seconds=399.41 bootstraps=222
node=3740/7985 op=add seconds=352.023 eta_seconds=399.556 bootstraps=224
node=3750/7985 op=addp seconds=352.134 eta_seconds=397.677 bootstraps=224
node=3760/7985 op=addp seconds=353.252 eta_seconds=396.939 bootstraps=224
node=3770/7985 op=mul seconds=355.028 eta_seconds=396.935 bootstraps=226
node=3780/7985 op=scatter seconds=355.278 eta_seconds=395.223 bootstraps=226
node=3790/7985 op=scatter seconds=355.366 eta_seconds=393.34 bootstraps=226
node=3800/7985 op=mul seconds=357.025 eta_seconds=393.197 bootstraps=228
node=3810/7985 op=mul seconds=357.54 eta_seconds=391.792 bootstraps=228
node=3820/7985 op=cheb seconds=359.373 eta_seconds=391.83 bootstraps=230
node=3830/7985 op=add seconds=361.911 eta_seconds=392.622 bootstraps=232
node=3840/7985 op=linear_ref seconds=364.044 eta_seconds=392.959 bootstraps=234
node=3850/7985 op=cheb seconds=364.082 eta_seconds=391.034 bootstraps=234
node=3860/7985 op=repeat seconds=364.222 eta_seconds=389.227 bootstraps=234
node=3870/7985 op=gather seconds=366.771 eta_seconds=389.991 bootstraps=236
node=3880/7985 op=addp seconds=366.958 eta_seconds=388.238 bootstraps=236
node=3890/7985 op=addp seconds=368.546 eta_seconds=387.968 bootstraps=238
node=3900/7985 op=gather seconds=368.862 eta_seconds=386.359 bootstraps=238
node=3910/7985 op=add seconds=369.138 eta_seconds=384.716 bootstraps=238
node=3920/7985 op=scatter seconds=371.282 eta_seconds=385.016 bootstraps=240
node=3930/7985 op=repeat seconds=371.843 eta_seconds=383.67 bootstraps=240
node=3940/7985 op=sum seconds=372.173 eta_seconds=382.091 bootstraps=240
node=3950/7985 op=sum seconds=374.047 eta_seconds=382.096 bootstraps=242
node=3960/7985 op=cheb seconds=376.243 eta_seconds=382.419 bootstraps=244
node=3970/7985 op=repeat seconds=378.17 eta_seconds=382.457 bootstraps=246
node=3980/7985 op=gather seconds=378.792 eta_seconds=381.171 bootstraps=246
node=3990/7985 op=addp seconds=378.851 eta_seconds=379.325 bootstraps=246
node=4000/7985 op=repeat seconds=381.246 eta_seconds=379.816 bootstraps=248
node=4010/7985 op=mul seconds=383.295 eta_seconds=379.949 bootstraps=250
node=4020/7985 op=gather seconds=383.537 eta_seconds=378.289 bootstraps=250
node=4030/7985 op=scatter seconds=383.809 eta_seconds=376.666 bootstraps=250
node=4040/7985 op=gather seconds=384.116 eta_seconds=375.084 bootstraps=250
node=4050/7985 op=scatter seconds=385.903 eta_seconds=374.946 bootstraps=252
node=4060/7985 op=mul seconds=386.409 eta_seconds=373.561 bootstraps=252
node=4070/7985 op=mul seconds=386.974 eta_seconds=372.237 bootstraps=252
node=4080/7985 op=add seconds=387.536 eta_seconds=370.913 bootstraps=252
node=4090/7985 op=linear_ref seconds=389.607 eta_seconds=371.032 bootstraps=254
node=4100/7985 op=mulp seconds=391.592 eta_seconds=371.057 bootstraps=256
node=4110/7985 op=gather seconds=393.7 eta_seconds=371.19 bootstraps=258
node=4120/7985 op=mul seconds=393.734 eta_seconds=369.365 bootstraps=258
node=4130/7985 op=cheb_batch seconds=397.531 eta_seconds=371.061 bootstraps=260
node=4140/7985 op=repeat seconds=397.722 eta_seconds=369.382 bootstraps=260
node=4150/7985 op=gather seconds=397.895 eta_seconds=367.693 bootstraps=260
node=4160/7985 op=mul seconds=398.532 eta_seconds=366.439 bootstraps=260
node=4170/7985 op=mul seconds=400.551 eta_seconds=366.451 bootstraps=262
node=4180/7985 op=mulp seconds=400.794 eta_seconds=364.837 bootstraps=262
node=4190/7985 op=mul seconds=400.903 eta_seconds=363.109 bootstraps=262
node=4200/7985 op=mul seconds=402.599 eta_seconds=362.819 bootstraps=264
node=4210/7985 op=mul seconds=403.107 eta_seconds=361.455 bootstraps=264
node=4220/7985 op=cheb seconds=404.962 eta_seconds=361.299 bootstraps=266
node=4230/7985 op=add seconds=407.466 eta_seconds=361.71 bootstraps=268
node=4240/7985 op=linear_ref seconds=409.594 eta_seconds=361.776 bootstraps=270
node=4250/7985 op=mul seconds=409.603 eta_seconds=359.969 bootstraps=270
node=4260/7985 op=gather seconds=411.453 eta_seconds=359.78 bootstraps=272
node=4270/7985 op=repeat seconds=413.975 eta_seconds=360.168 bootstraps=274
node=4280/7985 op=mulp seconds=414.118 eta_seconds=358.483 bootstraps=274
node=4290/7985 op=gather seconds=414.975 eta_seconds=357.421 bootstraps=274
node=4300/7985 op=add seconds=415.298 eta_seconds=355.901 bootstraps=274
node=4310/7985 op=add seconds=417.074 eta_seconds=355.626 bootstraps=276
node=4320/7985 op=mul seconds=417.333 eta_seconds=354.057 bootstraps=276
node=4330/7985 op=mul seconds=417.543 eta_seconds=352.452 bootstraps=276
node=4340/7985 op=repeat seconds=419.461 eta_seconds=352.29 bootstraps=278
node=4350/7985 op=scatter seconds=419.934 eta_seconds=350.91 bootstraps=278
node=4360/7985 op=gather seconds=422.049 eta_seconds=350.901 bootstraps=280
node=4370/7985 op=cheb seconds=425.509 eta_seconds=351.995 bootstraps=284
node=4380/7985 op=gather seconds=426.143 eta_seconds=350.741 bootstraps=284
node=4390/7985 op=mulp seconds=426.193 eta_seconds=349.012 bootstraps=284
node=4400/7985 op=gather seconds=428.726 eta_seconds=349.314 bootstraps=286
node=4410/7985 op=mul seconds=430.491 eta_seconds=348.981 bootstraps=288
node=4420/7985 op=gather seconds=430.849 eta_seconds=347.506 bootstraps=288
node=4430/7985 op=mul seconds=431.74 eta_seconds=346.464 bootstraps=288
node=4440/7985 op=mulp seconds=433.519 eta_seconds=346.131 bootstraps=290
node=4450/7985 op=mul seconds=433.779 eta_seconds=344.586 bootstraps=290
node=4460/7985 op=scatter seconds=433.896 eta_seconds=342.933 bootstraps=290
node=4470/7985 op=mul seconds=434.091 eta_seconds=341.349 bootstraps=290
node=4480/7985 op=mul seconds=436.073 eta_seconds=341.169 bootstraps=292
node=4490/7985 op=mul seconds=437.966 eta_seconds=340.911 bootstraps=294
node=4500/7985 op=scatter seconds=440.541 eta_seconds=341.174 bootstraps=296
client_token=279 logit_margin=2.90222
node=4510/7985 op=scatter seconds=442.318 eta_seconds=340.81 bootstraps=298
node=4520/7985 op=gather seconds=444.288 eta_seconds=340.588 bootstraps=298
node=4530/7985 op=gather seconds=444.765 eta_seconds=339.219 bootstraps=298
node=4540/7985 op=sum seconds=446.191 eta_seconds=338.575 bootstraps=298
node=4550/7985 op=mulp seconds=447.185 eta_seconds=337.6 bootstraps=298
node=4560/7985 op=mulp seconds=447.588 eta_seconds=336.181 bootstraps=298
node=4570/7985 op=add seconds=447.981 eta_seconds=334.761 bootstraps=298
node=4580/7985 op=mulp seconds=448.579 eta_seconds=333.496 bootstraps=298
node=4590/7985 op=mul seconds=448.872 eta_seconds=332.009 bootstraps=298
node=4600/7985 op=scatter seconds=450.773 eta_seconds=331.71 bootstraps=300
node=4610/7985 op=repeat seconds=451.247 eta_seconds=330.36 bootstraps=300
node=4620/7985 op=sum seconds=451.533 eta_seconds=328.876 bootstraps=300
node=4630/7985 op=add seconds=451.823 eta_seconds=327.401 bootstraps=300
node=4640/7985 op=repeat seconds=453.651 eta_seconds=327.039 bootstraps=302
node=4650/7985 op=mul seconds=456.035 eta_seconds=327.07 bootstraps=304
node=4660/7985 op=gather seconds=458.067 eta_seconds=326.84 bootstraps=306
node=4670/7985 op=sum seconds=458.09 eta_seconds=325.175 bootstraps=306
node=4680/7985 op=mul seconds=460.404 eta_seconds=325.136 bootstraps=308
node=4690/7985 op=mulp seconds=460.953 eta_seconds=323.847 bootstraps=308
node=4700/7985 op=addp seconds=461.181 eta_seconds=322.336 bootstraps=308
node=4710/7985 op=scatter seconds=462.035 eta_seconds=321.267 bootstraps=308
node=4720/7985 op=mulp seconds=463.994 eta_seconds=320.962 bootstraps=310
node=4730/7985 op=mul seconds=464.238 eta_seconds=319.47 bootstraps=310
node=4740/7985 op=scatter seconds=464.348 eta_seconds=317.892 bootstraps=310
node=4750/7985 op=sum seconds=464.494 eta_seconds=316.345 bootstraps=310
node=4760/7985 op=repeat seconds=466.59 eta_seconds=316.124 bootstraps=312
node=4770/7985 op=add seconds=466.878 eta_seconds=314.678 bootstraps=312
node=4780/7985 op=repeat seconds=468.784 eta_seconds=314.321 bootstraps=314
node=4790/7985 op=mul seconds=471.261 eta_seconds=314.338 bootstraps=316
node=4800/7985 op=gather seconds=473.387 eta_seconds=314.112 bootstraps=318
node=4810/7985 op=mul seconds=473.428 eta_seconds=312.502 bootstraps=318
node=4820/7985 op=cheb seconds=476.036 eta_seconds=312.584 bootstraps=320
node=4830/7985 op=mulp seconds=476.396 eta_seconds=311.186 bootstraps=320
node=4840/7985 op=repeat seconds=476.485 eta_seconds=309.617 bootstraps=320
node=4850/7985 op=mulp seconds=477.33 eta_seconds=308.542 bootstraps=320
node=4860/7985 op=mulp seconds=479.4 eta_seconds=308.256 bootstraps=322
node=4870/7985 op=mul seconds=479.644 eta_seconds=306.795 bootstraps=322
node=4880/7985 op=scatter seconds=479.757 eta_seconds=305.255 bootstraps=322
node=4890/7985 op=sum seconds=479.903 eta_seconds=303.742 bootstraps=322
node=4900/7985 op=repeat seconds=481.926 eta_seconds=303.417 bootstraps=324
node=4910/7985 op=add seconds=482.223 eta_seconds=302.003 bootstraps=324
node=4920/7985 op=repeat seconds=484.127 eta_seconds=301.595 bootstraps=326
node=4930/7985 op=mul seconds=486.621 eta_seconds=301.547 bootstraps=328
node=4940/7985 op=gather seconds=488.617 eta_seconds=301.182 bootstraps=330
node=4950/7985 op=sum seconds=488.639 eta_seconds=299.6 bootstraps=330
node=4960/7985 op=gather seconds=490.642 eta_seconds=299.232 bootstraps=332
node=4970/7985 op=repeat seconds=491.571 eta_seconds=298.207 bootstraps=332
node=4980/7985 op=repeat seconds=491.654 eta_seconds=296.671 bootstraps=332
node=4990/7985 op=gather seconds=492.467 eta_seconds=295.579 bootstraps=332
node=5000/7985 op=add seconds=492.565 eta_seconds=294.061 bootstraps=332
node=5010/7985 op=add seconds=494.553 eta_seconds=293.672 bootstraps=334
node=5020/7985 op=mul seconds=494.8 eta_seconds=292.247 bootstraps=334
node=5030/7985 op=mul seconds=494.998 eta_seconds=290.799 bootstraps=334
node=5040/7985 op=mul seconds=496.872 eta_seconds=290.335 bootstraps=336
node=5050/7985 op=mul seconds=497.266 eta_seconds=289.005 bootstraps=336
node=5060/7985 op=cheb seconds=499.121 eta_seconds=288.523 bootstraps=338
node=5070/7985 op=add seconds=501.869 eta_seconds=288.55 bootstraps=340
node=5080/7985 op=linear_ref seconds=502.401 eta_seconds=287.298 bootstraps=340
node=5090/7985 op=mul seconds=504.021 eta_seconds=286.668 bootstraps=342
node=5100/7985 op=mul seconds=505.001 eta_seconds=285.672 bootstraps=342
node=5110/7985 op=mul seconds=505.615 eta_seconds=284.47 bootstraps=342
node=5120/7985 op=addp seconds=505.677 eta_seconds=282.962 bootstraps=342
node=5130/7985 op=addp seconds=506.169 eta_seconds=281.698 bootstraps=342
node=5140/7985 op=mul seconds=508.679 eta_seconds=281.555 bootstraps=344
node=5150/7985 op=scatter seconds=508.93 eta_seconds=280.159 bootstraps=344
node=5160/7985 op=scatter seconds=509.018 eta_seconds=278.678 bootstraps=344
node=5170/7985 op=sum seconds=509.15 eta_seconds=277.226 bootstraps=344
node=5180/7985 op=add seconds=510.928 eta_seconds=276.67 bootstraps=346
node=5190/7985 op=repeat seconds=511.384 eta_seconds=275.399 bootstraps=346
node=5200/7985 op=addp seconds=511.766 eta_seconds=274.09 bootstraps=346
node=5210/7985 op=linear_ref seconds=515.749 eta_seconds=274.703 bootstraps=350
node=5220/7985 op=mulp seconds=517.297 eta_seconds=274.009 bootstraps=352
node=5230/7985 op=addp seconds=517.882 eta_seconds=272.804 bootstraps=352
node=5240/7985 op=repeat seconds=518.053 eta_seconds=271.385 bootstraps=352
node=5250/7985 op=gather seconds=520.635 eta_seconds=271.226 bootstraps=354
node=5260/7985 op=mulp seconds=520.721 eta_seconds=269.765 bootstraps=354
node=5270/7985 op=gather seconds=521.416 eta_seconds=268.623 bootstraps=354
node=5280/7985 op=mul seconds=521.62 eta_seconds=267.231 bootstraps=354
node=5290/7985 op=mul seconds=523.605 eta_seconds=266.751 bootstraps=356
node=5300/7985 op=add seconds=523.847 eta_seconds=265.383 bootstraps=356
node=5310/7985 op=sum seconds=524.046 eta_seconds=263.997 bootstraps=356
node=5320/7985 op=add seconds=525.923 eta_seconds=263.456 bootstraps=358
node=5330/7985 op=repeat seconds=526.32 eta_seconds=262.173 bootstraps=358
node=5340/7985 op=addp seconds=528.112 eta_seconds=261.584 bootstraps=360
node=5350/7985 op=linear_ref seconds=530.761 eta_seconds=261.412 bootstraps=362
node=5360/7985 op=mulp seconds=532.316 eta_seconds=260.696 bootstraps=364
node=5370/7985 op=addp seconds=532.905 eta_seconds=259.506 bootstraps=364
node=5380/7985 op=cheb_batch seconds=534.759 eta_seconds=258.931 bootstraps=366
node=5390/7985 op=repeat seconds=535.647 eta_seconds=257.886 bootstraps=366
node=5400/7985 op=mul seconds=537.456 eta_seconds=257.282 bootstraps=368
node=5410/7985 op=gather seconds=538.141 eta_seconds=256.139 bootstraps=368
node=5420/7985 op=mul seconds=538.654 eta_seconds=254.917 bootstraps=368
node=5430/7985 op=mul seconds=540.431 eta_seconds=254.291 bootstraps=370
node=5440/7985 op=mulp seconds=540.677 eta_seconds=252.945 bootstraps=370
node=5450/7985 op=mul seconds=540.786 eta_seconds=251.54 bootstraps=370
node=5460/7985 op=mul seconds=542.658 eta_seconds=250.954 bootstraps=372
node=5470/7985 op=mul seconds=543.038 eta_seconds=249.678 bootstraps=372
node=5480/7985 op=mulp seconds=544.954 eta_seconds=249.108 bootstraps=374
node=5490/7985 op=mul seconds=547.154 eta_seconds=248.661 bootstraps=376
node=5500/7985 op=mul seconds=549.039 eta_seconds=248.066 bootstraps=378
node=5510/7985 op=gather seconds=549.661 eta_seconds=246.899 bootstraps=378
node=5520/7985 op=addp seconds=549.755 eta_seconds=245.497 bootstraps=378
node=5530/7985 op=gather seconds=552.355 eta_seconds=245.214 bootstraps=380
node=5540/7985 op=repeat seconds=552.541 eta_seconds=243.856 bootstraps=380
node=5550/7985 op=addp seconds=554.092 eta_seconds=243.102 bootstraps=382
node=5560/7985 op=mul seconds=554.328 eta_seconds=241.771 bootstraps=382
node=5570/7985 op=mul seconds=554.702 eta_seconds=240.504 bootstraps=382
node=5580/7985 op=scatter seconds=556.578 eta_seconds=239.887 bootstraps=384
node=5590/7985 op=mul seconds=557.121 eta_seconds=238.695 bootstraps=384
node=5600/7985 op=mul seconds=557.636 eta_seconds=237.493 bootstraps=384
node=5610/7985 op=mul seconds=557.903 eta_seconds=236.189 bootstraps=384
node=5620/7985 op=mulp seconds=558.345 eta_seconds=234.962 bootstraps=384
node=5630/7985 op=mul seconds=561.867 eta_seconds=235.026 bootstraps=388
node=5640/7985 op=mul seconds=563.752 eta_seconds=234.397 bootstraps=390
node=5650/7985 op=gather seconds=564.374 eta_seconds=233.241 bootstraps=390
node=5660/7985 op=mulp seconds=564.437 eta_seconds=231.858 bootstraps=390
node=5670/7985 op=repeat seconds=568.536 eta_seconds=232.127 bootstraps=394
node=5680/7985 op=mulp seconds=568.891 eta_seconds=230.862 bootstraps=394
node=5690/7985 op=gather seconds=569.229 eta_seconds=229.592 bootstraps=394
node=5700/7985 op=gather seconds=569.512 eta_seconds=228.304 bootstraps=394
node=5710/7985 op=scatter seconds=569.778 eta_seconds=227.013 bootstraps=394
node=5720/7985 op=scatter seconds=571.507 eta_seconds=226.305 bootstraps=396
node=5730/7985 op=mul seconds=572.015 eta_seconds=225.113 bootstraps=396
node=5740/7985 op=mul seconds=572.529 eta_seconds=223.924 bootstraps=396
node=5750/7985 op=mul seconds=572.794 eta_seconds=222.643 bootstraps=396
node=5760/7985 op=mulp seconds=573.236 eta_seconds=221.432 bootstraps=396
node=5770/7985 op=mul seconds=576.755 eta_seconds=221.406 bootstraps=400
node=5780/7985 op=mul seconds=578.666 eta_seconds=220.754 bootstraps=402
node=5790/7985 op=gather seconds=579.251 eta_seconds=219.595 bootstraps=402
node=5800/7985 op=mulp seconds=579.311 eta_seconds=218.241 bootstraps=402
node=5810/7985 op=gather seconds=583.047 eta_seconds=218.266 bootstraps=404
node=5820/7985 op=mul seconds=583.266 eta_seconds=216.971 bootstraps=404
node=5830/7985 op=gather seconds=583.78 eta_seconds=215.788 bootstraps=404
node=5840/7985 op=gather seconds=586.067 eta_seconds=215.259 bootstraps=406
node=5850/7985 op=scatter seconds=586.263 eta_seconds=213.961 bootstraps=406
node=5860/7985 op=add seconds=586.337 eta_seconds=212.622 bootstraps=406
node=5870/7985 op=add seconds=586.451 eta_seconds=211.302 bootstraps=406
node=5880/7985 op=repeat seconds=588.37 eta_seconds=210.632 bootstraps=408
node=5890/7985 op=add seconds=588.747 eta_seconds=209.41 bootstraps=408
node=5900/7985 op=sum seconds=590.648 eta_seconds=208.729 bootstraps=410
node=5910/7985 op=cheb seconds=592.845 eta_seconds=208.148 bootstraps=412
node=5920/7985 op=repeat seconds=594.81 eta_seconds=207.48 bootstraps=414
node=5930/7985 op=gather seconds=595.403 eta_seconds=206.333 bootstraps=414
node=5940/7985 op=addp seconds=595.455 eta_seconds=205.001 bootstraps=414
node=5950/7985 op=gather seconds=597.98 eta_seconds=204.519 bootstraps=416
node=5960/7985 op=mulp seconds=599.943 eta_seconds=203.84 bootstraps=418
node=5970/7985 op=gather seconds=600.378 eta_seconds=202.64 bootstraps=418
node=5980/7985 op=mul seconds=601.167 eta_seconds=201.562 bootstraps=418
node=5990/7985 op=mulp seconds=602.95 eta_seconds=200.815 bootstraps=420
node=6000/7985 op=mul seconds=603.211 eta_seconds=199.562 bootstraps=420
node=6010/7985 op=scatter seconds=603.329 eta_seconds=198.265 bootstraps=420
node=6020/7985 op=mul seconds=603.525 eta_seconds=196.998 bootstraps=420
node=6030/7985 op=repeat seconds=605.572 eta_seconds=196.334 bootstraps=422
node=6040/7985 op=scatter seconds=606.046 eta_seconds=195.159 bootstraps=422
node=6050/7985 op=gather seconds=608.159 eta_seconds=194.51 bootstraps=424
node=6060/7985 op=cheb seconds=611.616 eta_seconds=194.284 bootstraps=428
node=6070/7985 op=gather seconds=612.248 eta_seconds=193.156 bootstraps=428
node=6080/7985 op=mulp seconds=612.298 eta_seconds=191.847 bootstraps=428
node=6090/7985 op=gather seconds=614.83 eta_seconds=191.314 bootstraps=430
node=6100/7985 op=mul seconds=616.599 eta_seconds=190.539 bootstraps=432
node=6110/7985 op=gather seconds=616.925 eta_seconds=189.318 bootstraps=432
node=6120/7985 op=mul seconds=617.82 eta_seconds=188.274 bootstraps=432
node=6130/7985 op=mul seconds=619.607 eta_seconds=187.499 bootstraps=434
node=6140/7985 op=add seconds=619.866 eta_seconds=186.263 bootstraps=434
node=6150/7985 op=add seconds=619.958 eta_seconds=184.979 bootstraps=434
node=6160/7985 op=sum seconds=620.182 eta_seconds=183.739 bootstraps=434
node=6170/7985 op=add seconds=622.105 eta_seconds=183.002 bootstraps=436
node=6180/7985 op=mul seconds=622.702 eta_seconds=181.873 bootstraps=436
node=6190/7985 op=gather seconds=624.819 eta_seconds=181.187 bootstraps=438
node=6200/7985 op=addp seconds=626.873 eta_seconds=180.479 bootstraps=440
client_token=1614 logit_margin=0.201364
node=6210/7985 op=addp seconds=628.751 eta_seconds=179.715 bootstraps=442
node=6220/7985 op=gather seconds=630.612 eta_seconds=178.944 bootstraps=442
node=6230/7985 op=mul seconds=632.292 eta_seconds=178.118 bootstraps=442
node=6240/7985 op=cheb_batch seconds=633.223 eta_seconds=177.079 bootstraps=442
node=6250/7985 op=gather seconds=633.812 eta_seconds=175.946 bootstraps=442
node=6260/7985 op=repeat seconds=633.972 eta_seconds=174.697 bootstraps=442
node=6270/7985 op=add seconds=634.322 eta_seconds=173.503 bootstraps=442
node=6280/7985 op=mul seconds=634.931 eta_seconds=172.382 bootstraps=442
node=6290/7985 op=mul seconds=635.241 eta_seconds=171.182 bootstraps=442
node=6300/7985 op=scatter seconds=637.281 eta_seconds=170.447 bootstraps=444
node=6310/7985 op=add seconds=637.688 eta_seconds=169.275 bootstraps=444
node=6320/7985 op=repeat seconds=638.084 eta_seconds=168.103 bootstraps=444
node=6330/7985 op=sum seconds=638.366 eta_seconds=166.903 bootstraps=444
node=6340/7985 op=sum seconds=640.123 eta_seconds=166.089 bootstraps=446
node=6350/7985 op=cheb seconds=642.22 eta_seconds=165.359 bootstraps=448
node=6360/7985 op=repeat seconds=644.218 eta_seconds=164.6 bootstraps=450
node=6370/7985 op=gather seconds=644.708 eta_seconds=163.454 bootstraps=450
node=6380/7985 op=addp seconds=644.752 eta_seconds=162.199 bootstraps=450
node=6390/7985 op=gather seconds=647.396 eta_seconds=161.596 bootstraps=452
node=6400/7985 op=repeat seconds=647.807 eta_seconds=160.433 bootstraps=452
node=6410/7985 op=scatter seconds=648.271 eta_seconds=159.287 bootstraps=452
node=6420/7985 op=gather seconds=650.647 eta_seconds=158.608 bootstraps=454
node=6430/7985 op=scatter seconds=650.845 eta_seconds=157.397 bootstraps=454
node=6440/7985 op=add seconds=650.92 eta_seconds=156.16 bootstraps=454
node=6450/7985 op=mul seconds=651.042 eta_seconds=154.938 bootstraps=454
node=6460/7985 op=mul seconds=651.261 eta_seconds=153.742 bootstraps=454
node=6470/7985 op=mul seconds=653.214 eta_seconds=152.955 bootstraps=456
node=6480/7985 op=mul seconds=653.622 eta_seconds=151.806 bootstraps=456
node=6490/7985 op=cheb seconds=655.49 eta_seconds=150.995 bootstraps=458
node=6500/7985 op=add seconds=657.967 eta_seconds=150.32 bootstraps=460
node=6510/7985 op=linear_ref seconds=660.108 eta_seconds=149.564 bootstraps=462
node=6520/7985 op=cheb seconds=660.143 eta_seconds=148.33 bootstraps=462
node=6530/7985 op=mulp seconds=660.284 eta_seconds=147.123 bootstraps=462
node=6540/7985 op=mul seconds=663.129 eta_seconds=146.517 bootstraps=464
node=6550/7985 op=addp seconds=663.208 eta_seconds=145.298 bootstraps=464
node=6560/7985 op=scatter seconds=664.068 eta_seconds=144.253 bootstraps=464
node=6570/7985 op=mul seconds=666.109 eta_seconds=143.462 bootstraps=466
node=6580/7985 op=add seconds=666.352 eta_seconds=142.283 bootstraps=466
node=6590/7985 op=add seconds=666.44 eta_seconds=141.075 bootstraps=466
node=6600/7985 op=sum seconds=666.573 eta_seconds=139.879 bootstraps=466
node=6610/7985 op=repeat seconds=668.352 eta_seconds=139.029 bootstraps=468
node=6620/7985 op=add seconds=668.639 eta_seconds=137.869 bootstraps=468
node=6630/7985 op=linear_ref seconds=669.241 eta_seconds=136.775 bootstraps=468
node=6640/7985 op=mulp seconds=670.792 eta_seconds=135.876 bootstraps=470
node=6650/7985 op=sum seconds=673.262 eta_seconds=135.159 bootstraps=472
node=6660/7985 op=gather seconds=675.236 eta_seconds=134.337 bootstraps=474
node=6670/7985 op=addp seconds=675.263 eta_seconds=133.129 bootstraps=474
node=6680/7985 op=mul seconds=677.67 eta_seconds=132.389 bootstraps=476
node=6690/7985 op=mulp seconds=678.2 eta_seconds=131.281 bootstraps=476
node=6700/7985 op=repeat seconds=678.294 eta_seconds=130.091 bootstraps=476
node=6710/7985 op=mulp seconds=679.168 eta_seconds=129.052 bootstraps=476
node=6720/7985 op=cheb_batch seconds=681.207 eta_seconds=128.233 bootstraps=478
node=6730/7985 op=scatter seconds=681.315 eta_seconds=127.051 bootstraps=478
node=6740/7985 op=mul seconds=681.476 eta_seconds=125.881 bootstraps=478
node=6750/7985 op=sum seconds=681.711 eta_seconds=124.728 bootstraps=478
node=6760/7985 op=add seconds=683.533 eta_seconds=123.865 bootstraps=480
node=6770/7985 op=repeat seconds=683.904 eta_seconds=122.739 bootstraps=480
node=6780/7985 op=mul seconds=684.415 eta_seconds=121.64 bootstraps=480
node=6790/7985 op=gather seconds=686.543 eta_seconds=120.828 bootstraps=482
node=6800/7985 op=addp seconds=688.709 eta_seconds=120.018 bootstraps=484
node=6810/7985 op=gather seconds=689.189 eta_seconds=118.913 bootstraps=484
node=6820/7985 op=gather seconds=691.126 eta_seconds=118.059 bootstraps=486
node=6830/7985 op=cheb_batch seconds=692.259 eta_seconds=117.066 bootstraps=486
node=6840/7985 op=mulp seconds=692.43 eta_seconds=115.911 bootstraps=486
node=6850/7985 op=gather seconds=692.711 eta_seconds=114.778 bootstraps=486
node=6860/7985 op=cheb_batch seconds=695.022 eta_seconds=113.98 bootstraps=488
node=6870/7985 op=mul seconds=695.478 eta_seconds=112.876 bootstraps=488
node=6880/7985 op=add seconds=695.721 eta_seconds=111.74 bootstraps=488
node=6890/7985 op=mul seconds=695.837 eta_seconds=110.587 bootstraps=488
node=6900/7985 op=sum seconds=696.022 eta_seconds=109.447 bootstraps=488
node=6910/7985 op=repeat seconds=697.762 eta_seconds=108.552 bootstraps=490
node=6920/7985 op=add seconds=698.066 eta_seconds=107.434 bootstraps=490
node=6930/7985 op=sum seconds=698.659 eta_seconds=106.362 bootstraps=490
node=6940/7985 op=cheb seconds=702.264 eta_seconds=105.744 bootstraps=494
node=6950/7985 op=repeat seconds=704.231 eta_seconds=104.875 bootstraps=496
node=6960/7985 op=gather seconds=704.821 eta_seconds=103.799 bootstraps=496
node=6970/7985 op=mulp seconds=704.903 eta_seconds=102.651 bootstraps=496
node=6980/7985 op=gather seconds=707.582 eta_seconds=101.88 bootstraps=498
node=6990/7985 op=repeat seconds=707.663 eta_seconds=100.733 bootstraps=498
node=7000/7985 op=scatter seconds=708.125 eta_seconds=99.6433 bootstraps=498
node=7010/7985 op=mul seconds=708.564 eta_seconds=98.552 bootstraps=498
node=7020/7985 op=mulp seconds=710.604 eta_seconds=97.6827 bootstraps=500
node=7030/7985 op=mul seconds=710.85 eta_seconds=96.5663 bootstraps=500
node=7040/7985 op=scatter seconds=710.96 eta_seconds=95.4343 bootstraps=500
node=7050/7985 op=mul seconds=711.183 eta_seconds=94.32 bootstraps=500
node=7060/7985 op=mul seconds=713.061 eta_seconds=93.4251 bootstraps=502
node=7070/7985 op=mul seconds=713.459 eta_seconds=92.3359 bootstraps=502
node=7080/7985 op=cheb seconds=715.287 eta_seconds=91.4314 bootstraps=504
node=7090/7985 op=add seconds=717.829 eta_seconds=90.6145 bootstraps=506
node=7100/7985 op=linear_ref seconds=719.961 eta_seconds=89.7416 bootstraps=508
node=7110/7985 op=mul seconds=719.97 eta_seconds=88.6039 bootstraps=508
node=7120/7985 op=gather seconds=721.826 eta_seconds=87.6938 bootstraps=510
node=7130/7985 op=repeat seconds=724.362 eta_seconds=86.8625 bootstraps=512
node=7140/7985 op=mulp seconds=724.506 eta_seconds=85.7433 bootstraps=512
node=7150/7985 op=gather seconds=725.376 eta_seconds=84.7117 bootstraps=512
node=7160/7985 op=mul seconds=725.706 eta_seconds=83.6183 bootstraps=512
node=7170/7985 op=mul seconds=727.446 eta_seconds=82.6874 bootstraps=514
node=7180/7985 op=mulp seconds=727.693 eta_seconds=81.5867 bootstraps=514
node=7190/7985 op=mul seconds=727.802 eta_seconds=80.4732 bootstraps=514
node=7200/7985 op=mul seconds=729.529 eta_seconds=79.5389 bootstraps=516
node=7210/7985 op=mul seconds=729.955 eta_seconds=78.4626 bootstraps=516
node=7220/7985 op=mul seconds=730.254 eta_seconds=77.3745 bootstraps=516
node=7230/7985 op=mul seconds=732.074 eta_seconds=76.4475 bootstraps=518
node=7240/7985 op=scatter seconds=734.59 eta_seconds=75.5897 bootstraps=520
node=7250/7985 op=gather seconds=736.721 eta_seconds=74.6882 bootstraps=522
node=7260/7985 op=sum seconds=736.783 eta_seconds=73.5768 bootstraps=522
node=7270/7985 op=mulp seconds=737.002 eta_seconds=72.4837 bootstraps=522
node=7280/7985 op=mulp seconds=739.434 eta_seconds=71.6073 bootstraps=524
node=7290/7985 op=mul seconds=739.616 eta_seconds=70.5121 bootstraps=524
node=7300/7985 op=gather seconds=741.397 eta_seconds=69.5694 bootstraps=526
node=7310/7985 op=gather seconds=741.685 eta_seconds=68.4866 bootstraps=526
node=7320/7985 op=scatter seconds=741.954 eta_seconds=67.4043 bootstraps=526
node=7330/7985 op=scatter seconds=743.925 eta_seconds=66.4763 bootstraps=528
node=7340/7985 op=repeat seconds=744.488 eta_seconds=65.4216 bootstraps=528
node=7350/7985 op=sum seconds=744.761 eta_seconds=64.3433 bootstraps=528
node=7360/7985 op=add seconds=745.001 eta_seconds=63.2644 bootstraps=528
node=7370/7985 op=mul seconds=745.53 eta_seconds=62.2118 bootstraps=528
node=7380/7985 op=gather seconds=747.657 eta_seconds=61.2917 bootstraps=530
node=7390/7985 op=addp seconds=749.459 eta_seconds=60.3421 bootstraps=532
node=7400/7985 op=gather seconds=751.576 eta_seconds=59.4151 bootstraps=534
node=7410/7985 op=sum seconds=751.632 eta_seconds=58.325 bootstraps=534
node=7420/7985 op=cheb seconds=754.013 eta_seconds=57.4147 bootstraps=536
node=7430/7985 op=gather seconds=756.056 eta_seconds=56.4753 bootstraps=538
node=7440/7985 op=repeat seconds=756.218 eta_seconds=55.395 bootstraps=538
node=7450/7985 op=add seconds=756.443 eta_seconds=54.3217 bootstraps=538
node=7460/7985 op=mul seconds=756.82 eta_seconds=53.2615 bootstraps=538
node=7470/7985 op=mul seconds=757.009 eta_seconds=52.1901 bootstraps=538
node=7480/7985 op=scatter seconds=759.124 eta_seconds=51.251 bootstraps=540
node=7490/7985 op=mul seconds=759.527 eta_seconds=50.1957 bootstraps=540
node=7500/7985 op=mul seconds=760.016 eta_seconds=49.1477 bootstraps=540
node=7510/7985 op=mul seconds=760.37 eta_seconds=48.0927 bootstraps=540
node=7520/7985 op=mulp seconds=760.813 eta_seconds=47.045 bootstraps=540
node=7530/7985 op=mul seconds=764.33 eta_seconds=46.1846 bootstraps=544
node=7540/7985 op=mul seconds=766.242 eta_seconds=45.2225 bootstraps=546
node=7550/7985 op=gather seconds=766.83 eta_seconds=44.1816 bootstraps=546
node=7560/7985 op=mulp seconds=766.89 eta_seconds=43.1122 bootstraps=546
node=7570/7985 op=gather seconds=770.624 eta_seconds=42.2469 bootstraps=548
node=7580/7985 op=mul seconds=770.844 eta_seconds=41.1863 bootstraps=548
node=7590/7985 op=gather seconds=771.359 eta_seconds=40.1432 bootstraps=548
node=7600/7985 op=gather seconds=773.645 eta_seconds=39.1912 bootstraps=550
node=7610/7985 op=scatter seconds=773.843 eta_seconds=38.1328 bootstraps=550
node=7620/7985 op=add seconds=773.916 eta_seconds=37.0708 bootstraps=550
node=7630/7985 op=mul seconds=774.032 eta_seconds=36.0133 bootstraps=550
node=7640/7985 op=mul seconds=774.253 eta_seconds=34.963 bootstraps=550
node=7650/7985 op=mul seconds=776.086 eta_seconds=33.9855 bootstraps=552
node=7660/7985 op=mul seconds=776.594 eta_seconds=32.9495 bootstraps=552
node=7670/7985 op=cheb seconds=778.428 eta_seconds=31.9693 bootstraps=554
node=7680/7985 op=add seconds=780.93 eta_seconds=31.0135 bootstraps=556
node=7690/7985 op=linear_ref seconds=783.06 eta_seconds=30.0394 bootstraps=558
node=7700/7985 op=mul seconds=783.07 eta_seconds=28.9838 bootstraps=558
node=7710/7985 op=gather seconds=784.918 eta_seconds=27.9964 bootstraps=560
node=7720/7985 op=repeat seconds=787.453 eta_seconds=27.0305 bootstraps=562
node=7730/7985 op=mulp seconds=787.597 eta_seconds=25.9815 bootstraps=562
node=7740/7985 op=gather seconds=788.465 eta_seconds=24.9579 bootstraps=562
node=7750/7985 op=mul seconds=788.794 eta_seconds=23.9183 bootstraps=562
node=7760/7985 op=mul seconds=790.536 eta_seconds=22.9215 bootstraps=564
node=7770/7985 op=mulp seconds=790.797 eta_seconds=21.8818 bootstraps=564
node=7780/7985 op=mul seconds=790.914 eta_seconds=20.8403 bootstraps=564
node=7790/7985 op=sum seconds=791.156 eta_seconds=19.8043 bootstraps=564
node=7800/7985 op=add seconds=793.041 eta_seconds=18.8093 bootstraps=566
node=7810/7985 op=mul seconds=793.437 eta_seconds=17.7787 bootstraps=566
node=7820/7985 op=mul seconds=795.296 eta_seconds=16.7805 bootstraps=568
node=7830/7985 op=scatter seconds=797.81 eta_seconds=15.7932 bootstraps=570
node=7840/7985 op=gather seconds=799.944 eta_seconds=14.7949 bootstraps=572
node=7850/7985 op=mulp seconds=799.972 eta_seconds=13.7575 bootstraps=572
node=7860/7985 op=cheb seconds=802.214 eta_seconds=12.7578 bootstraps=574
node=7870/7985 op=mul seconds=804.269 eta_seconds=11.7523 bootstraps=576
node=7880/7985 op=addp seconds=804.357 eta_seconds=10.7179 bootstraps=576
node=7890/7985 op=scatter seconds=805.515 eta_seconds=9.69885 bootstraps=576
node=7900/7985 op=add seconds=805.542 eta_seconds=8.66723 bootstraps=576
node=7910/7985 op=add seconds=807.288 eta_seconds=7.65444 bootstraps=578
node=7920/7985 op=mul seconds=807.555 eta_seconds=6.62766 bootstraps=578
node=7930/7985 op=mul seconds=807.769 eta_seconds=5.60243 bootstraps=578
node=7940/7985 op=mul seconds=807.912 eta_seconds=4.57885 bootstraps=578
node=7950/7985 op=mul seconds=809.916 eta_seconds=3.56567 bootstraps=580
node=7960/7985 op=add seconds=810.513 eta_seconds=2.54558 bootstraps=580
node=7970/7985 op=linear_ref seconds=812.591 eta_seconds=1.52934 bootstraps=582
node=7980/7985 op=mulp seconds=814.636 eta_seconds=0.510424 bootstraps=584
node=7985/7985 op=mulp seconds=816.165 eta_seconds=0 bootstraps=586
client_token=315 logit_margin=0.674895
passed=1 polynomial_error=9.43046e-05 exact_error=9.60712e-05 eval_seconds=816.41
