GPU 0: NVIDIA GB10
 SMs: 48, SharedMem: 100 KB, Blocks/SM: 24, Threads/SM: 1536, L2 size: 24 MB, Bus: 256-bit
Adding bootstrap precomputation to GPU for 32768 slots.
Plaintexts loaded: 248 ~ 6262MB
Rotation keys loaded: 85 ~ 15300MB
setup_seconds=26.4639
node=1/402 op=public seconds=0.171206 eta_seconds=68.6537 bootstraps=0
node=11/402 op=mulp seconds=1.10284 eta_seconds=39.2009 bootstraps=0
node=21/402 op=addp seconds=4.32927 eta_seconds=78.5453 bootstraps=0
node=31/402 op=mulp seconds=7.99429 eta_seconds=95.6737 bootstraps=2
node=41/402 op=mul seconds=8.61914 eta_seconds=75.8905 bootstraps=2
node=51/402 op=repeat seconds=9.16241 eta_seconds=63.0589 bootstraps=2
node=61/402 op=mul seconds=12.1835 eta_seconds=68.1076 bootstraps=6
node=71/402 op=gather seconds=19.4382 eta_seconds=90.6204 bootstraps=16
node=81/402 op=scatter seconds=23.8575 eta_seconds=94.5462 bootstraps=22
node=91/402 op=mul seconds=28.057 eta_seconds=95.8872 bootstraps=28
node=101/402 op=linear seconds=31.8601 eta_seconds=94.9493 bootstraps=32
node=111/402 op=mulp seconds=33.4785 eta_seconds=87.7679 bootstraps=34
node=121/402 op=sum seconds=40.0782 eta_seconds=93.0741 bootstraps=40
node=131/402 op=sum seconds=40.5471 eta_seconds=83.8798 bootstraps=40
node=141/402 op=gather seconds=43.6648 eta_seconds=80.8263 bootstraps=40
node=151/402 op=cheb seconds=45.3994 eta_seconds=75.4652 bootstraps=40
node=161/402 op=mul seconds=47.6486 eta_seconds=71.3249 bootstraps=42
node=171/402 op=mulp seconds=48.0814 eta_seconds=64.9521 bootstraps=42
node=181/402 op=gather seconds=50.0687 eta_seconds=61.1336 bootstraps=44
node=191/402 op=scatter seconds=54.4947 eta_seconds=60.2009 bootstraps=50
node=201/402 op=mulp seconds=60.3052 eta_seconds=60.3052 bootstraps=58
node=211/402 op=scatter seconds=66.088 eta_seconds=59.8237 bootstraps=66
node=221/402 op=mul seconds=67.4733 eta_seconds=55.2609 bootstraps=68
node=231/402 op=mul seconds=73.4312 eta_seconds=54.3582 bootstraps=76
node=241/402 op=addp seconds=75.6708 eta_seconds=50.5519 bootstraps=78
node=251/402 op=linear_ref seconds=79.7942 eta_seconds=48.0037 bootstraps=80
node=261/402 op=mulp seconds=82.6876 eta_seconds=44.6703 bootstraps=84
client_token=6864 logit_margin=5.73049
node=271/402 op=mulp seconds=84.9275 eta_seconds=41.0535 bootstraps=86
node=281/402 op=addp seconds=87.6791 eta_seconds=37.755 bootstraps=86
node=291/402 op=mulp seconds=91.2542 eta_seconds=34.8083 bootstraps=88
node=301/402 op=mul seconds=91.8876 eta_seconds=30.8327 bootstraps=88
node=311/402 op=repeat seconds=92.4306 eta_seconds=27.0456 bootstraps=88
node=321/402 op=mul seconds=95.4591 eta_seconds=24.0878 bootstraps=92
node=331/402 op=gather seconds=102.709 eta_seconds=22.0312 bootstraps=102
node=341/402 op=scatter seconds=107.148 eta_seconds=19.1673 bootstraps=108
node=351/402 op=mul seconds=111.37 eta_seconds=16.1819 bootstraps=114
node=361/402 op=add seconds=114.38 eta_seconds=12.9905 bootstraps=118
node=371/402 op=repeat seconds=120.347 eta_seconds=10.056 bootstraps=126
node=381/402 op=mulp seconds=122.582 eta_seconds=6.7565 bootstraps=128
node=391/402 op=mul seconds=126.135 eta_seconds=3.54854 bootstraps=130
node=401/402 op=mul seconds=129.662 eta_seconds=0.323346 bootstraps=134
node=402/402 op=mulp seconds=129.667 eta_seconds=0 bootstraps=134
client_token=6864 logit_margin=5.21138
passed=1 polynomial_error=3.74193e-05 exact_error=3.51791e-05 eval_seconds=129.667
