GPU 0: NVIDIA GB10
 SMs: 48, SharedMem: 100 KB, Blocks/SM: 24, Threads/SM: 1536, L2 size: 24 MB, Bus: 256-bit
Adding bootstrap precomputation to GPU for 32768 slots.
Plaintexts loaded: 248 ~ 6262MB
Rotation keys loaded: 85 ~ 15300MB
setup_seconds=26.3231
planned_logical_refreshes=4
node=1/127 op=public seconds=0.172916 eta_seconds=21.7874 bootstraps=0
node=11/127 op=mulp seconds=0.994363 eta_seconds=10.486 bootstraps=0
node=21/127 op=addp seconds=3.86193 eta_seconds=19.4936 bootstraps=0
node=31/127 op=mulp seconds=5.15082 eta_seconds=15.9509 bootstraps=0
node=41/127 op=mul seconds=5.84378 eta_seconds=12.2577 bootstraps=0
node=51/127 op=repeat seconds=6.46561 eta_seconds=9.63503 bootstraps=0
node=61/127 op=mul seconds=7.2652 eta_seconds=7.8607 bootstraps=0
node=71/127 op=gather seconds=8.75932 eta_seconds=6.90876 bootstraps=0
node=81/127 op=scatter seconds=9.52703 eta_seconds=5.41041 bootstraps=0
node=91/127 op=mul seconds=10.199 eta_seconds=4.03477 bootstraps=0
node=101/127 op=linear seconds=13.3731 eta_seconds=3.44259 bootstraps=2
node=111/127 op=mulp seconds=14.8756 eta_seconds=2.14423 bootstraps=4
node=121/127 op=sum seconds=18.0348 eta_seconds=0.89429 bootstraps=6
node=127/127 op=mulp seconds=19.6222 eta_seconds=0 bootstraps=8
passed=1 polynomial_error=1.03671e-05 exact_error=9.67666e-06 eval_seconds=19.6227
