GPU 0: NVIDIA GB10
 SMs: 48, SharedMem: 100 KB, Blocks/SM: 24, Threads/SM: 1536, L2 size: 24 MB, Bus: 256-bit
Adding bootstrap precomputation to GPU for 32768 slots.
Plaintexts loaded: 248 ~ 6262MB
Rotation keys loaded: 85 ~ 15300MB
setup_seconds=26.6465
planned_logical_refreshes=15
node=1/402 op=public seconds=0.184864 eta_seconds=74.1306 bootstraps=0
node=11/402 op=mulp seconds=0.885113 eta_seconds=31.4618 bootstraps=0
node=21/402 op=addp seconds=2.52648 eta_seconds=45.8375 bootstraps=0
node=31/402 op=mulp seconds=3.4676 eta_seconds=41.4993 bootstraps=0
node=41/402 op=mul seconds=3.99988 eta_seconds=35.2184 bootstraps=0
node=51/402 op=repeat seconds=4.48583 eta_seconds=30.873 bootstraps=0
node=61/402 op=mul seconds=4.91787 eta_seconds=27.4917 bootstraps=0
node=71/402 op=gather seconds=5.62204 eta_seconds=26.2098 bootstraps=0
node=81/402 op=scatter seconds=5.96479 eta_seconds=23.6382 bootstraps=0
node=91/402 op=mul seconds=6.29098 eta_seconds=21.5 bootstraps=0
node=101/402 op=linear seconds=8.7075 eta_seconds=25.9501 bootstraps=2
node=111/402 op=mulp seconds=10.1778 eta_seconds=26.6823 bootstraps=4
node=121/402 op=sum seconds=12.5514 eta_seconds=29.1483 bootstraps=6
node=131/402 op=sum seconds=14.3111 eta_seconds=29.6054 bootstraps=8
node=141/402 op=gather seconds=16.2468 eta_seconds=30.0739 bootstraps=8
node=151/402 op=cheb seconds=17.8297 eta_seconds=29.6375 bootstraps=8
node=161/402 op=mul seconds=18.7545 eta_seconds=28.0735 bootstraps=8
node=171/402 op=mulp seconds=19.1332 eta_seconds=25.8466 bootstraps=8
node=181/402 op=gather seconds=21.1067 eta_seconds=25.7712 bootstraps=10
node=191/402 op=scatter seconds=21.4704 eta_seconds=23.7186 bootstraps=10
node=201/402 op=mulp seconds=22.2479 eta_seconds=22.2479 bootstraps=10
node=211/402 op=scatter seconds=22.8361 eta_seconds=20.6716 bootstraps=10
node=221/402 op=mul seconds=22.8715 eta_seconds=18.7319 bootstraps=10
node=231/402 op=mul seconds=25.0828 eta_seconds=18.5678 bootstraps=12
node=241/402 op=addp seconds=25.7634 eta_seconds=17.2112 bootstraps=12
node=251/402 op=linear_ref seconds=29.7677 eta_seconds=17.9081 bootstraps=16
node=261/402 op=mulp seconds=31.2788 eta_seconds=16.8977 bootstraps=18
client_token=6864 logit_margin=5.73047
node=271/402 op=mulp seconds=32.0128 eta_seconds=15.4748 bootstraps=18
node=281/402 op=addp seconds=33.6873 eta_seconds=14.5059 bootstraps=18
node=291/402 op=mulp seconds=35.8101 eta_seconds=13.6595 bootstraps=18
node=301/402 op=mul seconds=36.3479 eta_seconds=12.1965 bootstraps=18
node=311/402 op=repeat seconds=36.8339 eta_seconds=10.7778 bootstraps=18
node=321/402 op=mul seconds=37.2309 eta_seconds=9.39472 bootstraps=18
node=331/402 op=gather seconds=37.9405 eta_seconds=8.13829 bootstraps=18
node=341/402 op=scatter seconds=38.2818 eta_seconds=6.84806 bootstraps=18
node=351/402 op=mul seconds=38.6249 eta_seconds=5.61217 bootstraps=18
node=361/402 op=add seconds=40.4268 eta_seconds=4.59141 bootstraps=20
node=371/402 op=repeat seconds=41.1305 eta_seconds=3.43678 bootstraps=20
node=381/402 op=mulp seconds=42.9582 eta_seconds=2.36777 bootstraps=22
node=391/402 op=mul seconds=45.1074 eta_seconds=1.26901 bootstraps=24
node=401/402 op=mul seconds=47.0607 eta_seconds=0.117358 bootstraps=26
node=402/402 op=mulp seconds=47.0646 eta_seconds=0 bootstraps=26
client_token=6864 logit_margin=5.21147
passed=1 polynomial_error=1.73855e-05 exact_error=2.11156e-05 eval_seconds=47.0657
