{
  "probes": {
    "mamba2": {
      "max_abs_error": 1.29106920291029e-12,
      "median_preparation_ms": {
        "21:standard": 10.998886500000001,
        "21:fast-upload": 9.8109425,
        "21:gpu-ntt-1": 7.413087,
        "21:gpu-ntt-4": 7.191407,
        "21:gpu-ntt-16": 7.130615,
        "21:gpu-ntt-64": 7.110335,
        "21:direct-upload": 9.030527,
        "21:direct-gpu-ntt-16": 6.337543,
        "26:standard": 7.705711,
        "26:fast-upload": 6.969431,
        "26:gpu-ntt-1": 5.9345915,
        "26:gpu-ntt-4": 5.704751,
        "26:gpu-ntt-16": 5.6718235,
        "26:gpu-ntt-64": 5.5036075,
        "26:direct-upload": 6.708798999999999,
        "26:direct-gpu-ntt-16": 5.2039599999999995,
        "34:standard": 5.7964475,
        "34:fast-upload": 5.099447,
        "34:gpu-ntt-1": 3.8002949999999998,
        "34:gpu-ntt-4": 3.689543,
        "34:gpu-ntt-16": 3.6701675,
        "34:gpu-ntt-64": 3.6610475,
        "34:direct-upload": 4.8305675,
        "34:direct-gpu-ntt-16": 3.326672
      }
    },
    "mamba3": {
      "max_abs_error": 2.1670988152449e-12,
      "median_preparation_ms": {
        "21:standard": 11.240727,
        "21:fast-upload": 9.859856,
        "21:gpu-ntt-1": 7.4534475,
        "21:gpu-ntt-4": 7.02228,
        "21:gpu-ntt-16": 7.167759,
        "21:gpu-ntt-64": 7.177464,
        "21:direct-upload": 9.028936,
        "21:direct-gpu-ntt-16": 6.402184,
        "26:standard": 8.382615999999999,
        "26:fast-upload": 7.540112000000001,
        "26:gpu-ntt-1": 6.06348,
        "26:gpu-ntt-4": 5.8814,
        "26:gpu-ntt-16": 5.823608,
        "26:gpu-ntt-64": 5.812904,
        "26:direct-upload": 6.656072,
        "26:direct-gpu-ntt-16": 4.9677679999999995,
        "34:standard": 5.829576,
        "34:fast-upload": 5.220264500000001,
        "34:gpu-ntt-1": 3.723752,
        "34:gpu-ntt-4": 3.642496,
        "34:gpu-ntt-16": 3.600016,
        "34:gpu-ntt-64": 3.579992,
        "34:direct-upload": 5.281152,
        "34:direct-gpu-ntt-16": 3.266744
      }
    }
  },
  "mamba3_prefix": {
    "base": {
      "eval_seconds": [
        16.317205581,
        16.356424259
      ],
      "wall_seconds": [
        45.829289093613625,
        45.670645779930055
      ],
      "max_exact_error": [
        1.40742065827e-05,
        1.22260850992e-05
      ],
      "max_polynomial_error": [
        1.40786370685e-05,
        1.2611417608e-05
      ],
      "rotations": [
        1103,
        1103
      ],
      "refresh_rotations": [
        3,
        3
      ],
      "lifetime_clones_eliminated": [
        0,
        0
      ],
      "public_weight_bytes": [
        58834944,
        58834944
      ],
      "peak_rss_gib": [
        26.8223876953,
        26.82239151
      ],
      "upload_seconds": [
        1.183726903,
        1.20880232
      ],
      "mean_seconds": 16.336814920000002,
      "reduction_percent": 0.0
    },
    "naf": {
      "eval_seconds": [
        15.994313236,
        16.002848583
      ],
      "wall_seconds": [
        45.54694709647447,
        45.33657558634877
      ],
      "max_exact_error": [
        1.12309537108e-05,
        1.69295365442e-05
      ],
      "max_polynomial_error": [
        1.07319413291e-05,
        1.77732953031e-05
      ],
      "rotations": [
        909,
        909
      ],
      "refresh_rotations": [
        3,
        3
      ],
      "lifetime_clones_eliminated": [
        0,
        0
      ],
      "public_weight_bytes": [
        58834944,
        58834944
      ],
      "peak_rss_gib": [
        26.8226013184,
        26.8224334717
      ],
      "upload_seconds": [
        1.214423908,
        1.213210673
      ],
      "mean_seconds": 15.9985809095,
      "reduction_percent": 2.070379153808777
    },
    "reuse": {
      "eval_seconds": [
        16.337928959,
        16.467033656
      ],
      "wall_seconds": [
        45.54055408388376,
        45.89141016919166
      ],
      "max_exact_error": [
        1.16026545158e-05,
        3.08464364904e-05
      ],
      "max_polynomial_error": [
        1.21913209208e-05,
        3.08375303514e-05
      ],
      "rotations": [
        1103,
        1103
      ],
      "refresh_rotations": [
        3,
        3
      ],
      "lifetime_clones_eliminated": [
        52,
        52
      ],
      "public_weight_bytes": [
        58834944,
        58834944
      ],
      "peak_rss_gib": [
        26.8224601746,
        26.8224639893
      ],
      "upload_seconds": [
        1.201420419,
        1.216229859
      ],
      "mean_seconds": 16.4024813075,
      "reduction_percent": -0.4019534274065206
    },
    "direct": {
      "eval_seconds": [
        15.861013226,
        15.948134889
      ],
      "wall_seconds": [
        45.28903561364859,
        45.18686634302139
      ],
      "max_exact_error": [
        1.50212873878e-05,
        1.31469148608e-05
      ],
      "max_polynomial_error": [
        1.53354387664e-05,
        1.1584453345e-05
      ],
      "rotations": [
        1103,
        1103
      ],
      "refresh_rotations": [
        3,
        3
      ],
      "lifetime_clones_eliminated": [
        0,
        0
      ],
      "public_weight_bytes": [
        58834944,
        58834944
      ],
      "peak_rss_gib": [
        26.8226318359,
        26.8218727112
      ],
      "upload_seconds": [
        0.710079266,
        0.707727519
      ],
      "mean_seconds": 15.9045740575,
      "reduction_percent": 2.645808651298609
    },
    "compact": {
      "eval_seconds": [
        16.399111498,
        16.498162743
      ],
      "wall_seconds": [
        45.74983024969697,
        45.80821839906275
      ],
      "max_exact_error": [
        2.394110934e-05,
        1.05890779596e-05
      ],
      "max_polynomial_error": [
        2.39914047481e-05,
        1.01038586842e-05
      ],
      "rotations": [
        1103,
        1103
      ],
      "refresh_rotations": [
        3,
        3
      ],
      "lifetime_clones_eliminated": [
        0,
        0
      ],
      "public_weight_bytes": [
        14708736,
        14708736
      ],
      "peak_rss_gib": [
        26.7740287781,
        26.7734985352
      ],
      "upload_seconds": [
        1.225548453,
        1.214598958
      ],
      "mean_seconds": 16.448637120500003,
      "reduction_percent": -0.684479814747152
    },
    "all": {
      "eval_seconds": [
        15.498492779,
        15.450606884
      ],
      "wall_seconds": [
        44.638135948218405,
        44.80512023717165
      ],
      "max_exact_error": [
        1.39335640887e-05,
        8.90108504806e-06
      ],
      "max_polynomial_error": [
        1.41783952807e-05,
        8.58192177183e-06
      ],
      "rotations": [
        909,
        909
      ],
      "refresh_rotations": [
        3,
        3
      ],
      "lifetime_clones_eliminated": [
        52,
        52
      ],
      "public_weight_bytes": [
        14708736,
        14708736
      ],
      "peak_rss_gib": [
        26.7738304138,
        26.7738418579
      ],
      "upload_seconds": [
        0.712943066,
        0.713405983
      ],
      "mean_seconds": 15.4745498315,
      "reduction_percent": 5.278048950927349
    }
  },
  "mamba3_full": {
    "base": {
      "eval_seconds": [
        1114.9271676
      ],
      "wall_seconds": [
        1155.9612448764965
      ],
      "max_exact_error": [
        8.69684742657e-05
      ],
      "max_polynomial_error": [
        6.57020401396e-05
      ],
      "rotations": [
        86063
      ],
      "refresh_rotations": [
        7323
      ],
      "lifetime_clones_eliminated": [
        0
      ],
      "public_weight_bytes": [
        706019328
      ],
      "peak_rss_gib": [
        27.9648284912
      ],
      "upload_seconds": [
        73.414490186
      ],
      "mean_seconds": 1114.9271676,
      "reduction_percent": 0.0
    },
    "all": {
      "eval_seconds": [
        1054.8568314
      ],
      "wall_seconds": [
        1095.6751204393804
      ],
      "max_exact_error": [
        0.000126600833906
      ],
      "max_polynomial_error": [
        0.000124834168243
      ],
      "rotations": [
        67052
      ],
      "refresh_rotations": [
        7152
      ],
      "lifetime_clones_eliminated": [
        3898
      ],
      "public_weight_bytes": [
        176504832
      ],
      "peak_rss_gib": [
        27.3143157959
      ],
      "upload_seconds": [
        42.865344572
      ],
      "mean_seconds": 1054.8568314,
      "reduction_percent": 5.387826034350562
    }
  },
  "mamba2_control": {
    "base": {
      "samples": [
        58.967491642,
        59.095571969
      ],
      "mean_seconds": 59.031531805499995
    },
    "direct": {
      "samples": [
        55.768854528,
        55.726442226
      ],
      "mean_seconds": 55.747648377000004
    },
    "reduction_percent": 5.562931077783806
  },
  "mamba2_full": {
    "eval_seconds": 2029.90314259,
    "max_abs_error": 0.00642354804267,
    "peak_rss_gib": 37.0618057251,
    "previous_full_parameters_counts_levels_match": true,
    "scope": "Single full direct-upload validation; the paired incremental comparison is the two-layer ABBA."
  },
  "inventory": {
    "schema": "fhemamba-packed-resource-inventory-v1",
    "encrypted": false,
    "scope": "planned refresh, replicated linear, radix8; runtime refresh rotations excluded",
    "binary_rotations": 78740,
    "naf_rotations": 59900,
    "arithmetic_nodes": 2902,
    "arithmetic_with_final_input": 2345,
    "public_weights": 88252416,
    "double_weight_bytes": 706019328,
    "compact_weight_bytes": 176504832,
    "bf16_weights": 88252416,
    "peak_live_dag_handles": 174,
    "slots_at_peak_handles": 249288,
    "peak_logical_slots": 251592,
    "ciphertext_slots": 32768
  },
  "cpu_state": {
    "before": [
      {
        "ssm_storage_bytes": 262144,
        "ssm_logical_bytes": 4096,
        "conv_storage_bytes": 51456,
        "conv_logical_bytes": 2304
      },
      {
        "ssm_storage_bytes": 262144,
        "ssm_logical_bytes": 4096,
        "conv_storage_bytes": 51456,
        "conv_logical_bytes": 2304
      }
    ],
    "after": [
      {
        "ssm_storage_bytes": 4096,
        "ssm_logical_bytes": 4096,
        "conv_storage_bytes": 2304,
        "conv_logical_bytes": 2304
      },
      {
        "ssm_storage_bytes": 4096,
        "ssm_logical_bytes": 4096,
        "conv_storage_bytes": 2304,
        "conv_logical_bytes": 2304
      }
    ],
    "prefill_bit_identical": true,
    "decode_bit_identical": true
  },
  "budget": {
    "review_seconds": 14400,
    "used_seconds": 5306.805977098644,
    "runs": [
      {
        "name": "probe-mamba2",
        "charged_seconds": 29.462684456259012
      },
      {
        "name": "probe-mamba3",
        "charged_seconds": 30.065206638537347
      },
      {
        "name": "prefix-1-base",
        "charged_seconds": 45.829289093613625
      },
      {
        "name": "prefix-2-naf",
        "charged_seconds": 45.54694709647447
      },
      {
        "name": "prefix-3-reuse",
        "charged_seconds": 45.54055408388376
      },
      {
        "name": "prefix-4-direct",
        "charged_seconds": 45.28903561364859
      },
      {
        "name": "prefix-5-compact",
        "charged_seconds": 45.74983024969697
      },
      {
        "name": "prefix-6-all",
        "charged_seconds": 44.638135948218405
      },
      {
        "name": "prefix-7-all",
        "charged_seconds": 44.80512023717165
      },
      {
        "name": "prefix-8-compact",
        "charged_seconds": 45.80821839906275
      },
      {
        "name": "prefix-9-direct",
        "charged_seconds": 45.18686634302139
      },
      {
        "name": "prefix-10-reuse",
        "charged_seconds": 45.89141016919166
      },
      {
        "name": "prefix-11-naf",
        "charged_seconds": 45.33657558634877
      },
      {
        "name": "prefix-12-base",
        "charged_seconds": 45.670645779930055
      },
      {
        "name": "m2-1-base",
        "charged_seconds": 87.33906856365502
      },
      {
        "name": "m2-2-direct",
        "charged_seconds": 83.87591730058193
      },
      {
        "name": "m2-3-direct",
        "charged_seconds": 85.48450791742653
      },
      {
        "name": "m2-4-base",
        "charged_seconds": 87.44874048791826
      },
      {
        "name": "cache-all",
        "charged_seconds": 45.24363414384425
      },
      {
        "name": "full-base",
        "charged_seconds": 1155.9612448764965
      },
      {
        "name": "full-all",
        "charged_seconds": 1095.6751204393804
      },
      {
        "name": "m2-full-direct",
        "charged_seconds": 2060.9572236742824
      }
    ],
    "scope": "Internal review interval, not a newly inferred user spending limit."
  },
  "limitations": "One frozen prompt; full M3 one fresh-key run per mode; same errors and inline client/security-not-set scope. Static occupancy does not establish packing speed."
}
