GPU 0: NVIDIA GB10
 SMs: 48, SharedMem: 100 KB, Blocks/SM: 24, Threads/SM: 1536, L2 size: 24 MB, Bus: 256-bit
Adding bootstrap precomputation to GPU for 32768 slots.
Plaintexts loaded: 248 ~ 6262MB
Rotation keys loaded: 85 ~ 15300MB
setup_seconds=26.658
planned_logical_refreshes=4
node=1/127 op=public seconds=0.182988 eta_seconds=23.0565 bootstraps=0
node=11/127 op=mulp seconds=0.920062 eta_seconds=9.70247 bootstraps=0
node=21/127 op=addp seconds=3.06162 eta_seconds=15.4539 bootstraps=0
node=31/127 op=mulp seconds=4.14504 eta_seconds=12.8362 bootstraps=0
node=41/127 op=mul seconds=4.73963 eta_seconds=9.94166 bootstraps=0
node=51/127 op=repeat seconds=5.30079 eta_seconds=7.89921 bootstraps=0
node=61/127 op=mul seconds=5.89808 eta_seconds=6.38153 bootstraps=0
node=71/127 op=gather seconds=6.96923 eta_seconds=5.49686 bootstraps=0
node=81/127 op=scatter seconds=7.54331 eta_seconds=4.28385 bootstraps=0
node=91/127 op=mul seconds=8.01132 eta_seconds=3.16931 bootstraps=0
node=101/127 op=linear seconds=10.7325 eta_seconds=2.76283 bootstraps=2
node=111/127 op=mulp seconds=12.2056 eta_seconds=1.75936 bootstraps=4
node=121/127 op=sum seconds=14.8624 eta_seconds=0.736979 bootstraps=6
node=127/127 op=mulp seconds=16.3987 eta_seconds=0 bootstraps=8
passed=1 polynomial_error=2.39914e-05 exact_error=2.39411e-05 eval_seconds=16.3991
