width=1 ordinary=0.123487 refresh=32.336556 error=5.265006591552365e+286
width=32 ordinary=0.122989 refresh=33.519437 error=4.651242800883506e+286
width=768 ordinary=0.122840 refresh=32.829570 error=4.542737243333764e+286
width=1536 ordinary=0.122797 refresh=32.396220 error=4.5930060802706574e+286
{
  "backend": "lattigo-v6.2.0-cpu",
  "bootstrap_passes": 2,
  "intermediate_evaluator_decryptions": 0,
  "max_abs_error": 5.265006591552365e+286,
  "ordinary_log_n": 15,
  "ordinary_log_qp": 1246.0000000000534,
  "ordinary_q": [
    1152921504606584833,
    576460752300015617,
    576460752298835969,
    576460752308273153,
    576460752298180609,
    576460752315482113,
    576460752289923073,
    576460752289529857,
    576460752289005569,
    576460752319021057,
    576460752319414273,
    576460752286253057,
    576460752321642497,
    576460752284418049,
    576460752325705729,
    576460752279306241,
    576460752328327169,
    576460752329113601
  ],
  "passed": false,
  "process_seconds": 227.479647369,
  "refresh_log_n": 16,
  "refresh_log_qp": 2155.9978703427596,
  "refresh_q": [
    1152921504606584833,
    576460752300015617,
    576460752298835969,
    576460752308273153,
    576460752298180609,
    576460752315482113,
    576460752289923073,
    576460752289529857,
    576460752289005569,
    576460752319021057,
    576460752319414273,
    576460752286253057,
    576460752321642497,
    576460752284418049,
    576460752325705729,
    576460752279306241,
    576460752328327169,
    576460752329113601,
    268042241,
    549754109953,
    549753978881,
    549753716737,
    1152921504614055937,
    1152921504598720513,
    1152921504615628801,
    1152921504616808449,
    1152921504597016577,
    1152921504595968001,
    1152921504618381313,
    1152921504620347393,
    72057594038321153,
    72057594036879361,
    72057594035306497,
    72057594040680449
  ],
  "requested_residual_multiplier": 4096,
  "samples": [
    {
      "max_abs_error": 5.265006591552365e+286,
      "ordinary_seconds": 0.123486823,
      "output_level": 16,
      "refresh_boundary_seconds": 32.336555743,
      "width": 1
    },
    {
      "max_abs_error": 4.651242800883506e+286,
      "ordinary_seconds": 0.122989305,
      "output_level": 16,
      "refresh_boundary_seconds": 33.51943746,
      "width": 32
    },
    {
      "max_abs_error": 4.542737243333764e+286,
      "ordinary_seconds": 0.122840282,
      "output_level": 16,
      "refresh_boundary_seconds": 32.829570137,
      "width": 768
    },
    {
      "max_abs_error": 4.5930060802706574e+286,
      "ordinary_seconds": 0.12279690700000001,
      "output_level": 16,
      "refresh_boundary_seconds": 32.396219504,
      "width": 1536
    }
  ],
  "scale_bits": 59,
  "security": "not-set",
  "setup_seconds": 95.131784048,
  "tolerance": 0.000001
}
