GPU 0: NVIDIA GB10
 SMs: 48, SharedMem: 100 KB, Blocks/SM: 24, Threads/SM: 1536, L2 size: 24 MB, Bus: 256-bit
Adding bootstrap precomputation to GPU for 32768 slots.
Plaintexts loaded: 248 ~ 6262MB
Rotation keys loaded: 85 ~ 15300MB
setup_seconds=26.6388
planned_logical_refreshes=4
node=1/127 op=public seconds=0.178077 eta_seconds=22.4377 bootstraps=0
node=11/127 op=mulp seconds=0.901702 eta_seconds=9.50886 bootstraps=0
node=21/127 op=addp seconds=2.70883 eta_seconds=13.6732 bootstraps=0
node=31/127 op=mulp seconds=3.70071 eta_seconds=11.4602 bootstraps=0
node=41/127 op=mul seconds=4.27997 eta_seconds=8.9775 bootstraps=0
node=51/127 op=repeat seconds=4.83337 eta_seconds=7.20267 bootstraps=0
node=61/127 op=mul seconds=5.28015 eta_seconds=5.71295 bootstraps=0
node=71/127 op=gather seconds=6.15586 eta_seconds=4.85533 bootstraps=0
node=81/127 op=scatter seconds=6.58659 eta_seconds=3.74053 bootstraps=0
node=91/127 op=mul seconds=7.00346 eta_seconds=2.7706 bootstraps=0
node=101/127 op=linear seconds=9.48073 eta_seconds=2.44058 bootstraps=2
node=111/127 op=mulp seconds=10.9436 eta_seconds=1.57746 bootstraps=4
node=121/127 op=sum seconds=13.4071 eta_seconds=0.664813 bootstraps=6
node=127/127 op=mulp seconds=14.936 eta_seconds=0 bootstraps=8
passed=1 polynomial_error=1.28688e-05 exact_error=1.36613e-05 eval_seconds=14.9364
