GPU 0: NVIDIA GB10
 SMs: 48, SharedMem: 100 KB, Blocks/SM: 24, Threads/SM: 1536, L2 size: 24 MB, Bus: 256-bit
Adding bootstrap precomputation to GPU for 32768 slots.
Plaintexts loaded: 248 ~ 6262MB
Rotation keys loaded: 85 ~ 15300MB
setup_seconds=26.5841
planned_logical_refreshes=4
node=1/127 op=public seconds=0.182011 eta_seconds=22.9334 bootstraps=0
node=11/127 op=mulp seconds=1.00234 eta_seconds=10.5701 bootstraps=0
node=21/127 op=addp seconds=3.8844 eta_seconds=19.607 bootstraps=0
node=31/127 op=mulp seconds=5.17699 eta_seconds=16.032 bootstraps=0
node=41/127 op=mul seconds=5.87086 eta_seconds=12.3145 bootstraps=0
node=51/127 op=repeat seconds=6.49766 eta_seconds=9.68278 bootstraps=0
node=61/127 op=mul seconds=7.30015 eta_seconds=7.89853 bootstraps=0
node=71/127 op=gather seconds=8.79395 eta_seconds=6.93608 bootstraps=0
node=81/127 op=scatter seconds=9.55944 eta_seconds=5.42882 bootstraps=0
node=91/127 op=mul seconds=10.2254 eta_seconds=4.04522 bootstraps=0
node=101/127 op=linear seconds=13.3858 eta_seconds=3.44585 bootstraps=2
node=111/127 op=mulp seconds=14.8914 eta_seconds=2.1465 bootstraps=4
node=121/127 op=sum seconds=18.049 eta_seconds=0.894992 bootstraps=6
node=127/127 op=mulp seconds=19.6461 eta_seconds=0 bootstraps=8
passed=1 polynomial_error=8.16796e-06 exact_error=8.17687e-06 eval_seconds=19.6466
