GPU 0: NVIDIA GB10
 SMs: 48, SharedMem: 100 KB, Blocks/SM: 24, Threads/SM: 1536, L2 size: 24 MB, Bus: 256-bit
Adding bootstrap precomputation to GPU for 32768 slots.
Plaintexts loaded: 248 ~ 6262MB
Rotation keys loaded: 85 ~ 15300MB
setup_seconds=26.6773
planned_logical_refreshes=15
node=1/402 op=public seconds=0.192402 eta_seconds=77.1534 bootstraps=0
node=11/402 op=mulp seconds=0.886858 eta_seconds=31.5238 bootstraps=0
node=21/402 op=addp seconds=2.5287 eta_seconds=45.8778 bootstraps=0
node=31/402 op=mulp seconds=3.44959 eta_seconds=41.2838 bootstraps=0
node=41/402 op=mul seconds=3.96883 eta_seconds=34.9451 bootstraps=0
node=51/402 op=repeat seconds=4.44177 eta_seconds=30.5698 bootstraps=0
node=61/402 op=mul seconds=4.87115 eta_seconds=27.2305 bootstraps=0
node=71/402 op=gather seconds=5.57314 eta_seconds=25.9818 bootstraps=0
node=81/402 op=scatter seconds=5.91447 eta_seconds=23.4388 bootstraps=0
node=91/402 op=mul seconds=6.23991 eta_seconds=21.3254 bootstraps=0
node=101/402 op=linear seconds=8.64975 eta_seconds=25.778 bootstraps=2
node=111/402 op=mulp seconds=10.1146 eta_seconds=26.5166 bootstraps=4
node=121/402 op=sum seconds=12.4943 eta_seconds=29.0157 bootstraps=6
node=131/402 op=sum seconds=14.2588 eta_seconds=29.4973 bootstraps=8
node=141/402 op=gather seconds=16.1739 eta_seconds=29.9389 bootstraps=8
node=151/402 op=cheb seconds=17.7185 eta_seconds=29.4526 bootstraps=8
node=161/402 op=mul seconds=18.6197 eta_seconds=27.8717 bootstraps=8
node=171/402 op=mulp seconds=18.9911 eta_seconds=25.6547 bootstraps=8
node=181/402 op=gather seconds=20.9533 eta_seconds=25.5838 bootstraps=10
node=191/402 op=scatter seconds=21.3193 eta_seconds=23.5517 bootstraps=10
node=201/402 op=mulp seconds=22.0988 eta_seconds=22.0988 bootstraps=10
node=211/402 op=scatter seconds=22.6894 eta_seconds=20.5388 bootstraps=10
node=221/402 op=mul seconds=22.7251 eta_seconds=18.612 bootstraps=10
node=231/402 op=mul seconds=24.9431 eta_seconds=18.4644 bootstraps=12
node=241/402 op=addp seconds=25.6213 eta_seconds=17.1163 bootstraps=12
node=251/402 op=linear_ref seconds=29.6209 eta_seconds=17.8198 bootstraps=16
node=261/402 op=mulp seconds=31.1312 eta_seconds=16.818 bootstraps=18
client_token=6864 logit_margin=5.73049
node=271/402 op=mulp seconds=31.8623 eta_seconds=15.4021 bootstraps=18
node=281/402 op=addp seconds=33.5308 eta_seconds=14.4385 bootstraps=18
node=291/402 op=mulp seconds=35.603 eta_seconds=13.5805 bootstraps=18
node=301/402 op=mul seconds=36.127 eta_seconds=12.1223 bootstraps=18
node=311/402 op=repeat seconds=36.6006 eta_seconds=10.7095 bootstraps=18
node=321/402 op=mul seconds=36.9974 eta_seconds=9.3358 bootstraps=18
node=331/402 op=gather seconds=37.7051 eta_seconds=8.0878 bootstraps=18
node=341/402 op=scatter seconds=38.047 eta_seconds=6.80606 bootstraps=18
node=351/402 op=mul seconds=38.3882 eta_seconds=5.57777 bootstraps=18
node=361/402 op=add seconds=40.1899 eta_seconds=4.56451 bootstraps=20
node=371/402 op=repeat seconds=40.8946 eta_seconds=3.41707 bootstraps=20
node=381/402 op=mulp seconds=42.7278 eta_seconds=2.35507 bootstraps=22
node=391/402 op=mul seconds=44.8754 eta_seconds=1.26248 bootstraps=24
node=401/402 op=mul seconds=46.8155 eta_seconds=0.116747 bootstraps=26
node=402/402 op=mulp seconds=46.8192 eta_seconds=0 bootstraps=26
client_token=6864 logit_margin=5.2115
passed=1 polynomial_error=1.24599e-05 exact_error=1.86696e-05 eval_seconds=46.8203
