GPU 0: NVIDIA GB10
 SMs: 48, SharedMem: 100 KB, Blocks/SM: 24, Threads/SM: 1536, L2 size: 24 MB, Bus: 256-bit
Adding bootstrap precomputation to GPU for 32768 slots.
Plaintexts loaded: 248 ~ 6262MB
Rotation keys loaded: 85 ~ 15300MB
setup_seconds=26.2297
planned_logical_refreshes=853
node=10/7985 op=public seconds=1.40981 eta_seconds=1124.33 bootstraps=0
node=20/7985 op=mul seconds=2.11349 eta_seconds=841.698 bootstraps=0
node=30/7985 op=mulp seconds=3.04305 eta_seconds=806.915 bootstraps=0
node=40/7985 op=repeat seconds=4.64218 eta_seconds=922.053 bootstraps=0
node=50/7985 op=gather seconds=6.63411 eta_seconds=1052.83 bootstraps=0
node=60/7985 op=sum seconds=6.77872 eta_seconds=895.356 bootstraps=0
node=70/7985 op=mul seconds=6.85559 eta_seconds=775.171 bootstraps=0
node=80/7985 op=gather seconds=7.63709 eta_seconds=754.64 bootstraps=0
node=90/7985 op=add seconds=8.14317 eta_seconds=714.337 bootstraps=0
node=100/7985 op=mul seconds=8.54038 eta_seconds=673.409 bootstraps=0
node=110/7985 op=mulp seconds=8.88997 eta_seconds=636.441 bootstraps=0
node=120/7985 op=mul seconds=9.41072 eta_seconds=616.794 bootstraps=0
node=130/7985 op=gather seconds=9.66336 eta_seconds=583.89 bootstraps=0
node=140/7985 op=mul seconds=10.0472 eta_seconds=563.004 bootstraps=0
node=150/7985 op=mul seconds=11.4018 eta_seconds=595.554 bootstraps=0
node=160/7985 op=mulp seconds=11.5375 eta_seconds=564.257 bootstraps=0
node=170/7985 op=mul seconds=11.859 eta_seconds=545.164 bootstraps=0
node=180/7985 op=scatter seconds=14.0888 eta_seconds=610.907 bootstraps=2
node=190/7985 op=add seconds=14.5146 eta_seconds=595.482 bootstraps=2
node=200/7985 op=sum seconds=15.3955 eta_seconds=599.269 bootstraps=2
node=210/7985 op=mul seconds=16.0041 eta_seconds=592.532 bootstraps=2
node=220/7985 op=scatter seconds=17.9228 eta_seconds=632.593 bootstraps=4
node=230/7985 op=gather seconds=18.4341 eta_seconds=621.55 bootstraps=4
node=240/7985 op=gather seconds=20.5606 eta_seconds=663.508 bootstraps=6
node=250/7985 op=scatter seconds=21.3143 eta_seconds=659.466 bootstraps=6
node=260/7985 op=sum seconds=21.8055 eta_seconds=647.876 bootstraps=6
node=270/7985 op=gather seconds=24.2037 eta_seconds=691.6 bootstraps=8
node=280/7985 op=mulp seconds=24.2556 eta_seconds=667.461 bootstraps=8
node=290/7985 op=gather seconds=24.7662 eta_seconds=657.159 bootstraps=8
node=300/7985 op=gather seconds=24.8009 eta_seconds=635.316 bootstraps=8
node=310/7985 op=gather seconds=26.4409 eta_seconds=654.626 bootstraps=10
node=320/7985 op=gather seconds=26.8503 eta_seconds=643.148 bootstraps=10
node=330/7985 op=add seconds=27.1518 eta_seconds=629.839 bootstraps=10
node=340/7985 op=mul seconds=27.6438 eta_seconds=621.579 bootstraps=10
node=350/7985 op=mulp seconds=28.1371 eta_seconds=613.792 bootstraps=10
node=360/7985 op=gather seconds=30.422 eta_seconds=644.354 bootstraps=12
node=370/7985 op=mul seconds=30.715 eta_seconds=632.147 bootstraps=12
node=380/7985 op=mulp seconds=30.9354 eta_seconds=619.115 bootstraps=12
node=390/7985 op=mul seconds=31.2155 eta_seconds=607.903 bootstraps=12
node=400/7985 op=scatter seconds=31.3522 eta_seconds=594.515 bootstraps=12
node=410/7985 op=gather seconds=31.9866 eta_seconds=590.972 bootstraps=12
node=420/7985 op=scatter seconds=32.2716 eta_seconds=581.272 bootstraps=12
node=430/7985 op=mul seconds=34.4678 eta_seconds=605.591 bootstraps=14
node=440/7985 op=mul seconds=34.8826 eta_seconds=598.157 bootstraps=14
node=450/7985 op=scatter seconds=35.4861 eta_seconds=594.194 bootstraps=14
node=460/7985 op=mul seconds=35.9544 eta_seconds=588.167 bootstraps=14
node=470/7985 op=gather seconds=38.1317 eta_seconds=609.702 bootstraps=16
node=480/7985 op=linear_ref seconds=39.0676 eta_seconds=610.838 bootstraps=16
node=490/7985 op=scatter seconds=41.341 eta_seconds=632.348 bootstraps=18
node=500/7985 op=mulp seconds=41.7712 eta_seconds=625.315 bootstraps=18
node=510/7985 op=gather seconds=44.0253 eta_seconds=645.273 bootstraps=20
node=520/7985 op=linear_ref seconds=44.6399 eta_seconds=640.841 bootstraps=20
node=530/7985 op=addp seconds=44.6914 eta_seconds=628.63 bootstraps=20
node=540/7985 op=sum seconds=44.7248 eta_seconds=616.622 bootstraps=20
node=550/7985 op=gather seconds=46.3659 eta_seconds=626.782 bootstraps=22
node=560/7985 op=gather seconds=48.424 eta_seconds=642.051 bootstraps=24
node=570/7985 op=mulp seconds=48.4821 eta_seconds=630.693 bootstraps=24
node=580/7985 op=repeat seconds=48.6059 eta_seconds=620.563 bootstraps=24
node=590/7985 op=mul seconds=49.4639 eta_seconds=619.976 bootstraps=24
node=600/7985 op=cheb seconds=50.6238 eta_seconds=623.094 bootstraps=24
node=610/7985 op=gather seconds=50.8447 eta_seconds=614.721 bootstraps=24
node=620/7985 op=mul seconds=52.9394 eta_seconds=628.869 bootstraps=26
node=630/7985 op=scatter seconds=53.2046 eta_seconds=621.143 bootstraps=26
node=640/7985 op=scatter seconds=53.3294 eta_seconds=612.038 bootstraps=26
node=650/7985 op=scatter seconds=53.5998 eta_seconds=604.854 bootstraps=26
node=660/7985 op=cheb seconds=53.9268 eta_seconds=598.506 bootstraps=26
node=670/7985 op=mul seconds=54.0744 eta_seconds=590.38 bootstraps=26
node=680/7985 op=mul seconds=55.8573 eta_seconds=600.056 bootstraps=28
node=690/7985 op=mul seconds=56.2727 eta_seconds=594.942 bootstraps=28
node=700/7985 op=add seconds=56.8934 eta_seconds=592.097 bootstraps=28
node=710/7985 op=mul seconds=58.6102 eta_seconds=600.548 bootstraps=30
node=720/7985 op=gather seconds=59.6409 eta_seconds=601.793 bootstraps=30
node=730/7985 op=mulp seconds=61.7229 eta_seconds=613.424 bootstraps=32
node=740/7985 op=cheb_batch seconds=63.804 eta_seconds=624.675 bootstraps=34
node=750/7985 op=gather seconds=64.4104 eta_seconds=621.345 bootstraps=34
node=760/7985 op=mul seconds=64.4932 eta_seconds=613.11 bootstraps=34
node=770/7985 op=mul seconds=65.0741 eta_seconds=609.753 bootstraps=34
node=780/7985 op=addp seconds=65.1084 eta_seconds=601.418 bootstraps=34
node=790/7985 op=gather seconds=66.7876 eta_seconds=608.275 bootstraps=36
node=800/7985 op=gather seconds=67.4728 eta_seconds=605.99 bootstraps=36
node=810/7985 op=scatter seconds=68.0794 eta_seconds=603.049 bootstraps=36
node=820/7985 op=repeat seconds=69.9258 eta_seconds=610.998 bootstraps=38
node=830/7985 op=mulp seconds=70.0074 eta_seconds=603.497 bootstraps=38
node=840/7985 op=cheb seconds=70.8837 eta_seconds=602.933 bootstraps=38
node=850/7985 op=repeat seconds=70.9714 eta_seconds=595.742 bootstraps=38
node=860/7985 op=gather seconds=73.1126 eta_seconds=605.729 bootstraps=40
node=870/7985 op=scatter seconds=73.3384 eta_seconds=599.773 bootstraps=40
node=880/7985 op=add seconds=73.4389 eta_seconds=592.936 bootstraps=40
node=890/7985 op=mulp seconds=73.6903 eta_seconds=587.453 bootstraps=40
node=900/7985 op=mul seconds=73.9447 eta_seconds=582.109 bootstraps=40
node=910/7985 op=scatter seconds=74.2591 eta_seconds=577.344 bootstraps=40
node=920/7985 op=mul seconds=75.9762 eta_seconds=583.447 bootstraps=42
node=930/7985 op=mul seconds=76.6053 eta_seconds=581.13 bootstraps=42
node=940/7985 op=scatter seconds=77.1326 eta_seconds=578.084 bootstraps=42
node=950/7985 op=linear seconds=79.365 eta_seconds=587.719 bootstraps=44
node=960/7985 op=gather seconds=81.5869 eta_seconds=597.029 bootstraps=46
node=970/7985 op=mul seconds=82.0756 eta_seconds=593.568 bootstraps=46
node=980/7985 op=gather seconds=84.1552 eta_seconds=601.538 bootstraps=48
node=990/7985 op=gather seconds=84.7582 eta_seconds=598.872 bootstraps=48
node=1000/7985 op=linear_ref seconds=85.4026 eta_seconds=596.537 bootstraps=48
node=1010/7985 op=mul seconds=85.4306 eta_seconds=589.979 bootstraps=48
node=1020/7985 op=mulp seconds=85.468 eta_seconds=583.612 bootstraps=48
node=1030/7985 op=gather seconds=87.3291 eta_seconds=589.684 bootstraps=50
node=1040/7985 op=mul seconds=87.6109 eta_seconds=585.055 bootstraps=50
node=1050/7985 op=gather seconds=88.0269 eta_seconds=581.397 bootstraps=50
node=1060/7985 op=scatter seconds=88.5949 eta_seconds=578.792 bootstraps=50
node=1070/7985 op=gather seconds=90.8928 eta_seconds=587.406 bootstraps=52
node=1080/7985 op=mulp seconds=91.1693 eta_seconds=582.893 bootstraps=52
node=1090/7985 op=add seconds=91.377 eta_seconds=578.023 bootstraps=52
node=1100/7985 op=mul seconds=91.6614 eta_seconds=573.717 bootstraps=52
node=1110/7985 op=scatter seconds=91.7998 eta_seconds=568.58 bootstraps=52
node=1120/7985 op=repeat seconds=92.5591 eta_seconds=567.338 bootstraps=52
node=1130/7985 op=add seconds=92.7787 eta_seconds=562.83 bootstraps=52
node=1140/7985 op=sum seconds=95.0344 eta_seconds=570.623 bootstraps=54
node=1150/7985 op=mul seconds=95.5298 eta_seconds=567.779 bootstraps=54
node=1160/7985 op=scatter seconds=96.0314 eta_seconds=565.012 bootstraps=54
node=1170/7985 op=add seconds=96.6928 eta_seconds=563.215 bootstraps=54
node=1180/7985 op=mulp seconds=98.4664 eta_seconds=567.851 bootstraps=56
node=1190/7985 op=gather seconds=99.1268 eta_seconds=566.022 bootstraps=56
node=1200/7985 op=mul seconds=101.454 eta_seconds=573.638 bootstraps=58
node=1210/7985 op=add seconds=102.241 eta_seconds=572.464 bootstraps=58
node=1220/7985 op=mul seconds=103.949 eta_seconds=576.404 bootstraps=60
node=1230/7985 op=addp seconds=104.478 eta_seconds=573.78 bootstraps=60
node=1240/7985 op=addp seconds=105.08 eta_seconds=571.584 bootstraps=60
node=1250/7985 op=mulp seconds=105.115 eta_seconds=566.361 bootstraps=60
node=1260/7985 op=mulp seconds=105.143 eta_seconds=561.178 bootstraps=60
node=1270/7985 op=gather seconds=108.84 eta_seconds=575.482 bootstraps=64
node=1280/7985 op=mulp seconds=108.868 eta_seconds=570.283 bootstraps=64
node=1290/7985 op=mul seconds=108.987 eta_seconds=565.637 bootstraps=64
node=1300/7985 op=gather seconds=109.576 eta_seconds=563.476 bootstraps=64
node=1310/7985 op=gather seconds=110.072 eta_seconds=560.864 bootstraps=64
node=1320/7985 op=mul seconds=110.823 eta_seconds=559.574 bootstraps=64
node=1330/7985 op=gather seconds=111.243 eta_seconds=556.632 bootstraps=64
node=1340/7985 op=mulp seconds=113.114 eta_seconds=560.927 bootstraps=66
node=1350/7985 op=mul seconds=113.383 eta_seconds=557.255 bootstraps=66
node=1360/7985 op=scatter seconds=113.506 eta_seconds=552.924 bootstraps=66
node=1370/7985 op=mul seconds=113.755 eta_seconds=549.264 bootstraps=66
node=1380/7985 op=mulp seconds=114.047 eta_seconds=545.854 bootstraps=66
node=1390/7985 op=mul seconds=114.306 eta_seconds=542.337 bootstraps=66
node=1400/7985 op=scatter seconds=116.296 eta_seconds=547.005 bootstraps=68
node=1410/7985 op=mul seconds=116.755 eta_seconds=544.441 bootstraps=68
node=1420/7985 op=cheb_batch seconds=118.758 eta_seconds=549.049 bootstraps=70
node=1430/7985 op=mul seconds=119.343 eta_seconds=547.058 bootstraps=70
node=1440/7985 op=add seconds=122.142 eta_seconds=555.153 bootstraps=72
node=1450/7985 op=scatter seconds=122.558 eta_seconds=552.356 bootstraps=72
node=1460/7985 op=linear seconds=124.786 eta_seconds=557.691 bootstraps=74
node=1470/7985 op=sum seconds=124.807 eta_seconds=553.142 bootstraps=74
node=1480/7985 op=mul seconds=125.396 eta_seconds=551.147 bootstraps=74
node=1490/7985 op=mul seconds=125.434 eta_seconds=546.773 bootstraps=74
node=1500/7985 op=cheb_batch seconds=127.12 eta_seconds=549.58 bootstraps=76
node=1510/7985 op=gather seconds=127.493 eta_seconds=546.701 bootstraps=76
node=1520/7985 op=repeat seconds=127.854 eta_seconds=543.8 bootstraps=76
node=1530/7985 op=gather seconds=128.673 eta_seconds=542.864 bootstraps=76
node=1540/7985 op=gather seconds=129.206 eta_seconds=540.734 bootstraps=76
node=1550/7985 op=gather seconds=129.5 eta_seconds=537.635 bootstraps=76
node=1560/7985 op=mulp seconds=131.818 eta_seconds=542.905 bootstraps=78
node=1570/7985 op=gather seconds=133.944 eta_seconds=547.295 bootstraps=80
node=1580/7985 op=add seconds=133.993 eta_seconds=543.181 bootstraps=80
node=1590/7985 op=mul seconds=134.286 eta_seconds=540.099 bootstraps=80
node=1600/7985 op=mul seconds=134.523 eta_seconds=536.832 bootstraps=80
node=1610/7985 op=scatter seconds=134.792 eta_seconds=533.726 bootstraps=80
node=1620/7985 op=add seconds=134.962 eta_seconds=530.266 bootstraps=80
node=1630/7985 op=sum seconds=135.31 eta_seconds=527.542 bootstraps=80
node=1640/7985 op=sum seconds=137.226 eta_seconds=530.913 bootstraps=82
node=1650/7985 op=add seconds=137.564 eta_seconds=528.162 bootstraps=82
node=1660/7985 op=gather seconds=139.456 eta_seconds=531.36 bootstraps=84
node=1670/7985 op=mulp seconds=140.08 eta_seconds=529.704 bootstraps=84
node=1680/7985 op=mul seconds=142.906 eta_seconds=536.322 bootstraps=86
node=1690/7985 op=sum seconds=143.335 eta_seconds=533.903 bootstraps=86
node=1700/7985 op=gather seconds=145.519 eta_seconds=537.991 bootstraps=88
node=1710/7985 op=mulp seconds=145.594 eta_seconds=534.27 bootstraps=88
node=1720/7985 op=addp seconds=146.309 eta_seconds=532.923 bootstraps=88
node=1730/7985 op=addp seconds=146.352 eta_seconds=529.153 bootstraps=88
node=1740/7985 op=gather seconds=148.465 eta_seconds=532.853 bootstraps=90
node=1750/7985 op=gather seconds=149 eta_seconds=530.865 bootstraps=90
node=1760/7985 op=repeat seconds=149.31 eta_seconds=528.101 bootstraps=90
node=1770/7985 op=gather seconds=149.546 eta_seconds=525.1 bootstraps=90
node=1780/7985 op=gather seconds=150.274 eta_seconds=523.849 bootstraps=90
node=1790/7985 op=scatter seconds=150.768 eta_seconds=521.793 bootstraps=90
node=1800/7985 op=gather seconds=150.978 eta_seconds=518.778 bootstraps=90
node=1810/7985 op=mul seconds=152.94 eta_seconds=521.771 bootstraps=92
node=1820/7985 op=scatter seconds=153.239 eta_seconds=519.077 bootstraps=92
node=1830/7985 op=scatter seconds=153.378 eta_seconds=515.868 bootstraps=92
node=1840/7985 op=mulp seconds=153.668 eta_seconds=513.202 bootstraps=92
node=1850/7985 op=mul seconds=153.957 eta_seconds=510.555 bootstraps=92
node=1860/7985 op=mul seconds=154.897 eta_seconds=510.076 bootstraps=92
node=1870/7985 op=repeat seconds=155.261 eta_seconds=507.713 bootstraps=92
node=1880/7985 op=addp seconds=157.149 eta_seconds=510.316 bootstraps=94
node=1890/7985 op=mul seconds=157.366 eta_seconds=507.483 bootstraps=94
node=1900/7985 op=gather seconds=159.252 eta_seconds=510.024 bootstraps=96
node=1910/7985 op=linear_ref seconds=160.392 eta_seconds=510.149 bootstraps=96
node=1920/7985 op=scatter seconds=162.664 eta_seconds=513.833 bootstraps=98
node=1930/7985 op=mulp seconds=163.095 eta_seconds=511.678 bootstraps=98
node=1940/7985 op=gather seconds=165.276 eta_seconds=514.995 bootstraps=100
node=1950/7985 op=addp seconds=165.308 eta_seconds=511.607 bootstraps=100
node=1960/7985 op=mul seconds=165.973 eta_seconds=510.199 bootstraps=100
node=1970/7985 op=sum seconds=166.03 eta_seconds=506.94 bootstraps=100
node=1980/7985 op=gather seconds=167.874 eta_seconds=509.134 bootstraps=102
node=1990/7985 op=mulp seconds=168.052 eta_seconds=506.268 bootstraps=102
node=2000/7985 op=cheb_batch seconds=168.381 eta_seconds=503.88 bootstraps=102
node=2010/7985 op=gather seconds=168.592 eta_seconds=501.162 bootstraps=102
node=2020/7985 op=mul seconds=169.398 eta_seconds=500.226 bootstraps=102
node=2030/7985 op=mul seconds=169.89 eta_seconds=498.373 bootstraps=102
node=2040/7985 op=mul seconds=170.39 eta_seconds=496.554 bootstraps=102
node=2050/7985 op=mul seconds=172.18 eta_seconds=498.482 bootstraps=104
node=2060/7985 op=mulp seconds=172.463 eta_seconds=496.04 bootstraps=104
node=2070/7985 op=mul seconds=172.584 eta_seconds=493.155 bootstraps=104
node=2080/7985 op=mul seconds=173.375 eta_seconds=492.201 bootstraps=104
node=2090/7985 op=mul seconds=174.298 eta_seconds=491.621 bootstraps=104
node=2100/7985 op=add seconds=174.527 eta_seconds=489.09 bootstraps=104
node=2110/7985 op=linear seconds=176.538 eta_seconds=491.546 bootstraps=106
node=2120/7985 op=repeat seconds=176.781 eta_seconds=489.067 bootstraps=106
node=2130/7985 op=mul seconds=177.195 eta_seconds=487.078 bootstraps=106
node=2140/7985 op=repeat seconds=178.829 eta_seconds=488.438 bootstraps=108
node=2150/7985 op=gather seconds=179.943 eta_seconds=488.357 bootstraps=108
node=2160/7985 op=sum seconds=182.26 eta_seconds=491.512 bootstraps=110
node=2170/7985 op=addp seconds=182.703 eta_seconds=489.595 bootstraps=110
node=2180/7985 op=gather seconds=184.953 eta_seconds=492.501 bootstraps=112
node=2190/7985 op=gather seconds=185.569 eta_seconds=491.038 bootstraps=112
node=2200/7985 op=addp seconds=185.619 eta_seconds=488.093 bootstraps=112
node=2210/7985 op=mulp seconds=185.654 eta_seconds=485.137 bootstraps=112
node=2220/7985 op=gather seconds=187.44 eta_seconds=486.754 bootstraps=114
node=2230/7985 op=gather seconds=189.686 eta_seconds=489.526 bootstraps=116
node=2240/7985 op=mulp seconds=189.708 eta_seconds=486.551 bootstraps=116
node=2250/7985 op=mul seconds=189.815 eta_seconds=483.817 bootstraps=116
node=2260/7985 op=gather seconds=190.328 eta_seconds=482.135 bootstraps=116
node=2270/7985 op=gather seconds=190.858 eta_seconds=480.508 bootstraps=116
node=2280/7985 op=gather seconds=192.354 eta_seconds=481.308 bootstraps=116
node=2290/7985 op=mul seconds=194.378 eta_seconds=483.4 bootstraps=118
node=2300/7985 op=add seconds=194.634 eta_seconds=481.084 bootstraps=118
node=2310/7985 op=add seconds=194.748 eta_seconds=478.439 bootstraps=118
node=2320/7985 op=mul seconds=195.019 eta_seconds=476.2 bootstraps=118
node=2330/7985 op=mul seconds=195.349 eta_seconds=474.118 bootstraps=118
node=2340/7985 op=add seconds=195.487 eta_seconds=471.592 bootstraps=118
node=2350/7985 op=add seconds=197.276 eta_seconds=473.042 bootstraps=120
node=2360/7985 op=add seconds=197.785 eta_seconds=471.416 bootstraps=120
node=2370/7985 op=mulp seconds=199.558 eta_seconds=472.791 bootstraps=122
node=2380/7985 op=mulp seconds=199.927 eta_seconds=470.836 bootstraps=122
node=2390/7985 op=cheb_batch seconds=202.802 eta_seconds=474.759 bootstraps=124
node=2400/7985 op=addp seconds=203.242 eta_seconds=472.961 bootstraps=124
node=2410/7985 op=gather seconds=205.323 eta_seconds=474.968 bootstraps=126
node=2420/7985 op=gather seconds=205.89 eta_seconds=473.463 bootstraps=126
node=2430/7985 op=mulp seconds=205.976 eta_seconds=470.864 bootstraps=126
node=2440/7985 op=sum seconds=206.532 eta_seconds=469.352 bootstraps=126
node=2450/7985 op=gather seconds=206.552 eta_seconds=466.639 bootstraps=126
node=2460/7985 op=cheb_batch seconds=208.589 eta_seconds=468.478 bootstraps=128
node=2470/7985 op=mul seconds=208.878 eta_seconds=466.382 bootstraps=128
node=2480/7985 op=gather seconds=209.21 eta_seconds=464.395 bootstraps=128
node=2490/7985 op=mulp seconds=209.912 eta_seconds=463.239 bootstraps=128
node=2500/7985 op=repeat seconds=210.428 eta_seconds=461.68 bootstraps=128
node=2510/7985 op=cheb_batch seconds=212.893 eta_seconds=464.378 bootstraps=130
node=2520/7985 op=add seconds=212.938 eta_seconds=461.787 bootstraps=130
node=2530/7985 op=mul seconds=215.085 eta_seconds=463.75 bootstraps=132
node=2540/7985 op=add seconds=215.363 eta_seconds=461.674 bootstraps=132
node=2550/7985 op=add seconds=215.488 eta_seconds=459.285 bootstraps=132
node=2560/7985 op=scatter seconds=215.78 eta_seconds=457.268 bootstraps=132
node=2570/7985 op=mul seconds=216.074 eta_seconds=455.269 bootstraps=132
node=2580/7985 op=mul seconds=216.226 eta_seconds=452.986 bootstraps=132
node=2590/7985 op=mul seconds=218.132 eta_seconds=454.371 bootstraps=134
node=2600/7985 op=repeat seconds=218.745 eta_seconds=453.054 bootstraps=134
node=2610/7985 op=scatter seconds=219.356 eta_seconds=451.739 bootstraps=134
node=2620/7985 op=linear seconds=221.586 eta_seconds=453.744 bootstraps=136
node=2630/7985 op=gather seconds=224.047 eta_seconds=456.188 bootstraps=138
node=2640/7985 op=mul seconds=224.513 eta_seconds=454.553 bootstraps=138
node=2650/7985 op=gather seconds=226.579 eta_seconds=456.151 bootstraps=140
node=2660/7985 op=gather seconds=227.148 eta_seconds=454.723 bootstraps=140
node=2670/7985 op=linear_ref seconds=227.753 eta_seconds=453.374 bootstraps=140
node=2680/7985 op=mulp seconds=227.792 eta_seconds=450.91 bootstraps=140
node=2690/7985 op=mulp seconds=227.814 eta_seconds=448.43 bootstraps=140
node=2700/7985 op=repeat seconds=229.728 eta_seconds=449.671 bootstraps=142
node=2710/7985 op=repeat seconds=230.284 eta_seconds=448.247 bootstraps=142
node=2720/7985 op=gather seconds=232.61 eta_seconds=450.254 bootstraps=144
node=2730/7985 op=mulp seconds=232.638 eta_seconds=447.807 bootstraps=144
node=2740/7985 op=addp seconds=232.731 eta_seconds=445.501 bootstraps=144
node=2750/7985 op=addp seconds=233.604 eta_seconds=444.697 bootstraps=144
node=2760/7985 op=scatter seconds=234.112 eta_seconds=443.201 bootstraps=144
node=2770/7985 op=add seconds=235.867 eta_seconds=444.061 bootstraps=146
node=2780/7985 op=mul seconds=236.154 eta_seconds=442.152 bootstraps=146
node=2790/7985 op=add seconds=236.277 eta_seconds=439.949 bootstraps=146
node=2800/7985 op=mul seconds=236.533 eta_seconds=438.008 bootstraps=146
node=2810/7985 op=add seconds=236.819 eta_seconds=436.134 bootstraps=146
node=2820/7985 op=scatter seconds=237.058 eta_seconds=434.185 bootstraps=146
node=2830/7985 op=mul seconds=238.884 eta_seconds=435.141 bootstraps=148
node=2840/7985 op=add seconds=239.486 eta_seconds=433.858 bootstraps=148
node=2850/7985 op=mulp seconds=240.095 eta_seconds=432.592 bootstraps=148
node=2860/7985 op=gather seconds=242.318 eta_seconds=434.224 bootstraps=150
node=2870/7985 op=mul seconds=245.189 eta_seconds=436.983 bootstraps=152
node=2880/7985 op=add seconds=245.977 eta_seconds=436.012 bootstraps=152
node=2890/7985 op=mul seconds=247.688 eta_seconds=436.667 bootstraps=154
client_token=315 logit_margin=1.89751
node=2900/7985 op=addp seconds=248.097 eta_seconds=435.025 bootstraps=154
node=2910/7985 op=gather seconds=249.969 eta_seconds=435.943 bootstraps=154
node=2920/7985 op=mul seconds=251.651 eta_seconds=436.511 bootstraps=154
node=2930/7985 op=cheb_batch seconds=252.615 eta_seconds=435.826 bootstraps=154
node=2940/7985 op=gather seconds=253.211 eta_seconds=434.506 bootstraps=154
node=2950/7985 op=repeat seconds=253.369 eta_seconds=432.445 bootstraps=154
node=2960/7985 op=add seconds=253.725 eta_seconds=430.732 bootstraps=154
node=2970/7985 op=mul seconds=254.33 eta_seconds=429.45 bootstraps=154
node=2980/7985 op=mul seconds=254.644 eta_seconds=427.682 bootstraps=154
node=2990/7985 op=add seconds=256.633 eta_seconds=428.723 bootstraps=156
node=3000/7985 op=sum seconds=257.021 eta_seconds=427.083 bootstraps=156
node=3010/7985 op=add seconds=257.385 eta_seconds=425.411 bootstraps=156
node=3020/7985 op=repeat seconds=259.224 eta_seconds=426.175 bootstraps=158
node=3030/7985 op=mul seconds=261.604 eta_seconds=427.805 bootstraps=160
node=3040/7985 op=gather seconds=263.641 eta_seconds=428.851 bootstraps=162
node=3050/7985 op=sum seconds=263.663 eta_seconds=426.615 bootstraps=162
node=3060/7985 op=mul seconds=265.577 eta_seconds=427.44 bootstraps=164
node=3070/7985 op=mulp seconds=266.159 eta_seconds=426.114 bootstraps=164
node=3080/7985 op=addp seconds=266.444 eta_seconds=424.321 bootstraps=164
node=3090/7985 op=scatter seconds=267.31 eta_seconds=423.458 bootstraps=164
node=3100/7985 op=mulp seconds=269.05 eta_seconds=423.971 bootstraps=166
node=3110/7985 op=mul seconds=269.334 eta_seconds=422.187 bootstraps=166
node=3120/7985 op=scatter seconds=269.461 eta_seconds=420.168 bootstraps=166
node=3130/7985 op=mul seconds=269.637 eta_seconds=418.238 bootstraps=166
node=3140/7985 op=mul seconds=271.494 eta_seconds=418.914 bootstraps=168
node=3150/7985 op=mulp seconds=273.363 eta_seconds=419.591 bootstraps=170
node=3160/7985 op=mul seconds=275.554 eta_seconds=420.743 bootstraps=172
node=3170/7985 op=mul seconds=277.51 eta_seconds=421.518 bootstraps=174
node=3180/7985 op=gather seconds=278.1 eta_seconds=420.21 bootstraps=174
node=3190/7985 op=addp seconds=278.183 eta_seconds=418.147 bootstraps=174
node=3200/7985 op=gather seconds=280.742 eta_seconds=419.798 bootstraps=176
node=3210/7985 op=mulp seconds=280.897 eta_seconds=417.845 bootstraps=176
node=3220/7985 op=gather seconds=281.596 eta_seconds=416.709 bootstraps=176
node=3230/7985 op=gather seconds=283.56 eta_seconds=417.439 bootstraps=178
node=3240/7985 op=add seconds=283.796 eta_seconds=415.621 bootstraps=178
node=3250/7985 op=scatter seconds=283.962 eta_seconds=413.711 bootstraps=178
node=3260/7985 op=sum seconds=284.156 eta_seconds=411.852 bootstraps=178
node=3270/7985 op=repeat seconds=286.048 eta_seconds=412.451 bootstraps=180
node=3280/7985 op=mul seconds=286.534 eta_seconds=411.02 bootstraps=180
node=3290/7985 op=gather seconds=288.596 eta_seconds=411.842 bootstraps=182
node=3300/7985 op=addp seconds=290.535 eta_seconds=412.472 bootstraps=184
node=3310/7985 op=gather seconds=292.498 eta_seconds=413.12 bootstraps=186
node=3320/7985 op=sum seconds=292.54 eta_seconds=411.054 bootstraps=186
node=3330/7985 op=cheb_batch seconds=294.908 eta_seconds=412.251 bootstraps=188
node=3340/7985 op=repeat seconds=295.128 eta_seconds=410.44 bootstraps=188
node=3350/7985 op=gather seconds=295.368 eta_seconds=408.666 bootstraps=188
node=3360/7985 op=mul seconds=296.127 eta_seconds=407.615 bootstraps=188
node=3370/7985 op=mul seconds=297.854 eta_seconds=407.892 bootstraps=190
node=3380/7985 op=add seconds=298.108 eta_seconds=406.15 bootstraps=190
node=3390/7985 op=add seconds=298.222 eta_seconds=404.227 bootstraps=190
node=3400/7985 op=repeat seconds=300.064 eta_seconds=404.645 bootstraps=192
node=3410/7985 op=add seconds=300.432 eta_seconds=403.072 bootstraps=192
node=3420/7985 op=repeat seconds=302.306 eta_seconds=403.516 bootstraps=194
node=3430/7985 op=mul seconds=304.985 eta_seconds=405.016 bootstraps=196
node=3440/7985 op=gather seconds=306.798 eta_seconds=405.348 bootstraps=198
node=3450/7985 op=sum seconds=306.853 eta_seconds=403.356 bootstraps=198
node=3460/7985 op=mul seconds=307.822 eta_seconds=402.571 bootstraps=198
node=3470/7985 op=mulp seconds=308.415 eta_seconds=401.295 bootstraps=198
node=3480/7985 op=repeat seconds=308.508 eta_seconds=399.376 bootstraps=198
node=3490/7985 op=cheb seconds=310.211 eta_seconds=399.541 bootstraps=200
node=3500/7985 op=mul seconds=311.016 eta_seconds=398.545 bootstraps=200
node=3510/7985 op=gather seconds=311.858 eta_seconds=397.597 bootstraps=200
node=3520/7985 op=add seconds=312.046 eta_seconds=395.819 bootstraps=200
node=3530/7985 op=sum seconds=312.305 eta_seconds=394.141 bootstraps=200
node=3540/7985 op=add seconds=313.958 eta_seconds=394.221 bootstraps=202
node=3550/7985 op=sum seconds=314.646 eta_seconds=393.086 bootstraps=202
node=3560/7985 op=cheb seconds=318.235 eta_seconds=395.559 bootstraps=206
node=3570/7985 op=repeat seconds=320.117 eta_seconds=395.887 bootstraps=208
node=3580/7985 op=gather seconds=320.713 eta_seconds=394.621 bootstraps=208
node=3590/7985 op=mulp seconds=320.796 eta_seconds=392.73 bootstraps=208
node=3600/7985 op=gather seconds=323.131 eta_seconds=393.592 bootstraps=210
node=3610/7985 op=repeat seconds=323.263 eta_seconds=391.766 bootstraps=210
node=3620/7985 op=scatter seconds=323.748 eta_seconds=390.375 bootstraps=210
node=3630/7985 op=mul seconds=324.188 eta_seconds=388.937 bootstraps=210
node=3640/7985 op=mul seconds=325.905 eta_seconds=389.027 bootstraps=212
node=3650/7985 op=mulp seconds=326.19 eta_seconds=387.406 bootstraps=212
node=3660/7985 op=mul seconds=326.325 eta_seconds=385.616 bootstraps=212
node=3670/7985 op=mul seconds=328.185 eta_seconds=385.863 bootstraps=214
node=3680/7985 op=add seconds=328.811 eta_seconds=384.655 bootstraps=214
node=3690/7985 op=linear_ref seconds=330.901 eta_seconds=385.154 bootstraps=216
node=3700/7985 op=mulp seconds=332.879 eta_seconds=385.509 bootstraps=218
node=3710/7985 op=gather seconds=334.979 eta_seconds=385.993 bootstraps=220
node=3720/7985 op=mul seconds=335.015 eta_seconds=384.096 bootstraps=220
node=3730/7985 op=cheb seconds=338.338 eta_seconds=385.959 bootstraps=224
node=3740/7985 op=add seconds=339.096 eta_seconds=384.884 bootstraps=224
node=3750/7985 op=addp seconds=339.251 eta_seconds=383.128 bootstraps=224
node=3760/7985 op=addp seconds=340.353 eta_seconds=382.445 bootstraps=224
node=3770/7985 op=mul seconds=342.065 eta_seconds=382.441 bootstraps=226
node=3780/7985 op=mulp seconds=342.328 eta_seconds=380.817 bootstraps=226
node=3790/7985 op=mul seconds=342.45 eta_seconds=379.044 bootstraps=226
node=3800/7985 op=mul seconds=344.057 eta_seconds=378.916 bootstraps=228
node=3810/7985 op=mul seconds=344.618 eta_seconds=377.633 bootstraps=228
node=3820/7985 op=cheb seconds=346.4 eta_seconds=377.685 bootstraps=230
node=3830/7985 op=add seconds=348.948 eta_seconds=378.559 bootstraps=232
node=3840/7985 op=linear_ref seconds=351.069 eta_seconds=378.953 bootstraps=234
node=3850/7985 op=cheb seconds=351.108 eta_seconds=377.099 bootstraps=234
node=3860/7985 op=repeat seconds=351.248 eta_seconds=375.362 bootstraps=234
node=3870/7985 op=gather seconds=353.611 eta_seconds=375.997 bootstraps=236
node=3880/7985 op=addp seconds=353.872 eta_seconds=374.393 bootstraps=236
node=3890/7985 op=addp seconds=355.305 eta_seconds=374.03 bootstraps=238
node=3900/7985 op=gather seconds=355.626 eta_seconds=372.495 bootstraps=238
node=3910/7985 op=add seconds=355.906 eta_seconds=370.925 bootstraps=238
node=3920/7985 op=scatter seconds=357.923 eta_seconds=371.162 bootstraps=240
node=3930/7985 op=repeat seconds=358.519 eta_seconds=369.923 bootstraps=240
node=3940/7985 op=sum seconds=358.856 eta_seconds=368.42 bootstraps=240
node=3950/7985 op=sum seconds=360.731 eta_seconds=368.493 bootstraps=242
node=3960/7985 op=cheb seconds=362.915 eta_seconds=368.872 bootstraps=244
node=3970/7985 op=repeat seconds=364.841 eta_seconds=368.976 bootstraps=246
node=3980/7985 op=gather seconds=365.483 eta_seconds=367.779 bootstraps=246
node=3990/7985 op=addp seconds=365.542 eta_seconds=366 bootstraps=246
node=4000/7985 op=cheb seconds=369.276 eta_seconds=367.891 bootstraps=250
node=4010/7985 op=mul seconds=369.831 eta_seconds=366.603 bootstraps=250
node=4020/7985 op=gather seconds=370.082 eta_seconds=365.018 bootstraps=250
node=4030/7985 op=scatter seconds=370.354 eta_seconds=363.462 bootstraps=250
node=4040/7985 op=gather seconds=370.666 eta_seconds=361.95 bootstraps=250
node=4050/7985 op=scatter seconds=372.307 eta_seconds=361.735 bootstraps=252
node=4060/7985 op=mul seconds=372.901 eta_seconds=360.501 bootstraps=252
node=4070/7985 op=mul seconds=373.484 eta_seconds=359.261 bootstraps=252
node=4080/7985 op=add seconds=374.04 eta_seconds=357.997 bootstraps=252
node=4090/7985 op=linear_ref seconds=376.102 eta_seconds=358.171 bootstraps=254
node=4100/7985 op=mulp seconds=378.074 eta_seconds=358.249 bootstraps=256
node=4110/7985 op=gather seconds=380.18 eta_seconds=358.442 bootstraps=258
node=4120/7985 op=mul seconds=380.214 eta_seconds=356.682 bootstraps=258
node=4130/7985 op=cheb_batch seconds=383.679 eta_seconds=358.131 bootstraps=260
node=4140/7985 op=repeat seconds=383.878 eta_seconds=356.525 bootstraps=260
node=4150/7985 op=gather seconds=384.089 eta_seconds=354.935 bootstraps=260
node=4160/7985 op=mul seconds=384.738 eta_seconds=353.755 bootstraps=260
node=4170/7985 op=mul seconds=386.556 eta_seconds=353.648 bootstraps=262
node=4180/7985 op=mulp seconds=386.857 eta_seconds=352.151 bootstraps=262
node=4190/7985 op=mul seconds=386.985 eta_seconds=350.503 bootstraps=262
node=4200/7985 op=mul seconds=388.59 eta_seconds=350.193 bootstraps=264
node=4210/7985 op=mul seconds=389.141 eta_seconds=348.933 bootstraps=264
node=4220/7985 op=cheb seconds=390.957 eta_seconds=348.804 bootstraps=266
node=4230/7985 op=add seconds=393.48 eta_seconds=349.295 bootstraps=268
node=4240/7985 op=linear_ref seconds=395.612 eta_seconds=349.427 bootstraps=270
node=4250/7985 op=mul seconds=395.622 eta_seconds=347.682 bootstraps=270
node=4260/7985 op=gather seconds=397.171 eta_seconds=347.292 bootstraps=272
node=4270/7985 op=repeat seconds=399.466 eta_seconds=347.545 bootstraps=274
node=4280/7985 op=mulp seconds=399.825 eta_seconds=346.11 bootstraps=274
node=4290/7985 op=gather seconds=400.674 eta_seconds=345.103 bootstraps=274
node=4300/7985 op=mul seconds=402.687 eta_seconds=345.093 bootstraps=276
node=4310/7985 op=scatter seconds=402.972 eta_seconds=343.601 bootstraps=276
node=4320/7985 op=scatter seconds=403.081 eta_seconds=341.966 bootstraps=276
node=4330/7985 op=mul seconds=403.243 eta_seconds=340.382 bootstraps=276
node=4340/7985 op=repeat seconds=405.119 eta_seconds=340.244 bootstraps=278
node=4350/7985 op=scatter seconds=405.609 eta_seconds=338.94 bootstraps=278
node=4360/7985 op=gather seconds=407.693 eta_seconds=338.965 bootstraps=280
node=4370/7985 op=cheb seconds=411.114 eta_seconds=340.086 bootstraps=284
node=4380/7985 op=gather seconds=411.76 eta_seconds=338.903 bootstraps=284
node=4390/7985 op=mulp seconds=411.81 eta_seconds=337.234 bootstraps=284
node=4400/7985 op=gather seconds=415.453 eta_seconds=338.5 bootstraps=288
node=4410/7985 op=mul seconds=415.767 eta_seconds=337.045 bootstraps=288
node=4420/7985 op=gather seconds=416.12 eta_seconds=335.626 bootstraps=288
node=4430/7985 op=mul seconds=416.99 eta_seconds=334.628 bootstraps=288
node=4440/7985 op=add seconds=418.707 eta_seconds=334.305 bootstraps=290
node=4450/7985 op=mul seconds=418.986 eta_seconds=332.835 bootstraps=290
node=4460/7985 op=mul seconds=419.118 eta_seconds=331.253 bootstraps=290
node=4470/7985 op=mul seconds=419.342 eta_seconds=329.751 bootstraps=290
node=4480/7985 op=mul seconds=421.266 eta_seconds=329.584 bootstraps=292
node=4490/7985 op=mul seconds=423.121 eta_seconds=329.356 bootstraps=294
node=4500/7985 op=scatter seconds=425.699 eta_seconds=329.68 bootstraps=296
client_token=279 logit_margin=2.90223
node=4510/7985 op=scatter seconds=427.467 eta_seconds=329.367 bootstraps=298
node=4520/7985 op=gather seconds=429.455 eta_seconds=329.217 bootstraps=298
node=4530/7985 op=gather seconds=429.937 eta_seconds=327.91 bootstraps=298
node=4540/7985 op=sum seconds=431.355 eta_seconds=327.316 bootstraps=298
node=4550/7985 op=mulp seconds=432.388 eta_seconds=326.429 bootstraps=298
node=4560/7985 op=mulp seconds=432.793 eta_seconds=325.069 bootstraps=298
node=4570/7985 op=add seconds=433.19 eta_seconds=323.708 bootstraps=298
node=4580/7985 op=mulp seconds=433.796 eta_seconds=322.506 bootstraps=298
node=4590/7985 op=mul seconds=434.093 eta_seconds=321.077 bootstraps=298
node=4600/7985 op=scatter seconds=435.923 eta_seconds=320.782 bootstraps=300
node=4610/7985 op=repeat seconds=436.415 eta_seconds=319.501 bootstraps=300
node=4620/7985 op=sum seconds=436.7 eta_seconds=318.072 bootstraps=300
node=4630/7985 op=add seconds=436.989 eta_seconds=316.652 bootstraps=300
node=4640/7985 op=repeat seconds=438.825 eta_seconds=316.351 bootstraps=302
node=4650/7985 op=mul seconds=441.205 eta_seconds=316.434 bootstraps=304
node=4660/7985 op=gather seconds=443.233 eta_seconds=316.255 bootstraps=306
node=4670/7985 op=sum seconds=443.256 eta_seconds=314.645 bootstraps=306
node=4680/7985 op=mul seconds=445.166 eta_seconds=314.375 bootstraps=308
node=4690/7985 op=mulp seconds=445.744 eta_seconds=313.162 bootstraps=308
node=4700/7985 op=addp seconds=446.018 eta_seconds=311.738 bootstraps=308
node=4710/7985 op=scatter seconds=446.883 eta_seconds=310.731 bootstraps=308
node=4720/7985 op=mulp seconds=448.635 eta_seconds=310.338 bootstraps=310
node=4730/7985 op=mul seconds=448.918 eta_seconds=308.928 bootstraps=310
node=4740/7985 op=scatter seconds=449.044 eta_seconds=307.415 bootstraps=310
node=4750/7985 op=sum seconds=449.221 eta_seconds=305.943 bootstraps=310
node=4760/7985 op=repeat seconds=451.191 eta_seconds=305.691 bootstraps=312
node=4770/7985 op=add seconds=451.533 eta_seconds=304.335 bootstraps=312
node=4780/7985 op=repeat seconds=453.416 eta_seconds=304.016 bootstraps=314
node=4790/7985 op=mul seconds=455.904 eta_seconds=304.095 bootstraps=316
node=4800/7985 op=gather seconds=458.022 eta_seconds=303.917 bootstraps=318
node=4810/7985 op=mul seconds=458.064 eta_seconds=302.36 bootstraps=318
node=4820/7985 op=cheb seconds=460.28 eta_seconds=302.238 bootstraps=320
node=4830/7985 op=mulp seconds=460.701 eta_seconds=300.934 bootstraps=320
node=4840/7985 op=repeat seconds=460.838 eta_seconds=299.45 bootstraps=320
node=4850/7985 op=mulp seconds=461.693 eta_seconds=298.435 bootstraps=320
node=4860/7985 op=mulp seconds=463.534 eta_seconds=298.054 bootstraps=322
node=4870/7985 op=mul seconds=463.818 eta_seconds=296.672 bootstraps=322
node=4880/7985 op=scatter seconds=463.948 eta_seconds=295.196 bootstraps=322
node=4890/7985 op=sum seconds=464.114 eta_seconds=293.749 bootstraps=322
node=4900/7985 op=repeat seconds=466.019 eta_seconds=293.401 bootstraps=324
node=4910/7985 op=add seconds=466.357 eta_seconds=292.067 bootstraps=324
node=4920/7985 op=repeat seconds=468.201 eta_seconds=291.674 bootstraps=326
node=4930/7985 op=mul seconds=470.706 eta_seconds=291.685 bootstraps=328
node=4940/7985 op=gather seconds=472.693 eta_seconds=291.366 bootstraps=330
node=4950/7985 op=sum seconds=472.715 eta_seconds=289.837 bootstraps=330
node=4960/7985 op=gather seconds=474.323 eta_seconds=289.28 bootstraps=332
node=4970/7985 op=repeat seconds=475.288 eta_seconds=288.329 bootstraps=332
node=4980/7985 op=repeat seconds=475.409 eta_seconds=286.868 bootstraps=332
node=4990/7985 op=gather seconds=476.23 eta_seconds=285.833 bootstraps=332
node=5000/7985 op=add seconds=476.328 eta_seconds=284.368 bootstraps=332
node=5010/7985 op=add seconds=478.057 eta_seconds=283.876 bootstraps=334
node=5020/7985 op=mul seconds=478.342 eta_seconds=282.526 bootstraps=334
node=5030/7985 op=mul seconds=478.553 eta_seconds=281.138 bootstraps=334
node=5040/7985 op=mul seconds=480.36 eta_seconds=280.686 bootstraps=336
node=5050/7985 op=mul seconds=480.813 eta_seconds=279.443 bootstraps=336
node=5060/7985 op=cheb seconds=482.646 eta_seconds=279 bootstraps=338
node=5070/7985 op=add seconds=485.368 eta_seconds=279.062 bootstraps=340
node=5080/7985 op=linear_ref seconds=485.86 eta_seconds=277.839 bootstraps=340
node=5090/7985 op=mul seconds=487.205 eta_seconds=277.104 bootstraps=342
node=5100/7985 op=mul seconds=488.204 eta_seconds=276.17 bootstraps=342
node=5110/7985 op=mul seconds=488.802 eta_seconds=275.011 bootstraps=342
node=5120/7985 op=addp seconds=488.89 eta_seconds=273.568 bootstraps=342
node=5130/7985 op=mulp seconds=489.129 eta_seconds=272.215 bootstraps=342
node=5140/7985 op=add seconds=491.403 eta_seconds=271.993 bootstraps=344
node=5150/7985 op=gather seconds=492.043 eta_seconds=270.862 bootstraps=344
node=5160/7985 op=scatter seconds=492.436 eta_seconds=269.599 bootstraps=344
node=5170/7985 op=sum seconds=492.669 eta_seconds=268.252 bootstraps=344
node=5180/7985 op=add seconds=494.32 eta_seconds=267.677 bootstraps=346
node=5190/7985 op=repeat seconds=494.845 eta_seconds=266.492 bootstraps=346
node=5200/7985 op=addp seconds=495.249 eta_seconds=265.244 bootstraps=346
node=5210/7985 op=linear_ref seconds=499.207 eta_seconds=265.892 bootstraps=350
node=5220/7985 op=mulp seconds=500.741 eta_seconds=265.239 bootstraps=352
node=5230/7985 op=addp seconds=501.327 eta_seconds=264.083 bootstraps=352
node=5240/7985 op=repeat seconds=501.498 eta_seconds=262.712 bootstraps=352
node=5250/7985 op=gather seconds=503.734 eta_seconds=262.421 bootstraps=354
node=5260/7985 op=mulp seconds=503.878 eta_seconds=261.039 bootstraps=354
node=5270/7985 op=gather seconds=504.574 eta_seconds=259.947 bootstraps=354
node=5280/7985 op=mul seconds=504.781 eta_seconds=258.604 bootstraps=354
node=5290/7985 op=mul seconds=506.511 eta_seconds=258.043 bootstraps=356
node=5300/7985 op=add seconds=506.793 eta_seconds=256.743 bootstraps=356
node=5310/7985 op=sum seconds=507.005 eta_seconds=255.412 bootstraps=356
node=5320/7985 op=add seconds=508.772 eta_seconds=254.864 bootstraps=358
node=5330/7985 op=repeat seconds=509.257 eta_seconds=253.673 bootstraps=358
node=5340/7985 op=addp seconds=510.982 eta_seconds=253.099 bootstraps=360
node=5350/7985 op=linear_ref seconds=513.633 eta_seconds=252.976 bootstraps=362
node=5360/7985 op=mulp seconds=515.174 eta_seconds=252.3 bootstraps=364
node=5370/7985 op=addp seconds=515.765 eta_seconds=251.159 bootstraps=364
node=5380/7985 op=cheb_batch seconds=517.326 eta_seconds=250.489 bootstraps=366
node=5390/7985 op=cheb seconds=519.593 eta_seconds=250.157 bootstraps=368
node=5400/7985 op=mul seconds=519.958 eta_seconds=248.906 bootstraps=368
node=5410/7985 op=gather seconds=520.634 eta_seconds=247.807 bootstraps=368
node=5420/7985 op=gather seconds=522.773 eta_seconds=247.401 bootstraps=370
node=5430/7985 op=add seconds=523.009 eta_seconds=246.094 bootstraps=370
node=5440/7985 op=scatter seconds=523.135 eta_seconds=244.739 bootstraps=370
node=5450/7985 op=mul seconds=523.226 eta_seconds=243.372 bootstraps=370
node=5460/7985 op=mul seconds=525.041 eta_seconds=242.807 bootstraps=372
node=5470/7985 op=mul seconds=525.512 eta_seconds=241.62 bootstraps=372
node=5480/7985 op=mulp seconds=527.372 eta_seconds=241.071 bootstraps=374
node=5490/7985 op=mul seconds=529.58 eta_seconds=240.674 bootstraps=376
node=5500/7985 op=mul seconds=531.447 eta_seconds=240.118 bootstraps=378
node=5510/7985 op=gather seconds=532.071 eta_seconds=238.998 bootstraps=378
node=5520/7985 op=addp seconds=532.164 eta_seconds=237.642 bootstraps=378
node=5530/7985 op=gather seconds=534.63 eta_seconds=237.345 bootstraps=380
node=5540/7985 op=repeat seconds=534.843 eta_seconds=236.045 bootstraps=380
node=5550/7985 op=addp seconds=536.269 eta_seconds=235.282 bootstraps=382
node=5560/7985 op=mul seconds=536.506 eta_seconds=233.998 bootstraps=382
node=5570/7985 op=mul seconds=536.882 eta_seconds=232.777 bootstraps=382
node=5580/7985 op=scatter seconds=538.658 eta_seconds=232.164 bootstraps=384
node=5590/7985 op=mul seconds=539.205 eta_seconds=231.019 bootstraps=384
node=5600/7985 op=mul seconds=539.682 eta_seconds=229.847 bootstraps=384
node=5610/7985 op=mul seconds=539.935 eta_seconds=228.582 bootstraps=384
node=5620/7985 op=mulp seconds=540.392 eta_seconds=227.407 bootstraps=384
node=5630/7985 op=mul seconds=543.9 eta_seconds=227.511 bootstraps=388
node=5640/7985 op=mul seconds=545.765 eta_seconds=226.918 bootstraps=390
node=5650/7985 op=gather seconds=546.387 eta_seconds=225.808 bootstraps=390
node=5660/7985 op=mulp seconds=546.45 eta_seconds=224.469 bootstraps=390
node=5670/7985 op=repeat seconds=550.234 eta_seconds=224.655 bootstraps=394
node=5680/7985 op=mulp seconds=550.741 eta_seconds=223.496 bootstraps=394
node=5690/7985 op=gather seconds=551.085 eta_seconds=222.274 bootstraps=394
node=5700/7985 op=gather seconds=551.372 eta_seconds=221.032 bootstraps=394
node=5710/7985 op=scatter seconds=551.638 eta_seconds=219.786 bootstraps=394
node=5720/7985 op=scatter seconds=553.213 eta_seconds=219.061 bootstraps=396
node=5730/7985 op=mul seconds=553.761 eta_seconds=217.929 bootstraps=396
node=5740/7985 op=mul seconds=554.311 eta_seconds=216.799 bootstraps=396
node=5750/7985 op=mul seconds=554.621 eta_seconds=215.579 bootstraps=396
node=5760/7985 op=mulp seconds=556.476 eta_seconds=214.958 bootstraps=398
node=5770/7985 op=mul seconds=558.688 eta_seconds=214.47 bootstraps=400
node=5780/7985 op=mul seconds=560.583 eta_seconds=213.856 bootstraps=402
node=5790/7985 op=gather seconds=561.175 eta_seconds=212.743 bootstraps=402
node=5800/7985 op=mulp seconds=561.235 eta_seconds=211.431 bootstraps=402
node=5810/7985 op=gather seconds=564.684 eta_seconds=211.392 bootstraps=404
node=5820/7985 op=mul seconds=564.948 eta_seconds=210.157 bootstraps=404
node=5830/7985 op=gather seconds=565.462 eta_seconds=209.017 bootstraps=404
node=5840/7985 op=gather seconds=567.504 eta_seconds=208.441 bootstraps=406
node=5850/7985 op=scatter seconds=567.737 eta_seconds=207.2 bootstraps=406
node=5860/7985 op=add seconds=567.864 eta_seconds=205.923 bootstraps=406
node=5870/7985 op=add seconds=567.997 eta_seconds=204.653 bootstraps=406
node=5880/7985 op=repeat seconds=569.75 eta_seconds=203.966 bootstraps=408
node=5890/7985 op=add seconds=570.23 eta_seconds=202.824 bootstraps=408
node=5900/7985 op=sum seconds=572.099 eta_seconds=202.174 bootstraps=410
node=5910/7985 op=cheb seconds=574.276 eta_seconds=201.628 bootstraps=412
node=5920/7985 op=repeat seconds=576.239 eta_seconds=201.002 bootstraps=414
node=5930/7985 op=gather seconds=576.843 eta_seconds=199.901 bootstraps=414
node=5940/7985 op=addp seconds=576.897 eta_seconds=198.612 bootstraps=414
node=5950/7985 op=gather seconds=580.512 eta_seconds=198.545 bootstraps=418
node=5960/7985 op=mulp seconds=580.976 eta_seconds=197.395 bootstraps=418
node=5970/7985 op=gather seconds=581.438 eta_seconds=196.247 bootstraps=418
node=5980/7985 op=cheb_batch seconds=583.855 eta_seconds=195.757 bootstraps=420
node=5990/7985 op=scatter seconds=584.011 eta_seconds=194.508 bootstraps=420
node=6000/7985 op=mul seconds=584.199 eta_seconds=193.272 bootstraps=420
node=6010/7985 op=mul seconds=584.349 eta_seconds=192.028 bootstraps=420
node=6020/7985 op=mul seconds=584.558 eta_seconds=190.807 bootstraps=420
node=6030/7985 op=repeat seconds=586.512 eta_seconds=190.154 bootstraps=422
node=6040/7985 op=scatter seconds=587.007 eta_seconds=189.028 bootstraps=422
node=6050/7985 op=gather seconds=589.093 eta_seconds=188.412 bootstraps=424
node=6060/7985 op=cheb seconds=592.519 eta_seconds=188.218 bootstraps=428
node=6070/7985 op=gather seconds=593.167 eta_seconds=187.136 bootstraps=428
node=6080/7985 op=mulp seconds=593.217 eta_seconds=185.868 bootstraps=428
node=6090/7985 op=gather seconds=596.862 eta_seconds=185.723 bootstraps=432
node=6100/7985 op=mul seconds=597.167 eta_seconds=184.534 bootstraps=432
node=6110/7985 op=gather seconds=597.52 eta_seconds=183.363 bootstraps=432
node=6120/7985 op=mul seconds=598.391 eta_seconds=182.353 bootstraps=432
node=6130/7985 op=add seconds=600.109 eta_seconds=181.599 bootstraps=434
node=6140/7985 op=mul seconds=600.389 eta_seconds=180.41 bootstraps=434
node=6150/7985 op=mul seconds=600.54 eta_seconds=179.185 bootstraps=434
node=6160/7985 op=sum seconds=600.749 eta_seconds=177.982 bootstraps=434
node=6170/7985 op=add seconds=602.571 eta_seconds=177.255 bootstraps=436
node=6180/7985 op=mul seconds=603.203 eta_seconds=176.178 bootstraps=436
node=6190/7985 op=gather seconds=605.284 eta_seconds=175.523 bootstraps=438
node=6200/7985 op=addp seconds=607.318 eta_seconds=174.849 bootstraps=440
client_token=1614 logit_margin=0.201308
node=6210/7985 op=addp seconds=609.186 eta_seconds=174.123 bootstraps=442
node=6220/7985 op=gather seconds=611.053 eta_seconds=173.394 bootstraps=442
node=6230/7985 op=mul seconds=612.768 eta_seconds=172.618 bootstraps=442
node=6240/7985 op=cheb_batch seconds=613.702 eta_seconds=171.62 bootstraps=442
node=6250/7985 op=gather seconds=614.297 eta_seconds=170.529 bootstraps=442
node=6260/7985 op=repeat seconds=614.456 eta_seconds=169.319 bootstraps=442
node=6270/7985 op=add seconds=614.809 eta_seconds=168.165 bootstraps=442
node=6280/7985 op=mul seconds=615.414 eta_seconds=167.083 bootstraps=442
node=6290/7985 op=mul seconds=615.728 eta_seconds=165.923 bootstraps=442
node=6300/7985 op=scatter seconds=617.641 eta_seconds=165.195 bootstraps=444
node=6310/7985 op=add seconds=618.065 eta_seconds=164.066 bootstraps=444
node=6320/7985 op=repeat seconds=618.48 eta_seconds=162.938 bootstraps=444
node=6330/7985 op=sum seconds=618.761 eta_seconds=161.777 bootstraps=444
node=6340/7985 op=sum seconds=620.508 eta_seconds=160.999 bootstraps=446
node=6350/7985 op=cheb seconds=622.583 eta_seconds=160.303 bootstraps=448
node=6360/7985 op=repeat seconds=624.587 eta_seconds=159.584 bootstraps=450
node=6370/7985 op=gather seconds=625.081 eta_seconds=158.478 bootstraps=450
node=6380/7985 op=addp seconds=625.125 eta_seconds=157.261 bootstraps=450
node=6390/7985 op=gather seconds=627.388 eta_seconds=156.602 bootstraps=452
node=6400/7985 op=repeat seconds=627.826 eta_seconds=155.485 bootstraps=452
node=6410/7985 op=scatter seconds=628.31 eta_seconds=154.382 bootstraps=452
node=6420/7985 op=gather seconds=630.424 eta_seconds=153.678 bootstraps=454
node=6430/7985 op=scatter seconds=630.659 eta_seconds=152.515 bootstraps=454
node=6440/7985 op=add seconds=630.788 eta_seconds=151.33 bootstraps=454
node=6450/7985 op=mul seconds=630.939 eta_seconds=150.154 bootstraps=454
node=6460/7985 op=mul seconds=631.169 eta_seconds=148.999 bootstraps=454
node=6470/7985 op=mul seconds=633.047 eta_seconds=148.233 bootstraps=456
node=6480/7985 op=mul seconds=633.496 eta_seconds=147.131 bootstraps=456
node=6490/7985 op=cheb seconds=635.347 eta_seconds=146.355 bootstraps=458
node=6500/7985 op=add seconds=637.825 eta_seconds=145.718 bootstraps=460
node=6510/7985 op=linear_ref seconds=639.953 eta_seconds=144.997 bootstraps=462
node=6520/7985 op=cheb seconds=639.989 eta_seconds=143.801 bootstraps=462
node=6530/7985 op=mulp seconds=640.13 eta_seconds=142.632 bootstraps=462
node=6540/7985 op=mul seconds=642.632 eta_seconds=141.988 bootstraps=464
node=6550/7985 op=addp seconds=642.761 eta_seconds=140.819 bootstraps=464
node=6560/7985 op=scatter seconds=643.628 eta_seconds=139.812 bootstraps=464
node=6570/7985 op=mul seconds=645.456 eta_seconds=139.014 bootstraps=466
node=6580/7985 op=add seconds=645.715 eta_seconds=137.877 bootstraps=466
node=6590/7985 op=add seconds=645.84 eta_seconds=136.714 bootstraps=466
node=6600/7985 op=sum seconds=645.994 eta_seconds=135.561 bootstraps=466
node=6610/7985 op=repeat seconds=647.676 eta_seconds=134.728 bootstraps=468
node=6620/7985 op=add seconds=648.011 eta_seconds=133.616 bootstraps=468
node=6630/7985 op=linear_ref seconds=648.651 eta_seconds=132.567 bootstraps=468
node=6640/7985 op=mulp seconds=650.19 eta_seconds=131.703 bootstraps=470
node=6650/7985 op=sum seconds=652.647 eta_seconds=131.02 bootstraps=472
node=6660/7985 op=gather seconds=654.624 eta_seconds=130.237 bootstraps=474
node=6670/7985 op=addp seconds=654.651 eta_seconds=129.065 bootstraps=474
node=6680/7985 op=mul seconds=656.67 eta_seconds=128.286 bootstraps=476
node=6690/7985 op=mulp seconds=657.223 eta_seconds=127.22 bootstraps=476
node=6700/7985 op=repeat seconds=657.354 eta_seconds=126.075 bootstraps=476
node=6710/7985 op=mulp seconds=658.24 eta_seconds=125.075 bootstraps=476
node=6720/7985 op=cheb_batch seconds=659.949 eta_seconds=124.231 bootstraps=478
node=6730/7985 op=scatter seconds=660.086 eta_seconds=123.092 bootstraps=478
node=6740/7985 op=mul seconds=660.284 eta_seconds=121.966 bootstraps=478
node=6750/7985 op=sum seconds=660.539 eta_seconds=120.854 bootstraps=478
node=6760/7985 op=add seconds=662.298 eta_seconds=120.017 bootstraps=480
node=6770/7985 op=repeat seconds=662.75 eta_seconds=118.943 bootstraps=480
node=6780/7985 op=mul seconds=663.29 eta_seconds=117.886 bootstraps=480
node=6790/7985 op=gather seconds=665.404 eta_seconds=117.107 bootstraps=482
node=6800/7985 op=addp seconds=667.527 eta_seconds=116.326 bootstraps=484
node=6810/7985 op=gather seconds=669.299 eta_seconds=115.481 bootstraps=486
node=6820/7985 op=gather seconds=669.641 eta_seconds=114.389 bootstraps=486
node=6830/7985 op=cheb_batch seconds=670.787 eta_seconds=113.435 bootstraps=486
node=6840/7985 op=mulp seconds=670.969 eta_seconds=112.319 bootstraps=486
node=6850/7985 op=scatter seconds=671.238 eta_seconds=111.22 bootstraps=486
node=6860/7985 op=gather seconds=673.273 eta_seconds=110.413 bootstraps=488
node=6870/7985 op=scatter seconds=673.679 eta_seconds=109.338 bootstraps=488
node=6880/7985 op=add seconds=674.352 eta_seconds=108.308 bootstraps=488
node=6890/7985 op=mul seconds=674.643 eta_seconds=107.218 bootstraps=488
node=6900/7985 op=sum seconds=674.831 eta_seconds=106.115 bootstraps=488
node=6910/7985 op=repeat seconds=676.496 eta_seconds=105.244 bootstraps=490
node=6920/7985 op=add seconds=676.822 eta_seconds=104.164 bootstraps=490
node=6930/7985 op=sum seconds=677.458 eta_seconds=103.134 bootstraps=490
node=6940/7985 op=cheb seconds=681.024 eta_seconds=102.546 bootstraps=494
node=6950/7985 op=repeat seconds=682.972 eta_seconds=101.709 bootstraps=496
node=6960/7985 op=gather seconds=683.569 eta_seconds=100.669 bootstraps=496
node=6970/7985 op=mulp seconds=683.651 eta_seconds=99.556 bootstraps=496
node=6980/7985 op=gather seconds=685.968 eta_seconds=98.7676 bootstraps=498
node=6990/7985 op=repeat seconds=686.087 eta_seconds=97.6619 bootstraps=498
node=7000/7985 op=scatter seconds=686.572 eta_seconds=96.6105 bootstraps=498
node=7010/7985 op=mul seconds=687.013 eta_seconds=95.5545 bootstraps=498
node=7020/7985 op=mulp seconds=688.747 eta_seconds=94.6782 bootstraps=500
node=7030/7985 op=mul seconds=689.019 eta_seconds=93.6007 bootstraps=500
node=7040/7985 op=scatter seconds=689.141 eta_seconds=92.5054 bootstraps=500
node=7050/7985 op=mul seconds=689.387 eta_seconds=91.4293 bootstraps=500
node=7060/7985 op=mul seconds=691.238 eta_seconds=90.5659 bootstraps=502
node=7070/7985 op=mul seconds=691.679 eta_seconds=89.5171 bootstraps=502
node=7080/7985 op=cheb seconds=693.484 eta_seconds=88.6445 bootstraps=504
node=7090/7985 op=add seconds=696.028 eta_seconds=87.8625 bootstraps=506
node=7100/7985 op=linear_ref seconds=698.15 eta_seconds=87.0229 bootstraps=508
node=7110/7985 op=mul seconds=698.159 eta_seconds=85.9197 bootstraps=508
node=7120/7985 op=gather seconds=699.716 eta_seconds=85.0077 bootstraps=510
node=7130/7985 op=repeat seconds=702.006 eta_seconds=84.1816 bootstraps=512
node=7140/7985 op=mulp seconds=702.354 eta_seconds=83.1217 bootstraps=512
node=7150/7985 op=gather seconds=703.207 eta_seconds=82.1228 bootstraps=512
node=7160/7985 op=mul seconds=705.187 eta_seconds=81.2541 bootstraps=514
node=7170/7985 op=scatter seconds=705.459 eta_seconds=80.1881 bootstraps=514
node=7180/7985 op=scatter seconds=705.564 eta_seconds=79.1057 bootstraps=514
node=7190/7985 op=mul seconds=705.622 eta_seconds=78.0208 bootstraps=514
node=7200/7985 op=mul seconds=707.25 eta_seconds=77.1099 bootstraps=516
node=7210/7985 op=mul seconds=707.853 eta_seconds=76.0868 bootstraps=516
node=7220/7985 op=mul seconds=708.185 eta_seconds=75.0362 bootstraps=516
node=7230/7985 op=mul seconds=709.995 eta_seconds=74.142 bootstraps=518
node=7240/7985 op=scatter seconds=712.503 eta_seconds=73.317 bootstraps=520
node=7250/7985 op=gather seconds=714.633 eta_seconds=72.449 bootstraps=522
node=7260/7985 op=sum seconds=714.696 eta_seconds=71.3711 bootstraps=522
node=7270/7985 op=mulp seconds=714.914 eta_seconds=70.3114 bootstraps=522
node=7280/7985 op=mulp seconds=717.224 eta_seconds=69.4565 bootstraps=524
node=7290/7985 op=mul seconds=717.4 eta_seconds=68.3941 bootstraps=524
node=7300/7985 op=gather seconds=719.043 eta_seconds=67.4719 bootstraps=526
node=7310/7985 op=gather seconds=719.33 eta_seconds=66.4224 bootstraps=526
node=7320/7985 op=scatter seconds=719.597 eta_seconds=65.3732 bootstraps=526
node=7330/7985 op=scatter seconds=721.46 eta_seconds=64.4688 bootstraps=528
node=7340/7985 op=repeat seconds=722.033 eta_seconds=63.4484 bootstraps=528
node=7350/7985 op=sum seconds=722.275 eta_seconds=62.4006 bootstraps=528
node=7360/7985 op=add seconds=722.49 eta_seconds=61.3527 bootstraps=528
node=7370/7985 op=mul seconds=723.03 eta_seconds=60.3342 bootstraps=528
node=7380/7985 op=gather seconds=725.149 eta_seconds=59.4465 bootstraps=530
node=7390/7985 op=addp seconds=726.95 eta_seconds=58.5298 bootstraps=532
node=7400/7985 op=gather seconds=729.046 eta_seconds=57.634 bootstraps=534
node=7410/7985 op=sum seconds=729.102 eta_seconds=56.5767 bootstraps=534
node=7420/7985 op=cheb seconds=731.393 eta_seconds=55.6923 bootstraps=536
node=7430/7985 op=gather seconds=733.342 eta_seconds=54.7786 bootstraps=538
node=7440/7985 op=repeat seconds=733.521 eta_seconds=53.7324 bootstraps=538
node=7450/7985 op=add seconds=733.745 eta_seconds=52.6918 bootstraps=538
node=7460/7985 op=mul seconds=734.122 eta_seconds=51.6641 bootstraps=538
node=7470/7985 op=mul seconds=734.331 eta_seconds=50.6265 bootstraps=538
node=7480/7985 op=scatter seconds=736.343 eta_seconds=49.713 bootstraps=540
node=7490/7985 op=mul seconds=736.718 eta_seconds=48.6883 bootstraps=540
node=7500/7985 op=mul seconds=737.15 eta_seconds=47.669 bootstraps=540
node=7510/7985 op=mul seconds=737.458 eta_seconds=46.6435 bootstraps=540
node=7520/7985 op=mulp seconds=739.322 eta_seconds=45.716 bootstraps=542
node=7530/7985 op=mul seconds=741.513 eta_seconds=44.8059 bootstraps=544
node=7540/7985 op=mul seconds=743.474 eta_seconds=43.8788 bootstraps=546
node=7550/7985 op=gather seconds=744.066 eta_seconds=42.87 bootstraps=546
node=7560/7985 op=mulp seconds=744.123 eta_seconds=41.8323 bootstraps=546
node=7570/7985 op=gather seconds=747.568 eta_seconds=40.9829 bootstraps=548
node=7580/7985 op=mul seconds=747.832 eta_seconds=39.9567 bootstraps=548
node=7590/7985 op=gather seconds=748.35 eta_seconds=38.9457 bootstraps=548
node=7600/7985 op=gather seconds=750.39 eta_seconds=38.0132 bootstraps=550
node=7610/7985 op=scatter seconds=750.626 eta_seconds=36.9888 bootstraps=550
node=7620/7985 op=add seconds=750.753 eta_seconds=35.9613 bootstraps=550
node=7630/7985 op=mul seconds=750.888 eta_seconds=34.9365 bootstraps=550
node=7640/7985 op=mul seconds=751.12 eta_seconds=33.9184 bootstraps=550
node=7650/7985 op=mul seconds=752.874 eta_seconds=32.969 bootstraps=552
node=7660/7985 op=mul seconds=753.407 eta_seconds=31.9657 bootstraps=552
node=7670/7985 op=cheb seconds=755.209 eta_seconds=31.0157 bootstraps=554
node=7680/7985 op=add seconds=757.72 eta_seconds=30.0917 bootstraps=556
node=7690/7985 op=linear_ref seconds=759.842 eta_seconds=29.1487 bootstraps=558
node=7700/7985 op=mul seconds=759.851 eta_seconds=28.1244 bootstraps=558
node=7710/7985 op=gather seconds=761.406 eta_seconds=27.1578 bootstraps=560
node=7720/7985 op=repeat seconds=763.702 eta_seconds=26.2152 bootstraps=562
node=7730/7985 op=mulp seconds=764.048 eta_seconds=25.2047 bootstraps=562
node=7740/7985 op=gather seconds=764.9 eta_seconds=24.212 bootstraps=562
node=7750/7985 op=mul seconds=766.884 eta_seconds=23.2539 bootstraps=564
node=7760/7985 op=scatter seconds=767.172 eta_seconds=22.244 bootstraps=564
node=7770/7985 op=scatter seconds=767.283 eta_seconds=21.2311 bootstraps=564
node=7780/7985 op=mul seconds=767.362 eta_seconds=20.2197 bootstraps=564
node=7790/7985 op=sum seconds=767.611 eta_seconds=19.2149 bootstraps=564
node=7800/7985 op=add seconds=769.41 eta_seconds=18.2488 bootstraps=566
node=7810/7985 op=mul seconds=769.835 eta_seconds=17.2498 bootstraps=566
node=7820/7985 op=mul seconds=771.679 eta_seconds=16.2822 bootstraps=568
node=7830/7985 op=scatter seconds=774.185 eta_seconds=15.3255 bootstraps=570
node=7840/7985 op=gather seconds=776.309 eta_seconds=14.3578 bootstraps=572
node=7850/7985 op=mulp seconds=776.336 eta_seconds=13.351 bootstraps=572
node=7860/7985 op=cheb seconds=778.289 eta_seconds=12.3774 bootstraps=574
node=7870/7985 op=mul seconds=780.266 eta_seconds=11.4016 bootstraps=576
node=7880/7985 op=addp seconds=780.396 eta_seconds=10.3987 bootstraps=576
node=7890/7985 op=scatter seconds=781.523 eta_seconds=9.40998 bootstraps=576
node=7900/7985 op=mulp seconds=783.245 eta_seconds=8.42732 bootstraps=578
node=7910/7985 op=mul seconds=783.556 eta_seconds=7.42942 bootstraps=578
node=7920/7985 op=scatter seconds=783.676 eta_seconds=6.43168 bootstraps=578
node=7930/7985 op=mul seconds=783.824 eta_seconds=5.43636 bootstraps=578
node=7940/7985 op=mul seconds=783.978 eta_seconds=4.4432 bootstraps=578
node=7950/7985 op=mul seconds=785.909 eta_seconds=3.45998 bootstraps=580
node=7960/7985 op=add seconds=786.53 eta_seconds=2.47026 bootstraps=580
node=7970/7985 op=linear_ref seconds=788.598 eta_seconds=1.48419 bootstraps=582
node=7980/7985 op=mulp seconds=790.642 eta_seconds=0.49539 bootstraps=584
node=7985/7985 op=mulp seconds=792.15 eta_seconds=0 bootstraps=586
client_token=315 logit_margin=0.674917
passed=1 polynomial_error=9.91925e-05 exact_error=9.74258e-05 eval_seconds=792.399
