GPU 0: NVIDIA GB10
 SMs: 48, SharedMem: 100 KB, Blocks/SM: 24, Threads/SM: 1536, L2 size: 24 MB, Bus: 256-bit
Adding bootstrap precomputation to GPU for 32768 slots.
Plaintexts loaded: 248 ~ 4960MB
Rotation keys loaded: 85 ~ 15300MB
setup_seconds=26.751
planned_logical_refreshes=1212
node=10/7814 op=public seconds=1.41055 eta_seconds=1100.8 bootstraps=0
node=20/7814 op=repeat seconds=2.3236 eta_seconds=905.508 bootstraps=0
node=30/7814 op=gather seconds=3.36092 eta_seconds=872.046 bootstraps=0
node=40/7814 op=cheb seconds=4.28913 eta_seconds=833.592 bootstraps=0
node=50/7814 op=mul seconds=4.69159 eta_seconds=728.51 bootstraps=0
node=60/7814 op=repeat seconds=5.04134 eta_seconds=651.509 bootstraps=0
node=70/7814 op=add seconds=5.27721 eta_seconds=583.81 bootstraps=0
node=80/7814 op=mulp seconds=5.79322 eta_seconds=560.059 bootstraps=0
node=90/7814 op=mul seconds=6.09268 eta_seconds=522.887 bootstraps=0
node=100/7814 op=repeat seconds=6.82495 eta_seconds=526.477 bootstraps=0
node=110/7814 op=gather seconds=7.82878 eta_seconds=548.299 bootstraps=0
node=120/7814 op=repeat seconds=9.88177 eta_seconds=633.586 bootstraps=0
node=130/7814 op=cheb seconds=10.3931 eta_seconds=614.309 bootstraps=0
node=140/7814 op=mul seconds=10.7264 eta_seconds=587.958 bootstraps=0
node=150/7814 op=mulp seconds=11.0111 eta_seconds=562.595 bootstraps=0
node=160/7814 op=gather seconds=11.4214 eta_seconds=546.37 bootstraps=0
node=170/7814 op=scatter seconds=11.6629 eta_seconds=524.419 bootstraps=0
node=180/7814 op=add seconds=11.8531 eta_seconds=502.704 bootstraps=0
node=190/7814 op=repeat seconds=13.3395 eta_seconds=535.266 bootstraps=2
node=200/7814 op=mul seconds=13.5973 eta_seconds=517.648 bootstraps=2
node=210/7814 op=mul seconds=13.816 eta_seconds=500.27 bootstraps=2
node=220/7814 op=mul seconds=15.3749 eta_seconds=530.714 bootstraps=4
node=230/7814 op=mulp seconds=16.244 eta_seconds=535.628 bootstraps=4
node=240/7814 op=mul seconds=17.7788 eta_seconds=561.07 bootstraps=6
node=250/7814 op=linear_ref seconds=18.6722 eta_seconds=564.945 bootstraps=6
node=260/7814 op=mulp seconds=19.7841 eta_seconds=574.806 bootstraps=8
node=270/7814 op=mul seconds=20.2061 eta_seconds=564.574 bootstraps=8
node=280/7814 op=repeat seconds=20.4861 eta_seconds=551.223 bootstraps=8
node=290/7814 op=gather seconds=20.9033 eta_seconds=542.334 bootstraps=8
node=300/7814 op=addp seconds=20.9497 eta_seconds=524.721 bootstraps=8
node=310/7814 op=cheb seconds=23.0404 eta_seconds=557.726 bootstraps=10
node=320/7814 op=repeat seconds=23.474 eta_seconds=549.733 bootstraps=10
node=330/7814 op=mul seconds=23.7058 eta_seconds=537.619 bootstraps=10
node=340/7814 op=add seconds=24.0663 eta_seconds=529.035 bootstraps=10
node=350/7814 op=mulp seconds=25.0105 eta_seconds=533.366 bootstraps=10
node=360/7814 op=add seconds=26.8086 eta_seconds=555.087 bootstraps=12
node=370/7814 op=linear seconds=27.4436 eta_seconds=552.136 bootstraps=12
node=380/7814 op=cheb seconds=27.7188 eta_seconds=542.267 bootstraps=12
node=390/7814 op=mul seconds=28.2125 eta_seconds=537.05 bootstraps=12
node=400/7814 op=gather seconds=28.5233 eta_seconds=528.68 bootstraps=12
node=410/7814 op=scatter seconds=28.7726 eta_seconds=519.591 bootstraps=12
node=420/7814 op=gather seconds=29.0728 eta_seconds=511.82 bootstraps=12
node=430/7814 op=gather seconds=31.0505 eta_seconds=533.203 bootstraps=14
node=440/7814 op=add seconds=31.6475 eta_seconds=530.384 bootstraps=14
node=450/7814 op=mul seconds=31.9453 eta_seconds=522.768 bootstraps=14
node=460/7814 op=scatter seconds=32.4651 eta_seconds=519.019 bootstraps=14
node=470/7814 op=addp seconds=33.9538 eta_seconds=530.547 bootstraps=16
node=480/7814 op=cheb seconds=35.6466 eta_seconds=544.651 bootstraps=18
node=490/7814 op=gather seconds=36.2309 eta_seconds=541.542 bootstraps=18
node=500/7814 op=mulp seconds=36.3273 eta_seconds=531.396 bootstraps=18
node=510/7814 op=mulp seconds=36.9058 eta_seconds=528.548 bootstraps=18
node=520/7814 op=cheb seconds=38.8012 eta_seconds=544.262 bootstraps=20
node=530/7814 op=addp seconds=39.1424 eta_seconds=537.95 bootstraps=20
node=540/7814 op=mul seconds=39.3841 eta_seconds=530.518 bootstraps=20
node=550/7814 op=mul seconds=39.7499 eta_seconds=524.988 bootstraps=20
node=560/7814 op=mulp seconds=40.227 eta_seconds=521.084 bootstraps=20
node=570/7814 op=addp seconds=40.7835 eta_seconds=518.308 bootstraps=20
node=580/7814 op=mulp seconds=40.8695 eta_seconds=509.742 bootstraps=20
node=590/7814 op=add seconds=42.865 eta_seconds=524.842 bootstraps=22
node=600/7814 op=mul seconds=43.4342 eta_seconds=522.223 bootstraps=22
node=610/7814 op=repeat seconds=44.786 eta_seconds=528.916 bootstraps=22
node=620/7814 op=cheb seconds=45.1765 eta_seconds=524.194 bootstraps=22
node=630/7814 op=mul seconds=45.4682 eta_seconds=518.482 bootstraps=22
node=640/7814 op=gather seconds=45.837 eta_seconds=513.804 bootstraps=22
node=650/7814 op=mulp seconds=46.0055 eta_seconds=507.051 bootstraps=22
node=660/7814 op=gather seconds=48.0477 eta_seconds=520.808 bootstraps=24
node=670/7814 op=add seconds=48.6587 eta_seconds=518.832 bootstraps=24
node=680/7814 op=mul seconds=49.0207 eta_seconds=514.284 bootstraps=24
node=690/7814 op=add seconds=49.5446 eta_seconds=511.53 bootstraps=24
node=700/7814 op=sum seconds=50.9865 eta_seconds=518.169 bootstraps=26
node=710/7814 op=gather seconds=51.641 eta_seconds=516.701 bootstraps=26
node=720/7814 op=gather seconds=53.0837 eta_seconds=523.022 bootstraps=28
node=730/7814 op=sum seconds=53.144 eta_seconds=515.716 bootstraps=28
node=740/7814 op=sum seconds=53.6743 eta_seconds=513.097 bootstraps=28
node=750/7814 op=add seconds=55.4569 eta_seconds=522.33 bootstraps=30
node=760/7814 op=mulp seconds=55.8266 eta_seconds=518.159 bootstraps=30
node=770/7814 op=add seconds=56.0934 eta_seconds=513.146 bootstraps=30
node=780/7814 op=mulp seconds=56.4842 eta_seconds=509.372 bootstraps=30
node=790/7814 op=repeat seconds=56.9675 eta_seconds=506.506 bootstraps=30
node=800/7814 op=gather seconds=57.3911 eta_seconds=503.176 bootstraps=30
node=810/7814 op=addp seconds=57.4415 eta_seconds=496.691 bootstraps=30
node=820/7814 op=scatter seconds=59.459 eta_seconds=507.141 bootstraps=32
node=830/7814 op=cheb seconds=60.2895 eta_seconds=507.304 bootstraps=32
node=840/7814 op=cheb seconds=60.8107 eta_seconds=504.874 bootstraps=32
node=850/7814 op=repeat seconds=61.1394 eta_seconds=500.911 bootstraps=32
node=860/7814 op=mul seconds=61.3866 eta_seconds=496.375 bootstraps=32
node=870/7814 op=add seconds=61.7722 eta_seconds=493.041 bootstraps=32
node=880/7814 op=mul seconds=61.9593 eta_seconds=488.211 bootstraps=32
node=890/7814 op=addp seconds=63.5753 eta_seconds=494.602 bootstraps=34
node=900/7814 op=add seconds=64.1718 eta_seconds=492.982 bootstraps=34
node=910/7814 op=repeat seconds=64.5348 eta_seconds=489.614 bootstraps=34
node=920/7814 op=gather seconds=65.9342 eta_seconds=494.076 bootstraps=36
node=930/7814 op=linear seconds=67.8164 eta_seconds=501.987 bootstraps=38
node=940/7814 op=mulp seconds=68.0349 eta_seconds=497.523 bootstraps=38
node=950/7814 op=gather seconds=69.8501 eta_seconds=504.685 bootstraps=40
node=960/7814 op=addp seconds=69.9083 eta_seconds=499.116 bootstraps=40
node=970/7814 op=mul seconds=70.4216 eta_seconds=496.872 bootstraps=40
node=980/7814 op=mul seconds=72.3327 eta_seconds=504.41 bootstraps=42
node=990/7814 op=repeat seconds=72.798 eta_seconds=501.792 bootstraps=42
node=1000/7814 op=mul seconds=73.0537 eta_seconds=497.788 bootstraps=42
node=1010/7814 op=cheb seconds=73.6989 eta_seconds=496.482 bootstraps=42
node=1020/7814 op=gather seconds=74.2835 eta_seconds=494.786 bootstraps=42
node=1030/7814 op=sum seconds=74.346 eta_seconds=489.673 bootstraps=42
node=1040/7814 op=scatter seconds=75.8827 eta_seconds=494.259 bootstraps=44
node=1050/7814 op=scatter seconds=76.1693 eta_seconds=490.675 bootstraps=44
node=1060/7814 op=mul seconds=76.5163 eta_seconds=487.539 bootstraps=44
node=1070/7814 op=cheb seconds=79.0702 eta_seconds=498.364 bootstraps=46
node=1080/7814 op=cheb seconds=79.9685 eta_seconds=498.619 bootstraps=46
node=1090/7814 op=repeat seconds=80.5698 eta_seconds=497.02 bootstraps=46
node=1100/7814 op=addp seconds=80.7827 eta_seconds=493.068 bootstraps=46
node=1110/7814 op=mul seconds=81.3311 eta_seconds=491.21 bootstraps=46
node=1120/7814 op=cheb seconds=82.9284 eta_seconds=495.645 bootstraps=48
node=1130/7814 op=mulp seconds=83.3247 eta_seconds=492.87 bootstraps=48
node=1140/7814 op=mulp seconds=83.6611 eta_seconds=489.784 bootstraps=48
node=1150/7814 op=sum seconds=84.0676 eta_seconds=487.153 bootstraps=48
node=1160/7814 op=add seconds=84.448 eta_seconds=484.411 bootstraps=48
node=1170/7814 op=mulp seconds=85.8214 eta_seconds=487.348 bootstraps=50
node=1180/7814 op=cheb seconds=86.4032 eta_seconds=485.762 bootstraps=50
node=1190/7814 op=mulp seconds=86.4538 eta_seconds=481.235 bootstraps=50
node=1200/7814 op=cheb seconds=88.6934 eta_seconds=488.849 bootstraps=52
node=1210/7814 op=mul seconds=89.1539 eta_seconds=486.589 bootstraps=52
node=1220/7814 op=gather seconds=89.4719 eta_seconds=483.588 bootstraps=52
node=1230/7814 op=scatter seconds=89.74 eta_seconds=480.364 bootstraps=52
node=1240/7814 op=gather seconds=90.043 eta_seconds=477.373 bootstraps=52
node=1250/7814 op=sum seconds=90.8185 eta_seconds=476.906 bootstraps=52
node=1260/7814 op=add seconds=92.3748 eta_seconds=480.496 bootstraps=54
node=1270/7814 op=linear seconds=93.0088 eta_seconds=479.251 bootstraps=54
node=1280/7814 op=mulp seconds=93.222 eta_seconds=475.869 bootstraps=54
node=1290/7814 op=addp seconds=93.7755 eta_seconds=474.257 bootstraps=54
node=1300/7814 op=mulp seconds=93.8611 eta_seconds=470.316 bootstraps=54
node=1310/7814 op=cheb seconds=96.3293 eta_seconds=478.264 bootstraps=56
node=1320/7814 op=cheb seconds=97.008 eta_seconds=477.25 bootstraps=56
node=1330/7814 op=repeat seconds=97.244 eta_seconds=474.083 bootstraps=56
node=1340/7814 op=add seconds=97.4644 eta_seconds=470.884 bootstraps=56
node=1350/7814 op=mul seconds=97.8374 eta_seconds=468.46 bootstraps=56
node=1360/7814 op=add seconds=98.0161 eta_seconds=465.144 bootstraps=56
node=1370/7814 op=addp seconds=99.7545 eta_seconds=469.21 bootstraps=58
node=1380/7814 op=add seconds=100.353 eta_seconds=467.877 bootstraps=58
node=1390/7814 op=repeat seconds=100.905 eta_seconds=466.339 bootstraps=58
node=1400/7814 op=addp seconds=101.212 eta_seconds=463.695 bootstraps=58
node=1410/7814 op=gather seconds=102.81 eta_seconds=466.948 bootstraps=60
node=1420/7814 op=sum seconds=102.92 eta_seconds=463.431 bootstraps=60
node=1430/7814 op=gather seconds=103.605 eta_seconds=462.526 bootstraps=60
node=1440/7814 op=cheb seconds=105.686 eta_seconds=467.809 bootstraps=62
node=1450/7814 op=repeat seconds=105.879 eta_seconds=464.698 bootstraps=62
node=1460/7814 op=mul seconds=106.64 eta_seconds=464.102 bootstraps=62
node=1470/7814 op=addp seconds=107.351 eta_seconds=463.287 bootstraps=62
node=1480/7814 op=add seconds=108.646 eta_seconds=464.977 bootstraps=64
node=1490/7814 op=scatter seconds=108.848 eta_seconds=461.982 bootstraps=64
node=1500/7814 op=add seconds=109.223 eta_seconds=459.754 bootstraps=64
node=1510/7814 op=gather seconds=109.914 eta_seconds=458.874 bootstraps=64
node=1520/7814 op=addp seconds=110.028 eta_seconds=455.602 bootstraps=64
node=1530/7814 op=sum seconds=111.837 eta_seconds=459.336 bootstraps=66
node=1540/7814 op=cheb seconds=112.846 eta_seconds=459.737 bootstraps=66
node=1550/7814 op=cheb seconds=113.48 eta_seconds=458.604 bootstraps=66
node=1560/7814 op=repeat seconds=113.803 eta_seconds=456.232 bootstraps=66
node=1570/7814 op=gather seconds=114.51 eta_seconds=455.414 bootstraps=66
node=1580/7814 op=add seconds=116.455 eta_seconds=459.479 bootstraps=68
node=1590/7814 op=mul seconds=116.502 eta_seconds=456.044 bootstraps=68
node=1600/7814 op=mulp seconds=116.845 eta_seconds=453.798 bootstraps=68
node=1610/7814 op=mul seconds=117.115 eta_seconds=451.294 bootstraps=68
node=1620/7814 op=sum seconds=117.424 eta_seconds=448.965 bootstraps=68
node=1630/7814 op=linear seconds=119.005 eta_seconds=451.49 bootstraps=70
node=1640/7814 op=cheb seconds=119.173 eta_seconds=448.642 bootstraps=70
node=1650/7814 op=mulp seconds=119.312 eta_seconds=445.722 bootstraps=70
node=1660/7814 op=repeat seconds=120.019 eta_seconds=444.939 bootstraps=70
node=1670/7814 op=add seconds=121.781 eta_seconds=448.036 bootstraps=72
node=1680/7814 op=mulp seconds=122.156 eta_seconds=446.015 bootstraps=72
node=1690/7814 op=add seconds=122.368 eta_seconds=443.421 bootstraps=72
node=1700/7814 op=mulp seconds=122.672 eta_seconds=441.188 bootstraps=72
node=1710/7814 op=linear_ref seconds=123.362 eta_seconds=440.35 bootstraps=72
node=1720/7814 op=scatter seconds=124.739 eta_seconds=441.954 bootstraps=74
node=1730/7814 op=repeat seconds=125.293 eta_seconds=440.625 bootstraps=74
node=1740/7814 op=addp seconds=125.6 eta_seconds=438.446 bootstraps=74
node=1750/7814 op=gather seconds=126.278 eta_seconds=437.572 bootstraps=74
node=1760/7814 op=mulp seconds=126.531 eta_seconds=435.24 bootstraps=74
node=1770/7814 op=cheb seconds=128.02 eta_seconds=437.147 bootstraps=76
node=1780/7814 op=cheb seconds=129.718 eta_seconds=439.731 bootstraps=76
node=1790/7814 op=mulp seconds=129.968 eta_seconds=437.389 bootstraps=76
node=1800/7814 op=gather seconds=130.33 eta_seconds=435.449 bootstraps=76
node=1810/7814 op=gather seconds=130.553 eta_seconds=433.062 bootstraps=76
node=1820/7814 op=scatter seconds=130.771 eta_seconds=430.683 bootstraps=76
node=1830/7814 op=mulp seconds=132.403 eta_seconds=432.951 bootstraps=78
node=1840/7814 op=scatter seconds=133.037 eta_seconds=431.936 bootstraps=78
node=1850/7814 op=add seconds=133.344 eta_seconds=429.873 bootstraps=78
node=1860/7814 op=mul seconds=133.852 eta_seconds=428.469 bootstraps=78
node=1870/7814 op=gather seconds=135.42 eta_seconds=430.448 bootstraps=80
node=1880/7814 op=cheb seconds=135.666 eta_seconds=428.215 bootstraps=80
node=1890/7814 op=mulp seconds=135.738 eta_seconds=425.456 bootstraps=80
node=1900/7814 op=mulp seconds=137.68 eta_seconds=428.547 bootstraps=82
node=1910/7814 op=mul seconds=138.111 eta_seconds=426.913 bootstraps=82
node=1920/7814 op=mulp seconds=138.323 eta_seconds=424.623 bootstraps=82
node=1930/7814 op=mul seconds=138.627 eta_seconds=422.634 bootstraps=82
node=1940/7814 op=cheb seconds=139.167 eta_seconds=421.374 bootstraps=82
node=1950/7814 op=scatter seconds=140.756 eta_seconds=423.279 bootstraps=84
node=1960/7814 op=sum seconds=141.258 eta_seconds=421.901 bootstraps=84
node=1970/7814 op=sum seconds=141.701 eta_seconds=420.357 bootstraps=84
node=1980/7814 op=gather seconds=142.366 eta_seconds=419.478 bootstraps=84
node=1990/7814 op=repeat seconds=142.627 eta_seconds=417.417 bootstraps=84
node=2000/7814 op=addp seconds=142.688 eta_seconds=414.793 bootstraps=84
node=2010/7814 op=mul seconds=145.466 eta_seconds=420.043 bootstraps=86
node=2020/7814 op=mulp seconds=145.971 eta_seconds=418.69 bootstraps=86
node=2030/7814 op=gather seconds=146.287 eta_seconds=416.81 bootstraps=86
node=2040/7814 op=gather seconds=146.51 eta_seconds=414.682 bootstraps=86
node=2050/7814 op=scatter seconds=146.728 eta_seconds=412.555 bootstraps=86
node=2060/7814 op=sum seconds=148.561 eta_seconds=414.961 bootstraps=88
node=2070/7814 op=scatter seconds=149.173 eta_seconds=413.938 bootstraps=88
node=2080/7814 op=repeat seconds=149.541 eta_seconds=412.244 bootstraps=88
node=2090/7814 op=linear_ref seconds=150.049 eta_seconds=410.947 bootstraps=88
node=2100/7814 op=mulp seconds=151.158 eta_seconds=411.294 bootstraps=90
node=2110/7814 op=mul seconds=151.704 eta_seconds=410.104 bootstraps=90
node=2120/7814 op=repeat seconds=151.887 eta_seconds=407.945 bootstraps=90
node=2130/7814 op=repeat seconds=154.297 eta_seconds=411.75 bootstraps=92
node=2140/7814 op=cheb seconds=154.821 eta_seconds=410.492 bootstraps=92
node=2150/7814 op=gather seconds=155.177 eta_seconds=408.8 bootstraps=92
node=2160/7814 op=linear_ref seconds=156.28 eta_seconds=409.077 bootstraps=92
node=2170/7814 op=add seconds=157.401 eta_seconds=409.389 bootstraps=94
node=2180/7814 op=mul seconds=157.784 eta_seconds=407.778 bootstraps=94
node=2190/7814 op=add seconds=158.048 eta_seconds=405.874 bootstraps=94
node=2200/7814 op=mul seconds=158.611 eta_seconds=404.747 bootstraps=94
node=2210/7814 op=gather seconds=159.308 eta_seconds=403.966 bootstraps=94
node=2220/7814 op=sum seconds=159.396 eta_seconds=401.649 bootstraps=94
node=2230/7814 op=mul seconds=160.868 eta_seconds=402.818 bootstraps=96
node=2240/7814 op=repeat seconds=163.364 eta_seconds=406.513 bootstraps=96
node=2250/7814 op=mulp seconds=163.828 eta_seconds=405.128 bootstraps=96
node=2260/7814 op=gather seconds=164.294 eta_seconds=403.756 bootstraps=96
node=2270/7814 op=mul seconds=164.793 eta_seconds=402.473 bootstraps=96
node=2280/7814 op=addp seconds=166.799 eta_seconds=404.853 bootstraps=98
node=2290/7814 op=scatter seconds=167.141 eta_seconds=403.182 bootstraps=98
node=2300/7814 op=add seconds=167.252 eta_seconds=400.968 bootstraps=98
node=2310/7814 op=sum seconds=167.658 eta_seconds=399.476 bootstraps=98
node=2320/7814 op=add seconds=168.043 eta_seconds=397.943 bootstraps=98
node=2330/7814 op=mulp seconds=169.42 eta_seconds=398.755 bootstraps=100
node=2340/7814 op=cheb seconds=170 eta_seconds=397.684 bootstraps=100
node=2350/7814 op=mulp seconds=170.051 eta_seconds=395.387 bootstraps=100
node=2360/7814 op=cheb seconds=172.366 eta_seconds=398.342 bootstraps=102
node=2370/7814 op=mul seconds=172.822 eta_seconds=396.981 bootstraps=102
node=2380/7814 op=gather seconds=173.101 eta_seconds=395.224 bootstraps=102
node=2390/7814 op=cheb seconds=174.067 eta_seconds=395.038 bootstraps=102
node=2400/7814 op=mul seconds=175.495 eta_seconds=395.887 bootstraps=104
node=2410/7814 op=add seconds=175.834 eta_seconds=394.276 bootstraps=104
node=2420/7814 op=add seconds=176.041 eta_seconds=392.382 bootstraps=104
node=2430/7814 op=cheb seconds=176.454 eta_seconds=390.958 bootstraps=104
node=2440/7814 op=gather seconds=177.039 eta_seconds=389.92 bootstraps=104
node=2450/7814 op=sum seconds=177.149 eta_seconds=387.847 bootstraps=104
node=2460/7814 op=addp seconds=178.954 eta_seconds=389.479 bootstraps=106
node=2470/7814 op=cheb seconds=179.999 eta_seconds=389.439 bootstraps=106
node=2480/7814 op=cheb seconds=180.782 eta_seconds=388.826 bootstraps=106
node=2490/7814 op=repeat seconds=180.976 eta_seconds=386.955 bootstraps=106
node=2500/7814 op=mulp seconds=181.73 eta_seconds=386.286 bootstraps=106
node=2510/7814 op=scatter seconds=183.593 eta_seconds=387.959 bootstraps=108
node=2520/7814 op=add seconds=183.644 eta_seconds=385.798 bootstraps=108
node=2530/7814 op=mul seconds=183.986 eta_seconds=384.263 bootstraps=108
node=2540/7814 op=add seconds=184.252 eta_seconds=382.578 bootstraps=108
node=2550/7814 op=repeat seconds=184.618 eta_seconds=381.109 bootstraps=108
node=2560/7814 op=gather seconds=186.17 eta_seconds=382.084 bootstraps=110
node=2570/7814 op=mulp seconds=186.282 eta_seconds=380.102 bootstraps=110
node=2580/7814 op=scatter seconds=186.798 eta_seconds=378.954 bootstraps=110
node=2590/7814 op=gather seconds=187.334 eta_seconds=377.85 bootstraps=110
node=2600/7814 op=cheb seconds=189.369 eta_seconds=379.758 bootstraps=112
node=2610/7814 op=repeat seconds=189.563 eta_seconds=377.965 bootstraps=112
node=2620/7814 op=add seconds=189.784 eta_seconds=376.235 bootstraps=112
node=2630/7814 op=mul seconds=190.173 eta_seconds=374.85 bootstraps=112
node=2640/7814 op=mul seconds=191.027 eta_seconds=374.383 bootstraps=112
node=2650/7814 op=scatter seconds=192.479 eta_seconds=375.08 bootstraps=114
node=2660/7814 op=add seconds=192.861 eta_seconds=373.687 bootstraps=114
node=2670/7814 op=gather seconds=193.553 eta_seconds=372.898 bootstraps=114
node=2680/7814 op=addp seconds=193.666 eta_seconds=371 bootstraps=114
node=2690/7814 op=sum seconds=195.478 eta_seconds=372.354 bootstraps=116
node=2700/7814 op=cheb seconds=196.493 eta_seconds=372.172 bootstraps=116
node=2710/7814 op=cheb seconds=197.06 eta_seconds=371.142 bootstraps=116
node=2720/7814 op=repeat seconds=197.385 eta_seconds=369.661 bootstraps=116
node=2730/7814 op=mul seconds=197.629 eta_seconds=368.039 bootstraps=116
node=2740/7814 op=add seconds=198.014 eta_seconds=366.687 bootstraps=116
node=2750/7814 op=cheb seconds=198.327 eta_seconds=365.21 bootstraps=116
node=2760/7814 op=scatter seconds=200.212 eta_seconds=366.619 bootstraps=118
node=2770/7814 op=mul seconds=200.693 eta_seconds=365.45 bootstraps=118
node=2780/7814 op=sum seconds=201.001 eta_seconds=363.97 bootstraps=118
node=2790/7814 op=linear_ref seconds=202.609 eta_seconds=364.841 bootstraps=120
node=2800/7814 op=mulp seconds=202.797 eta_seconds=363.151 bootstraps=120
node=2810/7814 op=sum seconds=204.67 eta_seconds=364.473 bootstraps=122
client_token=315 logit_margin=1.89749
node=2820/7814 op=sum seconds=206.025 eta_seconds=364.855 bootstraps=124
node=2830/7814 op=gather seconds=207.303 eta_seconds=365.088 bootstraps=124
node=2840/7814 op=cheb seconds=208.751 eta_seconds=365.609 bootstraps=124
node=2850/7814 op=mul seconds=209.617 eta_seconds=365.102 bootstraps=124
node=2860/7814 op=mulp seconds=209.969 eta_seconds=363.702 bootstraps=124
node=2870/7814 op=gather seconds=210.396 eta_seconds=362.439 bootstraps=124
node=2880/7814 op=scatter seconds=210.641 eta_seconds=360.869 bootstraps=124
node=2890/7814 op=mul seconds=211.035 eta_seconds=359.563 bootstraps=124
node=2900/7814 op=mul seconds=211.34 eta_seconds=358.112 bootstraps=124
node=2910/7814 op=scatter seconds=212.596 eta_seconds=358.272 bootstraps=126
node=2920/7814 op=mul seconds=212.903 eta_seconds=356.832 bootstraps=126
node=2930/7814 op=mul seconds=213.12 eta_seconds=355.248 bootstraps=126
node=2940/7814 op=mul seconds=214.637 eta_seconds=355.831 bootstraps=128
node=2950/7814 op=scatter seconds=216.314 eta_seconds=356.662 bootstraps=130
node=2960/7814 op=gather seconds=217.791 eta_seconds=357.147 bootstraps=132
node=2970/7814 op=mulp seconds=217.851 eta_seconds=355.31 bootstraps=132
node=2980/7814 op=cheb seconds=219.774 eta_seconds=356.506 bootstraps=134
node=2990/7814 op=cheb seconds=220.497 eta_seconds=355.745 bootstraps=134
node=3000/7814 op=repeat seconds=220.727 eta_seconds=354.193 bootstraps=134
node=3010/7814 op=add seconds=220.932 eta_seconds=352.61 bootstraps=134
node=3020/7814 op=mul seconds=221.293 eta_seconds=351.284 bootstraps=134
node=3030/7814 op=scatter seconds=222.887 eta_seconds=351.911 bootstraps=136
node=3040/7814 op=mul seconds=223.249 eta_seconds=350.59 bootstraps=136
node=3050/7814 op=sum seconds=223.641 eta_seconds=349.32 bootstraps=136
node=3060/7814 op=add seconds=224.028 eta_seconds=348.048 bootstraps=136
node=3070/7814 op=repeat seconds=225.398 eta_seconds=348.302 bootstraps=138
node=3080/7814 op=mul seconds=227.176 eta_seconds=349.172 bootstraps=140
node=3090/7814 op=gather seconds=228.699 eta_seconds=349.635 bootstraps=142
node=3100/7814 op=mul seconds=228.811 eta_seconds=347.941 bootstraps=142
node=3110/7814 op=mul seconds=230.986 eta_seconds=349.376 bootstraps=144
node=3120/7814 op=cheb seconds=231.664 eta_seconds=348.535 bootstraps=144
node=3130/7814 op=repeat seconds=231.898 eta_seconds=347.031 bootstraps=144
node=3140/7814 op=add seconds=232.12 eta_seconds=345.518 bootstraps=144
node=3150/7814 op=mul seconds=232.494 eta_seconds=344.238 bootstraps=144
node=3160/7814 op=scatter seconds=234.054 eta_seconds=344.712 bootstraps=146
node=3170/7814 op=mul seconds=234.536 eta_seconds=343.591 bootstraps=146
node=3180/7814 op=mul seconds=234.815 eta_seconds=342.18 bootstraps=146
node=3190/7814 op=mul seconds=235.317 eta_seconds=341.1 bootstraps=146
node=3200/7814 op=cheb seconds=236.58 eta_seconds=341.118 bootstraps=148
node=3210/7814 op=add seconds=238.39 eta_seconds=341.915 bootstraps=150
node=3220/7814 op=linear_ref seconds=239.792 eta_seconds=342.113 bootstraps=152
node=3230/7814 op=mul seconds=239.843 eta_seconds=340.384 bootstraps=152
node=3240/7814 op=cheb seconds=241.734 eta_seconds=341.263 bootstraps=154
node=3250/7814 op=cheb seconds=242.259 eta_seconds=340.206 bootstraps=154
node=3260/7814 op=repeat seconds=242.584 eta_seconds=338.873 bootstraps=154
node=3270/7814 op=mul seconds=242.831 eta_seconds=337.439 bootstraps=154
node=3280/7814 op=add seconds=243.215 eta_seconds=336.201 bootstraps=154
node=3290/7814 op=mul seconds=243.403 eta_seconds=334.698 bootstraps=154
node=3300/7814 op=scatter seconds=244.987 eta_seconds=335.112 bootstraps=156
node=3310/7814 op=add seconds=245.368 eta_seconds=333.879 bootstraps=156
node=3320/7814 op=repeat seconds=245.668 eta_seconds=332.539 bootstraps=156
node=3330/7814 op=addp seconds=246.993 eta_seconds=332.587 bootstraps=158
node=3340/7814 op=linear_ref seconds=249.695 eta_seconds=334.471 bootstraps=162
node=3350/7814 op=mulp seconds=250.714 eta_seconds=334.086 bootstraps=164
node=3360/7814 op=addp seconds=251.138 eta_seconds=332.908 bootstraps=164
node=3370/7814 op=cheb seconds=252.556 eta_seconds=333.044 bootstraps=166
node=3380/7814 op=cheb seconds=253.977 eta_seconds=333.175 bootstraps=166
node=3390/7814 op=repeat seconds=254.411 eta_seconds=332.01 bootstraps=166
node=3400/7814 op=gather seconds=254.889 eta_seconds=330.906 bootstraps=166
node=3410/7814 op=cheb seconds=255.293 eta_seconds=329.709 bootstraps=166
node=3420/7814 op=scatter seconds=256.985 eta_seconds=330.173 bootstraps=168
node=3430/7814 op=scatter seconds=257.249 eta_seconds=328.798 bootstraps=168
node=3440/7814 op=mul seconds=257.548 eta_seconds=327.475 bootstraps=168
node=3450/7814 op=mul seconds=257.893 eta_seconds=326.215 bootstraps=168
node=3460/7814 op=mulp seconds=259.156 eta_seconds=326.117 bootstraps=170
node=3470/7814 op=mul seconds=260.784 eta_seconds=326.468 bootstraps=172
node=3480/7814 op=mul seconds=262.178 eta_seconds=326.517 bootstraps=174
node=3490/7814 op=gather seconds=262.727 eta_seconds=325.51 bootstraps=174
node=3500/7814 op=addp seconds=262.815 eta_seconds=323.938 bootstraps=174
node=3510/7814 op=mulp seconds=265.089 eta_seconds=325.055 bootstraps=176
node=3520/7814 op=mul seconds=265.501 eta_seconds=323.881 bootstraps=176
node=3530/7814 op=mulp seconds=265.766 eta_seconds=322.533 bootstraps=176
node=3540/7814 op=mul seconds=266.137 eta_seconds=321.319 bootstraps=176
node=3550/7814 op=mul seconds=266.311 eta_seconds=319.873 bootstraps=176
node=3560/7814 op=scatter seconds=267.8 eta_seconds=320.006 bootstraps=178
node=3570/7814 op=repeat seconds=268.359 eta_seconds=319.024 bootstraps=178
node=3580/7814 op=sum seconds=268.71 eta_seconds=317.799 bootstraps=178
node=3590/7814 op=sum seconds=269.145 eta_seconds=316.676 bootstraps=178
node=3600/7814 op=cheb seconds=271.682 eta_seconds=318.019 bootstraps=182
node=3610/7814 op=repeat seconds=273.078 eta_seconds=318.011 bootstraps=184
node=3620/7814 op=gather seconds=273.618 eta_seconds=317.004 bootstraps=184
node=3630/7814 op=mulp seconds=273.716 eta_seconds=315.49 bootstraps=184
node=3640/7814 op=mul seconds=276.069 eta_seconds=316.57 bootstraps=186
node=3650/7814 op=repeat seconds=276.423 eta_seconds=315.35 bootstraps=186
node=3660/7814 op=scatter seconds=276.847 eta_seconds=314.213 bootstraps=186
node=3670/7814 op=mul seconds=278.472 eta_seconds=314.438 bootstraps=188
node=3680/7814 op=scatter seconds=278.849 eta_seconds=313.25 bootstraps=188
node=3690/7814 op=scatter seconds=279.066 eta_seconds=311.889 bootstraps=188
node=3700/7814 op=mul seconds=279.268 eta_seconds=310.516 bootstraps=188
node=3710/7814 op=mul seconds=279.522 eta_seconds=309.207 bootstraps=188
node=3720/7814 op=scatter seconds=280.956 eta_seconds=309.203 bootstraps=190
node=3730/7814 op=gather seconds=281.486 eta_seconds=308.2 bootstraps=190
node=3740/7814 op=cheb seconds=283.815 eta_seconds=309.161 bootstraps=194
node=3750/7814 op=gather seconds=284.421 eta_seconds=308.236 bootstraps=194
node=3760/7814 op=addp seconds=284.668 eta_seconds=306.926 bootstraps=194
node=3770/7814 op=mul seconds=286.749 eta_seconds=307.589 bootstraps=196
node=3780/7814 op=repeat seconds=287.209 eta_seconds=306.509 bootstraps=196
node=3790/7814 op=addp seconds=287.407 eta_seconds=305.152 bootstraps=196
node=3800/7814 op=gather seconds=287.656 eta_seconds=303.856 bootstraps=196
node=3810/7814 op=add seconds=287.889 eta_seconds=302.548 bootstraps=196
node=3820/7814 op=scatter seconds=289.506 eta_seconds=302.693 bootstraps=198
node=3830/7814 op=sum seconds=289.845 eta_seconds=301.499 bootstraps=198
node=3840/7814 op=add seconds=290.217 eta_seconds=300.344 bootstraps=198
node=3850/7814 op=mul seconds=290.72 eta_seconds=299.328 bootstraps=198
node=3860/7814 op=gather seconds=292.215 eta_seconds=299.331 bootstraps=200
node=3870/7814 op=addp seconds=293.553 eta_seconds=299.166 bootstraps=202
node=3880/7814 op=gather seconds=295.055 eta_seconds=299.162 bootstraps=204
node=3890/7814 op=sum seconds=295.319 eta_seconds=297.9 bootstraps=204
node=3900/7814 op=cheb seconds=297.378 eta_seconds=298.446 bootstraps=206
node=3910/7814 op=mul seconds=297.888 eta_seconds=297.431 bootstraps=206
node=3920/7814 op=gather seconds=298.129 eta_seconds=296.151 bootstraps=206
node=3930/7814 op=scatter seconds=298.349 eta_seconds=294.857 bootstraps=206
node=3940/7814 op=gather seconds=298.6 eta_seconds=293.598 bootstraps=206
node=3950/7814 op=add seconds=300.381 eta_seconds=293.841 bootstraps=208
node=3960/7814 op=mul seconds=300.661 eta_seconds=292.613 bootstraps=208
node=3970/7814 op=mul seconds=301.212 eta_seconds=291.652 bootstraps=208
node=3980/7814 op=add seconds=301.716 eta_seconds=290.648 bootstraps=208
node=3990/7814 op=linear_ref seconds=303.223 eta_seconds=290.608 bootstraps=210
node=4000/7814 op=mulp seconds=304.555 eta_seconds=290.393 bootstraps=212
node=4010/7814 op=gather seconds=306.079 eta_seconds=290.355 bootstraps=214
node=4020/7814 op=mul seconds=306.157 eta_seconds=288.945 bootstraps=214
node=4030/7814 op=repeat seconds=309.461 eta_seconds=290.57 bootstraps=216
node=4040/7814 op=mulp seconds=309.922 eta_seconds=289.516 bootstraps=216
node=4050/7814 op=gather seconds=310.393 eta_seconds=288.474 bootstraps=216
node=4060/7814 op=mul seconds=310.891 eta_seconds=287.46 bootstraps=216
node=4070/7814 op=scatter seconds=312.441 eta_seconds=287.415 bootstraps=218
node=4080/7814 op=mul seconds=312.669 eta_seconds=286.153 bootstraps=218
node=4090/7814 op=add seconds=312.93 eta_seconds=284.927 bootstraps=218
node=4100/7814 op=repeat seconds=313.431 eta_seconds=283.922 bootstraps=218
node=4110/7814 op=linear_ref seconds=313.937 eta_seconds=282.925 bootstraps=218
node=4120/7814 op=mulp seconds=315.005 eta_seconds=282.434 bootstraps=220
node=4130/7814 op=sum seconds=316.831 eta_seconds=282.616 bootstraps=222
node=4140/7814 op=gather seconds=318.349 eta_seconds=282.515 bootstraps=224
node=4150/7814 op=mulp seconds=318.462 eta_seconds=281.168 bootstraps=224
node=4160/7814 op=cheb seconds=320.441 eta_seconds=281.464 bootstraps=226
node=4170/7814 op=repeat seconds=321.082 eta_seconds=280.581 bootstraps=226
node=4180/7814 op=addp seconds=321.256 eta_seconds=279.293 bootstraps=226
node=4190/7814 op=addp seconds=322.008 eta_seconds=278.51 bootstraps=226
node=4200/7814 op=add seconds=323.262 eta_seconds=278.16 bootstraps=228
node=4210/7814 op=mul seconds=323.608 eta_seconds=277.027 bootstraps=228
node=4220/7814 op=mul seconds=323.877 eta_seconds=275.833 bootstraps=228
node=4230/7814 op=mul seconds=324.18 eta_seconds=274.672 bootstraps=228
node=4240/7814 op=mul seconds=324.395 eta_seconds=273.441 bootstraps=228
node=4250/7814 op=mul seconds=325.864 eta_seconds=273.265 bootstraps=230
node=4260/7814 op=scatter seconds=327.608 eta_seconds=273.314 bootstraps=232
node=4270/7814 op=gather seconds=329.144 eta_seconds=273.182 bootstraps=234
node=4280/7814 op=sum seconds=329.263 eta_seconds=271.873 bootstraps=234
node=4290/7814 op=cheb seconds=331.122 eta_seconds=271.998 bootstraps=236
node=4300/7814 op=cheb seconds=331.806 eta_seconds=271.155 bootstraps=236
node=4310/7814 op=repeat seconds=331.998 eta_seconds=269.912 bootstraps=236
node=4320/7814 op=add seconds=332.218 eta_seconds=268.696 bootstraps=236
node=4330/7814 op=mul seconds=332.602 eta_seconds=267.618 bootstraps=236
node=4340/7814 op=scatter seconds=334.17 eta_seconds=267.49 bootstraps=238
node=4350/7814 op=mul seconds=334.529 eta_seconds=266.393 bootstraps=238
node=4360/7814 op=sum seconds=334.836 eta_seconds=265.258 bootstraps=238
node=4370/7814 op=add seconds=335.056 eta_seconds=264.058 bootstraps=238
node=4380/7814 op=repeat seconds=336.532 eta_seconds=263.847 bootstraps=240
node=4390/7814 op=mul seconds=338.385 eta_seconds=263.925 bootstraps=242
client_token=279 logit_margin=2.90222
node=4400/7814 op=mul seconds=339.686 eta_seconds=263.565 bootstraps=244
node=4410/7814 op=gather seconds=341.018 eta_seconds=263.226 bootstraps=244
node=4420/7814 op=cheb seconds=342.433 eta_seconds=262.945 bootstraps=244
node=4430/7814 op=cheb seconds=343.263 eta_seconds=262.213 bootstraps=244
node=4440/7814 op=mul seconds=343.666 eta_seconds=261.155 bootstraps=244
node=4450/7814 op=repeat seconds=344.014 eta_seconds=260.059 bootstraps=244
node=4460/7814 op=add seconds=344.252 eta_seconds=258.884 bootstraps=244
node=4470/7814 op=mulp seconds=344.77 eta_seconds=257.922 bootstraps=244
node=4480/7814 op=mulp seconds=345.067 eta_seconds=256.797 bootstraps=244
node=4490/7814 op=cheb seconds=345.256 eta_seconds=255.597 bootstraps=244
node=4500/7814 op=add seconds=346.603 eta_seconds=255.254 bootstraps=246
node=4510/7814 op=repeat seconds=346.902 eta_seconds=254.139 bootstraps=246
node=4520/7814 op=linear_ref seconds=348.345 eta_seconds=253.861 bootstraps=248
node=4530/7814 op=mulp seconds=348.582 eta_seconds=252.702 bootstraps=248
node=4540/7814 op=sum seconds=350.295 eta_seconds=252.614 bootstraps=250
node=4550/7814 op=gather seconds=351.745 eta_seconds=252.329 bootstraps=252
node=4560/7814 op=addp seconds=351.804 eta_seconds=251.046 bootstraps=252
node=4570/7814 op=cheb seconds=353.848 eta_seconds=251.178 bootstraps=254
node=4580/7814 op=repeat seconds=354.467 eta_seconds=250.294 bootstraps=254
node=4590/7814 op=addp seconds=354.683 eta_seconds=249.128 bootstraps=254
node=4600/7814 op=gather seconds=354.966 eta_seconds=248.013 bootstraps=254
node=4610/7814 op=add seconds=355.24 eta_seconds=246.896 bootstraps=254
node=4620/7814 op=add seconds=356.837 eta_seconds=246.696 bootstraps=256
node=4630/7814 op=mul seconds=357.206 eta_seconds=245.646 bootstraps=256
node=4640/7814 op=sum seconds=357.587 eta_seconds=244.608 bootstraps=256
node=4650/7814 op=add seconds=357.949 eta_seconds=243.559 bootstraps=256
node=4660/7814 op=mul seconds=359.294 eta_seconds=243.179 bootstraps=258
node=4670/7814 op=gather seconds=359.932 eta_seconds=242.318 bootstraps=258
node=4680/7814 op=addp seconds=361.356 eta_seconds=241.985 bootstraps=260
node=4690/7814 op=gather seconds=362.888 eta_seconds=241.719 bootstraps=262
node=4700/7814 op=mul seconds=362.994 eta_seconds=240.503 bootstraps=262
node=4710/7814 op=repeat seconds=365.637 eta_seconds=240.963 bootstraps=264
node=4720/7814 op=cheb seconds=366.027 eta_seconds=239.933 bootstraps=264
node=4730/7814 op=mul seconds=366.32 eta_seconds=238.844 bootstraps=264
node=4740/7814 op=gather seconds=366.689 eta_seconds=237.806 bootstraps=264
node=4750/7814 op=mulp seconds=366.856 eta_seconds=236.641 bootstraps=264
node=4760/7814 op=add seconds=368.476 eta_seconds=236.413 bootstraps=266
node=4770/7814 op=add seconds=368.751 eta_seconds=235.32 bootstraps=266
node=4780/7814 op=repeat seconds=369.237 eta_seconds=234.365 bootstraps=266
node=4790/7814 op=sum seconds=369.612 eta_seconds=233.341 bootstraps=266
node=4800/7814 op=sum seconds=370.881 eta_seconds=232.882 bootstraps=268
node=4810/7814 op=cheb seconds=372.397 eta_seconds=232.574 bootstraps=270
node=4820/7814 op=repeat seconds=373.788 eta_seconds=232.183 bootstraps=272
node=4830/7814 op=gather seconds=374.213 eta_seconds=231.191 bootstraps=272
node=4840/7814 op=addp seconds=374.262 eta_seconds=229.97 bootstraps=272
node=4850/7814 op=mul seconds=376.572 eta_seconds=230.136 bootstraps=274
node=4860/7814 op=repeat seconds=376.937 eta_seconds=229.109 bootstraps=274
node=4870/7814 op=mul seconds=377.209 eta_seconds=228.029 bootstraps=274
node=4880/7814 op=mul seconds=377.591 eta_seconds=227.019 bootstraps=274
node=4890/7814 op=addp seconds=377.77 eta_seconds=225.89 bootstraps=274
node=4900/7814 op=scatter seconds=379.188 eta_seconds=225.501 bootstraps=276
node=4910/7814 op=sum seconds=379.66 eta_seconds=224.549 bootstraps=276
node=4920/7814 op=add seconds=379.918 eta_seconds=223.472 bootstraps=276
node=4930/7814 op=repeat seconds=380.217 eta_seconds=222.423 bootstraps=276
node=4940/7814 op=addp seconds=381.541 eta_seconds=221.974 bootstraps=278
node=4950/7814 op=linear_ref seconds=384.245 eta_seconds=222.319 bootstraps=282
node=4960/7814 op=mulp seconds=385.264 eta_seconds=221.682 bootstraps=284
node=4970/7814 op=addp seconds=385.688 eta_seconds=220.703 bootstraps=284
node=4980/7814 op=cheb seconds=387.108 eta_seconds=220.294 bootstraps=286
node=4990/7814 op=cheb seconds=388.534 eta_seconds=219.884 bootstraps=286
node=5000/7814 op=repeat seconds=388.965 eta_seconds=218.91 bootstraps=286
node=5010/7814 op=gather seconds=389.444 eta_seconds=217.964 bootstraps=286
node=5020/7814 op=cheb seconds=389.846 eta_seconds=216.978 bootstraps=286
node=5030/7814 op=scatter seconds=391.571 eta_seconds=216.726 bootstraps=288
node=5040/7814 op=scatter seconds=391.838 eta_seconds=215.666 bootstraps=288
node=5050/7814 op=repeat seconds=392.137 eta_seconds=214.627 bootstraps=288
node=5060/7814 op=sum seconds=392.476 eta_seconds=213.613 bootstraps=288
node=5070/7814 op=add seconds=392.833 eta_seconds=212.61 bootstraps=288
node=5080/7814 op=repeat seconds=394.127 eta_seconds=212.115 bootstraps=290
node=5090/7814 op=mul seconds=395.909 eta_seconds=211.877 bootstraps=292
node=5100/7814 op=gather seconds=397.436 eta_seconds=211.498 bootstraps=294
node=5110/7814 op=mul seconds=397.545 eta_seconds=210.365 bootstraps=294
node=5120/7814 op=mul seconds=399.375 eta_seconds=210.14 bootstraps=296
node=5130/7814 op=cheb seconds=399.961 eta_seconds=209.258 bootstraps=296
node=5140/7814 op=addp seconds=400.301 eta_seconds=208.25 bootstraps=296
node=5150/7814 op=mul seconds=400.544 eta_seconds=207.194 bootstraps=296
node=5160/7814 op=mul seconds=400.913 eta_seconds=206.206 bootstraps=296
node=5170/7814 op=mul seconds=401.093 eta_seconds=205.124 bootstraps=296
node=5180/7814 op=scatter seconds=402.715 eta_seconds=204.778 bootstraps=298
node=5190/7814 op=add seconds=403.175 eta_seconds=203.84 bootstraps=298
node=5200/7814 op=repeat seconds=403.628 eta_seconds=202.901 bootstraps=298
node=5210/7814 op=linear_ref seconds=404.161 eta_seconds=202.003 bootstraps=298
node=5220/7814 op=mulp seconds=405.201 eta_seconds=201.359 bootstraps=300
node=5230/7814 op=sum seconds=407.099 eta_seconds=201.137 bootstraps=302
node=5240/7814 op=gather seconds=408.61 eta_seconds=200.718 bootstraps=304
node=5250/7814 op=mulp seconds=408.725 eta_seconds=199.613 bootstraps=304
node=5260/7814 op=cheb seconds=410.698 eta_seconds=199.415 bootstraps=306
node=5270/7814 op=repeat seconds=411.343 eta_seconds=198.568 bootstraps=306
node=5280/7814 op=addp seconds=411.516 eta_seconds=197.497 bootstraps=306
node=5290/7814 op=addp seconds=412.271 eta_seconds=196.705 bootstraps=306
node=5300/7814 op=add seconds=413.525 eta_seconds=196.151 bootstraps=308
node=5310/7814 op=mul seconds=413.868 eta_seconds=195.165 bootstraps=308
node=5320/7814 op=mul seconds=414.135 eta_seconds=194.145 bootstraps=308
node=5330/7814 op=sum seconds=414.441 eta_seconds=193.146 bootstraps=308
node=5340/7814 op=add seconds=414.657 eta_seconds=192.109 bootstraps=308
node=5350/7814 op=mul seconds=416.123 eta_seconds=191.65 bootstraps=310
node=5360/7814 op=gather seconds=416.651 eta_seconds=190.758 bootstraps=310
node=5370/7814 op=addp seconds=418.075 eta_seconds=190.275 bootstraps=312
node=5380/7814 op=gather seconds=419.596 eta_seconds=189.832 bootstraps=314
node=5390/7814 op=mulp seconds=419.849 eta_seconds=188.815 bootstraps=314
node=5400/7814 op=cheb seconds=421.945 eta_seconds=188.625 bootstraps=316
node=5410/7814 op=cheb seconds=422.389 eta_seconds=187.694 bootstraps=316
node=5420/7814 op=repeat seconds=422.608 eta_seconds=186.665 bootstraps=316
node=5430/7814 op=add seconds=422.791 eta_seconds=185.623 bootstraps=316
node=5440/7814 op=mul seconds=423.094 eta_seconds=184.637 bootstraps=316
node=5450/7814 op=add seconds=424.666 eta_seconds=184.204 bootstraps=318
node=5460/7814 op=add seconds=424.951 eta_seconds=183.212 bootstraps=318
node=5470/7814 op=repeat seconds=425.472 eta_seconds=182.323 bootstraps=318
node=5480/7814 op=sum seconds=425.821 eta_seconds=181.363 bootstraps=318
node=5490/7814 op=sum seconds=426.225 eta_seconds=180.427 bootstraps=318
node=5500/7814 op=cheb seconds=428.707 eta_seconds=180.369 bootstraps=322
node=5510/7814 op=repeat seconds=429.998 eta_seconds=179.803 bootstraps=324
node=5520/7814 op=gather seconds=430.562 eta_seconds=178.933 bootstraps=324
node=5530/7814 op=addp seconds=430.808 eta_seconds=177.932 bootstraps=324
node=5540/7814 op=repeat seconds=433.017 eta_seconds=177.74 bootstraps=326
node=5550/7814 op=cheb seconds=433.43 eta_seconds=176.808 bootstraps=326
node=5560/7814 op=mul seconds=433.67 eta_seconds=175.808 bootstraps=326
node=5570/7814 op=gather seconds=433.971 eta_seconds=174.835 bootstraps=326
node=5580/7814 op=mul seconds=434.114 eta_seconds=173.801 bootstraps=326
node=5590/7814 op=scatter seconds=435.978 eta_seconds=173.455 bootstraps=328
node=5600/7814 op=sum seconds=436.219 eta_seconds=172.462 bootstraps=328
node=5610/7814 op=add seconds=436.608 eta_seconds=171.53 bootstraps=328
node=5620/7814 op=repeat seconds=437.088 eta_seconds=170.636 bootstraps=328
node=5630/7814 op=addp seconds=438.219 eta_seconds=169.995 bootstraps=330
node=5640/7814 op=linear_ref seconds=440.233 eta_seconds=169.693 bootstraps=332
node=5650/7814 op=mulp seconds=441.281 eta_seconds=169.014 bootstraps=334
node=5660/7814 op=addp seconds=441.832 eta_seconds=168.146 bootstraps=334
node=5670/7814 op=cheb seconds=443.265 eta_seconds=167.612 bootstraps=336
node=5680/7814 op=cheb seconds=445.354 eta_seconds=167.321 bootstraps=336
node=5690/7814 op=repeat seconds=445.859 eta_seconds=166.433 bootstraps=336
node=5700/7814 op=gather seconds=446.503 eta_seconds=165.598 bootstraps=336
node=5710/7814 op=mulp seconds=448.005 eta_seconds=165.079 bootstraps=338
node=5720/7814 op=mul seconds=448.345 eta_seconds=164.132 bootstraps=338
node=5730/7814 op=scatter seconds=448.611 eta_seconds=163.16 bootstraps=338
node=5740/7814 op=repeat seconds=448.878 eta_seconds=162.19 bootstraps=338
node=5750/7814 op=sum seconds=449.222 eta_seconds=161.251 bootstraps=338
node=5760/7814 op=add seconds=449.605 eta_seconds=160.328 bootstraps=338
node=5770/7814 op=repeat seconds=450.911 eta_seconds=159.733 bootstraps=340
node=5780/7814 op=mul seconds=452.692 eta_seconds=159.304 bootstraps=342
node=5790/7814 op=gather seconds=454.225 eta_seconds=158.783 bootstraps=344
node=5800/7814 op=mul seconds=454.338 eta_seconds=157.765 bootstraps=344
node=5810/7814 op=mul seconds=456.177 eta_seconds=157.346 bootstraps=346
node=5820/7814 op=cheb seconds=456.838 eta_seconds=156.518 bootstraps=346
node=5830/7814 op=addp seconds=457.17 eta_seconds=155.579 bootstraps=346
node=5840/7814 op=scatter seconds=457.952 eta_seconds=154.794 bootstraps=346
node=5850/7814 op=mul seconds=459.21 eta_seconds=154.169 bootstraps=348
node=5860/7814 op=mulp seconds=459.55 eta_seconds=153.236 bootstraps=348
node=5870/7814 op=mul seconds=459.818 eta_seconds=152.28 bootstraps=348
node=5880/7814 op=add seconds=460.048 eta_seconds=151.315 bootstraps=348
node=5890/7814 op=repeat seconds=460.348 eta_seconds=150.375 bootstraps=348
node=5900/7814 op=linear_ref seconds=461.825 eta_seconds=149.819 bootstraps=350
node=5910/7814 op=mulp seconds=462.013 eta_seconds=148.845 bootstraps=350
node=5920/7814 op=sum seconds=463.785 eta_seconds=148.38 bootstraps=352
node=5930/7814 op=gather seconds=465.312 eta_seconds=147.833 bootstraps=354
node=5940/7814 op=mulp seconds=465.427 eta_seconds=146.837 bootstraps=354
node=5950/7814 op=cheb seconds=467.407 eta_seconds=146.428 bootstraps=356
node=5960/7814 op=repeat seconds=467.989 eta_seconds=145.579 bootstraps=356
node=5970/7814 op=addp seconds=468.164 eta_seconds=144.605 bootstraps=356
node=5980/7814 op=gather seconds=468.468 eta_seconds=143.674 bootstraps=356
node=5990/7814 op=add seconds=468.767 eta_seconds=142.743 bootstraps=356
node=6000/7814 op=add seconds=470.335 eta_seconds=142.198 bootstraps=358
node=6010/7814 op=mul seconds=470.702 eta_seconds=141.289 bootstraps=358
node=6020/7814 op=sum seconds=471.01 eta_seconds=140.364 bootstraps=358
node=6030/7814 op=add seconds=471.227 eta_seconds=139.415 bootstraps=358
node=6040/7814 op=mul seconds=472.707 eta_seconds=138.838 bootstraps=360
node=6050/7814 op=gather seconds=473.24 eta_seconds=137.983 bootstraps=360
node=6060/7814 op=addp seconds=474.768 eta_seconds=137.416 bootstraps=362
client_token=1614 logit_margin=0.201377
node=6070/7814 op=addp seconds=476.177 eta_seconds=136.813 bootstraps=364
node=6080/7814 op=gather seconds=477.468 eta_seconds=136.173 bootstraps=364
node=6090/7814 op=cheb seconds=479.285 eta_seconds=135.679 bootstraps=364
node=6100/7814 op=mulp seconds=479.764 eta_seconds=134.806 bootstraps=364
node=6110/7814 op=cheb seconds=480.291 eta_seconds=133.947 bootstraps=364
node=6120/7814 op=mul seconds=480.606 eta_seconds=133.03 bootstraps=364
node=6130/7814 op=gather seconds=480.831 eta_seconds=132.091 bootstraps=364
node=6140/7814 op=add seconds=481.136 eta_seconds=131.176 bootstraps=364
node=6150/7814 op=mul seconds=481.449 eta_seconds=130.265 bootstraps=364
node=6160/7814 op=scatter seconds=482.78 eta_seconds=129.63 bootstraps=366
node=6170/7814 op=mul seconds=483.087 eta_seconds=128.719 bootstraps=366
node=6180/7814 op=mul seconds=483.305 eta_seconds=127.786 bootstraps=366
node=6190/7814 op=mul seconds=483.599 eta_seconds=126.876 bootstraps=366
node=6200/7814 op=cheb seconds=485.096 eta_seconds=126.281 bootstraps=368
node=6210/7814 op=add seconds=486.807 eta_seconds=125.739 bootstraps=370
node=6220/7814 op=linear_ref seconds=488.274 eta_seconds=125.13 bootstraps=372
node=6230/7814 op=mul seconds=488.327 eta_seconds=124.159 bootstraps=372
node=6240/7814 op=cheb seconds=490.229 eta_seconds=123.657 bootstraps=374
node=6250/7814 op=cheb seconds=490.764 eta_seconds=122.809 bootstraps=374
node=6260/7814 op=repeat seconds=491.197 eta_seconds=121.936 bootstraps=374
node=6270/7814 op=mul seconds=491.426 eta_seconds=121.015 bootstraps=374
node=6280/7814 op=add seconds=491.785 eta_seconds=120.127 bootstraps=374
node=6290/7814 op=cheb seconds=492.088 eta_seconds=119.228 bootstraps=374
node=6300/7814 op=add seconds=493.734 eta_seconds=118.653 bootstraps=376
node=6310/7814 op=repeat seconds=494.048 eta_seconds=117.757 bootstraps=376
node=6320/7814 op=sum seconds=494.395 eta_seconds=116.871 bootstraps=376
node=6330/7814 op=add seconds=494.76 eta_seconds=115.991 bootstraps=376
node=6340/7814 op=mul seconds=496.064 eta_seconds=115.331 bootstraps=378
node=6350/7814 op=gather seconds=496.697 eta_seconds=114.514 bootstraps=378
node=6360/7814 op=addp seconds=498.126 eta_seconds=113.88 bootstraps=380
node=6370/7814 op=gather seconds=499.652 eta_seconds=113.265 bootstraps=382
node=6380/7814 op=mul seconds=499.757 eta_seconds=112.328 bootstraps=382
node=6390/7814 op=repeat seconds=502.359 eta_seconds=111.95 bootstraps=384
node=6400/7814 op=cheb seconds=502.746 eta_seconds=111.076 bootstraps=384
node=6410/7814 op=mul seconds=503.039 eta_seconds=110.182 bootstraps=384
node=6420/7814 op=gather seconds=503.409 eta_seconds=109.307 bootstraps=384
node=6430/7814 op=mulp seconds=503.577 eta_seconds=108.39 bootstraps=384
node=6440/7814 op=add seconds=505.198 eta_seconds=107.786 bootstraps=386
node=6450/7814 op=mul seconds=505.482 eta_seconds=106.896 bootstraps=386
node=6460/7814 op=mul seconds=505.9 eta_seconds=106.035 bootstraps=386
node=6470/7814 op=mul seconds=506.238 eta_seconds=105.16 bootstraps=386
node=6480/7814 op=mul seconds=506.736 eta_seconds=104.319 bootstraps=386
node=6490/7814 op=cheb seconds=507.951 eta_seconds=103.625 bootstraps=388
node=6500/7814 op=add seconds=509.721 eta_seconds=103.042 bootstraps=390
node=6510/7814 op=linear_ref seconds=511.123 eta_seconds=102.382 bootstraps=392
node=6520/7814 op=mul seconds=511.174 eta_seconds=101.451 bootstraps=392
node=6530/7814 op=cheb seconds=513.06 eta_seconds=100.884 bootstraps=394
node=6540/7814 op=cheb seconds=513.583 eta_seconds=100.047 bootstraps=394
node=6550/7814 op=repeat seconds=513.908 eta_seconds=99.1724 bootstraps=394
node=6560/7814 op=mul seconds=514.154 eta_seconds=98.2849 bootstraps=394
node=6570/7814 op=add seconds=514.539 eta_seconds=97.4256 bootstraps=394
node=6580/7814 op=mul seconds=514.727 eta_seconds=96.5309 bootstraps=394
node=6590/7814 op=scatter seconds=516.265 eta_seconds=95.8889 bootstraps=396
node=6600/7814 op=repeat seconds=516.743 eta_seconds=95.0493 bootstraps=396
node=6610/7814 op=sum seconds=516.982 eta_seconds=94.1673 bootstraps=396
node=6620/7814 op=add seconds=517.198 eta_seconds=93.2831 bootstraps=396
node=6630/7814 op=mul seconds=518.629 eta_seconds=92.6179 bootstraps=398
node=6640/7814 op=gather seconds=520.036 eta_seconds=91.9461 bootstraps=400
node=6650/7814 op=addp seconds=521.406 eta_seconds=91.2657 bootstraps=402
node=6660/7814 op=gather seconds=522.79 eta_seconds=90.5855 bootstraps=404
node=6670/7814 op=sum seconds=522.851 eta_seconds=89.6764 bootstraps=404
node=6680/7814 op=repeat seconds=525.593 eta_seconds=89.2249 bootstraps=406
node=6690/7814 op=cheb seconds=526.04 eta_seconds=88.381 bootstraps=406
node=6700/7814 op=mul seconds=526.315 eta_seconds=87.5098 bootstraps=406
node=6710/7814 op=mulp seconds=526.831 eta_seconds=86.6799 bootstraps=406
node=6720/7814 op=add seconds=528.343 eta_seconds=86.0129 bootstraps=408
node=6730/7814 op=add seconds=528.677 eta_seconds=85.1538 bootstraps=408
node=6740/7814 op=mul seconds=528.951 eta_seconds=84.2869 bootstraps=408
node=6750/7814 op=mul seconds=529.347 eta_seconds=83.4408 bootstraps=408
node=6760/7814 op=mul seconds=529.701 eta_seconds=82.5895 bootstraps=408
node=6770/7814 op=mul seconds=530.167 eta_seconds=81.7569 bootstraps=408
node=6780/7814 op=cheb seconds=531.376 eta_seconds=81.0388 bootstraps=410
node=6790/7814 op=add seconds=533.198 eta_seconds=80.4116 bootstraps=412
node=6800/7814 op=linear_ref seconds=534.722 eta_seconds=79.7364 bootstraps=414
node=6810/7814 op=cheb seconds=534.833 eta_seconds=78.8506 bootstraps=414
node=6820/7814 op=cheb seconds=536.666 eta_seconds=78.2179 bootstraps=416
node=6830/7814 op=cheb seconds=537.224 eta_seconds=77.398 bootstraps=416
node=6840/7814 op=repeat seconds=537.591 eta_seconds=76.5517 bootstraps=416
node=6850/7814 op=mul seconds=537.837 eta_seconds=75.6897 bootstraps=416
node=6860/7814 op=add seconds=538.207 eta_seconds=74.8469 bootstraps=416
node=6870/7814 op=mul seconds=538.389 eta_seconds=73.9795 bootstraps=416
node=6880/7814 op=scatter seconds=539.958 eta_seconds=73.3025 bootstraps=418
node=6890/7814 op=repeat seconds=540.513 eta_seconds=72.4868 bootstraps=418
node=6900/7814 op=sum seconds=540.866 eta_seconds=71.6452 bootstraps=418
node=6910/7814 op=add seconds=541.2 eta_seconds=70.8024 bootstraps=418
node=6920/7814 op=mul seconds=541.737 eta_seconds=69.9874 bootstraps=418
node=6930/7814 op=gather seconds=543.27 eta_seconds=69.3002 bootstraps=420
node=6940/7814 op=addp seconds=544.701 eta_seconds=68.5978 bootstraps=422
node=6950/7814 op=gather seconds=546.235 eta_seconds=67.906 bootstraps=424
node=6960/7814 op=mul seconds=546.34 eta_seconds=67.0366 bootstraps=424
node=6970/7814 op=repeat seconds=548.542 eta_seconds=66.4231 bootstraps=426
node=6980/7814 op=mulp seconds=548.972 eta_seconds=65.5936 bootstraps=426
node=6990/7814 op=gather seconds=549.346 eta_seconds=64.7584 bootstraps=426
node=7000/7814 op=mul seconds=549.903 eta_seconds=63.9459 bootstraps=426
node=7010/7814 op=scatter seconds=551.386 eta_seconds=63.2403 bootstraps=428
node=7020/7814 op=add seconds=551.495 eta_seconds=62.3771 bootstraps=428
node=7030/7814 op=mul seconds=551.766 eta_seconds=61.5341 bootstraps=428
node=7040/7814 op=mul seconds=552.07 eta_seconds=60.6963 bootstraps=428
node=7050/7814 op=mul seconds=552.286 eta_seconds=59.8506 bootstraps=428
node=7060/7814 op=mul seconds=552.578 eta_seconds=59.0147 bootstraps=428
node=7070/7814 op=cheb seconds=553.985 eta_seconds=58.2977 bootstraps=430
node=7080/7814 op=add seconds=555.786 eta_seconds=57.6196 bootstraps=432
node=7090/7814 op=linear_ref seconds=557.292 eta_seconds=56.9082 bootstraps=434
node=7100/7814 op=cheb seconds=557.409 eta_seconds=56.0549 bootstraps=434
node=7110/7814 op=addp seconds=557.609 eta_seconds=55.2119 bootstraps=434
node=7120/7814 op=mul seconds=559.918 eta_seconds=54.5762 bootstraps=436
node=7130/7814 op=repeat seconds=560.289 eta_seconds=53.75 bootstraps=436
node=7140/7814 op=mul seconds=560.504 eta_seconds=52.9104 bootstraps=436
node=7150/7814 op=mul seconds=560.805 eta_seconds=52.0803 bootstraps=436
node=7160/7814 op=mul seconds=560.948 eta_seconds=51.2375 bootstraps=436
node=7170/7814 op=add seconds=562.603 eta_seconds=50.5322 bootstraps=438
node=7180/7814 op=repeat seconds=562.922 eta_seconds=49.7064 bootstraps=438
node=7190/7814 op=sum seconds=563.275 eta_seconds=48.8851 bootstraps=438
node=7200/7814 op=add seconds=563.608 eta_seconds=48.0632 bootstraps=438
node=7210/7814 op=mul seconds=564.11 eta_seconds=47.2569 bootstraps=438
node=7220/7814 op=gather seconds=565.613 eta_seconds=46.5338 bootstraps=440
node=7230/7814 op=addp seconds=566.942 eta_seconds=45.7945 bootstraps=442
node=7240/7814 op=gather seconds=568.45 eta_seconds=45.0677 bootstraps=444
node=7250/7814 op=sum seconds=568.714 eta_seconds=44.242 bootstraps=444
node=7260/7814 op=cheb seconds=570.76 eta_seconds=43.5539 bootstraps=446
node=7270/7814 op=mul seconds=571.265 eta_seconds=42.7466 bootstraps=446
node=7280/7814 op=gather seconds=571.505 eta_seconds=41.9208 bootstraps=446
node=7290/7814 op=scatter seconds=571.722 eta_seconds=41.095 bootstraps=446
node=7300/7814 op=gather seconds=571.97 eta_seconds=40.273 bootstraps=446
node=7310/7814 op=add seconds=573.703 eta_seconds=39.5549 bootstraps=448
node=7320/7814 op=mul seconds=573.986 eta_seconds=38.7362 bootstraps=448
node=7330/7814 op=mul seconds=574.375 eta_seconds=37.926 bootstraps=448
node=7340/7814 op=mul seconds=574.76 eta_seconds=37.1167 bootstraps=448
node=7350/7814 op=mul seconds=575.246 eta_seconds=36.3148 bootstraps=448
node=7360/7814 op=cheb seconds=576.474 eta_seconds=35.5597 bootstraps=450
node=7370/7814 op=add seconds=578.394 eta_seconds=34.8449 bootstraps=452
node=7380/7814 op=linear_ref seconds=579.926 eta_seconds=34.1041 bootstraps=454
node=7390/7814 op=mul seconds=580.002 eta_seconds=33.2775 bootstraps=454
node=7400/7814 op=cheb seconds=582.969 eta_seconds=32.6148 bootstraps=456
node=7410/7814 op=cheb seconds=583.554 eta_seconds=31.8159 bootstraps=456
node=7420/7814 op=addp seconds=584.03 eta_seconds=31.0118 bootstraps=456
node=7430/7814 op=scatter seconds=584.732 eta_seconds=30.2203 bootstraps=456
node=7440/7814 op=add seconds=586.171 eta_seconds=29.4661 bootstraps=458
node=7450/7814 op=mul seconds=586.519 eta_seconds=28.6568 bootstraps=458
node=7460/7814 op=add seconds=586.779 eta_seconds=27.8445 bootstraps=458
node=7470/7814 op=repeat seconds=587.081 eta_seconds=27.0356 bootstraps=458
node=7480/7814 op=sum seconds=587.418 eta_seconds=26.2296 bootstraps=458
node=7490/7814 op=add seconds=587.776 eta_seconds=25.4258 bootstraps=458
node=7500/7814 op=mul seconds=589.072 eta_seconds=24.6625 bootstraps=460
node=7510/7814 op=gather seconds=589.668 eta_seconds=23.8694 bootstraps=460
node=7520/7814 op=addp seconds=591.085 eta_seconds=23.1089 bootstraps=462
node=7530/7814 op=gather seconds=592.605 eta_seconds=22.3506 bootstraps=464
node=7540/7814 op=mul seconds=592.71 eta_seconds=21.5388 bootstraps=464
node=7550/7814 op=repeat seconds=594.915 eta_seconds=20.8023 bootstraps=466
node=7560/7814 op=mulp seconds=595.345 eta_seconds=20.0023 bootstraps=466
node=7570/7814 op=gather seconds=595.757 eta_seconds=19.2027 bootstraps=466
node=7580/7814 op=mul seconds=596.317 eta_seconds=18.4087 bootstraps=466
node=7590/7814 op=scatter seconds=597.794 eta_seconds=17.6424 bootstraps=468
node=7600/7814 op=add seconds=597.903 eta_seconds=16.8357 bootstraps=468
node=7610/7814 op=mul seconds=598.175 eta_seconds=16.0352 bootstraps=468
node=7620/7814 op=mul seconds=598.483 eta_seconds=15.237 bootstraps=468
node=7630/7814 op=mul seconds=598.702 eta_seconds=14.4379 bootstraps=468
node=7640/7814 op=mul seconds=598.996 eta_seconds=13.6421 bootstraps=468
node=7650/7814 op=cheb seconds=600.439 eta_seconds=12.8722 bootstraps=470
node=7660/7814 op=add seconds=602.226 eta_seconds=12.1074 bootstraps=472
node=7670/7814 op=linear_ref seconds=603.762 eta_seconds=11.3353 bootstraps=474
node=7680/7814 op=cheb seconds=603.875 eta_seconds=10.5364 bootstraps=474
node=7690/7814 op=cheb seconds=605.707 eta_seconds=9.76693 bootstraps=476
node=7700/7814 op=cheb seconds=606.278 eta_seconds=8.97607 bootstraps=476
node=7710/7814 op=repeat seconds=606.601 eta_seconds=8.18243 bootstraps=476
node=7720/7814 op=mul seconds=606.85 eta_seconds=7.38911 bootstraps=476
node=7730/7814 op=add seconds=607.236 eta_seconds=6.59868 bootstraps=476
node=7740/7814 op=cheb seconds=607.549 eta_seconds=5.80861 bootstraps=476
node=7750/7814 op=add seconds=609.156 eta_seconds=5.03045 bootstraps=478
node=7760/7814 op=repeat seconds=609.394 eta_seconds=4.24063 bootstraps=478
node=7770/7814 op=sum seconds=609.634 eta_seconds=3.45224 bootstraps=478
node=7780/7814 op=add seconds=609.849 eta_seconds=2.66515 bootstraps=478
node=7790/7814 op=mul seconds=611.286 eta_seconds=1.88329 bootstraps=480
node=7800/7814 op=gather seconds=611.82 eta_seconds=1.09814 bootstraps=480
node=7810/7814 op=addp seconds=613.346 eta_seconds=0.314134 bootstraps=482
node=7814/7814 op=mulp seconds=614.365 eta_seconds=0 bootstraps=484
client_token=315 logit_margin=0.674904
passed=1 polynomial_error=9.65161e-07 exact_error=4.65086e-05 eval_seconds=614.444
