GPU 0: NVIDIA GB10
 SMs: 48, SharedMem: 100 KB, Blocks/SM: 24, Threads/SM: 1536, L2 size: 24 MB, Bus: 256-bit
Adding bootstrap precomputation to GPU for 32768 slots.
Plaintexts loaded: 248 ~ 6262MB
Rotation keys loaded: 85 ~ 15300MB
setup_seconds=26.5069
planned_logical_refreshes=15
node=1/402 op=public seconds=0.183476 eta_seconds=73.5739 bootstraps=0
node=11/402 op=mulp seconds=0.924471 eta_seconds=32.8607 bootstraps=0
node=21/402 op=addp seconds=3.07521 eta_seconds=55.7932 bootstraps=0
node=31/402 op=mulp seconds=4.15338 eta_seconds=49.7065 bootstraps=0
node=41/402 op=mul seconds=4.75201 eta_seconds=41.8409 bootstraps=0
node=51/402 op=repeat seconds=5.30959 eta_seconds=36.5425 bootstraps=0
node=61/402 op=mul seconds=5.89964 eta_seconds=32.98 bootstraps=0
node=71/402 op=gather seconds=6.97204 eta_seconds=32.5034 bootstraps=0
node=81/402 op=scatter seconds=7.54413 eta_seconds=29.8971 bootstraps=0
node=91/402 op=mul seconds=8.01297 eta_seconds=27.385 bootstraps=0
node=101/402 op=linear seconds=10.7919 eta_seconds=32.1621 bootstraps=2
node=111/402 op=mulp seconds=12.2719 eta_seconds=32.1723 bootstraps=4
node=121/402 op=sum seconds=14.9398 eta_seconds=34.6948 bootstraps=6
node=131/402 op=sum seconds=16.7197 eta_seconds=34.5882 bootstraps=8
node=141/402 op=gather seconds=19.1834 eta_seconds=35.5097 bootstraps=8
node=151/402 op=cheb seconds=21.0522 eta_seconds=34.9941 bootstraps=8
node=161/402 op=mul seconds=22.1505 eta_seconds=33.1569 bootstraps=8
node=171/402 op=mulp seconds=22.5775 eta_seconds=30.4994 bootstraps=8
node=181/402 op=gather seconds=24.6928 eta_seconds=30.1497 bootstraps=10
node=191/402 op=scatter seconds=25.3028 eta_seconds=27.9523 bootstraps=10
node=201/402 op=mulp seconds=26.4728 eta_seconds=26.4728 bootstraps=10
node=211/402 op=scatter seconds=27.3759 eta_seconds=24.781 bootstraps=10
node=221/402 op=mul seconds=27.4172 eta_seconds=22.4548 bootstraps=10
node=231/402 op=mul seconds=30.0244 eta_seconds=22.2259 bootstraps=12
node=241/402 op=addp seconds=30.8645 eta_seconds=20.619 bootstraps=12
node=251/402 op=linear_ref seconds=35.1872 eta_seconds=21.1684 bootstraps=16
node=261/402 op=mulp seconds=36.7083 eta_seconds=19.8309 bootstraps=18
client_token=6864 logit_margin=5.73049
node=271/402 op=mulp seconds=37.458 eta_seconds=18.107 bootstraps=18
node=281/402 op=addp seconds=39.6643 eta_seconds=17.0796 bootstraps=18
node=291/402 op=mulp seconds=42.1733 eta_seconds=16.0867 bootstraps=18
node=301/402 op=mul seconds=42.7678 eta_seconds=14.3506 bootstraps=18
node=311/402 op=repeat seconds=43.33 eta_seconds=12.6785 bootstraps=18
node=321/402 op=mul seconds=43.921 eta_seconds=11.0829 bootstraps=18
node=331/402 op=gather seconds=44.998 eta_seconds=9.65214 bootstraps=18
node=341/402 op=scatter seconds=45.5687 eta_seconds=8.15158 bootstraps=18
node=351/402 op=mul seconds=46.0533 eta_seconds=6.6915 bootstraps=18
node=361/402 op=add seconds=48.0198 eta_seconds=5.45377 bootstraps=20
node=371/402 op=repeat seconds=49.262 eta_seconds=4.11623 bootstraps=20
node=381/402 op=mulp seconds=51.2124 eta_seconds=2.82273 bootstraps=22
node=391/402 op=mul seconds=53.5425 eta_seconds=1.50631 bootstraps=24
node=401/402 op=mul seconds=55.6194 eta_seconds=0.138702 bootstraps=26
node=402/402 op=mulp seconds=55.6238 eta_seconds=0 bootstraps=26
client_token=6864 logit_margin=5.21142
passed=1 polynomial_error=1.38594e-05 exact_error=2.03527e-05 eval_seconds=55.625
