GPU 0: NVIDIA GB10
 SMs: 48, SharedMem: 100 KB, Blocks/SM: 24, Threads/SM: 1536, L2 size: 24 MB, Bus: 256-bit
Adding bootstrap precomputation to GPU for 32768 slots.
Plaintexts loaded: 248 ~ 4960MB
Rotation keys loaded: 85 ~ 15300MB
setup_seconds=31.7849
planned_logical_refreshes=1212
node=10/7814 op=public seconds=0.628891 eta_seconds=490.787 bootstraps=0
node=20/7814 op=repeat seconds=1.10301 eta_seconds=429.845 bootstraps=0
node=30/7814 op=gather seconds=1.84621 eta_seconds=479.03 bootstraps=0
node=40/7814 op=cheb seconds=2.27265 eta_seconds=441.69 bootstraps=0
node=50/7814 op=mul seconds=2.44394 eta_seconds=379.496 bootstraps=0
node=60/7814 op=repeat seconds=2.59546 eta_seconds=335.42 bootstraps=0
node=70/7814 op=add seconds=2.7101 eta_seconds=299.814 bootstraps=0
node=80/7814 op=mulp seconds=2.96133 eta_seconds=286.286 bootstraps=0
node=90/7814 op=mul seconds=3.1094 eta_seconds=266.856 bootstraps=0
node=100/7814 op=repeat seconds=3.45399 eta_seconds=266.441 bootstraps=0
node=110/7814 op=gather seconds=4.20631 eta_seconds=294.595 bootstraps=0
node=120/7814 op=repeat seconds=5.06094 eta_seconds=324.49 bootstraps=0
node=130/7814 op=cheb seconds=5.27893 eta_seconds=312.025 bootstraps=0
node=140/7814 op=mul seconds=5.42328 eta_seconds=297.273 bootstraps=0
node=150/7814 op=mulp seconds=5.5605 eta_seconds=284.105 bootstraps=0
node=160/7814 op=gather seconds=5.76018 eta_seconds=275.553 bootstraps=0
node=170/7814 op=scatter seconds=5.88081 eta_seconds=264.429 bootstraps=0
node=180/7814 op=add seconds=5.97201 eta_seconds=253.28 bootstraps=0
node=190/7814 op=repeat seconds=7.20533 eta_seconds=289.123 bootstraps=2
node=200/7814 op=mul seconds=7.322 eta_seconds=278.749 bootstraps=2
node=210/7814 op=mul seconds=7.43091 eta_seconds=269.07 bootstraps=2
node=220/7814 op=mul seconds=8.79361 eta_seconds=303.54 bootstraps=4
node=230/7814 op=mulp seconds=9.56428 eta_seconds=315.372 bootstraps=4
node=240/7814 op=mul seconds=10.8765 eta_seconds=343.246 bootstraps=6
node=250/7814 op=linear_ref seconds=11.6207 eta_seconds=351.596 bootstraps=6
node=260/7814 op=mulp seconds=12.5668 eta_seconds=365.115 bootstraps=8
node=270/7814 op=mul seconds=12.9432 eta_seconds=361.644 bootstraps=8
node=280/7814 op=repeat seconds=13.0662 eta_seconds=351.574 bootstraps=8
node=290/7814 op=gather seconds=13.4425 eta_seconds=348.762 bootstraps=8
node=300/7814 op=addp seconds=13.466 eta_seconds=337.277 bootstraps=8
node=310/7814 op=cheb seconds=14.8522 eta_seconds=359.52 bootstraps=10
node=320/7814 op=repeat seconds=15.0377 eta_seconds=352.163 bootstraps=10
node=330/7814 op=mul seconds=15.1512 eta_seconds=343.611 bootstraps=10
node=340/7814 op=add seconds=15.327 eta_seconds=336.923 bootstraps=10
node=350/7814 op=mulp seconds=15.7245 eta_seconds=335.337 bootstraps=10
node=360/7814 op=add seconds=16.9887 eta_seconds=351.76 bootstraps=12
node=370/7814 op=linear seconds=17.4334 eta_seconds=350.742 bootstraps=12
node=380/7814 op=cheb seconds=17.5545 eta_seconds=343.422 bootstraps=12
node=390/7814 op=mul seconds=17.7728 eta_seconds=338.321 bootstraps=12
node=400/7814 op=gather seconds=17.9141 eta_seconds=332.037 bootstraps=12
node=410/7814 op=scatter seconds=18.0369 eta_seconds=325.72 bootstraps=12
node=420/7814 op=gather seconds=18.1834 eta_seconds=320.114 bootstraps=12
node=430/7814 op=gather seconds=19.7224 eta_seconds=338.674 bootstraps=14
node=440/7814 op=add seconds=19.9919 eta_seconds=335.046 bootstraps=14
node=450/7814 op=mul seconds=20.1326 eta_seconds=329.459 bootstraps=14
node=460/7814 op=scatter seconds=20.5146 eta_seconds=327.965 bootstraps=14
node=470/7814 op=addp seconds=21.805 eta_seconds=340.714 bootstraps=16
node=480/7814 op=cheb seconds=23.2046 eta_seconds=354.548 bootstraps=18
node=490/7814 op=gather seconds=23.6642 eta_seconds=353.707 bootstraps=18
node=500/7814 op=mulp seconds=23.7099 eta_seconds=346.828 bootstraps=18
node=510/7814 op=mulp seconds=24.1357 eta_seconds=345.66 bootstraps=18
node=520/7814 op=cheb seconds=25.4431 eta_seconds=356.889 bootstraps=20
node=530/7814 op=addp seconds=25.5883 eta_seconds=351.67 bootstraps=20
node=540/7814 op=mul seconds=25.7069 eta_seconds=346.281 bootstraps=20
node=550/7814 op=mul seconds=25.886 eta_seconds=341.884 bootstraps=20
node=560/7814 op=mulp seconds=26.096 eta_seconds=338.037 bootstraps=20
node=570/7814 op=addp seconds=26.5426 eta_seconds=337.324 bootstraps=20
node=580/7814 op=mulp seconds=26.5845 eta_seconds=331.573 bootstraps=20
node=590/7814 op=add seconds=27.9042 eta_seconds=341.661 bootstraps=22
node=600/7814 op=mul seconds=28.3159 eta_seconds=340.452 bootstraps=22
node=610/7814 op=repeat seconds=28.9172 eta_seconds=341.508 bootstraps=22
node=620/7814 op=cheb seconds=29.085 eta_seconds=337.48 bootstraps=22
node=630/7814 op=mul seconds=29.2268 eta_seconds=333.278 bootstraps=22
node=640/7814 op=gather seconds=29.4073 eta_seconds=329.638 bootstraps=22
node=650/7814 op=mulp seconds=29.4895 eta_seconds=325.019 bootstraps=22
node=660/7814 op=gather seconds=31.0637 eta_seconds=336.711 bootstraps=24
node=670/7814 op=add seconds=31.3378 eta_seconds=334.145 bootstraps=24
node=680/7814 op=mul seconds=31.5052 eta_seconds=330.526 bootstraps=24
node=690/7814 op=add seconds=31.8884 eta_seconds=329.236 bootstraps=24
node=700/7814 op=sum seconds=33.1649 eta_seconds=337.05 bootstraps=26
node=710/7814 op=gather seconds=33.6503 eta_seconds=336.692 bootstraps=26
node=720/7814 op=gather seconds=34.9407 eta_seconds=344.263 bootstraps=28
node=730/7814 op=sum seconds=34.9716 eta_seconds=339.368 bootstraps=28
node=740/7814 op=sum seconds=35.3794 eta_seconds=338.208 bootstraps=28
node=750/7814 op=add seconds=36.6294 eta_seconds=345 bootstraps=30
node=760/7814 op=mulp seconds=36.7904 eta_seconds=341.473 bootstraps=30
node=770/7814 op=add seconds=36.9203 eta_seconds=337.749 bootstraps=30
node=780/7814 op=mulp seconds=37.107 eta_seconds=334.629 bootstraps=30
node=790/7814 op=repeat seconds=37.3183 eta_seconds=331.802 bootstraps=30
node=800/7814 op=gather seconds=37.6967 eta_seconds=330.506 bootstraps=30
node=810/7814 op=addp seconds=37.7223 eta_seconds=326.182 bootstraps=30
node=820/7814 op=scatter seconds=39.0764 eta_seconds=333.293 bootstraps=32
node=830/7814 op=cheb seconds=39.4335 eta_seconds=331.811 bootstraps=32
node=840/7814 op=cheb seconds=39.6639 eta_seconds=329.305 bootstraps=32
node=850/7814 op=repeat seconds=39.8028 eta_seconds=326.102 bootstraps=32
node=860/7814 op=mul seconds=39.9222 eta_seconds=322.813 bootstraps=32
node=870/7814 op=add seconds=40.108 eta_seconds=320.127 bootstraps=32
node=880/7814 op=mul seconds=40.1988 eta_seconds=316.748 bootstraps=32
node=890/7814 op=addp seconds=41.5992 eta_seconds=323.632 bootstraps=34
node=900/7814 op=add seconds=41.8651 eta_seconds=321.617 bootstraps=34
node=910/7814 op=repeat seconds=42.0463 eta_seconds=318.997 bootstraps=34
node=920/7814 op=gather seconds=43.3079 eta_seconds=324.526 bootstraps=36
node=930/7814 op=linear seconds=44.9906 eta_seconds=333.027 bootstraps=38
node=940/7814 op=mulp seconds=45.0856 eta_seconds=329.7 bootstraps=38
node=950/7814 op=gather seconds=46.7244 eta_seconds=337.596 bootstraps=40
node=960/7814 op=addp seconds=46.753 eta_seconds=333.797 bootstraps=40
node=970/7814 op=mul seconds=47.1492 eta_seconds=332.67 bootstraps=40
node=980/7814 op=mul seconds=48.466 eta_seconds=337.977 bootstraps=42
node=990/7814 op=repeat seconds=48.6667 eta_seconds=335.456 bootstraps=42
node=1000/7814 op=mul seconds=48.7927 eta_seconds=332.473 bootstraps=42
node=1010/7814 op=cheb seconds=49.0986 eta_seconds=330.76 bootstraps=42
node=1020/7814 op=gather seconds=49.5464 eta_seconds=330.018 bootstraps=42
node=1030/7814 op=sum seconds=49.5781 eta_seconds=326.542 bootstraps=42
node=1040/7814 op=scatter seconds=50.6936 eta_seconds=330.191 bootstraps=44
node=1050/7814 op=scatter seconds=50.823 eta_seconds=327.397 bootstraps=44
node=1060/7814 op=mul seconds=50.9893 eta_seconds=324.888 bootstraps=44
node=1070/7814 op=repeat seconds=52.3708 eta_seconds=330.083 bootstraps=46
node=1080/7814 op=cheb seconds=53.3278 eta_seconds=332.509 bootstraps=46
node=1090/7814 op=mul seconds=53.5407 eta_seconds=330.282 bootstraps=46
node=1100/7814 op=gather seconds=53.6833 eta_seconds=327.663 bootstraps=46
node=1110/7814 op=gather seconds=53.9498 eta_seconds=325.838 bootstraps=46
node=1120/7814 op=mul seconds=55.4825 eta_seconds=331.607 bootstraps=48
node=1130/7814 op=add seconds=55.5374 eta_seconds=328.506 bootstraps=48
node=1140/7814 op=add seconds=55.6895 eta_seconds=326.028 bootstraps=48
node=1150/7814 op=sum seconds=55.8711 eta_seconds=323.761 bootstraps=48
node=1160/7814 op=add seconds=56.0421 eta_seconds=321.469 bootstraps=48
node=1170/7814 op=linear seconds=57.6574 eta_seconds=327.415 bootstraps=50
node=1180/7814 op=mul seconds=57.7061 eta_seconds=324.426 bootstraps=50
node=1190/7814 op=mulp seconds=57.7493 eta_seconds=321.455 bootstraps=50
node=1200/7814 op=cheb seconds=59.3666 eta_seconds=327.209 bootstraps=52
node=1210/7814 op=mul seconds=59.5717 eta_seconds=325.133 bootstraps=52
node=1220/7814 op=gather seconds=59.7156 eta_seconds=322.758 bootstraps=52
node=1230/7814 op=scatter seconds=59.8451 eta_seconds=320.342 bootstraps=52
node=1240/7814 op=gather seconds=59.9929 eta_seconds=318.059 bootstraps=52
node=1250/7814 op=sum seconds=60.5014 eta_seconds=317.705 bootstraps=52
node=1260/7814 op=add seconds=61.6632 eta_seconds=320.747 bootstraps=54
node=1270/7814 op=linear seconds=62.1041 eta_seconds=320.007 bootstraps=54
node=1280/7814 op=mulp seconds=62.1959 eta_seconds=317.491 bootstraps=54
node=1290/7814 op=addp seconds=62.6436 eta_seconds=316.811 bootstraps=54
node=1300/7814 op=mulp seconds=62.6839 eta_seconds=314.095 bootstraps=54
node=1310/7814 op=cheb seconds=64.4336 eta_seconds=319.905 bootstraps=56
node=1320/7814 op=cheb seconds=64.7315 eta_seconds=318.459 bootstraps=56
node=1330/7814 op=repeat seconds=64.8327 eta_seconds=316.072 bootstraps=56
node=1340/7814 op=add seconds=64.9414 eta_seconds=313.754 bootstraps=56
node=1350/7814 op=mul seconds=65.1216 eta_seconds=311.812 bootstraps=56
node=1360/7814 op=add seconds=65.2083 eta_seconds=309.452 bootstraps=56
node=1370/7814 op=addp seconds=66.6057 eta_seconds=313.29 bootstraps=58
node=1380/7814 op=add seconds=66.8748 eta_seconds=311.792 bootstraps=58
node=1390/7814 op=repeat seconds=67.1314 eta_seconds=310.254 bootstraps=58
node=1400/7814 op=addp seconds=67.4205 eta_seconds=308.882 bootstraps=58
node=1410/7814 op=gather seconds=68.7881 eta_seconds=312.425 bootstraps=60
node=1420/7814 op=sum seconds=68.8398 eta_seconds=309.973 bootstraps=60
node=1430/7814 op=gather seconds=69.3334 eta_seconds=309.527 bootstraps=60
node=1440/7814 op=cheb seconds=70.7228 eta_seconds=313.047 bootstraps=62
node=1450/7814 op=repeat seconds=70.807 eta_seconds=310.769 bootstraps=62
node=1460/7814 op=mul seconds=71.1752 eta_seconds=309.758 bootstraps=62
node=1470/7814 op=addp seconds=71.652 eta_seconds=309.225 bootstraps=62
node=1480/7814 op=add seconds=72.691 eta_seconds=311.098 bootstraps=64
node=1490/7814 op=scatter seconds=72.7821 eta_seconds=308.909 bootstraps=64
node=1500/7814 op=add seconds=72.9596 eta_seconds=307.111 bootstraps=64
node=1510/7814 op=gather seconds=73.4623 eta_seconds=306.693 bootstraps=64
node=1520/7814 op=addp seconds=73.5165 eta_seconds=304.416 bootstraps=64
node=1530/7814 op=sum seconds=75.0017 eta_seconds=308.046 bootstraps=66
node=1540/7814 op=cheb seconds=75.6186 eta_seconds=308.072 bootstraps=66
node=1550/7814 op=cheb seconds=75.8934 eta_seconds=306.707 bootstraps=66
node=1560/7814 op=repeat seconds=76.0339 eta_seconds=304.818 bootstraps=66
node=1570/7814 op=gather seconds=76.3754 eta_seconds=303.75 bootstraps=66
node=1580/7814 op=add seconds=77.8632 eta_seconds=307.215 bootstraps=68
node=1590/7814 op=mul seconds=77.8856 eta_seconds=304.881 bootstraps=68
node=1600/7814 op=mulp seconds=78.0398 eta_seconds=303.087 bootstraps=68
node=1610/7814 op=mul seconds=78.1563 eta_seconds=301.169 bootstraps=68
node=1620/7814 op=sum seconds=78.3071 eta_seconds=299.404 bootstraps=68
node=1630/7814 op=linear seconds=79.675 eta_seconds=302.276 bootstraps=70
node=1640/7814 op=cheb seconds=79.7541 eta_seconds=300.245 bootstraps=70
node=1650/7814 op=mulp seconds=79.8239 eta_seconds=298.203 bootstraps=70
node=1660/7814 op=repeat seconds=80.3509 eta_seconds=297.879 bootstraps=70
node=1670/7814 op=add seconds=81.777 eta_seconds=300.861 bootstraps=72
node=1680/7814 op=mulp seconds=81.9385 eta_seconds=299.173 bootstraps=72
node=1690/7814 op=add seconds=82.0455 eta_seconds=297.306 bootstraps=72
node=1700/7814 op=mulp seconds=82.1975 eta_seconds=295.621 bootstraps=72
node=1710/7814 op=linear_ref seconds=82.6729 eta_seconds=295.108 bootstraps=72
node=1720/7814 op=scatter seconds=83.7598 eta_seconds=296.763 bootstraps=74
node=1730/7814 op=repeat seconds=84.0106 eta_seconds=295.445 bootstraps=74
node=1740/7814 op=addp seconds=84.2993 eta_seconds=294.272 bootstraps=74
node=1750/7814 op=gather seconds=84.8016 eta_seconds=293.85 bootstraps=74
node=1760/7814 op=mulp seconds=84.9256 eta_seconds=292.125 bootstraps=74
node=1770/7814 op=cheb seconds=86.0554 eta_seconds=293.853 bootstraps=76
node=1780/7814 op=cheb seconds=87.0039 eta_seconds=294.933 bootstraps=76
node=1790/7814 op=mulp seconds=87.1126 eta_seconds=293.165 bootstraps=76
node=1800/7814 op=gather seconds=87.2823 eta_seconds=291.62 bootstraps=76
node=1810/7814 op=gather seconds=87.3944 eta_seconds=289.898 bootstraps=76
node=1820/7814 op=scatter seconds=87.5033 eta_seconds=288.184 bootstraps=76
node=1830/7814 op=mulp seconds=88.8557 eta_seconds=290.553 bootstraps=78
node=1840/7814 op=scatter seconds=89.1238 eta_seconds=289.362 bootstraps=78
node=1850/7814 op=add seconds=89.2696 eta_seconds=287.786 bootstraps=78
node=1860/7814 op=mul seconds=89.6465 eta_seconds=286.965 bootstraps=78
node=1870/7814 op=gather seconds=91.0031 eta_seconds=289.263 bootstraps=80
node=1880/7814 op=cheb seconds=91.1177 eta_seconds=287.602 bootstraps=80
node=1890/7814 op=mulp seconds=91.1515 eta_seconds=285.704 bootstraps=80
node=1900/7814 op=mulp seconds=92.6756 eta_seconds=288.465 bootstraps=82
node=1910/7814 op=mul seconds=92.8573 eta_seconds=287.031 bootstraps=82
node=1920/7814 op=mulp seconds=92.9663 eta_seconds=285.387 bootstraps=82
node=1930/7814 op=mul seconds=93.1209 eta_seconds=283.898 bootstraps=82
node=1940/7814 op=cheb seconds=93.352 eta_seconds=282.654 bootstraps=82
node=1950/7814 op=scatter seconds=94.6866 eta_seconds=284.74 bootstraps=84
node=1960/7814 op=sum seconds=94.9126 eta_seconds=283.479 bootstraps=84
node=1970/7814 op=sum seconds=95.2686 eta_seconds=282.614 bootstraps=84
node=1980/7814 op=gather seconds=95.7655 eta_seconds=282.17 bootstraps=84
node=1990/7814 op=repeat seconds=95.8861 eta_seconds=280.623 bootstraps=84
node=2000/7814 op=addp seconds=95.915 eta_seconds=278.825 bootstraps=84
node=2010/7814 op=mul seconds=97.7852 eta_seconds=282.361 bootstraps=86
node=2020/7814 op=mulp seconds=98.0043 eta_seconds=281.107 bootstraps=86
node=2030/7814 op=gather seconds=98.1568 eta_seconds=279.674 bootstraps=86
node=2040/7814 op=gather seconds=98.27 eta_seconds=278.143 bootstraps=86
node=2050/7814 op=scatter seconds=98.3791 eta_seconds=276.613 bootstraps=86
node=2060/7814 op=sum seconds=99.7986 eta_seconds=278.758 bootstraps=88
node=2070/7814 op=scatter seconds=100.074 eta_seconds=277.694 bootstraps=88
node=2080/7814 op=repeat seconds=100.245 eta_seconds=276.35 bootstraps=88
node=2090/7814 op=linear_ref seconds=100.631 eta_seconds=275.604 bootstraps=88
node=2100/7814 op=mulp seconds=101.583 eta_seconds=276.404 bootstraps=90
node=2110/7814 op=mul seconds=102.027 eta_seconds=275.811 bootstraps=90
node=2120/7814 op=repeat seconds=102.109 eta_seconds=274.248 bootstraps=90
node=2130/7814 op=repeat seconds=103.841 eta_seconds=277.105 bootstraps=92
node=2140/7814 op=cheb seconds=104.063 eta_seconds=275.913 bootstraps=92
node=2150/7814 op=gather seconds=104.235 eta_seconds=274.599 bootstraps=92
node=2160/7814 op=linear_ref seconds=104.889 eta_seconds=274.556 bootstraps=92
node=2170/7814 op=add seconds=105.854 eta_seconds=275.318 bootstraps=94
node=2180/7814 op=mul seconds=106.01 eta_seconds=273.973 bootstraps=94
node=2190/7814 op=add seconds=106.125 eta_seconds=272.533 bootstraps=94
node=2200/7814 op=mul seconds=106.535 eta_seconds=271.859 bootstraps=94
node=2210/7814 op=gather seconds=107.041 eta_seconds=271.428 bootstraps=94
node=2220/7814 op=sum seconds=107.084 eta_seconds=269.833 bootstraps=94
node=2230/7814 op=mul seconds=108.207 eta_seconds=270.954 bootstraps=96
node=2240/7814 op=repeat seconds=109.451 eta_seconds=272.356 bootstraps=96
node=2250/7814 op=mulp seconds=109.66 eta_seconds=271.177 bootstraps=96
node=2260/7814 op=gather seconds=109.872 eta_seconds=270.013 bootstraps=96
node=2270/7814 op=mul seconds=110.118 eta_seconds=268.941 bootstraps=96
node=2280/7814 op=addp seconds=111.646 eta_seconds=270.986 bootstraps=98
node=2290/7814 op=scatter seconds=111.798 eta_seconds=269.683 bootstraps=98
node=2300/7814 op=add seconds=111.849 eta_seconds=268.145 bootstraps=98
node=2310/7814 op=sum seconds=112.033 eta_seconds=266.94 bootstraps=98
node=2320/7814 op=add seconds=112.213 eta_seconds=265.733 bootstraps=98
node=2330/7814 op=mulp seconds=113.433 eta_seconds=266.981 bootstraps=100
node=2340/7814 op=cheb seconds=113.895 eta_seconds=266.435 bootstraps=100
node=2350/7814 op=mulp seconds=113.919 eta_seconds=264.874 bootstraps=100
node=2360/7814 op=cheb seconds=115.609 eta_seconds=267.174 bootstraps=102
node=2370/7814 op=mul seconds=115.812 eta_seconds=266.027 bootstraps=102
node=2380/7814 op=gather seconds=115.976 eta_seconds=264.796 bootstraps=102
node=2390/7814 op=cheb seconds=116.423 eta_seconds=264.216 bootstraps=102
node=2400/7814 op=mul seconds=117.692 eta_seconds=265.494 bootstraps=104
node=2410/7814 op=add seconds=117.845 eta_seconds=264.248 bootstraps=104
node=2420/7814 op=add seconds=117.936 eta_seconds=262.87 bootstraps=104
node=2430/7814 op=cheb seconds=118.125 eta_seconds=261.723 bootstraps=104
node=2440/7814 op=gather seconds=118.588 eta_seconds=261.185 bootstraps=104
node=2450/7814 op=sum seconds=118.64 eta_seconds=259.749 bootstraps=104
node=2460/7814 op=addp seconds=120.123 eta_seconds=261.438 bootstraps=106
node=2470/7814 op=cheb seconds=120.754 eta_seconds=261.259 bootstraps=106
node=2480/7814 op=cheb seconds=121.077 eta_seconds=260.414 bootstraps=106
node=2490/7814 op=repeat seconds=121.162 eta_seconds=259.062 bootstraps=106
node=2500/7814 op=mulp seconds=121.528 eta_seconds=258.32 bootstraps=106
node=2510/7814 op=scatter seconds=122.993 eta_seconds=259.902 bootstraps=108
node=2520/7814 op=add seconds=123.017 eta_seconds=258.433 bootstraps=108
node=2530/7814 op=mul seconds=123.173 eta_seconds=257.252 bootstraps=108
node=2540/7814 op=add seconds=123.29 eta_seconds=255.997 bootstraps=108
node=2550/7814 op=repeat seconds=123.472 eta_seconds=254.885 bootstraps=108
node=2560/7814 op=gather seconds=124.821 eta_seconds=256.175 bootstraps=110
node=2570/7814 op=mulp seconds=124.876 eta_seconds=254.804 bootstraps=110
node=2580/7814 op=scatter seconds=125.324 eta_seconds=254.242 bootstraps=110
node=2590/7814 op=gather seconds=125.741 eta_seconds=253.617 bootstraps=110
node=2600/7814 op=cheb seconds=127.101 eta_seconds=254.887 bootstraps=112
node=2610/7814 op=repeat seconds=127.186 eta_seconds=253.592 bootstraps=112
node=2620/7814 op=add seconds=127.294 eta_seconds=252.354 bootstraps=112
node=2630/7814 op=mul seconds=127.482 eta_seconds=251.28 bootstraps=112
node=2640/7814 op=mul seconds=128.026 eta_seconds=250.913 bootstraps=112
node=2650/7814 op=scatter seconds=129.143 eta_seconds=251.658 bootstraps=114
node=2660/7814 op=add seconds=129.324 eta_seconds=250.577 bootstraps=114
node=2670/7814 op=gather seconds=129.831 eta_seconds=250.132 bootstraps=114
node=2680/7814 op=addp seconds=129.886 eta_seconds=248.818 bootstraps=114
node=2690/7814 op=sum seconds=131.372 eta_seconds=250.242 bootstraps=116
node=2700/7814 op=cheb seconds=131.985 eta_seconds=249.989 bootstraps=116
node=2710/7814 op=cheb seconds=132.232 eta_seconds=249.046 bootstraps=116
node=2720/7814 op=repeat seconds=132.373 eta_seconds=247.907 bootstraps=116
node=2730/7814 op=mul seconds=132.494 eta_seconds=246.741 bootstraps=116
node=2740/7814 op=add seconds=132.682 eta_seconds=245.704 bootstraps=116
node=2750/7814 op=cheb seconds=132.823 eta_seconds=244.587 bootstraps=116
node=2760/7814 op=scatter seconds=134.286 eta_seconds=245.899 bootstraps=118
node=2770/7814 op=mul seconds=134.501 eta_seconds=244.917 bootstraps=118
node=2780/7814 op=sum seconds=134.651 eta_seconds=243.824 bootstraps=118
node=2790/7814 op=linear_ref seconds=136.043 eta_seconds=244.975 bootstraps=120
node=2800/7814 op=mulp seconds=136.128 eta_seconds=243.766 bootstraps=120
node=2810/7814 op=sum seconds=137.752 eta_seconds=245.307 bootstraps=122
client_token=315 logit_margin=1.89749
node=2820/7814 op=sum seconds=138.847 eta_seconds=245.887 bootstraps=124
node=2830/7814 op=gather seconds=139.715 eta_seconds=246.057 bootstraps=124
node=2840/7814 op=cheb seconds=140.32 eta_seconds=245.757 bootstraps=124
node=2850/7814 op=mul seconds=140.679 eta_seconds=245.028 bootstraps=124
node=2860/7814 op=mulp seconds=140.829 eta_seconds=243.939 bootstraps=124
node=2870/7814 op=gather seconds=141.017 eta_seconds=242.923 bootstraps=124
node=2880/7814 op=scatter seconds=141.138 eta_seconds=241.797 bootstraps=124
node=2890/7814 op=mul seconds=141.325 eta_seconds=240.791 bootstraps=124
node=2900/7814 op=mul seconds=141.475 eta_seconds=239.726 bootstraps=124
node=2910/7814 op=scatter seconds=142.496 eta_seconds=240.137 bootstraps=126
node=2920/7814 op=mul seconds=142.646 eta_seconds=239.078 bootstraps=126
node=2930/7814 op=mul seconds=142.753 eta_seconds=237.955 bootstraps=126
node=2940/7814 op=mul seconds=144.1 eta_seconds=238.893 bootstraps=128
node=2950/7814 op=scatter seconds=145.645 eta_seconds=240.142 bootstraps=130
node=2960/7814 op=gather seconds=146.937 eta_seconds=240.956 bootstraps=132
node=2970/7814 op=mulp seconds=146.967 eta_seconds=239.7 bootstraps=132
node=2980/7814 op=cheb seconds=148.265 eta_seconds=240.508 bootstraps=134
node=2990/7814 op=cheb seconds=148.577 eta_seconds=239.712 bootstraps=134
node=3000/7814 op=repeat seconds=148.68 eta_seconds=238.582 bootstraps=134
node=3010/7814 op=add seconds=148.782 eta_seconds=237.458 bootstraps=134
node=3020/7814 op=mul seconds=148.958 eta_seconds=236.458 bootstraps=134
node=3030/7814 op=scatter seconds=150.14 eta_seconds=237.053 bootstraps=136
node=3040/7814 op=mul seconds=150.3 eta_seconds=236.031 bootstraps=136
node=3050/7814 op=sum seconds=150.484 eta_seconds=235.051 bootstraps=136
node=3060/7814 op=add seconds=150.666 eta_seconds=234.075 bootstraps=136
node=3070/7814 op=repeat seconds=151.877 eta_seconds=234.693 bootstraps=138
node=3080/7814 op=mul seconds=153.479 eta_seconds=235.899 bootstraps=140
node=3090/7814 op=gather seconds=154.816 eta_seconds=236.682 bootstraps=142
node=3100/7814 op=mul seconds=154.87 eta_seconds=235.503 bootstraps=142
node=3110/7814 op=mul seconds=156.278 eta_seconds=236.377 bootstraps=144
node=3120/7814 op=cheb seconds=156.578 eta_seconds=235.57 bootstraps=144
node=3130/7814 op=repeat seconds=156.68 eta_seconds=234.469 bootstraps=144
node=3140/7814 op=add seconds=156.788 eta_seconds=233.384 bootstraps=144
node=3150/7814 op=mul seconds=156.968 eta_seconds=232.412 bootstraps=144
node=3160/7814 op=scatter seconds=158.137 eta_seconds=232.901 bootstraps=146
node=3170/7814 op=mul seconds=158.349 eta_seconds=231.979 bootstraps=146
node=3180/7814 op=mul seconds=158.482 eta_seconds=230.946 bootstraps=146
node=3190/7814 op=mul seconds=158.717 eta_seconds=230.065 bootstraps=146
node=3200/7814 op=cheb seconds=159.879 eta_seconds=230.526 bootstraps=148
node=3210/7814 op=add seconds=161.507 eta_seconds=231.644 bootstraps=150
node=3220/7814 op=linear_ref seconds=162.775 eta_seconds=232.233 bootstraps=152
node=3230/7814 op=mul seconds=162.802 eta_seconds=231.048 bootstraps=152
node=3240/7814 op=cheb seconds=164.092 eta_seconds=231.654 bootstraps=154
node=3250/7814 op=cheb seconds=164.324 eta_seconds=230.762 bootstraps=154
node=3260/7814 op=repeat seconds=164.464 eta_seconds=229.746 bootstraps=154
node=3270/7814 op=mul seconds=164.586 eta_seconds=228.709 bootstraps=154
node=3280/7814 op=add seconds=164.772 eta_seconds=227.768 bootstraps=154
node=3290/7814 op=mul seconds=164.862 eta_seconds=226.698 bootstraps=154
node=3300/7814 op=scatter seconds=166.012 eta_seconds=227.084 bootstraps=156
node=3310/7814 op=add seconds=166.192 eta_seconds=226.142 bootstraps=156
node=3320/7814 op=repeat seconds=166.339 eta_seconds=225.159 bootstraps=156
node=3330/7814 op=addp seconds=167.604 eta_seconds=225.687 bootstraps=158
node=3340/7814 op=linear_ref seconds=170.069 eta_seconds=227.811 bootstraps=162
node=3350/7814 op=mulp seconds=170.985 eta_seconds=227.843 bootstraps=164
node=3360/7814 op=addp seconds=171.365 eta_seconds=227.16 bootstraps=164
node=3370/7814 op=cheb seconds=172.468 eta_seconds=227.432 bootstraps=166
node=3380/7814 op=cheb seconds=173.102 eta_seconds=227.081 bootstraps=166
node=3390/7814 op=repeat seconds=173.285 eta_seconds=226.139 bootstraps=166
node=3400/7814 op=gather seconds=173.521 eta_seconds=225.271 bootstraps=166
node=3410/7814 op=cheb seconds=173.707 eta_seconds=224.342 bootstraps=166
node=3420/7814 op=scatter seconds=174.929 eta_seconds=224.748 bootstraps=168
node=3430/7814 op=scatter seconds=175.044 eta_seconds=223.73 bootstraps=168
node=3440/7814 op=mul seconds=175.17 eta_seconds=222.731 bootstraps=168
node=3450/7814 op=mul seconds=175.333 eta_seconds=221.784 bootstraps=168
node=3460/7814 op=mulp seconds=176.5 eta_seconds=222.104 bootstraps=170
node=3470/7814 op=mul seconds=177.851 eta_seconds=222.647 bootstraps=172
node=3480/7814 op=mul seconds=179.106 eta_seconds=223.059 bootstraps=174
node=3490/7814 op=gather seconds=179.554 eta_seconds=222.462 bootstraps=174
node=3500/7814 op=addp seconds=179.596 eta_seconds=221.365 bootstraps=174
node=3510/7814 op=mulp seconds=181.053 eta_seconds=222.009 bootstraps=176
node=3520/7814 op=mul seconds=181.229 eta_seconds=221.079 bootstraps=176
node=3530/7814 op=mulp seconds=181.36 eta_seconds=220.098 bootstraps=176
node=3540/7814 op=mul seconds=181.539 eta_seconds=219.181 bootstraps=176
node=3550/7814 op=mul seconds=181.623 eta_seconds=218.152 bootstraps=176
node=3560/7814 op=scatter seconds=182.755 eta_seconds=218.382 bootstraps=178
node=3570/7814 op=repeat seconds=183.009 eta_seconds=217.56 bootstraps=178
node=3580/7814 op=sum seconds=183.169 eta_seconds=216.63 bootstraps=178
node=3590/7814 op=sum seconds=183.519 eta_seconds=215.929 bootstraps=178
node=3600/7814 op=cheb seconds=185.755 eta_seconds=217.436 bootstraps=182
node=3610/7814 op=repeat seconds=186.998 eta_seconds=217.768 bootstraps=184
node=3620/7814 op=gather seconds=187.438 eta_seconds=217.159 bootstraps=184
node=3630/7814 op=mulp seconds=187.485 eta_seconds=216.099 bootstraps=184
node=3640/7814 op=mul seconds=188.976 eta_seconds=216.7 bootstraps=186
node=3650/7814 op=repeat seconds=189.133 eta_seconds=215.767 bootstraps=186
node=3660/7814 op=scatter seconds=189.34 eta_seconds=214.896 bootstraps=186
node=3670/7814 op=mul seconds=190.537 eta_seconds=215.146 bootstraps=188
node=3680/7814 op=scatter seconds=190.693 eta_seconds=214.219 bootstraps=188
node=3690/7814 op=scatter seconds=190.785 eta_seconds=213.225 bootstraps=188
node=3700/7814 op=mul seconds=190.882 eta_seconds=212.24 bootstraps=188
node=3710/7814 op=mul seconds=191.006 eta_seconds=211.291 bootstraps=188
node=3720/7814 op=scatter seconds=192.323 eta_seconds=211.659 bootstraps=190
node=3730/7814 op=gather seconds=192.742 eta_seconds=211.035 bootstraps=190
node=3740/7814 op=cheb seconds=194.867 eta_seconds=212.269 bootstraps=194
node=3750/7814 op=gather seconds=195.343 eta_seconds=211.7 bootstraps=194
node=3760/7814 op=addp seconds=195.462 eta_seconds=210.746 bootstraps=194
node=3770/7814 op=mul seconds=196.826 eta_seconds=211.131 bootstraps=196
node=3780/7814 op=repeat seconds=197.028 eta_seconds=210.267 bootstraps=196
node=3790/7814 op=addp seconds=197.113 eta_seconds=209.283 bootstraps=196
node=3800/7814 op=gather seconds=197.238 eta_seconds=208.346 bootstraps=196
node=3810/7814 op=add seconds=197.354 eta_seconds=207.403 bootstraps=196
node=3820/7814 op=scatter seconds=198.554 eta_seconds=207.598 bootstraps=198
node=3830/7814 op=sum seconds=198.706 eta_seconds=206.696 bootstraps=198
node=3840/7814 op=add seconds=198.877 eta_seconds=205.817 bootstraps=198
node=3850/7814 op=mul seconds=199.255 eta_seconds=205.155 bootstraps=198
node=3860/7814 op=gather seconds=200.578 eta_seconds=205.463 bootstraps=200
node=3870/7814 op=addp seconds=201.786 eta_seconds=205.645 bootstraps=202
node=3880/7814 op=gather seconds=203.12 eta_seconds=205.947 bootstraps=204
node=3890/7814 op=sum seconds=203.245 eta_seconds=205.021 bootstraps=204
node=3900/7814 op=cheb seconds=204.587 eta_seconds=205.322 bootstraps=206
node=3910/7814 op=mul seconds=204.807 eta_seconds=204.493 bootstraps=206
node=3920/7814 op=gather seconds=204.918 eta_seconds=203.559 bootstraps=206
node=3930/7814 op=scatter seconds=205.028 eta_seconds=202.628 bootstraps=206
node=3940/7814 op=gather seconds=205.154 eta_seconds=201.717 bootstraps=206
node=3950/7814 op=add seconds=206.395 eta_seconds=201.902 bootstraps=208
node=3960/7814 op=mul seconds=206.518 eta_seconds=200.99 bootstraps=208
node=3970/7814 op=mul seconds=206.773 eta_seconds=200.211 bootstraps=208
node=3980/7814 op=add seconds=207.15 eta_seconds=199.551 bootstraps=208
node=3990/7814 op=linear_ref seconds=208.48 eta_seconds=199.806 bootstraps=210
node=4000/7814 op=mulp seconds=209.68 eta_seconds=199.93 bootstraps=212
node=4010/7814 op=gather seconds=211.012 eta_seconds=200.172 bootstraps=214
node=4020/7814 op=mul seconds=211.05 eta_seconds=199.185 bootstraps=214
node=4030/7814 op=repeat seconds=212.929 eta_seconds=199.931 bootstraps=216
node=4040/7814 op=mulp seconds=213.135 eta_seconds=199.102 bootstraps=216
node=4050/7814 op=gather seconds=213.348 eta_seconds=198.282 bootstraps=216
node=4060/7814 op=mul seconds=213.593 eta_seconds=197.494 bootstraps=216
node=4070/7814 op=scatter seconds=214.749 eta_seconds=197.548 bootstraps=218
node=4080/7814 op=mul seconds=214.853 eta_seconds=196.633 bootstraps=218
node=4090/7814 op=add seconds=214.969 eta_seconds=195.732 bootstraps=218
node=4100/7814 op=repeat seconds=215.207 eta_seconds=194.946 bootstraps=218
node=4110/7814 op=linear_ref seconds=215.58 eta_seconds=194.284 bootstraps=218
node=4120/7814 op=mulp seconds=216.514 eta_seconds=194.127 bootstraps=220
node=4130/7814 op=sum seconds=218.143 eta_seconds=194.586 bootstraps=222
node=4140/7814 op=gather seconds=219.48 eta_seconds=194.775 bootstraps=224
node=4150/7814 op=mulp seconds=219.537 eta_seconds=193.827 bootstraps=224
node=4160/7814 op=cheb seconds=220.869 eta_seconds=194.003 bootstraps=226
node=4170/7814 op=repeat seconds=221.147 eta_seconds=193.252 bootstraps=226
node=4180/7814 op=addp seconds=221.225 eta_seconds=192.328 bootstraps=226
node=4190/7814 op=addp seconds=221.592 eta_seconds=191.659 bootstraps=226
node=4200/7814 op=add seconds=222.613 eta_seconds=191.554 bootstraps=228
node=4210/7814 op=mul seconds=222.77 eta_seconds=190.704 bootstraps=228
node=4220/7814 op=mul seconds=222.888 eta_seconds=189.824 bootstraps=228
node=4230/7814 op=mul seconds=223.039 eta_seconds=188.977 bootstraps=228
node=4240/7814 op=mul seconds=223.147 eta_seconds=188.096 bootstraps=228
node=4250/7814 op=mul seconds=224.472 eta_seconds=188.24 bootstraps=230
node=4260/7814 op=scatter seconds=226.053 eta_seconds=188.59 bootstraps=232
node=4270/7814 op=gather seconds=227.393 eta_seconds=188.731 bootstraps=234
node=4280/7814 op=sum seconds=227.452 eta_seconds=187.807 bootstraps=234
node=4290/7814 op=cheb seconds=228.729 eta_seconds=187.888 bootstraps=236
node=4300/7814 op=cheb seconds=229.032 eta_seconds=187.167 bootstraps=236
node=4310/7814 op=repeat seconds=229.116 eta_seconds=186.27 bootstraps=236
node=4320/7814 op=add seconds=229.225 eta_seconds=185.396 bootstraps=236
node=4330/7814 op=mul seconds=229.413 eta_seconds=184.59 bootstraps=236
node=4340/7814 op=scatter seconds=230.577 eta_seconds=184.568 bootstraps=238
node=4350/7814 op=mul seconds=230.737 eta_seconds=183.741 bootstraps=238
node=4360/7814 op=sum seconds=230.887 eta_seconds=182.909 bootstraps=238
node=4370/7814 op=add seconds=230.996 eta_seconds=182.048 bootstraps=238
node=4380/7814 op=repeat seconds=232.319 eta_seconds=182.142 bootstraps=240
node=4390/7814 op=mul seconds=233.938 eta_seconds=182.461 bootstraps=242
client_token=279 logit_margin=2.90222
node=4400/7814 op=mul seconds=235.006 eta_seconds=182.343 bootstraps=244
node=4410/7814 op=gather seconds=235.94 eta_seconds=182.118 bootstraps=244
node=4420/7814 op=cheb seconds=236.534 eta_seconds=181.628 bootstraps=244
node=4430/7814 op=cheb seconds=236.879 eta_seconds=180.947 bootstraps=244
node=4440/7814 op=mul seconds=237.05 eta_seconds=180.137 bootstraps=244
node=4450/7814 op=repeat seconds=237.203 eta_seconds=179.315 bootstraps=244
node=4460/7814 op=add seconds=237.319 eta_seconds=178.468 bootstraps=244
node=4470/7814 op=mulp seconds=237.57 eta_seconds=177.726 bootstraps=244
node=4480/7814 op=mulp seconds=237.718 eta_seconds=176.909 bootstraps=244
node=4490/7814 op=cheb seconds=237.8 eta_seconds=176.046 bootstraps=244
node=4500/7814 op=add seconds=238.871 eta_seconds=175.915 bootstraps=246
node=4510/7814 op=repeat seconds=239.018 eta_seconds=175.103 bootstraps=246
node=4520/7814 op=linear_ref seconds=240.333 eta_seconds=175.146 bootstraps=248
node=4530/7814 op=mulp seconds=240.439 eta_seconds=174.305 bootstraps=248
node=4540/7814 op=sum seconds=242.005 eta_seconds=174.521 bootstraps=250
node=4550/7814 op=gather seconds=243.297 eta_seconds=174.532 bootstraps=252
node=4560/7814 op=addp seconds=243.327 eta_seconds=173.637 bootstraps=252
node=4570/7814 op=cheb seconds=244.686 eta_seconds=173.69 bootstraps=254
node=4580/7814 op=repeat seconds=244.956 eta_seconds=172.967 bootstraps=254
node=4590/7814 op=addp seconds=245.051 eta_seconds=172.123 bootstraps=254
node=4600/7814 op=gather seconds=245.192 eta_seconds=171.315 bootstraps=254
node=4610/7814 op=add seconds=245.33 eta_seconds=170.507 bootstraps=254
node=4620/7814 op=add seconds=246.512 eta_seconds=170.424 bootstraps=256
node=4630/7814 op=mul seconds=246.672 eta_seconds=169.634 bootstraps=256
node=4640/7814 op=sum seconds=246.854 eta_seconds=168.861 bootstraps=256
node=4650/7814 op=add seconds=247.027 eta_seconds=168.084 bootstraps=256
node=4660/7814 op=mul seconds=248.225 eta_seconds=168.005 bootstraps=258
node=4670/7814 op=gather seconds=248.689 eta_seconds=167.426 bootstraps=258
node=4680/7814 op=addp seconds=249.943 eta_seconds=167.376 bootstraps=260
node=4690/7814 op=gather seconds=251.283 eta_seconds=167.379 bootstraps=262
node=4700/7814 op=mul seconds=251.333 eta_seconds=166.522 bootstraps=262
node=4710/7814 op=repeat seconds=252.929 eta_seconds=166.686 bootstraps=264
node=4720/7814 op=cheb seconds=253.099 eta_seconds=165.909 bootstraps=264
node=4730/7814 op=mul seconds=253.239 eta_seconds=165.114 bootstraps=264
node=4740/7814 op=gather seconds=253.418 eta_seconds=164.348 bootstraps=264
node=4750/7814 op=mulp seconds=253.5 eta_seconds=163.521 bootstraps=264
node=4760/7814 op=add seconds=254.691 eta_seconds=163.409 bootstraps=266
node=4770/7814 op=add seconds=254.812 eta_seconds=162.609 bootstraps=266
node=4780/7814 op=repeat seconds=255.044 eta_seconds=161.884 bootstraps=266
node=4790/7814 op=sum seconds=255.216 eta_seconds=161.122 bootstraps=266
node=4800/7814 op=sum seconds=256.381 eta_seconds=160.986 bootstraps=268
node=4810/7814 op=cheb seconds=257.703 eta_seconds=160.944 bootstraps=270
node=4820/7814 op=repeat seconds=258.949 eta_seconds=160.849 bootstraps=272
node=4830/7814 op=gather seconds=259.327 eta_seconds=160.214 bootstraps=272
node=4840/7814 op=addp seconds=259.353 eta_seconds=159.363 bootstraps=272
node=4850/7814 op=mul seconds=260.828 eta_seconds=159.401 bootstraps=274
node=4860/7814 op=repeat seconds=260.987 eta_seconds=158.633 bootstraps=274
node=4870/7814 op=mul seconds=261.119 eta_seconds=157.851 bootstraps=274
node=4880/7814 op=mul seconds=261.308 eta_seconds=157.106 bootstraps=274
node=4890/7814 op=addp seconds=261.393 eta_seconds=156.301 bootstraps=274
node=4900/7814 op=scatter seconds=262.483 eta_seconds=156.097 bootstraps=276
node=4910/7814 op=sum seconds=262.695 eta_seconds=155.37 bootstraps=276
node=4920/7814 op=add seconds=262.819 eta_seconds=154.593 bootstraps=276
node=4930/7814 op=repeat seconds=262.966 eta_seconds=153.832 bootstraps=276
node=4940/7814 op=addp seconds=264.224 eta_seconds=153.721 bootstraps=278
node=4950/7814 op=linear_ref seconds=266.692 eta_seconds=154.304 bootstraps=282
node=4960/7814 op=mulp seconds=267.604 eta_seconds=153.98 bootstraps=284
node=4970/7814 op=addp seconds=267.985 eta_seconds=153.35 bootstraps=284
node=4980/7814 op=cheb seconds=269.079 eta_seconds=153.126 bootstraps=286
node=4990/7814 op=cheb seconds=269.681 eta_seconds=152.621 bootstraps=286
node=5000/7814 op=repeat seconds=269.866 eta_seconds=151.881 bootstraps=286
node=5010/7814 op=gather seconds=270.103 eta_seconds=151.171 bootstraps=286
node=5020/7814 op=cheb seconds=270.289 eta_seconds=150.436 bootstraps=286
node=5030/7814 op=scatter seconds=271.512 eta_seconds=150.276 bootstraps=288
node=5040/7814 op=scatter seconds=271.628 eta_seconds=149.503 bootstraps=288
node=5050/7814 op=repeat seconds=271.771 eta_seconds=148.747 bootstraps=288
node=5060/7814 op=sum seconds=271.929 eta_seconds=148.003 bootstraps=288
node=5070/7814 op=add seconds=272.1 eta_seconds=147.267 bootstraps=288
node=5080/7814 op=repeat seconds=273.276 eta_seconds=147.074 bootstraps=290
node=5090/7814 op=mul seconds=274.882 eta_seconds=147.108 bootstraps=292
node=5100/7814 op=gather seconds=276.216 eta_seconds=146.99 bootstraps=294
node=5110/7814 op=mul seconds=276.27 eta_seconds=146.191 bootstraps=294
node=5120/7814 op=mul seconds=277.543 eta_seconds=146.035 bootstraps=296
node=5130/7814 op=cheb seconds=277.804 eta_seconds=145.346 bootstraps=296
node=5140/7814 op=addp seconds=277.95 eta_seconds=144.599 bootstraps=296
node=5150/7814 op=mul seconds=278.069 eta_seconds=143.84 bootstraps=296
node=5160/7814 op=mul seconds=278.251 eta_seconds=143.116 bootstraps=296
node=5170/7814 op=mul seconds=278.339 eta_seconds=142.346 bootstraps=296
node=5180/7814 op=scatter seconds=279.521 eta_seconds=142.135 bootstraps=298
node=5190/7814 op=add seconds=279.733 eta_seconds=141.43 bootstraps=298
node=5200/7814 op=repeat seconds=279.939 eta_seconds=140.723 bootstraps=298
node=5210/7814 op=linear_ref seconds=280.331 eta_seconds=140.112 bootstraps=298
node=5220/7814 op=mulp seconds=281.254 eta_seconds=139.765 bootstraps=300
node=5230/7814 op=sum seconds=282.92 eta_seconds=139.783 bootstraps=302
node=5240/7814 op=gather seconds=284.256 eta_seconds=139.633 bootstraps=304
node=5250/7814 op=mulp seconds=284.312 eta_seconds=138.853 bootstraps=304
node=5260/7814 op=cheb seconds=285.636 eta_seconds=138.691 bootstraps=306
node=5270/7814 op=repeat seconds=285.923 eta_seconds=138.024 bootstraps=306
node=5280/7814 op=addp seconds=286.036 eta_seconds=137.276 bootstraps=306
node=5290/7814 op=addp seconds=286.404 eta_seconds=136.651 bootstraps=306
node=5300/7814 op=add seconds=287.424 eta_seconds=136.337 bootstraps=308
node=5310/7814 op=mul seconds=287.58 eta_seconds=135.612 bootstraps=308
node=5320/7814 op=mul seconds=287.698 eta_seconds=134.872 bootstraps=308
node=5330/7814 op=sum seconds=287.85 eta_seconds=134.15 bootstraps=308
node=5340/7814 op=add seconds=287.957 eta_seconds=133.409 bootstraps=308
node=5350/7814 op=mul seconds=289.291 eta_seconds=133.236 bootstraps=310
node=5360/7814 op=gather seconds=289.708 eta_seconds=132.639 bootstraps=310
node=5370/7814 op=addp seconds=290.97 eta_seconds=132.426 bootstraps=312
node=5380/7814 op=gather seconds=292.298 eta_seconds=132.24 bootstraps=314
node=5390/7814 op=mulp seconds=292.421 eta_seconds=131.508 bootstraps=314
node=5400/7814 op=cheb seconds=293.794 eta_seconds=131.337 bootstraps=316
node=5410/7814 op=cheb seconds=293.986 eta_seconds=130.636 bootstraps=316
node=5420/7814 op=repeat seconds=294.082 eta_seconds=129.895 bootstraps=316
node=5430/7814 op=add seconds=294.174 eta_seconds=129.155 bootstraps=316
node=5440/7814 op=mul seconds=294.327 eta_seconds=128.444 bootstraps=316
node=5450/7814 op=add seconds=295.481 eta_seconds=128.168 bootstraps=318
node=5460/7814 op=add seconds=295.608 eta_seconds=127.447 bootstraps=318
node=5470/7814 op=repeat seconds=295.853 eta_seconds=126.779 bootstraps=318
node=5480/7814 op=sum seconds=296.01 eta_seconds=126.074 bootstraps=318
node=5490/7814 op=sum seconds=296.345 eta_seconds=125.447 bootstraps=318
node=5500/7814 op=cheb seconds=298.564 eta_seconds=125.614 bootstraps=322
node=5510/7814 op=repeat seconds=299.755 eta_seconds=125.342 bootstraps=324
node=5520/7814 op=gather seconds=300.208 eta_seconds=124.76 bootstraps=324
node=5530/7814 op=addp seconds=300.324 eta_seconds=124.04 bootstraps=324
node=5540/7814 op=repeat seconds=301.753 eta_seconds=123.86 bootstraps=326
node=5550/7814 op=cheb seconds=301.926 eta_seconds=123.164 bootstraps=326
node=5560/7814 op=mul seconds=302.046 eta_seconds=122.448 bootstraps=326
node=5570/7814 op=gather seconds=302.199 eta_seconds=121.748 bootstraps=326
node=5580/7814 op=mul seconds=302.271 eta_seconds=121.017 bootstraps=326
node=5590/7814 op=scatter seconds=303.563 eta_seconds=120.774 bootstraps=328
node=5600/7814 op=sum seconds=303.673 eta_seconds=120.059 bootstraps=328
node=5610/7814 op=add seconds=303.858 eta_seconds=119.377 bootstraps=328
node=5620/7814 op=repeat seconds=304.08 eta_seconds=118.71 bootstraps=328
node=5630/7814 op=addp seconds=305.191 eta_seconds=118.39 bootstraps=330
node=5640/7814 op=linear_ref seconds=306.911 eta_seconds=118.302 bootstraps=332
node=5650/7814 op=mulp seconds=307.829 eta_seconds=117.901 bootstraps=334
node=5660/7814 op=addp seconds=308.272 eta_seconds=117.318 bootstraps=334
node=5670/7814 op=cheb seconds=309.378 eta_seconds=116.985 bootstraps=336
node=5680/7814 op=cheb seconds=310.257 eta_seconds=116.565 bootstraps=336
node=5690/7814 op=repeat seconds=310.47 eta_seconds=115.894 bootstraps=336
node=5700/7814 op=gather seconds=310.792 eta_seconds=115.266 bootstraps=336
node=5710/7814 op=mulp seconds=311.929 eta_seconds=114.939 bootstraps=338
node=5720/7814 op=mul seconds=312.085 eta_seconds=114.249 bootstraps=338
node=5730/7814 op=scatter seconds=312.203 eta_seconds=113.548 bootstraps=338
node=5740/7814 op=repeat seconds=312.331 eta_seconds=112.853 bootstraps=338
node=5750/7814 op=sum seconds=312.492 eta_seconds=112.171 bootstraps=338
node=5760/7814 op=add seconds=312.673 eta_seconds=111.498 bootstraps=338
node=5770/7814 op=repeat seconds=313.849 eta_seconds=111.18 bootstraps=340
node=5780/7814 op=mul seconds=315.455 eta_seconds=111.01 bootstraps=342
node=5790/7814 op=gather seconds=316.793 eta_seconds=110.741 bootstraps=344
node=5800/7814 op=mul seconds=316.847 eta_seconds=110.022 bootstraps=344
node=5810/7814 op=mul seconds=318.119 eta_seconds=109.726 bootstraps=346
node=5820/7814 op=cheb seconds=318.408 eta_seconds=109.09 bootstraps=346
node=5830/7814 op=addp seconds=318.537 eta_seconds=108.401 bootstraps=346
node=5840/7814 op=scatter seconds=318.911 eta_seconds=107.796 bootstraps=346
node=5850/7814 op=mul seconds=319.927 eta_seconds=107.408 bootstraps=348
node=5860/7814 op=mulp seconds=320.082 eta_seconds=106.73 bootstraps=348
node=5870/7814 op=mul seconds=320.198 eta_seconds=106.042 bootstraps=348
node=5880/7814 op=add seconds=320.31 eta_seconds=105.354 bootstraps=348
node=5890/7814 op=repeat seconds=320.459 eta_seconds=104.68 bootstraps=348
node=5900/7814 op=linear_ref seconds=321.79 eta_seconds=104.391 bootstraps=350
node=5910/7814 op=mulp seconds=321.875 eta_seconds=103.697 bootstraps=350
node=5920/7814 op=sum seconds=323.463 eta_seconds=103.486 bootstraps=352
node=5930/7814 op=gather seconds=324.8 eta_seconds=103.191 bootstraps=354
node=5940/7814 op=mulp seconds=324.856 eta_seconds=102.488 bootstraps=354
node=5950/7814 op=cheb seconds=326.184 eta_seconds=102.186 bootstraps=356
node=5960/7814 op=repeat seconds=326.436 eta_seconds=101.546 bootstraps=356
node=5970/7814 op=addp seconds=326.513 eta_seconds=100.853 bootstraps=356
node=5980/7814 op=gather seconds=326.661 eta_seconds=100.183 bootstraps=356
node=5990/7814 op=add seconds=326.805 eta_seconds=99.5146 bootstraps=356
node=6000/7814 op=add seconds=327.971 eta_seconds=99.1565 bootstraps=358
node=6010/7814 op=mul seconds=328.132 eta_seconds=98.4943 bootstraps=358
node=6020/7814 op=sum seconds=328.284 eta_seconds=97.8308 bootstraps=358
node=6030/7814 op=add seconds=328.392 eta_seconds=97.156 bootstraps=358
node=6040/7814 op=mul seconds=329.726 eta_seconds=96.8434 bootstraps=360
node=6050/7814 op=gather seconds=330.142 eta_seconds=96.2596 bootstraps=360
node=6060/7814 op=addp seconds=331.438 eta_seconds=95.931 bootstraps=362
client_token=1614 logit_margin=0.20138
node=6070/7814 op=addp seconds=332.543 eta_seconds=95.5445 bootstraps=364
node=6080/7814 op=gather seconds=333.425 eta_seconds=95.092 bootstraps=364
node=6090/7814 op=cheb seconds=334.222 eta_seconds=94.614 bootstraps=364
node=6100/7814 op=mulp seconds=334.434 eta_seconds=93.9704 bootstraps=364
node=6110/7814 op=cheb seconds=334.662 eta_seconds=93.3328 bootstraps=364
node=6120/7814 op=mul seconds=334.81 eta_seconds=92.6745 bootstraps=364
node=6130/7814 op=gather seconds=334.922 eta_seconds=92.0079 bootstraps=364
node=6140/7814 op=add seconds=335.068 eta_seconds=91.3524 bootstraps=364
node=6150/7814 op=mul seconds=335.222 eta_seconds=90.7007 bootstraps=364
node=6160/7814 op=scatter seconds=336.271 eta_seconds=90.291 bootstraps=366
node=6170/7814 op=mul seconds=336.424 eta_seconds=89.6402 bootstraps=366
node=6180/7814 op=mul seconds=336.532 eta_seconds=88.9796 bootstraps=366
node=6190/7814 op=mul seconds=336.677 eta_seconds=88.3301 bootstraps=366
node=6200/7814 op=cheb seconds=338.011 eta_seconds=87.9918 bootstraps=368
node=6210/7814 op=add seconds=339.581 eta_seconds=87.7114 bootstraps=370
node=6220/7814 op=linear_ref seconds=340.873 eta_seconds=87.3557 bootstraps=372
node=6230/7814 op=mul seconds=340.9 eta_seconds=86.675 bootstraps=372
node=6240/7814 op=cheb seconds=342.192 eta_seconds=86.3157 bootstraps=374
node=6250/7814 op=cheb seconds=342.428 eta_seconds=85.6893 bootstraps=374
node=6260/7814 op=repeat seconds=342.615 eta_seconds=85.0516 bootstraps=374
node=6270/7814 op=mul seconds=342.728 eta_seconds=84.3974 bootstraps=374
node=6280/7814 op=add seconds=342.905 eta_seconds=83.7607 bootstraps=374
node=6290/7814 op=cheb seconds=343.044 eta_seconds=83.1159 bootstraps=374
node=6300/7814 op=add seconds=344.243 eta_seconds=82.7277 bootstraps=376
node=6310/7814 op=repeat seconds=344.391 eta_seconds=82.0862 bootstraps=376
node=6320/7814 op=sum seconds=344.555 eta_seconds=81.4503 bootstraps=376
node=6330/7814 op=add seconds=344.728 eta_seconds=80.8177 bootstraps=376
node=6340/7814 op=mul seconds=345.91 eta_seconds=80.4214 bootstraps=378
node=6350/7814 op=gather seconds=346.373 eta_seconds=79.8568 bootstraps=378
node=6360/7814 op=addp seconds=347.639 eta_seconds=79.4759 bootstraps=380
node=6370/7814 op=gather seconds=348.973 eta_seconds=79.1078 bootstraps=382
node=6380/7814 op=mul seconds=349.024 eta_seconds=78.4484 bootstraps=382
node=6390/7814 op=repeat seconds=350.624 eta_seconds=78.136 bootstraps=384
node=6400/7814 op=cheb seconds=350.791 eta_seconds=77.503 bootstraps=384
node=6410/7814 op=mul seconds=350.932 eta_seconds=76.8657 bootstraps=384
node=6420/7814 op=gather seconds=351.113 eta_seconds=76.2386 bootstraps=384
node=6430/7814 op=mulp seconds=351.194 eta_seconds=75.5913 bootstraps=384
node=6440/7814 op=add seconds=352.375 eta_seconds=75.1805 bootstraps=386
node=6450/7814 op=mul seconds=352.497 eta_seconds=74.5436 bootstraps=386
node=6460/7814 op=mul seconds=352.692 eta_seconds=73.9233 bootstraps=386
node=6470/7814 op=mul seconds=352.854 eta_seconds=73.2977 bootstraps=386
node=6480/7814 op=mul seconds=353.088 eta_seconds=72.6881 bootstraps=386
node=6490/7814 op=cheb seconds=354.22 eta_seconds=72.263 bootstraps=388
node=6500/7814 op=add seconds=355.826 eta_seconds=71.9316 bootstraps=390
node=6510/7814 op=linear_ref seconds=357.086 eta_seconds=71.5268 bootstraps=392
node=6520/7814 op=mul seconds=357.112 eta_seconds=70.8746 bootstraps=392
node=6530/7814 op=cheb seconds=358.409 eta_seconds=70.4742 bootstraps=394
node=6540/7814 op=cheb seconds=358.64 eta_seconds=69.8636 bootstraps=394
node=6550/7814 op=repeat seconds=358.78 eta_seconds=69.2364 bootstraps=394
node=6560/7814 op=mul seconds=358.901 eta_seconds=68.6069 bootstraps=394
node=6570/7814 op=add seconds=359.086 eta_seconds=67.9913 bootstraps=394
node=6580/7814 op=mul seconds=359.174 eta_seconds=67.3588 bootstraps=394
node=6590/7814 op=scatter seconds=360.325 eta_seconds=66.9253 bootstraps=396
node=6600/7814 op=repeat seconds=360.546 eta_seconds=66.3186 bootstraps=396
node=6610/7814 op=sum seconds=360.663 eta_seconds=65.6942 bootstraps=396
node=6620/7814 op=add seconds=360.772 eta_seconds=65.0697 bootstraps=396
node=6630/7814 op=mul seconds=362.092 eta_seconds=64.6633 bootstraps=398
node=6640/7814 op=gather seconds=363.356 eta_seconds=64.244 bootstraps=400
node=6650/7814 op=addp seconds=364.598 eta_seconds=63.8183 bootstraps=402
node=6660/7814 op=gather seconds=365.857 eta_seconds=63.3933 bootstraps=404
node=6670/7814 op=sum seconds=365.889 eta_seconds=62.7552 bootstraps=404
node=6680/7814 op=repeat seconds=367.543 eta_seconds=62.3943 bootstraps=406
node=6690/7814 op=cheb seconds=367.733 eta_seconds=61.7836 bootstraps=406
node=6700/7814 op=mul seconds=367.868 eta_seconds=61.165 bootstraps=406
node=6710/7814 op=mulp seconds=368.119 eta_seconds=60.5668 bootstraps=406
node=6720/7814 op=add seconds=369.254 eta_seconds=60.1137 bootstraps=408
node=6730/7814 op=add seconds=369.409 eta_seconds=59.5006 bootstraps=408
node=6740/7814 op=mul seconds=369.528 eta_seconds=58.8833 bootstraps=408
node=6750/7814 op=mul seconds=369.716 eta_seconds=58.2782 bootstraps=408
node=6760/7814 op=mul seconds=369.867 eta_seconds=57.6686 bootstraps=408
node=6770/7814 op=mul seconds=370.088 eta_seconds=57.0712 bootstraps=408
node=6780/7814 op=cheb seconds=371.227 eta_seconds=56.6149 bootstraps=410
node=6790/7814 op=add seconds=372.851 eta_seconds=56.2297 bootstraps=412
node=6800/7814 op=linear_ref seconds=374.186 eta_seconds=55.7977 bootstraps=414
node=6810/7814 op=cheb seconds=374.239 eta_seconds=55.1742 bootstraps=414
node=6820/7814 op=cheb seconds=375.504 eta_seconds=54.7289 bootstraps=416
node=6830/7814 op=cheb seconds=375.749 eta_seconds=54.1343 bootstraps=416
node=6840/7814 op=repeat seconds=375.906 eta_seconds=53.5281 bootstraps=416
node=6850/7814 op=mul seconds=376.025 eta_seconds=52.918 bootstraps=416
node=6860/7814 op=add seconds=376.205 eta_seconds=52.3178 bootstraps=416
node=6870/7814 op=mul seconds=376.292 eta_seconds=51.7059 bootstraps=416
node=6880/7814 op=scatter seconds=377.458 eta_seconds=51.2421 bootstraps=418
node=6890/7814 op=repeat seconds=377.708 eta_seconds=50.6535 bootstraps=418
node=6900/7814 op=sum seconds=377.867 eta_seconds=50.0538 bootstraps=418
node=6910/7814 op=add seconds=378.018 eta_seconds=49.4542 bootstraps=418
node=6920/7814 op=mul seconds=378.41 eta_seconds=48.887 bootstraps=418
node=6930/7814 op=gather seconds=379.74 eta_seconds=48.4402 bootstraps=420
node=6940/7814 op=addp seconds=381.004 eta_seconds=47.9824 bootstraps=422
node=6950/7814 op=gather seconds=382.34 eta_seconds=47.5312 bootstraps=424
node=6960/7814 op=mul seconds=382.39 eta_seconds=46.9197 bootstraps=424
node=6970/7814 op=repeat seconds=383.806 eta_seconds=46.4753 bootstraps=426
node=6980/7814 op=mulp seconds=384 eta_seconds=45.882 bootstraps=426
node=6990/7814 op=gather seconds=384.177 eta_seconds=45.2878 bootstraps=426
node=7000/7814 op=mul seconds=384.445 eta_seconds=44.7054 bootstraps=426
node=7010/7814 op=scatter seconds=385.573 eta_seconds=44.2227 bootstraps=428
node=7020/7814 op=add seconds=385.624 eta_seconds=43.6162 bootstraps=428
node=7030/7814 op=mul seconds=385.744 eta_seconds=43.0189 bootstraps=428
node=7040/7814 op=mul seconds=385.894 eta_seconds=42.4264 bootstraps=428
node=7050/7814 op=mul seconds=386.001 eta_seconds=41.8305 bootstraps=428
node=7060/7814 op=mul seconds=386.147 eta_seconds=41.24 bootstraps=428
node=7070/7814 op=cheb seconds=387.439 eta_seconds=40.7715 bootstraps=430
node=7080/7814 op=add seconds=389.055 eta_seconds=40.3343 bootstraps=432
node=7090/7814 op=linear_ref seconds=390.394 eta_seconds=39.8653 bootstraps=434
node=7100/7814 op=cheb seconds=390.45 eta_seconds=39.265 bootstraps=434
node=7110/7814 op=addp seconds=390.547 eta_seconds=38.6702 bootstraps=434
node=7120/7814 op=mul seconds=392 eta_seconds=38.209 bootstraps=436
node=7130/7814 op=repeat seconds=392.16 eta_seconds=37.6209 bootstraps=436
node=7140/7814 op=mul seconds=392.268 eta_seconds=37.0293 bootstraps=436
node=7150/7814 op=mul seconds=392.421 eta_seconds=36.443 bootstraps=436
node=7160/7814 op=mul seconds=392.493 eta_seconds=35.8506 bootstraps=436
node=7170/7814 op=add seconds=393.695 eta_seconds=35.3611 bootstraps=438
node=7180/7814 op=repeat seconds=393.845 eta_seconds=34.7769 bootstraps=438
node=7190/7814 op=sum seconds=394.005 eta_seconds=34.1946 bootstraps=438
node=7200/7814 op=add seconds=394.157 eta_seconds=33.6129 bootstraps=438
node=7210/7814 op=mul seconds=394.535 eta_seconds=33.0512 bootstraps=438
node=7220/7814 op=gather seconds=395.863 eta_seconds=32.5683 bootstraps=440
node=7230/7814 op=addp seconds=397.064 eta_seconds=32.0727 bootstraps=442
node=7240/7814 op=gather seconds=398.396 eta_seconds=31.5855 bootstraps=444
node=7250/7814 op=sum seconds=398.521 eta_seconds=31.0022 bootstraps=444
node=7260/7814 op=cheb seconds=399.87 eta_seconds=30.5135 bootstraps=446
node=7270/7814 op=mul seconds=400.09 eta_seconds=29.9379 bootstraps=446
node=7280/7814 op=gather seconds=400.202 eta_seconds=29.3555 bootstraps=446
node=7290/7814 op=scatter seconds=400.311 eta_seconds=28.7741 bootstraps=446
node=7300/7814 op=gather seconds=400.437 eta_seconds=28.1952 bootstraps=446
node=7310/7814 op=add seconds=401.674 eta_seconds=27.6941 bootstraps=448
node=7320/7814 op=mul seconds=401.799 eta_seconds=27.116 bootstraps=448
node=7330/7814 op=mul seconds=401.982 eta_seconds=26.5429 bootstraps=448
node=7340/7814 op=mul seconds=402.165 eta_seconds=25.9709 bootstraps=448
node=7350/7814 op=mul seconds=402.39 eta_seconds=25.4026 bootstraps=448
node=7360/7814 op=cheb seconds=403.539 eta_seconds=24.8922 bootstraps=450
node=7370/7814 op=add seconds=405.215 eta_seconds=24.4118 bootstraps=452
node=7380/7814 op=linear_ref seconds=406.55 eta_seconds=23.9082 bootstraps=454
node=7390/7814 op=mul seconds=406.586 eta_seconds=23.3278 bootstraps=454
node=7400/7814 op=cheb seconds=408.327 eta_seconds=22.8442 bootstraps=456
node=7410/7814 op=cheb seconds=408.583 eta_seconds=22.2763 bootstraps=456
node=7420/7814 op=addp seconds=408.783 eta_seconds=21.7063 bootstraps=456
node=7430/7814 op=scatter seconds=409.131 eta_seconds=21.1448 bootstraps=456
node=7440/7814 op=add seconds=410.234 eta_seconds=20.622 bootstraps=458
node=7450/7814 op=mul seconds=410.392 eta_seconds=20.0514 bootstraps=458
node=7460/7814 op=add seconds=410.506 eta_seconds=19.4798 bootstraps=458
node=7470/7814 op=repeat seconds=410.649 eta_seconds=18.9107 bootstraps=458
node=7480/7814 op=sum seconds=410.806 eta_seconds=18.3435 bootstraps=458
node=7490/7814 op=add seconds=410.974 eta_seconds=17.7778 bootstraps=458
node=7500/7814 op=mul seconds=412.154 eta_seconds=17.2555 bootstraps=460
node=7510/7814 op=gather seconds=412.603 eta_seconds=16.7019 bootstraps=460
node=7520/7814 op=addp seconds=413.86 eta_seconds=16.1802 bootstraps=462
node=7530/7814 op=gather seconds=415.19 eta_seconds=15.6592 bootstraps=464
node=7540/7814 op=mul seconds=415.241 eta_seconds=15.0897 bootstraps=464
node=7550/7814 op=repeat seconds=416.657 eta_seconds=14.5692 bootstraps=466
node=7560/7814 op=mulp seconds=416.848 eta_seconds=14.0052 bootstraps=466
node=7570/7814 op=gather seconds=417.024 eta_seconds=13.4417 bootstraps=466
node=7580/7814 op=mul seconds=417.294 eta_seconds=12.8822 bootstraps=466
node=7590/7814 op=scatter seconds=418.421 eta_seconds=12.3487 bootstraps=468
node=7600/7814 op=add seconds=418.471 eta_seconds=11.7833 bootstraps=468
node=7610/7814 op=mul seconds=418.594 eta_seconds=11.2212 bootstraps=468
node=7620/7814 op=mul seconds=418.746 eta_seconds=10.661 bootstraps=468
node=7630/7814 op=mul seconds=418.855 eta_seconds=10.1008 bootstraps=468
node=7640/7814 op=mul seconds=419.001 eta_seconds=9.54269 bootstraps=468
node=7650/7814 op=cheb seconds=420.312 eta_seconds=9.01062 bootstraps=470
node=7660/7814 op=add seconds=421.912 eta_seconds=8.4823 bootstraps=472
node=7670/7814 op=linear_ref seconds=423.254 eta_seconds=7.94636 bootstraps=474
node=7680/7814 op=cheb seconds=423.309 eta_seconds=7.38587 bootstraps=474
node=7690/7814 op=cheb seconds=424.574 eta_seconds=6.84619 bootstraps=476
node=7700/7814 op=cheb seconds=424.826 eta_seconds=6.28963 bootstraps=476
node=7710/7814 op=repeat seconds=424.967 eta_seconds=5.73237 bootstraps=476
node=7720/7814 op=mul seconds=425.089 eta_seconds=5.17595 bootstraps=476
node=7730/7814 op=add seconds=425.275 eta_seconds=4.62136 bootstraps=476
node=7740/7814 op=cheb seconds=425.416 eta_seconds=4.06729 bootstraps=476
node=7750/7814 op=add seconds=426.595 eta_seconds=3.52285 bootstraps=478
node=7760/7814 op=repeat seconds=426.711 eta_seconds=2.96938 bootstraps=478
node=7770/7814 op=sum seconds=426.829 eta_seconds=2.41705 bootstraps=478
node=7780/7814 op=add seconds=426.935 eta_seconds=1.86578 bootstraps=478
node=7790/7814 op=mul seconds=428.257 eta_seconds=1.3194 bootstraps=480
node=7800/7814 op=gather seconds=428.671 eta_seconds=0.769409 bootstraps=480
node=7810/7814 op=addp seconds=429.97 eta_seconds=0.220215 bootstraps=482
node=7814/7814 op=mulp seconds=430.883 eta_seconds=0 bootstraps=484
client_token=315 logit_margin=0.674904
passed=1 polynomial_error=5.98173e-07 exact_error=4.72545e-05 eval_seconds=430.961
