GPU 0: NVIDIA GB10
 SMs: 48, SharedMem: 100 KB, Blocks/SM: 24, Threads/SM: 1536, L2 size: 24 MB, Bus: 256-bit
Adding bootstrap precomputation to GPU for 32768 slots.
Plaintexts loaded: 248 ~ 6262MB
Rotation keys loaded: 85 ~ 15300MB
setup_seconds=26.8285
planned_logical_refreshes=4
node=1/127 op=public seconds=0.191086 eta_seconds=24.0769 bootstraps=0
node=11/127 op=mulp seconds=0.910129 eta_seconds=9.59772 bootstraps=0
node=21/127 op=addp seconds=2.6302 eta_seconds=13.2762 bootstraps=0
node=31/127 op=mulp seconds=3.60414 eta_seconds=11.1612 bootstraps=0
node=41/127 op=mul seconds=4.18364 eta_seconds=8.77544 bootstraps=0
node=51/127 op=repeat seconds=4.73168 eta_seconds=7.05113 bootstraps=0
node=61/127 op=mul seconds=5.15981 eta_seconds=5.58275 bootstraps=0
node=71/127 op=gather seconds=5.99831 eta_seconds=4.73106 bootstraps=0
node=81/127 op=scatter seconds=6.41207 eta_seconds=3.64142 bootstraps=0
node=91/127 op=mul seconds=6.80983 eta_seconds=2.694 bootstraps=0
node=101/127 op=linear seconds=9.25734 eta_seconds=2.38308 bootstraps=2
node=111/127 op=mulp seconds=10.7387 eta_seconds=1.54793 bootstraps=4
node=121/127 op=sum seconds=13.1747 eta_seconds=0.653291 bootstraps=6
node=127/127 op=mulp seconds=14.7142 eta_seconds=0 bootstraps=8
passed=1 polynomial_error=2.56714e-05 exact_error=2.56625e-05 eval_seconds=14.7147
