GPU 0: NVIDIA GB10
 SMs: 48, SharedMem: 100 KB, Blocks/SM: 24, Threads/SM: 1536, L2 size: 24 MB, Bus: 256-bit
Adding bootstrap precomputation to GPU for 32768 slots.
Plaintexts loaded: 248 ~ 6262MB
Rotation keys loaded: 85 ~ 15300MB
setup_seconds=26.8149
planned_logical_refreshes=15
node=1/402 op=public seconds=0.18784 eta_seconds=75.3238 bootstraps=0
node=11/402 op=mulp seconds=0.886516 eta_seconds=31.5116 bootstraps=0
node=21/402 op=addp seconds=2.95898 eta_seconds=53.6844 bootstraps=0
node=31/402 op=mulp seconds=3.8967 eta_seconds=46.6347 bootstraps=0
node=41/402 op=mul seconds=4.43006 eta_seconds=39.0061 bootstraps=0
node=51/402 op=repeat seconds=4.91404 eta_seconds=33.8202 bootstraps=0
node=61/402 op=mul seconds=5.34217 eta_seconds=29.8636 bootstraps=0
node=71/402 op=gather seconds=6.03803 eta_seconds=28.1491 bootstraps=0
node=81/402 op=scatter seconds=6.37579 eta_seconds=25.267 bootstraps=0
node=91/402 op=mul seconds=6.69664 eta_seconds=22.8863 bootstraps=0
node=101/402 op=linear seconds=9.28922 eta_seconds=27.6837 bootstraps=2
node=111/402 op=mulp seconds=10.757 eta_seconds=28.2009 bootstraps=4
node=121/402 op=sum seconds=13.477 eta_seconds=31.2978 bootstraps=6
node=131/402 op=sum seconds=15.2738 eta_seconds=31.5969 bootstraps=8
node=141/402 op=gather seconds=16.6024 eta_seconds=30.7321 bootstraps=8
node=151/402 op=cheb seconds=18.2059 eta_seconds=30.2629 bootstraps=8
node=161/402 op=mul seconds=19.1557 eta_seconds=28.6741 bootstraps=8
node=171/402 op=mulp seconds=19.5393 eta_seconds=26.3952 bootstraps=8
node=181/402 op=gather seconds=21.5085 eta_seconds=26.2618 bootstraps=10
node=191/402 op=scatter seconds=21.8751 eta_seconds=24.1657 bootstraps=10
node=201/402 op=mulp seconds=22.6572 eta_seconds=22.6572 bootstraps=10
node=211/402 op=scatter seconds=23.2439 eta_seconds=21.0407 bootstraps=10
node=221/402 op=mul seconds=23.2796 eta_seconds=19.0661 bootstraps=10
node=231/402 op=mul seconds=25.5177 eta_seconds=18.8897 bootstraps=12
node=241/402 op=addp seconds=26.3631 eta_seconds=17.6119 bootstraps=12
node=251/402 op=linear_ref seconds=30.7221 eta_seconds=18.4822 bootstraps=16
node=261/402 op=mulp seconds=32.2289 eta_seconds=17.411 bootstraps=18
client_token=6864 logit_margin=5.73049
node=271/402 op=mulp seconds=33.1028 eta_seconds=16.0017 bootstraps=18
node=281/402 op=addp seconds=34.1745 eta_seconds=14.7157 bootstraps=18
node=291/402 op=mulp seconds=36.3212 eta_seconds=13.8545 bootstraps=18
node=301/402 op=mul seconds=36.864 eta_seconds=12.3697 bootstraps=18
node=311/402 op=repeat seconds=37.3523 eta_seconds=10.9294 bootstraps=18
node=321/402 op=mul seconds=37.7525 eta_seconds=9.52633 bootstraps=18
node=331/402 op=gather seconds=38.4693 eta_seconds=8.25173 bootstraps=18
node=341/402 op=scatter seconds=38.813 eta_seconds=6.94309 bootstraps=18
node=351/402 op=mul seconds=39.1561 eta_seconds=5.68935 bootstraps=18
node=361/402 op=add seconds=40.9564 eta_seconds=4.65156 bootstraps=20
node=371/402 op=repeat seconds=41.6943 eta_seconds=3.48389 bootstraps=20
node=381/402 op=mulp seconds=43.6176 eta_seconds=2.40412 bootstraps=22
node=391/402 op=mul seconds=45.9516 eta_seconds=1.29276 bootstraps=24
node=401/402 op=mul seconds=47.6923 eta_seconds=0.118933 bootstraps=26
node=402/402 op=mulp seconds=47.696 eta_seconds=0 bootstraps=26
client_token=6864 logit_margin=5.21148
passed=1 polynomial_error=1.61814e-05 exact_error=2.29852e-05 eval_seconds=47.6971
