GPU 0: NVIDIA GB10
 SMs: 48, SharedMem: 100 KB, Blocks/SM: 24, Threads/SM: 1536, L2 size: 24 MB, Bus: 256-bit
Adding bootstrap precomputation to GPU for 32768 slots.
Plaintexts loaded: 248 ~ 6262MB
Rotation keys loaded: 85 ~ 15300MB
setup_seconds=26.6402
planned_logical_refreshes=4
node=1/127 op=public seconds=0.19547 eta_seconds=24.6292 bootstraps=0
node=11/127 op=mulp seconds=1.02101 eta_seconds=10.767 bootstraps=0
node=21/127 op=addp seconds=3.8764 eta_seconds=19.5666 bootstraps=0
node=31/127 op=mulp seconds=5.16839 eta_seconds=16.0053 bootstraps=0
node=41/127 op=mul seconds=5.86522 eta_seconds=12.3027 bootstraps=0
node=51/127 op=repeat seconds=6.4885 eta_seconds=9.66914 bootstraps=0
node=61/127 op=mul seconds=7.29406 eta_seconds=7.89193 bootstraps=0
node=71/127 op=gather seconds=8.79216 eta_seconds=6.93466 bootstraps=0
node=81/127 op=scatter seconds=9.56943 eta_seconds=5.43449 bootstraps=0
node=91/127 op=mul seconds=10.2371 eta_seconds=4.04983 bootstraps=0
node=101/127 op=linear seconds=13.4179 eta_seconds=3.45413 bootstraps=2
node=111/127 op=mulp seconds=14.9263 eta_seconds=2.15154 bootstraps=4
node=121/127 op=sum seconds=18.1031 eta_seconds=0.897675 bootstraps=6
node=127/127 op=mulp seconds=19.7111 eta_seconds=0 bootstraps=8
passed=1 polynomial_error=1.25037e-05 exact_error=1.24178e-05 eval_seconds=19.7116
