GPU 0: NVIDIA GB10
 SMs: 48, SharedMem: 100 KB, Blocks/SM: 24, Threads/SM: 1536, L2 size: 24 MB, Bus: 256-bit
Adding bootstrap precomputation to GPU for 32768 slots.
Plaintexts loaded: 248 ~ 6262MB
Rotation keys loaded: 85 ~ 15300MB
setup_seconds=26.4699
planned_logical_refreshes=4
node=1/127 op=public seconds=0.174812 eta_seconds=22.0263 bootstraps=0
node=11/127 op=mulp seconds=0.87666 eta_seconds=9.24477 bootstraps=0
node=21/127 op=addp seconds=2.50968 eta_seconds=12.6679 bootstraps=0
node=31/127 op=mulp seconds=3.44586 eta_seconds=10.671 bootstraps=0
node=41/127 op=mul seconds=3.97811 eta_seconds=8.34433 bootstraps=0
node=51/127 op=repeat seconds=4.45984 eta_seconds=6.64604 bootstraps=0
node=61/127 op=mul seconds=4.89051 eta_seconds=5.29137 bootstraps=0
node=71/127 op=gather seconds=5.5917 eta_seconds=4.41036 bootstraps=0
node=81/127 op=scatter seconds=5.93216 eta_seconds=3.36888 bootstraps=0
node=91/127 op=mul seconds=6.25772 eta_seconds=2.47558 bootstraps=0
node=101/127 op=linear seconds=8.61976 eta_seconds=2.21895 bootstraps=2
node=111/127 op=mulp seconds=10.0743 eta_seconds=1.45216 bootstraps=4
node=121/127 op=sum seconds=12.4461 eta_seconds=0.617163 bootstraps=6
node=127/127 op=mulp seconds=13.9727 eta_seconds=0 bootstraps=8
passed=1 polynomial_error=1.08373e-05 exact_error=9.75717e-06 eval_seconds=13.9731
