GPU 0: NVIDIA GB10
 SMs: 48, SharedMem: 100 KB, Blocks/SM: 24, Threads/SM: 1536, L2 size: 24 MB, Bus: 256-bit
Adding bootstrap precomputation to GPU for 32768 slots.
Plaintexts loaded: 248 ~ 6262MB
Rotation keys loaded: 85 ~ 15300MB
setup_seconds=26.3055
planned_logical_refreshes=623
node=1/7910 op=public seconds=0.203588 eta_seconds=1610.18 bootstraps=0
node=11/7910 op=public seconds=1.54848 eta_seconds=1111.95 bootstraps=0
node=21/7910 op=mul seconds=2.39798 eta_seconds=900.84 bootstraps=0
node=31/7910 op=gather seconds=4.20885 eta_seconds=1069.73 bootstraps=0
node=41/7910 op=mul seconds=5.20797 eta_seconds=999.549 bootstraps=0
node=51/7910 op=repeat seconds=5.89324 eta_seconds=908.136 bootstraps=0
node=61/7910 op=mulp seconds=6.27007 eta_seconds=806.783 bootstraps=0
node=71/7910 op=add seconds=6.8203 eta_seconds=753.019 bootstraps=0
node=81/7910 op=add seconds=7.54807 eta_seconds=729.554 bootstraps=0
node=91/7910 op=scatter seconds=8.18431 eta_seconds=703.221 bootstraps=0
node=111/7910 op=mul seconds=10.7328 eta_seconds=754.099 bootstraps=2
node=121/7910 op=mul seconds=11.5717 eta_seconds=744.891 bootstraps=2
node=131/7910 op=scatter seconds=14.4362 eta_seconds=857.248 bootstraps=4
node=141/7910 op=gather seconds=17.9787 eta_seconds=990.613 bootstraps=8
node=161/7910 op=cheb seconds=20.1593 eta_seconds=970.277 bootstraps=10
node=171/7910 op=sum seconds=20.3928 eta_seconds=922.921 bootstraps=10
node=181/7910 op=addp seconds=20.5372 eta_seconds=876.974 bootstraps=10
node=191/7910 op=scatter seconds=22.669 eta_seconds=916.136 bootstraps=12
node=201/7910 op=mul seconds=23.9365 eta_seconds=918.04 bootstraps=12
node=211/7910 op=scatter seconds=24.5599 eta_seconds=896.145 bootstraps=12
node=221/7910 op=sum seconds=24.8782 eta_seconds=865.557 bootstraps=12
node=231/7910 op=scatter seconds=26.918 eta_seconds=894.819 bootstraps=14
node=241/7910 op=gather seconds=29.1281 eta_seconds=926.901 bootstraps=16
node=251/7910 op=cheb seconds=32.6503 eta_seconds=996.29 bootstraps=20
node=271/7910 op=repeat seconds=35.3025 eta_seconds=995.113 bootstraps=22
node=281/7910 op=addp seconds=35.7273 eta_seconds=969.977 bootstraps=22
node=291/7910 op=repeat seconds=36.0022 eta_seconds=942.614 bootstraps=22
node=301/7910 op=mul seconds=36.3109 eta_seconds=917.905 bootstraps=22
node=311/7910 op=scatter seconds=38.7211 eta_seconds=946.114 bootstraps=24
node=321/7910 op=mul seconds=39.5375 eta_seconds=934.735 bootstraps=24
node=341/7910 op=add seconds=40.7168 eta_seconds=903.769 bootstraps=24
node=351/7910 op=cheb seconds=43.0649 eta_seconds=927.429 bootstraps=26
node=361/7910 op=add seconds=45.5152 eta_seconds=951.784 bootstraps=28
node=371/7910 op=linear seconds=47.5509 eta_seconds=966.27 bootstraps=30
node=381/7910 op=cheb seconds=49.284 eta_seconds=973.908 bootstraps=32
node=391/7910 op=add seconds=49.746 eta_seconds=956.625 bootstraps=32
node=401/7910 op=mulp seconds=50.0256 eta_seconds=936.764 bootstraps=32
node=411/7910 op=addp seconds=50.1722 eta_seconds=915.428 bootstraps=32
node=421/7910 op=mul seconds=50.4635 eta_seconds=897.675 bootstraps=32
node=431/7910 op=gather seconds=55.0287 eta_seconds=954.895 bootstraps=36
node=441/7910 op=add seconds=55.4266 eta_seconds=938.734 bootstraps=36
node=451/7910 op=mulp seconds=55.9714 eta_seconds=925.701 bootstraps=36
node=461/7910 op=add seconds=58.4418 eta_seconds=944.323 bootstraps=38
node=471/7910 op=linear seconds=60.4816 eta_seconds=955.249 bootstraps=40
node=481/7910 op=mulp seconds=62.4878 eta_seconds=965.119 bootstraps=42
node=491/7910 op=gather seconds=64.5223 eta_seconds=974.931 bootstraps=44
node=501/7910 op=cheb seconds=66.4766 eta_seconds=983.085 bootstraps=46
node=511/7910 op=sum seconds=66.9302 eta_seconds=969.113 bootstraps=46
node=521/7910 op=addp seconds=67.1561 eta_seconds=952.43 bootstraps=46
node=531/7910 op=gather seconds=67.5509 eta_seconds=938.716 bootstraps=46
node=541/7910 op=add seconds=69.5809 eta_seconds=947.766 bootstraps=48
node=551/7910 op=add seconds=70.7656 eta_seconds=945.126 bootstraps=48
node=561/7910 op=add seconds=71.69 eta_seconds=939.126 bootstraps=48
node=571/7910 op=repeat seconds=71.9483 eta_seconds=924.743 bootstraps=48
node=581/7910 op=mulp seconds=74.1838 eta_seconds=935.789 bootstraps=50
node=591/7910 op=mul seconds=77.7679 eta_seconds=963.085 bootstraps=54
node=601/7910 op=mul seconds=79.7788 eta_seconds=970.221 bootstraps=56
node=611/7910 op=gather seconds=80.4695 eta_seconds=961.288 bootstraps=56
node=621/7910 op=mul seconds=82.6415 eta_seconds=970.006 bootstraps=58
node=631/7910 op=repeat seconds=82.9202 eta_seconds=956.539 bootstraps=58
node=641/7910 op=mulp seconds=83.0912 eta_seconds=942.262 bootstraps=58
node=651/7910 op=add seconds=83.3939 eta_seconds=929.887 bootstraps=58
node=661/7910 op=add seconds=87.3238 eta_seconds=957.655 bootstraps=62
node=671/7910 op=scatter seconds=88.1294 eta_seconds=950.773 bootstraps=62
node=691/7910 op=mul seconds=89.2388 eta_seconds=932.294 bootstraps=62
node=701/7910 op=mul seconds=91.4979 eta_seconds=940.953 bootstraps=64
node=711/7910 op=scatter seconds=93.9704 eta_seconds=951.467 bootstraps=66
node=721/7910 op=gather seconds=96.1738 eta_seconds=958.937 bootstraps=68
node=741/7910 op=cheb seconds=98.5585 eta_seconds=953.53 bootstraps=70
node=751/7910 op=sum seconds=98.7616 eta_seconds=941.457 bootstraps=70
node=761/7910 op=addp seconds=98.8896 eta_seconds=928.991 bootstraps=70
node=771/7910 op=scatter seconds=100.956 eta_seconds=934.794 bootstraps=72
node=781/7910 op=mul seconds=102.389 eta_seconds=934.609 bootstraps=72
node=791/7910 op=scatter seconds=103.112 eta_seconds=928.007 bootstraps=72
node=801/7910 op=sum seconds=103.458 eta_seconds=918.21 bootstraps=72
node=811/7910 op=scatter seconds=105.795 eta_seconds=926.069 bootstraps=74
node=821/7910 op=gather seconds=106.42 eta_seconds=918.889 bootstraps=74
node=831/7910 op=cheb seconds=109.901 eta_seconds=936.212 bootstraps=78
node=851/7910 op=repeat seconds=112.368 eta_seconds=932.088 bootstraps=80
node=861/7910 op=addp seconds=112.725 eta_seconds=922.879 bootstraps=80
node=871/7910 op=repeat seconds=115.798 eta_seconds=935.822 bootstraps=84
node=881/7910 op=mul seconds=116.459 eta_seconds=929.162 bootstraps=84
node=891/7910 op=scatter seconds=117.182 eta_seconds=923.123 bootstraps=84
node=901/7910 op=mul seconds=117.663 eta_seconds=915.316 bootstraps=84
node=921/7910 op=add seconds=120.43 eta_seconds=913.881 bootstraps=86
node=931/7910 op=cheb seconds=122.694 eta_seconds=919.743 bootstraps=88
node=941/7910 op=add seconds=125.196 eta_seconds=927.193 bootstraps=90
node=951/7910 op=linear seconds=127.393 eta_seconds=932.208 bootstraps=92
node=961/7910 op=cheb seconds=127.506 eta_seconds=921.996 bootstraps=92
node=971/7910 op=add seconds=129.35 eta_seconds=924.368 bootstraps=94
node=981/7910 op=mulp seconds=131.038 eta_seconds=925.551 bootstraps=96
node=991/7910 op=addp seconds=132.558 eta_seconds=925.498 bootstraps=98
node=1001/7910 op=mul seconds=133.182 eta_seconds=919.235 bootstraps=98
node=1011/7910 op=gather seconds=134.192 eta_seconds=915.72 bootstraps=98
node=1021/7910 op=add seconds=136.159 eta_seconds=918.708 bootstraps=100
node=1031/7910 op=mulp seconds=136.752 eta_seconds=912.428 bootstraps=100
node=1041/7910 op=add seconds=137.674 eta_seconds=908.436 bootstraps=100
node=1051/7910 op=linear seconds=139.862 eta_seconds=912.765 bootstraps=102
node=1061/7910 op=mulp seconds=141.802 eta_seconds=915.364 bootstraps=104
node=1071/7910 op=gather seconds=143.999 eta_seconds=919.521 bootstraps=106
node=1081/7910 op=cheb seconds=145.901 eta_seconds=921.698 bootstraps=108
node=1091/7910 op=sum seconds=146.417 eta_seconds=915.138 bootstraps=108
node=1101/7910 op=addp seconds=146.643 eta_seconds=906.895 bootstraps=108
node=1111/7910 op=gather seconds=147.087 eta_seconds=900.129 bootstraps=108
node=1121/7910 op=add seconds=149.143 eta_seconds=903.238 bootstraps=110
node=1131/7910 op=add seconds=150.326 eta_seconds=901.023 bootstraps=110
node=1141/7910 op=add seconds=151.264 eta_seconds=897.374 bootstraps=110
node=1151/7910 op=repeat seconds=151.521 eta_seconds=889.777 bootstraps=110
node=1161/7910 op=mulp seconds=153.858 eta_seconds=894.388 bootstraps=112
node=1171/7910 op=mul seconds=155.984 eta_seconds=897.674 bootstraps=114
node=1181/7910 op=mul seconds=157.99 eta_seconds=900.18 bootstraps=116
node=1191/7910 op=gather seconds=158.68 eta_seconds=895.192 bootstraps=116
node=1201/7910 op=mul seconds=160.919 eta_seconds=898.921 bootstraps=118
node=1211/7910 op=repeat seconds=161.186 eta_seconds=891.65 bootstraps=118
node=1221/7910 op=mulp seconds=161.326 eta_seconds=883.79 bootstraps=118
node=1231/7910 op=add seconds=163.128 eta_seconds=885.08 bootstraps=120
node=1241/7910 op=add seconds=164.215 eta_seconds=882.474 bootstraps=120
node=1251/7910 op=scatter seconds=165.022 eta_seconds=878.4 bootstraps=120
node=1271/7910 op=mul seconds=166.133 eta_seconds=867.786 bootstraps=120
node=1281/7910 op=mul seconds=168.389 eta_seconds=871.393 bootstraps=122
node=1291/7910 op=scatter seconds=170.86 eta_seconds=876.007 bootstraps=124
node=1301/7910 op=gather seconds=173.067 eta_seconds=879.17 bootstraps=126
node=1321/7910 op=cheb seconds=175.403 eta_seconds=874.891 bootstraps=128
node=1331/7910 op=sum seconds=175.605 eta_seconds=867.996 bootstraps=128
node=1341/7910 op=addp seconds=175.732 eta_seconds=860.836 bootstraps=128
node=1351/7910 op=scatter seconds=177.808 eta_seconds=863.245 bootstraps=130
node=1361/7910 op=mul seconds=179.271 eta_seconds=862.633 bootstraps=130
node=1371/7910 op=scatter seconds=179.994 eta_seconds=858.483 bootstraps=130
node=1381/7910 op=sum seconds=180.339 eta_seconds=852.594 bootstraps=130
node=1391/7910 op=scatter seconds=184.003 eta_seconds=862.339 bootstraps=134
node=1401/7910 op=gather seconds=184.711 eta_seconds=858.159 bootstraps=134
node=1411/7910 op=cheb seconds=188.321 eta_seconds=867.397 bootstraps=138
node=1421/7910 op=cheb seconds=188.895 eta_seconds=862.59 bootstraps=138
node=1431/7910 op=gather seconds=190.796 eta_seconds=863.847 bootstraps=138
node=1441/7910 op=repeat seconds=194.377 eta_seconds=872.604 bootstraps=140
node=1451/7910 op=addp seconds=195.063 eta_seconds=868.305 bootstraps=140
node=1461/7910 op=repeat seconds=195.708 eta_seconds=863.874 bootstraps=140
node=1471/7910 op=mul seconds=196.267 eta_seconds=859.118 bootstraps=140
node=1481/7910 op=scatter seconds=196.827 eta_seconds=854.423 bootstraps=140
node=1491/7910 op=mul seconds=197.488 eta_seconds=850.219 bootstraps=140
node=1501/7910 op=addp seconds=198.217 eta_seconds=846.35 bootstraps=140
node=1511/7910 op=repeat seconds=200.024 eta_seconds=847.09 bootstraps=142
node=1521/7910 op=mul seconds=200.71 eta_seconds=843.086 bootstraps=142
node=1531/7910 op=mul seconds=202.85 eta_seconds=845.187 bootstraps=144
node=1541/7910 op=scatter seconds=205.319 eta_seconds=848.591 bootstraps=146
node=1551/7910 op=gather seconds=208.747 eta_seconds=855.849 bootstraps=150
node=1561/7910 op=mul seconds=209.391 eta_seconds=851.649 bootstraps=150
node=1571/7910 op=cheb seconds=212.777 eta_seconds=858.559 bootstraps=154
node=1581/7910 op=sum seconds=213.007 eta_seconds=852.7 bootstraps=154
node=1591/7910 op=addp seconds=213.151 eta_seconds=846.576 bootstraps=154
node=1601/7910 op=scatter seconds=215.287 eta_seconds=848.372 bootstraps=156
node=1611/7910 op=mul seconds=216.563 eta_seconds=846.759 bootstraps=156
node=1621/7910 op=scatter seconds=217.191 eta_seconds=842.638 bootstraps=156
node=1631/7910 op=mulp seconds=217.415 eta_seconds=837.001 bootstraps=156
node=1641/7910 op=repeat seconds=219.418 eta_seconds=838.228 bootstraps=158
node=1651/7910 op=mulp seconds=221.272 eta_seconds=838.852 bootstraps=160
node=1661/7910 op=mul seconds=223.609 eta_seconds=841.261 bootstraps=162
node=1671/7910 op=mul seconds=225.622 eta_seconds=842.405 bootstraps=164
node=1681/7910 op=gather seconds=226.32 eta_seconds=838.636 bootstraps=164
node=1691/7910 op=mul seconds=230.794 eta_seconds=848.794 bootstraps=168
node=1701/7910 op=repeat seconds=231.075 eta_seconds=843.47 bootstraps=168
node=1711/7910 op=mulp seconds=231.246 eta_seconds=837.812 bootstraps=168
node=1721/7910 op=add seconds=231.549 eta_seconds=832.69 bootstraps=168
node=1731/7910 op=add seconds=234.197 eta_seconds=835.992 bootstraps=170
node=1741/7910 op=scatter seconds=235.002 eta_seconds=832.698 bootstraps=170
node=1751/7910 op=mul seconds=235.745 eta_seconds=829.213 bootstraps=170
node=1761/7910 op=add seconds=236.013 eta_seconds=824.101 bootstraps=170
node=1771/7910 op=add seconds=238.487 eta_seconds=826.693 bootstraps=172
node=1781/7910 op=linear_ref seconds=239.099 eta_seconds=822.819 bootstraps=172
node=1791/7910 op=mulp seconds=241.116 eta_seconds=823.779 bootstraps=174
node=1801/7910 op=gather seconds=243.147 eta_seconds=824.755 bootstraps=176
node=1811/7910 op=cheb seconds=245.567 eta_seconds=827.01 bootstraps=178
node=1821/7910 op=sum seconds=246.058 eta_seconds=822.759 bootstraps=178
node=1831/7910 op=addp seconds=246.261 eta_seconds=817.596 bootstraps=178
node=1841/7910 op=gather seconds=246.647 eta_seconds=813.093 bootstraps=178
node=1851/7910 op=add seconds=248.778 eta_seconds=814.343 bootstraps=180
node=1861/7910 op=add seconds=249.972 eta_seconds=812.51 bootstraps=180
node=1871/7910 op=add seconds=250.896 eta_seconds=809.812 bootstraps=180
node=1881/7910 op=sum seconds=251.056 eta_seconds=804.686 bootstraps=180
node=1891/7910 op=add seconds=251.428 eta_seconds=800.287 bootstraps=180
node=1901/7910 op=cheb seconds=255.116 eta_seconds=806.412 bootstraps=184
node=1911/7910 op=add seconds=257.669 eta_seconds=808.874 bootstraps=186
node=1921/7910 op=linear_ref seconds=259.709 eta_seconds=809.681 bootstraps=188
node=1931/7910 op=cheb seconds=261.561 eta_seconds=809.877 bootstraps=190
node=1941/7910 op=add seconds=264.318 eta_seconds=812.836 bootstraps=192
node=1951/7910 op=mulp seconds=264.631 eta_seconds=808.27 bootstraps=192
node=1961/7910 op=addp seconds=264.81 eta_seconds=803.341 bootstraps=192
node=1971/7910 op=mul seconds=266.598 eta_seconds=803.311 bootstraps=194
node=1981/7910 op=gather seconds=268.274 eta_seconds=802.925 bootstraps=194
node=1991/7910 op=add seconds=268.672 eta_seconds=798.728 bootstraps=194
node=2001/7910 op=mul seconds=269.226 eta_seconds=795.03 bootstraps=194
node=2011/7910 op=sum seconds=269.62 eta_seconds=790.894 bootstraps=194
node=2021/7910 op=scatter seconds=271.966 eta_seconds=792.481 bootstraps=196
node=2031/7910 op=gather seconds=274.011 eta_seconds=793.163 bootstraps=198
node=2041/7910 op=cheb seconds=277.537 eta_seconds=798.073 bootstraps=202
node=2051/7910 op=gather seconds=278.268 eta_seconds=794.914 bootstraps=202
node=2061/7910 op=repeat seconds=280.786 eta_seconds=796.854 bootstraps=204
node=2071/7910 op=addp seconds=281.211 eta_seconds=792.851 bootstraps=204
node=2081/7910 op=repeat seconds=281.486 eta_seconds=788.458 bootstraps=204
node=2091/7910 op=mul seconds=281.795 eta_seconds=784.201 bootstraps=204
node=2101/7910 op=scatter seconds=284.342 eta_seconds=786.17 bootstraps=206
node=2111/7910 op=mul seconds=285.164 eta_seconds=783.355 bootstraps=206
node=2121/7910 op=addp seconds=286.086 eta_seconds=780.835 bootstraps=206
node=2131/7910 op=repeat seconds=286.355 eta_seconds=776.559 bootstraps=206
node=2141/7910 op=mul seconds=286.732 eta_seconds=772.609 bootstraps=206
node=2151/7910 op=mul seconds=288.992 eta_seconds=773.736 bootstraps=208
node=2161/7910 op=scatter seconds=291.465 eta_seconds=775.396 bootstraps=210
node=2171/7910 op=gather seconds=293.675 eta_seconds=776.325 bootstraps=212
node=2181/7910 op=mul seconds=295.939 eta_seconds=777.365 bootstraps=214
node=2191/7910 op=cheb seconds=296.659 eta_seconds=774.346 bootstraps=214
node=2201/7910 op=sum seconds=296.86 eta_seconds=770.002 bootstraps=214
node=2211/7910 op=addp seconds=296.986 eta_seconds=765.502 bootstraps=214
node=2221/7910 op=scatter seconds=299.116 eta_seconds=766.172 bootstraps=216
node=2231/7910 op=mul seconds=300.549 eta_seconds=765.046 bootstraps=216
node=2241/7910 op=scatter seconds=301.272 eta_seconds=762.121 bootstraps=216
node=2251/7910 op=mulp seconds=301.501 eta_seconds=757.973 bootstraps=216
node=2261/7910 op=repeat seconds=302.004 eta_seconds=754.544 bootstraps=216
node=2271/7910 op=mulp seconds=304.274 eta_seconds=755.528 bootstraps=218
node=2281/7910 op=mul seconds=306.411 eta_seconds=756.155 bootstraps=220
node=2291/7910 op=mul seconds=308.382 eta_seconds=756.35 bootstraps=222
node=2301/7910 op=gather seconds=309.124 eta_seconds=753.531 bootstraps=222
node=2311/7910 op=mul seconds=311.931 eta_seconds=755.735 bootstraps=224
node=2321/7910 op=repeat seconds=313.657 eta_seconds=755.29 bootstraps=226
node=2331/7910 op=mulp seconds=315.202 eta_seconds=754.402 bootstraps=228
node=2341/7910 op=add seconds=315.866 eta_seconds=751.412 bootstraps=228
node=2351/7910 op=add seconds=316.79 eta_seconds=749.059 bootstraps=228
node=2361/7910 op=scatter seconds=318.734 eta_seconds=749.112 bootstraps=230
node=2371/7910 op=mul seconds=319.6 eta_seconds=746.633 bootstraps=230
node=2381/7910 op=add seconds=319.867 eta_seconds=742.773 bootstraps=230
node=2391/7910 op=add seconds=322.285 eta_seconds=743.912 bootstraps=232
node=2401/7910 op=linear_ref seconds=322.859 eta_seconds=740.788 bootstraps=232
node=2411/7910 op=mulp seconds=324.903 eta_seconds=741.038 bootstraps=234
node=2421/7910 op=gather seconds=327.106 eta_seconds=741.629 bootstraps=236
node=2431/7910 op=cheb seconds=330.948 eta_seconds=745.893 bootstraps=240
node=2441/7910 op=sum seconds=332.857 eta_seconds=745.759 bootstraps=242
node=2451/7910 op=addp seconds=334.364 eta_seconds=744.713 bootstraps=244
node=2461/7910 op=gather seconds=336.481 eta_seconds=745.015 bootstraps=246
node=2471/7910 op=add seconds=336.744 eta_seconds=741.217 bootstraps=246
node=2481/7910 op=add seconds=337.512 eta_seconds=738.553 bootstraps=246
node=2491/7910 op=add seconds=340.07 eta_seconds=739.799 bootstraps=248
node=2501/7910 op=sum seconds=340.302 eta_seconds=735.982 bootstraps=248
node=2511/7910 op=add seconds=340.827 eta_seconds=732.825 bootstraps=248
node=2521/7910 op=cheb seconds=342.854 eta_seconds=732.899 bootstraps=250
node=2531/7910 op=add seconds=345.503 eta_seconds=734.278 bootstraps=252
node=2541/7910 op=linear_ref seconds=347.703 eta_seconds=734.677 bootstraps=254
node=2551/7910 op=cheb seconds=349.57 eta_seconds=734.357 bootstraps=256
node=2561/7910 op=add seconds=352.959 eta_seconds=737.203 bootstraps=258
node=2571/7910 op=mulp seconds=353.276 eta_seconds=733.621 bootstraps=258
node=2581/7910 op=addp seconds=353.502 eta_seconds=729.876 bootstraps=258
node=2591/7910 op=mul seconds=355.287 eta_seconds=729.36 bootstraps=260
node=2601/7910 op=gather seconds=356.96 eta_seconds=728.604 bootstraps=260
node=2611/7910 op=add seconds=357.356 eta_seconds=725.251 bootstraps=260
node=2621/7910 op=mul seconds=357.91 eta_seconds=722.239 bootstraps=260
node=2631/7910 op=sum seconds=358.307 eta_seconds=718.929 bootstraps=260
node=2641/7910 op=scatter seconds=360.718 eta_seconds=719.661 bootstraps=262
node=2651/7910 op=gather seconds=361.329 eta_seconds=716.798 bootstraps=262
node=2661/7910 op=cheb seconds=364.856 eta_seconds=719.703 bootstraps=266
node=2671/7910 op=gather seconds=365.581 eta_seconds=717.064 bootstraps=266
node=2681/7910 op=repeat seconds=368.164 eta_seconds=718.064 bootstraps=268
node=2691/7910 op=addp seconds=368.576 eta_seconds=714.827 bootstraps=268
node=2701/7910 op=repeat seconds=368.817 eta_seconds=711.28 bootstraps=268
node=2711/7910 op=mul seconds=370.73 eta_seconds=710.965 bootstraps=270
node=2721/7910 op=scatter seconds=371.615 eta_seconds=708.676 bootstraps=270
node=2731/7910 op=mul seconds=372.433 eta_seconds=706.272 bootstraps=270
node=2741/7910 op=addp seconds=373.351 eta_seconds=704.068 bootstraps=270
node=2751/7910 op=repeat seconds=373.621 eta_seconds=700.658 bootstraps=270
node=2761/7910 op=mul seconds=374 eta_seconds=697.473 bootstraps=270
node=2771/7910 op=mul seconds=376.26 eta_seconds=697.799 bootstraps=272
node=2781/7910 op=scatter seconds=378.728 eta_seconds=698.489 bootstraps=274
node=2791/7910 op=gather seconds=380.936 eta_seconds=698.678 bootstraps=276
node=2801/7910 op=mul seconds=383.201 eta_seconds=698.956 bootstraps=278
node=2811/7910 op=cheb seconds=383.874 eta_seconds=696.326 bootstraps=278
node=2821/7910 op=sum seconds=384.074 eta_seconds=692.858 bootstraps=278
node=2831/7910 op=addp seconds=384.201 eta_seconds=689.282 bootstraps=278
node=2841/7910 op=scatter seconds=386.349 eta_seconds=689.335 bootstraps=280
node=2851/7910 op=mul seconds=387.803 eta_seconds=688.142 bootstraps=280
node=2861/7910 op=scatter seconds=388.531 eta_seconds=685.666 bootstraps=280
node=2871/7910 op=mulp seconds=388.758 eta_seconds=682.323 bootstraps=280
node=2881/7910 op=repeat seconds=389.265 eta_seconds=679.492 bootstraps=280
node=2891/7910 op=mulp seconds=392.854 eta_seconds=682.025 bootstraps=284
node=2901/7910 op=mul seconds=395.189 eta_seconds=682.352 bootstraps=286
node=2911/7910 op=mul seconds=397.179 eta_seconds=682.068 bootstraps=288
client_token=315 logit_margin=1.89748
node=2921/7910 op=mul seconds=397.949 eta_seconds=679.688 bootstraps=288
node=2931/7910 op=gather seconds=399.798 eta_seconds=679.152 bootstraps=288
node=2941/7910 op=mul seconds=403.54 eta_seconds=681.806 bootstraps=290
node=2951/7910 op=repeat seconds=404.249 eta_seconds=679.318 bootstraps=290
node=2961/7910 op=mulp seconds=404.625 eta_seconds=676.288 bootstraps=290
node=2971/7910 op=add seconds=405.177 eta_seconds=673.568 bootstraps=290
node=2981/7910 op=add seconds=405.904 eta_seconds=671.151 bootstraps=290
node=2991/7910 op=scatter seconds=406.542 eta_seconds=668.6 bootstraps=290
node=3001/7910 op=mul seconds=407.14 eta_seconds=665.994 bootstraps=290
node=3011/7910 op=mul seconds=408.945 eta_seconds=665.367 bootstraps=292
node=3021/7910 op=mul seconds=409.702 eta_seconds=663.037 bootstraps=292
node=3031/7910 op=sum seconds=410.724 eta_seconds=661.142 bootstraps=292
node=3041/7910 op=cheb seconds=414.371 eta_seconds=663.458 bootstraps=296
node=3051/7910 op=repeat seconds=416.428 eta_seconds=663.201 bootstraps=298
node=3061/7910 op=gather seconds=416.997 eta_seconds=660.574 bootstraps=298
node=3071/7910 op=repeat seconds=419.739 eta_seconds=661.387 bootstraps=300
node=3081/7910 op=cheb seconds=420.061 eta_seconds=658.382 bootstraps=300
node=3091/7910 op=mul seconds=420.241 eta_seconds=655.174 bootstraps=300
node=3101/7910 op=mulp seconds=422.172 eta_seconds=654.699 bootstraps=302
node=3111/7910 op=scatter seconds=423.258 eta_seconds=652.913 bootstraps=302
node=3121/7910 op=add seconds=423.881 eta_seconds=650.421 bootstraps=302
node=3131/7910 op=mul seconds=424.806 eta_seconds=648.403 bootstraps=302
node=3141/7910 op=repeat seconds=425.077 eta_seconds=645.398 bootstraps=302
node=3151/7910 op=sum seconds=425.465 eta_seconds=642.586 bootstraps=302
node=3161/7910 op=scatter seconds=427.858 eta_seconds=642.803 bootstraps=304
node=3171/7910 op=gather seconds=429.961 eta_seconds=642.568 bootstraps=306
node=3181/7910 op=cheb seconds=433.489 eta_seconds=644.442 bootstraps=310
node=3191/7910 op=gather seconds=434.217 eta_seconds=642.141 bootstraps=310
node=3201/7910 op=repeat seconds=438.445 eta_seconds=644.998 bootstraps=314
node=3211/7910 op=addp seconds=438.869 eta_seconds=642.245 bootstraps=314
node=3221/7910 op=repeat seconds=439.146 eta_seconds=639.29 bootstraps=314
node=3231/7910 op=mul seconds=439.456 eta_seconds=636.402 bootstraps=314
node=3241/7910 op=scatter seconds=441.865 eta_seconds=636.553 bootstraps=316
node=3251/7910 op=mul seconds=442.685 eta_seconds=634.411 bootstraps=316
node=3261/7910 op=addp seconds=443.609 eta_seconds=632.425 bootstraps=316
node=3271/7910 op=mul seconds=443.766 eta_seconds=629.358 bootstraps=316
node=3281/7910 op=mul seconds=444.134 eta_seconds=626.606 bootstraps=316
node=3291/7910 op=mul seconds=446.619 eta_seconds=626.841 bootstraps=318
node=3301/7910 op=gather seconds=447.226 eta_seconds=624.436 bootstraps=318
node=3311/7910 op=addp seconds=449.238 eta_seconds=623.994 bootstraps=320
node=3321/7910 op=gather seconds=451.273 eta_seconds=623.574 bootstraps=322
node=3331/7910 op=cheb seconds=453.821 eta_seconds=623.851 bootstraps=324
node=3341/7910 op=mulp seconds=454.2 eta_seconds=621.143 bootstraps=324
node=3351/7910 op=cheb seconds=454.436 eta_seconds=618.256 bootstraps=324
node=3361/7910 op=mul seconds=456.599 eta_seconds=617.992 bootstraps=326
node=3371/7910 op=gather seconds=457.208 eta_seconds=615.624 bootstraps=326
node=3381/7910 op=mul seconds=458.152 eta_seconds=613.715 bootstraps=326
node=3391/7910 op=mulp seconds=459.076 eta_seconds=611.786 bootstraps=326
node=3401/7910 op=sum seconds=459.239 eta_seconds=608.852 bootstraps=326
node=3411/7910 op=add seconds=459.605 eta_seconds=606.205 bootstraps=326
node=3421/7910 op=add seconds=462.081 eta_seconds=606.338 bootstraps=328
node=3431/7910 op=linear_ref seconds=464.119 eta_seconds=605.885 bootstraps=330
node=3441/7910 op=mulp seconds=466.13 eta_seconds=605.387 bootstraps=332
node=3451/7910 op=gather seconds=468.171 eta_seconds=604.919 bootstraps=334
node=3461/7910 op=cheb seconds=472.419 eta_seconds=607.278 bootstraps=338
node=3471/7910 op=sum seconds=472.87 eta_seconds=604.746 bootstraps=338
node=3481/7910 op=addp seconds=473.097 eta_seconds=601.938 bootstraps=338
node=3491/7910 op=gather seconds=473.49 eta_seconds=599.357 bootstraps=338
node=3501/7910 op=add seconds=475.554 eta_seconds=598.891 bootstraps=340
node=3511/7910 op=add seconds=476.738 eta_seconds=597.314 bootstraps=340
node=3521/7910 op=add seconds=477.663 eta_seconds=595.416 bootstraps=340
node=3531/7910 op=mul seconds=477.691 eta_seconds=592.413 bootstraps=340
node=3541/7910 op=mul seconds=478.194 eta_seconds=590.012 bootstraps=340
node=3551/7910 op=linear_ref seconds=480.718 eta_seconds=590.101 bootstraps=342
node=3561/7910 op=mulp seconds=482.232 eta_seconds=588.943 bootstraps=344
node=3571/7910 op=sum seconds=484.799 eta_seconds=589.063 bootstraps=346
node=3581/7910 op=gather seconds=486.999 eta_seconds=588.724 bootstraps=348
node=3591/7910 op=cheb seconds=489.277 eta_seconds=588.468 bootstraps=350
node=3601/7910 op=mul seconds=489.92 eta_seconds=586.245 bootstraps=350
node=3611/7910 op=mulp seconds=490.124 eta_seconds=583.506 bootstraps=350
node=3621/7910 op=gather seconds=490.412 eta_seconds=580.883 bootstraps=350
node=3631/7910 op=scatter seconds=492.677 eta_seconds=580.602 bootstraps=352
node=3641/7910 op=mulp seconds=493.876 eta_seconds=579.059 bootstraps=352
node=3651/7910 op=scatter seconds=494.802 eta_seconds=577.202 bootstraps=352
node=3661/7910 op=mulp seconds=494.831 eta_seconds=574.307 bootstraps=352
node=3671/7910 op=repeat seconds=495.333 eta_seconds=571.974 bootstraps=352
node=3681/7910 op=mul seconds=495.712 eta_seconds=569.51 bootstraps=352
node=3691/7910 op=mul seconds=497.969 eta_seconds=569.203 bootstraps=354
node=3701/7910 op=scatter seconds=500.442 eta_seconds=569.133 bootstraps=356
node=3711/7910 op=gather seconds=502.652 eta_seconds=568.751 bootstraps=358
node=3721/7910 op=mul seconds=504.912 eta_seconds=568.416 bootstraps=360
node=3731/7910 op=cheb seconds=505.628 eta_seconds=566.342 bootstraps=360
node=3741/7910 op=sum seconds=505.83 eta_seconds=563.7 bootstraps=360
node=3751/7910 op=addp seconds=507.455 eta_seconds=562.651 bootstraps=362
node=3761/7910 op=scatter seconds=508.266 eta_seconds=560.701 bootstraps=362
node=3771/7910 op=mul seconds=509.604 eta_seconds=559.334 bootstraps=362
node=3781/7910 op=scatter seconds=510.331 eta_seconds=557.302 bootstraps=362
node=3791/7910 op=add seconds=510.556 eta_seconds=554.729 bootstraps=362
node=3801/7910 op=mul seconds=510.953 eta_seconds=552.356 bootstraps=362
node=3811/7910 op=cheb seconds=511.442 eta_seconds=550.092 bootstraps=362
node=3821/7910 op=repeat seconds=515.016 eta_seconds=551.138 bootstraps=366
node=3831/7910 op=mul seconds=517.61 eta_seconds=551.117 bootstraps=368
node=3841/7910 op=gather seconds=519.816 eta_seconds=550.672 bootstraps=370
node=3851/7910 op=cheb seconds=522.148 eta_seconds=550.35 bootstraps=372
node=3861/7910 op=cheb seconds=522.72 eta_seconds=548.172 bootstraps=372
node=3871/7910 op=mul seconds=524.449 eta_seconds=547.21 bootstraps=374
node=3881/7910 op=repeat seconds=526.029 eta_seconds=546.089 bootstraps=376
node=3891/7910 op=add seconds=526.653 eta_seconds=543.978 bootstraps=376
node=3901/7910 op=mul seconds=527.838 eta_seconds=542.451 bootstraps=376
node=3911/7910 op=gather seconds=529.982 eta_seconds=541.907 bootstraps=378
node=3921/7910 op=mul seconds=530.39 eta_seconds=539.588 bootstraps=378
node=3931/7910 op=sum seconds=530.78 eta_seconds=537.261 bootstraps=378
node=3941/7910 op=add seconds=531.149 eta_seconds=534.923 bootstraps=378
node=3951/7910 op=cheb seconds=533.424 eta_seconds=534.504 bootstraps=380
node=3961/7910 op=add seconds=535.918 eta_seconds=534.294 bootstraps=382
node=3971/7910 op=linear_ref seconds=538.112 eta_seconds=533.775 bootstraps=384
node=3981/7910 op=cheb seconds=538.237 eta_seconds=531.207 bootstraps=384
node=3991/7910 op=add seconds=543.632 eta_seconds=533.825 bootstraps=390
node=4001/7910 op=mulp seconds=545.321 eta_seconds=532.782 bootstraps=392
node=4011/7910 op=addp seconds=546.848 eta_seconds=531.578 bootstraps=394
node=4021/7910 op=mul seconds=547.473 eta_seconds=529.501 bootstraps=394
node=4031/7910 op=gather seconds=548.485 eta_seconds=527.803 bootstraps=394
node=4041/7910 op=add seconds=550.458 eta_seconds=527.028 bootstraps=396
node=4051/7910 op=mul seconds=551.07 eta_seconds=524.951 bootstraps=396
node=4061/7910 op=mul seconds=551.437 eta_seconds=522.649 bootstraps=396
node=4071/7910 op=mul seconds=552.16 eta_seconds=520.694 bootstraps=396
node=4081/7910 op=addp seconds=552.742 eta_seconds=518.611 bootstraps=396
node=4091/7910 op=linear_ref seconds=556.84 eta_seconds=519.817 bootstraps=400
node=4101/7910 op=mulp seconds=558.399 eta_seconds=518.64 bootstraps=402
node=4111/7910 op=addp seconds=559.101 eta_seconds=516.669 bootstraps=402
node=4121/7910 op=mulp seconds=564.275 eta_seconds=518.815 bootstraps=406
node=4131/7910 op=mul seconds=564.59 eta_seconds=516.482 bootstraps=406
node=4141/7910 op=repeat seconds=564.817 eta_seconds=514.078 bootstraps=406
node=4151/7910 op=mul seconds=566.632 eta_seconds=513.122 bootstraps=408
node=4161/7910 op=gather seconds=568.014 eta_seconds=511.773 bootstraps=408
node=4171/7910 op=scatter seconds=568.71 eta_seconds=509.808 bootstraps=408
node=4181/7910 op=mul seconds=569.263 eta_seconds=507.721 bootstraps=408
node=4191/7910 op=add seconds=569.528 eta_seconds=505.386 bootstraps=408
node=4201/7910 op=repeat seconds=570.028 eta_seconds=503.27 bootstraps=408
node=4211/7910 op=mulp seconds=572.367 eta_seconds=502.775 bootstraps=410
node=4221/7910 op=mul seconds=574.489 eta_seconds=502.083 bootstraps=412
node=4231/7910 op=mul seconds=576.504 eta_seconds=501.29 bootstraps=414
node=4241/7910 op=gather seconds=577.205 eta_seconds=499.355 bootstraps=414
node=4251/7910 op=mul seconds=580.023 eta_seconds=499.248 bootstraps=416
node=4261/7910 op=repeat seconds=580.287 eta_seconds=496.942 bootstraps=416
node=4271/7910 op=mulp seconds=580.426 eta_seconds=494.538 bootstraps=416
node=4281/7910 op=add seconds=582.333 eta_seconds=493.643 bootstraps=418
node=4291/7910 op=add seconds=583.418 eta_seconds=492.051 bootstraps=418
node=4301/7910 op=scatter seconds=584.226 eta_seconds=490.228 bootstraps=418
node=4311/7910 op=mul seconds=584.971 eta_seconds=488.358 bootstraps=418
node=4321/7910 op=mul seconds=585.239 eta_seconds=486.096 bootstraps=418
node=4331/7910 op=mul seconds=585.627 eta_seconds=483.943 bootstraps=418
node=4341/7910 op=sum seconds=588.002 eta_seconds=483.432 bootstraps=420
node=4351/7910 op=cheb seconds=590.129 eta_seconds=482.71 bootstraps=422
node=4361/7910 op=repeat seconds=592.138 eta_seconds=481.885 bootstraps=424
node=4371/7910 op=gather seconds=592.834 eta_seconds=479.991 bootstraps=424
node=4381/7910 op=repeat seconds=595.6 eta_seconds=479.77 bootstraps=426
node=4391/7910 op=cheb seconds=595.87 eta_seconds=477.537 bootstraps=426
node=4401/7910 op=mul seconds=596.016 eta_seconds=475.215 bootstraps=426
node=4411/7910 op=mulp seconds=596.324 eta_seconds=473.03 bootstraps=426
node=4421/7910 op=scatter seconds=599.036 eta_seconds=472.752 bootstraps=428
node=4431/7910 op=add seconds=599.657 eta_seconds=470.821 bootstraps=428
node=4441/7910 op=mul seconds=600.584 eta_seconds=469.134 bootstraps=428
node=4451/7910 op=repeat seconds=600.854 eta_seconds=466.941 bootstraps=428
node=4461/7910 op=sum seconds=601.246 eta_seconds=464.85 bootstraps=428
node=4471/7910 op=scatter seconds=604.907 eta_seconds=465.282 bootstraps=432
node=4481/7910 op=gather seconds=605.621 eta_seconds=463.44 bootstraps=432
node=4491/7910 op=cheb seconds=609.229 eta_seconds=463.806 bootstraps=436
client_token=279 logit_margin=2.9022
node=4501/7910 op=cheb seconds=609.895 eta_seconds=461.926 bootstraps=436
node=4511/7910 op=gather seconds=611.794 eta_seconds=460.981 bootstraps=436
node=4521/7910 op=repeat seconds=615.358 eta_seconds=461.28 bootstraps=438
node=4531/7910 op=addp seconds=616.046 eta_seconds=459.417 bootstraps=438
node=4541/7910 op=repeat seconds=616.69 eta_seconds=457.526 bootstraps=438
node=4551/7910 op=mul seconds=617.251 eta_seconds=455.581 bootstraps=438
node=4561/7910 op=scatter seconds=617.814 eta_seconds=453.642 bootstraps=438
node=4571/7910 op=mul seconds=618.478 eta_seconds=451.782 bootstraps=438
node=4581/7910 op=addp seconds=619.209 eta_seconds=449.978 bootstraps=438
node=4591/7910 op=sum seconds=619.35 eta_seconds=447.75 bootstraps=438
node=4601/7910 op=add seconds=621.521 eta_seconds=446.993 bootstraps=440
node=4611/7910 op=repeat seconds=622.502 eta_seconds=445.377 bootstraps=440
node=4621/7910 op=mulp seconds=623.298 eta_seconds=443.632 bootstraps=440
node=4631/7910 op=mul seconds=626.95 eta_seconds=443.915 bootstraps=444
node=4641/7910 op=mul seconds=629.003 eta_seconds=443.054 bootstraps=446
node=4651/7910 op=gather seconds=629.577 eta_seconds=441.15 bootstraps=446
node=4661/7910 op=mul seconds=632.305 eta_seconds=440.755 bootstraps=448
node=4671/7910 op=repeat seconds=632.633 eta_seconds=438.685 bootstraps=448
node=4681/7910 op=mulp seconds=632.803 eta_seconds=436.514 bootstraps=448
node=4691/7910 op=add seconds=634.69 eta_seconds=435.529 bootstraps=450
node=4701/7910 op=add seconds=635.775 eta_seconds=433.993 bootstraps=450
node=4711/7910 op=scatter seconds=636.58 eta_seconds=432.269 bootstraps=450
node=4721/7910 op=mul seconds=637.316 eta_seconds=430.502 bootstraps=450
node=4731/7910 op=repeat seconds=637.587 eta_seconds=428.427 bootstraps=450
node=4741/7910 op=sum seconds=637.977 eta_seconds=426.439 bootstraps=450
node=4751/7910 op=add seconds=638.345 eta_seconds=424.444 bootstraps=450
node=4761/7910 op=cheb seconds=642.142 eta_seconds=424.723 bootstraps=454
node=4771/7910 op=add seconds=644.718 eta_seconds=424.182 bootstraps=456
node=4781/7910 op=linear_ref seconds=646.915 eta_seconds=423.383 bootstraps=458
node=4791/7910 op=cheb seconds=647.013 eta_seconds=421.214 bootstraps=458
node=4801/7910 op=add seconds=651.428 eta_seconds=421.847 bootstraps=462
node=4811/7910 op=mulp seconds=651.706 eta_seconds=419.796 bootstraps=462
node=4821/7910 op=addp seconds=651.886 eta_seconds=417.688 bootstraps=462
node=4831/7910 op=mul seconds=652.178 eta_seconds=415.66 bootstraps=462
node=4841/7910 op=gather seconds=655.387 eta_seconds=415.489 bootstraps=464
node=4851/7910 op=add seconds=655.785 eta_seconds=413.533 bootstraps=464
node=4861/7910 op=mul seconds=656.343 eta_seconds=411.683 bootstraps=464
node=4871/7910 op=add seconds=656.608 eta_seconds=409.655 bootstraps=464
node=4881/7910 op=repeat seconds=657.106 eta_seconds=407.78 bootstraps=464
node=4891/7910 op=mul seconds=657.481 eta_seconds=405.834 bootstraps=464
node=4901/7910 op=mul seconds=659.789 eta_seconds=405.082 bootstraps=466
node=4911/7910 op=scatter seconds=662.22 eta_seconds=404.398 bootstraps=468
node=4921/7910 op=gather seconds=664.264 eta_seconds=403.472 bootstraps=470
node=4931/7910 op=mul seconds=666.555 eta_seconds=402.691 bootstraps=472
node=4941/7910 op=cheb seconds=667.157 eta_seconds=400.888 bootstraps=472
node=4951/7910 op=sum seconds=667.358 eta_seconds=398.851 bootstraps=472
node=4961/7910 op=addp seconds=667.484 eta_seconds=396.777 bootstraps=472
node=4971/7910 op=scatter seconds=669.624 eta_seconds=395.901 bootstraps=474
node=4981/7910 op=mul seconds=671.078 eta_seconds=394.617 bootstraps=474
node=4991/7910 op=scatter seconds=671.801 eta_seconds=392.905 bootstraps=474
node=5001/7910 op=mul seconds=672.026 eta_seconds=390.906 bootstraps=474
node=5011/7910 op=sum seconds=672.42 eta_seconds=389.013 bootstraps=474
node=5021/7910 op=add seconds=672.787 eta_seconds=387.11 bootstraps=474
node=5031/7910 op=add seconds=675.303 eta_seconds=386.443 bootstraps=476
node=5041/7910 op=linear_ref seconds=677.337 eta_seconds=385.495 bootstraps=478
node=5051/7910 op=mulp seconds=679.344 eta_seconds=384.527 bootstraps=480
node=5061/7910 op=gather seconds=681.379 eta_seconds=383.57 bootstraps=482
node=5071/7910 op=cheb seconds=685.662 eta_seconds=383.868 bootstraps=486
node=5081/7910 op=sum seconds=686.115 eta_seconds=382.015 bootstraps=486
node=5091/7910 op=addp seconds=686.34 eta_seconds=380.042 bootstraps=486
node=5101/7910 op=gather seconds=686.735 eta_seconds=378.169 bootstraps=486
node=5111/7910 op=add seconds=688.762 eta_seconds=377.195 bootstraps=488
node=5121/7910 op=add seconds=689.948 eta_seconds=375.76 bootstraps=488
node=5131/7910 op=add seconds=690.87 eta_seconds=374.182 bootstraps=488
node=5141/7910 op=mulp seconds=690.9 eta_seconds=372.126 bootstraps=488
node=5151/7910 op=repeat seconds=691.401 eta_seconds=370.331 bootstraps=488
node=5161/7910 op=sum seconds=691.789 eta_seconds=368.481 bootstraps=488
node=5171/7910 op=scatter seconds=694.177 eta_seconds=367.695 bootstraps=490
node=5181/7910 op=gather seconds=696.216 eta_seconds=366.719 bootstraps=492
node=5191/7910 op=cheb seconds=699.742 eta_seconds=366.518 bootstraps=496
node=5201/7910 op=gather seconds=700.466 eta_seconds=364.846 bootstraps=496
node=5211/7910 op=repeat seconds=702.98 eta_seconds=364.103 bootstraps=498
node=5221/7910 op=addp seconds=703.403 eta_seconds=362.278 bootstraps=498
node=5231/7910 op=repeat seconds=703.678 eta_seconds=360.381 bootstraps=498
node=5241/7910 op=mul seconds=703.986 eta_seconds=358.508 bootstraps=498
node=5251/7910 op=scatter seconds=706.494 eta_seconds=357.754 bootstraps=500
node=5261/7910 op=mul seconds=707.32 eta_seconds=356.147 bootstraps=500
node=5271/7910 op=addp seconds=708.245 eta_seconds=354.593 bootstraps=500
node=5281/7910 op=sum seconds=708.405 eta_seconds=352.66 bootstraps=500
node=5291/7910 op=add seconds=708.775 eta_seconds=350.838 bootstraps=500
node=5301/7910 op=repeat seconds=709.277 eta_seconds=349.086 bootstraps=500
node=5311/7910 op=mulp seconds=711.593 eta_seconds=348.227 bootstraps=502
node=5321/7910 op=mul seconds=713.718 eta_seconds=347.269 bootstraps=504
node=5331/7910 op=mul seconds=715.739 eta_seconds=346.256 bootstraps=506
node=5341/7910 op=gather seconds=716.441 eta_seconds=344.605 bootstraps=506
node=5351/7910 op=mul seconds=719.265 eta_seconds=343.973 bootstraps=508
node=5361/7910 op=repeat seconds=719.531 eta_seconds=342.116 bootstraps=508
node=5371/7910 op=mulp seconds=719.67 eta_seconds=340.205 bootstraps=508
node=5381/7910 op=add seconds=721.572 eta_seconds=339.129 bootstraps=510
node=5391/7910 op=add seconds=722.657 eta_seconds=337.669 bootstraps=510
node=5401/7910 op=scatter seconds=723.466 eta_seconds=336.082 bootstraps=510
node=5411/7910 op=mul seconds=724.208 eta_seconds=334.466 bootstraps=510
node=5421/7910 op=repeat seconds=724.476 eta_seconds=332.636 bootstraps=510
node=5431/7910 op=sum seconds=724.865 eta_seconds=330.867 bootstraps=510
node=5441/7910 op=add seconds=725.232 eta_seconds=329.093 bootstraps=510
node=5451/7910 op=cheb seconds=727.604 eta_seconds=328.229 bootstraps=512
node=5461/7910 op=add seconds=730.138 eta_seconds=327.432 bootstraps=514
node=5471/7910 op=linear_ref seconds=732.337 eta_seconds=326.48 bootstraps=516
node=5481/7910 op=cheb seconds=732.444 eta_seconds=324.595 bootstraps=516
node=5491/7910 op=add seconds=735.246 eta_seconds=323.905 bootstraps=518
node=5501/7910 op=mulp seconds=736.977 eta_seconds=322.737 bootstraps=520
node=5511/7910 op=addp seconds=738.545 eta_seconds=321.497 bootstraps=522
node=5521/7910 op=mul seconds=739.18 eta_seconds=319.852 bootstraps=522
node=5531/7910 op=gather seconds=740.368 eta_seconds=318.448 bootstraps=522
node=5541/7910 op=add seconds=742.299 eta_seconds=317.363 bootstraps=524
node=5551/7910 op=mul seconds=742.912 eta_seconds=315.714 bootstraps=524
node=5561/7910 op=add seconds=743.18 eta_seconds=313.924 bootstraps=524
node=5571/7910 op=repeat seconds=743.681 eta_seconds=312.237 bootstraps=524
node=5581/7910 op=mul seconds=745.362 eta_seconds=311.046 bootstraps=526
node=5591/7910 op=mul seconds=746.234 eta_seconds=309.518 bootstraps=526
node=5601/7910 op=scatter seconds=748.699 eta_seconds=308.649 bootstraps=528
node=5611/7910 op=gather seconds=750.908 eta_seconds=307.67 bootstraps=530
node=5621/7910 op=mul seconds=753.266 eta_seconds=306.747 bootstraps=532
node=5631/7910 op=cheb seconds=756.605 eta_seconds=306.216 bootstraps=536
node=5641/7910 op=sum seconds=758.117 eta_seconds=304.94 bootstraps=538
node=5651/7910 op=addp seconds=759.642 eta_seconds=303.669 bootstraps=540
node=5661/7910 op=scatter seconds=760.379 eta_seconds=302.083 bootstraps=540
node=5671/7910 op=mul seconds=761.273 eta_seconds=300.563 bootstraps=540
node=5681/7910 op=scatter seconds=763.62 eta_seconds=299.614 bootstraps=542
node=5691/7910 op=mul seconds=763.853 eta_seconds=297.837 bootstraps=542
node=5701/7910 op=sum seconds=764.402 eta_seconds=296.187 bootstraps=542
node=5711/7910 op=add seconds=764.917 eta_seconds=294.528 bootstraps=542
node=5721/7910 op=add seconds=765.813 eta_seconds=293.02 bootstraps=542
node=5731/7910 op=linear_ref seconds=767.97 eta_seconds=291.992 bootstraps=544
node=5741/7910 op=mulp seconds=770.024 eta_seconds=290.922 bootstraps=546
node=5751/7910 op=gather seconds=772.221 eta_seconds=289.902 bootstraps=548
node=5761/7910 op=cheb seconds=777.092 eta_seconds=289.875 bootstraps=552
node=5771/7910 op=sum seconds=777.608 eta_seconds=288.218 bootstraps=552
node=5781/7910 op=addp seconds=777.833 eta_seconds=286.457 bootstraps=552
node=5791/7910 op=gather seconds=778.274 eta_seconds=284.78 bootstraps=552
node=5801/7910 op=add seconds=780.3 eta_seconds=283.684 bootstraps=554
node=5811/7910 op=add seconds=781.486 eta_seconds=282.282 bootstraps=554
node=5821/7910 op=add seconds=782.412 eta_seconds=280.787 bootstraps=554
node=5831/7910 op=mulp seconds=782.441 eta_seconds=278.974 bootstraps=554
node=5841/7910 op=repeat seconds=782.942 eta_seconds=277.334 bootstraps=554
node=5851/7910 op=sum seconds=783.33 eta_seconds=275.658 bootstraps=554
node=5861/7910 op=scatter seconds=785.784 eta_seconds=274.709 bootstraps=556
node=5871/7910 op=gather seconds=786.398 eta_seconds=273.116 bootstraps=556
node=5881/7910 op=cheb seconds=789.922 eta_seconds=272.531 bootstraps=560
node=5891/7910 op=gather seconds=790.647 eta_seconds=270.975 bootstraps=560
node=5901/7910 op=repeat seconds=793.225 eta_seconds=270.054 bootstraps=562
node=5911/7910 op=addp seconds=793.637 eta_seconds=268.395 bootstraps=562
node=5921/7910 op=repeat seconds=793.877 eta_seconds=266.682 bootstraps=562
node=5931/7910 op=mul seconds=795.782 eta_seconds=265.529 bootstraps=564
node=5941/7910 op=scatter seconds=796.665 eta_seconds=264.035 bootstraps=564
node=5951/7910 op=mul seconds=797.482 eta_seconds=262.522 bootstraps=564
node=5961/7910 op=addp seconds=798.409 eta_seconds=261.047 bootstraps=564
node=5971/7910 op=sum seconds=798.569 eta_seconds=259.324 bootstraps=564
node=5981/7910 op=add seconds=798.938 eta_seconds=257.674 bootstraps=564
node=5991/7910 op=repeat seconds=799.439 eta_seconds=256.071 bootstraps=564
node=6001/7910 op=mulp seconds=801.755 eta_seconds=255.049 bootstraps=566
node=6011/7910 op=mul seconds=803.88 eta_seconds=253.962 bootstraps=568
node=6021/7910 op=mul seconds=805.89 eta_seconds=252.836 bootstraps=570
node=6031/7910 op=gather seconds=806.592 eta_seconds=251.299 bootstraps=570
node=6041/7910 op=mul seconds=809.35 eta_seconds=250.401 bootstraps=572
node=6051/7910 op=repeat seconds=809.629 eta_seconds=248.736 bootstraps=572
node=6061/7910 op=mulp seconds=809.767 eta_seconds=247.032 bootstraps=572
node=6071/7910 op=add seconds=810.073 eta_seconds=245.384 bootstraps=572
node=6081/7910 op=add seconds=812.785 eta_seconds=244.464 bootstraps=574
node=6091/7910 op=scatter seconds=813.592 eta_seconds=242.969 bootstraps=574
node=6101/7910 op=mul seconds=814.332 eta_seconds=241.457 bootstraps=574
node=6111/7910 op=repeat seconds=814.605 eta_seconds=239.809 bootstraps=574
node=6121/7910 op=sum seconds=814.992 eta_seconds=238.2 bootstraps=574
node=6131/7910 op=add seconds=815.362 eta_seconds=236.589 bootstraps=574
node=6141/7910 op=cheb seconds=819.114 eta_seconds=235.957 bootstraps=578
node=6151/7910 op=add seconds=821.778 eta_seconds=235.004 bootstraps=580
client_token=1614 logit_margin=0.201437
node=6161/7910 op=feedback seconds=823.564 eta_seconds=233.795 bootstraps=582
node=6171/7910 op=linear_ref seconds=825.73 eta_seconds=232.692 bootstraps=582
node=6181/7910 op=cheb seconds=826.121 eta_seconds=231.089 bootstraps=582
node=6191/7910 op=add seconds=828.384 eta_seconds=230.01 bootstraps=582
node=6201/7910 op=mulp seconds=829.073 eta_seconds=228.493 bootstraps=582
node=6211/7910 op=addp seconds=829.468 eta_seconds=226.898 bootstraps=582
node=6221/7910 op=mul seconds=829.999 eta_seconds=225.344 bootstraps=582
node=6231/7910 op=gather seconds=831.203 eta_seconds=223.975 bootstraps=582
node=6241/7910 op=add seconds=831.502 eta_seconds=222.365 bootstraps=582
node=6251/7910 op=mul seconds=831.961 eta_seconds=220.8 bootstraps=582
node=6261/7910 op=mul seconds=833.756 eta_seconds=219.592 bootstraps=584
node=6271/7910 op=mul seconds=834.408 eta_seconds=218.082 bootstraps=584
node=6281/7910 op=mul seconds=834.938 eta_seconds=216.544 bootstraps=584
node=6291/7910 op=mul seconds=835.932 eta_seconds=215.129 bootstraps=584
node=6301/7910 op=gather seconds=838.065 eta_seconds=214.005 bootstraps=586
node=6311/7910 op=addp seconds=840.07 eta_seconds=212.846 bootstraps=588
node=6321/7910 op=gather seconds=842.172 eta_seconds=211.709 bootstraps=590
node=6331/7910 op=cheb seconds=844.708 eta_seconds=210.677 bootstraps=592
node=6341/7910 op=mulp seconds=845.079 eta_seconds=209.104 bootstraps=592
node=6351/7910 op=cheb seconds=845.394 eta_seconds=207.521 bootstraps=592
node=6361/7910 op=mul seconds=847.294 eta_seconds=206.329 bootstraps=594
node=6371/7910 op=gather seconds=848.023 eta_seconds=204.851 bootstraps=594
node=6381/7910 op=mul seconds=849.007 eta_seconds=203.437 bootstraps=594
node=6391/7910 op=mulp seconds=849.93 eta_seconds=202.01 bootstraps=594
node=6401/7910 op=mulp seconds=849.968 eta_seconds=200.375 bootstraps=594
node=6411/7910 op=repeat seconds=850.475 eta_seconds=198.855 bootstraps=594
node=6421/7910 op=sum seconds=850.869 eta_seconds=197.313 bootstraps=594
node=6431/7910 op=add seconds=851.241 eta_seconds=195.768 bootstraps=594
node=6441/7910 op=cheb seconds=854.997 eta_seconds=194.999 bootstraps=598
node=6451/7910 op=add seconds=857.58 eta_seconds=193.956 bootstraps=600
node=6461/7910 op=linear_ref seconds=859.773 eta_seconds=192.82 bootstraps=602
node=6471/7910 op=cheb seconds=859.873 eta_seconds=191.216 bootstraps=602
node=6481/7910 op=add seconds=864.305 eta_seconds=190.571 bootstraps=606
node=6491/7910 op=mulp seconds=864.583 eta_seconds=189.007 bootstraps=606
node=6501/7910 op=addp seconds=864.763 eta_seconds=187.425 bootstraps=606
node=6511/7910 op=mul seconds=865.054 eta_seconds=185.872 bootstraps=606
node=6521/7910 op=gather seconds=868.27 eta_seconds=184.945 bootstraps=608
node=6531/7910 op=add seconds=868.672 eta_seconds=183.417 bootstraps=608
node=6541/7910 op=mul seconds=869.229 eta_seconds=181.925 bootstraps=608
node=6551/7910 op=mul seconds=869.5 eta_seconds=180.377 bootstraps=608
node=6561/7910 op=mul seconds=869.891 eta_seconds=178.857 bootstraps=608
node=6571/7910 op=mul seconds=870.26 eta_seconds=177.337 bootstraps=608
node=6581/7910 op=mul seconds=872.741 eta_seconds=176.246 bootstraps=610
node=6591/7910 op=gather seconds=873.351 eta_seconds=174.776 bootstraps=610
node=6601/7910 op=addp seconds=875.356 eta_seconds=173.586 bootstraps=612
node=6611/7910 op=gather seconds=877.395 eta_seconds=172.4 bootstraps=614
node=6621/7910 op=cheb seconds=879.925 eta_seconds=171.307 bootstraps=616
node=6631/7910 op=mulp seconds=880.299 eta_seconds=169.794 bootstraps=616
node=6641/7910 op=cheb seconds=880.534 eta_seconds=168.257 bootstraps=616
node=6651/7910 op=mul seconds=880.857 eta_seconds=166.742 bootstraps=616
node=6661/7910 op=gather seconds=883.197 eta_seconds=165.608 bootstraps=618
node=6671/7910 op=mul seconds=884.186 eta_seconds=164.219 bootstraps=618
node=6681/7910 op=mulp seconds=885.111 eta_seconds=162.82 bootstraps=618
node=6691/7910 op=mulp seconds=885.146 eta_seconds=161.26 bootstraps=618
node=6701/7910 op=repeat seconds=885.648 eta_seconds=159.789 bootstraps=618
node=6711/7910 op=sum seconds=886.039 eta_seconds=158.301 bootstraps=618
node=6721/7910 op=add seconds=886.409 eta_seconds=156.813 bootstraps=618
node=6731/7910 op=cheb seconds=890.103 eta_seconds=155.91 bootstraps=622
node=6741/7910 op=add seconds=892.675 eta_seconds=154.804 bootstraps=624
node=6751/7910 op=linear_ref seconds=894.724 eta_seconds=153.605 bootstraps=626
node=6761/7910 op=cheb seconds=896.571 eta_seconds=152.368 bootstraps=628
node=6771/7910 op=add seconds=899.322 eta_seconds=151.282 bootstraps=630
node=6781/7910 op=mulp seconds=899.638 eta_seconds=149.785 bootstraps=630
node=6791/7910 op=addp seconds=899.818 eta_seconds=148.269 bootstraps=630
node=6801/7910 op=mul seconds=901.602 eta_seconds=147.019 bootstraps=632
node=6811/7910 op=gather seconds=903.283 eta_seconds=145.751 bootstraps=632
node=6821/7910 op=add seconds=903.688 eta_seconds=144.277 bootstraps=632
node=6831/7910 op=mul seconds=904.245 eta_seconds=142.831 bootstraps=632
node=6841/7910 op=mul seconds=904.514 eta_seconds=141.343 bootstraps=632
node=6851/7910 op=mul seconds=904.905 eta_seconds=139.877 bootstraps=632
node=6861/7910 op=mul seconds=905.275 eta_seconds=138.41 bootstraps=632
node=6871/7910 op=mul seconds=907.748 eta_seconds=137.265 bootstraps=634
node=6881/7910 op=gather seconds=909.792 eta_seconds=136.052 bootstraps=636
node=6891/7910 op=addp seconds=911.85 eta_seconds=134.839 bootstraps=638
node=6901/7910 op=gather seconds=914.052 eta_seconds=133.644 bootstraps=640
node=6911/7910 op=cheb seconds=916.553 eta_seconds=132.49 bootstraps=642
node=6921/7910 op=mulp seconds=916.991 eta_seconds=131.037 bootstraps=642
node=6931/7910 op=cheb seconds=917.257 eta_seconds=129.562 bootstraps=642
node=6941/7910 op=mul seconds=917.578 eta_seconds=128.099 bootstraps=642
node=6951/7910 op=gather seconds=919.911 eta_seconds=126.916 bootstraps=644
node=6961/7910 op=mul seconds=920.901 eta_seconds=125.547 bootstraps=644
node=6971/7910 op=mulp seconds=921.827 eta_seconds=124.171 bootstraps=644
node=6981/7910 op=mulp seconds=921.862 eta_seconds=122.677 bootstraps=644
node=6991/7910 op=repeat seconds=922.374 eta_seconds=121.25 bootstraps=644
node=7001/7910 op=sum seconds=922.766 eta_seconds=119.811 bootstraps=644
node=7011/7910 op=add seconds=923.135 eta_seconds=118.371 bootstraps=644
node=7021/7910 op=cheb seconds=925.49 eta_seconds=117.186 bootstraps=646
node=7031/7910 op=add seconds=927.983 eta_seconds=116.014 bootstraps=648
node=7041/7910 op=linear_ref seconds=930.179 eta_seconds=114.803 bootstraps=650
node=7051/7910 op=cheb seconds=930.278 eta_seconds=113.333 bootstraps=650
node=7061/7910 op=add seconds=933.066 eta_seconds=112.19 bootstraps=652
node=7071/7910 op=mulp seconds=933.334 eta_seconds=110.744 bootstraps=652
node=7081/7910 op=addp seconds=933.482 eta_seconds=109.286 bootstraps=652
node=7091/7910 op=mul seconds=935.38 eta_seconds=108.035 bootstraps=654
node=7101/7910 op=gather seconds=937.062 eta_seconds=106.757 bootstraps=654
node=7111/7910 op=add seconds=937.466 eta_seconds=105.335 bootstraps=654
node=7121/7910 op=mul seconds=938.023 eta_seconds=103.932 bootstraps=654
node=7131/7910 op=mul seconds=938.292 eta_seconds=102.5 bootstraps=654
node=7141/7910 op=mul seconds=938.683 eta_seconds=101.085 bootstraps=654
node=7151/7910 op=mul seconds=939.054 eta_seconds=99.6702 bootstraps=654
node=7161/7910 op=mul seconds=941.531 eta_seconds=98.4788 bootstraps=656
node=7171/7910 op=gather seconds=942.149 eta_seconds=97.0922 bootstraps=656
node=7181/7910 op=addp seconds=944.192 eta_seconds=95.8524 bootstraps=658
node=7191/7910 op=gather seconds=946.406 eta_seconds=94.6274 bootstraps=660
node=7201/7910 op=cheb seconds=948.979 eta_seconds=93.4351 bootstraps=662
node=7211/7910 op=mulp seconds=949.346 eta_seconds=92.0251 bootstraps=662
node=7221/7910 op=cheb seconds=952.497 eta_seconds=90.8836 bootstraps=666
node=7231/7910 op=mul seconds=953.18 eta_seconds=89.5048 bootstraps=666
node=7241/7910 op=gather seconds=953.791 eta_seconds=88.1213 bootstraps=666
node=7251/7910 op=mul seconds=954.395 eta_seconds=86.7392 bootstraps=666
node=7261/7910 op=mulp seconds=956.913 eta_seconds=85.5304 bootstraps=668
node=7271/7910 op=mulp seconds=956.959 eta_seconds=84.1008 bootstraps=668
node=7281/7910 op=repeat seconds=957.462 eta_seconds=82.7144 bootstraps=668
node=7291/7910 op=sum seconds=957.851 eta_seconds=81.3208 bootstraps=668
node=7301/7910 op=add seconds=958.221 eta_seconds=79.9283 bootstraps=668
node=7311/7910 op=cheb seconds=960.494 eta_seconds=78.6945 bootstraps=670
node=7321/7910 op=add seconds=962.998 eta_seconds=77.4766 bootstraps=672
node=7331/7910 op=linear_ref seconds=965.209 eta_seconds=76.2319 bootstraps=674
node=7341/7910 op=cheb seconds=965.334 eta_seconds=74.8229 bootstraps=674
node=7351/7910 op=add seconds=970.742 eta_seconds=73.8191 bootstraps=680
node=7361/7910 op=mulp seconds=972.437 eta_seconds=72.5266 bootstraps=682
node=7371/7910 op=addp seconds=973.962 eta_seconds=71.2204 bootstraps=684
node=7381/7910 op=mul seconds=974.591 eta_seconds=69.8494 bootstraps=684
node=7391/7910 op=gather seconds=975.606 eta_seconds=68.5076 bootstraps=684
node=7401/7910 op=add seconds=977.578 eta_seconds=67.2324 bootstraps=686
node=7411/7910 op=mul seconds=978.187 eta_seconds=65.8637 bootstraps=686
node=7421/7910 op=mul seconds=978.537 eta_seconds=64.4798 bootstraps=686
node=7431/7910 op=mul seconds=979.088 eta_seconds=63.1117 bootstraps=686
node=7441/7910 op=mul seconds=979.608 eta_seconds=61.7439 bootstraps=686
node=7451/7910 op=mul seconds=980.477 eta_seconds=60.3998 bootstraps=686
node=7461/7910 op=gather seconds=982.603 eta_seconds=59.1327 bootstraps=688
node=7471/7910 op=addp seconds=984.659 eta_seconds=57.8591 bootstraps=690
node=7481/7910 op=gather seconds=986.868 eta_seconds=56.5922 bootstraps=692
node=7491/7910 op=cheb seconds=991.884 eta_seconds=55.4799 bootstraps=696
node=7501/7910 op=mulp seconds=992.219 eta_seconds=54.1018 bootstraps=696
node=7511/7910 op=cheb seconds=992.588 eta_seconds=52.7284 bootstraps=696
node=7521/7910 op=mul seconds=994.393 eta_seconds=51.4318 bootstraps=698
node=7531/7910 op=gather seconds=995.122 eta_seconds=50.0798 bootstraps=698
node=7541/7910 op=mul seconds=996.106 eta_seconds=48.7419 bootstraps=698
node=7551/7910 op=mulp seconds=997.039 eta_seconds=47.4026 bootstraps=698
node=7561/7910 op=mulp seconds=997.07 eta_seconds=46.0227 bootstraps=698
node=7571/7910 op=repeat seconds=997.574 eta_seconds=44.6675 bootstraps=698
node=7581/7910 op=sum seconds=997.964 eta_seconds=43.3096 bootstraps=698
node=7591/7910 op=add seconds=998.334 eta_seconds=41.9534 bootstraps=698
node=7601/7910 op=cheb seconds=1000.76 eta_seconds=40.6833 bootstraps=700
node=7611/7910 op=add seconds=1003.26 eta_seconds=39.4133 bootstraps=702
node=7621/7910 op=linear_ref seconds=1005.46 eta_seconds=38.1288 bootstraps=704
node=7631/7910 op=cheb seconds=1005.56 eta_seconds=36.7649 bootstraps=704
node=7641/7910 op=add seconds=1008.35 eta_seconds=35.4986 bootstraps=706
node=7651/7910 op=mulp seconds=1008.61 eta_seconds=34.1434 bootstraps=706
node=7661/7910 op=addp seconds=1008.76 eta_seconds=32.787 bootstraps=706
node=7671/7910 op=mul seconds=1010.66 eta_seconds=31.4885 bootstraps=708
node=7681/7910 op=gather seconds=1012.34 eta_seconds=30.1818 bootstraps=708
node=7691/7910 op=add seconds=1012.75 eta_seconds=28.8378 bootstraps=708
node=7701/7910 op=mul seconds=1013.31 eta_seconds=27.5005 bootstraps=708
node=7711/7910 op=mul seconds=1013.58 eta_seconds=26.1577 bootstraps=708
node=7721/7910 op=mul seconds=1013.97 eta_seconds=24.8207 bootstraps=708
node=7731/7910 op=mul seconds=1014.34 eta_seconds=23.4856 bootstraps=708
node=7741/7910 op=mul seconds=1016.82 eta_seconds=22.1989 bootstraps=710
node=7751/7910 op=gather seconds=1017.43 eta_seconds=20.8709 bootstraps=710
node=7761/7910 op=addp seconds=1019.47 eta_seconds=19.5724 bootstraps=712
node=7771/7910 op=gather seconds=1021.69 eta_seconds=18.275 bootstraps=714
node=7781/7910 op=cheb seconds=1024.21 eta_seconds=16.9802 bootstraps=716
node=7791/7910 op=mulp seconds=1024.65 eta_seconds=15.6506 bootstraps=716
node=7801/7910 op=cheb seconds=1024.88 eta_seconds=14.3203 bootstraps=716
node=7811/7910 op=mul seconds=1025.21 eta_seconds=12.9939 bootstraps=716
node=7821/7910 op=gather seconds=1027.55 eta_seconds=11.6931 bootstraps=718
node=7831/7910 op=mul seconds=1028.54 eta_seconds=10.376 bootstraps=718
node=7841/7910 op=mulp seconds=1029.47 eta_seconds=9.05919 bootstraps=718
node=7851/7910 op=mulp seconds=1029.5 eta_seconds=7.73667 bootstraps=718
node=7861/7910 op=repeat seconds=1030.01 eta_seconds=6.42034 bootstraps=718
node=7871/7910 op=sum seconds=1030.4 eta_seconds=5.10551 bootstraps=718
node=7881/7910 op=add seconds=1030.77 eta_seconds=3.79296 bootstraps=718
node=7891/7910 op=cheb seconds=1034.47 eta_seconds=2.4908 bootstraps=722
node=7901/7910 op=add seconds=1037.14 eta_seconds=1.1814 bootstraps=724
node=7910/7910 op=mulp seconds=1038.7 eta_seconds=0 bootstraps=726
client_token=315 logit_margin=0.674882
passed=1 polynomial_error=0.000169519 exact_error=0.000171286 eval_seconds=1038.78
