GPU 0: NVIDIA GB10
 SMs: 48, SharedMem: 100 KB, Blocks/SM: 24, Threads/SM: 1536, L2 size: 24 MB, Bus: 256-bit
Adding bootstrap precomputation to GPU for 32768 slots.
Plaintexts loaded: 248 ~ 6262MB
Rotation keys loaded: 85 ~ 15300MB
setup_seconds=26.618
planned_logical_refreshes=623
node=1/7910 op=public seconds=0.195782 eta_seconds=1548.44 bootstraps=0
node=11/7910 op=public seconds=1.54497 eta_seconds=1109.43 bootstraps=0
node=21/7910 op=mul seconds=2.40198 eta_seconds=902.343 bootstraps=0
node=31/7910 op=gather seconds=4.56778 eta_seconds=1160.95 bootstraps=0
node=41/7910 op=mul seconds=5.65797 eta_seconds=1085.92 bootstraps=0
node=51/7910 op=repeat seconds=6.35864 eta_seconds=979.854 bootstraps=0
node=61/7910 op=mulp seconds=6.73772 eta_seconds=866.956 bootstraps=0
node=71/7910 op=add seconds=7.35212 eta_seconds=811.736 bootstraps=0
node=81/7910 op=add seconds=8.17534 eta_seconds=790.182 bootstraps=0
node=91/7910 op=scatter seconds=8.89729 eta_seconds=764.482 bootstraps=0
node=111/7910 op=mul seconds=11.6707 eta_seconds=819.996 bootstraps=2
node=121/7910 op=mul seconds=12.6305 eta_seconds=813.049 bootstraps=2
node=131/7910 op=scatter seconds=15.7714 eta_seconds=936.53 bootstraps=4
node=141/7910 op=gather seconds=19.4374 eta_seconds=1070.99 bootstraps=8
node=161/7910 op=cheb seconds=21.68 eta_seconds=1043.47 bootstraps=10
node=171/7910 op=sum seconds=21.9189 eta_seconds=991.99 bootstraps=10
node=181/7910 op=addp seconds=22.071 eta_seconds=942.47 bootstraps=10
node=191/7910 op=scatter seconds=24.3079 eta_seconds=982.372 bootstraps=12
node=201/7910 op=mul seconds=25.7415 eta_seconds=987.269 bootstraps=12
node=211/7910 op=scatter seconds=26.448 eta_seconds=965.04 bootstraps=12
node=221/7910 op=sum seconds=26.8355 eta_seconds=933.656 bootstraps=12
node=231/7910 op=scatter seconds=28.9877 eta_seconds=963.62 bootstraps=14
node=241/7910 op=gather seconds=31.3276 eta_seconds=996.893 bootstraps=16
node=251/7910 op=cheb seconds=34.9415 eta_seconds=1066.2 bootstraps=20
node=271/7910 op=repeat seconds=37.7555 eta_seconds=1064.26 bootstraps=22
node=281/7910 op=addp seconds=38.2627 eta_seconds=1038.81 bootstraps=22
node=291/7910 op=repeat seconds=38.5424 eta_seconds=1009.12 bootstraps=22
node=301/7910 op=mul seconds=38.8861 eta_seconds=983.005 bootstraps=22
node=311/7910 op=scatter seconds=41.4299 eta_seconds=1012.3 bootstraps=24
node=321/7910 op=mul seconds=42.3502 eta_seconds=1001.23 bootstraps=24
node=341/7910 op=add seconds=43.7429 eta_seconds=970.939 bootstraps=24
node=351/7910 op=cheb seconds=46.2357 eta_seconds=995.715 bootstraps=26
node=361/7910 op=add seconds=48.8593 eta_seconds=1021.71 bootstraps=28
node=371/7910 op=linear seconds=51.0037 eta_seconds=1036.43 bootstraps=30
node=381/7910 op=cheb seconds=52.7656 eta_seconds=1042.71 bootstraps=32
node=391/7910 op=add seconds=53.2905 eta_seconds=1024.79 bootstraps=32
node=401/7910 op=mulp seconds=53.5765 eta_seconds=1003.26 bootstraps=32
node=411/7910 op=addp seconds=53.7288 eta_seconds=980.322 bootstraps=32
node=421/7910 op=mul seconds=54.0552 eta_seconds=961.567 bootstraps=32
node=431/7910 op=gather seconds=58.8476 eta_seconds=1021.16 bootstraps=36
node=441/7910 op=add seconds=59.3016 eta_seconds=1004.36 bootstraps=36
node=451/7910 op=mulp seconds=59.9158 eta_seconds=990.936 bootstraps=36
node=461/7910 op=add seconds=62.6174 eta_seconds=1011.79 bootstraps=38
node=471/7910 op=linear seconds=64.7558 eta_seconds=1022.76 bootstraps=40
node=481/7910 op=mulp seconds=66.8547 eta_seconds=1032.57 bootstraps=42
node=491/7910 op=gather seconds=68.9922 eta_seconds=1042.47 bootstraps=44
node=501/7910 op=cheb seconds=70.971 eta_seconds=1049.55 bootstraps=46
node=511/7910 op=sum seconds=71.48 eta_seconds=1034.99 bootstraps=46
node=521/7910 op=addp seconds=71.7126 eta_seconds=1017.05 bootstraps=46
node=531/7910 op=gather seconds=72.1427 eta_seconds=1002.53 bootstraps=46
node=541/7910 op=add seconds=74.2506 eta_seconds=1011.37 bootstraps=48
node=551/7910 op=add seconds=75.5806 eta_seconds=1009.43 bootstraps=48
node=561/7910 op=add seconds=76.6261 eta_seconds=1003.79 bootstraps=48
node=571/7910 op=repeat seconds=76.9812 eta_seconds=989.43 bootstraps=48
node=581/7910 op=mulp seconds=79.362 eta_seconds=1001.11 bootstraps=50
node=591/7910 op=mul seconds=83.0466 eta_seconds=1028.46 bootstraps=54
node=601/7910 op=mul seconds=85.1512 eta_seconds=1035.56 bootstraps=56
node=611/7910 op=gather seconds=85.968 eta_seconds=1026.97 bootstraps=56
node=621/7910 op=mul seconds=88.2466 eta_seconds=1035.8 bootstraps=58
node=631/7910 op=repeat seconds=88.5324 eta_seconds=1021.28 bootstraps=58
node=641/7910 op=mulp seconds=88.7089 eta_seconds=1005.97 bootstraps=58
node=651/7910 op=add seconds=89.0461 eta_seconds=992.911 bootstraps=58
node=661/7910 op=add seconds=93.1701 eta_seconds=1021.77 bootstraps=62
node=671/7910 op=scatter seconds=94.0825 eta_seconds=1015 bootstraps=62
node=691/7910 op=mul seconds=95.3889 eta_seconds=996.545 bootstraps=62
node=701/7910 op=mul seconds=97.7766 eta_seconds=1005.52 bootstraps=64
node=711/7910 op=scatter seconds=100.405 eta_seconds=1016.62 bootstraps=66
node=721/7910 op=gather seconds=102.74 eta_seconds=1024.41 bootstraps=68
node=741/7910 op=cheb seconds=105.235 eta_seconds=1018.12 bootstraps=70
node=751/7910 op=sum seconds=105.442 eta_seconds=1005.13 bootstraps=70
node=761/7910 op=addp seconds=105.575 eta_seconds=991.799 bootstraps=70
node=771/7910 op=scatter seconds=107.708 eta_seconds=997.313 bootstraps=72
node=781/7910 op=mul seconds=109.319 eta_seconds=997.867 bootstraps=72
node=791/7910 op=scatter seconds=110.137 eta_seconds=991.233 bootstraps=72
node=801/7910 op=sum seconds=110.564 eta_seconds=981.273 bootstraps=72
node=811/7910 op=scatter seconds=113.079 eta_seconds=989.822 bootstraps=74
node=821/7910 op=gather seconds=113.8 eta_seconds=982.62 bootstraps=74
node=831/7910 op=cheb seconds=117.373 eta_seconds=999.858 bootstraps=78
node=851/7910 op=repeat seconds=119.986 eta_seconds=995.273 bootstraps=80
node=861/7910 op=addp seconds=120.423 eta_seconds=985.906 bootstraps=80
node=871/7910 op=repeat seconds=123.52 eta_seconds=998.232 bootstraps=84
node=881/7910 op=mul seconds=124.262 eta_seconds=991.417 bootstraps=84
node=891/7910 op=scatter seconds=125.081 eta_seconds=985.346 bootstraps=84
node=901/7910 op=mul seconds=125.624 eta_seconds=977.245 bootstraps=84
node=921/7910 op=add seconds=128.645 eta_seconds=976.224 bootstraps=86
node=931/7910 op=cheb seconds=131.051 eta_seconds=982.388 bootstraps=88
node=941/7910 op=add seconds=133.72 eta_seconds=990.325 bootstraps=90
node=951/7910 op=linear seconds=136.053 eta_seconds=995.576 bootstraps=92
node=961/7910 op=cheb seconds=136.172 eta_seconds=984.658 bootstraps=92
node=971/7910 op=add seconds=138.09 eta_seconds=986.826 bootstraps=94
node=981/7910 op=mulp seconds=139.823 eta_seconds=987.596 bootstraps=96
node=991/7910 op=addp seconds=141.366 eta_seconds=986.997 bootstraps=98
node=1001/7910 op=mul seconds=142.072 eta_seconds=980.595 bootstraps=98
node=1011/7910 op=gather seconds=143.209 eta_seconds=977.249 bootstraps=98
node=1021/7910 op=add seconds=145.278 eta_seconds=980.234 bootstraps=100
node=1031/7910 op=mulp seconds=145.946 eta_seconds=973.774 bootstraps=100
node=1041/7910 op=add seconds=147.083 eta_seconds=970.522 bootstraps=100
node=1051/7910 op=linear seconds=149.405 eta_seconds=975.039 bootstraps=102
node=1061/7910 op=mulp seconds=151.422 eta_seconds=977.464 bootstraps=104
node=1071/7910 op=gather seconds=153.747 eta_seconds=981.768 bootstraps=106
node=1081/7910 op=cheb seconds=155.675 eta_seconds=983.444 bootstraps=108
node=1091/7910 op=sum seconds=156.246 eta_seconds=976.576 bootstraps=108
node=1101/7910 op=addp seconds=156.478 eta_seconds=967.721 bootstraps=108
node=1111/7910 op=gather seconds=156.955 eta_seconds=960.516 bootstraps=108
node=1121/7910 op=add seconds=159.061 eta_seconds=963.303 bootstraps=110
node=1131/7910 op=add seconds=160.398 eta_seconds=961.398 bootstraps=110
node=1141/7910 op=add seconds=161.444 eta_seconds=957.769 bootstraps=110
node=1151/7910 op=repeat seconds=161.796 eta_seconds=950.113 bootstraps=110
node=1161/7910 op=mulp seconds=164.263 eta_seconds=954.874 bootstraps=112
node=1171/7910 op=mul seconds=166.48 eta_seconds=958.075 bootstraps=114
node=1181/7910 op=mul seconds=168.583 eta_seconds=960.536 bootstraps=116
node=1191/7910 op=gather seconds=169.4 eta_seconds=955.669 bootstraps=116
node=1201/7910 op=mul seconds=171.74 eta_seconds=959.368 bootstraps=118
node=1211/7910 op=repeat seconds=172.013 eta_seconds=951.542 bootstraps=118
node=1221/7910 op=mulp seconds=172.158 eta_seconds=943.132 bootstraps=118
node=1231/7910 op=add seconds=174.027 eta_seconds=944.211 bootstraps=120
node=1241/7910 op=add seconds=175.254 eta_seconds=941.796 bootstraps=120
node=1251/7910 op=scatter seconds=176.166 eta_seconds=937.72 bootstraps=120
node=1271/7910 op=mul seconds=177.471 eta_seconds=927.01 bootstraps=120
node=1281/7910 op=mul seconds=179.864 eta_seconds=930.772 bootstraps=122
node=1291/7910 op=scatter seconds=182.503 eta_seconds=935.7 bootstraps=124
node=1301/7910 op=gather seconds=184.838 eta_seconds=938.964 bootstraps=126
node=1321/7910 op=cheb seconds=187.288 eta_seconds=934.173 bootstraps=128
node=1331/7910 op=sum seconds=187.495 eta_seconds=926.768 bootstraps=128
node=1341/7910 op=addp seconds=187.627 eta_seconds=919.108 bootstraps=128
node=1351/7910 op=scatter seconds=189.784 eta_seconds=921.389 bootstraps=130
node=1361/7910 op=mul seconds=191.42 eta_seconds=921.096 bootstraps=130
node=1371/7910 op=scatter seconds=192.236 eta_seconds=916.871 bootstraps=130
node=1381/7910 op=sum seconds=192.662 eta_seconds=910.854 bootstraps=130
node=1391/7910 op=scatter seconds=196.5 eta_seconds=920.906 bootstraps=134
node=1401/7910 op=gather seconds=197.317 eta_seconds=916.727 bootstraps=134
node=1411/7910 op=cheb seconds=201.023 eta_seconds=925.904 bootstraps=138
node=1421/7910 op=cheb seconds=201.614 eta_seconds=920.671 bootstraps=138
node=1431/7910 op=gather seconds=203.874 eta_seconds=923.061 bootstraps=138
node=1441/7910 op=repeat seconds=207.464 eta_seconds=931.358 bootstraps=140
node=1451/7910 op=addp seconds=208.242 eta_seconds=926.971 bootstraps=140
node=1461/7910 op=repeat seconds=208.893 eta_seconds=922.073 bootstraps=140
node=1471/7910 op=mul seconds=209.522 eta_seconds=917.14 bootstraps=140
node=1481/7910 op=scatter seconds=210.162 eta_seconds=912.31 bootstraps=140
node=1491/7910 op=mul seconds=210.918 eta_seconds=908.036 bootstraps=140
node=1501/7910 op=addp seconds=211.75 eta_seconds=904.135 bootstraps=140
node=1511/7910 op=repeat seconds=213.712 eta_seconds=905.058 bootstraps=142
node=1521/7910 op=mul seconds=214.607 eta_seconds=901.464 bootstraps=142
node=1531/7910 op=mul seconds=216.852 eta_seconds=903.525 bootstraps=144
node=1541/7910 op=scatter seconds=219.506 eta_seconds=907.223 bootstraps=146
node=1551/7910 op=gather seconds=223.04 eta_seconds=914.448 bootstraps=150
node=1561/7910 op=mul seconds=223.697 eta_seconds=909.834 bootstraps=150
node=1571/7910 op=cheb seconds=227.14 eta_seconds=916.512 bootstraps=154
node=1581/7910 op=sum seconds=227.377 eta_seconds=910.227 bootstraps=154
node=1591/7910 op=addp seconds=227.526 eta_seconds=903.668 bootstraps=154
node=1601/7910 op=scatter seconds=229.771 eta_seconds=905.449 bootstraps=156
node=1611/7910 op=mul seconds=231.22 eta_seconds=904.069 bootstraps=156
node=1621/7910 op=scatter seconds=231.936 eta_seconds=899.844 bootstraps=156
node=1631/7910 op=mulp seconds=232.192 eta_seconds=893.888 bootstraps=156
node=1641/7910 op=repeat seconds=234.444 eta_seconds=895.629 bootstraps=158
node=1651/7910 op=mulp seconds=236.362 eta_seconds=896.058 bootstraps=160
node=1661/7910 op=mul seconds=238.816 eta_seconds=898.471 bootstraps=162
node=1671/7910 op=mul seconds=240.914 eta_seconds=899.499 bootstraps=164
node=1681/7910 op=gather seconds=241.74 eta_seconds=895.777 bootstraps=164
node=1691/7910 op=mul seconds=246.351 eta_seconds=906.008 bootstraps=168
node=1701/7910 op=repeat seconds=246.636 eta_seconds=900.271 bootstraps=168
node=1711/7910 op=mulp seconds=246.813 eta_seconds=894.212 bootstraps=168
node=1721/7910 op=add seconds=247.15 eta_seconds=888.792 bootstraps=168
node=1731/7910 op=add seconds=249.939 eta_seconds=892.184 bootstraps=170
node=1741/7910 op=scatter seconds=250.856 eta_seconds=888.875 bootstraps=170
node=1751/7910 op=mul seconds=251.693 eta_seconds=885.309 bootstraps=170
node=1761/7910 op=add seconds=252.054 eta_seconds=880.112 bootstraps=170
node=1771/7910 op=add seconds=254.756 eta_seconds=883.086 bootstraps=172
node=1781/7910 op=linear_ref seconds=255.452 eta_seconds=879.093 bootstraps=172
node=1791/7910 op=mulp seconds=257.547 eta_seconds=879.917 bootstraps=174
node=1801/7910 op=gather seconds=259.685 eta_seconds=880.852 bootstraps=176
node=1811/7910 op=cheb seconds=262.143 eta_seconds=882.832 bootstraps=178
node=1821/7910 op=sum seconds=262.698 eta_seconds=878.402 bootstraps=178
node=1831/7910 op=addp seconds=262.883 eta_seconds=872.782 bootstraps=178
node=1841/7910 op=gather seconds=263.308 eta_seconds=868.016 bootstraps=178
node=1851/7910 op=add seconds=265.535 eta_seconds=869.193 bootstraps=180
node=1861/7910 op=add seconds=266.894 eta_seconds=867.513 bootstraps=180
node=1871/7910 op=add seconds=267.948 eta_seconds=864.851 bootstraps=180
node=1881/7910 op=sum seconds=268.164 eta_seconds=859.522 bootstraps=180
node=1891/7910 op=add seconds=268.667 eta_seconds=855.16 bootstraps=180
node=1901/7910 op=cheb seconds=272.507 eta_seconds=861.384 bootstraps=184
node=1911/7910 op=add seconds=275.245 eta_seconds=864.046 bootstraps=186
node=1921/7910 op=linear_ref seconds=277.388 eta_seconds=864.798 bootstraps=188
node=1931/7910 op=cheb seconds=279.26 eta_seconds=864.679 bootstraps=190
node=1941/7910 op=add seconds=282.059 eta_seconds=867.393 bootstraps=192
node=1951/7910 op=mulp seconds=282.379 eta_seconds=862.48 bootstraps=192
node=1961/7910 op=addp seconds=282.564 eta_seconds=857.201 bootstraps=192
node=1971/7910 op=mul seconds=284.432 eta_seconds=857.048 bootstraps=194
node=1981/7910 op=gather seconds=286.342 eta_seconds=857.001 bootstraps=194
node=1991/7910 op=add seconds=286.794 eta_seconds=852.602 bootstraps=194
node=2001/7910 op=mul seconds=287.418 eta_seconds=848.753 bootstraps=194
node=2011/7910 op=sum seconds=287.961 eta_seconds=844.695 bootstraps=194
node=2021/7910 op=scatter seconds=290.484 eta_seconds=846.442 bootstraps=196
node=2031/7910 op=gather seconds=292.628 eta_seconds=847.052 bootstraps=198
node=2041/7910 op=cheb seconds=296.243 eta_seconds=851.861 bootstraps=202
node=2051/7910 op=gather seconds=297.091 eta_seconds=848.686 bootstraps=202
node=2061/7910 op=repeat seconds=299.637 eta_seconds=850.354 bootstraps=204
node=2071/7910 op=addp seconds=300.143 eta_seconds=846.227 bootstraps=204
node=2081/7910 op=repeat seconds=300.422 eta_seconds=841.498 bootstraps=204
node=2091/7910 op=mul seconds=300.766 eta_seconds=836.995 bootstraps=204
node=2101/7910 op=scatter seconds=303.422 eta_seconds=838.923 bootstraps=206
node=2111/7910 op=mul seconds=304.352 eta_seconds=836.068 bootstraps=206
node=2121/7910 op=addp seconds=305.397 eta_seconds=833.542 bootstraps=206
node=2131/7910 op=repeat seconds=305.761 eta_seconds=829.186 bootstraps=206
node=2141/7910 op=mul seconds=306.237 eta_seconds=825.166 bootstraps=206
node=2151/7910 op=mul seconds=308.638 eta_seconds=826.335 bootstraps=208
node=2161/7910 op=scatter seconds=311.272 eta_seconds=828.09 bootstraps=210
node=2171/7910 op=gather seconds=313.607 eta_seconds=829.013 bootstraps=212
node=2181/7910 op=mul seconds=315.888 eta_seconds=829.767 bootstraps=214
node=2191/7910 op=cheb seconds=316.69 eta_seconds=826.631 bootstraps=214
node=2201/7910 op=sum seconds=316.897 eta_seconds=821.974 bootstraps=214
node=2211/7910 op=addp seconds=317.03 eta_seconds=817.165 bootstraps=214
node=2221/7910 op=scatter seconds=319.265 eta_seconds=817.783 bootstraps=216
node=2231/7910 op=mul seconds=320.893 eta_seconds=816.83 bootstraps=216
node=2241/7910 op=scatter seconds=321.716 eta_seconds=813.836 bootstraps=216
node=2251/7910 op=mulp seconds=321.972 eta_seconds=809.437 bootstraps=216
node=2261/7910 op=repeat seconds=322.662 eta_seconds=806.155 bootstraps=216
node=2271/7910 op=mulp seconds=325.077 eta_seconds=807.181 bootstraps=218
node=2281/7910 op=mul seconds=327.317 eta_seconds=807.744 bootstraps=220
node=2291/7910 op=mul seconds=329.372 eta_seconds=807.83 bootstraps=222
node=2301/7910 op=gather seconds=330.248 eta_seconds=805.024 bootstraps=222
node=2311/7910 op=mul seconds=333.155 eta_seconds=807.155 bootstraps=224
node=2321/7910 op=repeat seconds=334.931 eta_seconds=806.518 bootstraps=226
node=2331/7910 op=mulp seconds=336.479 eta_seconds=805.327 bootstraps=228
node=2341/7910 op=add seconds=337.225 eta_seconds=802.225 bootstraps=228
node=2351/7910 op=add seconds=338.277 eta_seconds=799.865 bootstraps=228
node=2361/7910 op=scatter seconds=340.309 eta_seconds=799.821 bootstraps=230
node=2371/7910 op=mul seconds=341.29 eta_seconds=797.302 bootstraps=230
node=2381/7910 op=add seconds=341.652 eta_seconds=793.362 bootstraps=230
node=2391/7910 op=add seconds=344.311 eta_seconds=794.753 bootstraps=232
node=2401/7910 op=linear_ref seconds=344.975 eta_seconds=791.531 bootstraps=232
node=2411/7910 op=mulp seconds=347.1 eta_seconds=791.663 bootstraps=234
node=2421/7910 op=gather seconds=349.436 eta_seconds=792.256 bootstraps=236
node=2431/7910 op=cheb seconds=353.248 eta_seconds=796.153 bootstraps=240
node=2441/7910 op=sum seconds=355.239 eta_seconds=795.905 bootstraps=242
node=2451/7910 op=addp seconds=356.735 eta_seconds=794.539 bootstraps=244
node=2461/7910 op=gather seconds=358.94 eta_seconds=794.743 bootstraps=246
node=2471/7910 op=add seconds=359.235 eta_seconds=790.725 bootstraps=246
node=2481/7910 op=add seconds=360.095 eta_seconds=787.971 bootstraps=246
node=2491/7910 op=add seconds=362.829 eta_seconds=789.309 bootstraps=248
node=2501/7910 op=sum seconds=363.153 eta_seconds=785.404 bootstraps=248
node=2511/7910 op=add seconds=363.872 eta_seconds=782.376 bootstraps=248
node=2521/7910 op=cheb seconds=365.968 eta_seconds=782.309 bootstraps=250
node=2531/7910 op=add seconds=368.824 eta_seconds=783.843 bootstraps=252
node=2541/7910 op=linear_ref seconds=371.144 eta_seconds=784.209 bootstraps=254
node=2551/7910 op=cheb seconds=373.041 eta_seconds=783.664 bootstraps=256
node=2561/7910 op=add seconds=376.468 eta_seconds=786.306 bootstraps=258
node=2571/7910 op=mulp seconds=376.793 eta_seconds=782.457 bootstraps=258
node=2581/7910 op=addp seconds=377.026 eta_seconds=778.447 bootstraps=258
node=2591/7910 op=mul seconds=378.893 eta_seconds=777.821 bootstraps=260
node=2601/7910 op=gather seconds=380.799 eta_seconds=777.264 bootstraps=260
node=2611/7910 op=add seconds=381.256 eta_seconds=773.755 bootstraps=260
node=2621/7910 op=mul seconds=381.88 eta_seconds=770.608 bootstraps=260
node=2631/7910 op=sum seconds=382.426 eta_seconds=767.324 bootstraps=260
node=2641/7910 op=scatter seconds=385.018 eta_seconds=768.14 bootstraps=262
node=2651/7910 op=gather seconds=385.716 eta_seconds=765.175 bootstraps=262
node=2661/7910 op=cheb seconds=389.333 eta_seconds=767.985 bootstraps=266
node=2671/7910 op=gather seconds=390.192 eta_seconds=765.336 bootstraps=266
node=2681/7910 op=repeat seconds=392.808 eta_seconds=766.129 bootstraps=268
node=2691/7910 op=addp seconds=393.305 eta_seconds=762.787 bootstraps=268
node=2701/7910 op=repeat seconds=393.554 eta_seconds=758.986 bootstraps=268
node=2711/7910 op=mul seconds=395.523 eta_seconds=758.51 bootstraps=270
node=2721/7910 op=scatter seconds=396.529 eta_seconds=756.189 bootstraps=270
node=2731/7910 op=mul seconds=397.461 eta_seconds=753.735 bootstraps=270
node=2741/7910 op=addp seconds=398.507 eta_seconds=751.508 bootstraps=270
node=2751/7910 op=repeat seconds=398.869 eta_seconds=748.005 bootstraps=270
node=2761/7910 op=mul seconds=399.34 eta_seconds=744.731 bootstraps=270
node=2771/7910 op=mul seconds=401.747 eta_seconds=745.066 bootstraps=272
node=2781/7910 op=scatter seconds=404.376 eta_seconds=745.791 bootstraps=274
node=2791/7910 op=gather seconds=406.708 eta_seconds=745.947 bootstraps=276
node=2801/7910 op=mul seconds=408.995 eta_seconds=746.003 bootstraps=278
node=2811/7910 op=cheb seconds=409.751 eta_seconds=743.266 bootstraps=278
node=2821/7910 op=sum seconds=409.958 eta_seconds=739.552 bootstraps=278
node=2831/7910 op=addp seconds=410.09 eta_seconds=735.728 bootstraps=278
node=2841/7910 op=scatter seconds=412.308 eta_seconds=735.653 bootstraps=280
node=2851/7910 op=mul seconds=413.965 eta_seconds=734.567 bootstraps=280
node=2861/7910 op=scatter seconds=414.785 eta_seconds=731.999 bootstraps=280
node=2871/7910 op=mulp seconds=415.04 eta_seconds=728.453 bootstraps=280
node=2881/7910 op=repeat seconds=415.729 eta_seconds=725.686 bootstraps=280
node=2891/7910 op=mulp seconds=419.459 eta_seconds=728.214 bootstraps=284
node=2901/7910 op=mul seconds=421.911 eta_seconds=728.491 bootstraps=286
node=2911/7910 op=mul seconds=423.97 eta_seconds=728.075 bootstraps=288
client_token=315 logit_margin=1.89742
node=2921/7910 op=mul seconds=424.72 eta_seconds=725.412 bootstraps=288
node=2931/7910 op=gather seconds=426.929 eta_seconds=725.24 bootstraps=288
node=2941/7910 op=mul seconds=430.786 eta_seconds=727.84 bootstraps=290
node=2951/7910 op=repeat seconds=431.483 eta_seconds=725.084 bootstraps=290
node=2961/7910 op=mulp seconds=431.868 eta_seconds=721.823 bootstraps=290
node=2971/7910 op=add seconds=432.486 eta_seconds=718.966 bootstraps=290
node=2981/7910 op=add seconds=433.313 eta_seconds=716.471 bootstraps=290
node=2991/7910 op=scatter seconds=434.038 eta_seconds=713.818 bootstraps=290
node=3001/7910 op=mul seconds=434.716 eta_seconds=711.103 bootstraps=290
node=3011/7910 op=mul seconds=436.675 eta_seconds=710.486 bootstraps=292
node=3021/7910 op=mul seconds=437.746 eta_seconds=708.422 bootstraps=292
node=3031/7910 op=sum seconds=438.965 eta_seconds=706.602 bootstraps=292
node=3041/7910 op=cheb seconds=442.729 eta_seconds=708.862 bootstraps=296
node=3051/7910 op=repeat seconds=444.865 eta_seconds=708.488 bootstraps=298
node=3061/7910 op=gather seconds=445.542 eta_seconds=705.793 bootstraps=298
node=3071/7910 op=repeat seconds=448.377 eta_seconds=706.512 bootstraps=300
node=3081/7910 op=cheb seconds=448.703 eta_seconds=703.273 bootstraps=300
node=3091/7910 op=mul seconds=448.886 eta_seconds=699.832 bootstraps=300
node=3101/7910 op=mulp seconds=450.828 eta_seconds=699.14 bootstraps=302
node=3111/7910 op=scatter seconds=452.064 eta_seconds=697.349 bootstraps=302
node=3121/7910 op=add seconds=452.766 eta_seconds=694.744 bootstraps=302
node=3131/7910 op=mul seconds=453.814 eta_seconds=692.678 bootstraps=302
node=3141/7910 op=repeat seconds=454.18 eta_seconds=689.584 bootstraps=302
node=3151/7910 op=sum seconds=454.716 eta_seconds=686.763 bootstraps=302
node=3161/7910 op=scatter seconds=457.281 eta_seconds=687.007 bootstraps=304
node=3171/7910 op=gather seconds=459.48 eta_seconds=686.684 bootstraps=306
node=3181/7910 op=cheb seconds=463.09 eta_seconds=688.447 bootstraps=310
node=3191/7910 op=gather seconds=463.937 eta_seconds=686.092 bootstraps=310
node=3201/7910 op=repeat seconds=468.2 eta_seconds=688.77 bootstraps=314
node=3211/7910 op=addp seconds=468.707 eta_seconds=685.909 bootstraps=314
node=3221/7910 op=repeat seconds=468.989 eta_seconds=682.735 bootstraps=314
node=3231/7910 op=mul seconds=469.335 eta_seconds=679.671 bootstraps=314
node=3241/7910 op=scatter seconds=471.885 eta_seconds=679.8 bootstraps=316
node=3251/7910 op=mul seconds=472.81 eta_seconds=677.583 bootstraps=316
node=3261/7910 op=addp seconds=473.855 eta_seconds=675.545 bootstraps=316
node=3271/7910 op=mul seconds=474.071 eta_seconds=672.337 bootstraps=316
node=3281/7910 op=mul seconds=474.572 eta_seconds=669.55 bootstraps=316
node=3291/7910 op=mul seconds=477.275 eta_seconds=669.868 bootstraps=318
node=3301/7910 op=gather seconds=477.968 eta_seconds=667.36 bootstraps=318
node=3311/7910 op=addp seconds=480.078 eta_seconds=666.832 bootstraps=320
node=3321/7910 op=gather seconds=482.218 eta_seconds=666.335 bootstraps=322
node=3331/7910 op=cheb seconds=484.785 eta_seconds=666.415 bootstraps=324
node=3341/7910 op=mulp seconds=485.228 eta_seconds=663.576 bootstraps=324
node=3351/7910 op=cheb seconds=485.471 eta_seconds=660.478 bootstraps=324
node=3361/7910 op=mul seconds=487.738 eta_seconds=660.137 bootstraps=326
node=3371/7910 op=gather seconds=488.424 eta_seconds=657.655 bootstraps=326
node=3381/7910 op=mul seconds=489.485 eta_seconds=655.687 bootstraps=326
node=3391/7910 op=mulp seconds=490.536 eta_seconds=653.71 bootstraps=326
node=3401/7910 op=sum seconds=490.755 eta_seconds=650.637 bootstraps=326
node=3411/7910 op=add seconds=491.263 eta_seconds=647.961 bootstraps=326
node=3421/7910 op=add seconds=493.969 eta_seconds=648.181 bootstraps=328
node=3431/7910 op=linear_ref seconds=496.112 eta_seconds=647.649 bootstraps=330
node=3441/7910 op=mulp seconds=498.221 eta_seconds=647.065 bootstraps=332
node=3451/7910 op=gather seconds=500.362 eta_seconds=646.513 bootstraps=334
node=3461/7910 op=cheb seconds=504.672 eta_seconds=648.739 bootstraps=338
node=3471/7910 op=sum seconds=505.181 eta_seconds=646.067 bootstraps=338
node=3481/7910 op=addp seconds=505.412 eta_seconds=643.054 bootstraps=338
node=3491/7910 op=gather seconds=505.839 eta_seconds=640.304 bootstraps=338
node=3501/7910 op=add seconds=507.949 eta_seconds=639.688 bootstraps=340
node=3511/7910 op=add seconds=509.295 eta_seconds=638.106 bootstraps=340
node=3521/7910 op=add seconds=510.343 eta_seconds=636.153 bootstraps=340
node=3531/7910 op=mul seconds=510.374 eta_seconds=632.945 bootstraps=340
node=3541/7910 op=mul seconds=511.067 eta_seconds=630.571 bootstraps=340
node=3551/7910 op=linear_ref seconds=513.833 eta_seconds=630.751 bootstraps=342
node=3561/7910 op=mulp seconds=515.362 eta_seconds=629.405 bootstraps=344
node=3571/7910 op=sum seconds=518.099 eta_seconds=629.524 bootstraps=346
node=3581/7910 op=gather seconds=520.415 eta_seconds=629.119 bootstraps=348
node=3591/7910 op=cheb seconds=522.719 eta_seconds=628.689 bootstraps=350
node=3601/7910 op=mul seconds=523.448 eta_seconds=626.364 bootstraps=350
node=3611/7910 op=mulp seconds=523.659 eta_seconds=623.431 bootstraps=350
node=3621/7910 op=gather seconds=523.967 eta_seconds=620.628 bootstraps=350
node=3631/7910 op=scatter seconds=526.344 eta_seconds=620.277 bootstraps=352
node=3641/7910 op=mulp seconds=527.699 eta_seconds=618.717 bootstraps=352
node=3651/7910 op=scatter seconds=528.749 eta_seconds=616.801 bootstraps=352
node=3661/7910 op=mulp seconds=528.781 eta_seconds=613.709 bootstraps=352
node=3671/7910 op=repeat seconds=529.471 eta_seconds=611.394 bootstraps=352
node=3681/7910 op=mul seconds=529.944 eta_seconds=608.838 bootstraps=352
node=3691/7910 op=mul seconds=532.351 eta_seconds=608.504 bootstraps=354
node=3701/7910 op=scatter seconds=534.984 eta_seconds=608.416 bootstraps=356
node=3711/7910 op=gather seconds=537.315 eta_seconds=607.972 bootstraps=358
node=3721/7910 op=mul seconds=539.616 eta_seconds=607.485 bootstraps=360
node=3731/7910 op=cheb seconds=540.419 eta_seconds=605.309 bootstraps=360
node=3741/7910 op=sum seconds=540.625 eta_seconds=602.477 bootstraps=360
node=3751/7910 op=addp seconds=542.284 eta_seconds=601.269 bootstraps=362
node=3761/7910 op=scatter seconds=543.206 eta_seconds=599.245 bootstraps=362
node=3771/7910 op=mul seconds=544.72 eta_seconds=597.878 bootstraps=362
node=3781/7910 op=scatter seconds=545.544 eta_seconds=595.755 bootstraps=362
node=3791/7910 op=add seconds=545.795 eta_seconds=593.018 bootstraps=362
node=3801/7910 op=mul seconds=546.344 eta_seconds=590.615 bootstraps=362
node=3811/7910 op=cheb seconds=546.972 eta_seconds=588.307 bootstraps=362
node=3821/7910 op=repeat seconds=550.687 eta_seconds=589.312 bootstraps=366
node=3831/7910 op=mul seconds=553.466 eta_seconds=589.295 bootstraps=368
node=3841/7910 op=gather seconds=555.8 eta_seconds=588.793 bootstraps=370
node=3851/7910 op=cheb seconds=558.195 eta_seconds=588.344 bootstraps=372
node=3861/7910 op=cheb seconds=558.849 eta_seconds=586.061 bootstraps=372
node=3871/7910 op=mul seconds=560.575 eta_seconds=584.904 bootstraps=374
node=3881/7910 op=repeat seconds=562.165 eta_seconds=583.603 bootstraps=376
node=3891/7910 op=add seconds=562.87 eta_seconds=581.387 bootstraps=376
node=3901/7910 op=mul seconds=564.213 eta_seconds=579.834 bootstraps=376
node=3911/7910 op=gather seconds=566.476 eta_seconds=579.222 bootstraps=378
node=3921/7910 op=mul seconds=566.935 eta_seconds=576.768 bootstraps=378
node=3931/7910 op=sum seconds=567.476 eta_seconds=574.406 bootstraps=378
node=3941/7910 op=add seconds=567.979 eta_seconds=572.014 bootstraps=378
node=3951/7910 op=cheb seconds=570.393 eta_seconds=571.548 bootstraps=380
node=3961/7910 op=add seconds=573.055 eta_seconds=571.318 bootstraps=382
node=3971/7910 op=linear_ref seconds=575.395 eta_seconds=570.758 bootstraps=384
node=3981/7910 op=cheb seconds=575.524 eta_seconds=568.007 bootstraps=384
node=3991/7910 op=add seconds=581.008 eta_seconds=570.527 bootstraps=390
node=4001/7910 op=mulp seconds=582.699 eta_seconds=569.3 bootstraps=392
node=4011/7910 op=addp seconds=584.232 eta_seconds=567.918 bootstraps=394
node=4021/7910 op=mul seconds=584.941 eta_seconds=565.739 bootstraps=394
node=4031/7910 op=gather seconds=586.082 eta_seconds=563.982 bootstraps=394
node=4041/7910 op=add seconds=588.166 eta_seconds=563.131 bootstraps=396
node=4051/7910 op=mul seconds=588.855 eta_seconds=560.946 bootstraps=396
node=4061/7910 op=mul seconds=589.366 eta_seconds=558.599 bootstraps=396
node=4071/7910 op=mul seconds=590.387 eta_seconds=556.742 bootstraps=396
node=4081/7910 op=addp seconds=591.038 eta_seconds=554.542 bootstraps=396
node=4091/7910 op=linear_ref seconds=595.33 eta_seconds=555.748 bootstraps=400
node=4101/7910 op=mulp seconds=596.898 eta_seconds=554.398 bootstraps=402
node=4111/7910 op=addp seconds=597.722 eta_seconds=552.358 bootstraps=402
node=4121/7910 op=mulp seconds=603.011 eta_seconds=554.431 bootstraps=406
node=4131/7910 op=mul seconds=603.331 eta_seconds=551.922 bootstraps=406
node=4141/7910 op=repeat seconds=603.563 eta_seconds=549.343 bootstraps=406
node=4151/7910 op=mul seconds=605.4 eta_seconds=548.229 bootstraps=408
node=4161/7910 op=gather seconds=606.969 eta_seconds=546.87 bootstraps=408
node=4171/7910 op=scatter seconds=607.761 eta_seconds=544.814 bootstraps=408
node=4181/7910 op=mul seconds=608.384 eta_seconds=542.613 bootstraps=408
node=4191/7910 op=add seconds=608.749 eta_seconds=540.19 bootstraps=408
node=4201/7910 op=repeat seconds=609.441 eta_seconds=538.066 bootstraps=408
node=4211/7910 op=mulp seconds=611.922 eta_seconds=537.52 bootstraps=410
node=4221/7910 op=mul seconds=614.136 eta_seconds=536.733 bootstraps=412
node=4231/7910 op=mul seconds=616.236 eta_seconds=535.839 bootstraps=414
node=4241/7910 op=gather seconds=617.06 eta_seconds=533.834 bootstraps=414
node=4251/7910 op=mul seconds=619.989 eta_seconds=533.649 bootstraps=416
node=4261/7910 op=repeat seconds=620.26 eta_seconds=531.173 bootstraps=416
node=4271/7910 op=mulp seconds=620.404 eta_seconds=528.6 bootstraps=416
node=4281/7910 op=add seconds=622.371 eta_seconds=527.584 bootstraps=418
node=4291/7910 op=add seconds=623.602 eta_seconds=525.942 bootstraps=418
node=4301/7910 op=scatter seconds=624.517 eta_seconds=524.037 bootstraps=418
node=4311/7910 op=mul seconds=625.354 eta_seconds=522.072 bootstraps=418
node=4321/7910 op=mul seconds=625.719 eta_seconds=519.719 bootstraps=418
node=4331/7910 op=mul seconds=626.256 eta_seconds=517.518 bootstraps=418
node=4341/7910 op=sum seconds=628.816 eta_seconds=516.988 bootstraps=420
node=4351/7910 op=cheb seconds=631.05 eta_seconds=516.182 bootstraps=422
node=4361/7910 op=repeat seconds=633.156 eta_seconds=515.265 bootstraps=424
node=4371/7910 op=gather seconds=633.974 eta_seconds=513.3 bootstraps=424
node=4381/7910 op=repeat seconds=636.845 eta_seconds=512.994 bootstraps=426
node=4391/7910 op=cheb seconds=637.12 eta_seconds=510.596 bootstraps=426
node=4401/7910 op=mul seconds=637.273 eta_seconds=508.109 bootstraps=426
node=4411/7910 op=mulp seconds=637.616 eta_seconds=505.785 bootstraps=426
node=4421/7910 op=scatter seconds=640.5 eta_seconds=505.475 bootstraps=428
node=4431/7910 op=add seconds=641.202 eta_seconds=503.439 bootstraps=428
node=4441/7910 op=mul seconds=642.251 eta_seconds=501.682 bootstraps=428
node=4451/7910 op=repeat seconds=642.616 eta_seconds=499.395 bootstraps=428
node=4461/7910 op=sum seconds=643.156 eta_seconds=497.253 bootstraps=428
node=4471/7910 op=scatter seconds=647.001 eta_seconds=497.66 bootstraps=432
node=4481/7910 op=gather seconds=647.821 eta_seconds=495.733 bootstraps=432
node=4491/7910 op=cheb seconds=651.509 eta_seconds=495.994 bootstraps=436
client_token=279 logit_margin=2.90221
node=4501/7910 op=cheb seconds=652.19 eta_seconds=493.96 bootstraps=436
node=4511/7910 op=gather seconds=654.448 eta_seconds=493.121 bootstraps=436
node=4521/7910 op=repeat seconds=658.04 eta_seconds=493.276 bootstraps=438
node=4531/7910 op=addp seconds=658.82 eta_seconds=491.316 bootstraps=438
node=4541/7910 op=repeat seconds=659.473 eta_seconds=489.268 bootstraps=438
node=4551/7910 op=mul seconds=660.103 eta_seconds=487.208 bootstraps=438
node=4561/7910 op=scatter seconds=660.738 eta_seconds=485.159 bootstraps=438
node=4571/7910 op=mul seconds=661.488 eta_seconds=483.2 bootstraps=438
node=4581/7910 op=addp seconds=662.32 eta_seconds=481.306 bootstraps=438
node=4591/7910 op=sum seconds=662.505 eta_seconds=478.949 bootstraps=438
node=4601/7910 op=add seconds=664.982 eta_seconds=478.249 bootstraps=440
node=4611/7910 op=repeat seconds=666.369 eta_seconds=476.763 bootstraps=440
node=4621/7910 op=mulp seconds=667.279 eta_seconds=474.936 bootstraps=440
node=4631/7910 op=mul seconds=671.054 eta_seconds=475.143 bootstraps=444
node=4641/7910 op=mul seconds=673.194 eta_seconds=474.18 bootstraps=446
node=4651/7910 op=gather seconds=673.87 eta_seconds=472.187 bootstraps=446
node=4661/7910 op=mul seconds=676.687 eta_seconds=471.692 bootstraps=448
node=4671/7910 op=repeat seconds=677.021 eta_seconds=469.465 bootstraps=448
node=4681/7910 op=mulp seconds=677.198 eta_seconds=467.138 bootstraps=448
node=4691/7910 op=add seconds=679.133 eta_seconds=466.026 bootstraps=450
node=4701/7910 op=add seconds=680.363 eta_seconds=464.43 bootstraps=450
node=4711/7910 op=scatter seconds=681.278 eta_seconds=462.621 bootstraps=450
node=4721/7910 op=mul seconds=682.116 eta_seconds=460.764 bootstraps=450
node=4731/7910 op=repeat seconds=682.482 eta_seconds=458.595 bootstraps=450
node=4741/7910 op=sum seconds=683.025 eta_seconds=456.55 bootstraps=450
node=4751/7910 op=add seconds=683.529 eta_seconds=454.487 bootstraps=450
node=4761/7910 op=cheb seconds=687.492 eta_seconds=454.718 bootstraps=454
node=4771/7910 op=add seconds=690.257 eta_seconds=454.143 bootstraps=456
node=4781/7910 op=linear_ref seconds=692.586 eta_seconds=453.274 bootstraps=458
node=4791/7910 op=cheb seconds=692.691 eta_seconds=450.95 bootstraps=458
node=4801/7910 op=add seconds=697.259 eta_seconds=451.526 bootstraps=462
node=4811/7910 op=mulp seconds=697.545 eta_seconds=449.323 bootstraps=462
node=4821/7910 op=addp seconds=697.731 eta_seconds=447.063 bootstraps=462
node=4831/7910 op=mul seconds=698.056 eta_seconds=444.901 bootstraps=462
node=4841/7910 op=gather seconds=701.519 eta_seconds=444.735 bootstraps=464
node=4851/7910 op=add seconds=701.972 eta_seconds=442.658 bootstraps=464
node=4861/7910 op=mul seconds=702.6 eta_seconds=440.697 bootstraps=464
node=4871/7910 op=add seconds=702.96 eta_seconds=438.574 bootstraps=464
node=4881/7910 op=repeat seconds=703.647 eta_seconds=436.662 bootstraps=464
node=4891/7910 op=mul seconds=704.12 eta_seconds=434.622 bootstraps=464
node=4901/7910 op=mul seconds=706.568 eta_seconds=433.802 bootstraps=466
node=4911/7910 op=scatter seconds=709.167 eta_seconds=433.067 bootstraps=468
node=4921/7910 op=gather seconds=711.321 eta_seconds=432.054 bootstraps=470
node=4931/7910 op=mul seconds=713.643 eta_seconds=431.138 bootstraps=472
node=4941/7910 op=cheb seconds=714.308 eta_seconds=429.221 bootstraps=472
node=4951/7910 op=sum seconds=714.514 eta_seconds=427.034 bootstraps=472
node=4961/7910 op=addp seconds=714.647 eta_seconds=424.812 bootstraps=472
node=4971/7910 op=scatter seconds=716.877 eta_seconds=423.839 bootstraps=474
node=4981/7910 op=mul seconds=718.528 eta_seconds=422.519 bootstraps=474
node=4991/7910 op=scatter seconds=719.353 eta_seconds=420.715 bootstraps=474
node=5001/7910 op=mul seconds=719.608 eta_seconds=418.584 bootstraps=474
node=5011/7910 op=sum seconds=720.157 eta_seconds=416.63 bootstraps=474
node=5021/7910 op=add seconds=720.654 eta_seconds=414.652 bootstraps=474
node=5031/7910 op=add seconds=723.407 eta_seconds=413.971 bootstraps=476
node=5041/7910 op=linear_ref seconds=725.551 eta_seconds=412.935 bootstraps=478
node=5051/7910 op=mulp seconds=727.644 eta_seconds=411.866 bootstraps=480
node=5061/7910 op=gather seconds=729.778 eta_seconds=410.815 bootstraps=482
node=5071/7910 op=cheb seconds=734.044 eta_seconds=410.955 bootstraps=486
node=5081/7910 op=sum seconds=734.553 eta_seconds=408.984 bootstraps=486
node=5091/7910 op=addp seconds=734.784 eta_seconds=406.867 bootstraps=486
node=5101/7910 op=gather seconds=735.208 eta_seconds=404.862 bootstraps=486
node=5111/7910 op=add seconds=737.315 eta_seconds=403.785 bootstraps=488
node=5121/7910 op=add seconds=738.657 eta_seconds=402.288 bootstraps=488
node=5131/7910 op=add seconds=739.706 eta_seconds=400.632 bootstraps=488
node=5141/7910 op=mulp seconds=739.738 eta_seconds=398.431 bootstraps=488
node=5151/7910 op=repeat seconds=740.429 eta_seconds=396.592 bootstraps=488
node=5161/7910 op=sum seconds=740.966 eta_seconds=394.675 bootstraps=488
node=5171/7910 op=scatter seconds=743.538 eta_seconds=393.841 bootstraps=490
node=5181/7910 op=gather seconds=745.69 eta_seconds=392.779 bootstraps=492
node=5191/7910 op=cheb seconds=749.307 eta_seconds=392.48 bootstraps=496
node=5201/7910 op=gather seconds=750.159 eta_seconds=390.729 bootstraps=496
node=5211/7910 op=repeat seconds=752.696 eta_seconds=389.854 bootstraps=498
node=5221/7910 op=addp seconds=753.202 eta_seconds=387.926 bootstraps=498
node=5231/7910 op=repeat seconds=753.481 eta_seconds=385.887 bootstraps=498
node=5241/7910 op=mul seconds=753.823 eta_seconds=383.887 bootstraps=498
node=5251/7910 op=scatter seconds=756.503 eta_seconds=383.078 bootstraps=500
node=5261/7910 op=mul seconds=757.431 eta_seconds=381.379 bootstraps=500
node=5271/7910 op=addp seconds=758.482 eta_seconds=379.744 bootstraps=500
node=5281/7910 op=sum seconds=758.702 eta_seconds=377.699 bootstraps=500
node=5291/7910 op=add seconds=759.204 eta_seconds=375.799 bootstraps=500
node=5301/7910 op=repeat seconds=759.892 eta_seconds=373.997 bootstraps=500
node=5311/7910 op=mulp seconds=762.352 eta_seconds=373.066 bootstraps=502
node=5321/7910 op=mul seconds=764.564 eta_seconds=372.008 bootstraps=504
node=5331/7910 op=mul seconds=766.667 eta_seconds=370.894 bootstraps=506
node=5341/7910 op=gather seconds=767.495 eta_seconds=369.162 bootstraps=506
node=5351/7910 op=mul seconds=770.42 eta_seconds=368.437 bootstraps=508
node=5361/7910 op=repeat seconds=770.699 eta_seconds=366.445 bootstraps=508
node=5371/7910 op=mulp seconds=770.844 eta_seconds=364.396 bootstraps=508
node=5381/7910 op=add seconds=772.809 eta_seconds=363.21 bootstraps=510
node=5391/7910 op=add seconds=774.041 eta_seconds=361.678 bootstraps=510
node=5401/7910 op=scatter seconds=774.953 eta_seconds=359.999 bootstraps=510
node=5411/7910 op=mul seconds=775.791 eta_seconds=358.289 bootstraps=510
node=5421/7910 op=repeat seconds=776.156 eta_seconds=356.364 bootstraps=510
node=5431/7910 op=sum seconds=776.697 eta_seconds=354.526 bootstraps=510
node=5441/7910 op=add seconds=777.202 eta_seconds=352.676 bootstraps=510
node=5451/7910 op=cheb seconds=779.73 eta_seconds=351.744 bootstraps=512
node=5461/7910 op=add seconds=782.441 eta_seconds=350.888 bootstraps=514
node=5471/7910 op=linear_ref seconds=784.775 eta_seconds=349.857 bootstraps=516
node=5481/7910 op=cheb seconds=784.89 eta_seconds=347.837 bootstraps=516
node=5491/7910 op=add seconds=787.756 eta_seconds=347.037 bootstraps=518
node=5501/7910 op=mulp seconds=789.499 eta_seconds=345.738 bootstraps=520
node=5511/7910 op=addp seconds=791.076 eta_seconds=344.364 bootstraps=522
node=5521/7910 op=mul seconds=791.788 eta_seconds=342.616 bootstraps=522
node=5531/7910 op=gather seconds=793.127 eta_seconds=341.141 bootstraps=522
node=5541/7910 op=add seconds=795.151 eta_seconds=339.959 bootstraps=524
node=5551/7910 op=mul seconds=795.841 eta_seconds=338.207 bootstraps=524
node=5561/7910 op=add seconds=796.201 eta_seconds=336.32 bootstraps=524
node=5571/7910 op=repeat seconds=796.885 eta_seconds=334.574 bootstraps=524
node=5581/7910 op=mul seconds=798.658 eta_seconds=333.287 bootstraps=526
node=5591/7910 op=mul seconds=799.663 eta_seconds=331.679 bootstraps=526
node=5601/7910 op=scatter seconds=802.299 eta_seconds=330.746 bootstraps=528
node=5611/7910 op=gather seconds=804.643 eta_seconds=329.687 bootstraps=530
node=5621/7910 op=mul seconds=807.014 eta_seconds=328.634 bootstraps=532
node=5631/7910 op=cheb seconds=810.483 eta_seconds=328.022 bootstraps=536
node=5641/7910 op=sum seconds=812 eta_seconds=326.614 bootstraps=538
node=5651/7910 op=addp seconds=813.535 eta_seconds=325.212 bootstraps=540
node=5661/7910 op=scatter seconds=814.362 eta_seconds=323.53 bootstraps=540
node=5671/7910 op=mul seconds=815.362 eta_seconds=321.918 bootstraps=540
node=5681/7910 op=scatter seconds=817.862 eta_seconds=320.897 bootstraps=542
node=5691/7910 op=mul seconds=818.124 eta_seconds=318.998 bootstraps=542
node=5701/7910 op=sum seconds=818.914 eta_seconds=317.31 bootstraps=542
node=5711/7910 op=add seconds=819.633 eta_seconds=315.597 bootstraps=542
node=5721/7910 op=add seconds=820.737 eta_seconds=314.035 bootstraps=542
node=5731/7910 op=linear_ref seconds=823.015 eta_seconds=312.921 bootstraps=544
node=5741/7910 op=mulp seconds=825.152 eta_seconds=311.749 bootstraps=546
node=5751/7910 op=gather seconds=827.474 eta_seconds=310.645 bootstraps=548
node=5761/7910 op=cheb seconds=832.347 eta_seconds=310.487 bootstraps=552
node=5771/7910 op=sum seconds=832.915 eta_seconds=308.717 bootstraps=552
node=5781/7910 op=addp seconds=833.147 eta_seconds=306.827 bootstraps=552
node=5791/7910 op=gather seconds=833.62 eta_seconds=305.032 bootstraps=552
node=5801/7910 op=add seconds=835.731 eta_seconds=303.837 bootstraps=554
node=5811/7910 op=add seconds=837.07 eta_seconds=302.359 bootstraps=554
node=5821/7910 op=add seconds=838.123 eta_seconds=300.78 bootstraps=554
node=5831/7910 op=mulp seconds=838.154 eta_seconds=298.838 bootstraps=554
node=5841/7910 op=repeat seconds=838.846 eta_seconds=297.136 bootstraps=554
node=5851/7910 op=sum seconds=839.385 eta_seconds=295.384 bootstraps=554
node=5861/7910 op=scatter seconds=842.031 eta_seconds=294.373 bootstraps=556
node=5871/7910 op=gather seconds=842.727 eta_seconds=292.679 bootstraps=556
node=5881/7910 op=cheb seconds=846.335 eta_seconds=291.993 bootstraps=560
node=5891/7910 op=gather seconds=847.183 eta_seconds=290.352 bootstraps=560
node=5901/7910 op=repeat seconds=849.797 eta_seconds=289.314 bootstraps=562
node=5911/7910 op=addp seconds=850.291 eta_seconds=287.554 bootstraps=562
node=5921/7910 op=repeat seconds=850.537 eta_seconds=285.715 bootstraps=562
node=5931/7910 op=mul seconds=852.514 eta_seconds=284.459 bootstraps=564
node=5941/7910 op=scatter seconds=853.514 eta_seconds=282.876 bootstraps=564
node=5951/7910 op=mul seconds=854.44 eta_seconds=281.272 bootstraps=564
node=5961/7910 op=addp seconds=855.488 eta_seconds=279.709 bootstraps=564
node=5971/7910 op=sum seconds=855.708 eta_seconds=277.879 bootstraps=564
node=5981/7910 op=add seconds=856.211 eta_seconds=276.146 bootstraps=564
node=5991/7910 op=repeat seconds=856.899 eta_seconds=274.477 bootstraps=564
node=6001/7910 op=mulp seconds=859.365 eta_seconds=273.376 bootstraps=566
node=6011/7910 op=mul seconds=861.585 eta_seconds=272.193 bootstraps=568
node=6021/7910 op=mul seconds=863.683 eta_seconds=270.968 bootstraps=570
node=6031/7910 op=gather seconds=864.507 eta_seconds=269.343 bootstraps=570
node=6041/7910 op=mul seconds=867.373 eta_seconds=268.353 bootstraps=572
node=6051/7910 op=repeat seconds=867.657 eta_seconds=266.563 bootstraps=572
node=6061/7910 op=mulp seconds=867.801 eta_seconds=264.736 bootstraps=572
node=6071/7910 op=add seconds=868.139 eta_seconds=262.973 bootstraps=572
node=6081/7910 op=add seconds=871.01 eta_seconds=261.976 bootstraps=574
node=6091/7910 op=scatter seconds=871.927 eta_seconds=260.39 bootstraps=574
node=6101/7910 op=mul seconds=872.766 eta_seconds=258.783 bootstraps=574
node=6111/7910 op=repeat seconds=873.133 eta_seconds=257.039 bootstraps=574
node=6121/7910 op=sum seconds=873.672 eta_seconds=255.35 bootstraps=574
node=6131/7910 op=add seconds=874.174 eta_seconds=253.655 bootstraps=574
node=6141/7910 op=cheb seconds=878.066 eta_seconds=252.939 bootstraps=578
node=6151/7910 op=add seconds=880.913 eta_seconds=251.915 bootstraps=580
client_token=1614 logit_margin=0.201339
node=6161/7910 op=feedback seconds=882.712 eta_seconds=250.586 bootstraps=582
node=6171/7910 op=linear_ref seconds=885.26 eta_seconds=249.468 bootstraps=582
node=6181/7910 op=cheb seconds=885.666 eta_seconds=247.746 bootstraps=582
node=6191/7910 op=add seconds=887.993 eta_seconds=246.561 bootstraps=582
node=6201/7910 op=mulp seconds=888.691 eta_seconds=244.924 bootstraps=582
node=6211/7910 op=addp seconds=889.092 eta_seconds=243.208 bootstraps=582
node=6221/7910 op=mul seconds=889.678 eta_seconds=241.547 bootstraps=582
node=6231/7910 op=gather seconds=891.049 eta_seconds=240.101 bootstraps=582
node=6241/7910 op=add seconds=891.388 eta_seconds=238.38 bootstraps=582
node=6251/7910 op=mul seconds=891.904 eta_seconds=236.709 bootstraps=582
node=6261/7910 op=mul seconds=893.849 eta_seconds=235.419 bootstraps=584
node=6271/7910 op=mul seconds=894.776 eta_seconds=233.86 bootstraps=584
node=6281/7910 op=mul seconds=895.512 eta_seconds=232.254 bootstraps=584
node=6291/7910 op=mul seconds=896.762 eta_seconds=230.783 bootstraps=584
node=6301/7910 op=gather seconds=898.999 eta_seconds=229.565 bootstraps=586
node=6311/7910 op=addp seconds=901.104 eta_seconds=228.31 bootstraps=588
node=6321/7910 op=gather seconds=903.288 eta_seconds=227.072 bootstraps=590
node=6331/7910 op=cheb seconds=905.858 eta_seconds=225.928 bootstraps=592
node=6341/7910 op=mulp seconds=906.295 eta_seconds=224.251 bootstraps=592
node=6351/7910 op=cheb seconds=906.617 eta_seconds=222.55 bootstraps=592
node=6361/7910 op=mul seconds=908.569 eta_seconds=221.25 bootstraps=594
node=6371/7910 op=gather seconds=909.391 eta_seconds=219.675 bootstraps=594
node=6381/7910 op=mul seconds=910.506 eta_seconds=218.173 bootstraps=594
node=6391/7910 op=mulp seconds=911.551 eta_seconds=216.656 bootstraps=594
node=6401/7910 op=mulp seconds=911.592 eta_seconds=214.903 bootstraps=594
node=6411/7910 op=repeat seconds=912.287 eta_seconds=213.308 bootstraps=594
node=6421/7910 op=sum seconds=912.824 eta_seconds=211.68 bootstraps=594
node=6431/7910 op=add seconds=913.326 eta_seconds=210.047 bootstraps=594
node=6441/7910 op=cheb seconds=917.209 eta_seconds=209.188 bootstraps=598
node=6451/7910 op=add seconds=919.969 eta_seconds=208.066 bootstraps=600
node=6461/7910 op=linear_ref seconds=922.302 eta_seconds=206.843 bootstraps=602
node=6471/7910 op=cheb seconds=922.409 eta_seconds=205.122 bootstraps=602
node=6481/7910 op=add seconds=926.954 eta_seconds=204.385 bootstraps=606
node=6491/7910 op=mulp seconds=927.238 eta_seconds=202.704 bootstraps=606
node=6501/7910 op=addp seconds=927.423 eta_seconds=201.006 bootstraps=606
node=6511/7910 op=mul seconds=927.747 eta_seconds=199.342 bootstraps=606
node=6521/7910 op=gather seconds=931.204 eta_seconds=198.35 bootstraps=608
node=6531/7910 op=add seconds=931.655 eta_seconds=196.716 bootstraps=608
node=6541/7910 op=mul seconds=932.28 eta_seconds=195.122 bootstraps=608
node=6551/7910 op=mul seconds=932.641 eta_seconds=193.476 bootstraps=608
node=6561/7910 op=mul seconds=933.179 eta_seconds=191.87 bootstraps=608
node=6571/7910 op=mul seconds=933.678 eta_seconds=190.259 bootstraps=608
node=6581/7910 op=mul seconds=936.391 eta_seconds=189.099 bootstraps=610
node=6591/7910 op=gather seconds=937.086 eta_seconds=187.531 bootstraps=610
node=6601/7910 op=addp seconds=939.184 eta_seconds=186.243 bootstraps=612
node=6611/7910 op=gather seconds=941.317 eta_seconds=184.96 bootstraps=614
node=6621/7910 op=cheb seconds=943.885 eta_seconds=183.759 bootstraps=616
node=6631/7910 op=mulp seconds=944.32 eta_seconds=182.142 bootstraps=616
node=6641/7910 op=cheb seconds=944.563 eta_seconds=180.492 bootstraps=616
node=6651/7910 op=mul seconds=944.922 eta_seconds=178.869 bootstraps=616
node=6661/7910 op=gather seconds=947.384 eta_seconds=177.643 bootstraps=618
node=6671/7910 op=mul seconds=948.5 eta_seconds=176.164 bootstraps=618
node=6681/7910 op=mulp seconds=949.543 eta_seconds=174.673 bootstraps=618
node=6691/7910 op=mulp seconds=949.582 eta_seconds=173 bootstraps=618
node=6701/7910 op=repeat seconds=950.279 eta_seconds=171.45 bootstraps=618
node=6711/7910 op=sum seconds=950.815 eta_seconds=169.874 bootstraps=618
node=6721/7910 op=add seconds=951.314 eta_seconds=168.295 bootstraps=618
node=6731/7910 op=cheb seconds=955.147 eta_seconds=167.303 bootstraps=622
node=6741/7910 op=add seconds=957.889 eta_seconds=166.114 bootstraps=624
node=6751/7910 op=linear_ref seconds=960.027 eta_seconds=164.816 bootstraps=626
node=6761/7910 op=cheb seconds=961.892 eta_seconds=163.469 bootstraps=628
node=6771/7910 op=add seconds=964.685 eta_seconds=162.277 bootstraps=630
node=6781/7910 op=mulp seconds=965.006 eta_seconds=160.668 bootstraps=630
node=6791/7910 op=addp seconds=965.192 eta_seconds=159.041 bootstraps=630
node=6801/7910 op=mul seconds=967.033 eta_seconds=157.689 bootstraps=632
node=6811/7910 op=gather seconds=968.932 eta_seconds=156.344 bootstraps=632
node=6821/7910 op=add seconds=969.386 eta_seconds=154.766 bootstraps=632
node=6831/7910 op=mul seconds=970.013 eta_seconds=153.22 bootstraps=632
node=6841/7910 op=mul seconds=970.378 eta_seconds=151.635 bootstraps=632
node=6851/7910 op=mul seconds=970.918 eta_seconds=150.081 bootstraps=632
node=6861/7910 op=mul seconds=971.419 eta_seconds=148.523 bootstraps=632
node=6871/7910 op=mul seconds=974.122 eta_seconds=147.302 bootstraps=634
node=6881/7910 op=gather seconds=976.263 eta_seconds=145.992 bootstraps=636
node=6891/7910 op=addp seconds=978.399 eta_seconds=144.68 bootstraps=638
node=6901/7910 op=gather seconds=980.731 eta_seconds=143.393 bootstraps=640
node=6911/7910 op=cheb seconds=983.265 eta_seconds=142.133 bootstraps=642
node=6921/7910 op=mulp seconds=983.784 eta_seconds=140.581 bootstraps=642
node=6931/7910 op=cheb seconds=984.061 eta_seconds=138.998 bootstraps=642
node=6941/7910 op=mul seconds=984.416 eta_seconds=137.43 bootstraps=642
node=6951/7910 op=gather seconds=986.87 eta_seconds=136.154 bootstraps=644
node=6961/7910 op=mul seconds=987.986 eta_seconds=134.693 bootstraps=644
node=6971/7910 op=mulp seconds=989.033 eta_seconds=133.224 bootstraps=644
node=6981/7910 op=mulp seconds=989.075 eta_seconds=131.622 bootstraps=644
node=6991/7910 op=repeat seconds=989.769 eta_seconds=130.11 bootstraps=644
node=7001/7910 op=sum seconds=990.31 eta_seconds=128.58 bootstraps=644
node=7011/7910 op=add seconds=990.813 eta_seconds=127.049 bootstraps=644
node=7021/7910 op=cheb seconds=993.307 eta_seconds=125.773 bootstraps=646
node=7031/7910 op=add seconds=995.965 eta_seconds=124.513 bootstraps=648
node=7041/7910 op=linear_ref seconds=998.294 eta_seconds=123.209 bootstraps=650
node=7051/7910 op=cheb seconds=998.401 eta_seconds=121.632 bootstraps=650
node=7061/7910 op=add seconds=1001.29 eta_seconds=120.393 bootstraps=652
node=7071/7910 op=mulp seconds=1001.57 eta_seconds=118.84 bootstraps=652
node=7081/7910 op=addp seconds=1001.72 eta_seconds=117.275 bootstraps=652
node=7091/7910 op=mul seconds=1003.68 eta_seconds=115.924 bootstraps=654
node=7101/7910 op=gather seconds=1005.59 eta_seconds=114.564 bootstraps=654
node=7111/7910 op=add seconds=1006.04 eta_seconds=113.04 bootstraps=654
node=7121/7910 op=mul seconds=1006.68 eta_seconds=111.539 bootstraps=654
node=7131/7910 op=mul seconds=1007.04 eta_seconds=110.01 bootstraps=654
node=7141/7910 op=mul seconds=1007.58 eta_seconds=108.504 bootstraps=654
node=7151/7910 op=mul seconds=1008.08 eta_seconds=106.997 bootstraps=654
node=7161/7910 op=mul seconds=1010.79 eta_seconds=105.723 bootstraps=656
node=7171/7910 op=gather seconds=1011.5 eta_seconds=104.239 bootstraps=656
node=7181/7910 op=addp seconds=1013.64 eta_seconds=102.903 bootstraps=658
node=7191/7910 op=gather seconds=1015.99 eta_seconds=101.585 bootstraps=660
node=7201/7910 op=cheb seconds=1018.58 eta_seconds=100.287 bootstraps=662
node=7211/7910 op=mulp seconds=1019.02 eta_seconds=98.7792 bootstraps=662
node=7221/7910 op=cheb seconds=1022.2 eta_seconds=97.5344 bootstraps=666
node=7231/7910 op=mul seconds=1022.96 eta_seconds=96.0572 bootstraps=666
node=7241/7910 op=gather seconds=1023.65 eta_seconds=94.5755 bootstraps=666
node=7251/7910 op=mul seconds=1024.33 eta_seconds=93.0953 bootstraps=666
node=7261/7910 op=mulp seconds=1027.02 eta_seconds=91.7968 bootstraps=668
node=7271/7910 op=mulp seconds=1027.07 eta_seconds=90.2622 bootstraps=668
node=7281/7910 op=repeat seconds=1027.76 eta_seconds=88.7877 bootstraps=668
node=7291/7910 op=sum seconds=1028.3 eta_seconds=87.3021 bootstraps=668
node=7301/7910 op=add seconds=1028.81 eta_seconds=85.816 bootstraps=668
node=7311/7910 op=cheb seconds=1031.22 eta_seconds=84.4895 bootstraps=670
node=7321/7910 op=add seconds=1033.92 eta_seconds=83.1821 bootstraps=672
node=7331/7910 op=linear_ref seconds=1036.25 eta_seconds=81.8425 bootstraps=674
node=7341/7910 op=cheb seconds=1036.38 eta_seconds=80.3294 bootstraps=674
node=7351/7910 op=add seconds=1041.88 eta_seconds=79.229 bootstraps=680
node=7361/7910 op=mulp seconds=1043.57 eta_seconds=77.8319 bootstraps=682
node=7371/7910 op=addp seconds=1045.1 eta_seconds=76.4225 bootstraps=684
node=7381/7910 op=mul seconds=1045.81 eta_seconds=74.9536 bootstraps=684
node=7391/7910 op=gather seconds=1046.95 eta_seconds=73.5176 bootstraps=684
node=7401/7910 op=add seconds=1049.02 eta_seconds=72.146 bootstraps=686
node=7411/7910 op=mul seconds=1049.71 eta_seconds=70.6797 bootstraps=686
node=7421/7910 op=mul seconds=1050.21 eta_seconds=69.2023 bootstraps=686
node=7431/7910 op=mul seconds=1050.99 eta_seconds=67.7467 bootstraps=686
node=7441/7910 op=mul seconds=1051.71 eta_seconds=66.2884 bootstraps=686
node=7451/7910 op=mul seconds=1052.78 eta_seconds=64.8537 bootstraps=686
node=7461/7910 op=gather seconds=1055.03 eta_seconds=63.4913 bootstraps=688
node=7471/7910 op=addp seconds=1057.16 eta_seconds=62.1195 bootstraps=690
node=7481/7910 op=gather seconds=1059.51 eta_seconds=60.7577 bootstraps=692
node=7491/7910 op=cheb seconds=1064.55 eta_seconds=59.5445 bootstraps=696
node=7501/7910 op=mulp seconds=1064.94 eta_seconds=58.067 bootstraps=696
node=7511/7910 op=cheb seconds=1065.31 eta_seconds=56.5917 bootstraps=696
node=7521/7910 op=mul seconds=1067.16 eta_seconds=55.1957 bootstraps=698
node=7531/7910 op=gather seconds=1067.99 eta_seconds=53.7468 bootstraps=698
node=7541/7910 op=mul seconds=1069.1 eta_seconds=52.3138 bootstraps=698
node=7551/7910 op=mulp seconds=1070.15 eta_seconds=50.8786 bootstraps=698
node=7561/7910 op=mulp seconds=1070.19 eta_seconds=49.3975 bootstraps=698
node=7571/7910 op=repeat seconds=1070.88 eta_seconds=47.9497 bootstraps=698
node=7581/7910 op=sum seconds=1071.41 eta_seconds=46.4972 bootstraps=698
node=7591/7910 op=add seconds=1071.92 eta_seconds=45.0456 bootstraps=698
node=7601/7910 op=cheb seconds=1074.49 eta_seconds=43.6806 bootstraps=700
node=7611/7910 op=add seconds=1077.15 eta_seconds=42.3159 bootstraps=702
node=7621/7910 op=linear_ref seconds=1079.47 eta_seconds=40.9353 bootstraps=704
node=7631/7910 op=cheb seconds=1079.58 eta_seconds=39.4711 bootstraps=704
node=7641/7910 op=add seconds=1082.48 eta_seconds=38.1084 bootstraps=706
node=7651/7910 op=mulp seconds=1082.75 eta_seconds=36.6531 bootstraps=706
node=7661/7910 op=addp seconds=1082.9 eta_seconds=35.1969 bootstraps=706
node=7671/7910 op=mul seconds=1084.87 eta_seconds=33.8006 bootstraps=708
node=7681/7910 op=gather seconds=1086.78 eta_seconds=32.401 bootstraps=708
node=7691/7910 op=add seconds=1087.23 eta_seconds=30.9588 bootstraps=708
node=7701/7910 op=mul seconds=1087.86 eta_seconds=29.5239 bootstraps=708
node=7711/7910 op=mul seconds=1088.23 eta_seconds=28.0842 bootstraps=708
node=7721/7910 op=mul seconds=1088.76 eta_seconds=26.6515 bootstraps=708
node=7731/7910 op=mul seconds=1089.27 eta_seconds=25.2204 bootstraps=708
node=7741/7910 op=mul seconds=1091.99 eta_seconds=23.8401 bootstraps=710
node=7751/7910 op=gather seconds=1092.68 eta_seconds=22.4147 bootstraps=710
node=7761/7910 op=addp seconds=1094.81 eta_seconds=21.0188 bootstraps=712
node=7771/7910 op=gather seconds=1097.14 eta_seconds=19.6246 bootstraps=714
node=7781/7910 op=cheb seconds=1099.69 eta_seconds=18.2316 bootstraps=716
node=7791/7910 op=mulp seconds=1100.21 eta_seconds=16.8047 bootstraps=716
node=7801/7910 op=cheb seconds=1100.46 eta_seconds=15.3762 bootstraps=716
node=7811/7910 op=mul seconds=1100.81 eta_seconds=13.9522 bootstraps=716
node=7821/7910 op=gather seconds=1103.27 eta_seconds=12.5548 bootstraps=718
node=7831/7910 op=mul seconds=1104.39 eta_seconds=11.1412 bootstraps=718
node=7841/7910 op=mulp seconds=1105.44 eta_seconds=9.72773 bootstraps=718
node=7851/7910 op=mulp seconds=1105.47 eta_seconds=8.3076 bootstraps=718
node=7861/7910 op=repeat seconds=1106.16 eta_seconds=6.89506 bootstraps=718
node=7871/7910 op=sum seconds=1106.7 eta_seconds=5.48358 bootstraps=718
node=7881/7910 op=add seconds=1107.2 eta_seconds=4.07422 bootstraps=718
node=7891/7910 op=cheb seconds=1111.04 eta_seconds=2.67517 bootstraps=722
node=7901/7910 op=add seconds=1113.88 eta_seconds=1.26882 bootstraps=724
node=7910/7910 op=mulp seconds=1115.45 eta_seconds=0 bootstraps=726
client_token=315 logit_margin=0.674918
passed=1 polynomial_error=8.65769e-05 exact_error=8.83435e-05 eval_seconds=1115.51
