-- The CXX compiler identification is GNU 13.3.0
-- Detecting CXX compiler ABI info
-- Detecting CXX compiler ABI info - done
-- Check for working CXX compiler: /usr/bin/c++ - skipped
-- Detecting CXX compile features
-- Detecting CXX compile features - done
-- Using FIDESlib.
-- Found CUDAToolkit: /usr/local/cuda/targets/sbsa-linux/include (found version "13.0.88") 
-- Performing Test CMAKE_HAVE_LIBC_PTHREAD
-- Performing Test CMAKE_HAVE_LIBC_PTHREAD - Success
-- Found Threads: TRUE  
-- FOUND PACKAGE FIDESlib
-- FIDESlib Version: 1.0
-- FIDESlib header files location: /home/kataiwa/fhemamba/spark/install-2a70798e869944af/include/fideslib/fideslib
-- FIDESlib lib files location: /home/kataiwa/fhemamba/spark/install-2a70798e869944af/lib
-- FIDESlib C++ compiler: /usr/bin/g++
-- Configuring done (0.3s)
-- Generating done (0.0s)
-- Build files have been written to: /home/kataiwa/fhemamba/coefficient-ownership-20260924/build
[ 25%] Building CXX object CMakeFiles/fideslib_plaintext_encoder.dir/src/fideslib_plaintext_encoder.cpp.o
[ 50%] Linking CXX static library libfideslib_plaintext_encoder.a
[ 50%] Built target fideslib_plaintext_encoder
[ 75%] Building CXX object CMakeFiles/packed_plaintext_probe.dir/src/packed_plaintext_probe.cpp.o
[100%] Linking CXX executable packed_plaintext_probe
[100%] Built target packed_plaintext_probe
