GPU 0: NVIDIA GB10
 SMs: 48, SharedMem: 100 KB, Blocks/SM: 24, Threads/SM: 1536, L2 size: 24 MB, Bus: 256-bit
Adding bootstrap precomputation to GPU for 32768 slots.
Plaintexts loaded: 248 ~ 6262MB
Rotation keys loaded: 85 ~ 15300MB
setup_seconds=26.908
planned_logical_refreshes=4
node=1/127 op=public seconds=0.199587 eta_seconds=25.1479 bootstraps=0
node=11/127 op=mulp seconds=0.912239 eta_seconds=9.61997 bootstraps=0
node=21/127 op=addp seconds=2.64378 eta_seconds=13.3448 bootstraps=0
node=31/127 op=mulp seconds=3.61104 eta_seconds=11.1826 bootstraps=0
node=41/127 op=mul seconds=4.18436 eta_seconds=8.77696 bootstraps=0
node=51/127 op=repeat seconds=4.7361 eta_seconds=7.05772 bootstraps=0
node=61/127 op=mul seconds=5.16405 eta_seconds=5.58734 bootstraps=0
node=71/127 op=gather seconds=6.0028 eta_seconds=4.73461 bootstraps=0
node=81/127 op=scatter seconds=6.41797 eta_seconds=3.64477 bootstraps=0
node=91/127 op=mul seconds=6.81858 eta_seconds=2.69746 bootstraps=0
node=101/127 op=linear seconds=9.25568 eta_seconds=2.38265 bootstraps=2
node=111/127 op=mulp seconds=10.7205 eta_seconds=1.5453 bootstraps=4
node=121/127 op=sum seconds=13.1365 eta_seconds=0.651398 bootstraps=6
node=127/127 op=mulp seconds=14.6649 eta_seconds=0 bootstraps=8
passed=1 polynomial_error=9.89237e-06 exact_error=9.30226e-06 eval_seconds=14.6653
