GPU 0: NVIDIA GB10
 SMs: 48, SharedMem: 100 KB, Blocks/SM: 24, Threads/SM: 1536, L2 size: 24 MB, Bus: 256-bit
Adding bootstrap precomputation to GPU for 32768 slots.
Plaintexts loaded: 248 ~ 6262MB
Rotation keys loaded: 85 ~ 15300MB
setup_seconds=26.434
planned_logical_refreshes=15
node=1/402 op=public seconds=0.168507 eta_seconds=67.5715 bootstraps=0
node=11/402 op=mulp seconds=1.02329 eta_seconds=36.3734 bootstraps=0
node=21/402 op=addp seconds=4.50023 eta_seconds=81.6471 bootstraps=0
node=31/402 op=mulp seconds=5.97101 eta_seconds=71.4595 bootstraps=0
node=41/402 op=mul seconds=6.75223 eta_seconds=59.4525 bootstraps=0
node=51/402 op=repeat seconds=7.42662 eta_seconds=51.1126 bootstraps=0
node=61/402 op=mul seconds=8.45172 eta_seconds=47.2465 bootstraps=0
node=71/402 op=gather seconds=10.4437 eta_seconds=48.6884 bootstraps=0
node=81/402 op=scatter seconds=11.4479 eta_seconds=45.3677 bootstraps=0
node=91/402 op=mul seconds=12.3235 eta_seconds=42.1166 bootstraps=0
node=101/402 op=linear seconds=16.0969 eta_seconds=47.9719 bootstraps=2
node=111/402 op=mulp seconds=17.6335 eta_seconds=46.2283 bootstraps=4
node=121/402 op=sum seconds=21.4132 eta_seconds=49.7283 bootstraps=6
node=131/402 op=sum seconds=23.3375 eta_seconds=48.2783 bootstraps=8
node=141/402 op=gather seconds=27.2542 eta_seconds=50.4492 bootstraps=8
node=151/402 op=cheb seconds=29.3776 eta_seconds=48.8329 bootstraps=8
node=161/402 op=mul seconds=30.9041 eta_seconds=46.2602 bootstraps=8
node=171/402 op=mulp seconds=31.4582 eta_seconds=42.4962 bootstraps=8
node=181/402 op=gather seconds=33.8931 eta_seconds=41.3833 bootstraps=10
node=191/402 op=scatter seconds=34.9541 eta_seconds=38.6143 bootstraps=10
node=201/402 op=mulp seconds=37.0223 eta_seconds=37.0223 bootstraps=10
node=211/402 op=scatter seconds=38.7111 eta_seconds=35.0418 bootstraps=10
node=221/402 op=mul seconds=38.7844 eta_seconds=31.7646 bootstraps=10
node=231/402 op=mul seconds=42.1462 eta_seconds=31.1991 bootstraps=12
node=241/402 op=addp seconds=43.564 eta_seconds=29.1029 bootstraps=12
node=251/402 op=linear_ref seconds=49.0762 eta_seconds=29.5239 bootstraps=16
node=261/402 op=mulp seconds=50.6707 eta_seconds=27.3738 bootstraps=18
client_token=6864 logit_margin=5.73049
node=271/402 op=mulp seconds=51.6093 eta_seconds=24.9477 bootstraps=18
node=281/402 op=addp seconds=55.2532 eta_seconds=23.7923 bootstraps=18
node=291/402 op=mulp seconds=58.2561 eta_seconds=22.2214 bootstraps=18
node=301/402 op=mul seconds=59.0324 eta_seconds=19.8082 bootstraps=18
node=311/402 op=repeat seconds=59.7069 eta_seconds=17.4705 bootstraps=18
node=321/402 op=mul seconds=60.7105 eta_seconds=15.3195 bootstraps=18
node=331/402 op=gather seconds=62.6227 eta_seconds=13.4327 bootstraps=18
node=341/402 op=scatter seconds=63.6106 eta_seconds=11.379 bootstraps=18
node=351/402 op=mul seconds=64.5028 eta_seconds=9.37219 bootstraps=18
node=361/402 op=add seconds=66.8337 eta_seconds=7.59053 bootstraps=20
node=371/402 op=repeat seconds=68.72 eta_seconds=5.7421 bootstraps=20
node=381/402 op=mulp seconds=71.0098 eta_seconds=3.91393 bootstraps=22
node=391/402 op=mul seconds=73.9059 eta_seconds=2.07919 bootstraps=24
node=401/402 op=mul seconds=76.4466 eta_seconds=0.19064 bootstraps=26
node=402/402 op=mulp seconds=76.455 eta_seconds=0 bootstraps=26
client_token=6864 logit_margin=5.21149
passed=1 polynomial_error=9.08269e-06 exact_error=2.28219e-05 eval_seconds=76.4562
