GPU 0: NVIDIA GB10
 SMs: 48, SharedMem: 100 KB, Blocks/SM: 24, Threads/SM: 1536, L2 size: 24 MB, Bus: 256-bit
Adding bootstrap precomputation to GPU for 32768 slots.
Plaintexts loaded: 248 ~ 6262MB
Rotation keys loaded: 85 ~ 15300MB
setup_seconds=26.4635
planned_logical_refreshes=4
node=1/127 op=public seconds=0.184909 eta_seconds=23.2986 bootstraps=0
node=11/127 op=mulp seconds=1.0117 eta_seconds=10.6688 bootstraps=0
node=21/127 op=addp seconds=3.85088 eta_seconds=19.4378 bootstraps=0
node=31/127 op=mulp seconds=5.14268 eta_seconds=15.9257 bootstraps=0
node=41/127 op=mul seconds=5.82923 eta_seconds=12.2272 bootstraps=0
node=51/127 op=repeat seconds=6.46003 eta_seconds=9.62672 bootstraps=0
node=61/127 op=mul seconds=7.25712 eta_seconds=7.85196 bootstraps=0
node=71/127 op=gather seconds=8.59322 eta_seconds=6.77775 bootstraps=0
node=81/127 op=scatter seconds=9.3329 eta_seconds=5.30017 bootstraps=0
node=91/127 op=mul seconds=9.8796 eta_seconds=3.90841 bootstraps=0
node=101/127 op=linear seconds=13.0501 eta_seconds=3.35943 bootstraps=2
node=111/127 op=mulp seconds=14.5554 eta_seconds=2.09807 bootstraps=4
node=121/127 op=sum seconds=17.7115 eta_seconds=0.878254 bootstraps=6
node=127/127 op=mulp seconds=19.3083 eta_seconds=0 bootstraps=8
passed=1 polynomial_error=7.30693e-06 exact_error=8.43277e-06 eval_seconds=19.3087
