GPU 0: NVIDIA GB10
 SMs: 48, SharedMem: 100 KB, Blocks/SM: 24, Threads/SM: 1536, L2 size: 24 MB, Bus: 256-bit
Adding bootstrap precomputation to GPU for 32768 slots.
Plaintexts loaded: 248 ~ 6262MB
Rotation keys loaded: 85 ~ 15300MB
setup_seconds=26.7489
planned_logical_refreshes=21
node=1/406 op=public seconds=0.198626 eta_seconds=80.4435 bootstraps=0
node=11/406 op=sum seconds=0.72402 eta_seconds=25.9989 bootstraps=0
node=21/406 op=gather seconds=2.96404 eta_seconds=54.3407 bootstraps=0
node=31/406 op=mulp seconds=3.21891 eta_seconds=38.9384 bootstraps=0
node=41/406 op=mul seconds=5.12995 eta_seconds=45.669 bootstraps=0
node=51/406 op=cheb_batch seconds=7.31547 eta_seconds=50.9214 bootstraps=2
node=61/406 op=repeat seconds=7.68581 eta_seconds=43.469 bootstraps=2
node=71/406 op=repeat seconds=8.08054 eta_seconds=38.1265 bootstraps=2
node=81/406 op=mulp seconds=8.19487 eta_seconds=32.8806 bootstraps=2
node=91/406 op=repeat seconds=9.36118 eta_seconds=32.4041 bootstraps=2
node=101/406 op=add seconds=9.75502 eta_seconds=29.4582 bootstraps=2
node=111/406 op=mul seconds=12.0461 eta_seconds=32.0143 bootstraps=4
node=121/406 op=gather seconds=13.8695 eta_seconds=32.6679 bootstraps=6
node=131/406 op=mul seconds=14.3055 eta_seconds=30.0305 bootstraps=6
node=141/406 op=scatter seconds=16.599 eta_seconds=31.1967 bootstraps=8
node=151/406 op=addp seconds=16.7127 eta_seconds=28.2234 bootstraps=8
node=161/406 op=add seconds=18.5431 eta_seconds=28.2177 bootstraps=10
node=171/406 op=cheb seconds=20.198 eta_seconds=27.7575 bootstraps=10
node=181/406 op=repeat seconds=20.3703 eta_seconds=25.3223 bootstraps=10
node=191/406 op=gather seconds=20.8231 eta_seconds=23.4396 bootstraps=10
node=201/406 op=scatter seconds=21.1088 eta_seconds=21.5288 bootstraps=10
node=211/406 op=add seconds=23.0592 eta_seconds=21.3106 bootstraps=12
node=221/406 op=gather seconds=25.4293 eta_seconds=21.287 bootstraps=14
node=231/406 op=mulp seconds=26.4045 eta_seconds=20.0034 bootstraps=14
node=241/406 op=scatter seconds=29.4151 eta_seconds=20.139 bootstraps=16
node=251/406 op=sum seconds=29.91 eta_seconds=18.4703 bootstraps=16
node=261/406 op=mul seconds=31.5485 eta_seconds=17.5269 bootstraps=18
client_token=6864 logit_margin=5.73046
node=271/406 op=mul seconds=32.2744 eta_seconds=16.0776 bootstraps=18
node=281/406 op=gather seconds=33.9614 eta_seconds=15.1074 bootstraps=18
node=291/406 op=mulp seconds=35.631 eta_seconds=14.081 bootstraps=18
node=301/406 op=cheb_batch seconds=36.7963 eta_seconds=12.8359 bootstraps=18
node=311/406 op=cheb seconds=37.2463 eta_seconds=11.3775 bootstraps=18
node=321/406 op=mul seconds=37.6685 eta_seconds=9.97452 bootstraps=18
node=331/406 op=gather seconds=39.5939 eta_seconds=8.97142 bootstraps=20
node=341/406 op=mul seconds=40.1627 eta_seconds=7.65565 bootstraps=20
node=351/406 op=mulp seconds=40.6681 eta_seconds=6.37249 bootstraps=20
node=361/406 op=sum seconds=40.792 eta_seconds=5.08487 bootstraps=20
node=371/406 op=add seconds=42.5845 eta_seconds=4.01741 bootstraps=22
node=381/406 op=add seconds=43.2845 eta_seconds=2.84019 bootstraps=22
node=391/406 op=linear_ref seconds=46.6766 eta_seconds=1.79066 bootstraps=26
node=401/406 op=mulp seconds=47.2391 eta_seconds=0.589016 bootstraps=26
node=406/406 op=mulp seconds=48.7611 eta_seconds=0 bootstraps=28
client_token=6864 logit_margin=5.21149
passed=1 polynomial_error=6.45159e-05 exact_error=6.60783e-05 eval_seconds=48.7634
