GPU 0: NVIDIA GB10
 SMs: 48, SharedMem: 100 KB, Blocks/SM: 24, Threads/SM: 1536, L2 size: 24 MB, Bus: 256-bit
Adding bootstrap precomputation to GPU for 32768 slots.
Plaintexts loaded: 248 ~ 6262MB
Rotation keys loaded: 85 ~ 15300MB
setup_seconds=25.9843
planned_logical_refreshes=4
node=1/127 op=public seconds=0.198824 eta_seconds=25.0519 bootstraps=0
node=11/127 op=mulp seconds=0.894972 eta_seconds=9.43789 bootstraps=0
node=21/127 op=addp seconds=2.52598 eta_seconds=12.7502 bootstraps=0
node=31/127 op=mulp seconds=3.46435 eta_seconds=10.7283 bootstraps=0
node=41/127 op=mul seconds=3.99753 eta_seconds=8.38507 bootstraps=0
node=51/127 op=repeat seconds=4.48498 eta_seconds=6.6835 bootstraps=0
node=61/127 op=mul seconds=4.91852 eta_seconds=5.32168 bootstraps=0
node=71/127 op=gather seconds=5.61583 eta_seconds=4.42939 bootstraps=0
node=81/127 op=scatter seconds=5.95414 eta_seconds=3.38136 bootstraps=0
node=91/127 op=mul seconds=6.27772 eta_seconds=2.48349 bootstraps=0
node=101/127 op=linear seconds=8.63813 eta_seconds=2.22368 bootstraps=2
node=111/127 op=mulp seconds=10.1031 eta_seconds=1.4563 bootstraps=4
node=121/127 op=sum seconds=12.4744 eta_seconds=0.618563 bootstraps=6
node=127/127 op=mulp seconds=14.0001 eta_seconds=0 bootstraps=8
passed=1 polynomial_error=1.60983e-05 exact_error=1.68289e-05 eval_seconds=14.0005
