GPU 0: NVIDIA GB10
 SMs: 48, SharedMem: 100 KB, Blocks/SM: 24, Threads/SM: 1536, L2 size: 24 MB, Bus: 256-bit
Adding bootstrap precomputation to GPU for 32768 slots.
Plaintexts loaded: 248 ~ 4960MB
Rotation keys loaded: 85 ~ 15300MB
setup_seconds=26.3314
planned_logical_refreshes=1212
node=10/7814 op=public seconds=1.42195 eta_seconds=1109.69 bootstraps=0
node=20/7814 op=repeat seconds=2.33932 eta_seconds=911.633 bootstraps=0
node=30/7814 op=gather seconds=3.38476 eta_seconds=878.234 bootstraps=0
node=40/7814 op=cheb seconds=4.31674 eta_seconds=838.958 bootstraps=0
node=50/7814 op=mul seconds=4.72035 eta_seconds=732.975 bootstraps=0
node=60/7814 op=repeat seconds=5.0719 eta_seconds=655.459 bootstraps=0
node=70/7814 op=add seconds=5.30727 eta_seconds=587.136 bootstraps=0
node=80/7814 op=mulp seconds=5.8203 eta_seconds=562.677 bootstraps=0
node=90/7814 op=mul seconds=6.11917 eta_seconds=525.161 bootstraps=0
node=100/7814 op=repeat seconds=6.85935 eta_seconds=529.13 bootstraps=0
node=110/7814 op=gather seconds=7.86932 eta_seconds=551.138 bootstraps=0
node=120/7814 op=repeat seconds=9.91379 eta_seconds=635.639 bootstraps=0
node=130/7814 op=cheb seconds=10.4198 eta_seconds=615.892 bootstraps=0
node=140/7814 op=mul seconds=10.7539 eta_seconds=589.466 bootstraps=0
node=150/7814 op=mulp seconds=11.0377 eta_seconds=563.952 bootstraps=0
node=160/7814 op=gather seconds=11.4468 eta_seconds=547.584 bootstraps=0
node=170/7814 op=scatter seconds=11.6881 eta_seconds=525.551 bootstraps=0
node=180/7814 op=add seconds=11.8781 eta_seconds=503.766 bootstraps=0
node=190/7814 op=repeat seconds=13.3502 eta_seconds=535.693 bootstraps=2
node=200/7814 op=mul seconds=13.611 eta_seconds=518.172 bootstraps=2
node=210/7814 op=mul seconds=13.831 eta_seconds=500.813 bootstraps=2
node=220/7814 op=mul seconds=15.3899 eta_seconds=531.23 bootstraps=4
node=230/7814 op=mulp seconds=16.2542 eta_seconds=535.964 bootstraps=4
node=240/7814 op=mul seconds=17.7955 eta_seconds=561.597 bootstraps=6
node=250/7814 op=linear_ref seconds=18.6871 eta_seconds=565.398 bootstraps=6
node=260/7814 op=mulp seconds=19.8051 eta_seconds=575.413 bootstraps=8
node=270/7814 op=mul seconds=20.2223 eta_seconds=565.025 bootstraps=8
node=280/7814 op=repeat seconds=20.5066 eta_seconds=551.775 bootstraps=8
node=290/7814 op=gather seconds=20.9214 eta_seconds=542.803 bootstraps=8
node=300/7814 op=addp seconds=20.968 eta_seconds=525.178 bootstraps=8
node=310/7814 op=cheb seconds=23.0623 eta_seconds=558.257 bootstraps=10
node=320/7814 op=repeat seconds=23.4964 eta_seconds=550.256 bootstraps=10
node=330/7814 op=mul seconds=23.726 eta_seconds=538.078 bootstraps=10
node=340/7814 op=add seconds=24.0822 eta_seconds=529.384 bootstraps=10
node=350/7814 op=mulp seconds=25.022 eta_seconds=533.613 bootstraps=10
node=360/7814 op=add seconds=26.8185 eta_seconds=555.292 bootstraps=12
node=370/7814 op=linear seconds=27.4476 eta_seconds=552.216 bootstraps=12
node=380/7814 op=cheb seconds=27.7208 eta_seconds=542.307 bootstraps=12
node=390/7814 op=mul seconds=28.2137 eta_seconds=537.074 bootstraps=12
node=400/7814 op=gather seconds=28.5217 eta_seconds=528.65 bootstraps=12
node=410/7814 op=scatter seconds=28.7698 eta_seconds=519.541 bootstraps=12
node=420/7814 op=gather seconds=29.0725 eta_seconds=511.814 bootstraps=12
node=430/7814 op=gather seconds=31.0486 eta_seconds=533.17 bootstraps=14
node=440/7814 op=add seconds=31.6464 eta_seconds=530.365 bootstraps=14
node=450/7814 op=mul seconds=31.9438 eta_seconds=522.742 bootstraps=14
node=460/7814 op=scatter seconds=32.4582 eta_seconds=518.908 bootstraps=14
node=470/7814 op=addp seconds=33.9546 eta_seconds=530.558 bootstraps=16
node=480/7814 op=cheb seconds=35.6528 eta_seconds=544.744 bootstraps=18
node=490/7814 op=gather seconds=36.238 eta_seconds=541.647 bootstraps=18
node=500/7814 op=mulp seconds=36.3347 eta_seconds=531.504 bootstraps=18
node=510/7814 op=mulp seconds=36.9094 eta_seconds=528.601 bootstraps=18
node=520/7814 op=cheb seconds=38.81 eta_seconds=544.385 bootstraps=20
node=530/7814 op=addp seconds=39.1518 eta_seconds=538.078 bootstraps=20
node=540/7814 op=mul seconds=39.3918 eta_seconds=530.622 bootstraps=20
node=550/7814 op=mul seconds=39.7549 eta_seconds=525.054 bootstraps=20
node=560/7814 op=mulp seconds=40.2337 eta_seconds=521.17 bootstraps=20
node=570/7814 op=addp seconds=40.7844 eta_seconds=518.32 bootstraps=20
node=580/7814 op=mulp seconds=40.8701 eta_seconds=509.748 bootstraps=20
node=590/7814 op=add seconds=42.8688 eta_seconds=524.889 bootstraps=22
node=600/7814 op=mul seconds=43.4311 eta_seconds=522.186 bootstraps=22
node=610/7814 op=repeat seconds=44.786 eta_seconds=528.916 bootstraps=22
node=620/7814 op=cheb seconds=45.1753 eta_seconds=524.18 bootstraps=22
node=630/7814 op=mul seconds=45.4678 eta_seconds=518.477 bootstraps=22
node=640/7814 op=gather seconds=45.8326 eta_seconds=513.754 bootstraps=22
node=650/7814 op=mulp seconds=45.9995 eta_seconds=506.985 bootstraps=22
node=660/7814 op=gather seconds=48.0387 eta_seconds=520.71 bootstraps=24
node=670/7814 op=add seconds=48.6522 eta_seconds=518.763 bootstraps=24
node=680/7814 op=mul seconds=49.0134 eta_seconds=514.208 bootstraps=24
node=690/7814 op=add seconds=49.5411 eta_seconds=511.494 bootstraps=24
node=700/7814 op=sum seconds=50.984 eta_seconds=518.143 bootstraps=26
node=710/7814 op=gather seconds=51.6323 eta_seconds=516.614 bootstraps=26
node=720/7814 op=gather seconds=53.0793 eta_seconds=522.979 bootstraps=28
node=730/7814 op=sum seconds=53.1399 eta_seconds=515.676 bootstraps=28
node=740/7814 op=sum seconds=53.6691 eta_seconds=513.048 bootstraps=28
node=750/7814 op=add seconds=55.4486 eta_seconds=522.252 bootstraps=30
node=760/7814 op=mulp seconds=55.8164 eta_seconds=518.064 bootstraps=30
node=770/7814 op=add seconds=56.0814 eta_seconds=513.036 bootstraps=30
node=780/7814 op=mulp seconds=56.4645 eta_seconds=509.194 bootstraps=30
node=790/7814 op=repeat seconds=56.9451 eta_seconds=506.307 bootstraps=30
node=800/7814 op=gather seconds=57.3644 eta_seconds=502.942 bootstraps=30
node=810/7814 op=addp seconds=57.415 eta_seconds=496.462 bootstraps=30
node=820/7814 op=scatter seconds=59.4338 eta_seconds=506.927 bootstraps=32
node=830/7814 op=cheb seconds=60.255 eta_seconds=507.013 bootstraps=32
node=840/7814 op=cheb seconds=60.7727 eta_seconds=504.558 bootstraps=32
node=850/7814 op=repeat seconds=61.0991 eta_seconds=500.582 bootstraps=32
node=860/7814 op=mul seconds=61.3454 eta_seconds=496.041 bootstraps=32
node=870/7814 op=add seconds=61.7289 eta_seconds=492.696 bootstraps=32
node=880/7814 op=mul seconds=61.9157 eta_seconds=487.867 bootstraps=32
node=890/7814 op=addp seconds=63.537 eta_seconds=494.304 bootstraps=34
node=900/7814 op=add seconds=64.1351 eta_seconds=492.7 bootstraps=34
node=910/7814 op=repeat seconds=64.4956 eta_seconds=489.316 bootstraps=34
node=920/7814 op=gather seconds=65.8984 eta_seconds=493.808 bootstraps=36
node=930/7814 op=linear seconds=67.7791 eta_seconds=501.711 bootstraps=38
node=940/7814 op=mulp seconds=67.9961 eta_seconds=497.239 bootstraps=38
node=950/7814 op=gather seconds=69.8024 eta_seconds=504.341 bootstraps=40
node=960/7814 op=addp seconds=69.8594 eta_seconds=498.767 bootstraps=40
node=970/7814 op=mul seconds=70.3722 eta_seconds=496.523 bootstraps=40
node=980/7814 op=mul seconds=72.2903 eta_seconds=504.114 bootstraps=42
node=990/7814 op=repeat seconds=72.7581 eta_seconds=501.517 bootstraps=42
node=1000/7814 op=mul seconds=73.0131 eta_seconds=497.511 bootstraps=42
node=1010/7814 op=cheb seconds=73.6541 eta_seconds=496.181 bootstraps=42
node=1020/7814 op=gather seconds=74.2346 eta_seconds=494.46 bootstraps=42
node=1030/7814 op=sum seconds=74.2962 eta_seconds=489.345 bootstraps=42
node=1040/7814 op=scatter seconds=75.8321 eta_seconds=493.93 bootstraps=44
node=1050/7814 op=scatter seconds=76.1181 eta_seconds=490.346 bootstraps=44
node=1060/7814 op=mul seconds=76.4658 eta_seconds=487.217 bootstraps=44
node=1070/7814 op=cheb seconds=79.0259 eta_seconds=498.085 bootstraps=46
node=1080/7814 op=cheb seconds=79.9221 eta_seconds=498.329 bootstraps=46
node=1090/7814 op=repeat seconds=80.5231 eta_seconds=496.731 bootstraps=46
node=1100/7814 op=addp seconds=80.7399 eta_seconds=492.807 bootstraps=46
node=1110/7814 op=mul seconds=81.2848 eta_seconds=490.931 bootstraps=46
node=1120/7814 op=cheb seconds=82.8874 eta_seconds=495.4 bootstraps=48
node=1130/7814 op=mulp seconds=83.2752 eta_seconds=492.576 bootstraps=48
node=1140/7814 op=mulp seconds=83.6144 eta_seconds=489.511 bootstraps=48
node=1150/7814 op=sum seconds=84.0201 eta_seconds=486.878 bootstraps=48
node=1160/7814 op=add seconds=84.399 eta_seconds=484.13 bootstraps=48
node=1170/7814 op=mulp seconds=85.7658 eta_seconds=487.032 bootstraps=50
node=1180/7814 op=cheb seconds=86.3428 eta_seconds=485.422 bootstraps=50
node=1190/7814 op=mulp seconds=86.3934 eta_seconds=480.899 bootstraps=50
node=1200/7814 op=cheb seconds=88.6264 eta_seconds=488.479 bootstraps=52
node=1210/7814 op=mul seconds=89.0859 eta_seconds=486.218 bootstraps=52
node=1220/7814 op=gather seconds=89.4041 eta_seconds=483.222 bootstraps=52
node=1230/7814 op=scatter seconds=89.6687 eta_seconds=479.983 bootstraps=52
node=1240/7814 op=gather seconds=89.9703 eta_seconds=476.988 bootstraps=52
node=1250/7814 op=sum seconds=90.7481 eta_seconds=476.536 bootstraps=52
node=1260/7814 op=add seconds=92.3069 eta_seconds=480.142 bootstraps=54
node=1270/7814 op=linear seconds=92.9387 eta_seconds=478.891 bootstraps=54
node=1280/7814 op=mulp seconds=93.1501 eta_seconds=475.502 bootstraps=54
node=1290/7814 op=addp seconds=93.7013 eta_seconds=473.882 bootstraps=54
node=1300/7814 op=mulp seconds=93.7868 eta_seconds=469.944 bootstraps=54
node=1310/7814 op=cheb seconds=96.2587 eta_seconds=477.914 bootstraps=56
node=1320/7814 op=cheb seconds=96.948 eta_seconds=476.955 bootstraps=56
node=1330/7814 op=repeat seconds=97.1823 eta_seconds=473.782 bootstraps=56
node=1340/7814 op=add seconds=97.4009 eta_seconds=470.577 bootstraps=56
node=1350/7814 op=mul seconds=97.7693 eta_seconds=468.134 bootstraps=56
node=1360/7814 op=add seconds=97.9477 eta_seconds=464.819 bootstraps=56
node=1370/7814 op=addp seconds=99.6888 eta_seconds=468.901 bootstraps=58
node=1380/7814 op=add seconds=100.287 eta_seconds=467.571 bootstraps=58
node=1390/7814 op=repeat seconds=100.835 eta_seconds=466.02 bootstraps=58
node=1400/7814 op=addp seconds=101.142 eta_seconds=463.376 bootstraps=58
node=1410/7814 op=gather seconds=102.738 eta_seconds=466.62 bootstraps=60
node=1420/7814 op=sum seconds=102.847 eta_seconds=463.103 bootstraps=60
node=1430/7814 op=gather seconds=103.522 eta_seconds=462.156 bootstraps=60
node=1440/7814 op=cheb seconds=105.602 eta_seconds=467.437 bootstraps=62
node=1450/7814 op=repeat seconds=105.792 eta_seconds=464.316 bootstraps=62
node=1460/7814 op=mul seconds=106.545 eta_seconds=463.69 bootstraps=62
node=1470/7814 op=addp seconds=107.252 eta_seconds=462.862 bootstraps=62
node=1480/7814 op=add seconds=108.55 eta_seconds=464.566 bootstraps=64
node=1490/7814 op=scatter seconds=108.755 eta_seconds=461.589 bootstraps=64
node=1500/7814 op=add seconds=109.127 eta_seconds=459.353 bootstraps=64
node=1510/7814 op=gather seconds=109.814 eta_seconds=458.455 bootstraps=64
node=1520/7814 op=addp seconds=109.927 eta_seconds=455.183 bootstraps=64
node=1530/7814 op=sum seconds=111.735 eta_seconds=458.915 bootstraps=66
node=1540/7814 op=cheb seconds=112.74 eta_seconds=459.308 bootstraps=66
node=1550/7814 op=cheb seconds=113.368 eta_seconds=458.155 bootstraps=66
node=1560/7814 op=repeat seconds=113.691 eta_seconds=455.785 bootstraps=66
node=1570/7814 op=gather seconds=114.394 eta_seconds=454.953 bootstraps=66
node=1580/7814 op=add seconds=116.334 eta_seconds=459.003 bootstraps=68
node=1590/7814 op=mul seconds=116.38 eta_seconds=455.566 bootstraps=68
node=1600/7814 op=mulp seconds=116.723 eta_seconds=453.322 bootstraps=68
node=1610/7814 op=mul seconds=116.99 eta_seconds=450.812 bootstraps=68
node=1620/7814 op=sum seconds=117.294 eta_seconds=448.468 bootstraps=68
node=1630/7814 op=linear seconds=118.867 eta_seconds=450.964 bootstraps=70
node=1640/7814 op=cheb seconds=119.033 eta_seconds=448.114 bootstraps=70
node=1650/7814 op=mulp seconds=119.176 eta_seconds=445.214 bootstraps=70
node=1660/7814 op=repeat seconds=119.878 eta_seconds=444.417 bootstraps=70
node=1670/7814 op=add seconds=121.638 eta_seconds=447.512 bootstraps=72
node=1680/7814 op=mulp seconds=122.011 eta_seconds=445.487 bootstraps=72
node=1690/7814 op=add seconds=122.219 eta_seconds=442.882 bootstraps=72
node=1700/7814 op=mulp seconds=122.519 eta_seconds=440.637 bootstraps=72
node=1710/7814 op=linear_ref seconds=123.203 eta_seconds=439.786 bootstraps=72
node=1720/7814 op=scatter seconds=124.589 eta_seconds=441.421 bootstraps=74
node=1730/7814 op=repeat seconds=125.139 eta_seconds=440.085 bootstraps=74
node=1740/7814 op=addp seconds=125.445 eta_seconds=437.904 bootstraps=74
node=1750/7814 op=gather seconds=126.124 eta_seconds=437.037 bootstraps=74
node=1760/7814 op=mulp seconds=126.375 eta_seconds=434.703 bootstraps=74
node=1770/7814 op=cheb seconds=127.861 eta_seconds=436.605 bootstraps=76
node=1780/7814 op=cheb seconds=129.557 eta_seconds=439.185 bootstraps=76
node=1790/7814 op=mulp seconds=129.805 eta_seconds=436.841 bootstraps=76
node=1800/7814 op=gather seconds=130.164 eta_seconds=434.893 bootstraps=76
node=1810/7814 op=gather seconds=130.385 eta_seconds=432.503 bootstraps=76
node=1820/7814 op=scatter seconds=130.599 eta_seconds=430.114 bootstraps=76
node=1830/7814 op=mulp seconds=132.224 eta_seconds=432.364 bootstraps=78
node=1840/7814 op=scatter seconds=132.859 eta_seconds=431.359 bootstraps=78
node=1850/7814 op=add seconds=133.171 eta_seconds=429.316 bootstraps=78
node=1860/7814 op=mul seconds=133.675 eta_seconds=427.904 bootstraps=78
node=1870/7814 op=gather seconds=135.244 eta_seconds=429.886 bootstraps=80
node=1880/7814 op=cheb seconds=135.493 eta_seconds=427.667 bootstraps=80
node=1890/7814 op=mulp seconds=135.562 eta_seconds=424.904 bootstraps=80
node=1900/7814 op=mulp seconds=137.502 eta_seconds=427.992 bootstraps=82
node=1910/7814 op=mul seconds=137.933 eta_seconds=426.365 bootstraps=82
node=1920/7814 op=mulp seconds=138.143 eta_seconds=424.071 bootstraps=82
node=1930/7814 op=mul seconds=138.445 eta_seconds=422.076 bootstraps=82
node=1940/7814 op=cheb seconds=138.976 eta_seconds=420.795 bootstraps=82
node=1950/7814 op=scatter seconds=140.57 eta_seconds=422.72 bootstraps=84
node=1960/7814 op=sum seconds=141.076 eta_seconds=421.356 bootstraps=84
node=1970/7814 op=sum seconds=141.516 eta_seconds=419.806 bootstraps=84
node=1980/7814 op=gather seconds=142.177 eta_seconds=418.919 bootstraps=84
node=1990/7814 op=repeat seconds=142.431 eta_seconds=416.843 bootstraps=84
node=2000/7814 op=addp seconds=142.493 eta_seconds=414.226 bootstraps=84
node=2010/7814 op=mul seconds=145.264 eta_seconds=419.46 bootstraps=86
node=2020/7814 op=mulp seconds=145.768 eta_seconds=418.108 bootstraps=86
node=2030/7814 op=gather seconds=146.084 eta_seconds=416.232 bootstraps=86
node=2040/7814 op=gather seconds=146.307 eta_seconds=414.107 bootstraps=86
node=2050/7814 op=scatter seconds=146.524 eta_seconds=411.983 bootstraps=86
node=2060/7814 op=sum seconds=148.354 eta_seconds=414.382 bootstraps=88
node=2070/7814 op=scatter seconds=148.969 eta_seconds=413.372 bootstraps=88
node=2080/7814 op=repeat seconds=149.339 eta_seconds=411.686 bootstraps=88
node=2090/7814 op=linear_ref seconds=149.845 eta_seconds=410.388 bootstraps=88
node=2100/7814 op=mulp seconds=150.958 eta_seconds=410.748 bootstraps=90
node=2110/7814 op=mul seconds=151.5 eta_seconds=409.552 bootstraps=90
node=2120/7814 op=repeat seconds=151.681 eta_seconds=407.392 bootstraps=90
node=2130/7814 op=repeat seconds=154.087 eta_seconds=411.189 bootstraps=92
node=2140/7814 op=cheb seconds=154.607 eta_seconds=409.927 bootstraps=92
node=2150/7814 op=gather seconds=154.958 eta_seconds=408.224 bootstraps=92
node=2160/7814 op=linear_ref seconds=156.054 eta_seconds=408.485 bootstraps=92
node=2170/7814 op=add seconds=157.182 eta_seconds=408.819 bootstraps=94
node=2180/7814 op=mul seconds=157.564 eta_seconds=407.208 bootstraps=94
node=2190/7814 op=add seconds=157.829 eta_seconds=405.311 bootstraps=94
node=2200/7814 op=mul seconds=158.39 eta_seconds=404.184 bootstraps=94
node=2210/7814 op=gather seconds=159.075 eta_seconds=403.373 bootstraps=94
node=2220/7814 op=sum seconds=159.162 eta_seconds=401.061 bootstraps=94
node=2230/7814 op=mul seconds=160.632 eta_seconds=402.229 bootstraps=96
node=2240/7814 op=repeat seconds=163.119 eta_seconds=405.905 bootstraps=96
node=2250/7814 op=mulp seconds=163.579 eta_seconds=404.513 bootstraps=96
node=2260/7814 op=gather seconds=164.04 eta_seconds=403.133 bootstraps=96
node=2270/7814 op=mul seconds=164.533 eta_seconds=401.837 bootstraps=96
node=2280/7814 op=addp seconds=166.529 eta_seconds=404.197 bootstraps=98
node=2290/7814 op=scatter seconds=166.871 eta_seconds=402.531 bootstraps=98
node=2300/7814 op=add seconds=166.98 eta_seconds=400.316 bootstraps=98
node=2310/7814 op=sum seconds=167.39 eta_seconds=398.837 bootstraps=98
node=2320/7814 op=add seconds=167.77 eta_seconds=397.296 bootstraps=98
node=2330/7814 op=mulp seconds=169.149 eta_seconds=398.118 bootstraps=100
node=2340/7814 op=cheb seconds=169.726 eta_seconds=397.044 bootstraps=100
node=2350/7814 op=mulp seconds=169.777 eta_seconds=394.749 bootstraps=100
node=2360/7814 op=cheb seconds=172.088 eta_seconds=397.699 bootstraps=102
node=2370/7814 op=mul seconds=172.537 eta_seconds=396.325 bootstraps=102
node=2380/7814 op=gather seconds=172.813 eta_seconds=394.565 bootstraps=102
node=2390/7814 op=cheb seconds=173.777 eta_seconds=394.378 bootstraps=102
node=2400/7814 op=mul seconds=175.201 eta_seconds=395.224 bootstraps=104
node=2410/7814 op=add seconds=175.538 eta_seconds=393.613 bootstraps=104
node=2420/7814 op=add seconds=175.744 eta_seconds=391.721 bootstraps=104
node=2430/7814 op=cheb seconds=176.155 eta_seconds=390.296 bootstraps=104
node=2440/7814 op=gather seconds=176.735 eta_seconds=389.252 bootstraps=104
node=2450/7814 op=sum seconds=176.843 eta_seconds=387.179 bootstraps=104
node=2460/7814 op=addp seconds=178.645 eta_seconds=388.808 bootstraps=106
node=2470/7814 op=cheb seconds=179.69 eta_seconds=388.77 bootstraps=106
node=2480/7814 op=cheb seconds=180.47 eta_seconds=388.156 bootstraps=106
node=2490/7814 op=repeat seconds=180.663 eta_seconds=386.285 bootstraps=106
node=2500/7814 op=mulp seconds=181.413 eta_seconds=385.61 bootstraps=106
node=2510/7814 op=scatter seconds=183.277 eta_seconds=387.292 bootstraps=108
node=2520/7814 op=add seconds=183.327 eta_seconds=385.132 bootstraps=108
node=2530/7814 op=mul seconds=183.67 eta_seconds=383.602 bootstraps=108
node=2540/7814 op=add seconds=183.933 eta_seconds=381.915 bootstraps=108
node=2550/7814 op=repeat seconds=184.295 eta_seconds=380.443 bootstraps=108
node=2560/7814 op=gather seconds=185.839 eta_seconds=381.406 bootstraps=110
node=2570/7814 op=mulp seconds=185.949 eta_seconds=379.424 bootstraps=110
node=2580/7814 op=scatter seconds=186.461 eta_seconds=378.271 bootstraps=110
node=2590/7814 op=gather seconds=186.991 eta_seconds=377.159 bootstraps=110
node=2600/7814 op=cheb seconds=189.013 eta_seconds=379.043 bootstraps=112
node=2610/7814 op=repeat seconds=189.212 eta_seconds=377.264 bootstraps=112
node=2620/7814 op=add seconds=189.43 eta_seconds=375.535 bootstraps=112
node=2630/7814 op=mul seconds=189.813 eta_seconds=374.141 bootstraps=112
node=2640/7814 op=mul seconds=190.662 eta_seconds=373.668 bootstraps=112
node=2650/7814 op=scatter seconds=192.115 eta_seconds=374.371 bootstraps=114
node=2660/7814 op=add seconds=192.496 eta_seconds=372.979 bootstraps=114
node=2670/7814 op=gather seconds=193.179 eta_seconds=372.177 bootstraps=114
node=2680/7814 op=addp seconds=193.292 eta_seconds=370.284 bootstraps=114
node=2690/7814 op=sum seconds=195.105 eta_seconds=371.642 bootstraps=116
node=2700/7814 op=cheb seconds=196.115 eta_seconds=371.457 bootstraps=116
node=2710/7814 op=cheb seconds=196.683 eta_seconds=370.431 bootstraps=116
node=2720/7814 op=repeat seconds=197.007 eta_seconds=368.953 bootstraps=116
node=2730/7814 op=mul seconds=197.252 eta_seconds=367.336 bootstraps=116
node=2740/7814 op=add seconds=197.633 eta_seconds=365.982 bootstraps=116
node=2750/7814 op=cheb seconds=197.945 eta_seconds=364.506 bootstraps=116
node=2760/7814 op=scatter seconds=199.82 eta_seconds=365.903 bootstraps=118
node=2770/7814 op=mul seconds=200.304 eta_seconds=364.741 bootstraps=118
node=2780/7814 op=sum seconds=200.606 eta_seconds=363.255 bootstraps=118
node=2790/7814 op=linear_ref seconds=202.213 eta_seconds=364.127 bootstraps=120
node=2800/7814 op=mulp seconds=202.4 eta_seconds=362.44 bootstraps=120
node=2810/7814 op=sum seconds=204.263 eta_seconds=363.749 bootstraps=122
client_token=315 logit_margin=1.89749
node=2820/7814 op=sum seconds=205.624 eta_seconds=364.144 bootstraps=124
node=2830/7814 op=gather seconds=206.903 eta_seconds=364.383 bootstraps=124
node=2840/7814 op=cheb seconds=208.34 eta_seconds=364.888 bootstraps=124
node=2850/7814 op=mul seconds=209.201 eta_seconds=364.376 bootstraps=124
node=2860/7814 op=mulp seconds=209.554 eta_seconds=362.982 bootstraps=124
node=2870/7814 op=gather seconds=209.979 eta_seconds=361.721 bootstraps=124
node=2880/7814 op=scatter seconds=210.22 eta_seconds=360.147 bootstraps=124
node=2890/7814 op=mul seconds=210.609 eta_seconds=358.836 bootstraps=124
node=2900/7814 op=mul seconds=210.913 eta_seconds=357.389 bootstraps=124
node=2910/7814 op=scatter seconds=212.176 eta_seconds=357.564 bootstraps=126
node=2920/7814 op=mul seconds=212.483 eta_seconds=356.127 bootstraps=126
node=2930/7814 op=mul seconds=212.697 eta_seconds=354.543 bootstraps=126
node=2940/7814 op=mul seconds=214.217 eta_seconds=355.134 bootstraps=128
node=2950/7814 op=scatter seconds=215.893 eta_seconds=355.967 bootstraps=130
node=2960/7814 op=gather seconds=217.364 eta_seconds=356.448 bootstraps=132
node=2970/7814 op=mulp seconds=217.425 eta_seconds=354.616 bootstraps=132
node=2980/7814 op=cheb seconds=219.34 eta_seconds=355.802 bootstraps=134
node=2990/7814 op=cheb seconds=220.067 eta_seconds=355.052 bootstraps=134
node=3000/7814 op=repeat seconds=220.299 eta_seconds=353.507 bootstraps=134
node=3010/7814 op=add seconds=220.503 eta_seconds=351.925 bootstraps=134
node=3020/7814 op=mul seconds=220.863 eta_seconds=350.602 bootstraps=134
node=3030/7814 op=scatter seconds=222.454 eta_seconds=351.227 bootstraps=136
node=3040/7814 op=mul seconds=222.812 eta_seconds=349.904 bootstraps=136
node=3050/7814 op=sum seconds=223.204 eta_seconds=348.637 bootstraps=136
node=3060/7814 op=add seconds=223.589 eta_seconds=347.367 bootstraps=136
node=3070/7814 op=repeat seconds=224.958 eta_seconds=347.622 bootstraps=138
node=3080/7814 op=mul seconds=226.731 eta_seconds=348.488 bootstraps=140
node=3090/7814 op=gather seconds=228.263 eta_seconds=348.969 bootstraps=142
node=3100/7814 op=mul seconds=228.374 eta_seconds=347.275 bootstraps=142
node=3110/7814 op=mul seconds=230.548 eta_seconds=348.713 bootstraps=144
node=3120/7814 op=cheb seconds=231.23 eta_seconds=347.883 bootstraps=144
node=3130/7814 op=repeat seconds=231.464 eta_seconds=346.383 bootstraps=144
node=3140/7814 op=add seconds=231.684 eta_seconds=344.87 bootstraps=144
node=3150/7814 op=mul seconds=232.054 eta_seconds=343.587 bootstraps=144
node=3160/7814 op=scatter seconds=233.61 eta_seconds=344.057 bootstraps=146
node=3170/7814 op=mul seconds=234.086 eta_seconds=342.932 bootstraps=146
node=3180/7814 op=mul seconds=234.365 eta_seconds=341.524 bootstraps=146
node=3190/7814 op=mul seconds=234.864 eta_seconds=340.442 bootstraps=146
node=3200/7814 op=cheb seconds=236.126 eta_seconds=340.464 bootstraps=148
node=3210/7814 op=add seconds=237.927 eta_seconds=341.251 bootstraps=150
node=3220/7814 op=linear_ref seconds=239.334 eta_seconds=341.46 bootstraps=152
node=3230/7814 op=mul seconds=239.386 eta_seconds=339.736 bootstraps=152
node=3240/7814 op=cheb seconds=241.276 eta_seconds=340.616 bootstraps=154
node=3250/7814 op=cheb seconds=241.797 eta_seconds=339.557 bootstraps=154
node=3260/7814 op=repeat seconds=242.119 eta_seconds=338.223 bootstraps=154
node=3270/7814 op=mul seconds=242.36 eta_seconds=336.785 bootstraps=154
node=3280/7814 op=add seconds=242.742 eta_seconds=335.547 bootstraps=154
node=3290/7814 op=mul seconds=242.929 eta_seconds=334.046 bootstraps=154
node=3300/7814 op=scatter seconds=244.511 eta_seconds=334.462 bootstraps=156
node=3310/7814 op=add seconds=244.89 eta_seconds=333.228 bootstraps=156
node=3320/7814 op=repeat seconds=245.188 eta_seconds=331.89 bootstraps=156
node=3330/7814 op=addp seconds=246.515 eta_seconds=331.944 bootstraps=158
node=3340/7814 op=linear_ref seconds=249.219 eta_seconds=333.834 bootstraps=162
node=3350/7814 op=mulp seconds=250.242 eta_seconds=333.457 bootstraps=164
node=3360/7814 op=addp seconds=250.665 eta_seconds=332.281 bootstraps=164
node=3370/7814 op=cheb seconds=252.092 eta_seconds=332.432 bootstraps=166
node=3380/7814 op=cheb seconds=253.509 eta_seconds=332.562 bootstraps=166
node=3390/7814 op=repeat seconds=253.937 eta_seconds=331.392 bootstraps=166
node=3400/7814 op=gather seconds=254.411 eta_seconds=330.285 bootstraps=166
node=3410/7814 op=cheb seconds=254.81 eta_seconds=329.087 bootstraps=166
node=3420/7814 op=scatter seconds=256.499 eta_seconds=329.549 bootstraps=168
node=3430/7814 op=scatter seconds=256.762 eta_seconds=328.176 bootstraps=168
node=3440/7814 op=mul seconds=257.06 eta_seconds=326.854 bootstraps=168
node=3450/7814 op=mul seconds=257.405 eta_seconds=325.599 bootstraps=168
node=3460/7814 op=mulp seconds=258.672 eta_seconds=325.508 bootstraps=170
node=3470/7814 op=mul seconds=260.31 eta_seconds=325.876 bootstraps=172
node=3480/7814 op=mul seconds=261.705 eta_seconds=325.928 bootstraps=174
node=3490/7814 op=gather seconds=262.253 eta_seconds=324.923 bootstraps=174
node=3500/7814 op=addp seconds=262.339 eta_seconds=323.352 bootstraps=174
node=3510/7814 op=mulp seconds=264.62 eta_seconds=324.479 bootstraps=176
node=3520/7814 op=mul seconds=265.027 eta_seconds=323.303 bootstraps=176
node=3530/7814 op=mulp seconds=265.293 eta_seconds=321.959 bootstraps=176
node=3540/7814 op=mul seconds=265.665 eta_seconds=320.749 bootstraps=176
node=3550/7814 op=mul seconds=265.838 eta_seconds=319.305 bootstraps=176
node=3560/7814 op=scatter seconds=267.334 eta_seconds=319.449 bootstraps=178
node=3570/7814 op=repeat seconds=267.888 eta_seconds=318.464 bootstraps=178
node=3580/7814 op=sum seconds=268.239 eta_seconds=317.242 bootstraps=178
node=3590/7814 op=sum seconds=268.668 eta_seconds=316.115 bootstraps=178
node=3600/7814 op=cheb seconds=271.21 eta_seconds=317.466 bootstraps=182
node=3610/7814 op=repeat seconds=272.602 eta_seconds=317.457 bootstraps=184
node=3620/7814 op=gather seconds=273.141 eta_seconds=316.451 bootstraps=184
node=3630/7814 op=mulp seconds=273.237 eta_seconds=314.937 bootstraps=184
node=3640/7814 op=mul seconds=275.594 eta_seconds=316.024 bootstraps=186
node=3650/7814 op=repeat seconds=275.948 eta_seconds=314.808 bootstraps=186
node=3660/7814 op=scatter seconds=276.372 eta_seconds=313.674 bootstraps=186
node=3670/7814 op=mul seconds=277.998 eta_seconds=313.903 bootstraps=188
node=3680/7814 op=scatter seconds=278.373 eta_seconds=312.716 bootstraps=188
node=3690/7814 op=scatter seconds=278.583 eta_seconds=311.348 bootstraps=188
node=3700/7814 op=mul seconds=278.781 eta_seconds=309.974 bootstraps=188
node=3710/7814 op=mul seconds=279.032 eta_seconds=308.665 bootstraps=188
node=3720/7814 op=scatter seconds=280.468 eta_seconds=308.666 bootstraps=190
node=3730/7814 op=gather seconds=280.999 eta_seconds=307.668 bootstraps=190
node=3740/7814 op=cheb seconds=283.335 eta_seconds=308.638 bootstraps=194
node=3750/7814 op=gather seconds=283.942 eta_seconds=307.717 bootstraps=194
node=3760/7814 op=addp seconds=284.184 eta_seconds=306.405 bootstraps=194
node=3770/7814 op=mul seconds=286.27 eta_seconds=307.076 bootstraps=196
node=3780/7814 op=repeat seconds=286.734 eta_seconds=306.001 bootstraps=196
node=3790/7814 op=addp seconds=286.931 eta_seconds=304.647 bootstraps=196
node=3800/7814 op=gather seconds=287.179 eta_seconds=303.351 bootstraps=196
node=3810/7814 op=add seconds=287.408 eta_seconds=302.042 bootstraps=196
node=3820/7814 op=scatter seconds=289.03 eta_seconds=302.195 bootstraps=198
node=3830/7814 op=sum seconds=289.367 eta_seconds=301.002 bootstraps=198
node=3840/7814 op=add seconds=289.738 eta_seconds=299.848 bootstraps=198
node=3850/7814 op=mul seconds=290.236 eta_seconds=298.83 bootstraps=198
node=3860/7814 op=gather seconds=291.736 eta_seconds=298.84 bootstraps=200
node=3870/7814 op=addp seconds=293.07 eta_seconds=298.674 bootstraps=202
node=3880/7814 op=gather seconds=294.584 eta_seconds=298.683 bootstraps=204
node=3890/7814 op=sum seconds=294.843 eta_seconds=297.42 bootstraps=204
node=3900/7814 op=cheb seconds=296.885 eta_seconds=297.951 bootstraps=206
node=3910/7814 op=mul seconds=297.391 eta_seconds=296.935 bootstraps=206
node=3920/7814 op=gather seconds=297.629 eta_seconds=295.655 bootstraps=206
node=3930/7814 op=scatter seconds=297.844 eta_seconds=294.357 bootstraps=206
node=3940/7814 op=gather seconds=298.089 eta_seconds=293.096 bootstraps=206
node=3950/7814 op=add seconds=299.866 eta_seconds=293.337 bootstraps=208
node=3960/7814 op=mul seconds=300.149 eta_seconds=292.115 bootstraps=208
node=3970/7814 op=mul seconds=300.694 eta_seconds=291.15 bootstraps=208
node=3980/7814 op=add seconds=301.196 eta_seconds=290.147 bootstraps=208
node=3990/7814 op=linear_ref seconds=302.695 eta_seconds=290.101 bootstraps=210
node=4000/7814 op=mulp seconds=304.026 eta_seconds=289.889 bootstraps=212
node=4010/7814 op=gather seconds=305.543 eta_seconds=289.847 bootstraps=214
node=4020/7814 op=mul seconds=305.657 eta_seconds=288.473 bootstraps=214
node=4030/7814 op=repeat seconds=308.958 eta_seconds=290.098 bootstraps=216
node=4040/7814 op=mulp seconds=309.416 eta_seconds=289.044 bootstraps=216
node=4050/7814 op=gather seconds=309.882 eta_seconds=287.999 bootstraps=216
node=4060/7814 op=mul seconds=310.375 eta_seconds=286.982 bootstraps=216
node=4070/7814 op=scatter seconds=311.929 eta_seconds=286.944 bootstraps=218
node=4080/7814 op=mul seconds=312.155 eta_seconds=285.683 bootstraps=218
node=4090/7814 op=add seconds=312.416 eta_seconds=284.459 bootstraps=218
node=4100/7814 op=repeat seconds=312.915 eta_seconds=283.455 bootstraps=218
node=4110/7814 op=linear_ref seconds=313.417 eta_seconds=282.457 bootstraps=218
node=4120/7814 op=mulp seconds=314.493 eta_seconds=281.975 bootstraps=220
node=4130/7814 op=sum seconds=316.321 eta_seconds=282.162 bootstraps=222
node=4140/7814 op=gather seconds=317.842 eta_seconds=282.066 bootstraps=224
node=4150/7814 op=mulp seconds=317.982 eta_seconds=280.744 bootstraps=224
node=4160/7814 op=cheb seconds=319.97 eta_seconds=281.051 bootstraps=226
node=4170/7814 op=repeat seconds=320.612 eta_seconds=280.17 bootstraps=226
node=4180/7814 op=addp seconds=320.788 eta_seconds=278.886 bootstraps=226
node=4190/7814 op=addp seconds=321.539 eta_seconds=278.105 bootstraps=226
node=4200/7814 op=add seconds=322.796 eta_seconds=277.759 bootstraps=228
node=4210/7814 op=mul seconds=323.137 eta_seconds=276.624 bootstraps=228
node=4220/7814 op=mul seconds=323.408 eta_seconds=275.433 bootstraps=228
node=4230/7814 op=mul seconds=323.708 eta_seconds=274.272 bootstraps=228
node=4240/7814 op=mul seconds=323.924 eta_seconds=273.043 bootstraps=228
node=4250/7814 op=mul seconds=325.397 eta_seconds=272.874 bootstraps=230
node=4260/7814 op=scatter seconds=327.14 eta_seconds=272.924 bootstraps=232
node=4270/7814 op=gather seconds=328.676 eta_seconds=272.794 bootstraps=234
node=4280/7814 op=sum seconds=328.796 eta_seconds=271.487 bootstraps=234
node=4290/7814 op=cheb seconds=330.668 eta_seconds=271.625 bootstraps=236
node=4300/7814 op=cheb seconds=331.354 eta_seconds=270.786 bootstraps=236
node=4310/7814 op=repeat seconds=331.544 eta_seconds=269.543 bootstraps=236
node=4320/7814 op=add seconds=331.762 eta_seconds=268.328 bootstraps=236
node=4330/7814 op=mul seconds=332.146 eta_seconds=267.251 bootstraps=236
node=4340/7814 op=scatter seconds=333.714 eta_seconds=267.125 bootstraps=238
node=4350/7814 op=mul seconds=334.073 eta_seconds=266.029 bootstraps=238
node=4360/7814 op=sum seconds=334.38 eta_seconds=264.896 bootstraps=238
node=4370/7814 op=add seconds=334.597 eta_seconds=263.696 bootstraps=238
node=4380/7814 op=repeat seconds=336.067 eta_seconds=263.483 bootstraps=240
node=4390/7814 op=mul seconds=337.925 eta_seconds=263.566 bootstraps=242
client_token=279 logit_margin=2.90222
node=4400/7814 op=mul seconds=339.219 eta_seconds=263.203 bootstraps=244
node=4410/7814 op=gather seconds=340.547 eta_seconds=262.862 bootstraps=244
node=4420/7814 op=cheb seconds=341.963 eta_seconds=262.584 bootstraps=244
node=4430/7814 op=cheb seconds=342.789 eta_seconds=261.851 bootstraps=244
node=4440/7814 op=mul seconds=343.189 eta_seconds=260.793 bootstraps=244
node=4450/7814 op=repeat seconds=343.539 eta_seconds=259.7 bootstraps=244
node=4460/7814 op=add seconds=343.775 eta_seconds=258.525 bootstraps=244
node=4470/7814 op=mulp seconds=344.293 eta_seconds=257.565 bootstraps=244
node=4480/7814 op=mulp seconds=344.588 eta_seconds=256.441 bootstraps=244
node=4490/7814 op=cheb seconds=344.775 eta_seconds=255.241 bootstraps=244
node=4500/7814 op=add seconds=346.117 eta_seconds=254.896 bootstraps=246
node=4510/7814 op=repeat seconds=346.416 eta_seconds=253.783 bootstraps=246
node=4520/7814 op=linear_ref seconds=347.857 eta_seconds=253.504 bootstraps=248
node=4530/7814 op=mulp seconds=348.091 eta_seconds=252.347 bootstraps=248
node=4540/7814 op=sum seconds=349.796 eta_seconds=252.254 bootstraps=250
node=4550/7814 op=gather seconds=351.249 eta_seconds=251.973 bootstraps=252
node=4560/7814 op=addp seconds=351.307 eta_seconds=250.691 bootstraps=252
node=4570/7814 op=cheb seconds=353.354 eta_seconds=250.827 bootstraps=254
node=4580/7814 op=repeat seconds=353.969 eta_seconds=249.943 bootstraps=254
node=4590/7814 op=addp seconds=354.185 eta_seconds=248.778 bootstraps=254
node=4600/7814 op=gather seconds=354.469 eta_seconds=247.666 bootstraps=254
node=4610/7814 op=add seconds=354.744 eta_seconds=246.551 bootstraps=254
node=4620/7814 op=add seconds=356.339 eta_seconds=246.352 bootstraps=256
node=4630/7814 op=mul seconds=356.703 eta_seconds=245.301 bootstraps=256
node=4640/7814 op=sum seconds=357.083 eta_seconds=244.263 bootstraps=256
node=4650/7814 op=add seconds=357.447 eta_seconds=243.218 bootstraps=256
node=4660/7814 op=mul seconds=358.789 eta_seconds=242.837 bootstraps=258
node=4670/7814 op=gather seconds=359.424 eta_seconds=241.977 bootstraps=258
node=4680/7814 op=addp seconds=360.852 eta_seconds=241.647 bootstraps=260
node=4690/7814 op=gather seconds=362.377 eta_seconds=241.379 bootstraps=262
node=4700/7814 op=mul seconds=362.482 eta_seconds=240.163 bootstraps=262
node=4710/7814 op=repeat seconds=365.127 eta_seconds=240.627 bootstraps=264
node=4720/7814 op=cheb seconds=365.516 eta_seconds=239.599 bootstraps=264
node=4730/7814 op=mul seconds=365.807 eta_seconds=238.509 bootstraps=264
node=4740/7814 op=gather seconds=366.172 eta_seconds=237.471 bootstraps=264
node=4750/7814 op=mulp seconds=366.338 eta_seconds=236.307 bootstraps=264
node=4760/7814 op=add seconds=367.959 eta_seconds=236.081 bootstraps=266
node=4770/7814 op=add seconds=368.234 eta_seconds=234.99 bootstraps=266
node=4780/7814 op=repeat seconds=368.717 eta_seconds=234.035 bootstraps=266
node=4790/7814 op=sum seconds=369.089 eta_seconds=233.012 bootstraps=266
node=4800/7814 op=sum seconds=370.367 eta_seconds=232.56 bootstraps=268
node=4810/7814 op=cheb seconds=371.888 eta_seconds=232.256 bootstraps=270
node=4820/7814 op=repeat seconds=373.279 eta_seconds=231.867 bootstraps=272
node=4830/7814 op=gather seconds=373.702 eta_seconds=230.875 bootstraps=272
node=4840/7814 op=addp seconds=373.754 eta_seconds=229.658 bootstraps=272
node=4850/7814 op=mul seconds=376.065 eta_seconds=229.826 bootstraps=274
node=4860/7814 op=repeat seconds=376.428 eta_seconds=228.8 bootstraps=274
node=4870/7814 op=mul seconds=376.698 eta_seconds=227.72 bootstraps=274
node=4880/7814 op=mul seconds=377.078 eta_seconds=226.71 bootstraps=274
node=4890/7814 op=addp seconds=377.257 eta_seconds=225.583 bootstraps=274
node=4900/7814 op=scatter seconds=378.67 eta_seconds=225.193 bootstraps=276
node=4910/7814 op=sum seconds=379.138 eta_seconds=224.24 bootstraps=276
node=4920/7814 op=add seconds=379.394 eta_seconds=223.164 bootstraps=276
node=4930/7814 op=repeat seconds=379.691 eta_seconds=222.115 bootstraps=276
node=4940/7814 op=addp seconds=381.022 eta_seconds=221.671 bootstraps=278
node=4950/7814 op=linear_ref seconds=383.726 eta_seconds=222.019 bootstraps=282
node=4960/7814 op=mulp seconds=384.75 eta_seconds=221.386 bootstraps=284
node=4970/7814 op=addp seconds=385.172 eta_seconds=220.408 bootstraps=284
node=4980/7814 op=cheb seconds=386.599 eta_seconds=220.004 bootstraps=286
node=4990/7814 op=cheb seconds=388.019 eta_seconds=219.592 bootstraps=286
node=5000/7814 op=repeat seconds=388.451 eta_seconds=218.62 bootstraps=286
node=5010/7814 op=gather seconds=388.927 eta_seconds=217.675 bootstraps=286
node=5020/7814 op=cheb seconds=389.327 eta_seconds=216.689 bootstraps=286
node=5030/7814 op=scatter seconds=391.062 eta_seconds=216.445 bootstraps=288
node=5040/7814 op=scatter seconds=391.327 eta_seconds=215.385 bootstraps=288
node=5050/7814 op=repeat seconds=391.624 eta_seconds=214.346 bootstraps=288
node=5060/7814 op=sum seconds=391.96 eta_seconds=213.332 bootstraps=288
node=5070/7814 op=add seconds=392.316 eta_seconds=212.33 bootstraps=288
node=5080/7814 op=repeat seconds=393.62 eta_seconds=211.842 bootstraps=290
node=5090/7814 op=mul seconds=395.397 eta_seconds=211.604 bootstraps=292
node=5100/7814 op=gather seconds=396.921 eta_seconds=211.224 bootstraps=294
node=5110/7814 op=mul seconds=397.031 eta_seconds=210.092 bootstraps=294
node=5120/7814 op=mul seconds=398.869 eta_seconds=209.874 bootstraps=296
node=5130/7814 op=cheb seconds=399.457 eta_seconds=208.994 bootstraps=296
node=5140/7814 op=addp seconds=399.798 eta_seconds=207.988 bootstraps=296
node=5150/7814 op=mul seconds=400.037 eta_seconds=206.932 bootstraps=296
node=5160/7814 op=mul seconds=400.405 eta_seconds=205.945 bootstraps=296
node=5170/7814 op=mul seconds=400.586 eta_seconds=204.865 bootstraps=296
node=5180/7814 op=scatter seconds=402.212 eta_seconds=204.523 bootstraps=298
node=5190/7814 op=add seconds=402.675 eta_seconds=203.588 bootstraps=298
node=5200/7814 op=repeat seconds=403.124 eta_seconds=202.647 bootstraps=298
node=5210/7814 op=linear_ref seconds=403.653 eta_seconds=201.749 bootstraps=298
node=5220/7814 op=mulp seconds=404.703 eta_seconds=201.111 bootstraps=300
node=5230/7814 op=sum seconds=406.601 eta_seconds=200.89 bootstraps=302
node=5240/7814 op=gather seconds=408.114 eta_seconds=200.474 bootstraps=304
node=5250/7814 op=mulp seconds=408.23 eta_seconds=199.372 bootstraps=304
node=5260/7814 op=cheb seconds=410.208 eta_seconds=199.177 bootstraps=306
node=5270/7814 op=repeat seconds=410.853 eta_seconds=198.332 bootstraps=306
node=5280/7814 op=addp seconds=411.028 eta_seconds=197.262 bootstraps=306
node=5290/7814 op=addp seconds=411.774 eta_seconds=196.469 bootstraps=306
node=5300/7814 op=add seconds=413.035 eta_seconds=195.919 bootstraps=308
node=5310/7814 op=mul seconds=413.378 eta_seconds=194.934 bootstraps=308
node=5320/7814 op=mul seconds=413.647 eta_seconds=193.916 bootstraps=308
node=5330/7814 op=sum seconds=413.952 eta_seconds=192.919 bootstraps=308
node=5340/7814 op=add seconds=414.169 eta_seconds=191.883 bootstraps=308
node=5350/7814 op=mul seconds=415.64 eta_seconds=191.427 bootstraps=310
node=5360/7814 op=gather seconds=416.163 eta_seconds=190.534 bootstraps=310
node=5370/7814 op=addp seconds=417.586 eta_seconds=190.052 bootstraps=312
node=5380/7814 op=gather seconds=419.093 eta_seconds=189.604 bootstraps=314
node=5390/7814 op=mulp seconds=419.345 eta_seconds=188.589 bootstraps=314
node=5400/7814 op=cheb seconds=421.437 eta_seconds=188.398 bootstraps=316
node=5410/7814 op=cheb seconds=421.881 eta_seconds=187.468 bootstraps=316
node=5420/7814 op=repeat seconds=422.097 eta_seconds=186.439 bootstraps=316
node=5430/7814 op=add seconds=422.278 eta_seconds=185.398 bootstraps=316
node=5440/7814 op=mul seconds=422.577 eta_seconds=184.411 bootstraps=316
node=5450/7814 op=add seconds=424.142 eta_seconds=183.976 bootstraps=318
node=5460/7814 op=add seconds=424.429 eta_seconds=182.986 bootstraps=318
node=5470/7814 op=repeat seconds=424.949 eta_seconds=182.099 bootstraps=318
node=5480/7814 op=sum seconds=425.3 eta_seconds=181.14 bootstraps=318
node=5490/7814 op=sum seconds=425.703 eta_seconds=180.207 bootstraps=318
node=5500/7814 op=cheb seconds=428.198 eta_seconds=180.155 bootstraps=322
node=5510/7814 op=repeat seconds=429.494 eta_seconds=179.592 bootstraps=324
node=5520/7814 op=gather seconds=430.06 eta_seconds=178.724 bootstraps=324
node=5530/7814 op=addp seconds=430.305 eta_seconds=177.724 bootstraps=324
node=5540/7814 op=repeat seconds=432.52 eta_seconds=177.536 bootstraps=326
node=5550/7814 op=cheb seconds=432.932 eta_seconds=176.605 bootstraps=326
node=5560/7814 op=mul seconds=433.169 eta_seconds=175.605 bootstraps=326
node=5570/7814 op=gather seconds=433.468 eta_seconds=174.632 bootstraps=326
node=5580/7814 op=mul seconds=433.61 eta_seconds=173.6 bootstraps=326
node=5590/7814 op=scatter seconds=435.49 eta_seconds=173.261 bootstraps=328
node=5600/7814 op=sum seconds=435.732 eta_seconds=172.27 bootstraps=328
node=5610/7814 op=add seconds=436.118 eta_seconds=171.337 bootstraps=328
node=5620/7814 op=repeat seconds=436.6 eta_seconds=170.445 bootstraps=328
node=5630/7814 op=addp seconds=437.737 eta_seconds=169.808 bootstraps=330
node=5640/7814 op=linear_ref seconds=439.753 eta_seconds=169.508 bootstraps=332
node=5650/7814 op=mulp seconds=440.808 eta_seconds=168.833 bootstraps=334
node=5660/7814 op=addp seconds=441.354 eta_seconds=167.964 bootstraps=334
node=5670/7814 op=cheb seconds=442.797 eta_seconds=167.435 bootstraps=336
node=5680/7814 op=cheb seconds=444.882 eta_seconds=167.144 bootstraps=336
node=5690/7814 op=repeat seconds=445.385 eta_seconds=166.256 bootstraps=336
node=5700/7814 op=gather seconds=446.02 eta_seconds=165.419 bootstraps=336
node=5710/7814 op=mulp seconds=447.523 eta_seconds=164.902 bootstraps=338
node=5720/7814 op=mul seconds=447.866 eta_seconds=163.956 bootstraps=338
node=5730/7814 op=scatter seconds=448.132 eta_seconds=162.986 bootstraps=338
node=5740/7814 op=repeat seconds=448.397 eta_seconds=162.017 bootstraps=338
node=5750/7814 op=sum seconds=448.74 eta_seconds=161.078 bootstraps=338
node=5760/7814 op=add seconds=449.118 eta_seconds=160.154 bootstraps=338
node=5770/7814 op=repeat seconds=450.412 eta_seconds=159.557 bootstraps=340
node=5780/7814 op=mul seconds=452.194 eta_seconds=159.129 bootstraps=342
node=5790/7814 op=gather seconds=453.721 eta_seconds=158.607 bootstraps=344
node=5800/7814 op=mul seconds=453.834 eta_seconds=157.59 bootstraps=344
node=5810/7814 op=mul seconds=455.675 eta_seconds=157.173 bootstraps=346
node=5820/7814 op=cheb seconds=456.327 eta_seconds=156.343 bootstraps=346
node=5830/7814 op=addp seconds=456.658 eta_seconds=155.405 bootstraps=346
node=5840/7814 op=scatter seconds=457.432 eta_seconds=154.618 bootstraps=346
node=5850/7814 op=mul seconds=458.688 eta_seconds=153.994 bootstraps=348
node=5860/7814 op=mulp seconds=459.029 eta_seconds=153.062 bootstraps=348
node=5870/7814 op=mul seconds=459.295 eta_seconds=152.107 bootstraps=348
node=5880/7814 op=add seconds=459.522 eta_seconds=151.142 bootstraps=348
node=5890/7814 op=repeat seconds=459.819 eta_seconds=150.202 bootstraps=348
node=5900/7814 op=linear_ref seconds=461.295 eta_seconds=149.647 bootstraps=350
node=5910/7814 op=mulp seconds=461.48 eta_seconds=148.673 bootstraps=350
node=5920/7814 op=sum seconds=463.241 eta_seconds=148.206 bootstraps=352
node=5930/7814 op=gather seconds=464.763 eta_seconds=147.658 bootstraps=354
node=5940/7814 op=mulp seconds=464.878 eta_seconds=146.664 bootstraps=354
node=5950/7814 op=cheb seconds=466.862 eta_seconds=146.257 bootstraps=356
node=5960/7814 op=repeat seconds=467.446 eta_seconds=145.41 bootstraps=356
node=5970/7814 op=addp seconds=467.619 eta_seconds=144.437 bootstraps=356
node=5980/7814 op=gather seconds=467.919 eta_seconds=143.506 bootstraps=356
node=5990/7814 op=add seconds=468.217 eta_seconds=142.576 bootstraps=356
node=6000/7814 op=add seconds=469.788 eta_seconds=142.033 bootstraps=358
node=6010/7814 op=mul seconds=470.155 eta_seconds=141.125 bootstraps=358
node=6020/7814 op=sum seconds=470.458 eta_seconds=140.2 bootstraps=358
node=6030/7814 op=add seconds=470.672 eta_seconds=139.25 bootstraps=358
node=6040/7814 op=mul seconds=472.151 eta_seconds=138.675 bootstraps=360
node=6050/7814 op=gather seconds=472.68 eta_seconds=137.819 bootstraps=360
node=6060/7814 op=addp seconds=474.203 eta_seconds=137.253 bootstraps=362
client_token=1614 logit_margin=0.201377
node=6070/7814 op=addp seconds=475.605 eta_seconds=136.648 bootstraps=364
node=6080/7814 op=gather seconds=476.901 eta_seconds=136.011 bootstraps=364
node=6090/7814 op=cheb seconds=478.716 eta_seconds=135.518 bootstraps=364
node=6100/7814 op=mulp seconds=479.191 eta_seconds=134.645 bootstraps=364
node=6110/7814 op=cheb seconds=479.719 eta_seconds=133.787 bootstraps=364
node=6120/7814 op=mul seconds=480.029 eta_seconds=132.871 bootstraps=364
node=6130/7814 op=gather seconds=480.25 eta_seconds=131.932 bootstraps=364
node=6140/7814 op=add seconds=480.553 eta_seconds=131.017 bootstraps=364
node=6150/7814 op=mul seconds=480.861 eta_seconds=130.106 bootstraps=364
node=6160/7814 op=scatter seconds=482.196 eta_seconds=129.473 bootstraps=366
node=6170/7814 op=mul seconds=482.5 eta_seconds=128.562 bootstraps=366
node=6180/7814 op=mul seconds=482.715 eta_seconds=127.631 bootstraps=366
node=6190/7814 op=mul seconds=483.007 eta_seconds=126.721 bootstraps=366
node=6200/7814 op=cheb seconds=484.5 eta_seconds=126.126 bootstraps=368
node=6210/7814 op=add seconds=486.207 eta_seconds=125.584 bootstraps=370
node=6220/7814 op=linear_ref seconds=487.669 eta_seconds=124.975 bootstraps=372
node=6230/7814 op=mul seconds=487.722 eta_seconds=124.005 bootstraps=372
node=6240/7814 op=cheb seconds=489.61 eta_seconds=123.501 bootstraps=374
node=6250/7814 op=cheb seconds=490.145 eta_seconds=122.654 bootstraps=374
node=6260/7814 op=repeat seconds=490.58 eta_seconds=121.783 bootstraps=374
node=6270/7814 op=mul seconds=490.807 eta_seconds=120.862 bootstraps=374
node=6280/7814 op=add seconds=491.162 eta_seconds=119.975 bootstraps=374
node=6290/7814 op=cheb seconds=491.467 eta_seconds=119.077 bootstraps=374
node=6300/7814 op=add seconds=493.116 eta_seconds=118.504 bootstraps=376
node=6310/7814 op=repeat seconds=493.428 eta_seconds=117.609 bootstraps=376
node=6320/7814 op=sum seconds=493.776 eta_seconds=116.725 bootstraps=376
node=6330/7814 op=add seconds=494.136 eta_seconds=115.845 bootstraps=376
node=6340/7814 op=mul seconds=495.441 eta_seconds=115.186 bootstraps=378
node=6350/7814 op=gather seconds=496.068 eta_seconds=114.369 bootstraps=378
node=6360/7814 op=addp seconds=497.489 eta_seconds=113.734 bootstraps=380
node=6370/7814 op=gather seconds=499.013 eta_seconds=113.12 bootstraps=382
node=6380/7814 op=mul seconds=499.118 eta_seconds=112.184 bootstraps=382
node=6390/7814 op=repeat seconds=501.717 eta_seconds=111.807 bootstraps=384
node=6400/7814 op=cheb seconds=502.107 eta_seconds=110.934 bootstraps=384
node=6410/7814 op=mul seconds=502.399 eta_seconds=110.042 bootstraps=384
node=6420/7814 op=gather seconds=502.767 eta_seconds=109.168 bootstraps=384
node=6430/7814 op=mulp seconds=502.934 eta_seconds=108.252 bootstraps=384
node=6440/7814 op=add seconds=504.553 eta_seconds=107.648 bootstraps=386
node=6450/7814 op=mul seconds=504.833 eta_seconds=106.758 bootstraps=386
node=6460/7814 op=mul seconds=505.252 eta_seconds=105.9 bootstraps=386
node=6470/7814 op=mul seconds=505.586 eta_seconds=105.024 bootstraps=386
node=6480/7814 op=mul seconds=506.085 eta_seconds=104.185 bootstraps=386
node=6490/7814 op=cheb seconds=507.305 eta_seconds=103.493 bootstraps=388
node=6500/7814 op=add seconds=509.073 eta_seconds=102.911 bootstraps=390
node=6510/7814 op=linear_ref seconds=510.471 eta_seconds=102.251 bootstraps=392
node=6520/7814 op=mul seconds=510.521 eta_seconds=101.321 bootstraps=392
node=6530/7814 op=cheb seconds=512.419 eta_seconds=100.757 bootstraps=394
node=6540/7814 op=cheb seconds=512.942 eta_seconds=99.9218 bootstraps=394
node=6550/7814 op=repeat seconds=513.27 eta_seconds=99.0493 bootstraps=394
node=6560/7814 op=mul seconds=513.515 eta_seconds=98.1627 bootstraps=394
node=6570/7814 op=add seconds=513.897 eta_seconds=97.304 bootstraps=394
node=6580/7814 op=mul seconds=514.083 eta_seconds=96.4102 bootstraps=394
node=6590/7814 op=scatter seconds=515.614 eta_seconds=95.7681 bootstraps=396
node=6600/7814 op=repeat seconds=516.092 eta_seconds=94.9296 bootstraps=396
node=6610/7814 op=sum seconds=516.331 eta_seconds=94.0488 bootstraps=396
node=6620/7814 op=add seconds=516.546 eta_seconds=93.1655 bootstraps=396
node=6630/7814 op=mul seconds=517.979 eta_seconds=92.5019 bootstraps=398
node=6640/7814 op=gather seconds=519.38 eta_seconds=91.8301 bootstraps=400
node=6650/7814 op=addp seconds=520.759 eta_seconds=91.1524 bootstraps=402
node=6660/7814 op=gather seconds=522.154 eta_seconds=90.4754 bootstraps=404
node=6670/7814 op=sum seconds=522.217 eta_seconds=89.5676 bootstraps=404
node=6680/7814 op=repeat seconds=524.953 eta_seconds=89.1162 bootstraps=406
node=6690/7814 op=cheb seconds=525.399 eta_seconds=88.2734 bootstraps=406
node=6700/7814 op=mul seconds=525.676 eta_seconds=87.4034 bootstraps=406
node=6710/7814 op=mulp seconds=526.19 eta_seconds=86.5744 bootstraps=406
node=6720/7814 op=add seconds=527.701 eta_seconds=85.9085 bootstraps=408
node=6730/7814 op=add seconds=528.039 eta_seconds=85.0511 bootstraps=408
node=6740/7814 op=mul seconds=528.312 eta_seconds=84.185 bootstraps=408
node=6750/7814 op=mul seconds=528.705 eta_seconds=83.3396 bootstraps=408
node=6760/7814 op=mul seconds=529.058 eta_seconds=82.4892 bootstraps=408
node=6770/7814 op=mul seconds=529.523 eta_seconds=81.6576 bootstraps=408
node=6780/7814 op=cheb seconds=530.736 eta_seconds=80.9411 bootstraps=410
node=6790/7814 op=add seconds=532.561 eta_seconds=80.3156 bootstraps=412
node=6800/7814 op=linear_ref seconds=534.09 eta_seconds=79.6423 bootstraps=414
node=6810/7814 op=cheb seconds=534.201 eta_seconds=78.7573 bootstraps=414
node=6820/7814 op=cheb seconds=536.027 eta_seconds=78.1247 bootstraps=416
node=6830/7814 op=cheb seconds=536.581 eta_seconds=77.3054 bootstraps=416
node=6840/7814 op=repeat seconds=536.951 eta_seconds=76.4606 bootstraps=416
node=6850/7814 op=mul seconds=537.194 eta_seconds=75.5993 bootstraps=416
node=6860/7814 op=add seconds=537.561 eta_seconds=74.757 bootstraps=416
node=6870/7814 op=mul seconds=537.742 eta_seconds=73.8905 bootstraps=416
node=6880/7814 op=scatter seconds=539.318 eta_seconds=73.2155 bootstraps=418
node=6890/7814 op=repeat seconds=539.871 eta_seconds=72.4006 bootstraps=418
node=6900/7814 op=sum seconds=540.221 eta_seconds=71.5598 bootstraps=418
node=6910/7814 op=add seconds=540.554 eta_seconds=70.718 bootstraps=418
node=6920/7814 op=mul seconds=541.085 eta_seconds=69.9031 bootstraps=418
node=6930/7814 op=gather seconds=542.606 eta_seconds=69.2156 bootstraps=420
node=6940/7814 op=addp seconds=544.038 eta_seconds=68.5143 bootstraps=422
node=6950/7814 op=gather seconds=545.568 eta_seconds=67.8232 bootstraps=424
node=6960/7814 op=mul seconds=545.672 eta_seconds=66.9546 bootstraps=424
node=6970/7814 op=repeat seconds=547.864 eta_seconds=66.3411 bootstraps=426
node=6980/7814 op=mulp seconds=548.292 eta_seconds=65.5123 bootstraps=426
node=6990/7814 op=gather seconds=548.666 eta_seconds=64.6782 bootstraps=426
node=7000/7814 op=mul seconds=549.219 eta_seconds=63.8663 bootstraps=426
node=7010/7814 op=scatter seconds=550.703 eta_seconds=63.162 bootstraps=428
node=7020/7814 op=add seconds=550.815 eta_seconds=62.3001 bootstraps=428
node=7030/7814 op=mul seconds=551.088 eta_seconds=61.4585 bootstraps=428
node=7040/7814 op=mul seconds=551.391 eta_seconds=60.6216 bootstraps=428
node=7050/7814 op=mul seconds=551.606 eta_seconds=59.7768 bootstraps=428
node=7060/7814 op=mul seconds=551.899 eta_seconds=58.9422 bootstraps=428
node=7070/7814 op=cheb seconds=553.303 eta_seconds=58.226 bootstraps=430
node=7080/7814 op=add seconds=555.113 eta_seconds=57.5498 bootstraps=432
node=7090/7814 op=linear_ref seconds=556.618 eta_seconds=56.8394 bootstraps=434
node=7100/7814 op=cheb seconds=556.737 eta_seconds=55.9873 bootstraps=434
node=7110/7814 op=addp seconds=556.936 eta_seconds=55.1453 bootstraps=434
node=7120/7814 op=mul seconds=559.245 eta_seconds=54.5106 bootstraps=436
node=7130/7814 op=repeat seconds=559.616 eta_seconds=53.6855 bootstraps=436
node=7140/7814 op=mul seconds=559.829 eta_seconds=52.8466 bootstraps=436
node=7150/7814 op=mul seconds=560.128 eta_seconds=52.0175 bootstraps=436
node=7160/7814 op=mul seconds=560.272 eta_seconds=51.1757 bootstraps=436
node=7170/7814 op=add seconds=561.93 eta_seconds=50.4718 bootstraps=438
node=7180/7814 op=repeat seconds=562.248 eta_seconds=49.6469 bootstraps=438
node=7190/7814 op=sum seconds=562.594 eta_seconds=48.826 bootstraps=438
node=7200/7814 op=add seconds=562.924 eta_seconds=48.0049 bootstraps=438
node=7210/7814 op=mul seconds=563.423 eta_seconds=47.1993 bootstraps=438
node=7220/7814 op=gather seconds=564.931 eta_seconds=46.4777 bootstraps=440
node=7230/7814 op=addp seconds=566.268 eta_seconds=45.7401 bootstraps=442
node=7240/7814 op=gather seconds=567.773 eta_seconds=45.0141 bootstraps=444
node=7250/7814 op=sum seconds=568.035 eta_seconds=44.1892 bootstraps=444
node=7260/7814 op=cheb seconds=570.088 eta_seconds=43.5026 bootstraps=446
node=7270/7814 op=mul seconds=570.595 eta_seconds=42.6965 bootstraps=446
node=7280/7814 op=gather seconds=570.831 eta_seconds=41.8714 bootstraps=446
node=7290/7814 op=scatter seconds=571.047 eta_seconds=41.0465 bootstraps=446
node=7300/7814 op=gather seconds=571.294 eta_seconds=40.2254 bootstraps=446
node=7310/7814 op=add seconds=573.031 eta_seconds=39.5085 bootstraps=448
node=7320/7814 op=mul seconds=573.314 eta_seconds=38.6909 bootstraps=448
node=7330/7814 op=mul seconds=573.705 eta_seconds=37.8818 bootstraps=448
node=7340/7814 op=mul seconds=574.091 eta_seconds=37.0734 bootstraps=448
node=7350/7814 op=mul seconds=574.571 eta_seconds=36.2723 bootstraps=448
node=7360/7814 op=cheb seconds=575.803 eta_seconds=35.5183 bootstraps=450
node=7370/7814 op=add seconds=577.715 eta_seconds=34.804 bootstraps=452
node=7380/7814 op=linear_ref seconds=579.241 eta_seconds=34.0637 bootstraps=454
node=7390/7814 op=mul seconds=579.315 eta_seconds=33.2381 bootstraps=454
node=7400/7814 op=cheb seconds=582.288 eta_seconds=32.5767 bootstraps=456
node=7410/7814 op=cheb seconds=582.871 eta_seconds=31.7786 bootstraps=456
node=7420/7814 op=addp seconds=583.35 eta_seconds=30.9757 bootstraps=456
node=7430/7814 op=scatter seconds=584.046 eta_seconds=30.1849 bootstraps=456
node=7440/7814 op=add seconds=585.495 eta_seconds=29.4321 bootstraps=458
node=7450/7814 op=mul seconds=585.842 eta_seconds=28.6237 bootstraps=458
node=7460/7814 op=add seconds=586.102 eta_seconds=27.8123 bootstraps=458
node=7470/7814 op=repeat seconds=586.402 eta_seconds=27.0043 bootstraps=458
node=7480/7814 op=sum seconds=586.739 eta_seconds=26.1993 bootstraps=458
node=7490/7814 op=add seconds=587.093 eta_seconds=25.3963 bootstraps=458
node=7500/7814 op=mul seconds=588.394 eta_seconds=24.6341 bootstraps=460
node=7510/7814 op=gather seconds=588.986 eta_seconds=23.8418 bootstraps=460
node=7520/7814 op=addp seconds=590.41 eta_seconds=23.0825 bootstraps=462
node=7530/7814 op=gather seconds=591.936 eta_seconds=22.3253 bootstraps=464
node=7540/7814 op=mul seconds=592.041 eta_seconds=21.5145 bootstraps=464
node=7550/7814 op=repeat seconds=594.249 eta_seconds=20.779 bootstraps=466
node=7560/7814 op=mulp seconds=594.681 eta_seconds=19.98 bootstraps=466
node=7570/7814 op=gather seconds=595.089 eta_seconds=19.1812 bootstraps=466
node=7580/7814 op=mul seconds=595.646 eta_seconds=18.388 bootstraps=466
node=7590/7814 op=scatter seconds=597.131 eta_seconds=17.6228 bootstraps=468
node=7600/7814 op=add seconds=597.241 eta_seconds=16.8171 bootstraps=468
node=7610/7814 op=mul seconds=597.517 eta_seconds=16.0176 bootstraps=468
node=7620/7814 op=mul seconds=597.821 eta_seconds=15.2201 bootstraps=468
node=7630/7814 op=mul seconds=598.038 eta_seconds=14.4219 bootstraps=468
node=7640/7814 op=mul seconds=598.329 eta_seconds=13.6269 bootstraps=468
node=7650/7814 op=cheb seconds=599.771 eta_seconds=12.8578 bootstraps=470
node=7660/7814 op=add seconds=601.55 eta_seconds=12.0938 bootstraps=472
node=7670/7814 op=linear_ref seconds=603.081 eta_seconds=11.3225 bootstraps=474
node=7680/7814 op=cheb seconds=603.194 eta_seconds=10.5245 bootstraps=474
node=7690/7814 op=cheb seconds=605.029 eta_seconds=9.756 bootstraps=476
node=7700/7814 op=cheb seconds=605.597 eta_seconds=8.96599 bootstraps=476
node=7710/7814 op=repeat seconds=605.923 eta_seconds=8.17328 bootstraps=476
node=7720/7814 op=mul seconds=606.17 eta_seconds=7.38082 bootstraps=476
node=7730/7814 op=add seconds=606.553 eta_seconds=6.59126 bootstraps=476
node=7740/7814 op=cheb seconds=606.867 eta_seconds=5.80208 bootstraps=476
node=7750/7814 op=add seconds=608.483 eta_seconds=5.02489 bootstraps=478
node=7760/7814 op=repeat seconds=608.719 eta_seconds=4.23593 bootstraps=478
node=7770/7814 op=sum seconds=608.956 eta_seconds=3.4484 bootstraps=478
node=7780/7814 op=add seconds=609.181 eta_seconds=2.66223 bootstraps=478
node=7790/7814 op=mul seconds=610.622 eta_seconds=1.88125 bootstraps=480
node=7800/7814 op=gather seconds=611.153 eta_seconds=1.09694 bootstraps=480
node=7810/7814 op=addp seconds=612.684 eta_seconds=0.313795 bootstraps=482
node=7814/7814 op=mulp seconds=613.712 eta_seconds=0 bootstraps=484
client_token=315 logit_margin=0.674904
passed=1 polynomial_error=5.76567e-07 exact_error=4.70783e-05 eval_seconds=613.791
