GPU 0: NVIDIA GB10
 SMs: 48, SharedMem: 100 KB, Blocks/SM: 24, Threads/SM: 1536, L2 size: 24 MB, Bus: 256-bit
Adding bootstrap precomputation to GPU for 32768 slots.
Plaintexts loaded: 248 ~ 6262MB
Rotation keys loaded: 85 ~ 15300MB
setup_seconds=26.6299
planned_logical_refreshes=15
node=1/402 op=public seconds=0.204373 eta_seconds=81.9537 bootstraps=0
node=11/402 op=mulp seconds=1.02993 eta_seconds=36.6094 bootstraps=0
node=21/402 op=addp seconds=3.90274 eta_seconds=70.8069 bootstraps=0
node=31/402 op=mulp seconds=5.20407 eta_seconds=62.2809 bootstraps=0
node=41/402 op=mul seconds=5.90134 eta_seconds=51.9606 bootstraps=0
node=51/402 op=repeat seconds=6.52342 eta_seconds=44.8965 bootstraps=0
node=61/402 op=mul seconds=7.322 eta_seconds=40.9312 bootstraps=0
node=71/402 op=gather seconds=8.81169 eta_seconds=41.0798 bootstraps=0
node=81/402 op=scatter seconds=9.57377 eta_seconds=37.9405 bootstraps=0
node=91/402 op=mul seconds=10.2404 eta_seconds=34.9973 bootstraps=0
node=101/402 op=linear seconds=13.4708 eta_seconds=40.1457 bootstraps=2
node=111/402 op=mulp seconds=14.9783 eta_seconds=39.2673 bootstraps=4
node=121/402 op=sum seconds=18.137 eta_seconds=42.1199 bootstraps=6
node=131/402 op=sum seconds=19.9717 eta_seconds=41.3156 bootstraps=8
node=141/402 op=gather seconds=23.1819 eta_seconds=42.9111 bootstraps=8
node=151/402 op=cheb seconds=25.209 eta_seconds=41.9038 bootstraps=8
node=161/402 op=mul seconds=26.5347 eta_seconds=39.7196 bootstraps=8
node=171/402 op=mulp seconds=27.0317 eta_seconds=36.5165 bootstraps=8
node=181/402 op=gather seconds=29.3035 eta_seconds=35.7794 bootstraps=10
node=191/402 op=scatter seconds=30.1293 eta_seconds=33.2842 bootstraps=10
node=201/402 op=mulp seconds=31.7417 eta_seconds=31.7417 bootstraps=10
node=211/402 op=scatter seconds=33.014 eta_seconds=29.8847 bootstraps=10
node=221/402 op=mul seconds=33.0734 eta_seconds=27.0873 bootstraps=10
node=231/402 op=mul seconds=36.0347 eta_seconds=26.675 bootstraps=12
node=241/402 op=addp seconds=37.1613 eta_seconds=24.8256 bootstraps=12
node=251/402 op=linear_ref seconds=42.0648 eta_seconds=25.3059 bootstraps=16
node=261/402 op=mulp seconds=43.6233 eta_seconds=23.5666 bootstraps=18
client_token=6864 logit_margin=5.73048
node=271/402 op=mulp seconds=44.4619 eta_seconds=21.4926 bootstraps=18
node=281/402 op=addp seconds=47.4011 eta_seconds=20.4111 bootstraps=18
node=291/402 op=mulp seconds=50.1754 eta_seconds=19.1391 bootstraps=18
node=301/402 op=mul seconds=50.8714 eta_seconds=17.0698 bootstraps=18
node=311/402 op=repeat seconds=51.4939 eta_seconds=15.0673 bootstraps=18
node=321/402 op=mul seconds=52.3009 eta_seconds=13.1974 bootstraps=18
node=331/402 op=gather seconds=53.8009 eta_seconds=11.5404 bootstraps=18
node=341/402 op=scatter seconds=54.5699 eta_seconds=9.76178 bootstraps=18
node=351/402 op=mul seconds=55.2739 eta_seconds=8.03126 bootstraps=18
node=361/402 op=add seconds=57.4268 eta_seconds=6.52216 bootstraps=20
node=371/402 op=repeat seconds=59.0071 eta_seconds=4.93051 bootstraps=20
node=381/402 op=mulp seconds=61.1612 eta_seconds=3.37109 bootstraps=22
node=391/402 op=mul seconds=63.8108 eta_seconds=1.79519 bootstraps=24
node=401/402 op=mul seconds=66.1546 eta_seconds=0.164974 bootstraps=26
node=402/402 op=mulp seconds=66.1611 eta_seconds=0 bootstraps=26
client_token=6864 logit_margin=5.21147
passed=1 polynomial_error=1.008e-05 exact_error=2.16617e-05 eval_seconds=66.1623
