GPU 0: NVIDIA GB10
 SMs: 48, SharedMem: 100 KB, Blocks/SM: 24, Threads/SM: 1536, L2 size: 24 MB, Bus: 256-bit
Adding bootstrap precomputation to GPU for 32768 slots.
Plaintexts loaded: 248 ~ 4960MB
Rotation keys loaded: 85 ~ 15300MB
setup_seconds=26.3326
planned_logical_refreshes=1212
node=10/7814 op=public seconds=1.3897 eta_seconds=1084.52 bootstraps=0
node=20/7814 op=repeat seconds=2.31522 eta_seconds=902.24 bootstraps=0
node=30/7814 op=gather seconds=3.95736 eta_seconds=1026.8 bootstraps=0
node=40/7814 op=cheb seconds=5.0298 eta_seconds=977.542 bootstraps=0
node=50/7814 op=mul seconds=5.54601 eta_seconds=861.185 bootstraps=0
node=60/7814 op=repeat seconds=5.90719 eta_seconds=763.405 bootstraps=0
node=70/7814 op=add seconds=6.3163 eta_seconds=698.763 bootstraps=0
node=80/7814 op=mulp seconds=7.13504 eta_seconds=689.78 bootstraps=0
node=90/7814 op=mul seconds=7.61001 eta_seconds=653.108 bootstraps=0
node=100/7814 op=repeat seconds=8.37517 eta_seconds=646.06 bootstraps=0
node=110/7814 op=gather seconds=10.0348 eta_seconds=702.802 bootstraps=0
node=120/7814 op=repeat seconds=12.1745 eta_seconds=780.587 bootstraps=0
node=130/7814 op=cheb seconds=12.7944 eta_seconds=756.245 bootstraps=0
node=140/7814 op=mul seconds=13.1372 eta_seconds=720.108 bootstraps=0
node=150/7814 op=mulp seconds=13.5557 eta_seconds=692.606 bootstraps=0
node=160/7814 op=gather seconds=14.2095 eta_seconds=679.748 bootstraps=0
node=170/7814 op=scatter seconds=14.5701 eta_seconds=655.142 bootstraps=0
node=180/7814 op=add seconds=14.8682 eta_seconds=630.576 bootstraps=0
node=190/7814 op=repeat seconds=16.5365 eta_seconds=663.55 bootstraps=2
node=200/7814 op=mul seconds=16.7991 eta_seconds=639.54 bootstraps=2
node=210/7814 op=mul seconds=17.0174 eta_seconds=616.192 bootstraps=2
node=220/7814 op=mul seconds=18.9147 eta_seconds=652.901 bootstraps=4
node=230/7814 op=mulp seconds=20.2872 eta_seconds=668.948 bootstraps=4
node=240/7814 op=mul seconds=22.0278 eta_seconds=695.162 bootstraps=6
node=250/7814 op=linear_ref seconds=23.3651 eta_seconds=706.934 bootstraps=6
node=260/7814 op=mulp seconds=24.4999 eta_seconds=711.815 bootstraps=8
node=270/7814 op=mul seconds=25.1624 eta_seconds=703.055 bootstraps=8
node=280/7814 op=repeat seconds=25.448 eta_seconds=684.732 bootstraps=8
node=290/7814 op=gather seconds=26.0973 eta_seconds=677.09 bootstraps=8
node=300/7814 op=addp seconds=26.1427 eta_seconds=654.787 bootstraps=8
node=310/7814 op=cheb seconds=28.4656 eta_seconds=689.051 bootstraps=10
node=320/7814 op=repeat seconds=28.9493 eta_seconds=677.957 bootstraps=10
node=330/7814 op=mul seconds=29.2906 eta_seconds=664.275 bootstraps=10
node=340/7814 op=add seconds=29.8777 eta_seconds=656.781 bootstraps=10
node=350/7814 op=mulp seconds=30.9264 eta_seconds=659.528 bootstraps=10
node=360/7814 op=add seconds=33.0223 eta_seconds=683.745 bootstraps=12
node=370/7814 op=linear seconds=33.9617 eta_seconds=683.273 bootstraps=12
node=380/7814 op=cheb seconds=34.2514 eta_seconds=670.065 bootstraps=12
node=390/7814 op=mul seconds=34.863 eta_seconds=663.649 bootstraps=12
node=400/7814 op=gather seconds=35.2433 eta_seconds=653.235 bootstraps=12
node=410/7814 op=scatter seconds=35.6373 eta_seconds=643.558 bootstraps=12
node=420/7814 op=gather seconds=36.1269 eta_seconds=636.006 bootstraps=12
node=430/7814 op=gather seconds=38.4692 eta_seconds=660.597 bootstraps=14
node=440/7814 op=add seconds=39.2813 eta_seconds=658.319 bootstraps=14
node=450/7814 op=mul seconds=39.7113 eta_seconds=649.853 bootstraps=14
node=460/7814 op=scatter seconds=40.4595 eta_seconds=646.825 bootstraps=14
node=470/7814 op=addp seconds=42.1859 eta_seconds=659.177 bootstraps=16
node=480/7814 op=cheb seconds=44.1702 eta_seconds=674.883 bootstraps=18
node=490/7814 op=gather seconds=45.0568 eta_seconds=673.461 bootstraps=18
node=500/7814 op=mulp seconds=45.1608 eta_seconds=660.612 bootstraps=18
node=510/7814 op=mulp seconds=45.9498 eta_seconds=658.073 bootstraps=18
node=520/7814 op=cheb seconds=48.107 eta_seconds=674.793 bootstraps=20
node=530/7814 op=addp seconds=48.4651 eta_seconds=666.076 bootstraps=20
node=540/7814 op=mul seconds=48.831 eta_seconds=657.772 bootstraps=20
node=550/7814 op=mul seconds=49.4281 eta_seconds=652.81 bootstraps=20
node=560/7814 op=mulp seconds=50.0146 eta_seconds=647.868 bootstraps=20
node=570/7814 op=addp seconds=50.8652 eta_seconds=646.434 bootstraps=20
node=580/7814 op=mulp seconds=50.9577 eta_seconds=635.566 bootstraps=20
node=590/7814 op=add seconds=53.271 eta_seconds=652.254 bootstraps=22
node=600/7814 op=mul seconds=54.1479 eta_seconds=651.038 bootstraps=22
node=610/7814 op=repeat seconds=55.6008 eta_seconds=656.636 bootstraps=22
node=620/7814 op=cheb seconds=56.037 eta_seconds=650.209 bootstraps=22
node=630/7814 op=mul seconds=56.4627 eta_seconds=643.854 bootstraps=22
node=640/7814 op=gather seconds=57.0571 eta_seconds=639.574 bootstraps=22
node=650/7814 op=mulp seconds=57.3272 eta_seconds=631.834 bootstraps=22
node=660/7814 op=gather seconds=59.744 eta_seconds=647.589 bootstraps=24
node=670/7814 op=add seconds=60.5746 eta_seconds=645.888 bootstraps=24
node=680/7814 op=mul seconds=61.0677 eta_seconds=640.672 bootstraps=24
node=690/7814 op=add seconds=61.8183 eta_seconds=638.252 bootstraps=24
node=700/7814 op=sum seconds=63.5194 eta_seconds=645.538 bootstraps=26
node=710/7814 op=gather seconds=64.4636 eta_seconds=644.999 bootstraps=26
node=720/7814 op=gather seconds=66.1751 eta_seconds=652.009 bootstraps=28
node=730/7814 op=sum seconds=66.241 eta_seconds=642.81 bootstraps=28
node=740/7814 op=sum seconds=66.9937 eta_seconds=640.423 bootstraps=28
node=750/7814 op=add seconds=68.9661 eta_seconds=649.569 bootstraps=30
node=760/7814 op=mulp seconds=69.3834 eta_seconds=643.988 bootstraps=30
node=770/7814 op=add seconds=69.7757 eta_seconds=638.312 bootstraps=30
node=780/7814 op=mulp seconds=70.3968 eta_seconds=634.834 bootstraps=30
node=790/7814 op=repeat seconds=70.9942 eta_seconds=631.219 bootstraps=30
node=800/7814 op=gather seconds=71.6546 eta_seconds=628.232 bootstraps=30
node=810/7814 op=addp seconds=71.7092 eta_seconds=620.064 bootstraps=30
node=820/7814 op=scatter seconds=74.0627 eta_seconds=631.7 bootstraps=32
node=830/7814 op=cheb seconds=74.9929 eta_seconds=631.025 bootstraps=32
node=840/7814 op=cheb seconds=75.6039 eta_seconds=627.692 bootstraps=32
node=850/7814 op=repeat seconds=75.9725 eta_seconds=622.438 bootstraps=32
node=860/7814 op=mul seconds=76.3431 eta_seconds=617.314 bootstraps=32
node=870/7814 op=add seconds=76.9607 eta_seconds=614.27 bootstraps=32
node=880/7814 op=mul seconds=77.256 eta_seconds=608.742 bootstraps=32
node=890/7814 op=addp seconds=79.2663 eta_seconds=616.674 bootstraps=34
node=900/7814 op=add seconds=80.0802 eta_seconds=615.194 bootstraps=34
node=910/7814 op=repeat seconds=80.5422 eta_seconds=611.058 bootstraps=34
node=920/7814 op=gather seconds=82.1958 eta_seconds=615.933 bootstraps=36
node=930/7814 op=linear seconds=84.6588 eta_seconds=626.657 bootstraps=38
node=940/7814 op=mulp seconds=84.8799 eta_seconds=620.707 bootstraps=38
node=950/7814 op=gather seconds=87.1906 eta_seconds=629.975 bootstraps=40
node=960/7814 op=addp seconds=87.2547 eta_seconds=622.962 bootstraps=40
node=970/7814 op=mul seconds=87.992 eta_seconds=620.843 bootstraps=40
node=980/7814 op=mul seconds=90.0752 eta_seconds=628.136 bootstraps=42
node=990/7814 op=repeat seconds=90.5819 eta_seconds=624.375 bootstraps=42
node=1000/7814 op=mul seconds=90.9547 eta_seconds=619.765 bootstraps=42
node=1010/7814 op=cheb seconds=91.9225 eta_seconds=619.248 bootstraps=42
node=1020/7814 op=gather seconds=92.7497 eta_seconds=617.786 bootstraps=42
node=1030/7814 op=sum seconds=92.8154 eta_seconds=611.32 bootstraps=42
node=1040/7814 op=scatter seconds=94.6126 eta_seconds=616.256 bootstraps=44
node=1050/7814 op=scatter seconds=94.9459 eta_seconds=611.632 bootstraps=44
node=1060/7814 op=mul seconds=95.4313 eta_seconds=608.06 bootstraps=44
node=1070/7814 op=cheb seconds=98.2206 eta_seconds=619.065 bootstraps=46
node=1080/7814 op=cheb seconds=99.409 eta_seconds=619.833 bootstraps=46
node=1090/7814 op=repeat seconds=100.119 eta_seconds=617.613 bootstraps=46
node=1100/7814 op=addp seconds=100.344 eta_seconds=612.463 bootstraps=46
node=1110/7814 op=mul seconds=101.235 eta_seconds=611.423 bootstraps=46
node=1120/7814 op=cheb seconds=103.022 eta_seconds=615.741 bootstraps=48
node=1130/7814 op=mulp seconds=103.625 eta_seconds=612.947 bootstraps=48
node=1140/7814 op=mulp seconds=104.162 eta_seconds=609.804 bootstraps=48
node=1150/7814 op=sum seconds=104.638 eta_seconds=606.352 bootstraps=48
node=1160/7814 op=add seconds=105.15 eta_seconds=603.162 bootstraps=48
node=1170/7814 op=mulp seconds=106.708 eta_seconds=605.958 bootstraps=50
node=1180/7814 op=cheb seconds=107.597 eta_seconds=604.914 bootstraps=50
node=1190/7814 op=mulp seconds=107.657 eta_seconds=599.263 bootstraps=50
node=1200/7814 op=cheb seconds=110.289 eta_seconds=607.876 bootstraps=52
node=1210/7814 op=mul seconds=110.91 eta_seconds=605.328 bootstraps=52
node=1220/7814 op=gather seconds=111.307 eta_seconds=601.606 bootstraps=52
node=1230/7814 op=scatter seconds=111.731 eta_seconds=598.079 bootstraps=52
node=1240/7814 op=gather seconds=112.223 eta_seconds=594.961 bootstraps=52
node=1250/7814 op=sum seconds=113.256 eta_seconds=594.728 bootstraps=52
node=1260/7814 op=add seconds=115.048 eta_seconds=598.431 bootstraps=54
node=1270/7814 op=linear seconds=115.992 eta_seconds=597.68 bootstraps=54
node=1280/7814 op=mulp seconds=116.215 eta_seconds=593.242 bootstraps=54
node=1290/7814 op=addp seconds=117.072 eta_seconds=592.077 bootstraps=54
node=1300/7814 op=mulp seconds=117.167 eta_seconds=587.096 bootstraps=54
node=1310/7814 op=cheb seconds=120.064 eta_seconds=596.102 bootstraps=56
node=1320/7814 op=cheb seconds=120.924 eta_seconds=594.912 bootstraps=56
node=1330/7814 op=repeat seconds=121.166 eta_seconds=590.705 bootstraps=56
node=1340/7814 op=add seconds=121.51 eta_seconds=587.058 bootstraps=56
node=1350/7814 op=mul seconds=122.109 eta_seconds=584.674 bootstraps=56
node=1360/7814 op=add seconds=122.401 eta_seconds=580.864 bootstraps=56
node=1370/7814 op=addp seconds=124.419 eta_seconds=585.223 bootstraps=58
node=1380/7814 op=add seconds=125.239 eta_seconds=583.902 bootstraps=58
node=1390/7814 op=repeat seconds=126.002 eta_seconds=582.331 bootstraps=58
node=1400/7814 op=addp seconds=126.487 eta_seconds=579.493 bootstraps=58
node=1410/7814 op=gather seconds=128.441 eta_seconds=583.36 bootstraps=60
node=1420/7814 op=sum seconds=128.561 eta_seconds=578.886 bootstraps=60
node=1430/7814 op=gather seconds=129.55 eta_seconds=578.354 bootstraps=60
node=1440/7814 op=cheb seconds=131.913 eta_seconds=583.897 bootstraps=62
node=1450/7814 op=repeat seconds=132.116 eta_seconds=579.851 bootstraps=62
node=1460/7814 op=mul seconds=133.363 eta_seconds=580.402 bootstraps=62
node=1470/7814 op=addp seconds=134.304 eta_seconds=579.607 bootstraps=62
node=1480/7814 op=add seconds=135.806 eta_seconds=581.215 bootstraps=64
node=1490/7814 op=scatter seconds=136.057 eta_seconds=577.466 bootstraps=64
node=1500/7814 op=add seconds=136.535 eta_seconds=574.72 bootstraps=64
node=1510/7814 op=gather seconds=137.535 eta_seconds=574.185 bootstraps=64
node=1520/7814 op=addp seconds=137.66 eta_seconds=570.021 bootstraps=64
node=1530/7814 op=sum seconds=139.921 eta_seconds=574.682 bootstraps=66
node=1540/7814 op=cheb seconds=141.156 eta_seconds=575.073 bootstraps=66
node=1550/7814 op=cheb seconds=141.931 eta_seconds=573.585 bootstraps=66
node=1560/7814 op=repeat seconds=142.298 eta_seconds=570.468 bootstraps=66
node=1570/7814 op=gather seconds=143.455 eta_seconds=570.53 bootstraps=66
node=1580/7814 op=add seconds=145.719 eta_seconds=574.943 bootstraps=68
node=1590/7814 op=mul seconds=145.77 eta_seconds=570.611 bootstraps=68
node=1600/7814 op=mulp seconds=146.321 eta_seconds=568.275 bootstraps=68
node=1610/7814 op=mul seconds=146.586 eta_seconds=564.859 bootstraps=68
node=1620/7814 op=sum seconds=146.998 eta_seconds=562.039 bootstraps=68
node=1630/7814 op=linear seconds=148.928 eta_seconds=565.013 bootstraps=70
node=1640/7814 op=cheb seconds=149.111 eta_seconds=561.347 bootstraps=70
node=1650/7814 op=mulp seconds=149.295 eta_seconds=557.73 bootstraps=70
node=1660/7814 op=repeat seconds=150.343 eta_seconds=557.356 bootstraps=70
node=1670/7814 op=add seconds=152.417 eta_seconds=560.749 bootstraps=72
node=1680/7814 op=mulp seconds=152.824 eta_seconds=557.99 bootstraps=72
node=1690/7814 op=add seconds=153.136 eta_seconds=554.915 bootstraps=72
node=1700/7814 op=mulp seconds=153.62 eta_seconds=552.491 bootstraps=72
node=1710/7814 op=linear_ref seconds=154.605 eta_seconds=551.876 bootstraps=72
node=1720/7814 op=scatter seconds=156.263 eta_seconds=553.645 bootstraps=74
node=1730/7814 op=repeat seconds=156.962 eta_seconds=551.999 bootstraps=74
node=1740/7814 op=addp seconds=157.446 eta_seconds=549.615 bootstraps=74
node=1750/7814 op=gather seconds=158.454 eta_seconds=549.064 bootstraps=74
node=1760/7814 op=mulp seconds=158.76 eta_seconds=546.099 bootstraps=74
node=1770/7814 op=cheb seconds=160.373 eta_seconds=547.625 bootstraps=76
node=1780/7814 op=cheb seconds=162.402 eta_seconds=550.523 bootstraps=76
node=1790/7814 op=mulp seconds=162.678 eta_seconds=547.47 bootstraps=76
node=1800/7814 op=gather seconds=163.146 eta_seconds=545.088 bootstraps=76
node=1810/7814 op=gather seconds=163.508 eta_seconds=542.378 bootstraps=76
node=1820/7814 op=scatter seconds=163.853 eta_seconds=539.634 bootstraps=76
node=1830/7814 op=mulp seconds=165.723 eta_seconds=541.906 bootstraps=78
node=1840/7814 op=scatter seconds=166.575 eta_seconds=540.825 bootstraps=78
node=1850/7814 op=add seconds=167.026 eta_seconds=538.455 bootstraps=78
node=1860/7814 op=mul seconds=167.705 eta_seconds=536.837 bootstraps=78
node=1870/7814 op=gather seconds=169.639 eta_seconds=539.218 bootstraps=80
node=1880/7814 op=cheb seconds=169.902 eta_seconds=536.274 bootstraps=80
node=1890/7814 op=mulp seconds=169.978 eta_seconds=532.779 bootstraps=80
node=1900/7814 op=mulp seconds=172.424 eta_seconds=536.693 bootstraps=82
node=1910/7814 op=mul seconds=172.921 eta_seconds=534.515 bootstraps=82
node=1920/7814 op=mulp seconds=173.24 eta_seconds=531.81 bootstraps=82
node=1930/7814 op=mul seconds=173.733 eta_seconds=529.661 bootstraps=82
node=1940/7814 op=cheb seconds=174.35 eta_seconds=527.902 bootstraps=82
node=1950/7814 op=scatter seconds=176.332 eta_seconds=530.262 bootstraps=84
node=1960/7814 op=sum seconds=176.982 eta_seconds=528.597 bootstraps=84
node=1970/7814 op=sum seconds=177.659 eta_seconds=527.026 bootstraps=84
node=1980/7814 op=gather seconds=178.651 eta_seconds=526.388 bootstraps=84
node=1990/7814 op=repeat seconds=178.917 eta_seconds=523.625 bootstraps=84
node=2000/7814 op=addp seconds=178.982 eta_seconds=520.3 bootstraps=84
node=2010/7814 op=mul seconds=182.179 eta_seconds=526.053 bootstraps=86
node=2020/7814 op=mulp seconds=182.867 eta_seconds=524.519 bootstraps=86
node=2030/7814 op=gather seconds=183.294 eta_seconds=522.252 bootstraps=86
node=2040/7814 op=gather seconds=183.653 eta_seconds=519.811 bootstraps=86
node=2050/7814 op=scatter seconds=183.997 eta_seconds=517.345 bootstraps=86
node=2060/7814 op=sum seconds=186.065 eta_seconds=519.717 bootstraps=88
node=2070/7814 op=scatter seconds=186.9 eta_seconds=518.626 bootstraps=88
node=2080/7814 op=repeat seconds=187.415 eta_seconds=516.652 bootstraps=88
node=2090/7814 op=linear_ref seconds=188.103 eta_seconds=515.167 bootstraps=88
node=2100/7814 op=mulp seconds=189.26 eta_seconds=514.966 bootstraps=90
node=2110/7814 op=mul seconds=190.117 eta_seconds=513.947 bootstraps=90
node=2120/7814 op=repeat seconds=190.311 eta_seconds=511.145 bootstraps=90
node=2130/7814 op=repeat seconds=193.225 eta_seconds=515.63 bootstraps=92
node=2140/7814 op=cheb seconds=193.786 eta_seconds=513.805 bootstraps=92
node=2150/7814 op=gather seconds=194.327 eta_seconds=511.939 bootstraps=92
node=2160/7814 op=linear_ref seconds=195.873 eta_seconds=512.716 bootstraps=92
node=2170/7814 op=add seconds=197.07 eta_seconds=512.565 bootstraps=94
node=2180/7814 op=mul seconds=197.629 eta_seconds=510.754 bootstraps=94
node=2190/7814 op=add seconds=197.892 eta_seconds=508.193 bootstraps=94
node=2200/7814 op=mul seconds=198.762 eta_seconds=507.205 bootstraps=94
node=2210/7814 op=gather seconds=199.762 eta_seconds=506.545 bootstraps=94
node=2220/7814 op=sum seconds=199.861 eta_seconds=503.615 bootstraps=94
node=2230/7814 op=mul seconds=201.454 eta_seconds=504.447 bootstraps=96
node=2240/7814 op=repeat seconds=204.285 eta_seconds=508.34 bootstraps=96
node=2250/7814 op=mulp seconds=204.872 eta_seconds=506.624 bootstraps=96
node=2260/7814 op=gather seconds=205.463 eta_seconds=504.929 bootstraps=96
node=2270/7814 op=mul seconds=206.274 eta_seconds=503.782 bootstraps=96
node=2280/7814 op=addp seconds=208.577 eta_seconds=506.257 bootstraps=98
node=2290/7814 op=scatter seconds=209.086 eta_seconds=504.362 bootstraps=98
node=2300/7814 op=add seconds=209.248 eta_seconds=501.65 bootstraps=98
node=2310/7814 op=sum seconds=209.726 eta_seconds=499.71 bootstraps=98
node=2320/7814 op=add seconds=210.238 eta_seconds=497.865 bootstraps=98
node=2330/7814 op=mulp seconds=211.806 eta_seconds=498.516 bootstraps=100
node=2340/7814 op=cheb seconds=212.698 eta_seconds=497.567 bootstraps=100
node=2350/7814 op=mulp seconds=212.758 eta_seconds=494.686 bootstraps=100
node=2360/7814 op=cheb seconds=215.476 eta_seconds=497.969 bootstraps=102
node=2370/7814 op=mul seconds=216.087 eta_seconds=496.363 bootstraps=102
node=2380/7814 op=gather seconds=216.447 eta_seconds=494.191 bootstraps=102
node=2390/7814 op=cheb seconds=217.831 eta_seconds=494.358 bootstraps=102
node=2400/7814 op=mul seconds=219.545 eta_seconds=495.256 bootstraps=104
node=2410/7814 op=add seconds=220.067 eta_seconds=493.461 bootstraps=104
node=2420/7814 op=add seconds=220.274 eta_seconds=490.975 bootstraps=104
node=2430/7814 op=cheb seconds=220.789 eta_seconds=489.188 bootstraps=104
node=2440/7814 op=gather seconds=221.683 eta_seconds=488.248 bootstraps=104
node=2450/7814 op=sum seconds=221.8 eta_seconds=485.606 bootstraps=104
node=2460/7814 op=addp seconds=224.067 eta_seconds=487.664 bootstraps=106
node=2470/7814 op=cheb seconds=225.325 eta_seconds=487.506 bootstraps=106
node=2480/7814 op=cheb seconds=226.251 eta_seconds=486.623 bootstraps=106
node=2490/7814 op=repeat seconds=226.453 eta_seconds=484.192 bootstraps=106
node=2500/7814 op=mulp seconds=227.695 eta_seconds=483.989 bootstraps=106
node=2510/7814 op=scatter seconds=229.857 eta_seconds=485.722 bootstraps=108
node=2520/7814 op=add seconds=229.913 eta_seconds=483 bootstraps=108
node=2530/7814 op=mul seconds=230.497 eta_seconds=481.402 bootstraps=108
node=2540/7814 op=add seconds=230.765 eta_seconds=479.155 bootstraps=108
node=2550/7814 op=repeat seconds=231.232 eta_seconds=477.336 bootstraps=108
node=2560/7814 op=gather seconds=233.117 eta_seconds=478.435 bootstraps=110
node=2570/7814 op=mulp seconds=233.243 eta_seconds=475.926 bootstraps=110
node=2580/7814 op=scatter seconds=234.093 eta_seconds=474.9 bootstraps=110
node=2590/7814 op=gather seconds=234.842 eta_seconds=473.674 bootstraps=110
node=2600/7814 op=cheb seconds=237.134 eta_seconds=475.545 bootstraps=112
node=2610/7814 op=repeat seconds=237.337 eta_seconds=473.218 bootstraps=112
node=2620/7814 op=add seconds=237.686 eta_seconds=471.199 bootstraps=112
node=2630/7814 op=mul seconds=238.312 eta_seconds=469.737 bootstraps=112
node=2640/7814 op=mul seconds=239.494 eta_seconds=469.371 bootstraps=112
node=2650/7814 op=scatter seconds=241.178 eta_seconds=469.978 bootstraps=114
node=2660/7814 op=add seconds=241.661 eta_seconds=468.24 bootstraps=114
node=2670/7814 op=gather seconds=242.661 eta_seconds=467.509 bootstraps=114
node=2680/7814 op=addp seconds=242.787 eta_seconds=465.1 bootstraps=114
node=2690/7814 op=sum seconds=245.054 eta_seconds=466.787 bootstraps=116
node=2700/7814 op=cheb seconds=246.282 eta_seconds=466.476 bootstraps=116
node=2710/7814 op=cheb seconds=246.992 eta_seconds=465.183 bootstraps=116
node=2720/7814 op=repeat seconds=247.369 eta_seconds=463.272 bootstraps=116
node=2730/7814 op=mul seconds=247.746 eta_seconds=461.37 bootstraps=116
node=2740/7814 op=add seconds=248.386 eta_seconds=459.967 bootstraps=116
node=2750/7814 op=cheb seconds=248.818 eta_seconds=458.187 bootstraps=116
node=2760/7814 op=scatter seconds=251.033 eta_seconds=459.682 bootstraps=118
node=2770/7814 op=mul seconds=251.671 eta_seconds=458.278 bootstraps=118
node=2780/7814 op=sum seconds=252.078 eta_seconds=456.46 bootstraps=118
node=2790/7814 op=linear_ref seconds=254.053 eta_seconds=457.478 bootstraps=120
node=2800/7814 op=mulp seconds=254.254 eta_seconds=455.296 bootstraps=120
node=2810/7814 op=sum seconds=256.53 eta_seconds=456.824 bootstraps=122
client_token=315 logit_margin=1.89749
node=2820/7814 op=sum seconds=257.944 eta_seconds=456.798 bootstraps=124
node=2830/7814 op=gather seconds=259.858 eta_seconds=457.643 bootstraps=124
node=2840/7814 op=cheb seconds=261.323 eta_seconds=457.682 bootstraps=124
node=2850/7814 op=mul seconds=262.339 eta_seconds=456.931 bootstraps=124
node=2860/7814 op=mulp seconds=262.73 eta_seconds=455.093 bootstraps=124
node=2870/7814 op=gather seconds=263.236 eta_seconds=453.464 bootstraps=124
node=2880/7814 op=scatter seconds=263.601 eta_seconds=451.599 bootstraps=124
node=2890/7814 op=mul seconds=264.25 eta_seconds=450.23 bootstraps=124
node=2900/7814 op=mul seconds=264.726 eta_seconds=448.573 bootstraps=124
node=2910/7814 op=scatter seconds=266.094 eta_seconds=448.428 bootstraps=126
node=2920/7814 op=mul seconds=266.499 eta_seconds=446.66 bootstraps=126
node=2930/7814 op=mul seconds=266.717 eta_seconds=444.589 bootstraps=126
node=2940/7814 op=mul seconds=268.589 eta_seconds=445.273 bootstraps=128
node=2950/7814 op=scatter seconds=270.696 eta_seconds=446.327 bootstraps=130
node=2960/7814 op=gather seconds=272.414 eta_seconds=446.722 bootstraps=132
node=2970/7814 op=mulp seconds=272.487 eta_seconds=444.42 bootstraps=132
node=2980/7814 op=cheb seconds=274.511 eta_seconds=445.297 bootstraps=134
node=2990/7814 op=cheb seconds=275.4 eta_seconds=444.324 bootstraps=134
node=3000/7814 op=repeat seconds=275.645 eta_seconds=442.318 bootstraps=134
node=3010/7814 op=add seconds=275.967 eta_seconds=440.447 bootstraps=134
node=3020/7814 op=mul seconds=276.552 eta_seconds=439.003 bootstraps=134
node=3030/7814 op=scatter seconds=278.442 eta_seconds=439.625 bootstraps=136
node=3040/7814 op=mul seconds=278.873 eta_seconds=437.941 bootstraps=136
node=3050/7814 op=sum seconds=279.4 eta_seconds=436.413 bootstraps=136
node=3060/7814 op=add seconds=279.911 eta_seconds=434.868 bootstraps=136
node=3070/7814 op=repeat seconds=281.446 eta_seconds=434.912 bootstraps=138
node=3080/7814 op=mul seconds=283.704 eta_seconds=436.057 bootstraps=140
node=3090/7814 op=gather seconds=285.563 eta_seconds=436.57 bootstraps=142
node=3100/7814 op=mul seconds=285.685 eta_seconds=434.425 bootstraps=142
node=3110/7814 op=mul seconds=287.967 eta_seconds=435.561 bootstraps=144
node=3120/7814 op=cheb seconds=288.812 eta_seconds=434.514 bootstraps=144
node=3130/7814 op=repeat seconds=289.058 eta_seconds=432.571 bootstraps=144
node=3140/7814 op=add seconds=289.403 eta_seconds=430.786 bootstraps=144
node=3150/7814 op=mul seconds=290.005 eta_seconds=429.392 bootstraps=144
node=3160/7814 op=scatter seconds=291.785 eta_seconds=429.736 bootstraps=146
node=3170/7814 op=mul seconds=292.385 eta_seconds=428.339 bootstraps=146
node=3180/7814 op=mul seconds=292.799 eta_seconds=426.677 bootstraps=146
node=3190/7814 op=mul seconds=293.422 eta_seconds=425.324 bootstraps=146
node=3200/7814 op=cheb seconds=294.849 eta_seconds=425.136 bootstraps=148
node=3210/7814 op=add seconds=297.168 eta_seconds=426.218 bootstraps=150
node=3220/7814 op=linear_ref seconds=298.819 eta_seconds=426.328 bootstraps=152
node=3230/7814 op=mul seconds=298.879 eta_seconds=424.168 bootstraps=152
node=3240/7814 op=cheb seconds=300.908 eta_seconds=424.8 bootstraps=154
node=3250/7814 op=cheb seconds=301.523 eta_seconds=423.431 bootstraps=154
node=3260/7814 op=repeat seconds=301.896 eta_seconds=421.728 bootstraps=154
node=3270/7814 op=mul seconds=302.271 eta_seconds=420.037 bootstraps=154
node=3280/7814 op=add seconds=302.893 eta_seconds=418.695 bootstraps=154
node=3290/7814 op=mul seconds=303.194 eta_seconds=416.914 bootstraps=154
node=3300/7814 op=scatter seconds=305.007 eta_seconds=417.213 bootstraps=156
node=3310/7814 op=add seconds=305.487 eta_seconds=415.684 bootstraps=156
node=3320/7814 op=repeat seconds=305.787 eta_seconds=413.917 bootstraps=156
node=3330/7814 op=addp seconds=307.447 eta_seconds=413.992 bootstraps=158
node=3340/7814 op=linear_ref seconds=310.658 eta_seconds=416.133 bootstraps=162
node=3350/7814 op=mulp seconds=311.692 eta_seconds=415.341 bootstraps=164
node=3360/7814 op=addp seconds=312.367 eta_seconds=414.072 bootstraps=164
node=3370/7814 op=cheb seconds=313.894 eta_seconds=413.93 bootstraps=166
node=3380/7814 op=cheb seconds=315.443 eta_seconds=413.81 bootstraps=166
node=3390/7814 op=repeat seconds=315.924 eta_seconds=412.285 bootstraps=166
node=3400/7814 op=gather seconds=316.689 eta_seconds=411.137 bootstraps=166
node=3410/7814 op=cheb seconds=317.255 eta_seconds=409.734 bootstraps=166
node=3420/7814 op=scatter seconds=319.234 eta_seconds=410.151 bootstraps=168
node=3430/7814 op=scatter seconds=319.498 eta_seconds=408.361 bootstraps=168
node=3440/7814 op=mul seconds=319.93 eta_seconds=406.794 bootstraps=168
node=3450/7814 op=mul seconds=320.341 eta_seconds=405.208 bootstraps=168
node=3460/7814 op=mulp seconds=321.835 eta_seconds=404.991 bootstraps=170
node=3470/7814 op=mul seconds=323.753 eta_seconds=405.297 bootstraps=172
node=3480/7814 op=mul seconds=325.386 eta_seconds=405.237 bootstraps=174
node=3490/7814 op=gather seconds=326.247 eta_seconds=404.21 bootstraps=174
node=3500/7814 op=addp seconds=326.338 eta_seconds=402.235 bootstraps=174
node=3510/7814 op=mulp seconds=328.852 eta_seconds=403.242 bootstraps=176
node=3520/7814 op=mul seconds=329.317 eta_seconds=401.729 bootstraps=176
node=3530/7814 op=mulp seconds=329.713 eta_seconds=400.139 bootstraps=176
node=3540/7814 op=mul seconds=330.314 eta_seconds=398.803 bootstraps=176
node=3550/7814 op=mul seconds=330.593 eta_seconds=397.085 bootstraps=176
node=3560/7814 op=scatter seconds=332.331 eta_seconds=397.117 bootstraps=178
node=3570/7814 op=repeat seconds=333.027 eta_seconds=395.901 bootstraps=178
node=3580/7814 op=sum seconds=333.383 eta_seconds=394.286 bootstraps=178
node=3590/7814 op=sum seconds=334.05 eta_seconds=393.044 bootstraps=178
node=3600/7814 op=cheb seconds=336.939 eta_seconds=394.406 bootstraps=182
node=3610/7814 op=repeat seconds=338.582 eta_seconds=394.293 bootstraps=184
node=3620/7814 op=gather seconds=339.43 eta_seconds=393.251 bootstraps=184
node=3630/7814 op=mulp seconds=339.533 eta_seconds=391.351 bootstraps=184
node=3640/7814 op=mul seconds=342.148 eta_seconds=392.342 bootstraps=186
node=3650/7814 op=repeat seconds=342.558 eta_seconds=390.798 bootstraps=186
node=3660/7814 op=scatter seconds=343.22 eta_seconds=389.546 bootstraps=186
node=3670/7814 op=mul seconds=345.164 eta_seconds=389.743 bootstraps=188
node=3680/7814 op=scatter seconds=345.761 eta_seconds=388.417 bootstraps=188
node=3690/7814 op=scatter seconds=345.969 eta_seconds=386.66 bootstraps=188
node=3700/7814 op=mul seconds=346.225 eta_seconds=384.964 bootstraps=188
node=3710/7814 op=mul seconds=346.525 eta_seconds=383.325 bootstraps=188
node=3720/7814 op=scatter seconds=348.292 eta_seconds=383.308 bootstraps=190
node=3730/7814 op=gather seconds=349.053 eta_seconds=382.18 bootstraps=190
node=3740/7814 op=cheb seconds=351.652 eta_seconds=383.056 bootstraps=194
node=3750/7814 op=gather seconds=352.587 eta_seconds=382.11 bootstraps=194
node=3760/7814 op=addp seconds=352.876 eta_seconds=380.468 bootstraps=194
node=3770/7814 op=mul seconds=355.051 eta_seconds=380.856 bootstraps=196
node=3780/7814 op=repeat seconds=355.543 eta_seconds=379.434 bootstraps=196
node=3790/7814 op=addp seconds=355.749 eta_seconds=377.714 bootstraps=196
node=3800/7814 op=gather seconds=356.15 eta_seconds=376.207 bootstraps=196
node=3810/7814 op=add seconds=356.514 eta_seconds=374.667 bootstraps=196
node=3820/7814 op=scatter seconds=358.493 eta_seconds=374.823 bootstraps=198
node=3830/7814 op=sum seconds=358.904 eta_seconds=373.335 bootstraps=198
node=3840/7814 op=add seconds=359.344 eta_seconds=371.884 bootstraps=198
node=3850/7814 op=mul seconds=360.023 eta_seconds=370.684 bootstraps=198
node=3860/7814 op=gather seconds=361.87 eta_seconds=370.682 bootstraps=200
node=3870/7814 op=addp seconds=363.4 eta_seconds=370.349 bootstraps=202
node=3880/7814 op=gather seconds=365.267 eta_seconds=370.351 bootstraps=204
node=3890/7814 op=sum seconds=365.542 eta_seconds=368.737 bootstraps=204
node=3900/7814 op=cheb seconds=367.668 eta_seconds=368.988 bootstraps=206
node=3910/7814 op=mul seconds=368.366 eta_seconds=367.8 bootstraps=206
node=3920/7814 op=gather seconds=368.671 eta_seconds=366.226 bootstraps=206
node=3930/7814 op=scatter seconds=369.032 eta_seconds=364.712 bootstraps=206
node=3940/7814 op=gather seconds=369.44 eta_seconds=363.252 bootstraps=206
node=3950/7814 op=add seconds=371.533 eta_seconds=363.444 bootstraps=208
node=3960/7814 op=mul seconds=371.818 eta_seconds=361.866 bootstraps=208
node=3970/7814 op=mul seconds=372.585 eta_seconds=360.76 bootstraps=208
node=3980/7814 op=add seconds=373.261 eta_seconds=359.568 bootstraps=208
node=3990/7814 op=linear_ref seconds=375.102 eta_seconds=359.496 bootstraps=210
node=4000/7814 op=mulp seconds=376.632 eta_seconds=359.118 bootstraps=212
node=4010/7814 op=gather seconds=378.478 eta_seconds=359.035 bootstraps=214
node=4020/7814 op=mul seconds=378.563 eta_seconds=357.281 bootstraps=214
node=4030/7814 op=repeat seconds=381.988 eta_seconds=358.671 bootstraps=216
node=4040/7814 op=mulp seconds=382.563 eta_seconds=357.375 bootstraps=216
node=4050/7814 op=gather seconds=383.161 eta_seconds=356.103 bootstraps=216
node=4060/7814 op=mul seconds=383.984 eta_seconds=355.043 bootstraps=216
node=4070/7814 op=scatter seconds=385.695 eta_seconds=354.802 bootstraps=218
node=4080/7814 op=mul seconds=386.077 eta_seconds=353.336 bootstraps=218
node=4090/7814 op=add seconds=386.343 eta_seconds=351.771 bootstraps=218
node=4100/7814 op=repeat seconds=387.039 eta_seconds=350.601 bootstraps=218
node=4110/7814 op=linear_ref seconds=387.758 eta_seconds=349.454 bootstraps=218
node=4120/7814 op=mulp seconds=388.845 eta_seconds=348.64 bootstraps=220
node=4130/7814 op=sum seconds=391.167 eta_seconds=348.925 bootstraps=222
node=4140/7814 op=gather seconds=393.014 eta_seconds=348.776 bootstraps=224
node=4150/7814 op=mulp seconds=393.138 eta_seconds=347.099 bootstraps=224
node=4160/7814 op=cheb seconds=395.253 eta_seconds=347.177 bootstraps=226
node=4170/7814 op=repeat seconds=396.049 eta_seconds=346.092 bootstraps=226
node=4180/7814 op=addp seconds=396.235 eta_seconds=344.478 bootstraps=226
node=4190/7814 op=addp seconds=397.463 eta_seconds=343.772 bootstraps=226
node=4200/7814 op=add seconds=398.774 eta_seconds=343.136 bootstraps=228
node=4210/7814 op=mul seconds=399.299 eta_seconds=341.822 bootstraps=228
node=4220/7814 op=mul seconds=399.571 eta_seconds=340.298 bootstraps=228
node=4230/7814 op=mul seconds=399.977 eta_seconds=338.893 bootstraps=228
node=4240/7814 op=mul seconds=400.194 eta_seconds=337.333 bootstraps=228
node=4250/7814 op=mul seconds=402.007 eta_seconds=337.118 bootstraps=230
node=4260/7814 op=scatter seconds=404.181 eta_seconds=337.197 bootstraps=232
node=4270/7814 op=gather seconds=406.048 eta_seconds=337.01 bootstraps=234
node=4280/7814 op=sum seconds=406.179 eta_seconds=335.383 bootstraps=234
node=4290/7814 op=cheb seconds=408.157 eta_seconds=335.279 bootstraps=236
node=4300/7814 op=cheb seconds=409.022 eta_seconds=334.257 bootstraps=236
node=4310/7814 op=repeat seconds=409.226 eta_seconds=332.698 bootstraps=236
node=4320/7814 op=add seconds=409.573 eta_seconds=331.261 bootstraps=236
node=4330/7814 op=mul seconds=410.198 eta_seconds=330.053 bootstraps=236
node=4340/7814 op=scatter seconds=412.052 eta_seconds=329.831 bootstraps=238
node=4350/7814 op=mul seconds=412.463 eta_seconds=328.453 bootstraps=238
node=4360/7814 op=sum seconds=412.868 eta_seconds=327.075 bootstraps=238
node=4370/7814 op=add seconds=413.083 eta_seconds=325.551 bootstraps=238
node=4380/7814 op=repeat seconds=414.899 eta_seconds=325.288 bootstraps=240
node=4390/7814 op=mul seconds=417.171 eta_seconds=325.374 bootstraps=242
client_token=279 logit_margin=2.90222
node=4400/7814 op=mul seconds=418.535 eta_seconds=324.745 bootstraps=244
node=4410/7814 op=gather seconds=420.515 eta_seconds=324.588 bootstraps=244
node=4420/7814 op=cheb seconds=421.961 eta_seconds=324.012 bootstraps=244
node=4430/7814 op=cheb seconds=422.937 eta_seconds=323.074 bootstraps=244
node=4440/7814 op=mul seconds=423.413 eta_seconds=321.756 bootstraps=244
node=4450/7814 op=repeat seconds=423.772 eta_seconds=320.352 bootstraps=244
node=4460/7814 op=add seconds=424.145 eta_seconds=318.965 bootstraps=244
node=4470/7814 op=mulp seconds=424.988 eta_seconds=317.933 bootstraps=244
node=4480/7814 op=mulp seconds=425.455 eta_seconds=316.622 bootstraps=244
node=4490/7814 op=cheb seconds=425.651 eta_seconds=315.115 bootstraps=244
node=4500/7814 op=add seconds=427.208 eta_seconds=314.615 bootstraps=246
node=4510/7814 op=repeat seconds=427.505 eta_seconds=313.188 bootstraps=246
node=4520/7814 op=linear_ref seconds=429.291 eta_seconds=312.851 bootstraps=248
node=4530/7814 op=mulp seconds=429.54 eta_seconds=311.393 bootstraps=248
node=4540/7814 op=sum seconds=431.682 eta_seconds=311.305 bootstraps=250
node=4550/7814 op=gather seconds=433.389 eta_seconds=310.897 bootstraps=252
node=4560/7814 op=addp seconds=433.454 eta_seconds=309.311 bootstraps=252
node=4570/7814 op=cheb seconds=435.624 eta_seconds=309.226 bootstraps=254
node=4580/7814 op=repeat seconds=436.377 eta_seconds=308.132 bootstraps=254
node=4590/7814 op=addp seconds=436.605 eta_seconds=306.67 bootstraps=254
node=4600/7814 op=gather seconds=437.07 eta_seconds=305.379 bootstraps=254
node=4610/7814 op=add seconds=437.511 eta_seconds=304.075 bootstraps=254
node=4620/7814 op=add seconds=439.406 eta_seconds=303.78 bootstraps=256
node=4630/7814 op=mul seconds=439.838 eta_seconds=302.472 bootstraps=256
node=4640/7814 op=sum seconds=440.346 eta_seconds=301.22 bootstraps=256
node=4650/7814 op=add seconds=440.827 eta_seconds=299.952 bootstraps=256
node=4660/7814 op=mul seconds=442.383 eta_seconds=299.415 bootstraps=258
node=4670/7814 op=gather seconds=443.252 eta_seconds=298.412 bootstraps=258
node=4680/7814 op=addp seconds=444.914 eta_seconds=297.94 bootstraps=260
node=4690/7814 op=gather seconds=446.768 eta_seconds=297.591 bootstraps=262
node=4700/7814 op=mul seconds=446.88 eta_seconds=296.082 bootstraps=262
node=4710/7814 op=repeat seconds=449.739 eta_seconds=296.389 bootstraps=264
node=4720/7814 op=cheb seconds=450.186 eta_seconds=295.101 bootstraps=264
node=4730/7814 op=mul seconds=450.608 eta_seconds=293.8 bootstraps=264
node=4740/7814 op=gather seconds=451.208 eta_seconds=292.619 bootstraps=264
node=4750/7814 op=mulp seconds=451.479 eta_seconds=291.228 bootstraps=264
node=4760/7814 op=add seconds=453.338 eta_seconds=290.86 bootstraps=266
node=4770/7814 op=add seconds=453.616 eta_seconds=289.477 bootstraps=266
node=4780/7814 op=repeat seconds=454.286 eta_seconds=288.348 bootstraps=266
node=4790/7814 op=sum seconds=454.721 eta_seconds=287.072 bootstraps=266
node=4800/7814 op=sum seconds=456.2 eta_seconds=286.455 bootstraps=268
node=4810/7814 op=cheb seconds=457.981 eta_seconds=286.024 bootstraps=270
node=4820/7814 op=repeat seconds=459.608 eta_seconds=285.491 bootstraps=272
node=4830/7814 op=gather seconds=460.275 eta_seconds=284.36 bootstraps=272
node=4840/7814 op=addp seconds=460.329 eta_seconds=282.855 bootstraps=272
node=4850/7814 op=mul seconds=462.823 eta_seconds=282.847 bootstraps=274
node=4860/7814 op=repeat seconds=463.236 eta_seconds=281.563 bootstraps=274
node=4870/7814 op=mul seconds=463.644 eta_seconds=280.281 bootstraps=274
node=4880/7814 op=mul seconds=464.268 eta_seconds=279.132 bootstraps=274
node=4890/7814 op=addp seconds=464.558 eta_seconds=277.785 bootstraps=274
node=4900/7814 op=scatter seconds=466.178 eta_seconds=277.233 bootstraps=276
node=4910/7814 op=sum seconds=466.77 eta_seconds=276.069 bootstraps=276
node=4920/7814 op=add seconds=467.068 eta_seconds=274.735 bootstraps=276
node=4930/7814 op=repeat seconds=467.366 eta_seconds=273.404 bootstraps=276
node=4940/7814 op=addp seconds=469.026 eta_seconds=272.871 bootstraps=278
node=4950/7814 op=linear_ref seconds=472.223 eta_seconds=273.222 bootstraps=282
node=4960/7814 op=mulp seconds=473.249 eta_seconds=272.309 bootstraps=284
node=4970/7814 op=addp seconds=473.943 eta_seconds=271.206 bootstraps=284
node=4980/7814 op=cheb seconds=475.481 eta_seconds=270.585 bootstraps=286
node=4990/7814 op=cheb seconds=476.997 eta_seconds=269.948 bootstraps=286
node=5000/7814 op=repeat seconds=477.477 eta_seconds=268.724 bootstraps=286
node=5010/7814 op=gather seconds=478.246 eta_seconds=267.665 bootstraps=286
node=5020/7814 op=cheb seconds=478.82 eta_seconds=266.499 bootstraps=286
node=5030/7814 op=scatter seconds=480.855 eta_seconds=266.143 bootstraps=288
node=5040/7814 op=scatter seconds=481.12 eta_seconds=264.807 bootstraps=288
node=5050/7814 op=repeat seconds=481.553 eta_seconds=263.567 bootstraps=288
node=5060/7814 op=sum seconds=481.953 eta_seconds=262.312 bootstraps=288
node=5070/7814 op=add seconds=482.426 eta_seconds=261.1 bootstraps=288
node=5080/7814 op=repeat seconds=483.88 eta_seconds=260.419 bootstraps=290
node=5090/7814 op=mul seconds=486.141 eta_seconds=260.167 bootstraps=292
node=5100/7814 op=gather seconds=487.996 eta_seconds=259.691 bootstraps=294
node=5110/7814 op=mul seconds=488.116 eta_seconds=258.291 bootstraps=294
node=5120/7814 op=mul seconds=490.091 eta_seconds=257.872 bootstraps=296
node=5130/7814 op=cheb seconds=490.844 eta_seconds=256.808 bootstraps=296
node=5140/7814 op=addp seconds=491.202 eta_seconds=255.54 bootstraps=296
node=5150/7814 op=mul seconds=491.572 eta_seconds=254.281 bootstraps=296
node=5160/7814 op=mul seconds=492.177 eta_seconds=253.147 bootstraps=296
node=5170/7814 op=mul seconds=492.464 eta_seconds=251.852 bootstraps=296
node=5180/7814 op=scatter seconds=494.349 eta_seconds=251.374 bootstraps=298
node=5190/7814 op=add seconds=494.956 eta_seconds=250.244 bootstraps=298
node=5200/7814 op=repeat seconds=495.413 eta_seconds=249.041 bootstraps=298
node=5210/7814 op=linear_ref seconds=496.185 eta_seconds=247.997 bootstraps=298
node=5220/7814 op=mulp seconds=497.256 eta_seconds=247.104 bootstraps=300
node=5230/7814 op=sum seconds=499.689 eta_seconds=246.883 bootstraps=302
node=5240/7814 op=gather seconds=501.537 eta_seconds=246.366 bootstraps=304
node=5250/7814 op=mulp seconds=501.663 eta_seconds=245.002 bootstraps=304
node=5260/7814 op=cheb seconds=503.801 eta_seconds=244.621 bootstraps=306
node=5270/7814 op=repeat seconds=504.603 eta_seconds=243.588 bootstraps=306
node=5280/7814 op=addp seconds=504.792 eta_seconds=242.262 bootstraps=306
node=5290/7814 op=addp seconds=506.022 eta_seconds=241.437 bootstraps=306
node=5300/7814 op=add seconds=507.361 eta_seconds=240.661 bootstraps=308
node=5310/7814 op=mul seconds=507.928 eta_seconds=239.52 bootstraps=308
node=5320/7814 op=mul seconds=508.2 eta_seconds=238.243 bootstraps=308
node=5330/7814 op=sum seconds=508.61 eta_seconds=237.033 bootstraps=308
node=5340/7814 op=add seconds=508.824 eta_seconds=235.736 bootstraps=308
node=5350/7814 op=mul seconds=510.654 eta_seconds=235.187 bootstraps=310
node=5360/7814 op=gather seconds=511.413 eta_seconds=234.143 bootstraps=310
node=5370/7814 op=addp seconds=513.086 eta_seconds=233.516 bootstraps=312
node=5380/7814 op=gather seconds=514.939 eta_seconds=232.967 bootstraps=314
node=5390/7814 op=mulp seconds=515.24 eta_seconds=231.715 bootstraps=314
node=5400/7814 op=cheb seconds=517.42 eta_seconds=231.306 bootstraps=316
node=5410/7814 op=cheb seconds=517.899 eta_seconds=230.135 bootstraps=316
node=5420/7814 op=repeat seconds=518.123 eta_seconds=228.854 bootstraps=316
node=5430/7814 op=add seconds=518.405 eta_seconds=227.602 bootstraps=316
node=5440/7814 op=mul seconds=518.887 eta_seconds=226.441 bootstraps=316
node=5450/7814 op=add seconds=520.818 eta_seconds=225.911 bootstraps=318
node=5460/7814 op=add seconds=521.103 eta_seconds=224.666 bootstraps=318
node=5470/7814 op=repeat seconds=521.769 eta_seconds=223.588 bootstraps=318
node=5480/7814 op=sum seconds=522.117 eta_seconds=222.376 bootstraps=318
node=5490/7814 op=sum seconds=522.692 eta_seconds=221.263 bootstraps=318
node=5500/7814 op=cheb seconds=525.529 eta_seconds=221.104 bootstraps=322
node=5510/7814 op=repeat seconds=527.055 eta_seconds=220.388 bootstraps=324
node=5520/7814 op=gather seconds=527.953 eta_seconds=219.407 bootstraps=324
node=5530/7814 op=addp seconds=528.208 eta_seconds=218.16 bootstraps=324
node=5540/7814 op=repeat seconds=530.649 eta_seconds=217.815 bootstraps=326
node=5550/7814 op=cheb seconds=531.134 eta_seconds=216.664 bootstraps=326
node=5560/7814 op=mul seconds=531.478 eta_seconds=215.459 bootstraps=326
node=5570/7814 op=gather seconds=531.981 eta_seconds=214.321 bootstraps=326
node=5580/7814 op=mul seconds=532.206 eta_seconds=213.073 bootstraps=326
node=5590/7814 op=scatter seconds=534.367 eta_seconds=212.6 bootstraps=328
node=5600/7814 op=sum seconds=534.686 eta_seconds=211.392 bootstraps=328
node=5610/7814 op=add seconds=535.206 eta_seconds=210.266 bootstraps=328
node=5620/7814 op=repeat seconds=535.765 eta_seconds=209.158 bootstraps=328
node=5630/7814 op=addp seconds=537.083 eta_seconds=208.346 bootstraps=330
node=5640/7814 op=linear_ref seconds=539.645 eta_seconds=208.012 bootstraps=332
node=5650/7814 op=mulp seconds=540.722 eta_seconds=207.101 bootstraps=334
node=5660/7814 op=addp seconds=541.577 eta_seconds=206.105 bootstraps=334
node=5670/7814 op=cheb seconds=543.144 eta_seconds=205.379 bootstraps=336
node=5680/7814 op=cheb seconds=545.317 eta_seconds=204.878 bootstraps=336
node=5690/7814 op=repeat seconds=545.857 eta_seconds=203.761 bootstraps=336
node=5700/7814 op=gather seconds=546.904 eta_seconds=202.834 bootstraps=336
node=5710/7814 op=mulp seconds=548.528 eta_seconds=202.12 bootstraps=338
node=5720/7814 op=mul seconds=549.102 eta_seconds=201.017 bootstraps=338
node=5730/7814 op=scatter seconds=549.37 eta_seconds=199.806 bootstraps=338
node=5740/7814 op=repeat seconds=549.764 eta_seconds=198.643 bootstraps=338
node=5750/7814 op=sum seconds=550.182 eta_seconds=197.491 bootstraps=338
node=5760/7814 op=add seconds=550.689 eta_seconds=196.374 bootstraps=338
node=5770/7814 op=repeat seconds=552.156 eta_seconds=195.599 bootstraps=340
node=5780/7814 op=mul seconds=554.429 eta_seconds=195.105 bootstraps=342
node=5790/7814 op=gather seconds=556.285 eta_seconds=194.459 bootstraps=344
node=5800/7814 op=mul seconds=556.405 eta_seconds=193.207 bootstraps=344
node=5810/7814 op=mul seconds=558.364 eta_seconds=192.592 bootstraps=346
node=5820/7814 op=cheb seconds=559.186 eta_seconds=191.584 bootstraps=346
node=5830/7814 op=addp seconds=559.536 eta_seconds=190.415 bootstraps=346
node=5840/7814 op=scatter seconds=560.792 eta_seconds=189.555 bootstraps=346
node=5850/7814 op=mul seconds=562.106 eta_seconds=188.714 bootstraps=348
node=5860/7814 op=mulp seconds=562.627 eta_seconds=187.606 bootstraps=348
node=5870/7814 op=mul seconds=562.895 eta_seconds=186.417 bootstraps=348
node=5880/7814 op=add seconds=563.225 eta_seconds=185.251 bootstraps=348
node=5890/7814 op=repeat seconds=563.525 eta_seconds=184.079 bootstraps=348
node=5900/7814 op=linear_ref seconds=565.354 eta_seconds=183.405 bootstraps=350
node=5910/7814 op=mulp seconds=565.554 eta_seconds=182.202 bootstraps=350
node=5920/7814 op=sum seconds=567.763 eta_seconds=181.646 bootstraps=352
node=5930/7814 op=gather seconds=569.607 eta_seconds=180.968 bootstraps=354
node=5940/7814 op=mulp seconds=569.733 eta_seconds=179.744 bootstraps=354
node=5950/7814 op=cheb seconds=571.856 eta_seconds=179.149 bootstraps=356
node=5960/7814 op=repeat seconds=572.609 eta_seconds=178.124 bootstraps=356
node=5970/7814 op=addp seconds=572.795 eta_seconds=176.924 bootstraps=356
node=5980/7814 op=gather seconds=573.294 eta_seconds=175.823 bootstraps=356
node=5990/7814 op=add seconds=573.766 eta_seconds=174.716 bootstraps=356
node=6000/7814 op=add seconds=575.636 eta_seconds=174.034 bootstraps=358
node=6010/7814 op=mul seconds=576.069 eta_seconds=172.917 bootstraps=358
node=6020/7814 op=sum seconds=576.478 eta_seconds=171.794 bootstraps=358
node=6030/7814 op=add seconds=576.699 eta_seconds=170.619 bootstraps=358
node=6040/7814 op=mul seconds=578.529 eta_seconds=169.919 bootstraps=360
node=6050/7814 op=gather seconds=579.276 eta_seconds=168.9 bootstraps=360
node=6060/7814 op=addp seconds=581.035 eta_seconds=168.174 bootstraps=362
client_token=1614 logit_margin=0.201377
node=6070/7814 op=addp seconds=582.62 eta_seconds=167.395 bootstraps=364
node=6080/7814 op=gather seconds=584.568 eta_seconds=166.717 bootstraps=364
node=6090/7814 op=cheb seconds=586.419 eta_seconds=166.008 bootstraps=364
node=6100/7814 op=mulp seconds=587.088 eta_seconds=164.962 bootstraps=364
node=6110/7814 op=cheb seconds=587.633 eta_seconds=163.883 bootstraps=364
node=6120/7814 op=mul seconds=588.082 eta_seconds=162.78 bootstraps=364
node=6130/7814 op=gather seconds=588.462 eta_seconds=161.659 bootstraps=364
node=6140/7814 op=add seconds=588.946 eta_seconds=160.569 bootstraps=364
node=6150/7814 op=mul seconds=589.434 eta_seconds=159.483 bootstraps=364
node=6160/7814 op=scatter seconds=590.879 eta_seconds=158.655 bootstraps=366
node=6170/7814 op=mul seconds=591.29 eta_seconds=157.55 bootstraps=366
node=6180/7814 op=mul seconds=591.51 eta_seconds=156.396 bootstraps=366
node=6190/7814 op=mul seconds=591.809 eta_seconds=155.266 bootstraps=366
node=6200/7814 op=cheb seconds=593.654 eta_seconds=154.542 bootstraps=368
node=6210/7814 op=add seconds=595.792 eta_seconds=153.889 bootstraps=370
node=6220/7814 op=linear_ref seconds=597.506 eta_seconds=153.123 bootstraps=372
node=6230/7814 op=mul seconds=597.566 eta_seconds=151.933 bootstraps=372
node=6240/7814 op=cheb seconds=599.561 eta_seconds=151.235 bootstraps=374
node=6250/7814 op=cheb seconds=600.183 eta_seconds=150.19 bootstraps=374
node=6260/7814 op=repeat seconds=600.662 eta_seconds=149.11 bootstraps=374
node=6270/7814 op=mul seconds=601.013 eta_seconds=148.001 bootstraps=374
node=6280/7814 op=add seconds=601.595 eta_seconds=146.95 bootstraps=374
node=6290/7814 op=cheb seconds=602.007 eta_seconds=145.86 bootstraps=374
node=6300/7814 op=add seconds=603.898 eta_seconds=145.127 bootstraps=376
node=6310/7814 op=repeat seconds=604.359 eta_seconds=144.05 bootstraps=376
node=6320/7814 op=sum seconds=604.758 eta_seconds=142.96 bootstraps=376
node=6330/7814 op=add seconds=605.236 eta_seconds=141.891 bootstraps=376
node=6340/7814 op=mul seconds=606.738 eta_seconds=141.062 bootstraps=378
node=6350/7814 op=gather seconds=607.601 eta_seconds=140.083 bootstraps=378
node=6360/7814 op=addp seconds=609.257 eta_seconds=139.286 bootstraps=380
node=6370/7814 op=gather seconds=611.13 eta_seconds=138.536 bootstraps=382
node=6380/7814 op=mul seconds=611.242 eta_seconds=137.386 bootstraps=382
node=6390/7814 op=repeat seconds=614.076 eta_seconds=136.846 bootstraps=384
node=6400/7814 op=cheb seconds=614.526 eta_seconds=135.772 bootstraps=384
node=6410/7814 op=mul seconds=614.95 eta_seconds=134.694 bootstraps=384
node=6420/7814 op=gather seconds=615.552 eta_seconds=133.657 bootstraps=384
node=6430/7814 op=mulp seconds=615.824 eta_seconds=132.551 bootstraps=384
node=6440/7814 op=add seconds=617.674 eta_seconds=131.783 bootstraps=386
node=6450/7814 op=mul seconds=617.957 eta_seconds=130.681 bootstraps=386
node=6460/7814 op=mul seconds=618.535 eta_seconds=129.643 bootstraps=386
node=6470/7814 op=mul seconds=618.979 eta_seconds=128.579 bootstraps=386
node=6480/7814 op=mul seconds=619.605 eta_seconds=127.555 bootstraps=386
node=6490/7814 op=cheb seconds=620.961 eta_seconds=126.68 bootstraps=388
node=6500/7814 op=add seconds=623.217 eta_seconds=125.986 bootstraps=390
node=6510/7814 op=linear_ref seconds=624.863 eta_seconds=125.165 bootstraps=392
node=6520/7814 op=mul seconds=624.919 eta_seconds=124.025 bootstraps=392
node=6530/7814 op=cheb seconds=626.925 eta_seconds=123.273 bootstraps=394
node=6540/7814 op=cheb seconds=627.537 eta_seconds=122.245 bootstraps=394
node=6550/7814 op=repeat seconds=627.906 eta_seconds=121.172 bootstraps=394
node=6560/7814 op=mul seconds=628.279 eta_seconds=120.101 bootstraps=394
node=6570/7814 op=add seconds=628.904 eta_seconds=119.08 bootstraps=394
node=6580/7814 op=mul seconds=629.201 eta_seconds=117.999 bootstraps=394
node=6590/7814 op=scatter seconds=631 eta_seconds=117.199 bootstraps=396
node=6600/7814 op=repeat seconds=631.576 eta_seconds=116.172 bootstraps=396
node=6610/7814 op=sum seconds=631.814 eta_seconds=115.084 bootstraps=396
node=6620/7814 op=add seconds=632.03 eta_seconds=113.994 bootstraps=396
node=6630/7814 op=mul seconds=633.804 eta_seconds=113.186 bootstraps=398
node=6640/7814 op=gather seconds=635.455 eta_seconds=112.353 bootstraps=400
node=6650/7814 op=addp seconds=637.074 eta_seconds=111.512 bootstraps=402
node=6660/7814 op=gather seconds=638.704 eta_seconds=110.67 bootstraps=404
node=6670/7814 op=sum seconds=638.771 eta_seconds=109.558 bootstraps=404
node=6680/7814 op=repeat seconds=641.689 eta_seconds=108.933 bootstraps=406
node=6690/7814 op=cheb seconds=642.179 eta_seconds=107.894 bootstraps=406
node=6700/7814 op=mul seconds=642.574 eta_seconds=106.84 bootstraps=406
node=6710/7814 op=mulp seconds=643.419 eta_seconds=105.862 bootstraps=406
node=6720/7814 op=add seconds=645.008 eta_seconds=105.006 bootstraps=408
node=6730/7814 op=add seconds=645.53 eta_seconds=103.975 bootstraps=408
node=6740/7814 op=mul seconds=645.803 eta_seconds=102.907 bootstraps=408
node=6750/7814 op=mul seconds=646.332 eta_seconds=101.881 bootstraps=408
node=6760/7814 op=mul seconds=646.798 eta_seconds=100.847 bootstraps=408
node=6770/7814 op=mul seconds=647.381 eta_seconds=99.8324 bootstraps=408
node=6780/7814 op=cheb seconds=648.738 eta_seconds=98.9374 bootstraps=410
node=6790/7814 op=add seconds=651.036 eta_seconds=98.1827 bootstraps=412
node=6800/7814 op=linear_ref seconds=652.884 eta_seconds=97.3565 bootstraps=414
node=6810/7814 op=cheb seconds=653.008 eta_seconds=96.2731 bootstraps=414
node=6820/7814 op=cheb seconds=654.944 eta_seconds=95.4566 bootstraps=416
node=6830/7814 op=cheb seconds=655.612 eta_seconds=94.4542 bootstraps=416
node=6840/7814 op=repeat seconds=656.025 eta_seconds=93.4164 bootstraps=416
node=6850/7814 op=mul seconds=656.396 eta_seconds=92.3746 bootstraps=416
node=6860/7814 op=add seconds=656.996 eta_seconds=91.3665 bootstraps=416
node=6870/7814 op=mul seconds=657.282 eta_seconds=90.3165 bootstraps=416
node=6880/7814 op=scatter seconds=659.109 eta_seconds=89.4779 bootstraps=418
node=6890/7814 op=repeat seconds=659.806 eta_seconds=88.4849 bootstraps=418
node=6900/7814 op=sum seconds=660.163 eta_seconds=87.4477 bootstraps=418
node=6910/7814 op=add seconds=660.499 eta_seconds=86.4097 bootstraps=418
node=6920/7814 op=mul seconds=661.268 eta_seconds=85.4298 bootstraps=418
node=6930/7814 op=gather seconds=663.121 eta_seconds=84.5886 bootstraps=420
node=6940/7814 op=addp seconds=664.776 eta_seconds=83.7196 bootstraps=422
node=6950/7814 op=gather seconds=666.627 eta_seconds=82.8728 bootstraps=424
node=6960/7814 op=mul seconds=666.739 eta_seconds=81.8097 bootstraps=424
node=6970/7814 op=repeat seconds=669.041 eta_seconds=81.0144 bootstraps=426
node=6980/7814 op=mulp seconds=669.615 eta_seconds=80.0084 bootstraps=426
node=6990/7814 op=gather seconds=670.125 eta_seconds=78.9961 bootstraps=426
node=7000/7814 op=mul seconds=671.047 eta_seconds=78.0332 bootstraps=426
node=7010/7814 op=scatter seconds=672.732 eta_seconds=77.1578 bootstraps=428
node=7020/7814 op=add seconds=672.893 eta_seconds=76.1078 bootstraps=428
node=7030/7814 op=mul seconds=673.167 eta_seconds=75.073 bootstraps=428
node=7040/7814 op=mul seconds=673.577 eta_seconds=74.0552 bootstraps=428
node=7050/7814 op=mul seconds=673.795 eta_seconds=73.0183 bootstraps=428
node=7060/7814 op=mul seconds=674.089 eta_seconds=71.992 bootstraps=428
node=7070/7814 op=cheb seconds=675.847 eta_seconds=71.1217 bootstraps=430
node=7080/7814 op=add seconds=678.112 eta_seconds=70.3014 bootstraps=432
node=7090/7814 op=linear_ref seconds=679.96 eta_seconds=69.4345 bootstraps=434
node=7100/7814 op=cheb seconds=680.09 eta_seconds=68.3921 bootstraps=434
node=7110/7814 op=addp seconds=680.332 eta_seconds=67.3634 bootstraps=434
node=7120/7814 op=mul seconds=682.742 eta_seconds=66.5481 bootstraps=436
node=7130/7814 op=repeat seconds=683.148 eta_seconds=65.5362 bootstraps=436
node=7140/7814 op=mul seconds=683.47 eta_seconds=64.518 bootstraps=436
node=7150/7814 op=mul seconds=683.955 eta_seconds=63.5169 bootstraps=436
node=7160/7814 op=mul seconds=684.181 eta_seconds=62.4936 bootstraps=436
node=7170/7814 op=add seconds=686.059 eta_seconds=61.6209 bootstraps=438
node=7180/7814 op=repeat seconds=686.523 eta_seconds=60.6205 bootstraps=438
node=7190/7814 op=sum seconds=686.874 eta_seconds=59.6119 bootstraps=438
node=7200/7814 op=add seconds=687.211 eta_seconds=58.6039 bootstraps=438
node=7210/7814 op=mul seconds=687.884 eta_seconds=57.6258 bootstraps=438
node=7220/7814 op=gather seconds=689.735 eta_seconds=56.7455 bootstraps=440
node=7230/7814 op=addp seconds=691.257 eta_seconds=55.836 bootstraps=442
node=7240/7814 op=gather seconds=693.105 eta_seconds=54.9506 bootstraps=444
node=7250/7814 op=sum seconds=693.381 eta_seconds=53.9403 bootstraps=444
node=7260/7814 op=cheb seconds=695.506 eta_seconds=53.073 bootstraps=446
node=7270/7814 op=mul seconds=696.171 eta_seconds=52.0931 bootstraps=446
node=7280/7814 op=gather seconds=696.473 eta_seconds=51.0874 bootstraps=446
node=7290/7814 op=scatter seconds=696.818 eta_seconds=50.0868 bootstraps=446
node=7300/7814 op=gather seconds=697.218 eta_seconds=49.0918 bootstraps=446
node=7310/7814 op=add seconds=699.218 eta_seconds=48.2088 bootstraps=448
node=7320/7814 op=mul seconds=699.501 eta_seconds=47.2067 bootstraps=448
node=7330/7814 op=mul seconds=700.023 eta_seconds=46.2225 bootstraps=448
node=7340/7814 op=mul seconds=700.534 eta_seconds=45.2388 bootstraps=448
node=7350/7814 op=mul seconds=701.088 eta_seconds=44.2592 bootstraps=448
node=7360/7814 op=cheb seconds=702.48 eta_seconds=43.3324 bootstraps=450
node=7370/7814 op=add seconds=704.914 eta_seconds=42.467 bootstraps=452
node=7380/7814 op=linear_ref seconds=706.761 eta_seconds=41.5629 bootstraps=454
node=7390/7814 op=mul seconds=706.845 eta_seconds=40.5551 bootstraps=454
node=7400/7814 op=cheb seconds=709.921 eta_seconds=39.7172 bootstraps=456
node=7410/7814 op=cheb seconds=710.62 eta_seconds=38.7437 bootstraps=456
node=7420/7814 op=addp seconds=711.107 eta_seconds=37.7596 bootstraps=456
node=7430/7814 op=scatter seconds=712.248 eta_seconds=36.8107 bootstraps=456
node=7440/7814 op=add seconds=713.762 eta_seconds=35.88 bootstraps=458
node=7450/7814 op=mul seconds=714.296 eta_seconds=34.8998 bootstraps=458
node=7460/7814 op=add seconds=714.559 eta_seconds=33.908 bootstraps=458
node=7470/7814 op=repeat seconds=714.997 eta_seconds=32.9262 bootstraps=458
node=7480/7814 op=sum seconds=715.388 eta_seconds=31.9438 bootstraps=458
node=7490/7814 op=add seconds=715.859 eta_seconds=30.9664 bootstraps=458
node=7500/7814 op=mul seconds=717.357 eta_seconds=30.0334 bootstraps=460
node=7510/7814 op=gather seconds=718.207 eta_seconds=29.0726 bootstraps=460
node=7520/7814 op=addp seconds=719.865 eta_seconds=28.1436 bootstraps=462
node=7530/7814 op=gather seconds=721.727 eta_seconds=27.2205 bootstraps=464
node=7540/7814 op=mul seconds=721.839 eta_seconds=26.2313 bootstraps=464
node=7550/7814 op=repeat seconds=724.152 eta_seconds=25.3213 bootstraps=466
node=7560/7814 op=mulp seconds=724.722 eta_seconds=24.3491 bootstraps=466
node=7570/7814 op=gather seconds=725.227 eta_seconds=23.3759 bootstraps=466
node=7580/7814 op=mul seconds=726.14 eta_seconds=22.4164 bootstraps=466
node=7590/7814 op=scatter seconds=727.815 eta_seconds=21.4796 bootstraps=468
node=7600/7814 op=add seconds=727.974 eta_seconds=20.4982 bootstraps=468
node=7610/7814 op=mul seconds=728.248 eta_seconds=19.522 bootstraps=468
node=7620/7814 op=mul seconds=728.654 eta_seconds=18.551 bootstraps=468
node=7630/7814 op=mul seconds=728.87 eta_seconds=17.577 bootstraps=468
node=7640/7814 op=mul seconds=729.165 eta_seconds=16.6066 bootstraps=468
node=7650/7814 op=cheb seconds=730.96 eta_seconds=15.6703 bootstraps=470
node=7660/7814 op=add seconds=733.184 eta_seconds=14.7402 bootstraps=472
node=7670/7814 op=linear_ref seconds=735.049 eta_seconds=13.8001 bootstraps=474
node=7680/7814 op=cheb seconds=735.172 eta_seconds=12.8272 bootstraps=474
node=7690/7814 op=cheb seconds=737.106 eta_seconds=11.8857 bootstraps=476
node=7700/7814 op=cheb seconds=737.787 eta_seconds=10.9231 bootstraps=476
node=7710/7814 op=repeat seconds=738.191 eta_seconds=9.95744 bootstraps=476
node=7720/7814 op=mul seconds=738.567 eta_seconds=8.99291 bootstraps=476
node=7730/7814 op=add seconds=739.192 eta_seconds=8.03261 bootstraps=476
node=7740/7814 op=cheb seconds=739.62 eta_seconds=7.0713 bootstraps=476
node=7750/7814 op=add seconds=741.464 eta_seconds=6.12306 bootstraps=478
node=7760/7814 op=repeat seconds=741.801 eta_seconds=5.16202 bootstraps=478
node=7770/7814 op=sum seconds=742.04 eta_seconds=4.20203 bootstraps=478
node=7780/7814 op=add seconds=742.255 eta_seconds=3.24379 bootstraps=478
node=7790/7814 op=mul seconds=744.025 eta_seconds=2.29225 bootstraps=480
node=7800/7814 op=gather seconds=744.769 eta_seconds=1.33676 bootstraps=480
node=7810/7814 op=addp seconds=746.516 eta_seconds=0.382338 bootstraps=482
node=7814/7814 op=mulp seconds=747.551 eta_seconds=0 bootstraps=484
client_token=315 logit_margin=0.674907
passed=1 polynomial_error=5.61686e-07 exact_error=4.68984e-05 eval_seconds=747.629
