GPU 0: NVIDIA GB10
 SMs: 48, SharedMem: 100 KB, Blocks/SM: 24, Threads/SM: 1536, L2 size: 24 MB, Bus: 256-bit
Adding bootstrap precomputation to GPU for 32768 slots.
Plaintexts loaded: 248 ~ 6262MB
Rotation keys loaded: 85 ~ 15300MB
setup_seconds=26.6821
planned_logical_refreshes=623
node=1/7910 op=public seconds=0.19878 eta_seconds=1572.15 bootstraps=0
node=11/7910 op=public seconds=1.55041 eta_seconds=1113.34 bootstraps=0
node=21/7910 op=mul seconds=2.39841 eta_seconds=901.001 bootstraps=0
node=31/7910 op=gather seconds=4.11286 eta_seconds=1045.33 bootstraps=0
node=41/7910 op=mul seconds=5.12383 eta_seconds=983.4 bootstraps=0
node=51/7910 op=repeat seconds=5.86406 eta_seconds=903.64 bootstraps=0
node=61/7910 op=mulp seconds=6.2309 eta_seconds=801.743 bootstraps=0
node=71/7910 op=add seconds=6.719 eta_seconds=741.835 bootstraps=0
node=81/7910 op=add seconds=7.28508 eta_seconds=704.134 bootstraps=0
node=91/7910 op=scatter seconds=7.76849 eta_seconds=667.492 bootstraps=0
node=111/7910 op=mul seconds=10.2023 eta_seconds=716.824 bootstraps=2
node=121/7910 op=mul seconds=11.0168 eta_seconds=709.17 bootstraps=2
node=131/7910 op=scatter seconds=13.8382 eta_seconds=821.736 bootstraps=4
node=141/7910 op=gather seconds=17.3716 eta_seconds=957.164 bootstraps=8
node=161/7910 op=cheb seconds=19.5303 eta_seconds=940.004 bootstraps=10
node=171/7910 op=sum seconds=19.7553 eta_seconds=894.072 bootstraps=10
node=181/7910 op=addp seconds=19.8931 eta_seconds=849.469 bootstraps=10
node=191/7910 op=scatter seconds=21.8379 eta_seconds=882.548 bootstraps=12
node=201/7910 op=mul seconds=22.8263 eta_seconds=875.464 bootstraps=12
node=211/7910 op=scatter seconds=23.3164 eta_seconds=850.774 bootstraps=12
node=221/7910 op=sum seconds=23.5804 eta_seconds=820.406 bootstraps=12
node=231/7910 op=scatter seconds=25.6052 eta_seconds=851.179 bootstraps=14
node=241/7910 op=gather seconds=27.799 eta_seconds=884.608 bootstraps=16
node=251/7910 op=cheb seconds=31.3111 eta_seconds=955.424 bootstraps=20
node=271/7910 op=repeat seconds=33.938 eta_seconds=956.65 bootstraps=22
node=281/7910 op=addp seconds=34.3499 eta_seconds=932.581 bootstraps=22
node=291/7910 op=repeat seconds=34.6137 eta_seconds=906.261 bootstraps=22
node=301/7910 op=mul seconds=34.8661 eta_seconds=881.382 bootstraps=22
node=311/7910 op=scatter seconds=37.0909 eta_seconds=906.283 bootstraps=24
node=321/7910 op=mul seconds=37.718 eta_seconds=891.719 bootstraps=24
node=341/7910 op=add seconds=38.6867 eta_seconds=858.708 bootstraps=24
node=351/7910 op=cheb seconds=41.0213 eta_seconds=883.419 bootstraps=26
node=361/7910 op=add seconds=43.4474 eta_seconds=908.545 bootstraps=28
node=371/7910 op=linear seconds=45.4692 eta_seconds=923.968 bootstraps=30
node=381/7910 op=cheb seconds=47.2034 eta_seconds=932.794 bootstraps=32
node=391/7910 op=add seconds=47.6582 eta_seconds=916.476 bootstraps=32
node=401/7910 op=mulp seconds=47.9294 eta_seconds=897.51 bootstraps=32
node=411/7910 op=addp seconds=48.0646 eta_seconds=876.975 bootstraps=32
node=421/7910 op=mul seconds=48.3014 eta_seconds=859.214 bootstraps=32
node=431/7910 op=gather seconds=52.4112 eta_seconds=909.475 bootstraps=36
node=441/7910 op=add seconds=52.6869 eta_seconds=892.332 bootstraps=36
node=451/7910 op=mulp seconds=53.1386 eta_seconds=878.848 bootstraps=36
node=461/7910 op=add seconds=55.5827 eta_seconds=898.125 bootstraps=38
node=471/7910 op=linear seconds=57.6065 eta_seconds=909.841 bootstraps=40
node=481/7910 op=mulp seconds=59.5984 eta_seconds=920.491 bootstraps=42
node=491/7910 op=gather seconds=61.6123 eta_seconds=930.96 bootstraps=44
node=501/7910 op=cheb seconds=63.5575 eta_seconds=939.916 bootstraps=46
node=511/7910 op=sum seconds=64.0044 eta_seconds=926.749 bootstraps=46
node=521/7910 op=addp seconds=64.2168 eta_seconds=910.745 bootstraps=46
node=531/7910 op=gather seconds=64.5588 eta_seconds=897.137 bootstraps=46
node=541/7910 op=add seconds=66.4179 eta_seconds=904.683 bootstraps=48
node=551/7910 op=add seconds=67.3648 eta_seconds=899.705 bootstraps=48
node=561/7910 op=add seconds=68.0786 eta_seconds=891.817 bootstraps=48
node=571/7910 op=repeat seconds=68.335 eta_seconds=878.302 bootstraps=48
node=581/7910 op=mulp seconds=70.5662 eta_seconds=890.154 bootstraps=50
node=591/7910 op=mul seconds=74.1383 eta_seconds=918.136 bootstraps=54
node=601/7910 op=mul seconds=76.1401 eta_seconds=925.97 bootstraps=56
node=611/7910 op=gather seconds=76.7994 eta_seconds=917.445 bootstraps=56
node=621/7910 op=mul seconds=78.9747 eta_seconds=926.968 bootstraps=58
node=631/7910 op=repeat seconds=79.2441 eta_seconds=914.133 bootstraps=58
node=641/7910 op=mulp seconds=79.4025 eta_seconds=900.432 bootstraps=58
node=651/7910 op=add seconds=79.6508 eta_seconds=888.149 bootstraps=58
node=661/7910 op=add seconds=83.337 eta_seconds=913.933 bootstraps=62
node=671/7910 op=scatter seconds=83.9415 eta_seconds=905.593 bootstraps=62
node=691/7910 op=mul seconds=84.893 eta_seconds=886.892 bootstraps=62
node=701/7910 op=mul seconds=87.1302 eta_seconds=896.036 bootstraps=64
node=711/7910 op=scatter seconds=89.5736 eta_seconds=906.948 bootstraps=66
node=721/7910 op=gather seconds=91.7612 eta_seconds=914.94 bootstraps=68
node=741/7910 op=cheb seconds=94.1289 eta_seconds=910.675 bootstraps=70
node=751/7910 op=sum seconds=94.3211 eta_seconds=899.127 bootstraps=70
node=761/7910 op=addp seconds=94.4409 eta_seconds=887.198 bootstraps=70
node=771/7910 op=scatter seconds=96.3391 eta_seconds=892.043 bootstraps=72
node=781/7910 op=mul seconds=97.4457 eta_seconds=889.489 bootstraps=72
node=791/7910 op=scatter seconds=98.0068 eta_seconds=882.061 bootstraps=72
node=801/7910 op=sum seconds=98.2988 eta_seconds=872.417 bootstraps=72
node=811/7910 op=scatter seconds=100.619 eta_seconds=880.754 bootstraps=74
node=821/7910 op=gather seconds=101.227 eta_seconds=874.054 bootstraps=74
node=831/7910 op=cheb seconds=104.707 eta_seconds=891.964 bootstraps=78
node=851/7910 op=repeat seconds=107.15 eta_seconds=888.806 bootstraps=80
node=861/7910 op=addp seconds=107.497 eta_seconds=880.077 bootstraps=80
node=871/7910 op=repeat seconds=110.578 eta_seconds=893.637 bootstraps=84
node=881/7910 op=mul seconds=111.1 eta_seconds=886.407 bootstraps=84
node=891/7910 op=scatter seconds=111.663 eta_seconds=879.641 bootstraps=84
node=901/7910 op=mul seconds=112.034 eta_seconds=871.53 bootstraps=84
node=921/7910 op=add seconds=114.517 eta_seconds=869.011 bootstraps=86
node=931/7910 op=cheb seconds=116.766 eta_seconds=875.304 bootstraps=88
node=941/7910 op=add seconds=119.237 eta_seconds=883.066 bootstraps=90
node=951/7910 op=linear seconds=121.411 eta_seconds=888.434 bootstraps=92
node=961/7910 op=cheb seconds=121.513 eta_seconds=878.665 bootstraps=92
node=971/7910 op=add seconds=123.339 eta_seconds=881.413 bootstraps=94
node=981/7910 op=mulp seconds=125.053 eta_seconds=883.273 bootstraps=96
node=991/7910 op=addp seconds=126.577 eta_seconds=883.741 bootstraps=98
node=1001/7910 op=mul seconds=127.062 eta_seconds=876.993 bootstraps=98
node=1011/7910 op=gather seconds=127.858 eta_seconds=872.494 bootstraps=98
node=1021/7910 op=add seconds=129.665 eta_seconds=874.887 bootstraps=100
node=1031/7910 op=mulp seconds=130.156 eta_seconds=868.419 bootstraps=100
node=1041/7910 op=add seconds=131.068 eta_seconds=864.847 bootstraps=100
node=1051/7910 op=linear seconds=133.245 eta_seconds=869.579 bootstraps=102
node=1061/7910 op=mulp seconds=135.179 eta_seconds=872.613 bootstraps=104
node=1071/7910 op=gather seconds=137.347 eta_seconds=877.047 bootstraps=106
node=1081/7910 op=cheb seconds=139.249 eta_seconds=879.677 bootstraps=108
node=1091/7910 op=sum seconds=139.761 eta_seconds=873.541 bootstraps=108
node=1101/7910 op=addp seconds=139.976 eta_seconds=865.665 bootstraps=108
node=1111/7910 op=gather seconds=140.367 eta_seconds=859.004 bootstraps=108
node=1121/7910 op=add seconds=142.222 eta_seconds=861.327 bootstraps=110
node=1131/7910 op=add seconds=143.162 eta_seconds=858.086 bootstraps=110
node=1141/7910 op=add seconds=143.873 eta_seconds=853.532 bootstraps=110
node=1151/7910 op=repeat seconds=144.129 eta_seconds=846.368 bootstraps=110
node=1161/7910 op=mulp seconds=146.438 eta_seconds=851.259 bootstraps=112
node=1171/7910 op=mul seconds=148.549 eta_seconds=854.889 bootstraps=114
node=1181/7910 op=mul seconds=150.558 eta_seconds=857.837 bootstraps=116
node=1191/7910 op=gather seconds=151.216 eta_seconds=853.081 bootstraps=116
node=1201/7910 op=mul seconds=153.445 eta_seconds=857.172 bootstraps=118
node=1211/7910 op=repeat seconds=153.704 eta_seconds=850.261 bootstraps=118
node=1221/7910 op=mulp seconds=153.83 eta_seconds=842.724 bootstraps=118
node=1231/7910 op=add seconds=155.581 eta_seconds=844.132 bootstraps=120
node=1241/7910 op=add seconds=156.43 eta_seconds=840.64 bootstraps=120
node=1251/7910 op=scatter seconds=157.036 eta_seconds=835.893 bootstraps=120
node=1271/7910 op=mul seconds=157.988 eta_seconds=825.24 bootstraps=120
node=1281/7910 op=mul seconds=160.219 eta_seconds=829.114 bootstraps=122
node=1291/7910 op=scatter seconds=162.67 eta_seconds=834.014 bootstraps=124
node=1301/7910 op=gather seconds=164.858 eta_seconds=837.471 bootstraps=126
node=1321/7910 op=cheb seconds=167.177 eta_seconds=833.862 bootstraps=128
node=1331/7910 op=sum seconds=167.368 eta_seconds=827.286 bootstraps=128
node=1341/7910 op=addp seconds=167.489 eta_seconds=820.457 bootstraps=128
node=1351/7910 op=scatter seconds=169.388 eta_seconds=822.367 bootstraps=130
node=1361/7910 op=mul seconds=170.514 eta_seconds=820.497 bootstraps=130
node=1371/7910 op=scatter seconds=171.08 eta_seconds=815.968 bootstraps=130
node=1381/7910 op=sum seconds=171.372 eta_seconds=810.203 bootstraps=130
node=1391/7910 op=scatter seconds=175.018 eta_seconds=820.233 bootstraps=134
node=1401/7910 op=gather seconds=175.713 eta_seconds=816.358 bootstraps=134
node=1411/7910 op=cheb seconds=179.317 eta_seconds=825.924 bootstraps=138
node=1421/7910 op=cheb seconds=179.892 eta_seconds=821.477 bootstraps=138
node=1431/7910 op=gather seconds=181.71 eta_seconds=822.713 bootstraps=138
node=1441/7910 op=repeat seconds=185.266 eta_seconds=831.704 bootstraps=140
node=1451/7910 op=addp seconds=185.963 eta_seconds=827.796 bootstraps=140
node=1461/7910 op=repeat seconds=186.59 eta_seconds=823.627 bootstraps=140
node=1471/7910 op=mul seconds=187.037 eta_seconds=818.715 bootstraps=140
node=1481/7910 op=scatter seconds=187.479 eta_seconds=813.842 bootstraps=140
node=1491/7910 op=mul seconds=187.992 eta_seconds=809.337 bootstraps=140
node=1501/7910 op=addp seconds=188.557 eta_seconds=805.107 bootstraps=140
node=1511/7910 op=repeat seconds=190.363 eta_seconds=806.177 bootstraps=142
node=1521/7910 op=mul seconds=191.044 eta_seconds=802.486 bootstraps=142
node=1531/7910 op=mul seconds=193.167 eta_seconds=804.843 bootstraps=144
node=1541/7910 op=scatter seconds=195.613 eta_seconds=808.473 bootstraps=146
node=1551/7910 op=gather seconds=199.039 eta_seconds=816.046 bootstraps=150
node=1561/7910 op=mul seconds=199.668 eta_seconds=812.101 bootstraps=150
node=1571/7910 op=cheb seconds=203.054 eta_seconds=819.324 bootstraps=154
node=1581/7910 op=sum seconds=203.281 eta_seconds=813.766 bootstraps=154
node=1591/7910 op=addp seconds=203.42 eta_seconds=807.927 bootstraps=154
node=1601/7910 op=scatter seconds=205.37 eta_seconds=809.295 bootstraps=156
node=1611/7910 op=mul seconds=206.363 eta_seconds=806.877 bootstraps=156
node=1621/7910 op=scatter seconds=206.855 eta_seconds=802.535 bootstraps=156
node=1631/7910 op=mulp seconds=207.025 eta_seconds=797.001 bootstraps=156
node=1641/7910 op=repeat seconds=209.028 eta_seconds=798.536 bootstraps=158
node=1651/7910 op=mulp seconds=210.877 eta_seconds=799.442 bootstraps=160
node=1661/7910 op=mul seconds=213.203 eta_seconds=802.112 bootstraps=162
node=1671/7910 op=mul seconds=215.207 eta_seconds=803.518 bootstraps=164
node=1681/7910 op=gather seconds=215.875 eta_seconds=799.931 bootstraps=164
node=1691/7910 op=mul seconds=220.376 eta_seconds=810.477 bootstraps=168
node=1701/7910 op=repeat seconds=220.646 eta_seconds=805.405 bootstraps=168
node=1711/7910 op=mulp seconds=220.806 eta_seconds=799.988 bootstraps=168
node=1721/7910 op=add seconds=221.055 eta_seconds=794.951 bootstraps=168
node=1731/7910 op=add seconds=223.4 eta_seconds=797.451 bootstraps=170
node=1741/7910 op=scatter seconds=224.005 eta_seconds=793.732 bootstraps=170
node=1751/7910 op=mul seconds=224.589 eta_seconds=789.975 bootstraps=170
node=1761/7910 op=add seconds=224.852 eta_seconds=785.131 bootstraps=170
node=1771/7910 op=add seconds=227.168 eta_seconds=787.457 bootstraps=172
node=1781/7910 op=linear_ref seconds=227.768 eta_seconds=783.822 bootstraps=172
node=1791/7910 op=mulp seconds=229.758 eta_seconds=784.974 bootstraps=174
node=1801/7910 op=gather seconds=231.791 eta_seconds=786.234 bootstraps=176
node=1811/7910 op=cheb seconds=234.213 eta_seconds=788.77 bootstraps=178
node=1821/7910 op=sum seconds=234.694 eta_seconds=784.763 bootstraps=178
node=1831/7910 op=addp seconds=234.861 eta_seconds=779.749 bootstraps=178
node=1841/7910 op=gather seconds=235.194 eta_seconds=775.336 bootstraps=178
node=1851/7910 op=add seconds=237.153 eta_seconds=776.29 bootstraps=180
node=1861/7910 op=add seconds=238.112 eta_seconds=773.961 bootstraps=180
node=1871/7910 op=add seconds=238.823 eta_seconds=770.844 bootstraps=180
node=1881/7910 op=sum seconds=238.981 eta_seconds=765.983 bootstraps=180
node=1891/7910 op=add seconds=239.22 eta_seconds=761.43 bootstraps=180
node=1901/7910 op=cheb seconds=242.889 eta_seconds=767.764 bootstraps=184
node=1911/7910 op=add seconds=245.411 eta_seconds=770.393 bootstraps=186
node=1921/7910 op=linear_ref seconds=247.434 eta_seconds=771.412 bootstraps=188
node=1931/7910 op=cheb seconds=249.267 eta_seconds=771.81 bootstraps=190
node=1941/7910 op=add seconds=252.014 eta_seconds=774.999 bootstraps=192
node=1951/7910 op=mulp seconds=252.324 eta_seconds=770.681 bootstraps=192
node=1961/7910 op=addp seconds=252.491 eta_seconds=765.972 bootstraps=192
node=1971/7910 op=mul seconds=254.232 eta_seconds=766.049 bootstraps=194
node=1981/7910 op=gather seconds=255.534 eta_seconds=764.798 bootstraps=194
node=1991/7910 op=add seconds=255.813 eta_seconds=760.501 bootstraps=194
node=2001/7910 op=mul seconds=256.273 eta_seconds=756.78 bootstraps=194
node=2011/7910 op=sum seconds=256.595 eta_seconds=752.687 bootstraps=194
node=2021/7910 op=scatter seconds=258.843 eta_seconds=754.245 bootstraps=196
node=2031/7910 op=gather seconds=260.871 eta_seconds=755.125 bootstraps=198
node=2041/7910 op=cheb seconds=264.397 eta_seconds=760.288 bootstraps=202
node=2051/7910 op=gather seconds=265.091 eta_seconds=757.274 bootstraps=202
node=2061/7910 op=repeat seconds=267.599 eta_seconds=759.432 bootstraps=204
node=2071/7910 op=addp seconds=268.012 eta_seconds=755.636 bootstraps=204
node=2081/7910 op=repeat seconds=268.276 eta_seconds=751.457 bootstraps=204
node=2091/7910 op=mul seconds=268.533 eta_seconds=747.294 bootstraps=204
node=2101/7910 op=scatter seconds=270.823 eta_seconds=748.791 bootstraps=206
node=2111/7910 op=mul seconds=271.447 eta_seconds=745.677 bootstraps=206
node=2121/7910 op=addp seconds=272.156 eta_seconds=742.814 bootstraps=206
node=2131/7910 op=repeat seconds=272.427 eta_seconds=738.786 bootstraps=206
node=2141/7910 op=mul seconds=272.675 eta_seconds=734.733 bootstraps=206
node=2151/7910 op=mul seconds=274.931 eta_seconds=736.089 bootstraps=208
node=2161/7910 op=scatter seconds=277.374 eta_seconds=737.909 bootstraps=210
node=2171/7910 op=gather seconds=279.556 eta_seconds=739.001 bootstraps=212
node=2181/7910 op=mul seconds=281.803 eta_seconds=740.235 bootstraps=214
node=2191/7910 op=cheb seconds=282.506 eta_seconds=737.405 bootstraps=214
node=2201/7910 op=sum seconds=282.7 eta_seconds=733.274 bootstraps=214
node=2211/7910 op=addp seconds=282.819 eta_seconds=728.986 bootstraps=214
node=2221/7910 op=scatter seconds=284.824 eta_seconds=729.564 bootstraps=216
node=2231/7910 op=mul seconds=285.933 eta_seconds=727.841 bootstraps=216
node=2241/7910 op=scatter seconds=286.497 eta_seconds=724.745 bootstraps=216
node=2251/7910 op=mulp seconds=286.67 eta_seconds=720.687 bootstraps=216
node=2261/7910 op=repeat seconds=287.039 eta_seconds=717.152 bootstraps=216
node=2271/7910 op=mulp seconds=289.293 eta_seconds=718.327 bootstraps=218
node=2281/7910 op=mul seconds=291.419 eta_seconds=719.156 bootstraps=220
node=2291/7910 op=mul seconds=293.388 eta_seconds=719.575 bootstraps=222
node=2301/7910 op=gather seconds=294.1 eta_seconds=716.909 bootstraps=222
node=2311/7910 op=mul seconds=296.91 eta_seconds=719.343 bootstraps=224
node=2321/7910 op=repeat seconds=298.638 eta_seconds=719.124 bootstraps=226
node=2331/7910 op=mulp seconds=300.212 eta_seconds=718.525 bootstraps=228
node=2341/7910 op=add seconds=300.729 eta_seconds=715.405 bootstraps=228
node=2351/7910 op=add seconds=301.439 eta_seconds=712.761 bootstraps=228
node=2361/7910 op=scatter seconds=303.252 eta_seconds=712.725 bootstraps=230
node=2371/7910 op=mul seconds=303.927 eta_seconds=710.018 bootstraps=230
node=2381/7910 op=add seconds=304.19 eta_seconds=706.37 bootstraps=230
node=2391/7910 op=add seconds=306.459 eta_seconds=707.382 bootstraps=232
node=2401/7910 op=linear_ref seconds=307.023 eta_seconds=704.451 bootstraps=232
node=2411/7910 op=mulp seconds=309.052 eta_seconds=704.884 bootstraps=234
node=2421/7910 op=gather seconds=311.227 eta_seconds=705.628 bootstraps=236
node=2431/7910 op=cheb seconds=315.037 eta_seconds=710.032 bootstraps=240
node=2441/7910 op=sum seconds=316.966 eta_seconds=710.154 bootstraps=242
node=2451/7910 op=addp seconds=318.461 eta_seconds=709.293 bootstraps=244
node=2461/7910 op=gather seconds=320.437 eta_seconds=709.493 bootstraps=246
node=2471/7910 op=add seconds=320.62 eta_seconds=705.726 bootstraps=246
node=2481/7910 op=add seconds=321.249 eta_seconds=702.967 bootstraps=246
node=2491/7910 op=add seconds=323.526 eta_seconds=703.808 bootstraps=248
node=2501/7910 op=sum seconds=323.754 eta_seconds=700.193 bootstraps=248
node=2511/7910 op=add seconds=324.096 eta_seconds=696.852 bootstraps=248
node=2521/7910 op=cheb seconds=326.124 eta_seconds=697.136 bootstraps=250
node=2531/7910 op=add seconds=328.748 eta_seconds=698.67 bootstraps=252
node=2541/7910 op=linear_ref seconds=330.922 eta_seconds=699.22 bootstraps=254
node=2551/7910 op=cheb seconds=332.774 eta_seconds=699.073 bootstraps=256
node=2561/7910 op=add seconds=336.165 eta_seconds=702.126 bootstraps=258
node=2571/7910 op=mulp seconds=336.476 eta_seconds=698.734 bootstraps=258
node=2581/7910 op=addp seconds=336.692 eta_seconds=695.169 bootstraps=258
node=2591/7910 op=mul seconds=338.437 eta_seconds=694.769 bootstraps=260
node=2601/7910 op=gather seconds=339.733 eta_seconds=693.443 bootstraps=260
node=2611/7910 op=add seconds=340.011 eta_seconds=690.05 bootstraps=260
node=2621/7910 op=mul seconds=340.469 eta_seconds=687.043 bootstraps=260
node=2631/7910 op=sum seconds=340.791 eta_seconds=683.784 bootstraps=260
node=2641/7910 op=scatter seconds=343.114 eta_seconds=684.538 bootstraps=262
node=2651/7910 op=gather seconds=343.716 eta_seconds=681.858 bootstraps=262
node=2661/7910 op=cheb seconds=347.235 eta_seconds=684.945 bootstraps=266
node=2671/7910 op=gather seconds=347.936 eta_seconds=682.454 bootstraps=266
node=2681/7910 op=repeat seconds=350.508 eta_seconds=683.627 bootstraps=268
node=2691/7910 op=addp seconds=350.908 eta_seconds=680.56 bootstraps=268
node=2701/7910 op=repeat seconds=351.138 eta_seconds=677.186 bootstraps=268
node=2711/7910 op=mul seconds=352.999 eta_seconds=676.961 bootstraps=270
node=2721/7910 op=scatter seconds=353.664 eta_seconds=674.444 bootstraps=270
node=2731/7910 op=mul seconds=354.29 eta_seconds=671.866 bootstraps=270
node=2741/7910 op=addp seconds=354.997 eta_seconds=669.456 bootstraps=270
node=2751/7910 op=repeat seconds=355.265 eta_seconds=666.236 bootstraps=270
node=2761/7910 op=mul seconds=355.515 eta_seconds=663.001 bootstraps=270
node=2771/7910 op=mul seconds=357.752 eta_seconds=663.474 bootstraps=272
node=2781/7910 op=scatter seconds=360.212 eta_seconds=664.339 bootstraps=274
node=2791/7910 op=gather seconds=362.395 eta_seconds=664.672 bootstraps=276
node=2801/7910 op=mul seconds=364.638 eta_seconds=665.096 bootstraps=278
node=2811/7910 op=cheb seconds=365.297 eta_seconds=662.628 bootstraps=278
node=2821/7910 op=sum seconds=365.492 eta_seconds=659.337 bootstraps=278
node=2831/7910 op=addp seconds=365.612 eta_seconds=655.932 bootstraps=278
node=2841/7910 op=scatter seconds=367.604 eta_seconds=655.891 bootstraps=280
node=2851/7910 op=mul seconds=368.727 eta_seconds=654.293 bootstraps=280
node=2861/7910 op=scatter seconds=369.289 eta_seconds=651.709 bootstraps=280
node=2871/7910 op=mulp seconds=369.462 eta_seconds=648.457 bootstraps=280
node=2881/7910 op=repeat seconds=369.83 eta_seconds=645.566 bootstraps=280
node=2891/7910 op=mulp seconds=373.405 eta_seconds=648.26 bootstraps=284
node=2901/7910 op=mul seconds=375.741 eta_seconds=648.772 bootstraps=286
node=2911/7910 op=mul seconds=377.727 eta_seconds=648.663 bootstraps=288
client_token=315 logit_margin=1.89745
node=2921/7910 op=mul seconds=378.47 eta_seconds=646.419 bootstraps=288
node=2931/7910 op=gather seconds=380.233 eta_seconds=645.916 bootstraps=288
node=2941/7910 op=mul seconds=384.035 eta_seconds=648.85 bootstraps=290
node=2951/7910 op=repeat seconds=384.729 eta_seconds=646.517 bootstraps=290
node=2961/7910 op=mulp seconds=385.093 eta_seconds=643.642 bootstraps=290
node=2971/7910 op=add seconds=385.532 eta_seconds=640.909 bootstraps=290
node=2981/7910 op=add seconds=386.115 eta_seconds=638.431 bootstraps=290
node=2991/7910 op=scatter seconds=386.602 eta_seconds=635.806 bootstraps=290
node=3001/7910 op=mul seconds=387.085 eta_seconds=633.189 bootstraps=290
node=3011/7910 op=mul seconds=388.887 eta_seconds=632.733 bootstraps=292
node=3021/7910 op=mul seconds=389.536 eta_seconds=630.401 bootstraps=292
node=3031/7910 op=sum seconds=390.438 eta_seconds=628.488 bootstraps=292
node=3041/7910 op=cheb seconds=394.073 eta_seconds=630.957 bootstraps=296
node=3051/7910 op=repeat seconds=396.121 eta_seconds=630.859 bootstraps=298
node=3061/7910 op=gather seconds=396.67 eta_seconds=628.373 bootstraps=298
node=3071/7910 op=repeat seconds=399.406 eta_seconds=629.348 bootstraps=300
node=3081/7910 op=cheb seconds=399.718 eta_seconds=626.497 bootstraps=300
node=3091/7910 op=mul seconds=399.885 eta_seconds=623.437 bootstraps=300
node=3101/7910 op=mulp seconds=401.727 eta_seconds=622.995 bootstraps=302
node=3111/7910 op=scatter seconds=402.561 eta_seconds=620.987 bootstraps=302
node=3121/7910 op=add seconds=403.037 eta_seconds=618.438 bootstraps=302
node=3131/7910 op=mul seconds=403.746 eta_seconds=616.258 bootstraps=302
node=3141/7910 op=repeat seconds=404.013 eta_seconds=613.416 bootstraps=302
node=3151/7910 op=sum seconds=404.2 eta_seconds=610.469 bootstraps=302
node=3161/7910 op=scatter seconds=406.502 eta_seconds=610.717 bootstraps=304
node=3171/7910 op=gather seconds=408.582 eta_seconds=610.618 bootstraps=306
node=3181/7910 op=cheb seconds=412.102 eta_seconds=612.647 bootstraps=310
node=3191/7910 op=gather seconds=412.796 eta_seconds=610.463 bootstraps=310
node=3201/7910 op=repeat seconds=417.034 eta_seconds=613.5 bootstraps=314
node=3211/7910 op=addp seconds=417.459 eta_seconds=610.913 bootstraps=314
node=3221/7910 op=repeat seconds=417.723 eta_seconds=608.104 bootstraps=314
node=3231/7910 op=mul seconds=417.978 eta_seconds=605.299 bootstraps=314
node=3241/7910 op=scatter seconds=420.19 eta_seconds=605.328 bootstraps=316
node=3251/7910 op=mul seconds=420.812 eta_seconds=603.065 bootstraps=316
node=3261/7910 op=addp seconds=421.518 eta_seconds=600.931 bootstraps=316
node=3271/7910 op=mul seconds=421.675 eta_seconds=598.029 bootstraps=316
node=3281/7910 op=mul seconds=421.914 eta_seconds=595.257 bootstraps=316
node=3291/7910 op=mul seconds=424.238 eta_seconds=595.429 bootstraps=318
node=3301/7910 op=gather seconds=424.837 eta_seconds=593.176 bootstraps=318
node=3311/7910 op=addp seconds=426.835 eta_seconds=592.876 bootstraps=320
node=3321/7910 op=gather seconds=428.868 eta_seconds=592.615 bootstraps=322
node=3331/7910 op=cheb seconds=431.406 eta_seconds=593.037 bootstraps=324
node=3341/7910 op=mulp seconds=431.771 eta_seconds=590.47 bootstraps=324
node=3351/7910 op=cheb seconds=431.993 eta_seconds=587.722 bootstraps=324
node=3361/7910 op=mul seconds=434.02 eta_seconds=587.431 bootstraps=326
node=3371/7910 op=gather seconds=434.503 eta_seconds=585.052 bootstraps=326
node=3381/7910 op=mul seconds=435.223 eta_seconds=583 bootstraps=326
node=3391/7910 op=mulp seconds=435.936 eta_seconds=580.948 bootstraps=326
node=3401/7910 op=sum seconds=436.097 eta_seconds=578.172 bootstraps=326
node=3411/7910 op=add seconds=436.344 eta_seconds=575.524 bootstraps=326
node=3421/7910 op=add seconds=438.672 eta_seconds=575.62 bootstraps=328
node=3431/7910 op=linear_ref seconds=440.706 eta_seconds=575.32 bootstraps=330
node=3441/7910 op=mulp seconds=442.705 eta_seconds=574.964 bootstraps=332
node=3451/7910 op=gather seconds=444.725 eta_seconds=574.624 bootstraps=334
node=3461/7910 op=cheb seconds=448.973 eta_seconds=577.14 bootstraps=338
node=3471/7910 op=sum seconds=449.457 eta_seconds=574.802 bootstraps=338
node=3481/7910 op=addp seconds=449.673 eta_seconds=572.134 bootstraps=338
node=3491/7910 op=gather seconds=450.019 eta_seconds=569.646 bootstraps=338
node=3501/7910 op=add seconds=451.878 eta_seconds=569.075 bootstraps=340
node=3511/7910 op=add seconds=452.83 eta_seconds=567.359 bootstraps=340
node=3521/7910 op=add seconds=453.537 eta_seconds=565.344 bootstraps=340
node=3531/7910 op=mul seconds=453.565 eta_seconds=562.493 bootstraps=340
node=3541/7910 op=mul seconds=453.939 eta_seconds=560.085 bootstraps=340
node=3551/7910 op=linear_ref seconds=456.302 eta_seconds=560.13 bootstraps=342
node=3561/7910 op=mulp seconds=457.829 eta_seconds=559.14 bootstraps=344
node=3571/7910 op=sum seconds=460.367 eta_seconds=559.376 bootstraps=346
node=3581/7910 op=gather seconds=462.536 eta_seconds=559.151 bootstraps=348
node=3591/7910 op=cheb seconds=464.8 eta_seconds=559.028 bootstraps=350
node=3601/7910 op=mul seconds=465.437 eta_seconds=556.947 bootstraps=350
node=3611/7910 op=mulp seconds=465.628 eta_seconds=554.344 bootstraps=350
node=3621/7910 op=gather seconds=465.893 eta_seconds=551.84 bootstraps=350
node=3631/7910 op=scatter seconds=467.952 eta_seconds=551.464 bootstraps=352
node=3641/7910 op=mulp seconds=468.92 eta_seconds=549.799 bootstraps=352
node=3651/7910 op=scatter seconds=469.632 eta_seconds=547.84 bootstraps=352
node=3661/7910 op=mulp seconds=469.66 eta_seconds=545.093 bootstraps=352
node=3671/7910 op=repeat seconds=470.03 eta_seconds=542.757 bootstraps=352
node=3681/7910 op=mul seconds=470.272 eta_seconds=540.283 bootstraps=352
node=3691/7910 op=mul seconds=472.504 eta_seconds=540.096 bootstraps=354
node=3701/7910 op=scatter seconds=474.952 eta_seconds=540.144 bootstraps=356
node=3711/7910 op=gather seconds=477.139 eta_seconds=539.883 bootstraps=358
node=3721/7910 op=mul seconds=479.403 eta_seconds=539.698 bootstraps=360
node=3731/7910 op=cheb seconds=480.107 eta_seconds=537.756 bootstraps=360
node=3741/7910 op=sum seconds=480.302 eta_seconds=535.252 bootstraps=360
node=3751/7910 op=addp seconds=481.925 eta_seconds=534.345 bootstraps=362
node=3761/7910 op=scatter seconds=482.534 eta_seconds=532.314 bootstraps=362
node=3771/7910 op=mul seconds=483.59 eta_seconds=530.782 bootstraps=362
node=3781/7910 op=scatter seconds=484.153 eta_seconds=528.714 bootstraps=362
node=3791/7910 op=add seconds=484.322 eta_seconds=526.226 bootstraps=362
node=3801/7910 op=mul seconds=484.652 eta_seconds=523.924 bootstraps=362
node=3811/7910 op=cheb seconds=484.946 eta_seconds=521.593 bootstraps=362
node=3821/7910 op=repeat seconds=488.501 eta_seconds=522.764 bootstraps=366
node=3831/7910 op=mul seconds=491.058 eta_seconds=522.847 bootstraps=368
node=3841/7910 op=gather seconds=493.241 eta_seconds=522.52 bootstraps=370
node=3851/7910 op=cheb seconds=495.57 eta_seconds=522.336 bootstraps=372
node=3861/7910 op=cheb seconds=496.173 eta_seconds=520.333 bootstraps=372
node=3871/7910 op=mul seconds=497.865 eta_seconds=519.472 bootstraps=374
node=3881/7910 op=repeat seconds=499.44 eta_seconds=518.486 bootstraps=376
node=3891/7910 op=add seconds=499.934 eta_seconds=516.38 bootstraps=376
node=3901/7910 op=mul seconds=500.859 eta_seconds=514.725 bootstraps=376
node=3911/7910 op=gather seconds=502.855 eta_seconds=514.169 bootstraps=378
node=3921/7910 op=mul seconds=503.161 eta_seconds=511.887 bootstraps=378
node=3931/7910 op=sum seconds=503.485 eta_seconds=509.633 bootstraps=378
node=3941/7910 op=add seconds=503.659 eta_seconds=507.238 bootstraps=378
node=3951/7910 op=cheb seconds=505.903 eta_seconds=506.928 bootstraps=380
node=3961/7910 op=add seconds=508.367 eta_seconds=506.827 bootstraps=382
node=3971/7910 op=linear_ref seconds=510.546 eta_seconds=506.432 bootstraps=384
node=3981/7910 op=cheb seconds=510.655 eta_seconds=503.985 bootstraps=384
node=3991/7910 op=add seconds=516.065 eta_seconds=506.755 bootstraps=390
node=4001/7910 op=mulp seconds=517.753 eta_seconds=505.848 bootstraps=392
node=4011/7910 op=addp seconds=519.279 eta_seconds=504.779 bootstraps=394
node=4021/7910 op=mul seconds=519.769 eta_seconds=502.706 bootstraps=394
node=4031/7910 op=gather seconds=520.571 eta_seconds=500.942 bootstraps=394
node=4041/7910 op=add seconds=522.363 eta_seconds=500.13 bootstraps=396
node=4051/7910 op=mul seconds=522.887 eta_seconds=498.105 bootstraps=396
node=4061/7910 op=mul seconds=523.251 eta_seconds=495.935 bootstraps=396
node=4071/7910 op=mul seconds=523.695 eta_seconds=493.85 bootstraps=396
node=4081/7910 op=addp seconds=524.268 eta_seconds=491.894 bootstraps=396
node=4091/7910 op=linear_ref seconds=528.329 eta_seconds=493.202 bootstraps=400
node=4101/7910 op=mulp seconds=529.894 eta_seconds=492.164 bootstraps=402
node=4111/7910 op=addp seconds=530.56 eta_seconds=490.294 bootstraps=402
node=4121/7910 op=mulp seconds=535.752 eta_seconds=492.59 bootstraps=406
node=4131/7910 op=mul seconds=536.058 eta_seconds=490.381 bootstraps=406
node=4141/7910 op=repeat seconds=536.274 eta_seconds=488.098 bootstraps=406
node=4151/7910 op=mul seconds=538.014 eta_seconds=487.206 bootstraps=408
node=4161/7910 op=gather seconds=539.106 eta_seconds=485.727 bootstraps=408
node=4171/7910 op=scatter seconds=539.601 eta_seconds=483.713 bootstraps=408
node=4181/7910 op=mul seconds=540.056 eta_seconds=481.672 bootstraps=408
node=4191/7910 op=add seconds=540.319 eta_seconds=479.467 bootstraps=408
node=4201/7910 op=repeat seconds=540.557 eta_seconds=477.25 bootstraps=408
node=4211/7910 op=mulp seconds=542.878 eta_seconds=476.871 bootstraps=410
node=4221/7910 op=mul seconds=544.994 eta_seconds=476.305 bootstraps=412
node=4231/7910 op=mul seconds=547.002 eta_seconds=475.637 bootstraps=414
node=4241/7910 op=gather seconds=547.667 eta_seconds=473.801 bootstraps=414
node=4251/7910 op=mul seconds=550.484 eta_seconds=473.823 bootstraps=416
node=4261/7910 op=repeat seconds=550.745 eta_seconds=471.643 bootstraps=416
node=4271/7910 op=mulp seconds=550.871 eta_seconds=469.356 bootstraps=416
node=4281/7910 op=add seconds=552.733 eta_seconds=468.551 bootstraps=418
node=4291/7910 op=add seconds=553.566 eta_seconds=466.874 bootstraps=418
node=4301/7910 op=scatter seconds=554.172 eta_seconds=465.009 bootstraps=418
node=4311/7910 op=mul seconds=554.755 eta_seconds=463.132 bootstraps=418
node=4321/7910 op=mul seconds=555.021 eta_seconds=460.997 bootstraps=418
node=4331/7910 op=mul seconds=555.207 eta_seconds=458.805 bootstraps=418
node=4341/7910 op=sum seconds=557.51 eta_seconds=458.363 bootstraps=420
node=4351/7910 op=cheb seconds=559.64 eta_seconds=457.77 bootstraps=422
node=4361/7910 op=repeat seconds=561.646 eta_seconds=457.07 bootstraps=424
node=4371/7910 op=gather seconds=562.306 eta_seconds=455.274 bootstraps=424
node=4381/7910 op=repeat seconds=565.076 eta_seconds=455.182 bootstraps=426
node=4391/7910 op=cheb seconds=565.342 eta_seconds=453.072 bootstraps=426
node=4401/7910 op=mul seconds=565.476 eta_seconds=450.865 bootstraps=426
node=4411/7910 op=mulp seconds=565.729 eta_seconds=448.761 bootstraps=426
node=4421/7910 op=scatter seconds=568.187 eta_seconds=448.406 bootstraps=428
node=4431/7910 op=add seconds=568.667 eta_seconds=446.489 bootstraps=428
node=4441/7910 op=mul seconds=569.374 eta_seconds=444.755 bootstraps=428
node=4451/7910 op=repeat seconds=569.641 eta_seconds=442.684 bootstraps=428
node=4461/7910 op=sum seconds=569.828 eta_seconds=440.559 bootstraps=428
node=4471/7910 op=scatter seconds=573.418 eta_seconds=441.061 bootstraps=432
node=4481/7910 op=gather seconds=574.12 eta_seconds=439.334 bootstraps=432
node=4491/7910 op=cheb seconds=577.744 eta_seconds=439.836 bootstraps=436
client_token=279 logit_margin=2.90221
node=4501/7910 op=cheb seconds=578.411 eta_seconds=438.081 bootstraps=436
node=4511/7910 op=gather seconds=580.226 eta_seconds=437.196 bootstraps=436
node=4521/7910 op=repeat seconds=583.794 eta_seconds=437.62 bootstraps=438
node=4531/7910 op=addp seconds=584.503 eta_seconds=435.894 bootstraps=438
node=4541/7910 op=repeat seconds=585.13 eta_seconds=434.112 bootstraps=438
node=4551/7910 op=mul seconds=585.577 eta_seconds=432.203 bootstraps=438
node=4561/7910 op=scatter seconds=586.017 eta_seconds=430.294 bootstraps=438
node=4571/7910 op=mul seconds=586.533 eta_seconds=428.448 bootstraps=438
node=4581/7910 op=addp seconds=587.099 eta_seconds=426.643 bootstraps=438
node=4591/7910 op=sum seconds=587.239 eta_seconds=424.536 bootstraps=438
node=4601/7910 op=add seconds=589.415 eta_seconds=423.902 bootstraps=440
node=4611/7910 op=repeat seconds=589.934 eta_seconds=422.076 bootstraps=440
node=4621/7910 op=mulp seconds=590.719 eta_seconds=420.445 bootstraps=440
node=4631/7910 op=mul seconds=594.351 eta_seconds=420.833 bootstraps=444
node=4641/7910 op=mul seconds=596.393 eta_seconds=420.083 bootstraps=446
node=4651/7910 op=gather seconds=596.943 eta_seconds=418.284 bootstraps=446
node=4661/7910 op=mul seconds=599.67 eta_seconds=418.007 bootstraps=448
node=4671/7910 op=repeat seconds=599.992 eta_seconds=416.051 bootstraps=448
node=4681/7910 op=mulp seconds=600.149 eta_seconds=413.989 bootstraps=448
node=4691/7910 op=add seconds=601.996 eta_seconds=413.094 bootstraps=450
node=4701/7910 op=add seconds=602.837 eta_seconds=411.509 bootstraps=450
node=4711/7910 op=scatter seconds=603.447 eta_seconds=409.77 bootstraps=450
node=4721/7910 op=mul seconds=604.033 eta_seconds=408.02 bootstraps=450
node=4731/7910 op=repeat seconds=604.302 eta_seconds=406.061 bootstraps=450
node=4741/7910 op=sum seconds=604.49 eta_seconds=404.056 bootstraps=450
node=4751/7910 op=add seconds=604.666 eta_seconds=402.05 bootstraps=450
node=4761/7910 op=cheb seconds=608.451 eta_seconds=402.439 bootstraps=454
node=4771/7910 op=add seconds=610.994 eta_seconds=401.994 bootstraps=456
node=4781/7910 op=linear_ref seconds=613.181 eta_seconds=401.306 bootstraps=458
node=4791/7910 op=cheb seconds=613.267 eta_seconds=399.244 bootstraps=458
node=4801/7910 op=add seconds=617.712 eta_seconds=400.014 bootstraps=462
node=4811/7910 op=mulp seconds=617.991 eta_seconds=398.078 bootstraps=462
node=4821/7910 op=addp seconds=618.162 eta_seconds=396.08 bootstraps=462
node=4831/7910 op=mul seconds=618.403 eta_seconds=394.134 bootstraps=462
node=4841/7910 op=gather seconds=621.277 eta_seconds=393.865 bootstraps=464
node=4851/7910 op=add seconds=621.557 eta_seconds=391.949 bootstraps=464
node=4861/7910 op=mul seconds=622.02 eta_seconds=390.154 bootstraps=464
node=4871/7910 op=add seconds=622.283 eta_seconds=388.24 bootstraps=464
node=4881/7910 op=repeat seconds=622.52 eta_seconds=386.317 bootstraps=464
node=4891/7910 op=mul seconds=622.767 eta_seconds=384.407 bootstraps=464
node=4901/7910 op=mul seconds=625.054 eta_seconds=383.756 bootstraps=466
node=4911/7910 op=scatter seconds=627.465 eta_seconds=383.174 bootstraps=468
node=4921/7910 op=gather seconds=629.496 eta_seconds=382.354 bootstraps=470
node=4931/7910 op=mul seconds=631.786 eta_seconds=381.685 bootstraps=472
node=4941/7910 op=cheb seconds=632.371 eta_seconds=379.986 bootstraps=472
node=4951/7910 op=sum seconds=632.563 eta_seconds=378.056 bootstraps=472
node=4961/7910 op=addp seconds=632.682 eta_seconds=376.09 bootstraps=472
node=4971/7910 op=scatter seconds=634.687 eta_seconds=375.246 bootstraps=474
node=4981/7910 op=mul seconds=635.836 eta_seconds=373.894 bootstraps=474
node=4991/7910 op=scatter seconds=636.399 eta_seconds=372.2 bootstraps=474
node=5001/7910 op=mul seconds=636.57 eta_seconds=370.283 bootstraps=474
node=5011/7910 op=sum seconds=636.894 eta_seconds=368.461 bootstraps=474
node=5021/7910 op=add seconds=637.07 eta_seconds=366.559 bootstraps=474
node=5031/7910 op=add seconds=639.429 eta_seconds=365.915 bootstraps=476
node=5041/7910 op=linear_ref seconds=641.456 eta_seconds=365.074 bootstraps=478
node=5051/7910 op=mulp seconds=643.444 eta_seconds=364.206 bootstraps=480
node=5061/7910 op=gather seconds=645.469 eta_seconds=363.355 bootstraps=482
node=5071/7910 op=cheb seconds=649.736 eta_seconds=363.755 bootstraps=486
node=5081/7910 op=sum seconds=650.18 eta_seconds=362.007 bootstraps=486
node=5091/7910 op=addp seconds=650.393 eta_seconds=360.137 bootstraps=486
node=5101/7910 op=gather seconds=650.738 eta_seconds=358.346 bootstraps=486
node=5111/7910 op=add seconds=652.609 eta_seconds=357.397 bootstraps=488
node=5121/7910 op=add seconds=653.563 eta_seconds=355.944 bootstraps=488
node=5131/7910 op=add seconds=654.274 eta_seconds=354.361 bootstraps=488
node=5141/7910 op=mulp seconds=654.303 eta_seconds=352.415 bootstraps=488
node=5151/7910 op=repeat seconds=654.676 eta_seconds=350.66 bootstraps=488
node=5161/7910 op=sum seconds=654.861 eta_seconds=348.811 bootstraps=488
node=5171/7910 op=scatter seconds=657.162 eta_seconds=348.089 bootstraps=490
node=5181/7910 op=gather seconds=659.192 eta_seconds=347.218 bootstraps=492
node=5191/7910 op=cheb seconds=662.712 eta_seconds=347.122 bootstraps=496
node=5201/7910 op=gather seconds=663.409 eta_seconds=345.544 bootstraps=496
node=5211/7910 op=repeat seconds=665.925 eta_seconds=344.911 bootstraps=498
node=5221/7910 op=addp seconds=666.339 eta_seconds=343.188 bootstraps=498
node=5231/7910 op=repeat seconds=666.601 eta_seconds=341.392 bootstraps=498
node=5241/7910 op=mul seconds=666.857 eta_seconds=339.599 bootstraps=498
node=5251/7910 op=scatter seconds=669.199 eta_seconds=338.869 bootstraps=500
node=5261/7910 op=mul seconds=669.833 eta_seconds=337.272 bootstraps=500
node=5271/7910 op=addp seconds=670.538 eta_seconds=335.714 bootstraps=500
node=5281/7910 op=sum seconds=670.697 eta_seconds=333.888 bootstraps=500
node=5291/7910 op=add seconds=670.937 eta_seconds=332.108 bootstraps=500
node=5301/7910 op=repeat seconds=671.173 eta_seconds=330.332 bootstraps=500
node=5311/7910 op=mulp seconds=673.467 eta_seconds=329.569 bootstraps=502
node=5321/7910 op=mul seconds=675.58 eta_seconds=328.712 bootstraps=504
node=5331/7910 op=mul seconds=677.591 eta_seconds=327.801 bootstraps=506
node=5341/7910 op=gather seconds=678.257 eta_seconds=326.239 bootstraps=506
node=5351/7910 op=mul seconds=681.078 eta_seconds=325.711 bootstraps=508
node=5361/7910 op=repeat seconds=681.348 eta_seconds=323.961 bootstraps=508
node=5371/7910 op=mulp seconds=681.473 eta_seconds=322.149 bootstraps=508
node=5381/7910 op=add seconds=683.323 eta_seconds=321.153 bootstraps=510
node=5391/7910 op=add seconds=684.146 eta_seconds=319.674 bootstraps=510
node=5401/7910 op=scatter seconds=684.752 eta_seconds=318.097 bootstraps=510
node=5411/7910 op=mul seconds=685.335 eta_seconds=316.513 bootstraps=510
node=5421/7910 op=repeat seconds=685.603 eta_seconds=314.788 bootstraps=510
node=5431/7910 op=sum seconds=685.789 eta_seconds=313.031 bootstraps=510
node=5441/7910 op=add seconds=685.962 eta_seconds=311.274 bootstraps=510
node=5451/7910 op=cheb seconds=688.311 eta_seconds=310.504 bootstraps=512
node=5461/7910 op=add seconds=690.825 eta_seconds=309.802 bootstraps=514
node=5471/7910 op=linear_ref seconds=693.009 eta_seconds=308.947 bootstraps=516
node=5481/7910 op=cheb seconds=693.102 eta_seconds=307.16 bootstraps=516
node=5491/7910 op=add seconds=695.883 eta_seconds=306.564 bootstraps=518
node=5501/7910 op=mulp seconds=697.609 eta_seconds=305.497 bootstraps=520
node=5511/7910 op=addp seconds=699.177 eta_seconds=304.36 bootstraps=522
node=5521/7910 op=mul seconds=699.678 eta_seconds=302.758 bootstraps=522
node=5531/7910 op=gather seconds=700.601 eta_seconds=301.343 bootstraps=522
node=5541/7910 op=add seconds=702.376 eta_seconds=300.294 bootstraps=524
node=5551/7910 op=mul seconds=702.897 eta_seconds=298.709 bootstraps=524
node=5561/7910 op=add seconds=703.168 eta_seconds=297.022 bootstraps=524
node=5571/7910 op=repeat seconds=703.405 eta_seconds=295.327 bootstraps=524
node=5581/7910 op=mul seconds=704.952 eta_seconds=294.183 bootstraps=526
node=5591/7910 op=mul seconds=705.795 eta_seconds=292.745 bootstraps=526
node=5601/7910 op=scatter seconds=708.246 eta_seconds=291.973 bootstraps=528
node=5611/7910 op=gather seconds=710.425 eta_seconds=291.083 bootstraps=530
node=5621/7910 op=mul seconds=712.788 eta_seconds=290.264 bootstraps=532
node=5631/7910 op=cheb seconds=716.156 eta_seconds=289.845 bootstraps=536
node=5641/7910 op=sum seconds=717.676 eta_seconds=288.673 bootstraps=538
node=5651/7910 op=addp seconds=719.208 eta_seconds=287.505 bootstraps=540
node=5661/7910 op=scatter seconds=719.771 eta_seconds=285.95 bootstraps=540
node=5671/7910 op=mul seconds=720.491 eta_seconds=284.461 bootstraps=540
node=5681/7910 op=scatter seconds=722.648 eta_seconds=283.538 bootstraps=542
node=5691/7910 op=mul seconds=722.827 eta_seconds=281.84 bootstraps=542
node=5701/7910 op=sum seconds=723.282 eta_seconds=280.254 bootstraps=542
node=5711/7910 op=add seconds=723.697 eta_seconds=278.657 bootstraps=542
node=5721/7910 op=add seconds=724.403 eta_seconds=277.175 bootstraps=542
node=5731/7910 op=linear_ref seconds=726.544 eta_seconds=276.241 bootstraps=544
node=5741/7910 op=mulp seconds=728.595 eta_seconds=275.269 bootstraps=546
node=5751/7910 op=gather seconds=730.783 eta_seconds=274.345 bootstraps=548
node=5761/7910 op=cheb seconds=735.659 eta_seconds=274.42 bootstraps=552
node=5771/7910 op=sum seconds=736.166 eta_seconds=272.857 bootstraps=552
node=5781/7910 op=addp seconds=736.382 eta_seconds=271.191 bootstraps=552
node=5791/7910 op=gather seconds=736.773 eta_seconds=269.595 bootstraps=552
node=5801/7910 op=add seconds=738.633 eta_seconds=268.536 bootstraps=554
node=5811/7910 op=add seconds=739.583 eta_seconds=267.146 bootstraps=554
node=5821/7910 op=add seconds=740.294 eta_seconds=265.671 bootstraps=554
node=5831/7910 op=mulp seconds=740.322 eta_seconds=263.956 bootstraps=554
node=5841/7910 op=repeat seconds=740.708 eta_seconds=262.374 bootstraps=554
node=5851/7910 op=sum seconds=740.895 eta_seconds=260.725 bootstraps=554
node=5861/7910 op=scatter seconds=743.277 eta_seconds=259.849 bootstraps=556
node=5871/7910 op=gather seconds=743.886 eta_seconds=258.352 bootstraps=556
node=5881/7910 op=cheb seconds=747.413 eta_seconds=257.864 bootstraps=560
node=5891/7910 op=gather seconds=748.109 eta_seconds=256.397 bootstraps=560
node=5901/7910 op=repeat seconds=750.686 eta_seconds=255.572 bootstraps=562
node=5911/7910 op=addp seconds=751.097 eta_seconds=254.008 bootstraps=562
node=5921/7910 op=repeat seconds=751.328 eta_seconds=252.388 bootstraps=562
node=5931/7910 op=mul seconds=753.185 eta_seconds=251.316 bootstraps=564
node=5941/7910 op=scatter seconds=753.863 eta_seconds=249.85 bootstraps=564
node=5951/7910 op=mul seconds=754.49 eta_seconds=248.369 bootstraps=564
node=5961/7910 op=addp seconds=755.194 eta_seconds=246.917 bootstraps=564
node=5971/7910 op=sum seconds=755.353 eta_seconds=245.291 bootstraps=564
node=5981/7910 op=add seconds=755.592 eta_seconds=243.695 bootstraps=564
node=5991/7910 op=repeat seconds=755.826 eta_seconds=242.102 bootstraps=564
node=6001/7910 op=mulp seconds=758.131 eta_seconds=241.172 bootstraps=566
node=6011/7910 op=mul seconds=760.255 eta_seconds=240.18 bootstraps=568
node=6021/7910 op=mul seconds=762.259 eta_seconds=239.148 bootstraps=570
node=6031/7910 op=gather seconds=762.934 eta_seconds=237.697 bootstraps=570
node=6041/7910 op=mul seconds=765.686 eta_seconds=236.892 bootstraps=572
node=6051/7910 op=repeat seconds=765.964 eta_seconds=235.321 bootstraps=572
node=6061/7910 op=mulp seconds=766.092 eta_seconds=233.708 bootstraps=572
node=6071/7910 op=add seconds=766.343 eta_seconds=232.137 bootstraps=572
node=6081/7910 op=add seconds=768.788 eta_seconds=231.231 bootstraps=574
node=6091/7910 op=scatter seconds=769.393 eta_seconds=229.77 bootstraps=574
node=6101/7910 op=mul seconds=769.976 eta_seconds=228.305 bootstraps=574
node=6111/7910 op=repeat seconds=770.249 eta_seconds=226.751 bootstraps=574
node=6121/7910 op=sum seconds=770.438 eta_seconds=225.178 bootstraps=574
node=6131/7910 op=add seconds=770.612 eta_seconds=223.604 bootstraps=574
node=6141/7910 op=cheb seconds=774.333 eta_seconds=223.057 bootstraps=578
node=6151/7910 op=add seconds=776.981 eta_seconds=222.193 bootstraps=580
client_token=1614 logit_margin=0.201371
node=6161/7910 op=feedback seconds=778.776 eta_seconds=221.081 bootstraps=582
node=6171/7910 op=linear_ref seconds=780.876 eta_seconds=220.053 bootstraps=582
node=6181/7910 op=cheb seconds=781.233 eta_seconds=218.533 bootstraps=582
node=6191/7910 op=add seconds=783.535 eta_seconds=217.557 bootstraps=582
node=6201/7910 op=mulp seconds=784.224 eta_seconds=216.133 bootstraps=582
node=6211/7910 op=addp seconds=784.602 eta_seconds=214.626 bootstraps=582
node=6221/7910 op=mul seconds=785.015 eta_seconds=213.131 bootstraps=582
node=6231/7910 op=gather seconds=785.955 eta_seconds=211.783 bootstraps=582
node=6241/7910 op=add seconds=786.162 eta_seconds=210.239 bootstraps=582
node=6251/7910 op=mul seconds=786.546 eta_seconds=208.747 bootstraps=582
node=6261/7910 op=mul seconds=788.346 eta_seconds=207.632 bootstraps=584
node=6271/7910 op=mul seconds=788.871 eta_seconds=206.181 bootstraps=584
node=6281/7910 op=mul seconds=789.14 eta_seconds=204.666 bootstraps=584
node=6291/7910 op=mul seconds=790 eta_seconds=203.308 bootstraps=584
node=6301/7910 op=gather seconds=792.129 eta_seconds=202.275 bootstraps=586
node=6311/7910 op=addp seconds=794.13 eta_seconds=201.206 bootstraps=588
node=6321/7910 op=gather seconds=796.208 eta_seconds=200.154 bootstraps=590
node=6331/7910 op=cheb seconds=798.75 eta_seconds=199.214 bootstraps=592
node=6341/7910 op=mulp seconds=799.114 eta_seconds=197.731 bootstraps=592
node=6351/7910 op=cheb seconds=799.419 eta_seconds=196.236 bootstraps=592
node=6361/7910 op=mul seconds=801.27 eta_seconds=195.122 bootstraps=594
node=6371/7910 op=gather seconds=801.83 eta_seconds=193.693 bootstraps=594
node=6381/7910 op=mul seconds=802.578 eta_seconds=192.312 bootstraps=594
node=6391/7910 op=mulp seconds=803.291 eta_seconds=190.924 bootstraps=594
node=6401/7910 op=mulp seconds=803.326 eta_seconds=189.38 bootstraps=594
node=6411/7910 op=repeat seconds=803.702 eta_seconds=187.919 bootstraps=594
node=6421/7910 op=sum seconds=803.887 eta_seconds=186.418 bootstraps=594
node=6431/7910 op=add seconds=804.061 eta_seconds=184.918 bootstraps=594
node=6441/7910 op=cheb seconds=807.805 eta_seconds=184.236 bootstraps=598
node=6451/7910 op=add seconds=810.352 eta_seconds=183.274 bootstraps=600
node=6461/7910 op=linear_ref seconds=812.528 eta_seconds=182.225 bootstraps=602
node=6471/7910 op=cheb seconds=812.614 eta_seconds=180.706 bootstraps=602
node=6481/7910 op=add seconds=817.051 eta_seconds=180.152 bootstraps=606
node=6491/7910 op=mulp seconds=817.324 eta_seconds=178.675 bootstraps=606
node=6501/7910 op=addp seconds=817.492 eta_seconds=177.18 bootstraps=606
node=6511/7910 op=mul seconds=817.73 eta_seconds=175.703 bootstraps=606
node=6521/7910 op=gather seconds=820.529 eta_seconds=174.776 bootstraps=608
node=6531/7910 op=add seconds=820.807 eta_seconds=173.311 bootstraps=608
node=6541/7910 op=mul seconds=821.268 eta_seconds=171.887 bootstraps=608
node=6551/7910 op=mul seconds=821.532 eta_seconds=170.426 bootstraps=608
node=6561/7910 op=mul seconds=821.72 eta_seconds=168.953 bootstraps=608
node=6571/7910 op=mul seconds=821.893 eta_seconds=167.48 bootstraps=608
node=6581/7910 op=mul seconds=824.216 eta_seconds=166.446 bootstraps=610
node=6591/7910 op=gather seconds=824.813 eta_seconds=165.063 bootstraps=610
node=6601/7910 op=addp seconds=826.808 eta_seconds=163.959 bootstraps=612
node=6611/7910 op=gather seconds=828.84 eta_seconds=162.859 bootstraps=614
node=6621/7910 op=cheb seconds=831.368 eta_seconds=161.854 bootstraps=616
node=6631/7910 op=mulp seconds=831.733 eta_seconds=160.426 bootstraps=616
node=6641/7910 op=cheb seconds=831.955 eta_seconds=158.975 bootstraps=616
node=6651/7910 op=mul seconds=832.222 eta_seconds=157.535 bootstraps=616
node=6661/7910 op=gather seconds=834.377 eta_seconds=156.453 bootstraps=618
node=6671/7910 op=mul seconds=835.124 eta_seconds=155.107 bootstraps=618
node=6681/7910 op=mulp seconds=835.832 eta_seconds=153.755 bootstraps=618
node=6691/7910 op=mulp seconds=835.866 eta_seconds=152.282 bootstraps=618
node=6701/7910 op=repeat seconds=836.239 eta_seconds=150.875 bootstraps=618
node=6711/7910 op=sum seconds=836.422 eta_seconds=149.437 bootstraps=618
node=6721/7910 op=add seconds=836.599 eta_seconds=148.001 bootstraps=618
node=6731/7910 op=cheb seconds=840.271 eta_seconds=147.182 bootstraps=622
node=6741/7910 op=add seconds=842.8 eta_seconds=146.155 bootstraps=624
node=6751/7910 op=linear_ref seconds=844.829 eta_seconds=145.039 bootstraps=626
node=6761/7910 op=cheb seconds=846.657 eta_seconds=143.885 bootstraps=628
node=6771/7910 op=add seconds=849.41 eta_seconds=142.886 bootstraps=630
node=6781/7910 op=mulp seconds=849.722 eta_seconds=141.474 bootstraps=630
node=6791/7910 op=addp seconds=849.89 eta_seconds=140.042 bootstraps=630
node=6801/7910 op=mul seconds=851.636 eta_seconds=138.871 bootstraps=632
node=6811/7910 op=gather seconds=852.9 eta_seconds=137.621 bootstraps=632
node=6821/7910 op=add seconds=853.178 eta_seconds=136.213 bootstraps=632
node=6831/7910 op=mul seconds=853.639 eta_seconds=134.838 bootstraps=632
node=6841/7910 op=mul seconds=853.904 eta_seconds=133.434 bootstraps=632
node=6851/7910 op=mul seconds=854.091 eta_seconds=132.022 bootstraps=632
node=6861/7910 op=mul seconds=854.266 eta_seconds=130.611 bootstraps=632
node=6871/7910 op=mul seconds=856.582 eta_seconds=129.528 bootstraps=634
node=6881/7910 op=gather seconds=858.607 eta_seconds=128.398 bootstraps=636
node=6891/7910 op=addp seconds=860.645 eta_seconds=127.267 bootstraps=638
node=6901/7910 op=gather seconds=862.84 eta_seconds=126.156 bootstraps=640
node=6911/7910 op=cheb seconds=865.344 eta_seconds=125.087 bootstraps=642
node=6921/7910 op=mulp seconds=865.771 eta_seconds=123.717 bootstraps=642
node=6931/7910 op=cheb seconds=866.028 eta_seconds=122.326 bootstraps=642
node=6941/7910 op=mul seconds=866.293 eta_seconds=120.939 bootstraps=642
node=6951/7910 op=gather seconds=868.457 eta_seconds=119.817 bootstraps=644
node=6961/7910 op=mul seconds=869.202 eta_seconds=118.499 bootstraps=644
node=6971/7910 op=mulp seconds=869.908 eta_seconds=117.177 bootstraps=644
node=6981/7910 op=mulp seconds=869.942 eta_seconds=115.768 bootstraps=644
node=6991/7910 op=repeat seconds=870.314 eta_seconds=114.407 bootstraps=644
node=7001/7910 op=sum seconds=870.498 eta_seconds=113.024 bootstraps=644
node=7011/7910 op=add seconds=870.672 eta_seconds=111.644 bootstraps=644
node=7021/7910 op=cheb seconds=872.998 eta_seconds=110.539 bootstraps=646
node=7031/7910 op=add seconds=875.476 eta_seconds=109.45 bootstraps=648
node=7041/7910 op=linear_ref seconds=877.659 eta_seconds=108.321 bootstraps=650
node=7051/7910 op=cheb seconds=877.745 eta_seconds=106.933 bootstraps=650
node=7061/7910 op=add seconds=880.527 eta_seconds=105.873 bootstraps=652
node=7071/7910 op=mulp seconds=880.794 eta_seconds=104.509 bootstraps=652
node=7081/7910 op=addp seconds=880.93 eta_seconds=103.134 bootstraps=652
node=7091/7910 op=mul seconds=882.781 eta_seconds=101.96 bootstraps=654
node=7101/7910 op=gather seconds=884.044 eta_seconds=100.717 bootstraps=654
node=7111/7910 op=add seconds=884.323 eta_seconds=99.3636 bootstraps=654
node=7121/7910 op=mul seconds=884.786 eta_seconds=98.0334 bootstraps=654
node=7131/7910 op=mul seconds=885.05 eta_seconds=96.6841 bootstraps=654
node=7141/7910 op=mul seconds=885.235 eta_seconds=95.3292 bootstraps=654
node=7151/7910 op=mul seconds=885.407 eta_seconds=93.9762 bootstraps=654
node=7161/7910 op=mul seconds=887.716 eta_seconds=92.85 bootstraps=656
node=7171/7910 op=gather seconds=888.323 eta_seconds=91.5453 bootstraps=656
node=7181/7910 op=addp seconds=890.356 eta_seconds=90.3871 bootstraps=658
node=7191/7910 op=gather seconds=892.538 eta_seconds=89.2414 bootstraps=660
node=7201/7910 op=cheb seconds=895.102 eta_seconds=88.1304 bootstraps=662
node=7211/7910 op=mulp seconds=895.457 eta_seconds=86.8013 bootstraps=662
node=7221/7910 op=cheb seconds=898.599 eta_seconds=85.7408 bootstraps=666
node=7231/7910 op=mul seconds=899.137 eta_seconds=84.4301 bootstraps=666
node=7241/7910 op=gather seconds=899.615 eta_seconds=83.1159 bootstraps=666
node=7251/7910 op=mul seconds=900.075 eta_seconds=81.8024 bootstraps=666
node=7261/7910 op=mulp seconds=902.312 eta_seconds=80.6501 bootstraps=668
node=7271/7910 op=mulp seconds=902.356 eta_seconds=79.3021 bootstraps=668
node=7281/7910 op=repeat seconds=902.725 eta_seconds=77.9857 bootstraps=668
node=7291/7910 op=sum seconds=902.908 eta_seconds=76.6561 bootstraps=668
node=7301/7910 op=add seconds=903.079 eta_seconds=75.3288 bootstraps=668
node=7311/7910 op=cheb seconds=905.329 eta_seconds=74.1748 bootstraps=670
node=7321/7910 op=add seconds=907.804 eta_seconds=73.036 bootstraps=672
node=7331/7910 op=linear_ref seconds=909.981 eta_seconds=71.87 bootstraps=674
node=7341/7910 op=cheb seconds=910.09 eta_seconds=70.541 bootstraps=674
node=7351/7910 op=add seconds=915.522 eta_seconds=69.6201 bootstraps=680
node=7361/7910 op=mulp seconds=917.209 eta_seconds=68.4075 bootstraps=682
node=7371/7910 op=addp seconds=918.731 eta_seconds=67.1817 bootstraps=684
node=7381/7910 op=mul seconds=919.217 eta_seconds=65.8808 bootstraps=684
node=7391/7910 op=gather seconds=920.018 eta_seconds=64.6041 bootstraps=684
node=7401/7910 op=add seconds=921.817 eta_seconds=63.3975 bootstraps=686
node=7411/7910 op=mul seconds=922.36 eta_seconds=62.1047 bootstraps=686
node=7421/7910 op=mul seconds=922.707 eta_seconds=60.801 bootstraps=686
node=7431/7910 op=mul seconds=923.068 eta_seconds=59.5007 bootstraps=686
node=7441/7910 op=mul seconds=923.484 eta_seconds=58.2064 bootstraps=686
node=7451/7910 op=mul seconds=924.166 eta_seconds=56.9309 bootstraps=686
node=7461/7910 op=gather seconds=926.291 eta_seconds=55.7438 bootstraps=688
node=7471/7910 op=addp seconds=928.334 eta_seconds=54.5494 bootstraps=690
node=7481/7910 op=gather seconds=930.514 eta_seconds=53.3606 bootstraps=692
node=7491/7910 op=cheb seconds=935.557 eta_seconds=52.3292 bootstraps=696
node=7501/7910 op=mulp seconds=935.884 eta_seconds=51.0301 bootstraps=696
node=7511/7910 op=cheb seconds=936.24 eta_seconds=49.735 bootstraps=696
node=7521/7910 op=mul seconds=938.002 eta_seconds=48.5152 bootstraps=698
node=7531/7910 op=gather seconds=938.555 eta_seconds=47.2331 bootstraps=698
node=7541/7910 op=mul seconds=939.295 eta_seconds=45.962 bootstraps=698
node=7551/7910 op=mulp seconds=940.003 eta_seconds=44.6909 bootstraps=698
node=7561/7910 op=mulp seconds=940.034 eta_seconds=43.39 bootstraps=698
node=7571/7910 op=repeat seconds=940.402 eta_seconds=42.1076 bootstraps=698
node=7581/7910 op=sum seconds=940.586 eta_seconds=40.8195 bootstraps=698
node=7591/7910 op=add seconds=940.758 eta_seconds=39.5339 bootstraps=698
node=7601/7910 op=cheb seconds=943.164 eta_seconds=38.342 bootstraps=700
node=7611/7910 op=add seconds=945.641 eta_seconds=37.1497 bootstraps=702
node=7621/7910 op=linear_ref seconds=947.828 eta_seconds=35.9431 bootstraps=704
node=7631/7910 op=cheb seconds=947.915 eta_seconds=34.6571 bootstraps=704
node=7641/7910 op=add seconds=950.692 eta_seconds=33.4689 bootstraps=706
node=7651/7910 op=mulp seconds=950.956 eta_seconds=32.1916 bootstraps=706
node=7661/7910 op=addp seconds=951.092 eta_seconds=30.9126 bootstraps=706
node=7671/7910 op=mul seconds=952.939 eta_seconds=29.6901 bootstraps=708
node=7681/7910 op=gather seconds=954.2 eta_seconds=28.4484 bootstraps=708
node=7691/7910 op=add seconds=954.478 eta_seconds=27.1786 bootstraps=708
node=7701/7910 op=mul seconds=954.942 eta_seconds=25.9165 bootstraps=708
node=7711/7910 op=mul seconds=955.21 eta_seconds=24.6514 bootstraps=708
node=7721/7910 op=mul seconds=955.397 eta_seconds=23.3869 bootstraps=708
node=7731/7910 op=mul seconds=955.573 eta_seconds=22.1249 bootstraps=708
node=7741/7910 op=mul seconds=957.891 eta_seconds=20.9125 bootstraps=710
node=7751/7910 op=gather seconds=958.49 eta_seconds=19.662 bootstraps=710
node=7761/7910 op=addp seconds=960.519 eta_seconds=18.4406 bootstraps=712
node=7771/7910 op=gather seconds=962.705 eta_seconds=17.2199 bootstraps=714
node=7781/7910 op=cheb seconds=965.207 eta_seconds=16.002 bootstraps=716
node=7791/7910 op=mulp seconds=965.635 eta_seconds=14.7491 bootstraps=716
node=7801/7910 op=cheb seconds=965.857 eta_seconds=13.4955 bootstraps=716
node=7811/7910 op=mul seconds=966.124 eta_seconds=12.2451 bootstraps=716
node=7821/7910 op=gather seconds=968.282 eta_seconds=11.0187 bootstraps=718
node=7831/7910 op=mul seconds=969.027 eta_seconds=9.77566 bootstraps=718
node=7841/7910 op=mulp seconds=969.736 eta_seconds=8.53358 bootstraps=718
node=7851/7910 op=mulp seconds=969.771 eta_seconds=7.28779 bootstraps=718
node=7861/7910 op=repeat seconds=970.143 eta_seconds=6.04719 bootstraps=718
node=7871/7910 op=sum seconds=970.326 eta_seconds=4.80787 bootstraps=718
node=7881/7910 op=add seconds=970.5 eta_seconds=3.57118 bootstraps=718
node=7891/7910 op=cheb seconds=974.187 eta_seconds=2.34565 bootstraps=722
node=7901/7910 op=add seconds=976.834 eta_seconds=1.11271 bootstraps=724
node=7910/7910 op=mulp seconds=978.396 eta_seconds=0 bootstraps=726
client_token=315 logit_margin=0.674956
passed=1 polynomial_error=0.000104228 exact_error=0.00011972 eval_seconds=978.469
